[2025-10-01 19:21:10] 🚀 VPN Monitor started
[2025-10-01 19:21:10] No VPN processes found
[2025-10-01 19:21:10] Memory: 45.5% used (1379.0MB / 3031.2MB)
[2025-10-01 19:21:10] 😴 All VPN processes in sleep mode
[2025-10-01 19:21:10] ⏰ Next check in 60 seconds...
[2025-10-01 19:22:10] No VPN processes found
[2025-10-01 19:22:10] Memory: 45.3% used (1371.5MB / 3027.6MB)
[2025-10-01 19:22:10] 😴 All VPN processes in sleep mode
[2025-10-01 19:22:10] ⏰ Next check in 60 seconds...
[2025-10-01 19:23:11] No VPN processes found
[2025-10-01 19:23:11] Memory: 46.1% used (1405.1MB / 3047.5MB)
[2025-10-01 19:23:11] 😴 All VPN processes in sleep mode
[2025-10-01 19:23:11] ⏰ Next check in 60 seconds...
[2025-10-01 19:24:11] No VPN processes found
[2025-10-01 19:24:11] Memory: 45.6% used (1392.8MB / 3055.2MB)
[2025-10-01 19:24:11] 😴 All VPN processes in sleep mode
[2025-10-01 19:24:11] ⏰ Next check in 60 seconds...
[2025-10-01 19:25:11] No VPN processes found
[2025-10-01 19:25:11] Memory: 45.6% used (1392.5MB / 3055.0MB)
[2025-10-01 19:25:11] 😴 All VPN processes in sleep mode
[2025-10-01 19:25:11] ⏰ Next check in 60 seconds...
[2025-10-01 19:26:11] No VPN processes found
[2025-10-01 19:26:11] Memory: 45.8% used (1394.7MB / 3048.3MB)
[2025-10-01 19:26:11] 😴 All VPN processes in sleep mode
[2025-10-01 19:26:11] ⏰ Next check in 60 seconds...
[2025-10-01 19:27:11] No VPN processes found
[2025-10-01 19:27:11] Memory: 46.2% used (1409.3MB / 3052.4MB)
[2025-10-01 19:27:11] 😴 All VPN processes in sleep mode
[2025-10-01 19:27:11] ⏰ Next check in 60 seconds...
[2025-10-01 19:28:11] No VPN processes found
[2025-10-01 19:28:11] Memory: 46.2% used (1409.9MB / 3051.4MB)
[2025-10-01 19:28:11] 😴 All VPN processes in sleep mode
[2025-10-01 19:28:11] ⏰ Next check in 60 seconds...
[2025-10-01 19:29:11] No VPN processes found
[2025-10-01 19:29:11] Memory: 46.1% used (1406.9MB / 3053.2MB)
[2025-10-01 19:29:11] 😴 All VPN processes in sleep mode
[2025-10-01 19:29:11] ⏰ Next check in 60 seconds...
[2025-10-01 19:30:11] No VPN processes found
[2025-10-01 19:30:11] Memory: 46.9% used (1432.3MB / 3051.9MB)
[2025-10-01 19:30:11] 😴 All VPN processes in sleep mode
[2025-10-01 19:30:11] ⏰ Next check in 60 seconds...
[2025-10-01 19:31:11] No VPN processes found
[2025-10-01 19:31:11] Memory: 47.6% used (1454.3MB / 3054.2MB)
[2025-10-01 19:31:11] 😴 All VPN processes in sleep mode
[2025-10-01 19:31:11] ⏰ Next check in 60 seconds...
[2025-10-01 19:32:11] No VPN processes found
[2025-10-01 19:32:11] Memory: 47.6% used (1452.0MB / 3052.0MB)
[2025-10-01 19:32:11] 😴 All VPN processes in sleep mode
[2025-10-01 19:32:11] ⏰ Next check in 60 seconds...
[2025-10-01 19:33:11] No VPN processes found
[2025-10-01 19:33:11] Memory: 47.7% used (1457.1MB / 3052.8MB)
[2025-10-01 19:33:11] 😴 All VPN processes in sleep mode
[2025-10-01 19:33:11] ⏰ Next check in 60 seconds...
[2025-10-01 19:34:11] No VPN processes found
[2025-10-01 19:34:11] Memory: 48.7% used (1484.2MB / 3045.3MB)
[2025-10-01 19:34:11] 😴 All VPN processes in sleep mode
[2025-10-01 19:34:11] ⏰ Next check in 60 seconds...
[2025-10-01 19:35:11] No VPN processes found
[2025-10-01 19:35:11] Memory: 48.3% used (1470.5MB / 3045.7MB)
[2025-10-01 19:35:11] 😴 All VPN processes in sleep mode
[2025-10-01 19:35:11] ⏰ Next check in 60 seconds...
[2025-10-01 19:36:11] No VPN processes found
[2025-10-01 19:36:11] Memory: 49.0% used (1494.4MB / 3051.3MB)
[2025-10-01 19:36:11] 😴 All VPN processes in sleep mode
[2025-10-01 19:36:11] ⏰ Next check in 60 seconds...
[2025-10-01 19:37:12] No VPN processes found
[2025-10-01 19:37:12] Memory: 48.8% used (1488.6MB / 3051.7MB)
[2025-10-01 19:37:12] 😴 All VPN processes in sleep mode
[2025-10-01 19:37:12] ⏰ Next check in 60 seconds...
[2025-10-01 19:38:12] No VPN processes found
[2025-10-01 19:38:12] Memory: 49.4% used (1506.8MB / 3047.3MB)
[2025-10-01 19:38:12] 😴 All VPN processes in sleep mode
[2025-10-01 19:38:12] ⏰ Next check in 60 seconds...
[2025-10-01 19:39:12] No VPN processes found
[2025-10-01 19:39:12] Memory: 49.3% used (1502.8MB / 3045.8MB)
[2025-10-01 19:39:12] 😴 All VPN processes in sleep mode
[2025-10-01 19:39:12] ⏰ Next check in 60 seconds...
[2025-10-01 19:40:12] No VPN processes found
[2025-10-01 19:40:12] Memory: 50.1% used (1530.4MB / 3052.4MB)
[2025-10-01 19:40:12] 😴 All VPN processes in sleep mode
[2025-10-01 19:40:12] ⏰ Next check in 60 seconds...
[2025-10-01 19:41:12] No VPN processes found
[2025-10-01 19:41:12] Memory: 49.8% used (1514.9MB / 3039.0MB)
[2025-10-01 19:41:12] 😴 All VPN processes in sleep mode
[2025-10-01 19:41:12] ⏰ Next check in 60 seconds...
[2025-10-01 19:42:12] No VPN processes found
[2025-10-01 19:42:12] Memory: 49.5% used (1508.3MB / 3044.8MB)
[2025-10-01 19:42:12] 😴 All VPN processes in sleep mode
[2025-10-01 19:42:12] ⏰ Next check in 60 seconds...
[2025-10-01 19:43:12] No VPN processes found
[2025-10-01 19:43:12] Memory: 49.7% used (1511.2MB / 3043.3MB)
[2025-10-01 19:43:12] 😴 All VPN processes in sleep mode
[2025-10-01 19:43:12] ⏰ Next check in 60 seconds...
[2025-10-01 19:44:12] No VPN processes found
[2025-10-01 19:44:12] Memory: 49.9% used (1543.6MB / 3093.9MB)
[2025-10-01 19:44:12] 😴 All VPN processes in sleep mode
[2025-10-01 19:44:12] ⏰ Next check in 60 seconds...
[2025-10-01 19:45:12] No VPN processes found
[2025-10-01 19:45:12] Memory: 49.4% used (1547.7MB / 3134.8MB)
[2025-10-01 19:45:12] 😴 All VPN processes in sleep mode
[2025-10-01 19:45:12] ⏰ Next check in 60 seconds...
[2025-10-01 19:46:12] No VPN processes found
[2025-10-01 19:46:12] Memory: 49.0% used (1510.3MB / 3084.9MB)
[2025-10-01 19:46:12] 😴 All VPN processes in sleep mode
[2025-10-01 19:46:12] ⏰ Next check in 60 seconds...
[2025-10-01 19:47:12] No VPN processes found
[2025-10-01 19:47:12] Memory: 49.7% used (1538.0MB / 3096.0MB)
[2025-10-01 19:47:12] 😴 All VPN processes in sleep mode
[2025-10-01 19:47:12] ⏰ Next check in 60 seconds...
[2025-10-01 19:48:12] No VPN processes found
[2025-10-01 19:48:12] Memory: 49.5% used (1531.8MB / 3092.5MB)
[2025-10-01 19:48:12] 😴 All VPN processes in sleep mode
[2025-10-01 19:48:12] ⏰ Next check in 60 seconds...
[2025-10-01 19:49:12] No VPN processes found
[2025-10-01 19:49:12] Memory: 49.7% used (1540.8MB / 3100.3MB)
[2025-10-01 19:49:12] 😴 All VPN processes in sleep mode
[2025-10-01 19:49:12] ⏰ Next check in 60 seconds...
[2025-10-01 19:50:12] No VPN processes found
[2025-10-01 19:50:12] Memory: 49.8% used (1544.2MB / 3099.2MB)
[2025-10-01 19:50:12] 😴 All VPN processes in sleep mode
[2025-10-01 19:50:12] ⏰ Next check in 60 seconds...
[2025-10-01 19:51:12] No VPN processes found
[2025-10-01 19:51:12] Memory: 50.3% used (1554.2MB / 3090.7MB)
[2025-10-01 19:51:12] 😴 All VPN processes in sleep mode
[2025-10-01 19:51:12] ⏰ Next check in 60 seconds...
[2025-10-01 19:52:13] No VPN processes found
[2025-10-01 19:52:13] Memory: 50.1% used (1548.5MB / 3091.3MB)
[2025-10-01 19:52:13] 😴 All VPN processes in sleep mode
[2025-10-01 19:52:13] ⏰ Next check in 60 seconds...
[2025-10-01 19:53:13] No VPN processes found
[2025-10-01 19:53:13] Memory: 50.8% used (1563.5MB / 3080.8MB)
[2025-10-01 19:53:13] 😴 All VPN processes in sleep mode
[2025-10-01 19:53:13] ⏰ Next check in 60 seconds...
[2025-10-01 19:54:13] No VPN processes found
[2025-10-01 19:54:13] Memory: 50.4% used (1558.0MB / 3092.0MB)
[2025-10-01 19:54:13] 😴 All VPN processes in sleep mode
[2025-10-01 19:54:13] ⏰ Next check in 60 seconds...
[2025-10-01 19:55:13] No VPN processes found
[2025-10-01 19:55:13] Memory: 50.6% used (1565.1MB / 3092.6MB)
[2025-10-01 19:55:13] 😴 All VPN processes in sleep mode
[2025-10-01 19:55:13] ⏰ Next check in 60 seconds...
[2025-10-01 19:56:13] No VPN processes found
[2025-10-01 19:56:13] Memory: 50.6% used (1565.0MB / 3092.1MB)
[2025-10-01 19:56:13] 😴 All VPN processes in sleep mode
[2025-10-01 19:56:13] ⏰ Next check in 60 seconds...
[2025-10-01 19:57:13] No VPN processes found
[2025-10-01 19:57:13] Memory: 50.5% used (1566.2MB / 3098.9MB)
[2025-10-01 19:57:13] 😴 All VPN processes in sleep mode
[2025-10-01 19:57:13] ⏰ Next check in 60 seconds...
[2025-10-01 19:58:13] No VPN processes found
[2025-10-01 19:58:13] Memory: 50.5% used (1562.3MB / 3092.3MB)
[2025-10-01 19:58:13] 😴 All VPN processes in sleep mode
[2025-10-01 19:58:13] ⏰ Next check in 60 seconds...
[2025-10-01 19:59:13] No VPN processes found
[2025-10-01 19:59:13] Memory: 50.1% used (1548.2MB / 3089.2MB)
[2025-10-01 19:59:13] 😴 All VPN processes in sleep mode
[2025-10-01 19:59:13] ⏰ Next check in 60 seconds...
[2025-10-01 20:00:13] No VPN processes found
[2025-10-01 20:00:13] Memory: 49.1% used (1538.4MB / 3136.0MB)
[2025-10-01 20:00:13] 😴 All VPN processes in sleep mode
[2025-10-01 20:00:13] ⏰ Next check in 60 seconds...
[2025-10-01 20:01:13] No VPN processes found
[2025-10-01 20:01:13] Memory: 48.3% used (1517.7MB / 3143.4MB)
[2025-10-01 20:01:13] 😴 All VPN processes in sleep mode
[2025-10-01 20:01:13] ⏰ Next check in 60 seconds...
[2025-10-01 20:02:13] No VPN processes found
[2025-10-01 20:02:13] Memory: 48.6% used (1526.9MB / 3140.9MB)
[2025-10-01 20:02:13] 😴 All VPN processes in sleep mode
[2025-10-01 20:02:13] ⏰ Next check in 60 seconds...
[2025-10-01 20:03:13] No VPN processes found
[2025-10-01 20:03:13] Memory: 48.8% used (1530.1MB / 3133.2MB)
[2025-10-01 20:03:13] 😴 All VPN processes in sleep mode
[2025-10-01 20:03:13] ⏰ Next check in 60 seconds...
[2025-10-01 20:04:13] No VPN processes found
[2025-10-01 20:04:13] Memory: 48.1% used (1510.0MB / 3140.9MB)
[2025-10-01 20:04:13] 😴 All VPN processes in sleep mode
[2025-10-01 20:04:13] ⏰ Next check in 60 seconds...
[2025-10-01 20:05:14] No VPN processes found
[2025-10-01 20:05:14] Memory: 49.6% used (1556.9MB / 3140.9MB)
[2025-10-01 20:05:14] 😴 All VPN processes in sleep mode
[2025-10-01 20:05:14] ⏰ Next check in 60 seconds...
[2025-10-01 20:06:14] No VPN processes found
[2025-10-01 20:06:14] Memory: 49.3% used (1550.3MB / 3142.3MB)
[2025-10-01 20:06:14] 😴 All VPN processes in sleep mode
[2025-10-01 20:06:14] ⏰ Next check in 60 seconds...
[2025-10-01 20:07:14] No VPN processes found
[2025-10-01 20:07:14] Memory: 49.8% used (1564.7MB / 3141.8MB)
[2025-10-01 20:07:14] 😴 All VPN processes in sleep mode
[2025-10-01 20:07:14] ⏰ Next check in 60 seconds...
[2025-10-01 20:08:14] No VPN processes found
[2025-10-01 20:08:14] Memory: 49.8% used (1560.8MB / 3133.9MB)
[2025-10-01 20:08:14] 😴 All VPN processes in sleep mode
[2025-10-01 20:08:14] ⏰ Next check in 60 seconds...
[2025-10-01 20:09:14] No VPN processes found
[2025-10-01 20:09:14] Memory: 50.4% used (1576.9MB / 3131.4MB)
[2025-10-01 20:09:14] 😴 All VPN processes in sleep mode
[2025-10-01 20:09:14] ⏰ Next check in 60 seconds...
[2025-10-01 20:10:14] No VPN processes found
[2025-10-01 20:10:14] Memory: 50.0% used (1563.7MB / 3129.7MB)
[2025-10-01 20:10:14] 😴 All VPN processes in sleep mode
[2025-10-01 20:10:14] ⏰ Next check in 60 seconds...
[2025-10-01 20:11:14] No VPN processes found
[2025-10-01 20:11:14] Memory: 49.7% used (1556.9MB / 3133.6MB)
[2025-10-01 20:11:14] 😴 All VPN processes in sleep mode
[2025-10-01 20:11:14] ⏰ Next check in 60 seconds...
[2025-10-01 20:12:14] No VPN processes found
[2025-10-01 20:12:14] Memory: 49.6% used (1558.7MB / 3143.2MB)
[2025-10-01 20:12:14] 😴 All VPN processes in sleep mode
[2025-10-01 20:12:14] ⏰ Next check in 60 seconds...
[2025-10-01 20:13:14] No VPN processes found
[2025-10-01 20:13:14] Memory: 49.5% used (1553.6MB / 3139.5MB)
[2025-10-01 20:13:14] 😴 All VPN processes in sleep mode
[2025-10-01 20:13:14] ⏰ Next check in 60 seconds...
[2025-10-01 20:14:14] No VPN processes found
[2025-10-01 20:14:14] Memory: 49.4% used (1550.6MB / 3139.5MB)
[2025-10-01 20:14:14] 😴 All VPN processes in sleep mode
[2025-10-01 20:14:14] ⏰ Next check in 60 seconds...
[2025-10-01 20:15:17] No VPN processes found
[2025-10-01 20:15:17] Memory: 49.4% used (1550.1MB / 3140.0MB)
[2025-10-01 20:15:17] 😴 All VPN processes in sleep mode
[2025-10-01 20:15:17] ⏰ Next check in 60 seconds...
[2025-10-01 20:16:17] No VPN processes found
[2025-10-01 20:16:17] Memory: 49.5% used (1553.8MB / 3139.5MB)
[2025-10-01 20:16:17] 😴 All VPN processes in sleep mode
[2025-10-01 20:16:17] ⏰ Next check in 60 seconds...
[2025-10-01 20:17:17] No VPN processes found
[2025-10-01 20:17:17] Memory: 49.8% used (1561.3MB / 3133.9MB)
[2025-10-01 20:17:17] 😴 All VPN processes in sleep mode
[2025-10-01 20:17:17] ⏰ Next check in 60 seconds...
[2025-10-01 20:18:17] No VPN processes found
[2025-10-01 20:18:17] Memory: 49.3% used (1545.8MB / 3133.3MB)
[2025-10-01 20:18:17] 😴 All VPN processes in sleep mode
[2025-10-01 20:18:17] ⏰ Next check in 60 seconds...
[2025-10-01 20:19:17] No VPN processes found
[2025-10-01 20:19:17] Memory: 49.3% used (1544.0MB / 3133.4MB)
[2025-10-01 20:19:17] 😴 All VPN processes in sleep mode
[2025-10-01 20:19:17] ⏰ Next check in 60 seconds...
[2025-10-01 20:20:17] No VPN processes found
[2025-10-01 20:20:17] Memory: 49.2% used (1540.2MB / 3132.9MB)
[2025-10-01 20:20:17] 😴 All VPN processes in sleep mode
[2025-10-01 20:20:17] ⏰ Next check in 60 seconds...
[2025-10-01 20:21:17] No VPN processes found
[2025-10-01 20:21:17] Memory: 49.4% used (1546.1MB / 3132.8MB)
[2025-10-01 20:21:17] 😴 All VPN processes in sleep mode
[2025-10-01 20:21:17] ⏰ Next check in 60 seconds...
[2025-10-01 20:22:17] No VPN processes found
[2025-10-01 20:22:17] Memory: 49.4% used (1547.2MB / 3132.7MB)
[2025-10-01 20:22:17] 😴 All VPN processes in sleep mode
[2025-10-01 20:22:17] ⏰ Next check in 60 seconds...
[2025-10-01 20:23:17] No VPN processes found
[2025-10-01 20:23:17] Memory: 48.9% used (1530.9MB / 3132.8MB)
[2025-10-01 20:23:17] 😴 All VPN processes in sleep mode
[2025-10-01 20:23:17] ⏰ Next check in 60 seconds...
[2025-10-01 20:24:17] No VPN processes found
[2025-10-01 20:24:17] Memory: 48.7% used (1525.2MB / 3132.6MB)
[2025-10-01 20:24:17] 😴 All VPN processes in sleep mode
[2025-10-01 20:24:17] ⏰ Next check in 60 seconds...
[2025-10-01 20:25:17] No VPN processes found
[2025-10-01 20:25:17] Memory: 48.4% used (1515.1MB / 3133.0MB)
[2025-10-01 20:25:17] 😴 All VPN processes in sleep mode
[2025-10-01 20:25:17] ⏰ Next check in 60 seconds...
[2025-10-01 20:26:17] No VPN processes found
[2025-10-01 20:26:17] Memory: 48.3% used (1513.7MB / 3133.0MB)
[2025-10-01 20:26:17] 😴 All VPN processes in sleep mode
[2025-10-01 20:26:17] ⏰ Next check in 60 seconds...
[2025-10-01 20:27:17] No VPN processes found
[2025-10-01 20:27:17] Memory: 48.9% used (1549.8MB / 3168.8MB)
[2025-10-01 20:27:17] 😴 All VPN processes in sleep mode
[2025-10-01 20:27:17] ⏰ Next check in 60 seconds...
[2025-10-01 20:28:17] No VPN processes found
[2025-10-01 20:28:17] Memory: 48.2% used (1512.5MB / 3135.1MB)
[2025-10-01 20:28:17] 😴 All VPN processes in sleep mode
[2025-10-01 20:28:17] ⏰ Next check in 60 seconds...
[2025-10-01 20:29:17] No VPN processes found
[2025-10-01 20:29:17] Memory: 48.2% used (1510.9MB / 3134.9MB)
[2025-10-01 20:29:17] 😴 All VPN processes in sleep mode
[2025-10-01 20:29:17] ⏰ Next check in 60 seconds...
[2025-10-01 20:30:18] No VPN processes found
[2025-10-01 20:30:18] Memory: 48.3% used (1512.6MB / 3134.8MB)
[2025-10-01 20:30:18] 😴 All VPN processes in sleep mode
[2025-10-01 20:30:18] ⏰ Next check in 60 seconds...
[2025-10-01 20:31:18] No VPN processes found
[2025-10-01 20:31:18] Memory: 48.3% used (1513.7MB / 3134.7MB)
[2025-10-01 20:31:18] 😴 All VPN processes in sleep mode
[2025-10-01 20:31:18] ⏰ Next check in 60 seconds...
[2025-10-01 20:32:18] No VPN processes found
[2025-10-01 20:32:18] Memory: 48.3% used (1513.9MB / 3134.7MB)
[2025-10-01 20:32:18] 😴 All VPN processes in sleep mode
[2025-10-01 20:32:18] ⏰ Next check in 60 seconds...
[2025-10-01 20:33:18] No VPN processes found
[2025-10-01 20:33:18] Memory: 47.5% used (1490.6MB / 3134.8MB)
[2025-10-01 20:33:18] 😴 All VPN processes in sleep mode
[2025-10-01 20:33:18] ⏰ Next check in 60 seconds...
[2025-10-01 20:34:18] No VPN processes found
[2025-10-01 20:34:18] Memory: 48.4% used (1518.1MB / 3134.4MB)
[2025-10-01 20:34:18] 😴 All VPN processes in sleep mode
[2025-10-01 20:34:18] ⏰ Next check in 60 seconds...
[2025-10-01 20:35:18] No VPN processes found
[2025-10-01 20:35:18] Memory: 48.3% used (1515.5MB / 3134.9MB)
[2025-10-01 20:35:18] 😴 All VPN processes in sleep mode
[2025-10-01 20:35:18] ⏰ Next check in 60 seconds...
[2025-10-01 20:36:18] No VPN processes found
[2025-10-01 20:36:18] Memory: 48.4% used (1512.6MB / 3127.9MB)
[2025-10-01 20:36:18] 😴 All VPN processes in sleep mode
[2025-10-01 20:36:18] ⏰ Next check in 60 seconds...
[2025-10-01 20:37:18] No VPN processes found
[2025-10-01 20:37:18] Memory: 48.3% used (1512.1MB / 3128.0MB)
[2025-10-01 20:37:18] 😴 All VPN processes in sleep mode
[2025-10-01 20:37:18] ⏰ Next check in 60 seconds...
[2025-10-01 20:38:18] No VPN processes found
[2025-10-01 20:38:18] Memory: 48.3% used (1511.6MB / 3127.6MB)
[2025-10-01 20:38:18] 😴 All VPN processes in sleep mode
[2025-10-01 20:38:18] ⏰ Next check in 60 seconds...
[2025-10-01 20:39:18] No VPN processes found
[2025-10-01 20:39:18] Memory: 48.1% used (1504.7MB / 3127.2MB)
[2025-10-01 20:39:18] 😴 All VPN processes in sleep mode
[2025-10-01 20:39:18] ⏰ Next check in 60 seconds...
[2025-10-01 20:40:18] No VPN processes found
[2025-10-01 20:40:18] Memory: 48.2% used (1500.7MB / 3116.2MB)
[2025-10-01 20:40:18] 😴 All VPN processes in sleep mode
[2025-10-01 20:40:18] ⏰ Next check in 60 seconds...
[2025-10-01 20:41:18] No VPN processes found
[2025-10-01 20:41:18] Memory: 48.2% used (1506.4MB / 3126.3MB)
[2025-10-01 20:41:18] 😴 All VPN processes in sleep mode
[2025-10-01 20:41:18] ⏰ Next check in 60 seconds...
[2025-10-01 20:42:18] No VPN processes found
[2025-10-01 20:42:18] Memory: 48.3% used (1512.2MB / 3132.9MB)
[2025-10-01 20:42:18] 😴 All VPN processes in sleep mode
[2025-10-01 20:42:18] ⏰ Next check in 60 seconds...
[2025-10-01 20:43:18] No VPN processes found
[2025-10-01 20:43:18] Memory: 48.2% used (1511.2MB / 3132.4MB)
[2025-10-01 20:43:18] 😴 All VPN processes in sleep mode
[2025-10-01 20:43:18] ⏰ Next check in 60 seconds...
[2025-10-01 20:44:18] No VPN processes found
[2025-10-01 20:44:18] Memory: 48.1% used (1501.7MB / 3120.9MB)
[2025-10-01 20:44:18] 😴 All VPN processes in sleep mode
[2025-10-01 20:44:18] ⏰ Next check in 60 seconds...
[2025-10-01 20:45:18] No VPN processes found
[2025-10-01 20:45:18] Memory: 48.4% used (1510.9MB / 3124.8MB)
[2025-10-01 20:45:18] 😴 All VPN processes in sleep mode
[2025-10-01 20:45:18] ⏰ Next check in 60 seconds...
[2025-10-01 20:46:18] No VPN processes found
[2025-10-01 20:46:18] Memory: 48.2% used (1505.9MB / 3125.4MB)
[2025-10-01 20:46:18] 😴 All VPN processes in sleep mode
[2025-10-01 20:46:18] ⏰ Next check in 60 seconds...
[2025-10-01 20:47:19] No VPN processes found
[2025-10-01 20:47:19] Memory: 48.3% used (1500.0MB / 3108.2MB)
[2025-10-01 20:47:19] 😴 All VPN processes in sleep mode
[2025-10-01 20:47:19] ⏰ Next check in 60 seconds...
[2025-10-01 20:48:19] No VPN processes found
[2025-10-01 20:48:19] Memory: 48.5% used (1514.8MB / 3124.8MB)
[2025-10-01 20:48:19] 😴 All VPN processes in sleep mode
[2025-10-01 20:48:19] ⏰ Next check in 60 seconds...
[2025-10-01 20:49:19] No VPN processes found
[2025-10-01 20:49:19] Memory: 51.2% used (1575.2MB / 3077.0MB)
[2025-10-01 20:49:19] 😴 All VPN processes in sleep mode
[2025-10-01 20:49:19] ⏰ Next check in 60 seconds...
[2025-10-01 20:50:19] No VPN processes found
[2025-10-01 20:50:19] Memory: 50.7% used (1581.9MB / 3123.0MB)
[2025-10-01 20:50:19] 😴 All VPN processes in sleep mode
[2025-10-01 20:50:19] ⏰ Next check in 60 seconds...
[2025-10-01 20:51:19] No VPN processes found
[2025-10-01 20:51:19] Memory: 50.2% used (1576.8MB / 3142.1MB)
[2025-10-01 20:51:19] 😴 All VPN processes in sleep mode
[2025-10-01 20:51:19] ⏰ Next check in 60 seconds...
[2025-10-01 20:52:19] No VPN processes found
[2025-10-01 20:52:19] Memory: 49.5% used (1560.6MB / 3149.5MB)
[2025-10-01 20:52:19] 😴 All VPN processes in sleep mode
[2025-10-01 20:52:19] ⏰ Next check in 60 seconds...
[2025-10-01 20:53:19] No VPN processes found
[2025-10-01 20:53:19] Memory: 48.6% used (1529.4MB / 3150.0MB)
[2025-10-01 20:53:19] 😴 All VPN processes in sleep mode
[2025-10-01 20:53:19] ⏰ Next check in 60 seconds...
[2025-10-01 20:54:19] No VPN processes found
[2025-10-01 20:54:19] Memory: 48.7% used (1536.7MB / 3154.0MB)
[2025-10-01 20:54:19] 😴 All VPN processes in sleep mode
[2025-10-01 20:54:19] ⏰ Next check in 60 seconds...
[2025-10-01 20:55:19] No VPN processes found
[2025-10-01 20:55:19] Memory: 49.9% used (1568.4MB / 3144.8MB)
[2025-10-01 20:55:19] 😴 All VPN processes in sleep mode
[2025-10-01 20:55:19] ⏰ Next check in 60 seconds...
[2025-10-01 20:56:19] No VPN processes found
[2025-10-01 20:56:19] Memory: 50.0% used (1571.9MB / 3145.0MB)
[2025-10-01 20:56:19] 😴 All VPN processes in sleep mode
[2025-10-01 20:56:19] ⏰ Next check in 60 seconds...
[2025-10-01 20:57:19] No VPN processes found
[2025-10-01 20:57:19] Memory: 50.1% used (1573.9MB / 3143.6MB)
[2025-10-01 20:57:19] 😴 All VPN processes in sleep mode
[2025-10-01 20:57:19] ⏰ Next check in 60 seconds...
[2025-10-01 20:58:19] No VPN processes found
[2025-10-01 20:58:19] Memory: 49.9% used (1549.5MB / 3104.9MB)
[2025-10-01 20:58:19] 😴 All VPN processes in sleep mode
[2025-10-01 20:58:19] ⏰ Next check in 60 seconds...
[2025-10-01 20:59:19] No VPN processes found
[2025-10-01 20:59:19] Memory: 49.8% used (1568.1MB / 3147.4MB)
[2025-10-01 20:59:19] 😴 All VPN processes in sleep mode
[2025-10-01 20:59:19] ⏰ Next check in 60 seconds...
[2025-10-01 21:00:19] No VPN processes found
[2025-10-01 21:00:19] Memory: 49.7% used (1558.0MB / 3135.6MB)
[2025-10-01 21:00:19] 😴 All VPN processes in sleep mode
[2025-10-01 21:00:19] ⏰ Next check in 60 seconds...
[2025-10-01 21:01:19] No VPN processes found
[2025-10-01 21:01:19] Memory: 50.1% used (1574.5MB / 3141.7MB)
[2025-10-01 21:01:19] 😴 All VPN processes in sleep mode
[2025-10-01 21:01:19] ⏰ Next check in 60 seconds...
[2025-10-01 21:02:19] No VPN processes found
[2025-10-01 21:02:19] Memory: 49.8% used (1590.1MB / 3190.4MB)
[2025-10-01 21:02:19] 😴 All VPN processes in sleep mode
[2025-10-01 21:02:19] ⏰ Next check in 60 seconds...
[2025-10-01 21:03:20] No VPN processes found
[2025-10-01 21:03:20] Memory: 49.4% used (1576.9MB / 3190.7MB)
[2025-10-01 21:03:20] 😴 All VPN processes in sleep mode
[2025-10-01 21:03:20] ⏰ Next check in 60 seconds...
[2025-10-01 21:04:20] No VPN processes found
[2025-10-01 21:04:20] Memory: 49.3% used (1572.6MB / 3188.9MB)
[2025-10-01 21:04:20] 😴 All VPN processes in sleep mode
[2025-10-01 21:04:20] ⏰ Next check in 60 seconds...
[2025-10-01 21:05:20] No VPN processes found
[2025-10-01 21:05:20] Memory: 49.3% used (1572.4MB / 3189.2MB)
[2025-10-01 21:05:20] 😴 All VPN processes in sleep mode
[2025-10-01 21:05:20] ⏰ Next check in 60 seconds...
[2025-10-01 21:06:20] No VPN processes found
[2025-10-01 21:06:20] Memory: 49.2% used (1569.9MB / 3188.9MB)
[2025-10-01 21:06:20] 😴 All VPN processes in sleep mode
[2025-10-01 21:06:20] ⏰ Next check in 60 seconds...
[2025-10-01 21:07:20] No VPN processes found
[2025-10-01 21:07:20] Memory: 49.6% used (1580.8MB / 3188.0MB)
[2025-10-01 21:07:20] 😴 All VPN processes in sleep mode
[2025-10-01 21:07:20] ⏰ Next check in 60 seconds...
[2025-10-01 21:08:20] No VPN processes found
[2025-10-01 21:08:20] Memory: 49.4% used (1574.6MB / 3188.3MB)
[2025-10-01 21:08:20] 😴 All VPN processes in sleep mode
[2025-10-01 21:08:20] ⏰ Next check in 60 seconds...
[2025-10-01 21:09:20] No VPN processes found
[2025-10-01 21:09:20] Memory: 49.3% used (1551.3MB / 3147.9MB)
[2025-10-01 21:09:20] 😴 All VPN processes in sleep mode
[2025-10-01 21:09:20] ⏰ Next check in 60 seconds...
[2025-10-01 21:10:20] No VPN processes found
[2025-10-01 21:10:20] Memory: 48.8% used (1546.8MB / 3169.5MB)
[2025-10-01 21:10:20] 😴 All VPN processes in sleep mode
[2025-10-01 21:10:20] ⏰ Next check in 60 seconds...
[2025-10-01 21:11:20] No VPN processes found
[2025-10-01 21:11:20] Memory: 49.5% used (1566.9MB / 3166.8MB)
[2025-10-01 21:11:20] 😴 All VPN processes in sleep mode
[2025-10-01 21:11:20] ⏰ Next check in 60 seconds...
[2025-10-01 21:12:20] No VPN processes found
[2025-10-01 21:12:20] Memory: 49.7% used (1574.0MB / 3166.5MB)
[2025-10-01 21:12:20] 😴 All VPN processes in sleep mode
[2025-10-01 21:12:20] ⏰ Next check in 60 seconds...
[2025-10-01 21:13:20] No VPN processes found
[2025-10-01 21:13:20] Memory: 49.8% used (1551.7MB / 3118.8MB)
[2025-10-01 21:13:20] 😴 All VPN processes in sleep mode
[2025-10-01 21:13:20] ⏰ Next check in 60 seconds...
[2025-10-01 21:14:20] No VPN processes found
[2025-10-01 21:14:20] Memory: 49.0% used (1538.4MB / 3142.1MB)
[2025-10-01 21:14:20] 😴 All VPN processes in sleep mode
[2025-10-01 21:14:20] ⏰ Next check in 60 seconds...
[2025-10-01 21:15:20] No VPN processes found
[2025-10-01 21:15:20] Memory: 49.7% used (1577.1MB / 3171.8MB)
[2025-10-01 21:15:20] 😴 All VPN processes in sleep mode
[2025-10-01 21:15:20] ⏰ Next check in 60 seconds...
[2025-10-01 21:16:20] No VPN processes found
[2025-10-01 21:16:20] Memory: 49.3% used (1567.3MB / 3178.9MB)
[2025-10-01 21:16:20] 😴 All VPN processes in sleep mode
[2025-10-01 21:16:20] ⏰ Next check in 60 seconds...
[2025-10-01 21:17:20] No VPN processes found
[2025-10-01 21:17:20] Memory: 49.1% used (1547.8MB / 3149.2MB)
[2025-10-01 21:17:20] 😴 All VPN processes in sleep mode
[2025-10-01 21:17:20] ⏰ Next check in 60 seconds...
[2025-10-01 21:18:20] No VPN processes found
[2025-10-01 21:18:20] Memory: 49.7% used (1562.7MB / 3143.7MB)
[2025-10-01 21:18:20] 😴 All VPN processes in sleep mode
[2025-10-01 21:18:20] ⏰ Next check in 60 seconds...
[2025-10-01 21:19:21] No VPN processes found
[2025-10-01 21:19:21] Memory: 49.4% used (1573.0MB / 3182.4MB)
[2025-10-01 21:19:21] 😴 All VPN processes in sleep mode
[2025-10-01 21:19:21] ⏰ Next check in 60 seconds...
[2025-10-01 21:20:21] No VPN processes found
[2025-10-01 21:20:21] Memory: 48.8% used (1547.6MB / 3168.5MB)
[2025-10-01 21:20:21] 😴 All VPN processes in sleep mode
[2025-10-01 21:20:21] ⏰ Next check in 60 seconds...
[2025-10-01 21:21:21] No VPN processes found
[2025-10-01 21:21:21] Memory: 49.3% used (1572.0MB / 3191.1MB)
[2025-10-01 21:21:21] 😴 All VPN processes in sleep mode
[2025-10-01 21:21:21] ⏰ Next check in 60 seconds...
[2025-10-01 21:22:21] No VPN processes found
[2025-10-01 21:22:21] Memory: 48.6% used (1538.0MB / 3166.0MB)
[2025-10-01 21:22:21] 😴 All VPN processes in sleep mode
[2025-10-01 21:22:21] ⏰ Next check in 60 seconds...
[2025-10-01 21:23:21] No VPN processes found
[2025-10-01 21:23:21] Memory: 48.9% used (1549.8MB / 3169.5MB)
[2025-10-01 21:23:21] 😴 All VPN processes in sleep mode
[2025-10-01 21:23:21] ⏰ Next check in 60 seconds...
[2025-10-01 21:24:21] No VPN processes found
[2025-10-01 21:24:21] Memory: 48.7% used (1558.6MB / 3198.1MB)
[2025-10-01 21:24:21] 😴 All VPN processes in sleep mode
[2025-10-01 21:24:21] ⏰ Next check in 60 seconds...
[2025-10-01 21:25:21] No VPN processes found
[2025-10-01 21:25:21] Memory: 48.8% used (1562.9MB / 3204.6MB)
[2025-10-01 21:25:21] 😴 All VPN processes in sleep mode
[2025-10-01 21:25:21] ⏰ Next check in 60 seconds...
[2025-10-01 21:26:21] No VPN processes found
[2025-10-01 21:26:21] Memory: 48.9% used (1546.2MB / 3163.6MB)
[2025-10-01 21:26:21] 😴 All VPN processes in sleep mode
[2025-10-01 21:26:21] ⏰ Next check in 60 seconds...
[2025-10-01 21:27:21] No VPN processes found
[2025-10-01 21:27:21] Memory: 49.2% used (1567.5MB / 3188.0MB)
[2025-10-01 21:27:21] 😴 All VPN processes in sleep mode
[2025-10-01 21:27:21] ⏰ Next check in 60 seconds...
[2025-10-01 21:28:21] No VPN processes found
[2025-10-01 21:28:21] Memory: 48.6% used (1543.3MB / 3174.2MB)
[2025-10-01 21:28:21] 😴 All VPN processes in sleep mode
[2025-10-01 21:28:21] ⏰ Next check in 60 seconds...
[2025-10-01 21:29:21] No VPN processes found
[2025-10-01 21:29:21] Memory: 49.6% used (1573.8MB / 3176.0MB)
[2025-10-01 21:29:21] 😴 All VPN processes in sleep mode
[2025-10-01 21:29:21] ⏰ Next check in 60 seconds...
[2025-10-01 21:30:21] No VPN processes found
[2025-10-01 21:30:21] Memory: 49.2% used (1569.9MB / 3192.2MB)
[2025-10-01 21:30:21] 😴 All VPN processes in sleep mode
[2025-10-01 21:30:21] ⏰ Next check in 60 seconds...
[2025-10-01 21:31:21] No VPN processes found
[2025-10-01 21:31:21] Memory: 49.3% used (1568.5MB / 3184.5MB)
[2025-10-01 21:31:21] 😴 All VPN processes in sleep mode
[2025-10-01 21:31:21] ⏰ Next check in 60 seconds...
[2025-10-01 21:32:21] No VPN processes found
[2025-10-01 21:32:21] Memory: 48.9% used (1558.8MB / 3188.5MB)
[2025-10-01 21:32:21] 😴 All VPN processes in sleep mode
[2025-10-01 21:32:21] ⏰ Next check in 60 seconds...
[2025-10-01 21:33:21] No VPN processes found
[2025-10-01 21:33:21] Memory: 48.6% used (1548.2MB / 3182.9MB)
[2025-10-01 21:33:21] 😴 All VPN processes in sleep mode
[2025-10-01 21:33:21] ⏰ Next check in 60 seconds...
[2025-10-01 21:34:22] No VPN processes found
[2025-10-01 21:34:22] Memory: 48.8% used (1560.9MB / 3195.2MB)
[2025-10-01 21:34:22] 😴 All VPN processes in sleep mode
[2025-10-01 21:34:22] ⏰ Next check in 60 seconds...
[2025-10-01 21:35:22] No VPN processes found
[2025-10-01 21:35:22] Memory: 48.3% used (1547.0MB / 3203.1MB)
[2025-10-01 21:35:22] 😴 All VPN processes in sleep mode
[2025-10-01 21:35:22] ⏰ Next check in 60 seconds...
[2025-10-01 21:36:22] No VPN processes found
[2025-10-01 21:36:22] Memory: 49.5% used (1561.6MB / 3151.7MB)
[2025-10-01 21:36:22] 😴 All VPN processes in sleep mode
[2025-10-01 21:36:22] ⏰ Next check in 60 seconds...
[2025-10-01 21:37:22] No VPN processes found
[2025-10-01 21:37:22] Memory: 49.5% used (1567.9MB / 3170.0MB)
[2025-10-01 21:37:22] 😴 All VPN processes in sleep mode
[2025-10-01 21:37:22] ⏰ Next check in 60 seconds...
[2025-10-01 21:38:22] No VPN processes found
[2025-10-01 21:38:22] Memory: 49.9% used (1562.7MB / 3133.1MB)
[2025-10-01 21:38:22] 😴 All VPN processes in sleep mode
[2025-10-01 21:38:22] ⏰ Next check in 60 seconds...
[2025-10-01 21:39:22] No VPN processes found
[2025-10-01 21:39:22] Memory: 49.6% used (1565.3MB / 3157.6MB)
[2025-10-01 21:39:22] 😴 All VPN processes in sleep mode
[2025-10-01 21:39:22] ⏰ Next check in 60 seconds...
[2025-10-01 21:40:22] No VPN processes found
[2025-10-01 21:40:22] Memory: 49.5% used (1559.9MB / 3154.0MB)
[2025-10-01 21:40:22] 😴 All VPN processes in sleep mode
[2025-10-01 21:40:22] ⏰ Next check in 60 seconds...
[2025-10-01 21:41:22] No VPN processes found
[2025-10-01 21:41:22] Memory: 48.6% used (1533.7MB / 3154.3MB)
[2025-10-01 21:41:22] 😴 All VPN processes in sleep mode
[2025-10-01 21:41:22] ⏰ Next check in 60 seconds...
[2025-10-01 21:42:22] No VPN processes found
[2025-10-01 21:42:22] Memory: 49.0% used (1544.7MB / 3149.6MB)
[2025-10-01 21:42:22] 😴 All VPN processes in sleep mode
[2025-10-01 21:42:22] ⏰ Next check in 60 seconds...
[2025-10-01 21:43:22] No VPN processes found
[2025-10-01 21:43:22] Memory: 49.1% used (1543.6MB / 3140.7MB)
[2025-10-01 21:43:22] 😴 All VPN processes in sleep mode
[2025-10-01 21:43:22] ⏰ Next check in 60 seconds...
[2025-10-01 21:44:22] No VPN processes found
[2025-10-01 21:44:22] Memory: 49.2% used (1545.4MB / 3140.2MB)
[2025-10-01 21:44:22] 😴 All VPN processes in sleep mode
[2025-10-01 21:44:22] ⏰ Next check in 60 seconds...
[2025-10-01 21:45:23] No VPN processes found
[2025-10-01 21:45:23] Memory: 49.9% used (1557.6MB / 3123.6MB)
[2025-10-01 21:45:23] 😴 All VPN processes in sleep mode
[2025-10-01 21:45:23] ⏰ Next check in 60 seconds...
[2025-10-01 21:46:23] No VPN processes found
[2025-10-01 21:46:23] Memory: 49.8% used (1558.8MB / 3132.8MB)
[2025-10-01 21:46:23] 😴 All VPN processes in sleep mode
[2025-10-01 21:46:23] ⏰ Next check in 60 seconds...
[2025-10-01 21:47:23] No VPN processes found
[2025-10-01 21:47:23] Memory: 49.9% used (1560.5MB / 3129.9MB)
[2025-10-01 21:47:23] 😴 All VPN processes in sleep mode
[2025-10-01 21:47:23] ⏰ Next check in 60 seconds...
[2025-10-01 21:48:23] No VPN processes found
[2025-10-01 21:48:23] Memory: 49.8% used (1555.8MB / 3123.0MB)
[2025-10-01 21:48:23] 😴 All VPN processes in sleep mode
[2025-10-01 21:48:23] ⏰ Next check in 60 seconds...
[2025-10-01 21:49:23] No VPN processes found
[2025-10-01 21:49:23] Memory: 50.0% used (1564.2MB / 3128.0MB)
[2025-10-01 21:49:23] 😴 All VPN processes in sleep mode
[2025-10-01 21:49:23] ⏰ Next check in 60 seconds...
[2025-10-01 21:50:23] No VPN processes found
[2025-10-01 21:50:23] Memory: 49.8% used (1547.6MB / 3110.1MB)
[2025-10-01 21:50:23] 😴 All VPN processes in sleep mode
[2025-10-01 21:50:23] ⏰ Next check in 60 seconds...
[2025-10-01 21:51:23] No VPN processes found
[2025-10-01 21:51:23] Memory: 50.2% used (1566.4MB / 3122.5MB)
[2025-10-01 21:51:23] 😴 All VPN processes in sleep mode
[2025-10-01 21:51:23] ⏰ Next check in 60 seconds...
[2025-10-01 21:52:23] No VPN processes found
[2025-10-01 21:52:23] Memory: 50.2% used (1567.4MB / 3124.7MB)
[2025-10-01 21:52:23] 😴 All VPN processes in sleep mode
[2025-10-01 21:52:23] ⏰ Next check in 60 seconds...
[2025-10-01 21:53:23] No VPN processes found
[2025-10-01 21:53:23] Memory: 49.9% used (1552.3MB / 3109.0MB)
[2025-10-01 21:53:23] 😴 All VPN processes in sleep mode
[2025-10-01 21:53:23] ⏰ Next check in 60 seconds...
[2025-10-01 21:54:24] No VPN processes found
[2025-10-01 21:54:24] Memory: 49.8% used (1559.8MB / 3132.7MB)
[2025-10-01 21:54:24] 😴 All VPN processes in sleep mode
[2025-10-01 21:54:24] ⏰ Next check in 60 seconds...
[2025-10-01 21:55:24] No VPN processes found
[2025-10-01 21:55:24] Memory: 49.4% used (1553.1MB / 3142.1MB)
[2025-10-01 21:55:24] 😴 All VPN processes in sleep mode
[2025-10-01 21:55:24] ⏰ Next check in 60 seconds...
[2025-10-01 21:56:24] No VPN processes found
[2025-10-01 21:56:24] Memory: 49.0% used (1540.0MB / 3143.1MB)
[2025-10-01 21:56:24] 😴 All VPN processes in sleep mode
[2025-10-01 21:56:24] ⏰ Next check in 60 seconds...
[2025-10-01 21:57:24] No VPN processes found
[2025-10-01 21:57:24] Memory: 49.6% used (1548.2MB / 3122.5MB)
[2025-10-01 21:57:24] 😴 All VPN processes in sleep mode
[2025-10-01 21:57:24] ⏰ Next check in 60 seconds...
[2025-10-01 21:58:24] No VPN processes found
[2025-10-01 21:58:24] Memory: 49.7% used (1554.3MB / 3125.7MB)
[2025-10-01 21:58:24] 😴 All VPN processes in sleep mode
[2025-10-01 21:58:24] ⏰ Next check in 60 seconds...
[2025-10-01 21:59:24] No VPN processes found
[2025-10-01 21:59:24] Memory: 49.8% used (1559.6MB / 3133.0MB)
[2025-10-01 21:59:24] 😴 All VPN processes in sleep mode
[2025-10-01 21:59:24] ⏰ Next check in 60 seconds...
[2025-10-01 22:00:25] No VPN processes found
[2025-10-01 22:00:25] Memory: 49.6% used (1553.6MB / 3131.1MB)
[2025-10-01 22:00:25] 😴 All VPN processes in sleep mode
[2025-10-01 22:00:25] ⏰ Next check in 60 seconds...
[2025-10-01 22:01:25] No VPN processes found
[2025-10-01 22:01:25] Memory: 49.5% used (1550.8MB / 3132.7MB)
[2025-10-01 22:01:25] 😴 All VPN processes in sleep mode
[2025-10-01 22:01:25] ⏰ Next check in 60 seconds...
[2025-10-01 22:02:25] No VPN processes found
[2025-10-01 22:02:25] Memory: 49.7% used (1564.7MB / 3145.3MB)
[2025-10-01 22:02:25] 😴 All VPN processes in sleep mode
[2025-10-01 22:02:25] ⏰ Next check in 60 seconds...
[2025-10-01 22:03:25] No VPN processes found
[2025-10-01 22:03:25] Memory: 49.6% used (1556.1MB / 3137.6MB)
[2025-10-01 22:03:25] 😴 All VPN processes in sleep mode
[2025-10-01 22:03:25] ⏰ Next check in 60 seconds...
[2025-10-01 22:04:25] No VPN processes found
[2025-10-01 22:04:25] Memory: 49.0% used (1534.1MB / 3133.4MB)
[2025-10-01 22:04:25] 😴 All VPN processes in sleep mode
[2025-10-01 22:04:25] ⏰ Next check in 60 seconds...
[2025-10-01 22:05:25] No VPN processes found
[2025-10-01 22:05:25] Memory: 49.9% used (1558.7MB / 3123.3MB)
[2025-10-01 22:05:25] 😴 All VPN processes in sleep mode
[2025-10-01 22:05:25] ⏰ Next check in 60 seconds...
[2025-10-01 22:06:25] No VPN processes found
[2025-10-01 22:06:25] Memory: 49.8% used (1566.4MB / 3146.0MB)
[2025-10-01 22:06:25] 😴 All VPN processes in sleep mode
[2025-10-01 22:06:25] ⏰ Next check in 60 seconds...
[2025-10-01 22:07:25] No VPN processes found
[2025-10-01 22:07:25] Memory: 49.4% used (1547.8MB / 3133.3MB)
[2025-10-01 22:07:25] 😴 All VPN processes in sleep mode
[2025-10-01 22:07:25] ⏰ Next check in 60 seconds...
[2025-10-01 22:08:26] No VPN processes found
[2025-10-01 22:08:26] Memory: 49.5% used (1552.7MB / 3137.9MB)
[2025-10-01 22:08:26] 😴 All VPN processes in sleep mode
[2025-10-01 22:08:26] ⏰ Next check in 60 seconds...
[2025-10-01 22:09:26] No VPN processes found
[2025-10-01 22:09:26] Memory: 49.5% used (1553.8MB / 3136.3MB)
[2025-10-01 22:09:26] 😴 All VPN processes in sleep mode
[2025-10-01 22:09:26] ⏰ Next check in 60 seconds...
[2025-10-01 22:10:26] No VPN processes found
[2025-10-01 22:10:26] Memory: 49.1% used (1549.5MB / 3153.0MB)
[2025-10-01 22:10:26] 😴 All VPN processes in sleep mode
[2025-10-01 22:10:26] ⏰ Next check in 60 seconds...
[2025-10-01 22:11:26] No VPN processes found
[2025-10-01 22:11:26] Memory: 49.9% used (1569.7MB / 3144.3MB)
[2025-10-01 22:11:26] 😴 All VPN processes in sleep mode
[2025-10-01 22:11:26] ⏰ Next check in 60 seconds...
[2025-10-01 22:12:26] No VPN processes found
[2025-10-01 22:12:26] Memory: 49.2% used (1544.7MB / 3141.6MB)
[2025-10-01 22:12:26] 😴 All VPN processes in sleep mode
[2025-10-01 22:12:26] ⏰ Next check in 60 seconds...
[2025-10-01 22:13:26] No VPN processes found
[2025-10-01 22:13:26] Memory: 49.8% used (1567.3MB / 3149.7MB)
[2025-10-01 22:13:26] 😴 All VPN processes in sleep mode
[2025-10-01 22:13:26] ⏰ Next check in 60 seconds...
[2025-10-01 22:14:26] No VPN processes found
[2025-10-01 22:14:26] Memory: 49.8% used (1566.8MB / 3146.0MB)
[2025-10-01 22:14:26] 😴 All VPN processes in sleep mode
[2025-10-01 22:14:26] ⏰ Next check in 60 seconds...
[2025-10-01 22:15:27] No VPN processes found
[2025-10-01 22:15:27] Memory: 49.1% used (1542.1MB / 3138.2MB)
[2025-10-01 22:15:27] 😴 All VPN processes in sleep mode
[2025-10-01 22:15:27] ⏰ Next check in 60 seconds...
[2025-10-01 22:16:27] No VPN processes found
[2025-10-01 22:16:27] Memory: 48.7% used (1528.5MB / 3138.0MB)
[2025-10-01 22:16:27] 😴 All VPN processes in sleep mode
[2025-10-01 22:16:27] ⏰ Next check in 60 seconds...
[2025-10-01 22:17:27] No VPN processes found
[2025-10-01 22:17:27] Memory: 49.3% used (1541.1MB / 3126.2MB)
[2025-10-01 22:17:27] 😴 All VPN processes in sleep mode
[2025-10-01 22:17:27] ⏰ Next check in 60 seconds...
[2025-10-01 22:18:27] No VPN processes found
[2025-10-01 22:18:27] Memory: 49.6% used (1555.9MB / 3133.8MB)
[2025-10-01 22:18:27] 😴 All VPN processes in sleep mode
[2025-10-01 22:18:27] ⏰ Next check in 60 seconds...
[2025-10-01 22:19:27] No VPN processes found
[2025-10-01 22:19:27] Memory: 49.7% used (1554.2MB / 3127.2MB)
[2025-10-01 22:19:27] 😴 All VPN processes in sleep mode
[2025-10-01 22:19:27] ⏰ Next check in 60 seconds...
[2025-10-01 22:20:27] No VPN processes found
[2025-10-01 22:20:27] Memory: 49.2% used (1536.9MB / 3126.3MB)
[2025-10-01 22:20:27] 😴 All VPN processes in sleep mode
[2025-10-01 22:20:27] ⏰ Next check in 60 seconds...
[2025-10-01 22:21:27] No VPN processes found
[2025-10-01 22:21:27] Memory: 49.5% used (1546.0MB / 3120.7MB)
[2025-10-01 22:21:27] 😴 All VPN processes in sleep mode
[2025-10-01 22:21:27] ⏰ Next check in 60 seconds...
[2025-10-01 22:22:27] No VPN processes found
[2025-10-01 22:22:27] Memory: 49.6% used (1548.5MB / 3120.9MB)
[2025-10-01 22:22:27] 😴 All VPN processes in sleep mode
[2025-10-01 22:22:27] ⏰ Next check in 60 seconds...
[2025-10-01 22:23:28] No VPN processes found
[2025-10-01 22:23:28] Memory: 49.6% used (1556.2MB / 3136.5MB)
[2025-10-01 22:23:28] 😴 All VPN processes in sleep mode
[2025-10-01 22:23:28] ⏰ Next check in 60 seconds...
[2025-10-01 22:24:28] No VPN processes found
[2025-10-01 22:24:28] Memory: 49.0% used (1531.3MB / 3122.3MB)
[2025-10-01 22:24:28] 😴 All VPN processes in sleep mode
[2025-10-01 22:24:28] ⏰ Next check in 60 seconds...
[2025-10-01 22:25:28] No VPN processes found
[2025-10-01 22:25:28] Memory: 49.8% used (1556.1MB / 3122.3MB)
[2025-10-01 22:25:28] 😴 All VPN processes in sleep mode
[2025-10-01 22:25:28] ⏰ Next check in 60 seconds...
[2025-10-01 22:26:28] No VPN processes found
[2025-10-01 22:26:28] Memory: 49.8% used (1547.6MB / 3109.8MB)
[2025-10-01 22:26:28] 😴 All VPN processes in sleep mode
[2025-10-01 22:26:28] ⏰ Next check in 60 seconds...
[2025-10-01 22:27:28] No VPN processes found
[2025-10-01 22:27:28] Memory: 49.8% used (1556.3MB / 3126.3MB)
[2025-10-01 22:27:28] 😴 All VPN processes in sleep mode
[2025-10-01 22:27:28] ⏰ Next check in 60 seconds...
[2025-10-01 22:28:28] No VPN processes found
[2025-10-01 22:28:28] Memory: 49.7% used (1553.5MB / 3124.8MB)
[2025-10-01 22:28:28] 😴 All VPN processes in sleep mode
[2025-10-01 22:28:28] ⏰ Next check in 60 seconds...
[2025-10-01 22:29:28] No VPN processes found
[2025-10-01 22:29:28] Memory: 49.9% used (1559.3MB / 3123.6MB)
[2025-10-01 22:29:28] 😴 All VPN processes in sleep mode
[2025-10-01 22:29:28] ⏰ Next check in 60 seconds...
[2025-10-01 22:30:28] No VPN processes found
[2025-10-01 22:30:28] Memory: 49.9% used (1559.3MB / 3126.9MB)
[2025-10-01 22:30:28] 😴 All VPN processes in sleep mode
[2025-10-01 22:30:28] ⏰ Next check in 60 seconds...
[2025-10-01 22:31:29] No VPN processes found
[2025-10-01 22:31:29] Memory: 49.2% used (1539.8MB / 3127.2MB)
[2025-10-01 22:31:29] 😴 All VPN processes in sleep mode
[2025-10-01 22:31:29] ⏰ Next check in 60 seconds...
[2025-10-01 22:32:29] No VPN processes found
[2025-10-01 22:32:29] Memory: 49.3% used (1541.2MB / 3124.3MB)
[2025-10-01 22:32:29] 😴 All VPN processes in sleep mode
[2025-10-01 22:32:29] ⏰ Next check in 60 seconds...
[2025-10-01 22:33:29] No VPN processes found
[2025-10-01 22:33:29] Memory: 49.7% used (1551.6MB / 3123.1MB)
[2025-10-01 22:33:29] 😴 All VPN processes in sleep mode
[2025-10-01 22:33:29] ⏰ Next check in 60 seconds...
[2025-10-01 22:34:29] No VPN processes found
[2025-10-01 22:34:29] Memory: 49.8% used (1556.5MB / 3127.6MB)
[2025-10-01 22:34:29] 😴 All VPN processes in sleep mode
[2025-10-01 22:34:29] ⏰ Next check in 60 seconds...
[2025-10-01 22:35:29] No VPN processes found
[2025-10-01 22:35:29] Memory: 50.2% used (1563.1MB / 3114.6MB)
[2025-10-01 22:35:29] 😴 All VPN processes in sleep mode
[2025-10-01 22:35:29] ⏰ Next check in 60 seconds...
[2025-10-01 22:36:29] No VPN processes found
[2025-10-01 22:36:29] Memory: 49.4% used (1550.9MB / 3137.8MB)
[2025-10-01 22:36:29] 😴 All VPN processes in sleep mode
[2025-10-01 22:36:29] ⏰ Next check in 60 seconds...
[2025-10-01 22:37:29] No VPN processes found
[2025-10-01 22:37:29] Memory: 49.5% used (1552.5MB / 3136.7MB)
[2025-10-01 22:37:29] 😴 All VPN processes in sleep mode
[2025-10-01 22:37:29] ⏰ Next check in 60 seconds...
[2025-10-01 22:38:29] No VPN processes found
[2025-10-01 22:38:29] Memory: 49.6% used (1557.4MB / 3139.7MB)
[2025-10-01 22:38:29] 😴 All VPN processes in sleep mode
[2025-10-01 22:38:29] ⏰ Next check in 60 seconds...
[2025-10-01 22:39:30] No VPN processes found
[2025-10-01 22:39:30] Memory: 49.7% used (1559.4MB / 3139.2MB)
[2025-10-01 22:39:30] 😴 All VPN processes in sleep mode
[2025-10-01 22:39:30] ⏰ Next check in 60 seconds...
[2025-10-01 22:40:30] No VPN processes found
[2025-10-01 22:40:30] Memory: 49.8% used (1560.9MB / 3133.3MB)
[2025-10-01 22:40:30] 😴 All VPN processes in sleep mode
[2025-10-01 22:40:30] ⏰ Next check in 60 seconds...
[2025-10-01 22:41:30] No VPN processes found
[2025-10-01 22:41:30] Memory: 49.7% used (1562.7MB / 3141.8MB)
[2025-10-01 22:41:30] 😴 All VPN processes in sleep mode
[2025-10-01 22:41:30] ⏰ Next check in 60 seconds...
[2025-10-01 22:42:30] No VPN processes found
[2025-10-01 22:42:30] Memory: 49.6% used (1549.8MB / 3125.0MB)
[2025-10-01 22:42:30] 😴 All VPN processes in sleep mode
[2025-10-01 22:42:30] ⏰ Next check in 60 seconds...
[2025-10-01 22:43:30] No VPN processes found
[2025-10-01 22:43:30] Memory: 49.7% used (1559.4MB / 3140.0MB)
[2025-10-01 22:43:30] 😴 All VPN processes in sleep mode
[2025-10-01 22:43:30] ⏰ Next check in 60 seconds...
[2025-10-01 22:44:30] No VPN processes found
[2025-10-01 22:44:30] Memory: 49.6% used (1559.4MB / 3144.7MB)
[2025-10-01 22:44:30] 😴 All VPN processes in sleep mode
[2025-10-01 22:44:30] ⏰ Next check in 60 seconds...
[2025-10-01 22:45:30] No VPN processes found
[2025-10-01 22:45:30] Memory: 49.4% used (1547.4MB / 3133.3MB)
[2025-10-01 22:45:30] 😴 All VPN processes in sleep mode
[2025-10-01 22:45:30] ⏰ Next check in 60 seconds...
[2025-10-01 22:46:30] No VPN processes found
[2025-10-01 22:46:30] Memory: 49.5% used (1555.4MB / 3139.5MB)
[2025-10-01 22:46:30] 😴 All VPN processes in sleep mode
[2025-10-01 22:46:30] ⏰ Next check in 60 seconds...
[2025-10-01 22:47:30] No VPN processes found
[2025-10-01 22:47:30] Memory: 49.9% used (1564.4MB / 3136.1MB)
[2025-10-01 22:47:30] 😴 All VPN processes in sleep mode
[2025-10-01 22:47:30] ⏰ Next check in 60 seconds...
[2025-10-01 22:48:31] No VPN processes found
[2025-10-01 22:48:31] Memory: 49.2% used (1542.6MB / 3134.1MB)
[2025-10-01 22:48:31] 😴 All VPN processes in sleep mode
[2025-10-01 22:48:31] ⏰ Next check in 60 seconds...
[2025-10-01 22:49:31] No VPN processes found
[2025-10-01 22:49:31] Memory: 49.8% used (1565.7MB / 3141.9MB)
[2025-10-01 22:49:31] 😴 All VPN processes in sleep mode
[2025-10-01 22:49:31] ⏰ Next check in 60 seconds...
[2025-10-01 22:50:31] No VPN processes found
[2025-10-01 22:50:31] Memory: 49.9% used (1569.3MB / 3145.3MB)
[2025-10-01 22:50:31] 😴 All VPN processes in sleep mode
[2025-10-01 22:50:31] ⏰ Next check in 60 seconds...
[2025-10-01 22:51:31] No VPN processes found
[2025-10-01 22:51:31] Memory: 49.8% used (1563.4MB / 3141.3MB)
[2025-10-01 22:51:31] 😴 All VPN processes in sleep mode
[2025-10-01 22:51:31] ⏰ Next check in 60 seconds...
[2025-10-01 22:52:31] No VPN processes found
[2025-10-01 22:52:31] Memory: 49.0% used (1561.7MB / 3187.5MB)
[2025-10-01 22:52:31] 😴 All VPN processes in sleep mode
[2025-10-01 22:52:31] ⏰ Next check in 60 seconds...
[2025-10-01 22:53:31] No VPN processes found
[2025-10-01 22:53:31] Memory: 49.3% used (1573.9MB / 3195.7MB)
[2025-10-01 22:53:31] 😴 All VPN processes in sleep mode
[2025-10-01 22:53:31] ⏰ Next check in 60 seconds...
[2025-10-01 22:54:31] No VPN processes found
[2025-10-01 22:54:31] Memory: 48.4% used (1547.0MB / 3194.7MB)
[2025-10-01 22:54:31] 😴 All VPN processes in sleep mode
[2025-10-01 22:54:31] ⏰ Next check in 60 seconds...
[2025-10-01 22:55:31] No VPN processes found
[2025-10-01 22:55:31] Memory: 49.7% used (1585.2MB / 3191.9MB)
[2025-10-01 22:55:31] 😴 All VPN processes in sleep mode
[2025-10-01 22:55:31] ⏰ Next check in 60 seconds...
[2025-10-01 22:56:31] No VPN processes found
[2025-10-01 22:56:31] Memory: 48.3% used (1538.3MB / 3184.3MB)
[2025-10-01 22:56:31] 😴 All VPN processes in sleep mode
[2025-10-01 22:56:31] ⏰ Next check in 60 seconds...
[2025-10-01 22:57:31] No VPN processes found
[2025-10-01 22:57:31] Memory: 47.9% used (1520.4MB / 3176.5MB)
[2025-10-01 22:57:31] 😴 All VPN processes in sleep mode
[2025-10-01 22:57:31] ⏰ Next check in 60 seconds...
[2025-10-01 22:58:31] No VPN processes found
[2025-10-01 22:58:31] Memory: 47.9% used (1531.2MB / 3193.4MB)
[2025-10-01 22:58:31] 😴 All VPN processes in sleep mode
[2025-10-01 22:58:31] ⏰ Next check in 60 seconds...
[2025-10-01 22:59:31] No VPN processes found
[2025-10-01 22:59:31] Memory: 47.7% used (1523.5MB / 3193.0MB)
[2025-10-01 22:59:31] 😴 All VPN processes in sleep mode
[2025-10-01 22:59:31] ⏰ Next check in 60 seconds...
[2025-10-01 23:00:32] No VPN processes found
[2025-10-01 23:00:32] Memory: 49.5% used (1521.7MB / 3074.5MB)
[2025-10-01 23:00:32] 😴 All VPN processes in sleep mode
[2025-10-01 23:00:32] ⏰ Next check in 60 seconds...
[2025-10-01 23:01:32] No VPN processes found
[2025-10-01 23:01:32] Memory: 49.8% used (1539.3MB / 3090.3MB)
[2025-10-01 23:01:32] 😴 All VPN processes in sleep mode
[2025-10-01 23:01:32] ⏰ Next check in 60 seconds...
[2025-10-01 23:02:32] No VPN processes found
[2025-10-01 23:02:32] Memory: 49.8% used (1531.6MB / 3075.2MB)
[2025-10-01 23:02:32] 😴 All VPN processes in sleep mode
[2025-10-01 23:02:32] ⏰ Next check in 60 seconds...
[2025-10-01 23:03:32] No VPN processes found
[2025-10-01 23:03:32] Memory: 49.5% used (1508.3MB / 3047.4MB)
[2025-10-01 23:03:32] 😴 All VPN processes in sleep mode
[2025-10-01 23:03:32] ⏰ Next check in 60 seconds...
[2025-10-01 23:04:32] No VPN processes found
[2025-10-01 23:04:32] Memory: 49.9% used (1508.9MB / 3021.1MB)
[2025-10-01 23:04:32] 😴 All VPN processes in sleep mode
[2025-10-01 23:04:32] ⏰ Next check in 60 seconds...
[2025-10-01 23:05:32] No VPN processes found
[2025-10-01 23:05:32] Memory: 49.9% used (1513.2MB / 3030.2MB)
[2025-10-01 23:05:32] 😴 All VPN processes in sleep mode
[2025-10-01 23:05:32] ⏰ Next check in 60 seconds...
[2025-10-01 23:06:32] No VPN processes found
[2025-10-01 23:06:32] Memory: 49.9% used (1511.7MB / 3032.2MB)
[2025-10-01 23:06:32] 😴 All VPN processes in sleep mode
[2025-10-01 23:06:32] ⏰ Next check in 60 seconds...
[2025-10-01 23:07:32] No VPN processes found
[2025-10-01 23:07:32] Memory: 49.9% used (1505.5MB / 3019.7MB)
[2025-10-01 23:07:32] 😴 All VPN processes in sleep mode
[2025-10-01 23:07:32] ⏰ Next check in 60 seconds...
[2025-10-01 23:08:32] No VPN processes found
[2025-10-01 23:08:32] Memory: 49.6% used (1496.0MB / 3018.8MB)
[2025-10-01 23:08:32] 😴 All VPN processes in sleep mode
[2025-10-01 23:08:32] ⏰ Next check in 60 seconds...
[2025-10-01 23:09:32] No VPN processes found
[2025-10-01 23:09:32] Memory: 49.9% used (1514.4MB / 3036.4MB)
[2025-10-01 23:09:32] 😴 All VPN processes in sleep mode
[2025-10-01 23:09:32] ⏰ Next check in 60 seconds...
[2025-10-01 23:10:32] No VPN processes found
[2025-10-01 23:10:32] Memory: 49.7% used (1504.8MB / 3028.8MB)
[2025-10-01 23:10:32] 😴 All VPN processes in sleep mode
[2025-10-01 23:10:32] ⏰ Next check in 60 seconds...
[2025-10-01 23:11:33] No VPN processes found
[2025-10-01 23:11:33] Memory: 49.7% used (1494.5MB / 3006.4MB)
[2025-10-01 23:11:33] 😴 All VPN processes in sleep mode
[2025-10-01 23:11:33] ⏰ Next check in 60 seconds...
[2025-10-01 23:12:33] No VPN processes found
[2025-10-01 23:12:33] Memory: 49.0% used (1444.4MB / 2949.6MB)
[2025-10-01 23:12:33] 😴 All VPN processes in sleep mode
[2025-10-01 23:12:33] ⏰ Next check in 60 seconds...
[2025-10-01 23:13:33] No VPN processes found
[2025-10-01 23:13:33] Memory: 46.0% used (1380.8MB / 2999.3MB)
[2025-10-01 23:13:33] 😴 All VPN processes in sleep mode
[2025-10-01 23:13:33] ⏰ Next check in 60 seconds...
[2025-10-01 23:14:33] Found 2 VPN processes
[2025-10-01 23:14:33]   port_5000: PID 51931, CPU 0.0%, Memory 0.2%
[2025-10-01 23:14:33]   port_5002: PID 51933, CPU 0.0%, Memory 0.2%
[2025-10-01 23:14:33] Memory: 47.8% used (1431.0MB / 2992.7MB)
[2025-10-01 23:14:33] ✅ VPN processes running normally
[2025-10-01 23:14:33] ⏰ Next check in 60 seconds...
[2025-10-01 23:15:33] Found 2 VPN processes
[2025-10-01 23:15:33]   port_5000: PID 51931, CPU 0.0%, Memory 0.2%
[2025-10-01 23:15:33]   port_5002: PID 51933, CPU 0.4%, Memory 0.2%
[2025-10-01 23:15:33] Memory: 47.5% used (1436.6MB / 3026.6MB)
[2025-10-01 23:15:33] ✅ VPN processes running normally
[2025-10-01 23:15:33] ⏰ Next check in 60 seconds...
[2025-10-01 23:16:33] No VPN processes found
[2025-10-01 23:16:33] Memory: 48.7% used (1483.6MB / 3046.5MB)
[2025-10-01 23:16:33] 😴 All VPN processes in sleep mode
[2025-10-01 23:16:33] ⏰ Next check in 60 seconds...
[2025-10-01 23:17:33] No VPN processes found
[2025-10-01 23:17:33] Memory: 46.6% used (1408.5MB / 3024.2MB)
[2025-10-01 23:17:33] 😴 All VPN processes in sleep mode
[2025-10-01 23:17:33] ⏰ Next check in 60 seconds...
[2025-10-01 23:18:33] No VPN processes found
[2025-10-01 23:18:33] Memory: 46.6% used (1405.8MB / 3016.6MB)
[2025-10-01 23:18:33] 😴 All VPN processes in sleep mode
[2025-10-01 23:18:33] ⏰ Next check in 60 seconds...
[2025-10-01 23:19:33] No VPN processes found
[2025-10-01 23:19:33] Memory: 47.7% used (1430.5MB / 3001.4MB)
[2025-10-01 23:19:33] 😴 All VPN processes in sleep mode
[2025-10-01 23:19:33] ⏰ Next check in 60 seconds...
[2025-10-01 23:20:34] No VPN processes found
[2025-10-01 23:20:34] Memory: 47.5% used (1437.3MB / 3029.0MB)
[2025-10-01 23:20:34] 😴 All VPN processes in sleep mode
[2025-10-01 23:20:34] ⏰ Next check in 60 seconds...
[2025-10-01 23:21:34] No VPN processes found
[2025-10-01 23:21:34] Memory: 48.6% used (1458.1MB / 2999.7MB)
[2025-10-01 23:21:34] 😴 All VPN processes in sleep mode
[2025-10-01 23:21:34] ⏰ Next check in 60 seconds...
[2025-10-01 23:22:34] No VPN processes found
[2025-10-01 23:22:34] Memory: 49.5% used (1480.1MB / 2987.9MB)
[2025-10-01 23:22:34] 😴 All VPN processes in sleep mode
[2025-10-01 23:22:34] ⏰ Next check in 60 seconds...
[2025-10-01 23:23:34] No VPN processes found
[2025-10-01 23:23:34] Memory: 48.1% used (1452.9MB / 3020.2MB)
[2025-10-01 23:23:34] 😴 All VPN processes in sleep mode
[2025-10-01 23:23:34] ⏰ Next check in 60 seconds...
[2025-10-01 23:24:34] No VPN processes found
[2025-10-01 23:24:34] Memory: 48.2% used (1456.2MB / 3020.9MB)
[2025-10-01 23:24:34] 😴 All VPN processes in sleep mode
[2025-10-01 23:24:34] ⏰ Next check in 60 seconds...
[2025-10-01 23:25:34] No VPN processes found
[2025-10-01 23:25:34] Memory: 48.4% used (1461.7MB / 3019.4MB)
[2025-10-01 23:25:34] 😴 All VPN processes in sleep mode
[2025-10-01 23:25:34] ⏰ Next check in 60 seconds...
[2025-10-01 23:26:34] No VPN processes found
[2025-10-01 23:26:34] Memory: 48.6% used (1473.3MB / 3028.6MB)
[2025-10-01 23:26:34] 😴 All VPN processes in sleep mode
[2025-10-01 23:26:34] ⏰ Next check in 60 seconds...
[2025-10-01 23:27:34] No VPN processes found
[2025-10-01 23:27:34] Memory: 48.7% used (1469.6MB / 3016.3MB)
[2025-10-01 23:27:34] 😴 All VPN processes in sleep mode
[2025-10-01 23:27:34] ⏰ Next check in 60 seconds...
[2025-10-01 23:28:35] No VPN processes found
[2025-10-01 23:28:35] Memory: 48.5% used (1467.9MB / 3026.1MB)
[2025-10-01 23:28:35] 😴 All VPN processes in sleep mode
[2025-10-01 23:28:35] ⏰ Next check in 60 seconds...
[2025-10-01 23:29:35] No VPN processes found
[2025-10-01 23:29:35] Memory: 48.3% used (1461.9MB / 3024.8MB)
[2025-10-01 23:29:35] 😴 All VPN processes in sleep mode
[2025-10-01 23:29:35] ⏰ Next check in 60 seconds...
[2025-10-01 23:30:35] No VPN processes found
[2025-10-01 23:30:35] Memory: 49.2% used (1484.0MB / 3018.8MB)
[2025-10-01 23:30:35] 😴 All VPN processes in sleep mode
[2025-10-01 23:30:35] ⏰ Next check in 60 seconds...
[2025-10-01 23:31:35] No VPN processes found
[2025-10-01 23:31:35] Memory: 49.4% used (1489.9MB / 3015.5MB)
[2025-10-01 23:31:35] 😴 All VPN processes in sleep mode
[2025-10-01 23:31:35] ⏰ Next check in 60 seconds...
[2025-10-01 23:32:35] No VPN processes found
[2025-10-01 23:32:35] Memory: 50.1% used (1517.6MB / 3029.6MB)
[2025-10-01 23:32:35] 😴 All VPN processes in sleep mode
[2025-10-01 23:32:35] ⏰ Next check in 60 seconds...
[2025-10-01 23:33:35] No VPN processes found
[2025-10-01 23:33:35] Memory: 49.9% used (1509.9MB / 3028.3MB)
[2025-10-01 23:33:35] 😴 All VPN processes in sleep mode
[2025-10-01 23:33:35] ⏰ Next check in 60 seconds...
[2025-10-01 23:34:35] No VPN processes found
[2025-10-01 23:34:35] Memory: 50.1% used (1519.3MB / 3030.8MB)
[2025-10-01 23:34:35] 😴 All VPN processes in sleep mode
[2025-10-01 23:34:35] ⏰ Next check in 60 seconds...
[2025-10-01 23:35:36] No VPN processes found
[2025-10-01 23:35:36] Memory: 50.3% used (1521.9MB / 3026.3MB)
[2025-10-01 23:35:36] 😴 All VPN processes in sleep mode
[2025-10-01 23:35:36] ⏰ Next check in 60 seconds...
[2025-10-01 23:36:36] No VPN processes found
[2025-10-01 23:36:36] Memory: 49.9% used (1512.7MB / 3028.5MB)
[2025-10-01 23:36:36] 😴 All VPN processes in sleep mode
[2025-10-01 23:36:36] ⏰ Next check in 60 seconds...
[2025-10-01 23:37:36] No VPN processes found
[2025-10-01 23:37:36] Memory: 50.3% used (1523.5MB / 3027.9MB)
[2025-10-01 23:37:36] 😴 All VPN processes in sleep mode
[2025-10-01 23:37:36] ⏰ Next check in 60 seconds...
[2025-10-01 23:38:36] No VPN processes found
[2025-10-01 23:38:36] Memory: 48.8% used (1475.3MB / 3025.5MB)
[2025-10-01 23:38:36] 😴 All VPN processes in sleep mode
[2025-10-01 23:38:36] ⏰ Next check in 60 seconds...
[2025-10-01 23:39:36] No VPN processes found
[2025-10-01 23:39:36] Memory: 48.6% used (1479.0MB / 3042.5MB)
[2025-10-01 23:39:36] 😴 All VPN processes in sleep mode
[2025-10-01 23:39:36] ⏰ Next check in 60 seconds...
[2025-10-01 23:40:36] No VPN processes found
[2025-10-01 23:40:36] Memory: 49.6% used (1503.5MB / 3028.7MB)
[2025-10-01 23:40:36] 😴 All VPN processes in sleep mode
[2025-10-01 23:40:36] ⏰ Next check in 60 seconds...
[2025-10-01 23:41:36] No VPN processes found
[2025-10-01 23:41:36] Memory: 49.8% used (1503.3MB / 3017.1MB)
[2025-10-01 23:41:36] 😴 All VPN processes in sleep mode
[2025-10-01 23:41:36] ⏰ Next check in 60 seconds...
[2025-10-01 23:42:36] No VPN processes found
[2025-10-01 23:42:36] Memory: 49.5% used (1493.8MB / 3019.0MB)
[2025-10-01 23:42:36] 😴 All VPN processes in sleep mode
[2025-10-01 23:42:36] ⏰ Next check in 60 seconds...
[2025-10-01 23:43:36] No VPN processes found
[2025-10-01 23:43:36] Memory: 49.7% used (1513.0MB / 3044.0MB)
[2025-10-01 23:43:36] 😴 All VPN processes in sleep mode
[2025-10-01 23:43:36] ⏰ Next check in 60 seconds...
[2025-10-01 23:44:37] No VPN processes found
[2025-10-01 23:44:37] Memory: 49.6% used (1505.7MB / 3034.3MB)
[2025-10-01 23:44:37] 😴 All VPN processes in sleep mode
[2025-10-01 23:44:37] ⏰ Next check in 60 seconds...
[2025-10-01 23:45:37] No VPN processes found
[2025-10-01 23:45:37] Memory: 49.5% used (1498.0MB / 3025.5MB)
[2025-10-01 23:45:37] 😴 All VPN processes in sleep mode
[2025-10-01 23:45:37] ⏰ Next check in 60 seconds...
[2025-10-01 23:46:37] No VPN processes found
[2025-10-01 23:46:37] Memory: 50.1% used (1533.6MB / 3060.7MB)
[2025-10-01 23:46:37] 😴 All VPN processes in sleep mode
[2025-10-01 23:46:37] ⏰ Next check in 60 seconds...
[2025-10-01 23:47:37] No VPN processes found
[2025-10-01 23:47:37] Memory: 50.1% used (1510.5MB / 3012.5MB)
[2025-10-01 23:47:37] 😴 All VPN processes in sleep mode
[2025-10-01 23:47:37] ⏰ Next check in 60 seconds...
[2025-10-01 23:48:37] No VPN processes found
[2025-10-01 23:48:37] Memory: 49.7% used (1504.4MB / 3029.1MB)
[2025-10-01 23:48:37] 😴 All VPN processes in sleep mode
[2025-10-01 23:48:37] ⏰ Next check in 60 seconds...
[2025-10-01 23:49:37] No VPN processes found
[2025-10-01 23:49:37] Memory: 49.9% used (1519.3MB / 3044.6MB)
[2025-10-01 23:49:37] 😴 All VPN processes in sleep mode
[2025-10-01 23:49:37] ⏰ Next check in 60 seconds...
[2025-10-01 23:50:37] No VPN processes found
[2025-10-01 23:50:37] Memory: 49.3% used (1478.5MB / 2999.1MB)
[2025-10-01 23:50:37] 😴 All VPN processes in sleep mode
[2025-10-01 23:50:37] ⏰ Next check in 60 seconds...
[2025-10-01 23:51:37] No VPN processes found
[2025-10-01 23:51:37] Memory: 49.4% used (1479.1MB / 2996.6MB)
[2025-10-01 23:51:37] 😴 All VPN processes in sleep mode
[2025-10-01 23:51:37] ⏰ Next check in 60 seconds...
[2025-10-01 23:52:38] No VPN processes found
[2025-10-01 23:52:38] Memory: 49.7% used (1511.8MB / 3039.7MB)
[2025-10-01 23:52:38] 😴 All VPN processes in sleep mode
[2025-10-01 23:52:38] ⏰ Next check in 60 seconds...
[2025-10-01 23:53:38] No VPN processes found
[2025-10-01 23:53:38] Memory: 50.0% used (1517.0MB / 3034.4MB)
[2025-10-01 23:53:38] 😴 All VPN processes in sleep mode
[2025-10-01 23:53:38] ⏰ Next check in 60 seconds...
[2025-10-01 23:54:38] No VPN processes found
[2025-10-01 23:54:38] Memory: 50.1% used (1518.7MB / 3031.2MB)
[2025-10-01 23:54:38] 😴 All VPN processes in sleep mode
[2025-10-01 23:54:38] ⏰ Next check in 60 seconds...
[2025-10-01 23:55:38] No VPN processes found
[2025-10-01 23:55:38] Memory: 50.0% used (1517.5MB / 3032.7MB)
[2025-10-01 23:55:38] 😴 All VPN processes in sleep mode
[2025-10-01 23:55:38] ⏰ Next check in 60 seconds...
[2025-10-01 23:56:38] No VPN processes found
[2025-10-01 23:56:38] Memory: 50.0% used (1515.3MB / 3033.0MB)
[2025-10-01 23:56:38] 😴 All VPN processes in sleep mode
[2025-10-01 23:56:38] ⏰ Next check in 60 seconds...
[2025-10-01 23:57:38] No VPN processes found
[2025-10-01 23:57:38] Memory: 50.1% used (1515.4MB / 3025.1MB)
[2025-10-01 23:57:38] 🛑 Received shutdown signal, stopping monitor...
[2025-10-01 23:57:38] 😴 All VPN processes in sleep mode
[2025-10-01 23:57:38] ⏰ Next check in 60 seconds...
[2025-10-01 23:58:38] 🏁 VPN Monitor stopped
