Command line invocation:
    /Applications/Xcode.app/Contents/Developer/usr/bin/xcodebuild -project /Users/sergejhlystov/ALADDIN_NEW/ALADDIN_NEW/mobile_apps/ALADDIN_iOS/ALADDIN.xcodeproj -scheme ALADDIN -sdk iphonesimulator build

User defaults from command line:
    IDEPackageSupportUseBuiltinSCM = YES

Build settings from command line:
    SDKROOT = iphonesimulator15.2

--- xcodebuild: WARNING: Using the first of multiple matching destinations:
{ platform:iOS Simulator, id:dvtdevice-DVTiOSDeviceSimulatorPlaceholder-iphonesimulator:placeholder, name:Any iOS Simulator Device }
{ platform:iOS Simulator, id:FA88B058-EE7F-4371-9668-74EEEBADD280, OS:15.2, name:iPhone 8 }
{ platform:iOS Simulator, id:D6F31DD2-9156-4A70-BD6D-5259B8E1C703, OS:15.2, name:iPhone 8 Plus }
{ platform:iOS Simulator, id:D78B8561-CF19-41E4-BAC6-82A1D391614C, OS:15.2, name:iPhone 11 }
{ platform:iOS Simulator, id:5D942103-EA2D-48CD-AC1D-9462D6906021, OS:15.2, name:iPhone 11 Pro }
{ platform:iOS Simulator, id:13EA3AB9-49EE-4349-95F1-015F8A0AFC1B, OS:15.2, name:iPhone 11 Pro Max (iOS 15.2) fresh }
{ platform:iOS Simulator, id:B888E7F1-CFFD-449B-9476-7C7C9D454C8E, OS:15.2, name:iPhone 12 }
{ platform:iOS Simulator, id:693D14D0-6435-4667-9111-EE3C937A8BC8, OS:15.2, name:iPhone 12 Pro }
{ platform:iOS Simulator, id:0DC1E7B5-C357-417D-8CCB-897C0D794F41, OS:15.2, name:iPhone 12 Pro Max }
{ platform:iOS Simulator, id:F64834BF-FEDB-4A6C-A28D-084F67B5E067, OS:15.2, name:iPhone 12 mini }
{ platform:iOS Simulator, id:A45A91AB-838D-4C72-9EAA-B6707D1DB851, OS:15.2, name:iPhone 13 }
{ platform:iOS Simulator, id:9F37D502-2E1D-42A5-88BD-2E4C5428A262, OS:15.2, name:iPhone 13 Pro }
{ platform:iOS Simulator, id:5931FA61-D52D-4A38-B97F-32505BDE516C, OS:15.2, name:iPhone 13 Pro Max }
{ platform:iOS Simulator, id:64741B21-43F2-4F00-AF0B-95621D87C9D0, OS:15.2, name:iPhone 13 mini }
{ platform:iOS Simulator, id:5BD8449B-1215-4A23-950B-6F024C79C3A1, OS:15.2, name:iPhone SE (2nd generation) }
{ platform:iOS Simulator, id:BEEECDE4-EA60-4282-BCBA-F0DA0AB72472, OS:15.2, name:iPod touch (7th generation) }
{ platform:iOS, id:dvtdevice-DVTiPhonePlaceholder-iphoneos:placeholder, name:Any iOS Device }
{ platform:iOS, id:00008030-001C141E2660402E, name:iPhone }
{ platform:iOS Simulator, id:DF2AC4D2-F462-47A8-BA7A-92A593156162, OS:15.2, name:iPad (9th generation) }
{ platform:iOS Simulator, id:A76E0B71-E886-492D-AC5C-3555E3C346DB, OS:15.2, name:iPad Air (4th generation) }
{ platform:iOS Simulator, id:20B4B2A3-D17B-4625-9ECC-6E0C50E9AC5B, OS:15.2, name:iPad Pro (9.7-inch) }
{ platform:iOS Simulator, id:F3A91C37-6F72-41FD-BDBD-EA9867AE655D, OS:15.2, name:iPad Pro (11-inch) (3rd generation) }
{ platform:iOS Simulator, id:4313A7D9-B3A9-494D-A71F-BBF25DD89BD3, OS:15.2, name:iPad Pro (12.9-inch) (5th generation) }
{ platform:iOS Simulator, id:71A09E30-7386-4FCF-A029-F78579A5F2A9, OS:15.2, name:iPad mini (6th generation) }
note: Using new build system
note: Planning
Analyze workspace

Create build description
Build description signature: 8c954266e1ab59b30c4ebcc45c6951f3
Build description path: /Users/sergejhlystov/Library/Developer/Xcode/DerivedData/ALADDIN-eahryzmutvtbyceygnlyjsmiiaha/Build/Intermediates.noindex/XCBuildData/8c954266e1ab59b30c4ebcc45c6951f3-desc.xcbuild

note: Build preparation complete
note: Building targets in dependency order
note: Swift build system integration enabled.
SwiftDriver ALADDINContentBlocker normal arm64 com.apple.xcode.tools.swift.compiler (in target 'ALADDINContentBlocker' from project 'ALADDIN')
    cd /Users/sergejhlystov/ALADDIN_NEW/ALADDIN_NEW/mobile_apps/ALADDIN_iOS
    export DEVELOPER_DIR\=/Applications/Xcode.app/Contents/Developer
    export SDKROOT\=/Applications/Xcode.app/Contents/Developer/Platforms/iPhoneSimulator.platform/Developer/SDKs/iPhoneSimulator15.2.sdk
    builtin-SwiftDriver -o /Users/sergejhlystov/Library/Developer/Xcode/DerivedData/ALADDIN-eahryzmutvtbyceygnlyjsmiiaha/Build/Intermediates.noindex/ALADDIN.build/Debug-iphonesimulator/ALADDINContentBlocker.build/Objects-normal/arm64/ALADDINContentBlocker\ Swift\ Driver\ Planning\ Finished -- /Applications/Xcode.app/Contents/Developer/Toolchains/XcodeDefault.xctoolchain/usr/bin/swiftc -incremental -module-name ALADDINContentBlocker -Onone -enable-batch-mode -enforce-exclusivity\=checked @/Users/sergejhlystov/Library/Developer/Xcode/DerivedData/ALADDIN-eahryzmutvtbyceygnlyjsmiiaha/Build/Intermediates.noindex/ALADDIN.build/Debug-iphonesimulator/ALADDINContentBlocker.build/Objects-normal/arm64/ALADDINContentBlocker.SwiftFileList -DDEBUG -sdk /Applications/Xcode.app/Contents/Developer/Platforms/iPhoneSimulator.platform/Developer/SDKs/iPhoneSimulator15.2.sdk -target arm64-apple-ios15.2-simulator -g -module-cache-path /Users/sergejhlystov/Library/Developer/Xcode/DerivedData/ModuleCache.noindex -Xfrontend -serialize-debugging-options -application-extension -enable-testing -index-store-path /Users/sergejhlystov/Library/Developer/Xcode/DerivedData/ALADDIN-eahryzmutvtbyceygnlyjsmiiaha/Index/DataStore -swift-version 5 -I /Users/sergejhlystov/Library/Developer/Xcode/DerivedData/ALADDIN-eahryzmutvtbyceygnlyjsmiiaha/Build/Products/Debug-iphonesimulator -F /Users/sergejhlystov/Library/Developer/Xcode/DerivedData/ALADDIN-eahryzmutvtbyceygnlyjsmiiaha/Build/Products/Debug-iphonesimulator -parse-as-library -emit-localized-strings -emit-localized-strings-path /Users/sergejhlystov/Library/Developer/Xcode/DerivedData/ALADDIN-eahryzmutvtbyceygnlyjsmiiaha/Build/Intermediates.noindex/ALADDIN.build/Debug-iphonesimulator/ALADDINContentBlocker.build/Objects-normal/arm64 -c -j8 -output-file-map /Users/sergejhlystov/Library/Developer/Xcode/DerivedData/ALADDIN-eahryzmutvtbyceygnlyjsmiiaha/Build/Intermediates.noindex/ALADDIN.build/Debug-iphonesimulator/ALADDINContentBlocker.build/Objects-normal/arm64/ALADDINContentBlocker-OutputFileMap.json -save-temps -no-color-diagnostics -serialize-diagnostics -emit-dependencies -emit-module -emit-module-path /Users/sergejhlystov/Library/Developer/Xcode/DerivedData/ALADDIN-eahryzmutvtbyceygnlyjsmiiaha/Build/Intermediates.noindex/ALADDIN.build/Debug-iphonesimulator/ALADDINContentBlocker.build/Objects-normal/arm64/ALADDINContentBlocker.swiftmodule -Xcc -I/Users/sergejhlystov/Library/Developer/Xcode/DerivedData/ALADDIN-eahryzmutvtbyceygnlyjsmiiaha/Build/Intermediates.noindex/ALADDIN.build/Debug-iphonesimulator/ALADDINContentBlocker.build/swift-overrides.hmap -Xcc -iquote -Xcc /Users/sergejhlystov/Library/Developer/Xcode/DerivedData/ALADDIN-eahryzmutvtbyceygnlyjsmiiaha/Build/Intermediates.noindex/ALADDIN.build/Debug-iphonesimulator/ALADDINContentBlocker.build/ALADDINContentBlocker-generated-files.hmap -Xcc -I/Users/sergejhlystov/Library/Developer/Xcode/DerivedData/ALADDIN-eahryzmutvtbyceygnlyjsmiiaha/Build/Intermediates.noindex/ALADDIN.build/Debug-iphonesimulator/ALADDINContentBlocker.build/ALADDINContentBlocker-own-target-headers.hmap -Xcc -I/Users/sergejhlystov/Library/Developer/Xcode/DerivedData/ALADDIN-eahryzmutvtbyceygnlyjsmiiaha/Build/Intermediates.noindex/ALADDIN.build/Debug-iphonesimulator/ALADDINContentBlocker.build/ALADDINContentBlocker-all-target-headers.hmap -Xcc -iquote -Xcc /Users/sergejhlystov/Library/Developer/Xcode/DerivedData/ALADDIN-eahryzmutvtbyceygnlyjsmiiaha/Build/Intermediates.noindex/ALADDIN.build/Debug-iphonesimulator/ALADDINContentBlocker.build/ALADDINContentBlocker-project-headers.hmap -Xcc -I/Users/sergejhlystov/Library/Developer/Xcode/DerivedData/ALADDIN-eahryzmutvtbyceygnlyjsmiiaha/Build/Products/Debug-iphonesimulator/include -Xcc -I/Users/sergejhlystov/Library/Developer/Xcode/DerivedData/ALADDIN-eahryzmutvtbyceygnlyjsmiiaha/Build/Intermediates.noindex/ALADDIN.build/Debug-iphonesimulator/ALADDINContentBlocker.build/DerivedSources-normal/arm64 -Xcc -I/Users/sergejhlystov/Library/Developer/Xcode/DerivedData/ALADDIN-eahryzmutvtbyceygnlyjsmiiaha/Build/Intermediates.noindex/ALADDIN.build/Debug-iphonesimulator/ALADDINContentBlocker.build/DerivedSources/arm64 -Xcc -I/Users/sergejhlystov/Library/Developer/Xcode/DerivedData/ALADDIN-eahryzmutvtbyceygnlyjsmiiaha/Build/Intermediates.noindex/ALADDIN.build/Debug-iphonesimulator/ALADDINContentBlocker.build/DerivedSources -Xcc -DDEBUG\=1 -emit-objc-header -emit-objc-header-path /Users/sergejhlystov/Library/Developer/Xcode/DerivedData/ALADDIN-eahryzmutvtbyceygnlyjsmiiaha/Build/Intermediates.noindex/ALADDIN.build/Debug-iphonesimulator/ALADDINContentBlocker.build/Objects-normal/arm64/ALADDINContentBlocker-Swift.h -working-directory /Users/sergejhlystov/ALADDIN_NEW/ALADDIN_NEW/mobile_apps/ALADDIN_iOS -experimental-emit-module-separately

SwiftDriverJob-Emit-Module normal arm64 Emitting\ module\ for\ ALADDINContentBlocker (in target 'ALADDINContentBlocker' from project 'ALADDIN')
    cd /Users/sergejhlystov/ALADDIN_NEW/ALADDIN_NEW/mobile_apps/ALADDIN_iOS
    export DEVELOPER_DIR\=/Applications/Xcode.app/Contents/Developer
    export SDKROOT\=/Applications/Xcode.app/Contents/Developer/Platforms/iPhoneSimulator.platform/Developer/SDKs/iPhoneSimulator15.2.sdk
    builtin-swiftDriverJobExecution -- /Applications/Xcode.app/Contents/Developer/Toolchains/XcodeDefault.xctoolchain/usr/bin/swift-frontend -frontend -emit-module -experimental-skip-non-inlinable-function-bodies-without-types /Users/sergejhlystov/ALADDIN_NEW/ALADDIN_NEW/mobile_apps/ALADDIN_iOS/ALADDINContentBlocker/ActionRequestHandler.swift -target arm64-apple-ios15.2-simulator -Xllvm -aarch64-use-tbi -enable-objc-interop -sdk /Applications/Xcode.app/Contents/Developer/Platforms/iPhoneSimulator.platform/Developer/SDKs/iPhoneSimulator15.2.sdk -I /Users/sergejhlystov/Library/Developer/Xcode/DerivedData/ALADDIN-eahryzmutvtbyceygnlyjsmiiaha/Build/Products/Debug-iphonesimulator -F /Users/sergejhlystov/Library/Developer/Xcode/DerivedData/ALADDIN-eahryzmutvtbyceygnlyjsmiiaha/Build/Products/Debug-iphonesimulator -no-color-diagnostics -application-extension -enable-testing -g -module-cache-path /Users/sergejhlystov/Library/Developer/Xcode/DerivedData/ModuleCache.noindex -emit-localized-strings -emit-localized-strings-path /Users/sergejhlystov/Library/Developer/Xcode/DerivedData/ALADDIN-eahryzmutvtbyceygnlyjsmiiaha/Build/Intermediates.noindex/ALADDIN.build/Debug-iphonesimulator/ALADDINContentBlocker.build/Objects-normal/arm64 -swift-version 5 -enforce-exclusivity\=checked -Onone -D DEBUG -serialize-debugging-options -Xcc -working-directory -Xcc /Users/sergejhlystov/ALADDIN_NEW/ALADDIN_NEW/mobile_apps/ALADDIN_iOS -resource-dir /Applications/Xcode.app/Contents/Developer/Toolchains/XcodeDefault.xctoolchain/usr/lib/swift -enable-anonymous-context-mangled-names -Xcc -I/Users/sergejhlystov/Library/Developer/Xcode/DerivedData/ALADDIN-eahryzmutvtbyceygnlyjsmiiaha/Build/Intermediates.noindex/ALADDIN.build/Debug-iphonesimulator/ALADDINContentBlocker.build/swift-overrides.hmap -Xcc -iquote -Xcc /Users/sergejhlystov/Library/Developer/Xcode/DerivedData/ALADDIN-eahryzmutvtbyceygnlyjsmiiaha/Build/Intermediates.noindex/ALADDIN.build/Debug-iphonesimulator/ALADDINContentBlocker.build/ALADDINContentBlocker-generated-files.hmap -Xcc -I/Users/sergejhlystov/Library/Developer/Xcode/DerivedData/ALADDIN-eahryzmutvtbyceygnlyjsmiiaha/Build/Intermediates.noindex/ALADDIN.build/Debug-iphonesimulator/ALADDINContentBlocker.build/ALADDINContentBlocker-own-target-headers.hmap -Xcc -I/Users/sergejhlystov/Library/Developer/Xcode/DerivedData/ALADDIN-eahryzmutvtbyceygnlyjsmiiaha/Build/Intermediates.noindex/ALADDIN.build/Debug-iphonesimulator/ALADDINContentBlocker.build/ALADDINContentBlocker-all-target-headers.hmap -Xcc -iquote -Xcc /Users/sergejhlystov/Library/Developer/Xcode/DerivedData/ALADDIN-eahryzmutvtbyceygnlyjsmiiaha/Build/Intermediates.noindex/ALADDIN.build/Debug-iphonesimulator/ALADDINContentBlocker.build/ALADDINContentBlocker-project-headers.hmap -Xcc -I/Users/sergejhlystov/Library/Developer/Xcode/DerivedData/ALADDIN-eahryzmutvtbyceygnlyjsmiiaha/Build/Products/Debug-iphonesimulator/include -Xcc -I/Users/sergejhlystov/Library/Developer/Xcode/DerivedData/ALADDIN-eahryzmutvtbyceygnlyjsmiiaha/Build/Intermediates.noindex/ALADDIN.build/Debug-iphonesimulator/ALADDINContentBlocker.build/DerivedSources-normal/arm64 -Xcc -I/Users/sergejhlystov/Library/Developer/Xcode/DerivedData/ALADDIN-eahryzmutvtbyceygnlyjsmiiaha/Build/Intermediates.noindex/ALADDIN.build/Debug-iphonesimulator/ALADDINContentBlocker.build/DerivedSources/arm64 -Xcc -I/Users/sergejhlystov/Library/Developer/Xcode/DerivedData/ALADDIN-eahryzmutvtbyceygnlyjsmiiaha/Build/Intermediates.noindex/ALADDIN.build/Debug-iphonesimulator/ALADDINContentBlocker.build/DerivedSources -Xcc -DDEBUG\=1 -module-name ALADDINContentBlocker -target-sdk-version 15.2.0 -emit-module-doc-path /Users/sergejhlystov/Library/Developer/Xcode/DerivedData/ALADDIN-eahryzmutvtbyceygnlyjsmiiaha/Build/Intermediates.noindex/ALADDIN.build/Debug-iphonesimulator/ALADDINContentBlocker.build/Objects-normal/arm64/ALADDINContentBlocker.swiftdoc -emit-module-source-info-path /Users/sergejhlystov/Library/Developer/Xcode/DerivedData/ALADDIN-eahryzmutvtbyceygnlyjsmiiaha/Build/Intermediates.noindex/ALADDIN.build/Debug-iphonesimulator/ALADDINContentBlocker.build/Objects-normal/arm64/ALADDINContentBlocker.swiftsourceinfo -emit-objc-header-path /Users/sergejhlystov/Library/Developer/Xcode/DerivedData/ALADDIN-eahryzmutvtbyceygnlyjsmiiaha/Build/Intermediates.noindex/ALADDIN.build/Debug-iphonesimulator/ALADDINContentBlocker.build/Objects-normal/arm64/ALADDINContentBlocker-Swift.h -parse-as-library -o /Users/sergejhlystov/Library/Developer/Xcode/DerivedData/ALADDIN-eahryzmutvtbyceygnlyjsmiiaha/Build/Intermediates.noindex/ALADDIN.build/Debug-iphonesimulator/ALADDINContentBlocker.build/Objects-normal/arm64/ALADDINContentBlocker.swiftmodule -emit-abi-descriptor-path /Users/sergejhlystov/Library/Developer/Xcode/DerivedData/ALADDIN-eahryzmutvtbyceygnlyjsmiiaha/Build/Intermediates.noindex/ALADDIN.build/Debug-iphonesimulator/ALADDINContentBlocker.build/Objects-normal/arm64/ALADDINContentBlocker.abi.json

SwiftDriver\ Compilation\ Requirements ALADDINContentBlocker normal arm64 com.apple.xcode.tools.swift.compiler (in target 'ALADDINContentBlocker' from project 'ALADDIN')
    cd /Users/sergejhlystov/ALADDIN_NEW/ALADDIN_NEW/mobile_apps/ALADDIN_iOS
    export DEVELOPER_DIR\=/Applications/Xcode.app/Contents/Developer
    export SDKROOT\=/Applications/Xcode.app/Contents/Developer/Platforms/iPhoneSimulator.platform/Developer/SDKs/iPhoneSimulator15.2.sdk
    builtin-Swift-Compilation-Requirements -- /Applications/Xcode.app/Contents/Developer/Toolchains/XcodeDefault.xctoolchain/usr/bin/swiftc -incremental -module-name ALADDINContentBlocker -Onone -enable-batch-mode -enforce-exclusivity\=checked @/Users/sergejhlystov/Library/Developer/Xcode/DerivedData/ALADDIN-eahryzmutvtbyceygnlyjsmiiaha/Build/Intermediates.noindex/ALADDIN.build/Debug-iphonesimulator/ALADDINContentBlocker.build/Objects-normal/arm64/ALADDINContentBlocker.SwiftFileList -DDEBUG -sdk /Applications/Xcode.app/Contents/Developer/Platforms/iPhoneSimulator.platform/Developer/SDKs/iPhoneSimulator15.2.sdk -target arm64-apple-ios15.2-simulator -g -module-cache-path /Users/sergejhlystov/Library/Developer/Xcode/DerivedData/ModuleCache.noindex -Xfrontend -serialize-debugging-options -application-extension -enable-testing -index-store-path /Users/sergejhlystov/Library/Developer/Xcode/DerivedData/ALADDIN-eahryzmutvtbyceygnlyjsmiiaha/Index/DataStore -swift-version 5 -I /Users/sergejhlystov/Library/Developer/Xcode/DerivedData/ALADDIN-eahryzmutvtbyceygnlyjsmiiaha/Build/Products/Debug-iphonesimulator -F /Users/sergejhlystov/Library/Developer/Xcode/DerivedData/ALADDIN-eahryzmutvtbyceygnlyjsmiiaha/Build/Products/Debug-iphonesimulator -parse-as-library -emit-localized-strings -emit-localized-strings-path /Users/sergejhlystov/Library/Developer/Xcode/DerivedData/ALADDIN-eahryzmutvtbyceygnlyjsmiiaha/Build/Intermediates.noindex/ALADDIN.build/Debug-iphonesimulator/ALADDINContentBlocker.build/Objects-normal/arm64 -c -j8 -output-file-map /Users/sergejhlystov/Library/Developer/Xcode/DerivedData/ALADDIN-eahryzmutvtbyceygnlyjsmiiaha/Build/Intermediates.noindex/ALADDIN.build/Debug-iphonesimulator/ALADDINContentBlocker.build/Objects-normal/arm64/ALADDINContentBlocker-OutputFileMap.json -save-temps -no-color-diagnostics -serialize-diagnostics -emit-dependencies -emit-module -emit-module-path /Users/sergejhlystov/Library/Developer/Xcode/DerivedData/ALADDIN-eahryzmutvtbyceygnlyjsmiiaha/Build/Intermediates.noindex/ALADDIN.build/Debug-iphonesimulator/ALADDINContentBlocker.build/Objects-normal/arm64/ALADDINContentBlocker.swiftmodule -Xcc -I/Users/sergejhlystov/Library/Developer/Xcode/DerivedData/ALADDIN-eahryzmutvtbyceygnlyjsmiiaha/Build/Intermediates.noindex/ALADDIN.build/Debug-iphonesimulator/ALADDINContentBlocker.build/swift-overrides.hmap -Xcc -iquote -Xcc /Users/sergejhlystov/Library/Developer/Xcode/DerivedData/ALADDIN-eahryzmutvtbyceygnlyjsmiiaha/Build/Intermediates.noindex/ALADDIN.build/Debug-iphonesimulator/ALADDINContentBlocker.build/ALADDINContentBlocker-generated-files.hmap -Xcc -I/Users/sergejhlystov/Library/Developer/Xcode/DerivedData/ALADDIN-eahryzmutvtbyceygnlyjsmiiaha/Build/Intermediates.noindex/ALADDIN.build/Debug-iphonesimulator/ALADDINContentBlocker.build/ALADDINContentBlocker-own-target-headers.hmap -Xcc -I/Users/sergejhlystov/Library/Developer/Xcode/DerivedData/ALADDIN-eahryzmutvtbyceygnlyjsmiiaha/Build/Intermediates.noindex/ALADDIN.build/Debug-iphonesimulator/ALADDINContentBlocker.build/ALADDINContentBlocker-all-target-headers.hmap -Xcc -iquote -Xcc /Users/sergejhlystov/Library/Developer/Xcode/DerivedData/ALADDIN-eahryzmutvtbyceygnlyjsmiiaha/Build/Intermediates.noindex/ALADDIN.build/Debug-iphonesimulator/ALADDINContentBlocker.build/ALADDINContentBlocker-project-headers.hmap -Xcc -I/Users/sergejhlystov/Library/Developer/Xcode/DerivedData/ALADDIN-eahryzmutvtbyceygnlyjsmiiaha/Build/Products/Debug-iphonesimulator/include -Xcc -I/Users/sergejhlystov/Library/Developer/Xcode/DerivedData/ALADDIN-eahryzmutvtbyceygnlyjsmiiaha/Build/Intermediates.noindex/ALADDIN.build/Debug-iphonesimulator/ALADDINContentBlocker.build/DerivedSources-normal/arm64 -Xcc -I/Users/sergejhlystov/Library/Developer/Xcode/DerivedData/ALADDIN-eahryzmutvtbyceygnlyjsmiiaha/Build/Intermediates.noindex/ALADDIN.build/Debug-iphonesimulator/ALADDINContentBlocker.build/DerivedSources/arm64 -Xcc -I/Users/sergejhlystov/Library/Developer/Xcode/DerivedData/ALADDIN-eahryzmutvtbyceygnlyjsmiiaha/Build/Intermediates.noindex/ALADDIN.build/Debug-iphonesimulator/ALADDINContentBlocker.build/DerivedSources -Xcc -DDEBUG\=1 -emit-objc-header -emit-objc-header-path /Users/sergejhlystov/Library/Developer/Xcode/DerivedData/ALADDIN-eahryzmutvtbyceygnlyjsmiiaha/Build/Intermediates.noindex/ALADDIN.build/Debug-iphonesimulator/ALADDINContentBlocker.build/Objects-normal/arm64/ALADDINContentBlocker-Swift.h -working-directory /Users/sergejhlystov/ALADDIN_NEW/ALADDIN_NEW/mobile_apps/ALADDIN_iOS -experimental-emit-module-separately

SwiftDriver ALADDINContentBlocker normal x86_64 com.apple.xcode.tools.swift.compiler (in target 'ALADDINContentBlocker' from project 'ALADDIN')
    cd /Users/sergejhlystov/ALADDIN_NEW/ALADDIN_NEW/mobile_apps/ALADDIN_iOS
    export DEVELOPER_DIR\=/Applications/Xcode.app/Contents/Developer
    export SDKROOT\=/Applications/Xcode.app/Contents/Developer/Platforms/iPhoneSimulator.platform/Developer/SDKs/iPhoneSimulator15.2.sdk
    builtin-SwiftDriver -o /Users/sergejhlystov/Library/Developer/Xcode/DerivedData/ALADDIN-eahryzmutvtbyceygnlyjsmiiaha/Build/Intermediates.noindex/ALADDIN.build/Debug-iphonesimulator/ALADDINContentBlocker.build/Objects-normal/x86_64/ALADDINContentBlocker\ Swift\ Driver\ Planning\ Finished -- /Applications/Xcode.app/Contents/Developer/Toolchains/XcodeDefault.xctoolchain/usr/bin/swiftc -incremental -module-name ALADDINContentBlocker -Onone -enable-batch-mode -enforce-exclusivity\=checked @/Users/sergejhlystov/Library/Developer/Xcode/DerivedData/ALADDIN-eahryzmutvtbyceygnlyjsmiiaha/Build/Intermediates.noindex/ALADDIN.build/Debug-iphonesimulator/ALADDINContentBlocker.build/Objects-normal/x86_64/ALADDINContentBlocker.SwiftFileList -DDEBUG -sdk /Applications/Xcode.app/Contents/Developer/Platforms/iPhoneSimulator.platform/Developer/SDKs/iPhoneSimulator15.2.sdk -target x86_64-apple-ios15.2-simulator -g -module-cache-path /Users/sergejhlystov/Library/Developer/Xcode/DerivedData/ModuleCache.noindex -Xfrontend -serialize-debugging-options -application-extension -enable-testing -index-store-path /Users/sergejhlystov/Library/Developer/Xcode/DerivedData/ALADDIN-eahryzmutvtbyceygnlyjsmiiaha/Index/DataStore -swift-version 5 -I /Users/sergejhlystov/Library/Developer/Xcode/DerivedData/ALADDIN-eahryzmutvtbyceygnlyjsmiiaha/Build/Products/Debug-iphonesimulator -F /Users/sergejhlystov/Library/Developer/Xcode/DerivedData/ALADDIN-eahryzmutvtbyceygnlyjsmiiaha/Build/Products/Debug-iphonesimulator -parse-as-library -emit-localized-strings -emit-localized-strings-path /Users/sergejhlystov/Library/Developer/Xcode/DerivedData/ALADDIN-eahryzmutvtbyceygnlyjsmiiaha/Build/Intermediates.noindex/ALADDIN.build/Debug-iphonesimulator/ALADDINContentBlocker.build/Objects-normal/x86_64 -c -j8 -output-file-map /Users/sergejhlystov/Library/Developer/Xcode/DerivedData/ALADDIN-eahryzmutvtbyceygnlyjsmiiaha/Build/Intermediates.noindex/ALADDIN.build/Debug-iphonesimulator/ALADDINContentBlocker.build/Objects-normal/x86_64/ALADDINContentBlocker-OutputFileMap.json -save-temps -no-color-diagnostics -serialize-diagnostics -emit-dependencies -emit-module -emit-module-path /Users/sergejhlystov/Library/Developer/Xcode/DerivedData/ALADDIN-eahryzmutvtbyceygnlyjsmiiaha/Build/Intermediates.noindex/ALADDIN.build/Debug-iphonesimulator/ALADDINContentBlocker.build/Objects-normal/x86_64/ALADDINContentBlocker.swiftmodule -Xcc -I/Users/sergejhlystov/Library/Developer/Xcode/DerivedData/ALADDIN-eahryzmutvtbyceygnlyjsmiiaha/Build/Intermediates.noindex/ALADDIN.build/Debug-iphonesimulator/ALADDINContentBlocker.build/swift-overrides.hmap -Xcc -iquote -Xcc /Users/sergejhlystov/Library/Developer/Xcode/DerivedData/ALADDIN-eahryzmutvtbyceygnlyjsmiiaha/Build/Intermediates.noindex/ALADDIN.build/Debug-iphonesimulator/ALADDINContentBlocker.build/ALADDINContentBlocker-generated-files.hmap -Xcc -I/Users/sergejhlystov/Library/Developer/Xcode/DerivedData/ALADDIN-eahryzmutvtbyceygnlyjsmiiaha/Build/Intermediates.noindex/ALADDIN.build/Debug-iphonesimulator/ALADDINContentBlocker.build/ALADDINContentBlocker-own-target-headers.hmap -Xcc -I/Users/sergejhlystov/Library/Developer/Xcode/DerivedData/ALADDIN-eahryzmutvtbyceygnlyjsmiiaha/Build/Intermediates.noindex/ALADDIN.build/Debug-iphonesimulator/ALADDINContentBlocker.build/ALADDINContentBlocker-all-target-headers.hmap -Xcc -iquote -Xcc /Users/sergejhlystov/Library/Developer/Xcode/DerivedData/ALADDIN-eahryzmutvtbyceygnlyjsmiiaha/Build/Intermediates.noindex/ALADDIN.build/Debug-iphonesimulator/ALADDINContentBlocker.build/ALADDINContentBlocker-project-headers.hmap -Xcc -I/Users/sergejhlystov/Library/Developer/Xcode/DerivedData/ALADDIN-eahryzmutvtbyceygnlyjsmiiaha/Build/Products/Debug-iphonesimulator/include -Xcc -I/Users/sergejhlystov/Library/Developer/Xcode/DerivedData/ALADDIN-eahryzmutvtbyceygnlyjsmiiaha/Build/Intermediates.noindex/ALADDIN.build/Debug-iphonesimulator/ALADDINContentBlocker.build/DerivedSources-normal/x86_64 -Xcc -I/Users/sergejhlystov/Library/Developer/Xcode/DerivedData/ALADDIN-eahryzmutvtbyceygnlyjsmiiaha/Build/Intermediates.noindex/ALADDIN.build/Debug-iphonesimulator/ALADDINContentBlocker.build/DerivedSources/x86_64 -Xcc -I/Users/sergejhlystov/Library/Developer/Xcode/DerivedData/ALADDIN-eahryzmutvtbyceygnlyjsmiiaha/Build/Intermediates.noindex/ALADDIN.build/Debug-iphonesimulator/ALADDINContentBlocker.build/DerivedSources -Xcc -DDEBUG\=1 -emit-objc-header -emit-objc-header-path /Users/sergejhlystov/Library/Developer/Xcode/DerivedData/ALADDIN-eahryzmutvtbyceygnlyjsmiiaha/Build/Intermediates.noindex/ALADDIN.build/Debug-iphonesimulator/ALADDINContentBlocker.build/Objects-normal/x86_64/ALADDINContentBlocker-Swift.h -working-directory /Users/sergejhlystov/ALADDIN_NEW/ALADDIN_NEW/mobile_apps/ALADDIN_iOS -experimental-emit-module-separately

SwiftDriverJob-Emit-Module normal x86_64 Emitting\ module\ for\ ALADDINContentBlocker (in target 'ALADDINContentBlocker' from project 'ALADDIN')
    cd /Users/sergejhlystov/ALADDIN_NEW/ALADDIN_NEW/mobile_apps/ALADDIN_iOS
    export DEVELOPER_DIR\=/Applications/Xcode.app/Contents/Developer
    export SDKROOT\=/Applications/Xcode.app/Contents/Developer/Platforms/iPhoneSimulator.platform/Developer/SDKs/iPhoneSimulator15.2.sdk
    builtin-swiftDriverJobExecution -- /Applications/Xcode.app/Contents/Developer/Toolchains/XcodeDefault.xctoolchain/usr/bin/swift-frontend -frontend -emit-module -experimental-skip-non-inlinable-function-bodies-without-types /Users/sergejhlystov/ALADDIN_NEW/ALADDIN_NEW/mobile_apps/ALADDIN_iOS/ALADDINContentBlocker/ActionRequestHandler.swift -target x86_64-apple-ios15.2-simulator -enable-objc-interop -sdk /Applications/Xcode.app/Contents/Developer/Platforms/iPhoneSimulator.platform/Developer/SDKs/iPhoneSimulator15.2.sdk -I /Users/sergejhlystov/Library/Developer/Xcode/DerivedData/ALADDIN-eahryzmutvtbyceygnlyjsmiiaha/Build/Products/Debug-iphonesimulator -F /Users/sergejhlystov/Library/Developer/Xcode/DerivedData/ALADDIN-eahryzmutvtbyceygnlyjsmiiaha/Build/Products/Debug-iphonesimulator -no-color-diagnostics -application-extension -enable-testing -g -module-cache-path /Users/sergejhlystov/Library/Developer/Xcode/DerivedData/ModuleCache.noindex -emit-localized-strings -emit-localized-strings-path /Users/sergejhlystov/Library/Developer/Xcode/DerivedData/ALADDIN-eahryzmutvtbyceygnlyjsmiiaha/Build/Intermediates.noindex/ALADDIN.build/Debug-iphonesimulator/ALADDINContentBlocker.build/Objects-normal/x86_64 -swift-version 5 -enforce-exclusivity\=checked -Onone -D DEBUG -serialize-debugging-options -Xcc -working-directory -Xcc /Users/sergejhlystov/ALADDIN_NEW/ALADDIN_NEW/mobile_apps/ALADDIN_iOS -resource-dir /Applications/Xcode.app/Contents/Developer/Toolchains/XcodeDefault.xctoolchain/usr/lib/swift -enable-anonymous-context-mangled-names -Xcc -I/Users/sergejhlystov/Library/Developer/Xcode/DerivedData/ALADDIN-eahryzmutvtbyceygnlyjsmiiaha/Build/Intermediates.noindex/ALADDIN.build/Debug-iphonesimulator/ALADDINContentBlocker.build/swift-overrides.hmap -Xcc -iquote -Xcc /Users/sergejhlystov/Library/Developer/Xcode/DerivedData/ALADDIN-eahryzmutvtbyceygnlyjsmiiaha/Build/Intermediates.noindex/ALADDIN.build/Debug-iphonesimulator/ALADDINContentBlocker.build/ALADDINContentBlocker-generated-files.hmap -Xcc -I/Users/sergejhlystov/Library/Developer/Xcode/DerivedData/ALADDIN-eahryzmutvtbyceygnlyjsmiiaha/Build/Intermediates.noindex/ALADDIN.build/Debug-iphonesimulator/ALADDINContentBlocker.build/ALADDINContentBlocker-own-target-headers.hmap -Xcc -I/Users/sergejhlystov/Library/Developer/Xcode/DerivedData/ALADDIN-eahryzmutvtbyceygnlyjsmiiaha/Build/Intermediates.noindex/ALADDIN.build/Debug-iphonesimulator/ALADDINContentBlocker.build/ALADDINContentBlocker-all-target-headers.hmap -Xcc -iquote -Xcc /Users/sergejhlystov/Library/Developer/Xcode/DerivedData/ALADDIN-eahryzmutvtbyceygnlyjsmiiaha/Build/Intermediates.noindex/ALADDIN.build/Debug-iphonesimulator/ALADDINContentBlocker.build/ALADDINContentBlocker-project-headers.hmap -Xcc -I/Users/sergejhlystov/Library/Developer/Xcode/DerivedData/ALADDIN-eahryzmutvtbyceygnlyjsmiiaha/Build/Products/Debug-iphonesimulator/include -Xcc -I/Users/sergejhlystov/Library/Developer/Xcode/DerivedData/ALADDIN-eahryzmutvtbyceygnlyjsmiiaha/Build/Intermediates.noindex/ALADDIN.build/Debug-iphonesimulator/ALADDINContentBlocker.build/DerivedSources-normal/x86_64 -Xcc -I/Users/sergejhlystov/Library/Developer/Xcode/DerivedData/ALADDIN-eahryzmutvtbyceygnlyjsmiiaha/Build/Intermediates.noindex/ALADDIN.build/Debug-iphonesimulator/ALADDINContentBlocker.build/DerivedSources/x86_64 -Xcc -I/Users/sergejhlystov/Library/Developer/Xcode/DerivedData/ALADDIN-eahryzmutvtbyceygnlyjsmiiaha/Build/Intermediates.noindex/ALADDIN.build/Debug-iphonesimulator/ALADDINContentBlocker.build/DerivedSources -Xcc -DDEBUG\=1 -module-name ALADDINContentBlocker -target-sdk-version 15.2.0 -emit-module-doc-path /Users/sergejhlystov/Library/Developer/Xcode/DerivedData/ALADDIN-eahryzmutvtbyceygnlyjsmiiaha/Build/Intermediates.noindex/ALADDIN.build/Debug-iphonesimulator/ALADDINContentBlocker.build/Objects-normal/x86_64/ALADDINContentBlocker.swiftdoc -emit-module-source-info-path /Users/sergejhlystov/Library/Developer/Xcode/DerivedData/ALADDIN-eahryzmutvtbyceygnlyjsmiiaha/Build/Intermediates.noindex/ALADDIN.build/Debug-iphonesimulator/ALADDINContentBlocker.build/Objects-normal/x86_64/ALADDINContentBlocker.swiftsourceinfo -emit-objc-header-path /Users/sergejhlystov/Library/Developer/Xcode/DerivedData/ALADDIN-eahryzmutvtbyceygnlyjsmiiaha/Build/Intermediates.noindex/ALADDIN.build/Debug-iphonesimulator/ALADDINContentBlocker.build/Objects-normal/x86_64/ALADDINContentBlocker-Swift.h -parse-as-library -o /Users/sergejhlystov/Library/Developer/Xcode/DerivedData/ALADDIN-eahryzmutvtbyceygnlyjsmiiaha/Build/Intermediates.noindex/ALADDIN.build/Debug-iphonesimulator/ALADDINContentBlocker.build/Objects-normal/x86_64/ALADDINContentBlocker.swiftmodule -emit-abi-descriptor-path /Users/sergejhlystov/Library/Developer/Xcode/DerivedData/ALADDIN-eahryzmutvtbyceygnlyjsmiiaha/Build/Intermediates.noindex/ALADDIN.build/Debug-iphonesimulator/ALADDINContentBlocker.build/Objects-normal/x86_64/ALADDINContentBlocker.abi.json

SwiftDriver\ Compilation\ Requirements ALADDINContentBlocker normal x86_64 com.apple.xcode.tools.swift.compiler (in target 'ALADDINContentBlocker' from project 'ALADDIN')
    cd /Users/sergejhlystov/ALADDIN_NEW/ALADDIN_NEW/mobile_apps/ALADDIN_iOS
    export DEVELOPER_DIR\=/Applications/Xcode.app/Contents/Developer
    export SDKROOT\=/Applications/Xcode.app/Contents/Developer/Platforms/iPhoneSimulator.platform/Developer/SDKs/iPhoneSimulator15.2.sdk
    builtin-Swift-Compilation-Requirements -- /Applications/Xcode.app/Contents/Developer/Toolchains/XcodeDefault.xctoolchain/usr/bin/swiftc -incremental -module-name ALADDINContentBlocker -Onone -enable-batch-mode -enforce-exclusivity\=checked @/Users/sergejhlystov/Library/Developer/Xcode/DerivedData/ALADDIN-eahryzmutvtbyceygnlyjsmiiaha/Build/Intermediates.noindex/ALADDIN.build/Debug-iphonesimulator/ALADDINContentBlocker.build/Objects-normal/x86_64/ALADDINContentBlocker.SwiftFileList -DDEBUG -sdk /Applications/Xcode.app/Contents/Developer/Platforms/iPhoneSimulator.platform/Developer/SDKs/iPhoneSimulator15.2.sdk -target x86_64-apple-ios15.2-simulator -g -module-cache-path /Users/sergejhlystov/Library/Developer/Xcode/DerivedData/ModuleCache.noindex -Xfrontend -serialize-debugging-options -application-extension -enable-testing -index-store-path /Users/sergejhlystov/Library/Developer/Xcode/DerivedData/ALADDIN-eahryzmutvtbyceygnlyjsmiiaha/Index/DataStore -swift-version 5 -I /Users/sergejhlystov/Library/Developer/Xcode/DerivedData/ALADDIN-eahryzmutvtbyceygnlyjsmiiaha/Build/Products/Debug-iphonesimulator -F /Users/sergejhlystov/Library/Developer/Xcode/DerivedData/ALADDIN-eahryzmutvtbyceygnlyjsmiiaha/Build/Products/Debug-iphonesimulator -parse-as-library -emit-localized-strings -emit-localized-strings-path /Users/sergejhlystov/Library/Developer/Xcode/DerivedData/ALADDIN-eahryzmutvtbyceygnlyjsmiiaha/Build/Intermediates.noindex/ALADDIN.build/Debug-iphonesimulator/ALADDINContentBlocker.build/Objects-normal/x86_64 -c -j8 -output-file-map /Users/sergejhlystov/Library/Developer/Xcode/DerivedData/ALADDIN-eahryzmutvtbyceygnlyjsmiiaha/Build/Intermediates.noindex/ALADDIN.build/Debug-iphonesimulator/ALADDINContentBlocker.build/Objects-normal/x86_64/ALADDINContentBlocker-OutputFileMap.json -save-temps -no-color-diagnostics -serialize-diagnostics -emit-dependencies -emit-module -emit-module-path /Users/sergejhlystov/Library/Developer/Xcode/DerivedData/ALADDIN-eahryzmutvtbyceygnlyjsmiiaha/Build/Intermediates.noindex/ALADDIN.build/Debug-iphonesimulator/ALADDINContentBlocker.build/Objects-normal/x86_64/ALADDINContentBlocker.swiftmodule -Xcc -I/Users/sergejhlystov/Library/Developer/Xcode/DerivedData/ALADDIN-eahryzmutvtbyceygnlyjsmiiaha/Build/Intermediates.noindex/ALADDIN.build/Debug-iphonesimulator/ALADDINContentBlocker.build/swift-overrides.hmap -Xcc -iquote -Xcc /Users/sergejhlystov/Library/Developer/Xcode/DerivedData/ALADDIN-eahryzmutvtbyceygnlyjsmiiaha/Build/Intermediates.noindex/ALADDIN.build/Debug-iphonesimulator/ALADDINContentBlocker.build/ALADDINContentBlocker-generated-files.hmap -Xcc -I/Users/sergejhlystov/Library/Developer/Xcode/DerivedData/ALADDIN-eahryzmutvtbyceygnlyjsmiiaha/Build/Intermediates.noindex/ALADDIN.build/Debug-iphonesimulator/ALADDINContentBlocker.build/ALADDINContentBlocker-own-target-headers.hmap -Xcc -I/Users/sergejhlystov/Library/Developer/Xcode/DerivedData/ALADDIN-eahryzmutvtbyceygnlyjsmiiaha/Build/Intermediates.noindex/ALADDIN.build/Debug-iphonesimulator/ALADDINContentBlocker.build/ALADDINContentBlocker-all-target-headers.hmap -Xcc -iquote -Xcc /Users/sergejhlystov/Library/Developer/Xcode/DerivedData/ALADDIN-eahryzmutvtbyceygnlyjsmiiaha/Build/Intermediates.noindex/ALADDIN.build/Debug-iphonesimulator/ALADDINContentBlocker.build/ALADDINContentBlocker-project-headers.hmap -Xcc -I/Users/sergejhlystov/Library/Developer/Xcode/DerivedData/ALADDIN-eahryzmutvtbyceygnlyjsmiiaha/Build/Products/Debug-iphonesimulator/include -Xcc -I/Users/sergejhlystov/Library/Developer/Xcode/DerivedData/ALADDIN-eahryzmutvtbyceygnlyjsmiiaha/Build/Intermediates.noindex/ALADDIN.build/Debug-iphonesimulator/ALADDINContentBlocker.build/DerivedSources-normal/x86_64 -Xcc -I/Users/sergejhlystov/Library/Developer/Xcode/DerivedData/ALADDIN-eahryzmutvtbyceygnlyjsmiiaha/Build/Intermediates.noindex/ALADDIN.build/Debug-iphonesimulator/ALADDINContentBlocker.build/DerivedSources/x86_64 -Xcc -I/Users/sergejhlystov/Library/Developer/Xcode/DerivedData/ALADDIN-eahryzmutvtbyceygnlyjsmiiaha/Build/Intermediates.noindex/ALADDIN.build/Debug-iphonesimulator/ALADDINContentBlocker.build/DerivedSources -Xcc -DDEBUG\=1 -emit-objc-header -emit-objc-header-path /Users/sergejhlystov/Library/Developer/Xcode/DerivedData/ALADDIN-eahryzmutvtbyceygnlyjsmiiaha/Build/Intermediates.noindex/ALADDIN.build/Debug-iphonesimulator/ALADDINContentBlocker.build/Objects-normal/x86_64/ALADDINContentBlocker-Swift.h -working-directory /Users/sergejhlystov/ALADDIN_NEW/ALADDIN_NEW/mobile_apps/ALADDIN_iOS -experimental-emit-module-separately

SwiftDriverJob-Compile normal arm64 Compiling\ ActionRequestHandler.swift /Users/sergejhlystov/ALADDIN_NEW/ALADDIN_NEW/mobile_apps/ALADDIN_iOS/ALADDINContentBlocker/ActionRequestHandler.swift (in target 'ALADDINContentBlocker' from project 'ALADDIN')
    cd /Users/sergejhlystov/ALADDIN_NEW/ALADDIN_NEW/mobile_apps/ALADDIN_iOS
    export DEVELOPER_DIR\=/Applications/Xcode.app/Contents/Developer
    export SDKROOT\=/Applications/Xcode.app/Contents/Developer/Platforms/iPhoneSimulator.platform/Developer/SDKs/iPhoneSimulator15.2.sdk
    builtin-swiftDriverJobExecution -- /Applications/Xcode.app/Contents/Developer/Toolchains/XcodeDefault.xctoolchain/usr/bin/swift-frontend -frontend -c -primary-file /Users/sergejhlystov/ALADDIN_NEW/ALADDIN_NEW/mobile_apps/ALADDIN_iOS/ALADDINContentBlocker/ActionRequestHandler.swift -emit-dependencies-path /Users/sergejhlystov/Library/Developer/Xcode/DerivedData/ALADDIN-eahryzmutvtbyceygnlyjsmiiaha/Build/Intermediates.noindex/ALADDIN.build/Debug-iphonesimulator/ALADDINContentBlocker.build/Objects-normal/arm64/ActionRequestHandler.d -emit-reference-dependencies-path /Users/sergejhlystov/Library/Developer/Xcode/DerivedData/ALADDIN-eahryzmutvtbyceygnlyjsmiiaha/Build/Intermediates.noindex/ALADDIN.build/Debug-iphonesimulator/ALADDINContentBlocker.build/Objects-normal/arm64/ActionRequestHandler.swiftdeps -serialize-diagnostics-path /Users/sergejhlystov/Library/Developer/Xcode/DerivedData/ALADDIN-eahryzmutvtbyceygnlyjsmiiaha/Build/Intermediates.noindex/ALADDIN.build/Debug-iphonesimulator/ALADDINContentBlocker.build/Objects-normal/arm64/ActionRequestHandler.dia -target arm64-apple-ios15.2-simulator -Xllvm -aarch64-use-tbi -enable-objc-interop -sdk /Applications/Xcode.app/Contents/Developer/Platforms/iPhoneSimulator.platform/Developer/SDKs/iPhoneSimulator15.2.sdk -I /Users/sergejhlystov/Library/Developer/Xcode/DerivedData/ALADDIN-eahryzmutvtbyceygnlyjsmiiaha/Build/Products/Debug-iphonesimulator -F /Users/sergejhlystov/Library/Developer/Xcode/DerivedData/ALADDIN-eahryzmutvtbyceygnlyjsmiiaha/Build/Products/Debug-iphonesimulator -no-color-diagnostics -application-extension -enable-testing -g -module-cache-path /Users/sergejhlystov/Library/Developer/Xcode/DerivedData/ModuleCache.noindex -emit-localized-strings -emit-localized-strings-path /Users/sergejhlystov/Library/Developer/Xcode/DerivedData/ALADDIN-eahryzmutvtbyceygnlyjsmiiaha/Build/Intermediates.noindex/ALADDIN.build/Debug-iphonesimulator/ALADDINContentBlocker.build/Objects-normal/arm64 -swift-version 5 -enforce-exclusivity\=checked -Onone -D DEBUG -serialize-debugging-options -Xcc -working-directory -Xcc /Users/sergejhlystov/ALADDIN_NEW/ALADDIN_NEW/mobile_apps/ALADDIN_iOS -resource-dir /Applications/Xcode.app/Contents/Developer/Toolchains/XcodeDefault.xctoolchain/usr/lib/swift -enable-anonymous-context-mangled-names -Xcc -I/Users/sergejhlystov/Library/Developer/Xcode/DerivedData/ALADDIN-eahryzmutvtbyceygnlyjsmiiaha/Build/Intermediates.noindex/ALADDIN.build/Debug-iphonesimulator/ALADDINContentBlocker.build/swift-overrides.hmap -Xcc -iquote -Xcc /Users/sergejhlystov/Library/Developer/Xcode/DerivedData/ALADDIN-eahryzmutvtbyceygnlyjsmiiaha/Build/Intermediates.noindex/ALADDIN.build/Debug-iphonesimulator/ALADDINContentBlocker.build/ALADDINContentBlocker-generated-files.hmap -Xcc -I/Users/sergejhlystov/Library/Developer/Xcode/DerivedData/ALADDIN-eahryzmutvtbyceygnlyjsmiiaha/Build/Intermediates.noindex/ALADDIN.build/Debug-iphonesimulator/ALADDINContentBlocker.build/ALADDINContentBlocker-own-target-headers.hmap -Xcc -I/Users/sergejhlystov/Library/Developer/Xcode/DerivedData/ALADDIN-eahryzmutvtbyceygnlyjsmiiaha/Build/Intermediates.noindex/ALADDIN.build/Debug-iphonesimulator/ALADDINContentBlocker.build/ALADDINContentBlocker-all-target-headers.hmap -Xcc -iquote -Xcc /Users/sergejhlystov/Library/Developer/Xcode/DerivedData/ALADDIN-eahryzmutvtbyceygnlyjsmiiaha/Build/Intermediates.noindex/ALADDIN.build/Debug-iphonesimulator/ALADDINContentBlocker.build/ALADDINContentBlocker-project-headers.hmap -Xcc -I/Users/sergejhlystov/Library/Developer/Xcode/DerivedData/ALADDIN-eahryzmutvtbyceygnlyjsmiiaha/Build/Products/Debug-iphonesimulator/include -Xcc -I/Users/sergejhlystov/Library/Developer/Xcode/DerivedData/ALADDIN-eahryzmutvtbyceygnlyjsmiiaha/Build/Intermediates.noindex/ALADDIN.build/Debug-iphonesimulator/ALADDINContentBlocker.build/DerivedSources-normal/arm64 -Xcc -I/Users/sergejhlystov/Library/Developer/Xcode/DerivedData/ALADDIN-eahryzmutvtbyceygnlyjsmiiaha/Build/Intermediates.noindex/ALADDIN.build/Debug-iphonesimulator/ALADDINContentBlocker.build/DerivedSources/arm64 -Xcc -I/Users/sergejhlystov/Library/Developer/Xcode/DerivedData/ALADDIN-eahryzmutvtbyceygnlyjsmiiaha/Build/Intermediates.noindex/ALADDIN.build/Debug-iphonesimulator/ALADDINContentBlocker.build/DerivedSources -Xcc -DDEBUG\=1 -module-name ALADDINContentBlocker -target-sdk-version 15.2.0 -parse-as-library -o /Users/sergejhlystov/Library/Developer/Xcode/DerivedData/ALADDIN-eahryzmutvtbyceygnlyjsmiiaha/Build/Intermediates.noindex/ALADDIN.build/Debug-iphonesimulator/ALADDINContentBlocker.build/Objects-normal/arm64/ActionRequestHandler.o -index-store-path /Users/sergejhlystov/Library/Developer/Xcode/DerivedData/ALADDIN-eahryzmutvtbyceygnlyjsmiiaha/Index/DataStore -index-system-modules

SwiftDriver\ Compilation ALADDINContentBlocker normal arm64 com.apple.xcode.tools.swift.compiler (in target 'ALADDINContentBlocker' from project 'ALADDIN')
    cd /Users/sergejhlystov/ALADDIN_NEW/ALADDIN_NEW/mobile_apps/ALADDIN_iOS
    export DEVELOPER_DIR\=/Applications/Xcode.app/Contents/Developer
    export SDKROOT\=/Applications/Xcode.app/Contents/Developer/Platforms/iPhoneSimulator.platform/Developer/SDKs/iPhoneSimulator15.2.sdk
    builtin-Swift-Compilation -- /Applications/Xcode.app/Contents/Developer/Toolchains/XcodeDefault.xctoolchain/usr/bin/swiftc -incremental -module-name ALADDINContentBlocker -Onone -enable-batch-mode -enforce-exclusivity\=checked @/Users/sergejhlystov/Library/Developer/Xcode/DerivedData/ALADDIN-eahryzmutvtbyceygnlyjsmiiaha/Build/Intermediates.noindex/ALADDIN.build/Debug-iphonesimulator/ALADDINContentBlocker.build/Objects-normal/arm64/ALADDINContentBlocker.SwiftFileList -DDEBUG -sdk /Applications/Xcode.app/Contents/Developer/Platforms/iPhoneSimulator.platform/Developer/SDKs/iPhoneSimulator15.2.sdk -target arm64-apple-ios15.2-simulator -g -module-cache-path /Users/sergejhlystov/Library/Developer/Xcode/DerivedData/ModuleCache.noindex -Xfrontend -serialize-debugging-options -application-extension -enable-testing -index-store-path /Users/sergejhlystov/Library/Developer/Xcode/DerivedData/ALADDIN-eahryzmutvtbyceygnlyjsmiiaha/Index/DataStore -swift-version 5 -I /Users/sergejhlystov/Library/Developer/Xcode/DerivedData/ALADDIN-eahryzmutvtbyceygnlyjsmiiaha/Build/Products/Debug-iphonesimulator -F /Users/sergejhlystov/Library/Developer/Xcode/DerivedData/ALADDIN-eahryzmutvtbyceygnlyjsmiiaha/Build/Products/Debug-iphonesimulator -parse-as-library -emit-localized-strings -emit-localized-strings-path /Users/sergejhlystov/Library/Developer/Xcode/DerivedData/ALADDIN-eahryzmutvtbyceygnlyjsmiiaha/Build/Intermediates.noindex/ALADDIN.build/Debug-iphonesimulator/ALADDINContentBlocker.build/Objects-normal/arm64 -c -j8 -output-file-map /Users/sergejhlystov/Library/Developer/Xcode/DerivedData/ALADDIN-eahryzmutvtbyceygnlyjsmiiaha/Build/Intermediates.noindex/ALADDIN.build/Debug-iphonesimulator/ALADDINContentBlocker.build/Objects-normal/arm64/ALADDINContentBlocker-OutputFileMap.json -save-temps -no-color-diagnostics -serialize-diagnostics -emit-dependencies -emit-module -emit-module-path /Users/sergejhlystov/Library/Developer/Xcode/DerivedData/ALADDIN-eahryzmutvtbyceygnlyjsmiiaha/Build/Intermediates.noindex/ALADDIN.build/Debug-iphonesimulator/ALADDINContentBlocker.build/Objects-normal/arm64/ALADDINContentBlocker.swiftmodule -Xcc -I/Users/sergejhlystov/Library/Developer/Xcode/DerivedData/ALADDIN-eahryzmutvtbyceygnlyjsmiiaha/Build/Intermediates.noindex/ALADDIN.build/Debug-iphonesimulator/ALADDINContentBlocker.build/swift-overrides.hmap -Xcc -iquote -Xcc /Users/sergejhlystov/Library/Developer/Xcode/DerivedData/ALADDIN-eahryzmutvtbyceygnlyjsmiiaha/Build/Intermediates.noindex/ALADDIN.build/Debug-iphonesimulator/ALADDINContentBlocker.build/ALADDINContentBlocker-generated-files.hmap -Xcc -I/Users/sergejhlystov/Library/Developer/Xcode/DerivedData/ALADDIN-eahryzmutvtbyceygnlyjsmiiaha/Build/Intermediates.noindex/ALADDIN.build/Debug-iphonesimulator/ALADDINContentBlocker.build/ALADDINContentBlocker-own-target-headers.hmap -Xcc -I/Users/sergejhlystov/Library/Developer/Xcode/DerivedData/ALADDIN-eahryzmutvtbyceygnlyjsmiiaha/Build/Intermediates.noindex/ALADDIN.build/Debug-iphonesimulator/ALADDINContentBlocker.build/ALADDINContentBlocker-all-target-headers.hmap -Xcc -iquote -Xcc /Users/sergejhlystov/Library/Developer/Xcode/DerivedData/ALADDIN-eahryzmutvtbyceygnlyjsmiiaha/Build/Intermediates.noindex/ALADDIN.build/Debug-iphonesimulator/ALADDINContentBlocker.build/ALADDINContentBlocker-project-headers.hmap -Xcc -I/Users/sergejhlystov/Library/Developer/Xcode/DerivedData/ALADDIN-eahryzmutvtbyceygnlyjsmiiaha/Build/Products/Debug-iphonesimulator/include -Xcc -I/Users/sergejhlystov/Library/Developer/Xcode/DerivedData/ALADDIN-eahryzmutvtbyceygnlyjsmiiaha/Build/Intermediates.noindex/ALADDIN.build/Debug-iphonesimulator/ALADDINContentBlocker.build/DerivedSources-normal/arm64 -Xcc -I/Users/sergejhlystov/Library/Developer/Xcode/DerivedData/ALADDIN-eahryzmutvtbyceygnlyjsmiiaha/Build/Intermediates.noindex/ALADDIN.build/Debug-iphonesimulator/ALADDINContentBlocker.build/DerivedSources/arm64 -Xcc -I/Users/sergejhlystov/Library/Developer/Xcode/DerivedData/ALADDIN-eahryzmutvtbyceygnlyjsmiiaha/Build/Intermediates.noindex/ALADDIN.build/Debug-iphonesimulator/ALADDINContentBlocker.build/DerivedSources -Xcc -DDEBUG\=1 -emit-objc-header -emit-objc-header-path /Users/sergejhlystov/Library/Developer/Xcode/DerivedData/ALADDIN-eahryzmutvtbyceygnlyjsmiiaha/Build/Intermediates.noindex/ALADDIN.build/Debug-iphonesimulator/ALADDINContentBlocker.build/Objects-normal/arm64/ALADDINContentBlocker-Swift.h -working-directory /Users/sergejhlystov/ALADDIN_NEW/ALADDIN_NEW/mobile_apps/ALADDIN_iOS -experimental-emit-module-separately

SwiftDriverJob-Compile normal x86_64 Compiling\ ActionRequestHandler.swift /Users/sergejhlystov/ALADDIN_NEW/ALADDIN_NEW/mobile_apps/ALADDIN_iOS/ALADDINContentBlocker/ActionRequestHandler.swift (in target 'ALADDINContentBlocker' from project 'ALADDIN')
    cd /Users/sergejhlystov/ALADDIN_NEW/ALADDIN_NEW/mobile_apps/ALADDIN_iOS
    export DEVELOPER_DIR\=/Applications/Xcode.app/Contents/Developer
    export SDKROOT\=/Applications/Xcode.app/Contents/Developer/Platforms/iPhoneSimulator.platform/Developer/SDKs/iPhoneSimulator15.2.sdk
    builtin-swiftDriverJobExecution -- /Applications/Xcode.app/Contents/Developer/Toolchains/XcodeDefault.xctoolchain/usr/bin/swift-frontend -frontend -c -primary-file /Users/sergejhlystov/ALADDIN_NEW/ALADDIN_NEW/mobile_apps/ALADDIN_iOS/ALADDINContentBlocker/ActionRequestHandler.swift -emit-dependencies-path /Users/sergejhlystov/Library/Developer/Xcode/DerivedData/ALADDIN-eahryzmutvtbyceygnlyjsmiiaha/Build/Intermediates.noindex/ALADDIN.build/Debug-iphonesimulator/ALADDINContentBlocker.build/Objects-normal/x86_64/ActionRequestHandler.d -emit-reference-dependencies-path /Users/sergejhlystov/Library/Developer/Xcode/DerivedData/ALADDIN-eahryzmutvtbyceygnlyjsmiiaha/Build/Intermediates.noindex/ALADDIN.build/Debug-iphonesimulator/ALADDINContentBlocker.build/Objects-normal/x86_64/ActionRequestHandler.swiftdeps -serialize-diagnostics-path /Users/sergejhlystov/Library/Developer/Xcode/DerivedData/ALADDIN-eahryzmutvtbyceygnlyjsmiiaha/Build/Intermediates.noindex/ALADDIN.build/Debug-iphonesimulator/ALADDINContentBlocker.build/Objects-normal/x86_64/ActionRequestHandler.dia -target x86_64-apple-ios15.2-simulator -enable-objc-interop -sdk /Applications/Xcode.app/Contents/Developer/Platforms/iPhoneSimulator.platform/Developer/SDKs/iPhoneSimulator15.2.sdk -I /Users/sergejhlystov/Library/Developer/Xcode/DerivedData/ALADDIN-eahryzmutvtbyceygnlyjsmiiaha/Build/Products/Debug-iphonesimulator -F /Users/sergejhlystov/Library/Developer/Xcode/DerivedData/ALADDIN-eahryzmutvtbyceygnlyjsmiiaha/Build/Products/Debug-iphonesimulator -no-color-diagnostics -application-extension -enable-testing -g -module-cache-path /Users/sergejhlystov/Library/Developer/Xcode/DerivedData/ModuleCache.noindex -emit-localized-strings -emit-localized-strings-path /Users/sergejhlystov/Library/Developer/Xcode/DerivedData/ALADDIN-eahryzmutvtbyceygnlyjsmiiaha/Build/Intermediates.noindex/ALADDIN.build/Debug-iphonesimulator/ALADDINContentBlocker.build/Objects-normal/x86_64 -swift-version 5 -enforce-exclusivity\=checked -Onone -D DEBUG -serialize-debugging-options -Xcc -working-directory -Xcc /Users/sergejhlystov/ALADDIN_NEW/ALADDIN_NEW/mobile_apps/ALADDIN_iOS -resource-dir /Applications/Xcode.app/Contents/Developer/Toolchains/XcodeDefault.xctoolchain/usr/lib/swift -enable-anonymous-context-mangled-names -Xcc -I/Users/sergejhlystov/Library/Developer/Xcode/DerivedData/ALADDIN-eahryzmutvtbyceygnlyjsmiiaha/Build/Intermediates.noindex/ALADDIN.build/Debug-iphonesimulator/ALADDINContentBlocker.build/swift-overrides.hmap -Xcc -iquote -Xcc /Users/sergejhlystov/Library/Developer/Xcode/DerivedData/ALADDIN-eahryzmutvtbyceygnlyjsmiiaha/Build/Intermediates.noindex/ALADDIN.build/Debug-iphonesimulator/ALADDINContentBlocker.build/ALADDINContentBlocker-generated-files.hmap -Xcc -I/Users/sergejhlystov/Library/Developer/Xcode/DerivedData/ALADDIN-eahryzmutvtbyceygnlyjsmiiaha/Build/Intermediates.noindex/ALADDIN.build/Debug-iphonesimulator/ALADDINContentBlocker.build/ALADDINContentBlocker-own-target-headers.hmap -Xcc -I/Users/sergejhlystov/Library/Developer/Xcode/DerivedData/ALADDIN-eahryzmutvtbyceygnlyjsmiiaha/Build/Intermediates.noindex/ALADDIN.build/Debug-iphonesimulator/ALADDINContentBlocker.build/ALADDINContentBlocker-all-target-headers.hmap -Xcc -iquote -Xcc /Users/sergejhlystov/Library/Developer/Xcode/DerivedData/ALADDIN-eahryzmutvtbyceygnlyjsmiiaha/Build/Intermediates.noindex/ALADDIN.build/Debug-iphonesimulator/ALADDINContentBlocker.build/ALADDINContentBlocker-project-headers.hmap -Xcc -I/Users/sergejhlystov/Library/Developer/Xcode/DerivedData/ALADDIN-eahryzmutvtbyceygnlyjsmiiaha/Build/Products/Debug-iphonesimulator/include -Xcc -I/Users/sergejhlystov/Library/Developer/Xcode/DerivedData/ALADDIN-eahryzmutvtbyceygnlyjsmiiaha/Build/Intermediates.noindex/ALADDIN.build/Debug-iphonesimulator/ALADDINContentBlocker.build/DerivedSources-normal/x86_64 -Xcc -I/Users/sergejhlystov/Library/Developer/Xcode/DerivedData/ALADDIN-eahryzmutvtbyceygnlyjsmiiaha/Build/Intermediates.noindex/ALADDIN.build/Debug-iphonesimulator/ALADDINContentBlocker.build/DerivedSources/x86_64 -Xcc -I/Users/sergejhlystov/Library/Developer/Xcode/DerivedData/ALADDIN-eahryzmutvtbyceygnlyjsmiiaha/Build/Intermediates.noindex/ALADDIN.build/Debug-iphonesimulator/ALADDINContentBlocker.build/DerivedSources -Xcc -DDEBUG\=1 -module-name ALADDINContentBlocker -target-sdk-version 15.2.0 -parse-as-library -o /Users/sergejhlystov/Library/Developer/Xcode/DerivedData/ALADDIN-eahryzmutvtbyceygnlyjsmiiaha/Build/Intermediates.noindex/ALADDIN.build/Debug-iphonesimulator/ALADDINContentBlocker.build/Objects-normal/x86_64/ActionRequestHandler.o -index-store-path /Users/sergejhlystov/Library/Developer/Xcode/DerivedData/ALADDIN-eahryzmutvtbyceygnlyjsmiiaha/Index/DataStore -index-system-modules

SwiftDriver\ Compilation ALADDINContentBlocker normal x86_64 com.apple.xcode.tools.swift.compiler (in target 'ALADDINContentBlocker' from project 'ALADDIN')
    cd /Users/sergejhlystov/ALADDIN_NEW/ALADDIN_NEW/mobile_apps/ALADDIN_iOS
    export DEVELOPER_DIR\=/Applications/Xcode.app/Contents/Developer
    export SDKROOT\=/Applications/Xcode.app/Contents/Developer/Platforms/iPhoneSimulator.platform/Developer/SDKs/iPhoneSimulator15.2.sdk
    builtin-Swift-Compilation -- /Applications/Xcode.app/Contents/Developer/Toolchains/XcodeDefault.xctoolchain/usr/bin/swiftc -incremental -module-name ALADDINContentBlocker -Onone -enable-batch-mode -enforce-exclusivity\=checked @/Users/sergejhlystov/Library/Developer/Xcode/DerivedData/ALADDIN-eahryzmutvtbyceygnlyjsmiiaha/Build/Intermediates.noindex/ALADDIN.build/Debug-iphonesimulator/ALADDINContentBlocker.build/Objects-normal/x86_64/ALADDINContentBlocker.SwiftFileList -DDEBUG -sdk /Applications/Xcode.app/Contents/Developer/Platforms/iPhoneSimulator.platform/Developer/SDKs/iPhoneSimulator15.2.sdk -target x86_64-apple-ios15.2-simulator -g -module-cache-path /Users/sergejhlystov/Library/Developer/Xcode/DerivedData/ModuleCache.noindex -Xfrontend -serialize-debugging-options -application-extension -enable-testing -index-store-path /Users/sergejhlystov/Library/Developer/Xcode/DerivedData/ALADDIN-eahryzmutvtbyceygnlyjsmiiaha/Index/DataStore -swift-version 5 -I /Users/sergejhlystov/Library/Developer/Xcode/DerivedData/ALADDIN-eahryzmutvtbyceygnlyjsmiiaha/Build/Products/Debug-iphonesimulator -F /Users/sergejhlystov/Library/Developer/Xcode/DerivedData/ALADDIN-eahryzmutvtbyceygnlyjsmiiaha/Build/Products/Debug-iphonesimulator -parse-as-library -emit-localized-strings -emit-localized-strings-path /Users/sergejhlystov/Library/Developer/Xcode/DerivedData/ALADDIN-eahryzmutvtbyceygnlyjsmiiaha/Build/Intermediates.noindex/ALADDIN.build/Debug-iphonesimulator/ALADDINContentBlocker.build/Objects-normal/x86_64 -c -j8 -output-file-map /Users/sergejhlystov/Library/Developer/Xcode/DerivedData/ALADDIN-eahryzmutvtbyceygnlyjsmiiaha/Build/Intermediates.noindex/ALADDIN.build/Debug-iphonesimulator/ALADDINContentBlocker.build/Objects-normal/x86_64/ALADDINContentBlocker-OutputFileMap.json -save-temps -no-color-diagnostics -serialize-diagnostics -emit-dependencies -emit-module -emit-module-path /Users/sergejhlystov/Library/Developer/Xcode/DerivedData/ALADDIN-eahryzmutvtbyceygnlyjsmiiaha/Build/Intermediates.noindex/ALADDIN.build/Debug-iphonesimulator/ALADDINContentBlocker.build/Objects-normal/x86_64/ALADDINContentBlocker.swiftmodule -Xcc -I/Users/sergejhlystov/Library/Developer/Xcode/DerivedData/ALADDIN-eahryzmutvtbyceygnlyjsmiiaha/Build/Intermediates.noindex/ALADDIN.build/Debug-iphonesimulator/ALADDINContentBlocker.build/swift-overrides.hmap -Xcc -iquote -Xcc /Users/sergejhlystov/Library/Developer/Xcode/DerivedData/ALADDIN-eahryzmutvtbyceygnlyjsmiiaha/Build/Intermediates.noindex/ALADDIN.build/Debug-iphonesimulator/ALADDINContentBlocker.build/ALADDINContentBlocker-generated-files.hmap -Xcc -I/Users/sergejhlystov/Library/Developer/Xcode/DerivedData/ALADDIN-eahryzmutvtbyceygnlyjsmiiaha/Build/Intermediates.noindex/ALADDIN.build/Debug-iphonesimulator/ALADDINContentBlocker.build/ALADDINContentBlocker-own-target-headers.hmap -Xcc -I/Users/sergejhlystov/Library/Developer/Xcode/DerivedData/ALADDIN-eahryzmutvtbyceygnlyjsmiiaha/Build/Intermediates.noindex/ALADDIN.build/Debug-iphonesimulator/ALADDINContentBlocker.build/ALADDINContentBlocker-all-target-headers.hmap -Xcc -iquote -Xcc /Users/sergejhlystov/Library/Developer/Xcode/DerivedData/ALADDIN-eahryzmutvtbyceygnlyjsmiiaha/Build/Intermediates.noindex/ALADDIN.build/Debug-iphonesimulator/ALADDINContentBlocker.build/ALADDINContentBlocker-project-headers.hmap -Xcc -I/Users/sergejhlystov/Library/Developer/Xcode/DerivedData/ALADDIN-eahryzmutvtbyceygnlyjsmiiaha/Build/Products/Debug-iphonesimulator/include -Xcc -I/Users/sergejhlystov/Library/Developer/Xcode/DerivedData/ALADDIN-eahryzmutvtbyceygnlyjsmiiaha/Build/Intermediates.noindex/ALADDIN.build/Debug-iphonesimulator/ALADDINContentBlocker.build/DerivedSources-normal/x86_64 -Xcc -I/Users/sergejhlystov/Library/Developer/Xcode/DerivedData/ALADDIN-eahryzmutvtbyceygnlyjsmiiaha/Build/Intermediates.noindex/ALADDIN.build/Debug-iphonesimulator/ALADDINContentBlocker.build/DerivedSources/x86_64 -Xcc -I/Users/sergejhlystov/Library/Developer/Xcode/DerivedData/ALADDIN-eahryzmutvtbyceygnlyjsmiiaha/Build/Intermediates.noindex/ALADDIN.build/Debug-iphonesimulator/ALADDINContentBlocker.build/DerivedSources -Xcc -DDEBUG\=1 -emit-objc-header -emit-objc-header-path /Users/sergejhlystov/Library/Developer/Xcode/DerivedData/ALADDIN-eahryzmutvtbyceygnlyjsmiiaha/Build/Intermediates.noindex/ALADDIN.build/Debug-iphonesimulator/ALADDINContentBlocker.build/Objects-normal/x86_64/ALADDINContentBlocker-Swift.h -working-directory /Users/sergejhlystov/ALADDIN_NEW/ALADDIN_NEW/mobile_apps/ALADDIN_iOS -experimental-emit-module-separately

SwiftDriver ALADDIN normal arm64 com.apple.xcode.tools.swift.compiler (in target 'ALADDIN' from project 'ALADDIN')
    cd /Users/sergejhlystov/ALADDIN_NEW/ALADDIN_NEW/mobile_apps/ALADDIN_iOS
    export DEVELOPER_DIR\=/Applications/Xcode.app/Contents/Developer
    export SDKROOT\=/Applications/Xcode.app/Contents/Developer/Platforms/iPhoneSimulator.platform/Developer/SDKs/iPhoneSimulator15.2.sdk
    builtin-SwiftDriver -o /Users/sergejhlystov/Library/Developer/Xcode/DerivedData/ALADDIN-eahryzmutvtbyceygnlyjsmiiaha/Build/Intermediates.noindex/ALADDIN.build/Debug-iphonesimulator/ALADDIN.build/Objects-normal/arm64/ALADDIN\ Swift\ Driver\ Planning\ Finished -- /Applications/Xcode.app/Contents/Developer/Toolchains/XcodeDefault.xctoolchain/usr/bin/swiftc -incremental -module-name ALADDIN -Onone -enable-batch-mode -enforce-exclusivity\=checked @/Users/sergejhlystov/Library/Developer/Xcode/DerivedData/ALADDIN-eahryzmutvtbyceygnlyjsmiiaha/Build/Intermediates.noindex/ALADDIN.build/Debug-iphonesimulator/ALADDIN.build/Objects-normal/arm64/ALADDIN.SwiftFileList -DDEBUG -sdk /Applications/Xcode.app/Contents/Developer/Platforms/iPhoneSimulator.platform/Developer/SDKs/iPhoneSimulator15.2.sdk -target arm64-apple-ios15.2-simulator -g -module-cache-path /Users/sergejhlystov/Library/Developer/Xcode/DerivedData/ModuleCache.noindex -Xfrontend -serialize-debugging-options -enable-testing -index-store-path /Users/sergejhlystov/Library/Developer/Xcode/DerivedData/ALADDIN-eahryzmutvtbyceygnlyjsmiiaha/Index/DataStore -swift-version 5 -I /Users/sergejhlystov/Library/Developer/Xcode/DerivedData/ALADDIN-eahryzmutvtbyceygnlyjsmiiaha/Build/Products/Debug-iphonesimulator -F /Users/sergejhlystov/Library/Developer/Xcode/DerivedData/ALADDIN-eahryzmutvtbyceygnlyjsmiiaha/Build/Products/Debug-iphonesimulator -emit-localized-strings -emit-localized-strings-path /Users/sergejhlystov/Library/Developer/Xcode/DerivedData/ALADDIN-eahryzmutvtbyceygnlyjsmiiaha/Build/Intermediates.noindex/ALADDIN.build/Debug-iphonesimulator/ALADDIN.build/Objects-normal/arm64 -c -j8 -output-file-map /Users/sergejhlystov/Library/Developer/Xcode/DerivedData/ALADDIN-eahryzmutvtbyceygnlyjsmiiaha/Build/Intermediates.noindex/ALADDIN.build/Debug-iphonesimulator/ALADDIN.build/Objects-normal/arm64/ALADDIN-OutputFileMap.json -save-temps -no-color-diagnostics -serialize-diagnostics -emit-dependencies -emit-module -emit-module-path /Users/sergejhlystov/Library/Developer/Xcode/DerivedData/ALADDIN-eahryzmutvtbyceygnlyjsmiiaha/Build/Intermediates.noindex/ALADDIN.build/Debug-iphonesimulator/ALADDIN.build/Objects-normal/arm64/ALADDIN.swiftmodule -Xcc -I/Users/sergejhlystov/Library/Developer/Xcode/DerivedData/ALADDIN-eahryzmutvtbyceygnlyjsmiiaha/Build/Intermediates.noindex/ALADDIN.build/Debug-iphonesimulator/ALADDIN.build/swift-overrides.hmap -Xcc -iquote -Xcc /Users/sergejhlystov/Library/Developer/Xcode/DerivedData/ALADDIN-eahryzmutvtbyceygnlyjsmiiaha/Build/Intermediates.noindex/ALADDIN.build/Debug-iphonesimulator/ALADDIN.build/ALADDIN-generated-files.hmap -Xcc -I/Users/sergejhlystov/Library/Developer/Xcode/DerivedData/ALADDIN-eahryzmutvtbyceygnlyjsmiiaha/Build/Intermediates.noindex/ALADDIN.build/Debug-iphonesimulator/ALADDIN.build/ALADDIN-own-target-headers.hmap -Xcc -I/Users/sergejhlystov/Library/Developer/Xcode/DerivedData/ALADDIN-eahryzmutvtbyceygnlyjsmiiaha/Build/Intermediates.noindex/ALADDIN.build/Debug-iphonesimulator/ALADDIN.build/ALADDIN-all-target-headers.hmap -Xcc -iquote -Xcc /Users/sergejhlystov/Library/Developer/Xcode/DerivedData/ALADDIN-eahryzmutvtbyceygnlyjsmiiaha/Build/Intermediates.noindex/ALADDIN.build/Debug-iphonesimulator/ALADDIN.build/ALADDIN-project-headers.hmap -Xcc -I/Users/sergejhlystov/Library/Developer/Xcode/DerivedData/ALADDIN-eahryzmutvtbyceygnlyjsmiiaha/Build/Products/Debug-iphonesimulator/include -Xcc -I/Users/sergejhlystov/Library/Developer/Xcode/DerivedData/ALADDIN-eahryzmutvtbyceygnlyjsmiiaha/Build/Intermediates.noindex/ALADDIN.build/Debug-iphonesimulator/ALADDIN.build/DerivedSources-normal/arm64 -Xcc -I/Users/sergejhlystov/Library/Developer/Xcode/DerivedData/ALADDIN-eahryzmutvtbyceygnlyjsmiiaha/Build/Intermediates.noindex/ALADDIN.build/Debug-iphonesimulator/ALADDIN.build/DerivedSources/arm64 -Xcc -I/Users/sergejhlystov/Library/Developer/Xcode/DerivedData/ALADDIN-eahryzmutvtbyceygnlyjsmiiaha/Build/Intermediates.noindex/ALADDIN.build/Debug-iphonesimulator/ALADDIN.build/DerivedSources -Xcc -DDEBUG\=1 -emit-objc-header -emit-objc-header-path /Users/sergejhlystov/Library/Developer/Xcode/DerivedData/ALADDIN-eahryzmutvtbyceygnlyjsmiiaha/Build/Intermediates.noindex/ALADDIN.build/Debug-iphonesimulator/ALADDIN.build/Objects-normal/arm64/ALADDIN-Swift.h -working-directory /Users/sergejhlystov/ALADDIN_NEW/ALADDIN_NEW/mobile_apps/ALADDIN_iOS -experimental-emit-module-separately
2026-03-19 20:36:17.093 xcodebuild[6449:1126802]  iPhoneConnect: 📱<DVTiOSDevice (0x7fbfdbf8d2c0), iPhone, iPhone, 26.1 (23B85), 00008030-001C141E2660402E> unable to mount developer disk image, (Error Domain=com.apple.dtdevicekit Code=601 "Could not locate device support files" UserInfo={NSLocalizedDescription=Could not locate device support files, NSLocalizedRecoverySuggestion=iPhone may be running a version of iOS that is not supported by this version of Xcode. You can download the latest version of Xcode from the Mac App Store or developer.apple.com., DVTRadarComponentKey=487927, DeviceType=iPhone12,8, NSUnderlyingError=0x7fbfdc236b50 {Error Domain=com.apple.dt.DVTDeviceSupportFilesError Code=2 "Unable to locate ideal DDI for platform: <DVTPlatform:0x7fbfd8408430:'com.apple.platform.iphoneos':<DVTFilePath:0x7fbfd84083b0:'/Applications/Xcode.app/Contents/Developer/Platforms/iPhoneOS.platform'>>, version: 26.1, build: 23B85" UserInfo={NSLocalizedDescription=Unable to locate ideal DDI for platform: <DVTPlatform:0x7fbfd8408430:'com.apple.platform.iphoneos':<DVTFilePath:0x7fbfd84083b0:'/Applications/Xcode.app/Contents/Developer/Platforms/iPhoneOS.platform'>>, version: 26.1, build: 23B85, DVTRadarComponentKey=487927}}}) {
    DVTRadarComponentKey = 487927;
    DeviceType = "iPhone12,8";
    NSLocalizedDescription = "Could not locate device support files";
    NSLocalizedRecoverySuggestion = "iPhone may be running a version of iOS that is not supported by this version of Xcode. You can download the latest version of Xcode from the Mac App Store or developer.apple.com.";
    NSUnderlyingError = "Error Domain=com.apple.dt.DVTDeviceSupportFilesError Code=2 \"Unable to locate ideal DDI for platform: <DVTPlatform:0x7fbfd8408430:'com.apple.platform.iphoneos':<DVTFilePath:0x7fbfd84083b0:'/Applications/Xcode.app/Contents/Developer/Platforms/iPhoneOS.platform'>>, version: 26.1, build: 23B85\" UserInfo={NSLocalizedDescription=Unable to locate ideal DDI for platform: <DVTPlatform:0x7fbfd8408430:'com.apple.platform.iphoneos':<DVTFilePath:0x7fbfd84083b0:'/Applications/Xcode.app/Contents/Developer/Platforms/iPhoneOS.platform'>>, version: 26.1, build: 23B85, DVTRadarComponentKey=487927}";
}
2026-03-19 20:36:17.094 xcodebuild[6449:1126623] [MT] iPhoneConnect: 📱<DVTiOSDevice (0x7fbfdbf8d2c0), iPhone, iPhone, 26.1 (23B85), 00008030-001C141E2660402E> -- An error occurred whilst preparing device for development -- Could not locate device support files
Domain: com.apple.dtdevicekit
Code: 601
Recovery Suggestion: iPhone may be running a version of iOS that is not supported by this version of Xcode. You can download the latest version of Xcode from the Mac App Store or developer.apple.com.
User Info: {
    DVTRadarComponentKey = 487927;
    DeviceType = "iPhone12,8";
}
--
Unable to locate ideal DDI for platform: <DVTPlatform:0x7fbfd8408430:'com.apple.platform.iphoneos':<DVTFilePath:0x7fbfd84083b0:'/Applications/Xcode.app/Contents/Developer/Platforms/iPhoneOS.platform'>>, version: 26.1, build: 23B85
Domain: com.apple.dt.DVTDeviceSupportFilesError
Code: 2
User Info: {
    DVTRadarComponentKey = 487927;
}
--
2026-03-19 20:36:17.094 xcodebuild[6449:1126623] [MT] iPhoneConnect: 📱<DVTiOSDevice (0x7fbfdbf8d2c0), iPhone, iPhone, 26.1 (23B85), 00008030-001C141E2660402E> == Underlying device preparation errors ==
2026-03-19 20:36:17.094 xcodebuild[6449:1126623] [MT] iPhoneConnect: Could not locate device support files
Domain: com.apple.dtdevicekit
Code: 601
Recovery Suggestion: iPhone may be running a version of iOS that is not supported by this version of Xcode. You can download the latest version of Xcode from the Mac App Store or developer.apple.com.
User Info: {
    DVTRadarComponentKey = 487927;
    DeviceType = "iPhone12,8";
}
--
Unable to locate ideal DDI for platform: <DVTPlatform:0x7fbfd8408430:'com.apple.platform.iphoneos':<DVTFilePath:0x7fbfd84083b0:'/Applications/Xcode.app/Contents/Developer/Platforms/iPhoneOS.platform'>>, version: 26.1, build: 23B85
Domain: com.apple.dt.DVTDeviceSupportFilesError
Code: 2
User Info: {
    DVTRadarComponentKey = 487927;
}
--
2026-03-19 20:36:17.094 xcodebuild[6449:1126623] [MT] iPhoneConnect: 📱<DVTiOSDevice (0x7fbfdbf8d2c0), iPhone, iPhone, 26.1 (23B85), 00008030-001C141E2660402E> == END: Underlying device preparation errors ==

SwiftDriverJob-Emit-Module normal arm64 Emitting\ module\ for\ ALADDIN (in target 'ALADDIN' from project 'ALADDIN')
    cd /Users/sergejhlystov/ALADDIN_NEW/ALADDIN_NEW/mobile_apps/ALADDIN_iOS
    export DEVELOPER_DIR\=/Applications/Xcode.app/Contents/Developer
    export SDKROOT\=/Applications/Xcode.app/Contents/Developer/Platforms/iPhoneSimulator.platform/Developer/SDKs/iPhoneSimulator15.2.sdk
    builtin-swiftDriverJobExecution -- /Applications/Xcode.app/Contents/Developer/Toolchains/XcodeDefault.xctoolchain/usr/bin/swift-frontend -frontend -emit-module -experimental-skip-non-inlinable-function-bodies-without-types /Users/sergejhlystov/ALADDIN_NEW/ALADDIN_NEW/mobile_apps/ALADDIN_iOS/ViewModels/DrivingReportsViewModel.swift /Users/sergejhlystov/ALADDIN_NEW/ALADDIN_NEW/mobile_apps/ALADDIN_iOS/Core/Utilities/LogSanitizer.swift /Users/sergejhlystov/ALADDIN_NEW/ALADDIN_NEW/mobile_apps/ALADDIN_iOS/Screens/08_ChildInterfaceScreen.swift /Users/sergejhlystov/ALADDIN_NEW/ALADDIN_NEW/mobile_apps/ALADDIN_iOS/ContentView.swift /Users/sergejhlystov/ALADDIN_NEW/ALADDIN_NEW/mobile_apps/ALADDIN_iOS/AppDelegate.swift /Users/sergejhlystov/ALADDIN_NEW/ALADDIN_NEW/mobile_apps/ALADDIN_iOS/Shared/Components/UserSelectorView.swift /Users/sergejhlystov/ALADDIN_NEW/ALADDIN_NEW/mobile_apps/ALADDIN_iOS/Screens/Views/VoiceControlView.swift /Users/sergejhlystov/ALADDIN_NEW/ALADDIN_NEW/mobile_apps/ALADDIN_iOS/Components/Modals/AgeGroupSelectionModal.swift /Users/sergejhlystov/ALADDIN_NEW/ALADDIN_NEW/mobile_apps/ALADDIN_iOS/ViewModels/ActivationCodeViewModel.swift /Users/sergejhlystov/ALADDIN_NEW/ALADDIN_NEW/mobile_apps/ALADDIN_iOS/Core/Services/SubscriptionMonitor.swift /Users/sergejhlystov/ALADDIN_NEW/ALADDIN_NEW/mobile_apps/ALADDIN_iOS/Shared/Components/Modals/MobileSecuritySettingsModal.swift /Users/sergejhlystov/ALADDIN_NEW/ALADDIN_NEW/mobile_apps/ALADDIN_iOS/Shared/Components/Modals/IdentityTheftModal.swift /Users/sergejhlystov/ALADDIN_NEW/ALADDIN_NEW/mobile_apps/ALADDIN_iOS/ViewModels/PrivacyReportsViewModel.swift /Users/sergejhlystov/ALADDIN_NEW/ALADDIN_NEW/mobile_apps/ALADDIN_iOS/Components/TariffCardView.swift /Users/sergejhlystov/ALADDIN_NEW/ALADDIN_NEW/mobile_apps/ALADDIN_iOS/ALADDINApp.swift /Users/sergejhlystov/ALADDIN_NEW/ALADDIN_NEW/mobile_apps/ALADDIN_iOS/Core/ContentBlocker/ContentBlockerManager.swift /Users/sergejhlystov/ALADDIN_NEW/ALADDIN_NEW/mobile_apps/ALADDIN_iOS/Shared/Components/Modals/PrivacyReportsModal.swift /Users/sergejhlystov/ALADDIN_NEW/ALADDIN_NEW/mobile_apps/ALADDIN_iOS/Shared/Models/FunctionStatus.swift /Users/sergejhlystov/ALADDIN_NEW/ALADDIN_NEW/mobile_apps/ALADDIN_iOS/Screens/26_ActivationCodeScreen.swift /Users/sergejhlystov/ALADDIN_NEW/ALADDIN_NEW/mobile_apps/ALADDIN_iOS/ViewModels/MainViewModel.swift /Users/sergejhlystov/ALADDIN_NEW/ALADDIN_NEW/mobile_apps/ALADDIN_iOS/Components/TariffCardSections.swift /Users/sergejhlystov/ALADDIN_NEW/ALADDIN_NEW/mobile_apps/ALADDIN_iOS/Shared/Components/PositioningSystemPickerView.swift /Users/sergejhlystov/ALADDIN_NEW/ALADDIN_NEW/mobile_apps/ALADDIN_iOS/Components/Modals/FamilyContentBlockModal.swift /Users/sergejhlystov/ALADDIN_NEW/ALADDIN_NEW/mobile_apps/ALADDIN_iOS/Shared/Components/Modals/NetworkSecuritySettingsModal.swift /Users/sergejhlystov/ALADDIN_NEW/ALADDIN_NEW/mobile_apps/ALADDIN_iOS/Shared/Components/Buttons/PrimaryButton.swift /Users/sergejhlystov/ALADDIN_NEW/ALADDIN_NEW/mobile_apps/ALADDIN_iOS/Shared/Components/SecurityFeatureRow.swift /Users/sergejhlystov/ALADDIN_NEW/ALADDIN_NEW/mobile_apps/ALADDIN_iOS/Screens/NotificationSettingsScreen.swift /Users/sergejhlystov/ALADDIN_NEW/ALADDIN_NEW/mobile_apps/ALADDIN_iOS/Core/Managers/TariffManager.swift /Users/sergejhlystov/ALADDIN_NEW/ALADDIN_NEW/mobile_apps/ALADDIN_iOS/Screens/ChildContentScreen.swift /Users/sergejhlystov/ALADDIN_NEW/ALADDIN_NEW/mobile_apps/ALADDIN_iOS/Shared/Models/AdditionalFeature.swift /Users/sergejhlystov/ALADDIN_NEW/ALADDIN_NEW/mobile_apps/ALADDIN_iOS/Shared/Components/Modals/DarkWebDataInputView.swift /Users/sergejhlystov/ALADDIN_NEW/ALADDIN_NEW/mobile_apps/ALADDIN_iOS/Screens/Views/PaymentHelpView.swift /Users/sergejhlystov/ALADDIN_NEW/ALADDIN_NEW/mobile_apps/ALADDIN_iOS/Shared/Components/StatItem.swift /Users/sergejhlystov/ALADDIN_NEW/ALADDIN_NEW/mobile_apps/ALADDIN_iOS/Shared/Components/Cards/FamilyMemberCard.swift /Users/sergejhlystov/ALADDIN_NEW/ALADDIN_NEW/mobile_apps/ALADDIN_iOS/Shared/Components/Cards/AddMoreMemberCard.swift /Users/sergejhlystov/ALADDIN_NEW/ALADDIN_NEW/mobile_apps/ALADDIN_iOS/Components/Modals/ChildRewardsSettingsModal.swift /Users/sergejhlystov/ALADDIN_NEW/ALADDIN_NEW/mobile_apps/ALADDIN_iOS/Core/Models/APIModels.swift /Users/sergejhlystov/ALADDIN_NEW/ALADDIN_NEW/mobile_apps/ALADDIN_iOS/Core/NetworkProtection/NetworkProtectionManager.swift /Users/sergejhlystov/ALADDIN_NEW/ALADDIN_NEW/mobile_apps/ALADDIN_iOS/Screens/UnicornPetView.swift /Users/sergejhlystov/ALADDIN_NEW/ALADDIN_NEW/mobile_apps/ALADDIN_iOS/Core/Utilities/VisualLogger.swift /Users/sergejhlystov/ALADDIN_NEW/ALADDIN_NEW/mobile_apps/ALADDIN_iOS/Core/Network/APIService.swift /Users/sergejhlystov/ALADDIN_NEW/ALADDIN_NEW/mobile_apps/ALADDIN_iOS/Core/Antivirus/QuarantineManager.swift /Users/sergejhlystov/ALADDIN_NEW/ALADDIN_NEW/mobile_apps/ALADDIN_iOS/ViewModels/NetworkProtectionViewModel.swift /Users/sergejhlystov/ALADDIN_NEW/ALADDIN_NEW/mobile_apps/ALADDIN_iOS/Screens/18_PrivacyPolicyScreen.swift /Users/sergejhlystov/ALADDIN_NEW/ALADDIN_NEW/mobile_apps/ALADDIN_iOS/Core/Services/ComponentStatusService.swift /Users/sergejhlystov/ALADDIN_NEW/ALADDIN_NEW/mobile_apps/ALADDIN_iOS/Screens/10_TariffsScreen.swift /Users/sergejhlystov/ALADDIN_NEW/ALADDIN_NEW/mobile_apps/ALADDIN_iOS/ViewModels/IdentityTheftViewModel.swift /Users/sergejhlystov/ALADDIN_NEW/ALADDIN_NEW/mobile_apps/ALADDIN_iOS/Screens/09_ElderlyInterfaceScreen.swift /Users/sergejhlystov/ALADDIN_NEW/ALADDIN_NEW/mobile_apps/ALADDIN_iOS/Screens/Views/TrialFlowTestView.swift /Users/sergejhlystov/ALADDIN_NEW/ALADDIN_NEW/mobile_apps/ALADDIN_iOS/Screens/11_ProfileScreen.swift /Users/sergejhlystov/ALADDIN_NEW/ALADDIN_NEW/mobile_apps/ALADDIN_iOS/Core/Network/NetworkManager.swift /Users/sergejhlystov/ALADDIN_NEW/ALADDIN_NEW/mobile_apps/ALADDIN_iOS/Screens/19_TermsOfServiceScreen.swift /Users/sergejhlystov/ALADDIN_NEW/ALADDIN_NEW/mobile_apps/ALADDIN_iOS/Core/Managers/SubscriptionManager.swift /Users/sergejhlystov/ALADDIN_NEW/ALADDIN_NEW/mobile_apps/ALADDIN_iOS/Core/Config/AppConfig.swift /Users/sergejhlystov/ALADDIN_NEW/ALADDIN_NEW/mobile_apps/ALADDIN_iOS/Core/Utils/ParallelLoader.swift /Users/sergejhlystov/ALADDIN_NEW/ALADDIN_NEW/mobile_apps/ALADDIN_iOS/ViewModels/FamilyViewModel.swift /Users/sergejhlystov/ALADDIN_NEW/ALADDIN_NEW/mobile_apps/ALADDIN_iOS/ViewModels/AIAssistantViewModel.swift /Users/sergejhlystov/ALADDIN_NEW/ALADDIN_NEW/mobile_apps/ALADDIN_iOS/Screens/Views/FeatureGateView.swift /Users/sergejhlystov/ALADDIN_NEW/ALADDIN_NEW/mobile_apps/ALADDIN_iOS/Screens/22_DeviceDetailScreen.swift /Users/sergejhlystov/ALADDIN_NEW/ALADDIN_NEW/mobile_apps/ALADDIN_iOS/Screens/WidgetConfigurationScreen.swift /Users/sergejhlystov/ALADDIN_NEW/ALADDIN_NEW/mobile_apps/ALADDIN_iOS/Core/Managers/DNSProtectionManager.swift /Users/sergejhlystov/ALADDIN_NEW/ALADDIN_NEW/mobile_apps/ALADDIN_iOS/Core/Network/FamilyChatWebSocket.swift /Users/sergejhlystov/ALADDIN_NEW/ALADDIN_NEW/mobile_apps/ALADDIN_iOS/Screens/SecurityEducationScreen.swift /Users/sergejhlystov/ALADDIN_NEW/ALADDIN_NEW/mobile_apps/ALADDIN_iOS/Core/Monitoring/MetricsService.swift /Users/sergejhlystov/ALADDIN_NEW/ALADDIN_NEW/mobile_apps/ALADDIN_iOS/Core/Models/ComponentStatus.swift /Users/sergejhlystov/ALADDIN_NEW/ALADDIN_NEW/mobile_apps/ALADDIN_iOS/Core/Security/KeychainManager.swift /Users/sergejhlystov/ALADDIN_NEW/ALADDIN_NEW/mobile_apps/ALADDIN_iOS/Shared/Components/Modals/MemberStatsModalView.swift /Users/sergejhlystov/ALADDIN_NEW/ALADDIN_NEW/mobile_apps/ALADDIN_iOS/ViewModels/ProtectionSettingsViewModel.swift /Users/sergejhlystov/ALADDIN_NEW/ALADDIN_NEW/mobile_apps/ALADDIN_iOS/Shared/Components/Modals/AddMemberOptionsModal.swift /Users/sergejhlystov/ALADDIN_NEW/ALADDIN_NEW/mobile_apps/ALADDIN_iOS/Shared/Components/Modals/InvitationCodeInputModal.swift /Users/sergejhlystov/ALADDIN_NEW/ALADDIN_NEW/mobile_apps/ALADDIN_iOS/Shared/Components/Chat/MessageActionsMenu.swift /Users/sergejhlystov/ALADDIN_NEW/ALADDIN_NEW/mobile_apps/ALADDIN_iOS/Shared/Styles/Spacing.swift /Users/sergejhlystov/ALADDIN_NEW/ALADDIN_NEW/mobile_apps/ALADDIN_iOS/Shared/Components/RecoveryOptionsModal.swift /Users/sergejhlystov/ALADDIN_NEW/ALADDIN_NEW/mobile_apps/ALADDIN_iOS/Core/Models/ComponentError.swift /Users/sergejhlystov/ALADDIN_NEW/ALADDIN_NEW/mobile_apps/ALADDIN_iOS/Shared/Components/ShareSheet.swift /Users/sergejhlystov/ALADDIN_NEW/ALADDIN_NEW/mobile_apps/ALADDIN_iOS/Shared/Models/TariffCard.swift /Users/sergejhlystov/ALADDIN_NEW/ALADDIN_NEW/mobile_apps/ALADDIN_iOS/ViewModels/SettingsViewModel.swift /Users/sergejhlystov/ALADDIN_NEW/ALADDIN_NEW/mobile_apps/ALADDIN_iOS/Shared/Components/Modals/DrivingReportsModal.swift /Users/sergejhlystov/ALADDIN_NEW/ALADDIN_NEW/mobile_apps/ALADDIN_iOS/Shared/Components/Chat/VoiceRecordingView.swift /Users/sergejhlystov/ALADDIN_NEW/ALADDIN_NEW/mobile_apps/ALADDIN_iOS/Core/Managers/AdditionalFeaturesManager.swift /Users/sergejhlystov/ALADDIN_NEW/ALADDIN_NEW/mobile_apps/ALADDIN_iOS/Shared/Components/InfoRow.swift /Users/sergejhlystov/ALADDIN_NEW/ALADDIN_NEW/mobile_apps/ALADDIN_iOS/Screens/25_PaymentQRScreen.swift /Users/sergejhlystov/ALADDIN_NEW/ALADDIN_NEW/mobile_apps/ALADDIN_iOS/Shared/Components/Modals/RoleSelectionModal.swift /Users/sergejhlystov/ALADDIN_NEW/ALADDIN_NEW/mobile_apps/ALADDIN_iOS/Shared/Components/Modals/ProtectionLevelExplanationModal.swift /Users/sergejhlystov/ALADDIN_NEW/ALADDIN_NEW/mobile_apps/ALADDIN_iOS/Shared/Components/Modals/ProtectionLevelHistoryModal.swift /Users/sergejhlystov/ALADDIN_NEW/ALADDIN_NEW/mobile_apps/ALADDIN_iOS/Core/Diagnostics/SettingsDiagnosticsLogger.swift /Users/sergejhlystov/ALADDIN_NEW/ALADDIN_NEW/mobile_apps/ALADDIN_iOS/Core/Diagnostics/RecursionMonitor.swift /Users/sergejhlystov/ALADDIN_NEW/ALADDIN_NEW/mobile_apps/ALADDIN_iOS/Core/Diagnostics/StackSizeMonitor.swift /Users/sergejhlystov/ALADDIN_NEW/ALADDIN_NEW/mobile_apps/ALADDIN_iOS/Core/Diagnostics/MonitoredUserDefaults.swift /Users/sergejhlystov/ALADDIN_NEW/ALADDIN_NEW/mobile_apps/ALADDIN_iOS/Core/Diagnostics/MonitoredAppStorage.swift /Users/sergejhlystov/ALADDIN_NEW/ALADDIN_NEW/mobile_apps/ALADDIN_iOS/Shared/Components/Modals/RecoveryCodeModal.swift /Users/sergejhlystov/ALADDIN_NEW/ALADDIN_NEW/mobile_apps/ALADDIN_iOS/ViewModels/SupportViewModel.swift /Users/sergejhlystov/ALADDIN_NEW/ALADDIN_NEW/mobile_apps/ALADDIN_iOS/Shared/Components/Chat/MessageReactionsView.swift /Users/sergejhlystov/ALADDIN_NEW/ALADDIN_NEW/mobile_apps/ALADDIN_iOS/Screens/CrashLogsView.swift /Users/sergejhlystov/ALADDIN_NEW/ALADDIN_NEW/mobile_apps/ALADDIN_iOS/ViewModels/ChildInterfaceViewModel.swift /Users/sergejhlystov/ALADDIN_NEW/ALADDIN_NEW/mobile_apps/ALADDIN_iOS/Screens/12_NotificationsScreen.swift /Users/sergejhlystov/ALADDIN_NEW/ALADDIN_NEW/mobile_apps/ALADDIN_iOS/Core/Validation/InputSanitizer.swift /Users/sergejhlystov/ALADDIN_NEW/ALADDIN_NEW/mobile_apps/ALADDIN_iOS/Shared/Components/Chat/VoiceMessageBubble.swift /Users/sergejhlystov/ALADDIN_NEW/ALADDIN_NEW/mobile_apps/ALADDIN_iOS/ViewModels/ElderlyInterfaceViewModel.swift /Users/sergejhlystov/ALADDIN_NEW/ALADDIN_NEW/mobile_apps/ALADDIN_iOS/ViewModels/AnalyticsViewModel.swift /Users/sergejhlystov/ALADDIN_NEW/ALADDIN_NEW/mobile_apps/ALADDIN_iOS/Core/Cache/CacheManager.swift /Users/sergejhlystov/ALADDIN_NEW/ALADDIN_NEW/mobile_apps/ALADDIN_iOS/Screens/Views/FamilyTournamentView.swift /Users/sergejhlystov/ALADDIN_NEW/ALADDIN_NEW/mobile_apps/ALADDIN_iOS/ALADDINWidgets/SharedDataManager.swift /Users/sergejhlystov/ALADDIN_NEW/ALADDIN_NEW/mobile_apps/ALADDIN_iOS/Core/Models/ProtectionFeature.swift /Users/sergejhlystov/ALADDIN_NEW/ALADDIN_NEW/mobile_apps/ALADDIN_iOS/Core/Models/ProtectionLevelHistory.swift /Users/sergejhlystov/ALADDIN_NEW/ALADDIN_NEW/mobile_apps/ALADDIN_iOS/Core/Models/ComponentReportsModels.swift /Users/sergejhlystov/ALADDIN_NEW/ALADDIN_NEW/mobile_apps/ALADDIN_iOS/Core/Audio/VoiceMessagePlayer.swift /Users/sergejhlystov/ALADDIN_NEW/ALADDIN_NEW/mobile_apps/ALADDIN_iOS/Core/Analytics/ComponentAnalytics.swift /Users/sergejhlystov/ALADDIN_NEW/ALADDIN_NEW/mobile_apps/ALADDIN_iOS/Shared/Components/Modals/DarkWebScanExplanationView.swift /Users/sergejhlystov/ALADDIN_NEW/ALADDIN_NEW/mobile_apps/ALADDIN_iOS/Core/Managers/JWTErrorRecovery.swift /Users/sergejhlystov/ALADDIN_NEW/ALADDIN_NEW/mobile_apps/ALADDIN_iOS/Core/Logging/JWTEventLogger.swift /Users/sergejhlystov/ALADDIN_NEW/ALADDIN_NEW/mobile_apps/ALADDIN_iOS/ViewModels/NotificationsViewModel.swift /Users/sergejhlystov/ALADDIN_NEW/ALADDIN_NEW/mobile_apps/ALADDIN_iOS/Core/Utilities/APITestAnalyzer.swift /Users/sergejhlystov/ALADDIN_NEW/ALADDIN_NEW/mobile_apps/ALADDIN_iOS/Core/Managers/JWTCircuitBreaker.swift /Users/sergejhlystov/ALADDIN_NEW/ALADDIN_NEW/mobile_apps/ALADDIN_iOS/Screens/06_AIAssistantScreen.swift /Users/sergejhlystov/ALADDIN_NEW/ALADDIN_NEW/mobile_apps/ALADDIN_iOS/Shared/Components/Modals/AICategoriesModal.swift /Users/sergejhlystov/ALADDIN_NEW/ALADDIN_NEW/mobile_apps/ALADDIN_iOS/Shared/Components/Modals/MalwareDetectionSettingsModal.swift /Users/sergejhlystov/ALADDIN_NEW/ALADDIN_NEW/mobile_apps/ALADDIN_iOS/Components/Modals/RewardsQuickModal.swift /Users/sergejhlystov/ALADDIN_NEW/ALADDIN_NEW/mobile_apps/ALADDIN_iOS/Screens/Views/ComplianceView.swift /Users/sergejhlystov/ALADDIN_NEW/ALADDIN_NEW/mobile_apps/ALADDIN_iOS/Core/Utilities/MasterLogger.swift /Users/sergejhlystov/ALADDIN_NEW/ALADDIN_NEW/mobile_apps/ALADDIN_iOS/Screens/AdvancedProtectionSettingsScreen.swift /Users/sergejhlystov/ALADDIN_NEW/ALADDIN_NEW/mobile_apps/ALADDIN_iOS/Core/Chat/FamilyChatOfflineManager.swift /Users/sergejhlystov/ALADDIN_NEW/ALADDIN_NEW/mobile_apps/ALADDIN_iOS/ViewModels/ProfileViewModel.swift /Users/sergejhlystov/ALADDIN_NEW/ALADDIN_NEW/mobile_apps/ALADDIN_iOS/Core/Managers/TokenHealthMonitor.swift /Users/sergejhlystov/ALADDIN_NEW/ALADDIN_NEW/mobile_apps/ALADDIN_iOS/Components/Modals/ConsentModal.swift /Users/sergejhlystov/ALADDIN_NEW/ALADDIN_NEW/mobile_apps/ALADDIN_iOS/Shared/Components/Modals/IncidentResponseSettingsModal.swift /Users/sergejhlystov/ALADDIN_NEW/ALADDIN_NEW/mobile_apps/ALADDIN_iOS/ViewModels/ParentalControlViewModel.swift /Users/sergejhlystov/ALADDIN_NEW/ALADDIN_NEW/mobile_apps/ALADDIN_iOS/ViewModels/OnboardingViewModel.swift /Users/sergejhlystov/ALADDIN_NEW/ALADDIN_NEW/mobile_apps/ALADDIN_iOS/Shared/Styles/Colors.swift /Users/sergejhlystov/ALADDIN_NEW/ALADDIN_NEW/mobile_apps/ALADDIN_iOS/Shared/Components/SettingsAccordion.swift /Users/sergejhlystov/ALADDIN_NEW/ALADDIN_NEW/mobile_apps/ALADDIN_iOS/Screens/ChildRewardsScreen.swift /Users/sergejhlystov/ALADDIN_NEW/ALADDIN_NEW/mobile_apps/ALADDIN_iOS/Screens/ChildGoalEditorView.swift /Users/sergejhlystov/ALADDIN_NEW/ALADDIN_NEW/mobile_apps/ALADDIN_iOS/Core/Security/RecoveryCodeStorageManager.swift /Users/sergejhlystov/ALADDIN_NEW/ALADDIN_NEW/mobile_apps/ALADDIN_iOS/Screens/21_ReferralScreen.swift /Users/sergejhlystov/ALADDIN_NEW/ALADDIN_NEW/mobile_apps/ALADDIN_iOS/Core/Network/RetryManager.swift /Users/sergejhlystov/ALADDIN_NEW/ALADDIN_NEW/mobile_apps/ALADDIN_iOS/Shared/Components/AvatarSelector.swift /Users/sergejhlystov/ALADDIN_NEW/ALADDIN_NEW/mobile_apps/ALADDIN_iOS/Components/MotivationBanner.swift /Users/sergejhlystov/ALADDIN_NEW/ALADDIN_NEW/mobile_apps/ALADDIN_iOS/ViewModels/DarkWebMonitoringViewModel.swift /Users/sergejhlystov/ALADDIN_NEW/ALADDIN_NEW/mobile_apps/ALADDIN_iOS/Shared/Components/Toast.swift /Users/sergejhlystov/ALADDIN_NEW/ALADDIN_NEW/mobile_apps/ALADDIN_iOS/Shared/Components/Navigation/ALADDINNavigationBar.swift /Users/sergejhlystov/ALADDIN_NEW/ALADDIN_NEW/mobile_apps/ALADDIN_iOS/Shared/Components/Modals/DarkWebMonitoringModal.swift /Users/sergejhlystov/ALADDIN_NEW/ALADDIN_NEW/mobile_apps/ALADDIN_iOS/Screens/14_OnboardingScreen.swift /Users/sergejhlystov/ALADDIN_NEW/ALADDIN_NEW/mobile_apps/ALADDIN_iOS/Components/Modals/FamilyCreatedModal.swift /Users/sergejhlystov/ALADDIN_NEW/ALADDIN_NEW/mobile_apps/ALADDIN_iOS/Core/Managers/LocationManager.swift /Users/sergejhlystov/ALADDIN_NEW/ALADDIN_NEW/mobile_apps/ALADDIN_iOS/Core/Managers/CrashDetectionManager.swift /Users/sergejhlystov/ALADDIN_NEW/ALADDIN_NEW/mobile_apps/ALADDIN_iOS/Shared/Components/Modals/CrashDetectionAlertModal.swift /Users/sergejhlystov/ALADDIN_NEW/ALADDIN_NEW/mobile_apps/ALADDIN_iOS/ViewModels/PaymentQRViewModel.swift /Users/sergejhlystov/ALADDIN_NEW/ALADDIN_NEW/mobile_apps/ALADDIN_iOS/Shared/Components/Chat/MediaMessageBubble.swift /Users/sergejhlystov/ALADDIN_NEW/ALADDIN_NEW/mobile_apps/ALADDIN_iOS/Core/Navigation/NavigationManager.swift /Users/sergejhlystov/ALADDIN_NEW/ALADDIN_NEW/mobile_apps/ALADDIN_iOS/Core/Accessibility/AccessibilityManager.swift /Users/sergejhlystov/ALADDIN_NEW/ALADDIN_NEW/mobile_apps/ALADDIN_iOS/Core/Helpers/URLHelper.swift /Users/sergejhlystov/ALADDIN_NEW/ALADDIN_NEW/mobile_apps/ALADDIN_iOS/Core/Store/StoreManager.swift /Users/sergejhlystov/ALADDIN_NEW/ALADDIN_NEW/mobile_apps/ALADDIN_iOS/Screens/WheelOfFortuneView.swift /Users/sergejhlystov/ALADDIN_NEW/ALADDIN_NEW/mobile_apps/ALADDIN_iOS/Screens/UnicornUniverseView.swift /Users/sergejhlystov/ALADDIN_NEW/ALADDIN_NEW/mobile_apps/ALADDIN_iOS/Core/Services/DateFormatterService.swift /Users/sergejhlystov/ALADDIN_NEW/ALADDIN_NEW/mobile_apps/ALADDIN_iOS/Screens/YoungDefenderView.swift /Users/sergejhlystov/ALADDIN_NEW/ALADDIN_NEW/mobile_apps/ALADDIN_iOS/Core/Localization/LocalizationManager.swift /Users/sergejhlystov/ALADDIN_NEW/ALADDIN_NEW/mobile_apps/ALADDIN_iOS/Screens/13_SupportScreen.swift /Users/sergejhlystov/ALADDIN_NEW/ALADDIN_NEW/mobile_apps/ALADDIN_iOS/Core/Audio/VoiceMessageRecorder.swift /Users/sergejhlystov/ALADDIN_NEW/ALADDIN_NEW/mobile_apps/ALADDIN_iOS/Core/Analytics/AnalyticsManager.swift /Users/sergejhlystov/ALADDIN_NEW/ALADDIN_NEW/mobile_apps/ALADDIN_iOS/Screens/07_ParentalControlScreen.swift /Users/sergejhlystov/ALADDIN_NEW/ALADDIN_NEW/mobile_apps/ALADDIN_iOS/Screens/05_SettingsScreen.swift /Users/sergejhlystov/ALADDIN_NEW/ALADDIN_NEW/mobile_apps/ALADDIN_iOS/Shared/Components/Inputs/ALADDINTextField.swift /Users/sergejhlystov/ALADDIN_NEW/ALADDIN_NEW/mobile_apps/ALADDIN_iOS/Shared/Components/Chat/ChatSearchBar.swift /Users/sergejhlystov/ALADDIN_NEW/ALADDIN_NEW/mobile_apps/ALADDIN_iOS/Shared/Components/Modals/BackupRecoveryModal.swift /Users/sergejhlystov/ALADDIN_NEW/ALADDIN_NEW/mobile_apps/ALADDIN_iOS/Screens/RewardsModalView.swift /Users/sergejhlystov/ALADDIN_NEW/ALADDIN_NEW/mobile_apps/ALADDIN_iOS/Screens/23_FamilyChatScreen.swift /Users/sergejhlystov/ALADDIN_NEW/ALADDIN_NEW/mobile_apps/ALADDIN_iOS/Core/Storage/StorageManager.swift /Users/sergejhlystov/ALADDIN_NEW/ALADDIN_NEW/mobile_apps/ALADDIN_iOS/Screens/02_FamilyScreen.swift /Users/sergejhlystov/ALADDIN_NEW/ALADDIN_NEW/mobile_apps/ALADDIN_iOS/Screens/20_DevicesScreen.swift /Users/sergejhlystov/ALADDIN_NEW/ALADDIN_NEW/mobile_apps/ALADDIN_iOS/Shared/Components/Buttons/SecondaryButton.swift /Users/sergejhlystov/ALADDIN_NEW/ALADDIN_NEW/mobile_apps/ALADDIN_iOS/Shared/Components/Modals/PasswordGeneratorModal.swift /Users/sergejhlystov/ALADDIN_NEW/ALADDIN_NEW/mobile_apps/ALADDIN_iOS/Components/EnhancedThreatCategoryCard.swift /Users/sergejhlystov/ALADDIN_NEW/ALADDIN_NEW/mobile_apps/ALADDIN_iOS/Shared/Components/Modals/PhishingProtectionSettingsModal.swift /Users/sergejhlystov/ALADDIN_NEW/ALADDIN_NEW/mobile_apps/ALADDIN_iOS/Screens/SettingsScreenFallback.swift /Users/sergejhlystov/ALADDIN_NEW/ALADDIN_NEW/mobile_apps/ALADDIN_iOS/Shared/Components/ViewModifiers.swift /Users/sergejhlystov/ALADDIN_NEW/ALADDIN_NEW/mobile_apps/ALADDIN_iOS/Shared/Components/CollapsibleSection.swift /Users/sergejhlystov/ALADDIN_NEW/ALADDIN_NEW/mobile_apps/ALADDIN_iOS/Shared/Components/HapticFeedback.swift /Users/sergejhlystov/ALADDIN_NEW/ALADDIN_NEW/mobile_apps/ALADDIN_iOS/Screens/MainScreenWithRegistration.swift /Users/sergejhlystov/ALADDIN_NEW/ALADDIN_NEW/mobile_apps/ALADDIN_iOS/Core/Network/NetworkError.swift /Users/sergejhlystov/ALADDIN_NEW/ALADDIN_NEW/mobile_apps/ALADDIN_iOS/Screens/LanguageSettingsScreen.swift /Users/sergejhlystov/ALADDIN_NEW/ALADDIN_NEW/mobile_apps/ALADDIN_iOS/Screens/SettingsTestSuiteView.swift /Users/sergejhlystov/ALADDIN_NEW/ALADDIN_NEW/mobile_apps/ALADDIN_iOS/ViewModels/FamilyRegistrationViewModel.swift /Users/sergejhlystov/ALADDIN_NEW/ALADDIN_NEW/mobile_apps/ALADDIN_iOS/Shared/Models/ParentalControlFeature.swift /Users/sergejhlystov/ALADDIN_NEW/ALADDIN_NEW/mobile_apps/ALADDIN_iOS/Shared/Styles/CornerRadius.swift /Users/sergejhlystov/ALADDIN_NEW/ALADDIN_NEW/mobile_apps/ALADDIN_iOS/Screens/01_MainScreen.swift /Users/sergejhlystov/ALADDIN_NEW/ALADDIN_NEW/mobile_apps/ALADDIN_iOS/Screens/03_NetworkProtectionScreen.swift /Users/sergejhlystov/ALADDIN_NEW/ALADDIN_NEW/mobile_apps/ALADDIN_iOS/Screens/FamilyProtectorView.swift /Users/sergejhlystov/ALADDIN_NEW/ALADDIN_NEW/mobile_apps/ALADDIN_iOS/Core/Managers/TokenManager.swift /Users/sergejhlystov/ALADDIN_NEW/ALADDIN_NEW/mobile_apps/ALADDIN_iOS/Shared/Styles/Fonts.swift /Users/sergejhlystov/ALADDIN_NEW/ALADDIN_NEW/mobile_apps/ALADDIN_iOS/Screens/GamesParentalControlView.swift /Users/sergejhlystov/ALADDIN_NEW/ALADDIN_NEW/mobile_apps/ALADDIN_iOS/Shared/Components/QRScannerModal.swift /Users/sergejhlystov/ALADDIN_NEW/ALADDIN_NEW/mobile_apps/ALADDIN_iOS/Screens/04_AnalyticsScreen.swift /Users/sergejhlystov/ALADDIN_NEW/ALADDIN_NEW/mobile_apps/ALADDIN_iOS/Components/TariffFeaturesGallery.swift /Users/sergejhlystov/ALADDIN_NEW/ALADDIN_NEW/mobile_apps/ALADDIN_iOS/Core/ContentBlocker/ContentBlockerRule.swift /Users/sergejhlystov/ALADDIN_NEW/ALADDIN_NEW/mobile_apps/ALADDIN_iOS/Screens/24_NetworkProtectionEnergyStatsScreen.swift /Users/sergejhlystov/ALADDIN_NEW/ALADDIN_NEW/mobile_apps/ALADDIN_iOS/Core/Analytics/ComponentAnalyticsModels.swift /Users/sergejhlystov/ALADDIN_NEW/ALADDIN_NEW/mobile_apps/ALADDIN_iOS/Screens/Views/EmergencyNotificationsView.swift /Users/sergejhlystov/ALADDIN_NEW/ALADDIN_NEW/mobile_apps/ALADDIN_iOS/Screens/Views/PaymentRecoveryView.swift /Users/sergejhlystov/ALADDIN_NEW/ALADDIN_NEW/mobile_apps/ALADDIN_iOS/Shared/Components/Modals/ProfileEditView.swift /Users/sergejhlystov/ALADDIN_NEW/ALADDIN_NEW/mobile_apps/ALADDIN_iOS/Shared/Components/ComponentToggleCard.swift /Users/sergejhlystov/ALADDIN_NEW/ALADDIN_NEW/mobile_apps/ALADDIN_iOS/ViewModels/TariffsViewModel.swift /Users/sergejhlystov/ALADDIN_NEW/ALADDIN_NEW/mobile_apps/ALADDIN_iOS/Core/Notifications/NotificationManager.swift /Users/sergejhlystov/ALADDIN_NEW/ALADDIN_NEW/mobile_apps/ALADDIN_iOS/Shared/Models/ProtectionSettings.swift /Users/sergejhlystov/ALADDIN_NEW/ALADDIN_NEW/mobile_apps/ALADDIN_iOS/Core/Notifications/RemoteNotificationsService.swift /Users/sergejhlystov/ALADDIN_NEW/ALADDIN_NEW/mobile_apps/ALADDIN_iOS/IntegrationTestViewModel.swift /Users/sergejhlystov/ALADDIN_NEW/ALADDIN_NEW/mobile_apps/ALADDIN_iOS/Core/Models/GeofenceModels.swift /Users/sergejhlystov/ALADDIN_NEW/ALADDIN_NEW/mobile_apps/ALADDIN_iOS/Core/Models/ComponentConfiguration.swift /Users/sergejhlystov/ALADDIN_NEW/ALADDIN_NEW/mobile_apps/ALADDIN_iOS/Core/Security/SecurityManager.swift /Users/sergejhlystov/ALADDIN_NEW/ALADDIN_NEW/mobile_apps/ALADDIN_iOS/Core/Managers/TokenValidator.swift /Users/sergejhlystov/ALADDIN_NEW/ALADDIN_NEW/mobile_apps/ALADDIN_iOS/Shared/Components/Modals/FamilyNotificationSettingsModal.swift /Users/sergejhlystov/ALADDIN_NEW/ALADDIN_NEW/mobile_apps/ALADDIN_iOS/Screens/ThreatProtectionScreen.swift /Users/sergejhlystov/ALADDIN_NEW/ALADDIN_NEW/mobile_apps/ALADDIN_iOS/Components/ThreatProtectionCard.swift /Users/sergejhlystov/ALADDIN_NEW/ALADDIN_NEW/mobile_apps/ALADDIN_iOS/Core/Validation/APIResponseValidator.swift /Users/sergejhlystov/ALADDIN_NEW/ALADDIN_NEW/mobile_apps/ALADDIN_iOS/Core/Models/SubscriptionModels.swift /Users/sergejhlystov/ALADDIN_NEW/ALADDIN_NEW/mobile_apps/ALADDIN_iOS/Components/ThreatProtectionCategoriesView.swift /Users/sergejhlystov/ALADDIN_NEW/ALADDIN_NEW/mobile_apps/ALADDIN_iOS/Shared/Components/Modals/AnalyticsSettingsModal.swift /Users/sergejhlystov/ALADDIN_NEW/ALADDIN_NEW/mobile_apps/ALADDIN_iOS/Core/Services/ComponentConfigurationService.swift /Users/sergejhlystov/ALADDIN_NEW/ALADDIN_NEW/mobile_apps/ALADDIN_iOS/Shared/Models/ThreatProtectionCategory.swift /Users/sergejhlystov/ALADDIN_NEW/ALADDIN_NEW/mobile_apps/ALADDIN_iOS/ViewModels/AICategoriesViewModel.swift /Users/sergejhlystov/ALADDIN_NEW/ALADDIN_NEW/mobile_apps/ALADDIN_iOS/Shared/Components/Modals/DarkWebScanMethodSelector.swift /Users/sergejhlystov/ALADDIN_NEW/ALADDIN_NEW/mobile_apps/ALADDIN_iOS/Core/Managers/GamesSettingsManager.swift /Users/sergejhlystov/ALADDIN_NEW/ALADDIN_NEW/mobile_apps/ALADDIN_iOS/Screens/Views/FamilyChatView.swift /Users/sergejhlystov/ALADDIN_NEW/ALADDIN_NEW/mobile_apps/ALADDIN_iOS/Core/Managers/ParentalControlManager.swift /Users/sergejhlystov/ALADDIN_NEW/ALADDIN_NEW/mobile_apps/ALADDIN_iOS/Core/Analytics/AnalyticsService.swift /Users/sergejhlystov/ALADDIN_NEW/ALADDIN_NEW/mobile_apps/ALADDIN_iOS/Screens/Views/FamilyAnalyticsView.swift /Users/sergejhlystov/ALADDIN_NEW/ALADDIN_NEW/mobile_apps/ALADDIN_iOS/Shared/Components/Chat/ReplyBubbleView.swift /Users/sergejhlystov/ALADDIN_NEW/ALADDIN_NEW/mobile_apps/ALADDIN_iOS/Core/Services/ComponentCacheService.swift /Users/sergejhlystov/ALADDIN_NEW/ALADDIN_NEW/mobile_apps/ALADDIN_iOS/Core/Services/PushNotificationService.swift /Users/sergejhlystov/ALADDIN_NEW/ALADDIN_NEW/mobile_apps/ALADDIN_iOS/Screens/AddMemberOptionsScreen.swift /Users/sergejhlystov/ALADDIN_NEW/ALADDIN_NEW/mobile_apps/ALADDIN_iOS/Core/Services/PositioningSystemService.swift /Users/sergejhlystov/ALADDIN_NEW/ALADDIN_NEW/mobile_apps/ALADDIN_iOS/Shared/Components/ComponentReportCard.swift /Users/sergejhlystov/ALADDIN_NEW/ALADDIN_NEW/mobile_apps/ALADDIN_iOS/Core/Analytics/RemoteAnalyticsService.swift /Users/sergejhlystov/ALADDIN_NEW/ALADDIN_NEW/mobile_apps/ALADDIN_iOS/Shared/Components/Modals/ComponentSettingsModal.swift /Users/sergejhlystov/ALADDIN_NEW/ALADDIN_NEW/mobile_apps/ALADDIN_iOS/Core/Storage/ProfileImageManager.swift /Users/sergejhlystov/ALADDIN_NEW/ALADDIN_NEW/mobile_apps/ALADDIN_iOS/Shared/Models/RewardModels.swift /Users/sergejhlystov/ALADDIN_NEW/ALADDIN_NEW/mobile_apps/ALADDIN_iOS/ViewModels/ChildRewardsViewModel.swift /Users/sergejhlystov/ALADDIN_NEW/ALADDIN_NEW/mobile_apps/ALADDIN_iOS/Core/Antivirus/AntivirusManager.swift /Users/sergejhlystov/ALADDIN_NEW/ALADDIN_NEW/mobile_apps/ALADDIN_iOS/Core/Network/MockAPIService.swift /Users/sergejhlystov/ALADDIN_NEW/ALADDIN_NEW/mobile_apps/ALADDIN_iOS/Core/Managers/ProtectionSettingsManager.swift /Users/sergejhlystov/ALADDIN_NEW/ALADDIN_NEW/mobile_apps/ALADDIN_iOS/Screens/ThreatProtectionSettingsScreen.swift /Users/sergejhlystov/ALADDIN_NEW/ALADDIN_NEW/mobile_apps/ALADDIN_iOS/Components/ProtectionCategoryRow.swift /Users/sergejhlystov/ALADDIN_NEW/ALADDIN_NEW/mobile_apps/ALADDIN_iOS/Shared/Models/ProtectionGroup.swift /Users/sergejhlystov/ALADDIN_NEW/ALADDIN_NEW/mobile_apps/ALADDIN_iOS/Core/IoT/IoTSecurityModule.swift /Users/sergejhlystov/ALADDIN_NEW/ALADDIN_NEW/mobile_apps/ALADDIN_iOS/Components/ProtectionGroupSection.swift /Users/sergejhlystov/ALADDIN_NEW/ALADDIN_NEW/mobile_apps/ALADDIN_iOS/Core/Antivirus/LocalThreatDatabase.swift /Users/sergejhlystov/ALADDIN_NEW/ALADDIN_NEW/mobile_apps/ALADDIN_iOS/Screens/RoadsideAssistanceView.swift /Users/sergejhlystov/ALADDIN_NEW/ALADDIN_NEW/mobile_apps/ALADDIN_iOS/Shared/Components/Inputs/ALADDINToggle.swift /Users/sergejhlystov/ALADDIN_NEW/ALADDIN_NEW/mobile_apps/ALADDIN_iOS/Screens/Views/EmergencyContactsView.swift /Users/sergejhlystov/ALADDIN_NEW/ALADDIN_NEW/mobile_apps/ALADDIN_iOS/Core/Managers/ComponentTariffManager.swift /Users/sergejhlystov/ALADDIN_NEW/ALADDIN_NEW/mobile_apps/ALADDIN_iOS/Shared/Components/EmptyStateView.swift /Users/sergejhlystov/ALADDIN_NEW/ALADDIN_NEW/mobile_apps/ALADDIN_iOS/Core/Network/RateLimiter.swift /Users/sergejhlystov/ALADDIN_NEW/ALADDIN_NEW/mobile_apps/ALADDIN_iOS/Shared/Components/Chat/TypingIndicatorView.swift /Users/sergejhlystov/ALADDIN_NEW/ALADDIN_NEW/mobile_apps/ALADDIN_iOS/Core/Monitoring/PerformanceMonitor.swift /Users/sergejhlystov/ALADDIN_NEW/ALADDIN_NEW/mobile_apps/ALADDIN_iOS/Core/Security/JWTTokenManager.swift /Users/sergejhlystov/ALADDIN_NEW/ALADDIN_NEW/mobile_apps/ALADDIN_iOS/Components/ThreatItemRow.swift -target arm64-apple-ios15.2-simulator -Xllvm -aarch64-use-tbi -enable-objc-interop -sdk /Applications/Xcode.app/Contents/Developer/Platforms/iPhoneSimulator.platform/Developer/SDKs/iPhoneSimulator15.2.sdk -I /Users/sergejhlystov/Library/Developer/Xcode/DerivedData/ALADDIN-eahryzmutvtbyceygnlyjsmiiaha/Build/Products/Debug-iphonesimulator -F /Users/sergejhlystov/Library/Developer/Xcode/DerivedData/ALADDIN-eahryzmutvtbyceygnlyjsmiiaha/Build/Products/Debug-iphonesimulator -no-color-diagnostics -enable-testing -g -module-cache-path /Users/sergejhlystov/Library/Developer/Xcode/DerivedData/ModuleCache.noindex -emit-localized-strings -emit-localized-strings-path /Users/sergejhlystov/Library/Developer/Xcode/DerivedData/ALADDIN-eahryzmutvtbyceygnlyjsmiiaha/Build/Intermediates.noindex/ALADDIN.build/Debug-iphonesimulator/ALADDIN.build/Objects-normal/arm64 -swift-version 5 -enforce-exclusivity\=checked -Onone -D DEBUG -serialize-debugging-options -Xcc -working-directory -Xcc /Users/sergejhlystov/ALADDIN_NEW/ALADDIN_NEW/mobile_apps/ALADDIN_iOS -resource-dir /Applications/Xcode.app/Contents/Developer/Toolchains/XcodeDefault.xctoolchain/usr/lib/swift -enable-anonymous-context-mangled-names -Xcc -I/Users/sergejhlystov/Library/Developer/Xcode/DerivedData/ALADDIN-eahryzmutvtbyceygnlyjsmiiaha/Build/Intermediates.noindex/ALADDIN.build/Debug-iphonesimulator/ALADDIN.build/swift-overrides.hmap -Xcc -iquote -Xcc /Users/sergejhlystov/Library/Developer/Xcode/DerivedData/ALADDIN-eahryzmutvtbyceygnlyjsmiiaha/Build/Intermediates.noindex/ALADDIN.build/Debug-iphonesimulator/ALADDIN.build/ALADDIN-generated-files.hmap -Xcc -I/Users/sergejhlystov/Library/Developer/Xcode/DerivedData/ALADDIN-eahryzmutvtbyceygnlyjsmiiaha/Build/Intermediates.noindex/ALADDIN.build/Debug-iphonesimulator/ALADDIN.build/ALADDIN-own-target-headers.hmap -Xcc -I/Users/sergejhlystov/Library/Developer/Xcode/DerivedData/ALADDIN-eahryzmutvtbyceygnlyjsmiiaha/Build/Intermediates.noindex/ALADDIN.build/Debug-iphonesimulator/ALADDIN.build/ALADDIN-all-target-headers.hmap -Xcc -iquote -Xcc /Users/sergejhlystov/Library/Developer/Xcode/DerivedData/ALADDIN-eahryzmutvtbyceygnlyjsmiiaha/Build/Intermediates.noindex/ALADDIN.build/Debug-iphonesimulator/ALADDIN.build/ALADDIN-project-headers.hmap -Xcc -I/Users/sergejhlystov/Library/Developer/Xcode/DerivedData/ALADDIN-eahryzmutvtbyceygnlyjsmiiaha/Build/Products/Debug-iphonesimulator/include -Xcc -I/Users/sergejhlystov/Library/Developer/Xcode/DerivedData/ALADDIN-eahryzmutvtbyceygnlyjsmiiaha/Build/Intermediates.noindex/ALADDIN.build/Debug-iphonesimulator/ALADDIN.build/DerivedSources-normal/arm64 -Xcc -I/Users/sergejhlystov/Library/Developer/Xcode/DerivedData/ALADDIN-eahryzmutvtbyceygnlyjsmiiaha/Build/Intermediates.noindex/ALADDIN.build/Debug-iphonesimulator/ALADDIN.build/DerivedSources/arm64 -Xcc -I/Users/sergejhlystov/Library/Developer/Xcode/DerivedData/ALADDIN-eahryzmutvtbyceygnlyjsmiiaha/Build/Intermediates.noindex/ALADDIN.build/Debug-iphonesimulator/ALADDIN.build/DerivedSources -Xcc -DDEBUG\=1 -module-name ALADDIN -target-sdk-version 15.2.0 -emit-module-doc-path /Users/sergejhlystov/Library/Developer/Xcode/DerivedData/ALADDIN-eahryzmutvtbyceygnlyjsmiiaha/Build/Intermediates.noindex/ALADDIN.build/Debug-iphonesimulator/ALADDIN.build/Objects-normal/arm64/ALADDIN.swiftdoc -emit-module-source-info-path /Users/sergejhlystov/Library/Developer/Xcode/DerivedData/ALADDIN-eahryzmutvtbyceygnlyjsmiiaha/Build/Intermediates.noindex/ALADDIN.build/Debug-iphonesimulator/ALADDIN.build/Objects-normal/arm64/ALADDIN.swiftsourceinfo -emit-objc-header-path /Users/sergejhlystov/Library/Developer/Xcode/DerivedData/ALADDIN-eahryzmutvtbyceygnlyjsmiiaha/Build/Intermediates.noindex/ALADDIN.build/Debug-iphonesimulator/ALADDIN.build/Objects-normal/arm64/ALADDIN-Swift.h -o /Users/sergejhlystov/Library/Developer/Xcode/DerivedData/ALADDIN-eahryzmutvtbyceygnlyjsmiiaha/Build/Intermediates.noindex/ALADDIN.build/Debug-iphonesimulator/ALADDIN.build/Objects-normal/arm64/ALADDIN.swiftmodule -emit-abi-descriptor-path /Users/sergejhlystov/Library/Developer/Xcode/DerivedData/ALADDIN-eahryzmutvtbyceygnlyjsmiiaha/Build/Intermediates.noindex/ALADDIN.build/Debug-iphonesimulator/ALADDIN.build/Objects-normal/arm64/ALADDIN.abi.json
2026-03-19 20:36:17.700 xcodebuild[6449:1127234]  iPhoneConnect: 📱<DVTiOSDevice (0x7fbfdbf8d2c0), iPhone, iPhone, 26.1 (23B85), 00008030-001C141E2660402E> unable to mount developer disk image, (Error Domain=com.apple.dtdevicekit Code=601 "Could not locate device support files" UserInfo={NSLocalizedDescription=Could not locate device support files, NSLocalizedRecoverySuggestion=iPhone may be running a version of iOS that is not supported by this version of Xcode. You can download the latest version of Xcode from the Mac App Store or developer.apple.com., DVTRadarComponentKey=487927, DeviceType=iPhone12,8, NSUnderlyingError=0x7fbfdbdb7740 {Error Domain=com.apple.dt.DVTDeviceSupportFilesError Code=2 "Unable to locate ideal DDI for platform: <DVTPlatform:0x7fbfd8408430:'com.apple.platform.iphoneos':<DVTFilePath:0x7fbfd84083b0:'/Applications/Xcode.app/Contents/Developer/Platforms/iPhoneOS.platform'>>, version: 26.1, build: 23B85" UserInfo={NSLocalizedDescription=Unable to locate ideal DDI for platform: <DVTPlatform:0x7fbfd8408430:'com.apple.platform.iphoneos':<DVTFilePath:0x7fbfd84083b0:'/Applications/Xcode.app/Contents/Developer/Platforms/iPhoneOS.platform'>>, version: 26.1, build: 23B85, DVTRadarComponentKey=487927}}}) {
    DVTRadarComponentKey = 487927;
    DeviceType = "iPhone12,8";
    NSLocalizedDescription = "Could not locate device support files";
    NSLocalizedRecoverySuggestion = "iPhone may be running a version of iOS that is not supported by this version of Xcode. You can download the latest version of Xcode from the Mac App Store or developer.apple.com.";
    NSUnderlyingError = "Error Domain=com.apple.dt.DVTDeviceSupportFilesError Code=2 \"Unable to locate ideal DDI for platform: <DVTPlatform:0x7fbfd8408430:'com.apple.platform.iphoneos':<DVTFilePath:0x7fbfd84083b0:'/Applications/Xcode.app/Contents/Developer/Platforms/iPhoneOS.platform'>>, version: 26.1, build: 23B85\" UserInfo={NSLocalizedDescription=Unable to locate ideal DDI for platform: <DVTPlatform:0x7fbfd8408430:'com.apple.platform.iphoneos':<DVTFilePath:0x7fbfd84083b0:'/Applications/Xcode.app/Contents/Developer/Platforms/iPhoneOS.platform'>>, version: 26.1, build: 23B85, DVTRadarComponentKey=487927}";
}
2026-03-19 20:36:17.701 xcodebuild[6449:1126623] [MT] iPhoneConnect: 📱<DVTiOSDevice (0x7fbfdbf8d2c0), iPhone, iPhone, 26.1 (23B85), 00008030-001C141E2660402E> -- An error occurred whilst preparing device for development -- Could not locate device support files
Domain: com.apple.dtdevicekit
Code: 601
Recovery Suggestion: iPhone may be running a version of iOS that is not supported by this version of Xcode. You can download the latest version of Xcode from the Mac App Store or developer.apple.com.
User Info: {
    DVTRadarComponentKey = 487927;
    DeviceType = "iPhone12,8";
}
--
Unable to locate ideal DDI for platform: <DVTPlatform:0x7fbfd8408430:'com.apple.platform.iphoneos':<DVTFilePath:0x7fbfd84083b0:'/Applications/Xcode.app/Contents/Developer/Platforms/iPhoneOS.platform'>>, version: 26.1, build: 23B85
Domain: com.apple.dt.DVTDeviceSupportFilesError
Code: 2
User Info: {
    DVTRadarComponentKey = 487927;
}
--
2026-03-19 20:36:17.701 xcodebuild[6449:1126623] [MT] iPhoneConnect: 📱<DVTiOSDevice (0x7fbfdbf8d2c0), iPhone, iPhone, 26.1 (23B85), 00008030-001C141E2660402E> == Underlying device preparation errors ==
2026-03-19 20:36:17.701 xcodebuild[6449:1126623] [MT] iPhoneConnect: Could not locate device support files
Domain: com.apple.dtdevicekit
Code: 601
Recovery Suggestion: iPhone may be running a version of iOS that is not supported by this version of Xcode. You can download the latest version of Xcode from the Mac App Store or developer.apple.com.
User Info: {
    DVTRadarComponentKey = 487927;
    DeviceType = "iPhone12,8";
}
--
Unable to locate ideal DDI for platform: <DVTPlatform:0x7fbfd8408430:'com.apple.platform.iphoneos':<DVTFilePath:0x7fbfd84083b0:'/Applications/Xcode.app/Contents/Developer/Platforms/iPhoneOS.platform'>>, version: 26.1, build: 23B85
Domain: com.apple.dt.DVTDeviceSupportFilesError
Code: 2
User Info: {
    DVTRadarComponentKey = 487927;
}
--
2026-03-19 20:36:17.701 xcodebuild[6449:1126623] [MT] iPhoneConnect: 📱<DVTiOSDevice (0x7fbfdbf8d2c0), iPhone, iPhone, 26.1 (23B85), 00008030-001C141E2660402E> == END: Underlying device preparation errors ==
2026-03-19 20:36:18.778 xcodebuild[6449:1127234]  iPhoneConnect: 📱<DVTiOSDevice (0x7fbfdbf8d2c0), iPhone, iPhone, 26.1 (23B85), 00008030-001C141E2660402E> unable to mount developer disk image, (Error Domain=com.apple.dtdevicekit Code=601 "Could not locate device support files" UserInfo={NSLocalizedDescription=Could not locate device support files, NSLocalizedRecoverySuggestion=iPhone may be running a version of iOS that is not supported by this version of Xcode. You can download the latest version of Xcode from the Mac App Store or developer.apple.com., DVTRadarComponentKey=487927, DeviceType=iPhone12,8, NSUnderlyingError=0x7fbfdc31b370 {Error Domain=com.apple.dt.DVTDeviceSupportFilesError Code=2 "Unable to locate ideal DDI for platform: <DVTPlatform:0x7fbfd8408430:'com.apple.platform.iphoneos':<DVTFilePath:0x7fbfd84083b0:'/Applications/Xcode.app/Contents/Developer/Platforms/iPhoneOS.platform'>>, version: 26.1, build: 23B85" UserInfo={NSLocalizedDescription=Unable to locate ideal DDI for platform: <DVTPlatform:0x7fbfd8408430:'com.apple.platform.iphoneos':<DVTFilePath:0x7fbfd84083b0:'/Applications/Xcode.app/Contents/Developer/Platforms/iPhoneOS.platform'>>, version: 26.1, build: 23B85, DVTRadarComponentKey=487927}}}) {
    DVTRadarComponentKey = 487927;
    DeviceType = "iPhone12,8";
    NSLocalizedDescription = "Could not locate device support files";
    NSLocalizedRecoverySuggestion = "iPhone may be running a version of iOS that is not supported by this version of Xcode. You can download the latest version of Xcode from the Mac App Store or developer.apple.com.";
    NSUnderlyingError = "Error Domain=com.apple.dt.DVTDeviceSupportFilesError Code=2 \"Unable to locate ideal DDI for platform: <DVTPlatform:0x7fbfd8408430:'com.apple.platform.iphoneos':<DVTFilePath:0x7fbfd84083b0:'/Applications/Xcode.app/Contents/Developer/Platforms/iPhoneOS.platform'>>, version: 26.1, build: 23B85\" UserInfo={NSLocalizedDescription=Unable to locate ideal DDI for platform: <DVTPlatform:0x7fbfd8408430:'com.apple.platform.iphoneos':<DVTFilePath:0x7fbfd84083b0:'/Applications/Xcode.app/Contents/Developer/Platforms/iPhoneOS.platform'>>, version: 26.1, build: 23B85, DVTRadarComponentKey=487927}";
}
2026-03-19 20:36:18.778 xcodebuild[6449:1126623] [MT] iPhoneConnect: 📱<DVTiOSDevice (0x7fbfdbf8d2c0), iPhone, iPhone, 26.1 (23B85), 00008030-001C141E2660402E> -- An error occurred whilst preparing device for development -- Could not locate device support files
Domain: com.apple.dtdevicekit
Code: 601
Recovery Suggestion: iPhone may be running a version of iOS that is not supported by this version of Xcode. You can download the latest version of Xcode from the Mac App Store or developer.apple.com.
User Info: {
    DVTRadarComponentKey = 487927;
    DeviceType = "iPhone12,8";
}
--
Unable to locate ideal DDI for platform: <DVTPlatform:0x7fbfd8408430:'com.apple.platform.iphoneos':<DVTFilePath:0x7fbfd84083b0:'/Applications/Xcode.app/Contents/Developer/Platforms/iPhoneOS.platform'>>, version: 26.1, build: 23B85
Domain: com.apple.dt.DVTDeviceSupportFilesError
Code: 2
User Info: {
    DVTRadarComponentKey = 487927;
}
--
2026-03-19 20:36:18.778 xcodebuild[6449:1126623] [MT] iPhoneConnect: 📱<DVTiOSDevice (0x7fbfdbf8d2c0), iPhone, iPhone, 26.1 (23B85), 00008030-001C141E2660402E> == Underlying device preparation errors ==
2026-03-19 20:36:18.779 xcodebuild[6449:1126623] [MT] iPhoneConnect: Could not locate device support files
Domain: com.apple.dtdevicekit
Code: 601
Recovery Suggestion: iPhone may be running a version of iOS that is not supported by this version of Xcode. You can download the latest version of Xcode from the Mac App Store or developer.apple.com.
User Info: {
    DVTRadarComponentKey = 487927;
    DeviceType = "iPhone12,8";
}
--
Unable to locate ideal DDI for platform: <DVTPlatform:0x7fbfd8408430:'com.apple.platform.iphoneos':<DVTFilePath:0x7fbfd84083b0:'/Applications/Xcode.app/Contents/Developer/Platforms/iPhoneOS.platform'>>, version: 26.1, build: 23B85
Domain: com.apple.dt.DVTDeviceSupportFilesError
Code: 2
User Info: {
    DVTRadarComponentKey = 487927;
}
--
2026-03-19 20:36:18.779 xcodebuild[6449:1126623] [MT] iPhoneConnect: 📱<DVTiOSDevice (0x7fbfdbf8d2c0), iPhone, iPhone, 26.1 (23B85), 00008030-001C141E2660402E> == END: Underlying device preparation errors ==
/Users/sergejhlystov/ALADDIN_NEW/ALADDIN_NEW/mobile_apps/ALADDIN_iOS/Core/Network/APIService.swift:3097:35: warning: immutable value 'response' was never used; consider replacing with '_' or removing it
                case .success(let response):
                              ~~~~^~~~~~~~
                              _
/Users/sergejhlystov/ALADDIN_NEW/ALADDIN_NEW/mobile_apps/ALADDIN_iOS/Core/Network/APIService.swift:2960:21: warning: immutable property will not be decoded because it is declared with an initial value which cannot be overwritten
                let fields: [String]? = ["componentId", "isEnabled", "lastUpdate", "uptime"] // Только нужные поля
/Users/sergejhlystov/ALADDIN_NEW/ALADDIN_NEW/mobile_apps/ALADDIN_iOS/Core/Network/APIService.swift:2960:21: note: set the initial value via the initializer or explicitly define a CodingKeys enum including a 'fields' case to silence this warning
                let fields: [String]? = ["componentId", "isEnabled", "lastUpdate", "uptime"] // Только нужные поля
/Users/sergejhlystov/ALADDIN_NEW/ALADDIN_NEW/mobile_apps/ALADDIN_iOS/Core/Network/APIService.swift:2960:21: note: make the property mutable instead
                let fields: [String]? = ["componentId", "isEnabled", "lastUpdate", "uptime"] // Только нужные поля
/Users/sergejhlystov/ALADDIN_NEW/ALADDIN_NEW/mobile_apps/ALADDIN_iOS/Core/Monitoring/MetricsService.swift:343:9: warning: immutable property will not be decoded because it is declared with an initial value which cannot be overwritten
    let type: String = "error"
        ^
/Users/sergejhlystov/ALADDIN_NEW/ALADDIN_NEW/mobile_apps/ALADDIN_iOS/Core/Monitoring/MetricsService.swift:343:9: note: set the initial value via the initializer or explicitly define a CodingKeys enum including a 'type' case to silence this warning
    let type: String = "error"
        ^
/Users/sergejhlystov/ALADDIN_NEW/ALADDIN_NEW/mobile_apps/ALADDIN_iOS/Core/Monitoring/MetricsService.swift:343:9: note: make the property mutable instead
    let type: String = "error"
    ~~~ ^
    var
/Users/sergejhlystov/ALADDIN_NEW/ALADDIN_NEW/mobile_apps/ALADDIN_iOS/Core/Monitoring/MetricsService.swift:352:9: warning: immutable property will not be decoded because it is declared with an initial value which cannot be overwritten
    let type: String = "alert"
        ^
/Users/sergejhlystov/ALADDIN_NEW/ALADDIN_NEW/mobile_apps/ALADDIN_iOS/Core/Monitoring/MetricsService.swift:352:9: note: set the initial value via the initializer or explicitly define a CodingKeys enum including a 'type' case to silence this warning
    let type: String = "alert"
        ^
/Users/sergejhlystov/ALADDIN_NEW/ALADDIN_NEW/mobile_apps/ALADDIN_iOS/Core/Monitoring/MetricsService.swift:352:9: note: make the property mutable instead
    let type: String = "alert"
    ~~~ ^
    var

SwiftDriver\ Compilation\ Requirements ALADDIN normal arm64 com.apple.xcode.tools.swift.compiler (in target 'ALADDIN' from project 'ALADDIN')
    cd /Users/sergejhlystov/ALADDIN_NEW/ALADDIN_NEW/mobile_apps/ALADDIN_iOS
    export DEVELOPER_DIR\=/Applications/Xcode.app/Contents/Developer
    export SDKROOT\=/Applications/Xcode.app/Contents/Developer/Platforms/iPhoneSimulator.platform/Developer/SDKs/iPhoneSimulator15.2.sdk
    builtin-Swift-Compilation-Requirements -- /Applications/Xcode.app/Contents/Developer/Toolchains/XcodeDefault.xctoolchain/usr/bin/swiftc -incremental -module-name ALADDIN -Onone -enable-batch-mode -enforce-exclusivity\=checked @/Users/sergejhlystov/Library/Developer/Xcode/DerivedData/ALADDIN-eahryzmutvtbyceygnlyjsmiiaha/Build/Intermediates.noindex/ALADDIN.build/Debug-iphonesimulator/ALADDIN.build/Objects-normal/arm64/ALADDIN.SwiftFileList -DDEBUG -sdk /Applications/Xcode.app/Contents/Developer/Platforms/iPhoneSimulator.platform/Developer/SDKs/iPhoneSimulator15.2.sdk -target arm64-apple-ios15.2-simulator -g -module-cache-path /Users/sergejhlystov/Library/Developer/Xcode/DerivedData/ModuleCache.noindex -Xfrontend -serialize-debugging-options -enable-testing -index-store-path /Users/sergejhlystov/Library/Developer/Xcode/DerivedData/ALADDIN-eahryzmutvtbyceygnlyjsmiiaha/Index/DataStore -swift-version 5 -I /Users/sergejhlystov/Library/Developer/Xcode/DerivedData/ALADDIN-eahryzmutvtbyceygnlyjsmiiaha/Build/Products/Debug-iphonesimulator -F /Users/sergejhlystov/Library/Developer/Xcode/DerivedData/ALADDIN-eahryzmutvtbyceygnlyjsmiiaha/Build/Products/Debug-iphonesimulator -emit-localized-strings -emit-localized-strings-path /Users/sergejhlystov/Library/Developer/Xcode/DerivedData/ALADDIN-eahryzmutvtbyceygnlyjsmiiaha/Build/Intermediates.noindex/ALADDIN.build/Debug-iphonesimulator/ALADDIN.build/Objects-normal/arm64 -c -j8 -output-file-map /Users/sergejhlystov/Library/Developer/Xcode/DerivedData/ALADDIN-eahryzmutvtbyceygnlyjsmiiaha/Build/Intermediates.noindex/ALADDIN.build/Debug-iphonesimulator/ALADDIN.build/Objects-normal/arm64/ALADDIN-OutputFileMap.json -save-temps -no-color-diagnostics -serialize-diagnostics -emit-dependencies -emit-module -emit-module-path /Users/sergejhlystov/Library/Developer/Xcode/DerivedData/ALADDIN-eahryzmutvtbyceygnlyjsmiiaha/Build/Intermediates.noindex/ALADDIN.build/Debug-iphonesimulator/ALADDIN.build/Objects-normal/arm64/ALADDIN.swiftmodule -Xcc -I/Users/sergejhlystov/Library/Developer/Xcode/DerivedData/ALADDIN-eahryzmutvtbyceygnlyjsmiiaha/Build/Intermediates.noindex/ALADDIN.build/Debug-iphonesimulator/ALADDIN.build/swift-overrides.hmap -Xcc -iquote -Xcc /Users/sergejhlystov/Library/Developer/Xcode/DerivedData/ALADDIN-eahryzmutvtbyceygnlyjsmiiaha/Build/Intermediates.noindex/ALADDIN.build/Debug-iphonesimulator/ALADDIN.build/ALADDIN-generated-files.hmap -Xcc -I/Users/sergejhlystov/Library/Developer/Xcode/DerivedData/ALADDIN-eahryzmutvtbyceygnlyjsmiiaha/Build/Intermediates.noindex/ALADDIN.build/Debug-iphonesimulator/ALADDIN.build/ALADDIN-own-target-headers.hmap -Xcc -I/Users/sergejhlystov/Library/Developer/Xcode/DerivedData/ALADDIN-eahryzmutvtbyceygnlyjsmiiaha/Build/Intermediates.noindex/ALADDIN.build/Debug-iphonesimulator/ALADDIN.build/ALADDIN-all-target-headers.hmap -Xcc -iquote -Xcc /Users/sergejhlystov/Library/Developer/Xcode/DerivedData/ALADDIN-eahryzmutvtbyceygnlyjsmiiaha/Build/Intermediates.noindex/ALADDIN.build/Debug-iphonesimulator/ALADDIN.build/ALADDIN-project-headers.hmap -Xcc -I/Users/sergejhlystov/Library/Developer/Xcode/DerivedData/ALADDIN-eahryzmutvtbyceygnlyjsmiiaha/Build/Products/Debug-iphonesimulator/include -Xcc -I/Users/sergejhlystov/Library/Developer/Xcode/DerivedData/ALADDIN-eahryzmutvtbyceygnlyjsmiiaha/Build/Intermediates.noindex/ALADDIN.build/Debug-iphonesimulator/ALADDIN.build/DerivedSources-normal/arm64 -Xcc -I/Users/sergejhlystov/Library/Developer/Xcode/DerivedData/ALADDIN-eahryzmutvtbyceygnlyjsmiiaha/Build/Intermediates.noindex/ALADDIN.build/Debug-iphonesimulator/ALADDIN.build/DerivedSources/arm64 -Xcc -I/Users/sergejhlystov/Library/Developer/Xcode/DerivedData/ALADDIN-eahryzmutvtbyceygnlyjsmiiaha/Build/Intermediates.noindex/ALADDIN.build/Debug-iphonesimulator/ALADDIN.build/DerivedSources -Xcc -DDEBUG\=1 -emit-objc-header -emit-objc-header-path /Users/sergejhlystov/Library/Developer/Xcode/DerivedData/ALADDIN-eahryzmutvtbyceygnlyjsmiiaha/Build/Intermediates.noindex/ALADDIN.build/Debug-iphonesimulator/ALADDIN.build/Objects-normal/arm64/ALADDIN-Swift.h -working-directory /Users/sergejhlystov/ALADDIN_NEW/ALADDIN_NEW/mobile_apps/ALADDIN_iOS -experimental-emit-module-separately

SwiftDriver ALADDIN normal x86_64 com.apple.xcode.tools.swift.compiler (in target 'ALADDIN' from project 'ALADDIN')
    cd /Users/sergejhlystov/ALADDIN_NEW/ALADDIN_NEW/mobile_apps/ALADDIN_iOS
    export DEVELOPER_DIR\=/Applications/Xcode.app/Contents/Developer
    export SDKROOT\=/Applications/Xcode.app/Contents/Developer/Platforms/iPhoneSimulator.platform/Developer/SDKs/iPhoneSimulator15.2.sdk
    builtin-SwiftDriver -o /Users/sergejhlystov/Library/Developer/Xcode/DerivedData/ALADDIN-eahryzmutvtbyceygnlyjsmiiaha/Build/Intermediates.noindex/ALADDIN.build/Debug-iphonesimulator/ALADDIN.build/Objects-normal/x86_64/ALADDIN\ Swift\ Driver\ Planning\ Finished -- /Applications/Xcode.app/Contents/Developer/Toolchains/XcodeDefault.xctoolchain/usr/bin/swiftc -incremental -module-name ALADDIN -Onone -enable-batch-mode -enforce-exclusivity\=checked @/Users/sergejhlystov/Library/Developer/Xcode/DerivedData/ALADDIN-eahryzmutvtbyceygnlyjsmiiaha/Build/Intermediates.noindex/ALADDIN.build/Debug-iphonesimulator/ALADDIN.build/Objects-normal/x86_64/ALADDIN.SwiftFileList -DDEBUG -sdk /Applications/Xcode.app/Contents/Developer/Platforms/iPhoneSimulator.platform/Developer/SDKs/iPhoneSimulator15.2.sdk -target x86_64-apple-ios15.2-simulator -g -module-cache-path /Users/sergejhlystov/Library/Developer/Xcode/DerivedData/ModuleCache.noindex -Xfrontend -serialize-debugging-options -enable-testing -index-store-path /Users/sergejhlystov/Library/Developer/Xcode/DerivedData/ALADDIN-eahryzmutvtbyceygnlyjsmiiaha/Index/DataStore -swift-version 5 -I /Users/sergejhlystov/Library/Developer/Xcode/DerivedData/ALADDIN-eahryzmutvtbyceygnlyjsmiiaha/Build/Products/Debug-iphonesimulator -F /Users/sergejhlystov/Library/Developer/Xcode/DerivedData/ALADDIN-eahryzmutvtbyceygnlyjsmiiaha/Build/Products/Debug-iphonesimulator -emit-localized-strings -emit-localized-strings-path /Users/sergejhlystov/Library/Developer/Xcode/DerivedData/ALADDIN-eahryzmutvtbyceygnlyjsmiiaha/Build/Intermediates.noindex/ALADDIN.build/Debug-iphonesimulator/ALADDIN.build/Objects-normal/x86_64 -c -j8 -output-file-map /Users/sergejhlystov/Library/Developer/Xcode/DerivedData/ALADDIN-eahryzmutvtbyceygnlyjsmiiaha/Build/Intermediates.noindex/ALADDIN.build/Debug-iphonesimulator/ALADDIN.build/Objects-normal/x86_64/ALADDIN-OutputFileMap.json -save-temps -no-color-diagnostics -serialize-diagnostics -emit-dependencies -emit-module -emit-module-path /Users/sergejhlystov/Library/Developer/Xcode/DerivedData/ALADDIN-eahryzmutvtbyceygnlyjsmiiaha/Build/Intermediates.noindex/ALADDIN.build/Debug-iphonesimulator/ALADDIN.build/Objects-normal/x86_64/ALADDIN.swiftmodule -Xcc -I/Users/sergejhlystov/Library/Developer/Xcode/DerivedData/ALADDIN-eahryzmutvtbyceygnlyjsmiiaha/Build/Intermediates.noindex/ALADDIN.build/Debug-iphonesimulator/ALADDIN.build/swift-overrides.hmap -Xcc -iquote -Xcc /Users/sergejhlystov/Library/Developer/Xcode/DerivedData/ALADDIN-eahryzmutvtbyceygnlyjsmiiaha/Build/Intermediates.noindex/ALADDIN.build/Debug-iphonesimulator/ALADDIN.build/ALADDIN-generated-files.hmap -Xcc -I/Users/sergejhlystov/Library/Developer/Xcode/DerivedData/ALADDIN-eahryzmutvtbyceygnlyjsmiiaha/Build/Intermediates.noindex/ALADDIN.build/Debug-iphonesimulator/ALADDIN.build/ALADDIN-own-target-headers.hmap -Xcc -I/Users/sergejhlystov/Library/Developer/Xcode/DerivedData/ALADDIN-eahryzmutvtbyceygnlyjsmiiaha/Build/Intermediates.noindex/ALADDIN.build/Debug-iphonesimulator/ALADDIN.build/ALADDIN-all-target-headers.hmap -Xcc -iquote -Xcc /Users/sergejhlystov/Library/Developer/Xcode/DerivedData/ALADDIN-eahryzmutvtbyceygnlyjsmiiaha/Build/Intermediates.noindex/ALADDIN.build/Debug-iphonesimulator/ALADDIN.build/ALADDIN-project-headers.hmap -Xcc -I/Users/sergejhlystov/Library/Developer/Xcode/DerivedData/ALADDIN-eahryzmutvtbyceygnlyjsmiiaha/Build/Products/Debug-iphonesimulator/include -Xcc -I/Users/sergejhlystov/Library/Developer/Xcode/DerivedData/ALADDIN-eahryzmutvtbyceygnlyjsmiiaha/Build/Intermediates.noindex/ALADDIN.build/Debug-iphonesimulator/ALADDIN.build/DerivedSources-normal/x86_64 -Xcc -I/Users/sergejhlystov/Library/Developer/Xcode/DerivedData/ALADDIN-eahryzmutvtbyceygnlyjsmiiaha/Build/Intermediates.noindex/ALADDIN.build/Debug-iphonesimulator/ALADDIN.build/DerivedSources/x86_64 -Xcc -I/Users/sergejhlystov/Library/Developer/Xcode/DerivedData/ALADDIN-eahryzmutvtbyceygnlyjsmiiaha/Build/Intermediates.noindex/ALADDIN.build/Debug-iphonesimulator/ALADDIN.build/DerivedSources -Xcc -DDEBUG\=1 -emit-objc-header -emit-objc-header-path /Users/sergejhlystov/Library/Developer/Xcode/DerivedData/ALADDIN-eahryzmutvtbyceygnlyjsmiiaha/Build/Intermediates.noindex/ALADDIN.build/Debug-iphonesimulator/ALADDIN.build/Objects-normal/x86_64/ALADDIN-Swift.h -working-directory /Users/sergejhlystov/ALADDIN_NEW/ALADDIN_NEW/mobile_apps/ALADDIN_iOS -experimental-emit-module-separately

SwiftDriverJob-Emit-Module normal x86_64 Emitting\ module\ for\ ALADDIN (in target 'ALADDIN' from project 'ALADDIN')
    cd /Users/sergejhlystov/ALADDIN_NEW/ALADDIN_NEW/mobile_apps/ALADDIN_iOS
    export DEVELOPER_DIR\=/Applications/Xcode.app/Contents/Developer
    export SDKROOT\=/Applications/Xcode.app/Contents/Developer/Platforms/iPhoneSimulator.platform/Developer/SDKs/iPhoneSimulator15.2.sdk
    builtin-swiftDriverJobExecution -- /Applications/Xcode.app/Contents/Developer/Toolchains/XcodeDefault.xctoolchain/usr/bin/swift-frontend -frontend -emit-module -experimental-skip-non-inlinable-function-bodies-without-types /Users/sergejhlystov/ALADDIN_NEW/ALADDIN_NEW/mobile_apps/ALADDIN_iOS/ViewModels/DrivingReportsViewModel.swift /Users/sergejhlystov/ALADDIN_NEW/ALADDIN_NEW/mobile_apps/ALADDIN_iOS/Core/Utilities/LogSanitizer.swift /Users/sergejhlystov/ALADDIN_NEW/ALADDIN_NEW/mobile_apps/ALADDIN_iOS/Screens/08_ChildInterfaceScreen.swift /Users/sergejhlystov/ALADDIN_NEW/ALADDIN_NEW/mobile_apps/ALADDIN_iOS/ContentView.swift /Users/sergejhlystov/ALADDIN_NEW/ALADDIN_NEW/mobile_apps/ALADDIN_iOS/AppDelegate.swift /Users/sergejhlystov/ALADDIN_NEW/ALADDIN_NEW/mobile_apps/ALADDIN_iOS/Shared/Components/UserSelectorView.swift /Users/sergejhlystov/ALADDIN_NEW/ALADDIN_NEW/mobile_apps/ALADDIN_iOS/Screens/Views/VoiceControlView.swift /Users/sergejhlystov/ALADDIN_NEW/ALADDIN_NEW/mobile_apps/ALADDIN_iOS/Components/Modals/AgeGroupSelectionModal.swift /Users/sergejhlystov/ALADDIN_NEW/ALADDIN_NEW/mobile_apps/ALADDIN_iOS/ViewModels/ActivationCodeViewModel.swift /Users/sergejhlystov/ALADDIN_NEW/ALADDIN_NEW/mobile_apps/ALADDIN_iOS/Core/Services/SubscriptionMonitor.swift /Users/sergejhlystov/ALADDIN_NEW/ALADDIN_NEW/mobile_apps/ALADDIN_iOS/Shared/Components/Modals/MobileSecuritySettingsModal.swift /Users/sergejhlystov/ALADDIN_NEW/ALADDIN_NEW/mobile_apps/ALADDIN_iOS/Shared/Components/Modals/IdentityTheftModal.swift /Users/sergejhlystov/ALADDIN_NEW/ALADDIN_NEW/mobile_apps/ALADDIN_iOS/ViewModels/PrivacyReportsViewModel.swift /Users/sergejhlystov/ALADDIN_NEW/ALADDIN_NEW/mobile_apps/ALADDIN_iOS/Components/TariffCardView.swift /Users/sergejhlystov/ALADDIN_NEW/ALADDIN_NEW/mobile_apps/ALADDIN_iOS/ALADDINApp.swift /Users/sergejhlystov/ALADDIN_NEW/ALADDIN_NEW/mobile_apps/ALADDIN_iOS/Core/ContentBlocker/ContentBlockerManager.swift /Users/sergejhlystov/ALADDIN_NEW/ALADDIN_NEW/mobile_apps/ALADDIN_iOS/Shared/Components/Modals/PrivacyReportsModal.swift /Users/sergejhlystov/ALADDIN_NEW/ALADDIN_NEW/mobile_apps/ALADDIN_iOS/Shared/Models/FunctionStatus.swift /Users/sergejhlystov/ALADDIN_NEW/ALADDIN_NEW/mobile_apps/ALADDIN_iOS/Screens/26_ActivationCodeScreen.swift /Users/sergejhlystov/ALADDIN_NEW/ALADDIN_NEW/mobile_apps/ALADDIN_iOS/ViewModels/MainViewModel.swift /Users/sergejhlystov/ALADDIN_NEW/ALADDIN_NEW/mobile_apps/ALADDIN_iOS/Components/TariffCardSections.swift /Users/sergejhlystov/ALADDIN_NEW/ALADDIN_NEW/mobile_apps/ALADDIN_iOS/Shared/Components/PositioningSystemPickerView.swift /Users/sergejhlystov/ALADDIN_NEW/ALADDIN_NEW/mobile_apps/ALADDIN_iOS/Components/Modals/FamilyContentBlockModal.swift /Users/sergejhlystov/ALADDIN_NEW/ALADDIN_NEW/mobile_apps/ALADDIN_iOS/Shared/Components/Modals/NetworkSecuritySettingsModal.swift /Users/sergejhlystov/ALADDIN_NEW/ALADDIN_NEW/mobile_apps/ALADDIN_iOS/Shared/Components/Buttons/PrimaryButton.swift /Users/sergejhlystov/ALADDIN_NEW/ALADDIN_NEW/mobile_apps/ALADDIN_iOS/Shared/Components/SecurityFeatureRow.swift /Users/sergejhlystov/ALADDIN_NEW/ALADDIN_NEW/mobile_apps/ALADDIN_iOS/Screens/NotificationSettingsScreen.swift /Users/sergejhlystov/ALADDIN_NEW/ALADDIN_NEW/mobile_apps/ALADDIN_iOS/Core/Managers/TariffManager.swift /Users/sergejhlystov/ALADDIN_NEW/ALADDIN_NEW/mobile_apps/ALADDIN_iOS/Screens/ChildContentScreen.swift /Users/sergejhlystov/ALADDIN_NEW/ALADDIN_NEW/mobile_apps/ALADDIN_iOS/Shared/Models/AdditionalFeature.swift /Users/sergejhlystov/ALADDIN_NEW/ALADDIN_NEW/mobile_apps/ALADDIN_iOS/Shared/Components/Modals/DarkWebDataInputView.swift /Users/sergejhlystov/ALADDIN_NEW/ALADDIN_NEW/mobile_apps/ALADDIN_iOS/Screens/Views/PaymentHelpView.swift /Users/sergejhlystov/ALADDIN_NEW/ALADDIN_NEW/mobile_apps/ALADDIN_iOS/Shared/Components/StatItem.swift /Users/sergejhlystov/ALADDIN_NEW/ALADDIN_NEW/mobile_apps/ALADDIN_iOS/Shared/Components/Cards/FamilyMemberCard.swift /Users/sergejhlystov/ALADDIN_NEW/ALADDIN_NEW/mobile_apps/ALADDIN_iOS/Shared/Components/Cards/AddMoreMemberCard.swift /Users/sergejhlystov/ALADDIN_NEW/ALADDIN_NEW/mobile_apps/ALADDIN_iOS/Components/Modals/ChildRewardsSettingsModal.swift /Users/sergejhlystov/ALADDIN_NEW/ALADDIN_NEW/mobile_apps/ALADDIN_iOS/Core/Models/APIModels.swift /Users/sergejhlystov/ALADDIN_NEW/ALADDIN_NEW/mobile_apps/ALADDIN_iOS/Core/NetworkProtection/NetworkProtectionManager.swift /Users/sergejhlystov/ALADDIN_NEW/ALADDIN_NEW/mobile_apps/ALADDIN_iOS/Screens/UnicornPetView.swift /Users/sergejhlystov/ALADDIN_NEW/ALADDIN_NEW/mobile_apps/ALADDIN_iOS/Core/Utilities/VisualLogger.swift /Users/sergejhlystov/ALADDIN_NEW/ALADDIN_NEW/mobile_apps/ALADDIN_iOS/Core/Network/APIService.swift /Users/sergejhlystov/ALADDIN_NEW/ALADDIN_NEW/mobile_apps/ALADDIN_iOS/Core/Antivirus/QuarantineManager.swift /Users/sergejhlystov/ALADDIN_NEW/ALADDIN_NEW/mobile_apps/ALADDIN_iOS/ViewModels/NetworkProtectionViewModel.swift /Users/sergejhlystov/ALADDIN_NEW/ALADDIN_NEW/mobile_apps/ALADDIN_iOS/Screens/18_PrivacyPolicyScreen.swift /Users/sergejhlystov/ALADDIN_NEW/ALADDIN_NEW/mobile_apps/ALADDIN_iOS/Core/Services/ComponentStatusService.swift /Users/sergejhlystov/ALADDIN_NEW/ALADDIN_NEW/mobile_apps/ALADDIN_iOS/Screens/10_TariffsScreen.swift /Users/sergejhlystov/ALADDIN_NEW/ALADDIN_NEW/mobile_apps/ALADDIN_iOS/ViewModels/IdentityTheftViewModel.swift /Users/sergejhlystov/ALADDIN_NEW/ALADDIN_NEW/mobile_apps/ALADDIN_iOS/Screens/09_ElderlyInterfaceScreen.swift /Users/sergejhlystov/ALADDIN_NEW/ALADDIN_NEW/mobile_apps/ALADDIN_iOS/Screens/Views/TrialFlowTestView.swift /Users/sergejhlystov/ALADDIN_NEW/ALADDIN_NEW/mobile_apps/ALADDIN_iOS/Screens/11_ProfileScreen.swift /Users/sergejhlystov/ALADDIN_NEW/ALADDIN_NEW/mobile_apps/ALADDIN_iOS/Core/Network/NetworkManager.swift /Users/sergejhlystov/ALADDIN_NEW/ALADDIN_NEW/mobile_apps/ALADDIN_iOS/Screens/19_TermsOfServiceScreen.swift /Users/sergejhlystov/ALADDIN_NEW/ALADDIN_NEW/mobile_apps/ALADDIN_iOS/Core/Managers/SubscriptionManager.swift /Users/sergejhlystov/ALADDIN_NEW/ALADDIN_NEW/mobile_apps/ALADDIN_iOS/Core/Config/AppConfig.swift /Users/sergejhlystov/ALADDIN_NEW/ALADDIN_NEW/mobile_apps/ALADDIN_iOS/Core/Utils/ParallelLoader.swift /Users/sergejhlystov/ALADDIN_NEW/ALADDIN_NEW/mobile_apps/ALADDIN_iOS/ViewModels/FamilyViewModel.swift /Users/sergejhlystov/ALADDIN_NEW/ALADDIN_NEW/mobile_apps/ALADDIN_iOS/ViewModels/AIAssistantViewModel.swift /Users/sergejhlystov/ALADDIN_NEW/ALADDIN_NEW/mobile_apps/ALADDIN_iOS/Screens/Views/FeatureGateView.swift /Users/sergejhlystov/ALADDIN_NEW/ALADDIN_NEW/mobile_apps/ALADDIN_iOS/Screens/22_DeviceDetailScreen.swift /Users/sergejhlystov/ALADDIN_NEW/ALADDIN_NEW/mobile_apps/ALADDIN_iOS/Screens/WidgetConfigurationScreen.swift /Users/sergejhlystov/ALADDIN_NEW/ALADDIN_NEW/mobile_apps/ALADDIN_iOS/Core/Managers/DNSProtectionManager.swift /Users/sergejhlystov/ALADDIN_NEW/ALADDIN_NEW/mobile_apps/ALADDIN_iOS/Core/Network/FamilyChatWebSocket.swift /Users/sergejhlystov/ALADDIN_NEW/ALADDIN_NEW/mobile_apps/ALADDIN_iOS/Screens/SecurityEducationScreen.swift /Users/sergejhlystov/ALADDIN_NEW/ALADDIN_NEW/mobile_apps/ALADDIN_iOS/Core/Monitoring/MetricsService.swift /Users/sergejhlystov/ALADDIN_NEW/ALADDIN_NEW/mobile_apps/ALADDIN_iOS/Core/Models/ComponentStatus.swift /Users/sergejhlystov/ALADDIN_NEW/ALADDIN_NEW/mobile_apps/ALADDIN_iOS/Core/Security/KeychainManager.swift /Users/sergejhlystov/ALADDIN_NEW/ALADDIN_NEW/mobile_apps/ALADDIN_iOS/Shared/Components/Modals/MemberStatsModalView.swift /Users/sergejhlystov/ALADDIN_NEW/ALADDIN_NEW/mobile_apps/ALADDIN_iOS/ViewModels/ProtectionSettingsViewModel.swift /Users/sergejhlystov/ALADDIN_NEW/ALADDIN_NEW/mobile_apps/ALADDIN_iOS/Shared/Components/Modals/AddMemberOptionsModal.swift /Users/sergejhlystov/ALADDIN_NEW/ALADDIN_NEW/mobile_apps/ALADDIN_iOS/Shared/Components/Modals/InvitationCodeInputModal.swift /Users/sergejhlystov/ALADDIN_NEW/ALADDIN_NEW/mobile_apps/ALADDIN_iOS/Shared/Components/Chat/MessageActionsMenu.swift /Users/sergejhlystov/ALADDIN_NEW/ALADDIN_NEW/mobile_apps/ALADDIN_iOS/Shared/Styles/Spacing.swift /Users/sergejhlystov/ALADDIN_NEW/ALADDIN_NEW/mobile_apps/ALADDIN_iOS/Shared/Components/RecoveryOptionsModal.swift /Users/sergejhlystov/ALADDIN_NEW/ALADDIN_NEW/mobile_apps/ALADDIN_iOS/Core/Models/ComponentError.swift /Users/sergejhlystov/ALADDIN_NEW/ALADDIN_NEW/mobile_apps/ALADDIN_iOS/Shared/Components/ShareSheet.swift /Users/sergejhlystov/ALADDIN_NEW/ALADDIN_NEW/mobile_apps/ALADDIN_iOS/Shared/Models/TariffCard.swift /Users/sergejhlystov/ALADDIN_NEW/ALADDIN_NEW/mobile_apps/ALADDIN_iOS/ViewModels/SettingsViewModel.swift /Users/sergejhlystov/ALADDIN_NEW/ALADDIN_NEW/mobile_apps/ALADDIN_iOS/Shared/Components/Modals/DrivingReportsModal.swift /Users/sergejhlystov/ALADDIN_NEW/ALADDIN_NEW/mobile_apps/ALADDIN_iOS/Shared/Components/Chat/VoiceRecordingView.swift /Users/sergejhlystov/ALADDIN_NEW/ALADDIN_NEW/mobile_apps/ALADDIN_iOS/Core/Managers/AdditionalFeaturesManager.swift /Users/sergejhlystov/ALADDIN_NEW/ALADDIN_NEW/mobile_apps/ALADDIN_iOS/Shared/Components/InfoRow.swift /Users/sergejhlystov/ALADDIN_NEW/ALADDIN_NEW/mobile_apps/ALADDIN_iOS/Screens/25_PaymentQRScreen.swift /Users/sergejhlystov/ALADDIN_NEW/ALADDIN_NEW/mobile_apps/ALADDIN_iOS/Shared/Components/Modals/RoleSelectionModal.swift /Users/sergejhlystov/ALADDIN_NEW/ALADDIN_NEW/mobile_apps/ALADDIN_iOS/Shared/Components/Modals/ProtectionLevelExplanationModal.swift /Users/sergejhlystov/ALADDIN_NEW/ALADDIN_NEW/mobile_apps/ALADDIN_iOS/Shared/Components/Modals/ProtectionLevelHistoryModal.swift /Users/sergejhlystov/ALADDIN_NEW/ALADDIN_NEW/mobile_apps/ALADDIN_iOS/Core/Diagnostics/SettingsDiagnosticsLogger.swift /Users/sergejhlystov/ALADDIN_NEW/ALADDIN_NEW/mobile_apps/ALADDIN_iOS/Core/Diagnostics/RecursionMonitor.swift /Users/sergejhlystov/ALADDIN_NEW/ALADDIN_NEW/mobile_apps/ALADDIN_iOS/Core/Diagnostics/StackSizeMonitor.swift /Users/sergejhlystov/ALADDIN_NEW/ALADDIN_NEW/mobile_apps/ALADDIN_iOS/Core/Diagnostics/MonitoredUserDefaults.swift /Users/sergejhlystov/ALADDIN_NEW/ALADDIN_NEW/mobile_apps/ALADDIN_iOS/Core/Diagnostics/MonitoredAppStorage.swift /Users/sergejhlystov/ALADDIN_NEW/ALADDIN_NEW/mobile_apps/ALADDIN_iOS/Shared/Components/Modals/RecoveryCodeModal.swift /Users/sergejhlystov/ALADDIN_NEW/ALADDIN_NEW/mobile_apps/ALADDIN_iOS/ViewModels/SupportViewModel.swift /Users/sergejhlystov/ALADDIN_NEW/ALADDIN_NEW/mobile_apps/ALADDIN_iOS/Shared/Components/Chat/MessageReactionsView.swift /Users/sergejhlystov/ALADDIN_NEW/ALADDIN_NEW/mobile_apps/ALADDIN_iOS/Screens/CrashLogsView.swift /Users/sergejhlystov/ALADDIN_NEW/ALADDIN_NEW/mobile_apps/ALADDIN_iOS/ViewModels/ChildInterfaceViewModel.swift /Users/sergejhlystov/ALADDIN_NEW/ALADDIN_NEW/mobile_apps/ALADDIN_iOS/Screens/12_NotificationsScreen.swift /Users/sergejhlystov/ALADDIN_NEW/ALADDIN_NEW/mobile_apps/ALADDIN_iOS/Core/Validation/InputSanitizer.swift /Users/sergejhlystov/ALADDIN_NEW/ALADDIN_NEW/mobile_apps/ALADDIN_iOS/Shared/Components/Chat/VoiceMessageBubble.swift /Users/sergejhlystov/ALADDIN_NEW/ALADDIN_NEW/mobile_apps/ALADDIN_iOS/ViewModels/ElderlyInterfaceViewModel.swift /Users/sergejhlystov/ALADDIN_NEW/ALADDIN_NEW/mobile_apps/ALADDIN_iOS/ViewModels/AnalyticsViewModel.swift /Users/sergejhlystov/ALADDIN_NEW/ALADDIN_NEW/mobile_apps/ALADDIN_iOS/Core/Cache/CacheManager.swift /Users/sergejhlystov/ALADDIN_NEW/ALADDIN_NEW/mobile_apps/ALADDIN_iOS/Screens/Views/FamilyTournamentView.swift /Users/sergejhlystov/ALADDIN_NEW/ALADDIN_NEW/mobile_apps/ALADDIN_iOS/ALADDINWidgets/SharedDataManager.swift /Users/sergejhlystov/ALADDIN_NEW/ALADDIN_NEW/mobile_apps/ALADDIN_iOS/Core/Models/ProtectionFeature.swift /Users/sergejhlystov/ALADDIN_NEW/ALADDIN_NEW/mobile_apps/ALADDIN_iOS/Core/Models/ProtectionLevelHistory.swift /Users/sergejhlystov/ALADDIN_NEW/ALADDIN_NEW/mobile_apps/ALADDIN_iOS/Core/Models/ComponentReportsModels.swift /Users/sergejhlystov/ALADDIN_NEW/ALADDIN_NEW/mobile_apps/ALADDIN_iOS/Core/Audio/VoiceMessagePlayer.swift /Users/sergejhlystov/ALADDIN_NEW/ALADDIN_NEW/mobile_apps/ALADDIN_iOS/Core/Analytics/ComponentAnalytics.swift /Users/sergejhlystov/ALADDIN_NEW/ALADDIN_NEW/mobile_apps/ALADDIN_iOS/Shared/Components/Modals/DarkWebScanExplanationView.swift /Users/sergejhlystov/ALADDIN_NEW/ALADDIN_NEW/mobile_apps/ALADDIN_iOS/Core/Managers/JWTErrorRecovery.swift /Users/sergejhlystov/ALADDIN_NEW/ALADDIN_NEW/mobile_apps/ALADDIN_iOS/Core/Logging/JWTEventLogger.swift /Users/sergejhlystov/ALADDIN_NEW/ALADDIN_NEW/mobile_apps/ALADDIN_iOS/ViewModels/NotificationsViewModel.swift /Users/sergejhlystov/ALADDIN_NEW/ALADDIN_NEW/mobile_apps/ALADDIN_iOS/Core/Utilities/APITestAnalyzer.swift /Users/sergejhlystov/ALADDIN_NEW/ALADDIN_NEW/mobile_apps/ALADDIN_iOS/Core/Managers/JWTCircuitBreaker.swift /Users/sergejhlystov/ALADDIN_NEW/ALADDIN_NEW/mobile_apps/ALADDIN_iOS/Screens/06_AIAssistantScreen.swift /Users/sergejhlystov/ALADDIN_NEW/ALADDIN_NEW/mobile_apps/ALADDIN_iOS/Shared/Components/Modals/AICategoriesModal.swift /Users/sergejhlystov/ALADDIN_NEW/ALADDIN_NEW/mobile_apps/ALADDIN_iOS/Shared/Components/Modals/MalwareDetectionSettingsModal.swift /Users/sergejhlystov/ALADDIN_NEW/ALADDIN_NEW/mobile_apps/ALADDIN_iOS/Components/Modals/RewardsQuickModal.swift /Users/sergejhlystov/ALADDIN_NEW/ALADDIN_NEW/mobile_apps/ALADDIN_iOS/Screens/Views/ComplianceView.swift /Users/sergejhlystov/ALADDIN_NEW/ALADDIN_NEW/mobile_apps/ALADDIN_iOS/Core/Utilities/MasterLogger.swift /Users/sergejhlystov/ALADDIN_NEW/ALADDIN_NEW/mobile_apps/ALADDIN_iOS/Screens/AdvancedProtectionSettingsScreen.swift /Users/sergejhlystov/ALADDIN_NEW/ALADDIN_NEW/mobile_apps/ALADDIN_iOS/Core/Chat/FamilyChatOfflineManager.swift /Users/sergejhlystov/ALADDIN_NEW/ALADDIN_NEW/mobile_apps/ALADDIN_iOS/ViewModels/ProfileViewModel.swift /Users/sergejhlystov/ALADDIN_NEW/ALADDIN_NEW/mobile_apps/ALADDIN_iOS/Core/Managers/TokenHealthMonitor.swift /Users/sergejhlystov/ALADDIN_NEW/ALADDIN_NEW/mobile_apps/ALADDIN_iOS/Components/Modals/ConsentModal.swift /Users/sergejhlystov/ALADDIN_NEW/ALADDIN_NEW/mobile_apps/ALADDIN_iOS/Shared/Components/Modals/IncidentResponseSettingsModal.swift /Users/sergejhlystov/ALADDIN_NEW/ALADDIN_NEW/mobile_apps/ALADDIN_iOS/ViewModels/ParentalControlViewModel.swift /Users/sergejhlystov/ALADDIN_NEW/ALADDIN_NEW/mobile_apps/ALADDIN_iOS/ViewModels/OnboardingViewModel.swift /Users/sergejhlystov/ALADDIN_NEW/ALADDIN_NEW/mobile_apps/ALADDIN_iOS/Shared/Styles/Colors.swift /Users/sergejhlystov/ALADDIN_NEW/ALADDIN_NEW/mobile_apps/ALADDIN_iOS/Shared/Components/SettingsAccordion.swift /Users/sergejhlystov/ALADDIN_NEW/ALADDIN_NEW/mobile_apps/ALADDIN_iOS/Screens/ChildRewardsScreen.swift /Users/sergejhlystov/ALADDIN_NEW/ALADDIN_NEW/mobile_apps/ALADDIN_iOS/Screens/ChildGoalEditorView.swift /Users/sergejhlystov/ALADDIN_NEW/ALADDIN_NEW/mobile_apps/ALADDIN_iOS/Core/Security/RecoveryCodeStorageManager.swift /Users/sergejhlystov/ALADDIN_NEW/ALADDIN_NEW/mobile_apps/ALADDIN_iOS/Screens/21_ReferralScreen.swift /Users/sergejhlystov/ALADDIN_NEW/ALADDIN_NEW/mobile_apps/ALADDIN_iOS/Core/Network/RetryManager.swift /Users/sergejhlystov/ALADDIN_NEW/ALADDIN_NEW/mobile_apps/ALADDIN_iOS/Shared/Components/AvatarSelector.swift /Users/sergejhlystov/ALADDIN_NEW/ALADDIN_NEW/mobile_apps/ALADDIN_iOS/Components/MotivationBanner.swift /Users/sergejhlystov/ALADDIN_NEW/ALADDIN_NEW/mobile_apps/ALADDIN_iOS/ViewModels/DarkWebMonitoringViewModel.swift /Users/sergejhlystov/ALADDIN_NEW/ALADDIN_NEW/mobile_apps/ALADDIN_iOS/Shared/Components/Toast.swift /Users/sergejhlystov/ALADDIN_NEW/ALADDIN_NEW/mobile_apps/ALADDIN_iOS/Shared/Components/Navigation/ALADDINNavigationBar.swift /Users/sergejhlystov/ALADDIN_NEW/ALADDIN_NEW/mobile_apps/ALADDIN_iOS/Shared/Components/Modals/DarkWebMonitoringModal.swift /Users/sergejhlystov/ALADDIN_NEW/ALADDIN_NEW/mobile_apps/ALADDIN_iOS/Screens/14_OnboardingScreen.swift /Users/sergejhlystov/ALADDIN_NEW/ALADDIN_NEW/mobile_apps/ALADDIN_iOS/Components/Modals/FamilyCreatedModal.swift /Users/sergejhlystov/ALADDIN_NEW/ALADDIN_NEW/mobile_apps/ALADDIN_iOS/Core/Managers/LocationManager.swift /Users/sergejhlystov/ALADDIN_NEW/ALADDIN_NEW/mobile_apps/ALADDIN_iOS/Core/Managers/CrashDetectionManager.swift /Users/sergejhlystov/ALADDIN_NEW/ALADDIN_NEW/mobile_apps/ALADDIN_iOS/Shared/Components/Modals/CrashDetectionAlertModal.swift /Users/sergejhlystov/ALADDIN_NEW/ALADDIN_NEW/mobile_apps/ALADDIN_iOS/ViewModels/PaymentQRViewModel.swift /Users/sergejhlystov/ALADDIN_NEW/ALADDIN_NEW/mobile_apps/ALADDIN_iOS/Shared/Components/Chat/MediaMessageBubble.swift /Users/sergejhlystov/ALADDIN_NEW/ALADDIN_NEW/mobile_apps/ALADDIN_iOS/Core/Navigation/NavigationManager.swift /Users/sergejhlystov/ALADDIN_NEW/ALADDIN_NEW/mobile_apps/ALADDIN_iOS/Core/Accessibility/AccessibilityManager.swift /Users/sergejhlystov/ALADDIN_NEW/ALADDIN_NEW/mobile_apps/ALADDIN_iOS/Core/Helpers/URLHelper.swift /Users/sergejhlystov/ALADDIN_NEW/ALADDIN_NEW/mobile_apps/ALADDIN_iOS/Core/Store/StoreManager.swift /Users/sergejhlystov/ALADDIN_NEW/ALADDIN_NEW/mobile_apps/ALADDIN_iOS/Screens/WheelOfFortuneView.swift /Users/sergejhlystov/ALADDIN_NEW/ALADDIN_NEW/mobile_apps/ALADDIN_iOS/Screens/UnicornUniverseView.swift /Users/sergejhlystov/ALADDIN_NEW/ALADDIN_NEW/mobile_apps/ALADDIN_iOS/Core/Services/DateFormatterService.swift /Users/sergejhlystov/ALADDIN_NEW/ALADDIN_NEW/mobile_apps/ALADDIN_iOS/Screens/YoungDefenderView.swift /Users/sergejhlystov/ALADDIN_NEW/ALADDIN_NEW/mobile_apps/ALADDIN_iOS/Core/Localization/LocalizationManager.swift /Users/sergejhlystov/ALADDIN_NEW/ALADDIN_NEW/mobile_apps/ALADDIN_iOS/Screens/13_SupportScreen.swift /Users/sergejhlystov/ALADDIN_NEW/ALADDIN_NEW/mobile_apps/ALADDIN_iOS/Core/Audio/VoiceMessageRecorder.swift /Users/sergejhlystov/ALADDIN_NEW/ALADDIN_NEW/mobile_apps/ALADDIN_iOS/Core/Analytics/AnalyticsManager.swift /Users/sergejhlystov/ALADDIN_NEW/ALADDIN_NEW/mobile_apps/ALADDIN_iOS/Screens/07_ParentalControlScreen.swift /Users/sergejhlystov/ALADDIN_NEW/ALADDIN_NEW/mobile_apps/ALADDIN_iOS/Screens/05_SettingsScreen.swift /Users/sergejhlystov/ALADDIN_NEW/ALADDIN_NEW/mobile_apps/ALADDIN_iOS/Shared/Components/Inputs/ALADDINTextField.swift /Users/sergejhlystov/ALADDIN_NEW/ALADDIN_NEW/mobile_apps/ALADDIN_iOS/Shared/Components/Chat/ChatSearchBar.swift /Users/sergejhlystov/ALADDIN_NEW/ALADDIN_NEW/mobile_apps/ALADDIN_iOS/Shared/Components/Modals/BackupRecoveryModal.swift /Users/sergejhlystov/ALADDIN_NEW/ALADDIN_NEW/mobile_apps/ALADDIN_iOS/Screens/RewardsModalView.swift /Users/sergejhlystov/ALADDIN_NEW/ALADDIN_NEW/mobile_apps/ALADDIN_iOS/Screens/23_FamilyChatScreen.swift /Users/sergejhlystov/ALADDIN_NEW/ALADDIN_NEW/mobile_apps/ALADDIN_iOS/Core/Storage/StorageManager.swift /Users/sergejhlystov/ALADDIN_NEW/ALADDIN_NEW/mobile_apps/ALADDIN_iOS/Screens/02_FamilyScreen.swift /Users/sergejhlystov/ALADDIN_NEW/ALADDIN_NEW/mobile_apps/ALADDIN_iOS/Screens/20_DevicesScreen.swift /Users/sergejhlystov/ALADDIN_NEW/ALADDIN_NEW/mobile_apps/ALADDIN_iOS/Shared/Components/Buttons/SecondaryButton.swift /Users/sergejhlystov/ALADDIN_NEW/ALADDIN_NEW/mobile_apps/ALADDIN_iOS/Shared/Components/Modals/PasswordGeneratorModal.swift /Users/sergejhlystov/ALADDIN_NEW/ALADDIN_NEW/mobile_apps/ALADDIN_iOS/Components/EnhancedThreatCategoryCard.swift /Users/sergejhlystov/ALADDIN_NEW/ALADDIN_NEW/mobile_apps/ALADDIN_iOS/Shared/Components/Modals/PhishingProtectionSettingsModal.swift /Users/sergejhlystov/ALADDIN_NEW/ALADDIN_NEW/mobile_apps/ALADDIN_iOS/Screens/SettingsScreenFallback.swift /Users/sergejhlystov/ALADDIN_NEW/ALADDIN_NEW/mobile_apps/ALADDIN_iOS/Shared/Components/ViewModifiers.swift /Users/sergejhlystov/ALADDIN_NEW/ALADDIN_NEW/mobile_apps/ALADDIN_iOS/Shared/Components/CollapsibleSection.swift /Users/sergejhlystov/ALADDIN_NEW/ALADDIN_NEW/mobile_apps/ALADDIN_iOS/Shared/Components/HapticFeedback.swift /Users/sergejhlystov/ALADDIN_NEW/ALADDIN_NEW/mobile_apps/ALADDIN_iOS/Screens/MainScreenWithRegistration.swift /Users/sergejhlystov/ALADDIN_NEW/ALADDIN_NEW/mobile_apps/ALADDIN_iOS/Core/Network/NetworkError.swift /Users/sergejhlystov/ALADDIN_NEW/ALADDIN_NEW/mobile_apps/ALADDIN_iOS/Screens/LanguageSettingsScreen.swift /Users/sergejhlystov/ALADDIN_NEW/ALADDIN_NEW/mobile_apps/ALADDIN_iOS/Screens/SettingsTestSuiteView.swift /Users/sergejhlystov/ALADDIN_NEW/ALADDIN_NEW/mobile_apps/ALADDIN_iOS/ViewModels/FamilyRegistrationViewModel.swift /Users/sergejhlystov/ALADDIN_NEW/ALADDIN_NEW/mobile_apps/ALADDIN_iOS/Shared/Models/ParentalControlFeature.swift /Users/sergejhlystov/ALADDIN_NEW/ALADDIN_NEW/mobile_apps/ALADDIN_iOS/Shared/Styles/CornerRadius.swift /Users/sergejhlystov/ALADDIN_NEW/ALADDIN_NEW/mobile_apps/ALADDIN_iOS/Screens/01_MainScreen.swift /Users/sergejhlystov/ALADDIN_NEW/ALADDIN_NEW/mobile_apps/ALADDIN_iOS/Screens/03_NetworkProtectionScreen.swift /Users/sergejhlystov/ALADDIN_NEW/ALADDIN_NEW/mobile_apps/ALADDIN_iOS/Screens/FamilyProtectorView.swift /Users/sergejhlystov/ALADDIN_NEW/ALADDIN_NEW/mobile_apps/ALADDIN_iOS/Core/Managers/TokenManager.swift /Users/sergejhlystov/ALADDIN_NEW/ALADDIN_NEW/mobile_apps/ALADDIN_iOS/Shared/Styles/Fonts.swift /Users/sergejhlystov/ALADDIN_NEW/ALADDIN_NEW/mobile_apps/ALADDIN_iOS/Screens/GamesParentalControlView.swift /Users/sergejhlystov/ALADDIN_NEW/ALADDIN_NEW/mobile_apps/ALADDIN_iOS/Shared/Components/QRScannerModal.swift /Users/sergejhlystov/ALADDIN_NEW/ALADDIN_NEW/mobile_apps/ALADDIN_iOS/Screens/04_AnalyticsScreen.swift /Users/sergejhlystov/ALADDIN_NEW/ALADDIN_NEW/mobile_apps/ALADDIN_iOS/Components/TariffFeaturesGallery.swift /Users/sergejhlystov/ALADDIN_NEW/ALADDIN_NEW/mobile_apps/ALADDIN_iOS/Core/ContentBlocker/ContentBlockerRule.swift /Users/sergejhlystov/ALADDIN_NEW/ALADDIN_NEW/mobile_apps/ALADDIN_iOS/Screens/24_NetworkProtectionEnergyStatsScreen.swift /Users/sergejhlystov/ALADDIN_NEW/ALADDIN_NEW/mobile_apps/ALADDIN_iOS/Core/Analytics/ComponentAnalyticsModels.swift /Users/sergejhlystov/ALADDIN_NEW/ALADDIN_NEW/mobile_apps/ALADDIN_iOS/Screens/Views/EmergencyNotificationsView.swift /Users/sergejhlystov/ALADDIN_NEW/ALADDIN_NEW/mobile_apps/ALADDIN_iOS/Screens/Views/PaymentRecoveryView.swift /Users/sergejhlystov/ALADDIN_NEW/ALADDIN_NEW/mobile_apps/ALADDIN_iOS/Shared/Components/Modals/ProfileEditView.swift /Users/sergejhlystov/ALADDIN_NEW/ALADDIN_NEW/mobile_apps/ALADDIN_iOS/Shared/Components/ComponentToggleCard.swift /Users/sergejhlystov/ALADDIN_NEW/ALADDIN_NEW/mobile_apps/ALADDIN_iOS/ViewModels/TariffsViewModel.swift /Users/sergejhlystov/ALADDIN_NEW/ALADDIN_NEW/mobile_apps/ALADDIN_iOS/Core/Notifications/NotificationManager.swift /Users/sergejhlystov/ALADDIN_NEW/ALADDIN_NEW/mobile_apps/ALADDIN_iOS/Shared/Models/ProtectionSettings.swift /Users/sergejhlystov/ALADDIN_NEW/ALADDIN_NEW/mobile_apps/ALADDIN_iOS/Core/Notifications/RemoteNotificationsService.swift /Users/sergejhlystov/ALADDIN_NEW/ALADDIN_NEW/mobile_apps/ALADDIN_iOS/IntegrationTestViewModel.swift /Users/sergejhlystov/ALADDIN_NEW/ALADDIN_NEW/mobile_apps/ALADDIN_iOS/Core/Models/GeofenceModels.swift /Users/sergejhlystov/ALADDIN_NEW/ALADDIN_NEW/mobile_apps/ALADDIN_iOS/Core/Models/ComponentConfiguration.swift /Users/sergejhlystov/ALADDIN_NEW/ALADDIN_NEW/mobile_apps/ALADDIN_iOS/Core/Security/SecurityManager.swift /Users/sergejhlystov/ALADDIN_NEW/ALADDIN_NEW/mobile_apps/ALADDIN_iOS/Core/Managers/TokenValidator.swift /Users/sergejhlystov/ALADDIN_NEW/ALADDIN_NEW/mobile_apps/ALADDIN_iOS/Shared/Components/Modals/FamilyNotificationSettingsModal.swift /Users/sergejhlystov/ALADDIN_NEW/ALADDIN_NEW/mobile_apps/ALADDIN_iOS/Screens/ThreatProtectionScreen.swift /Users/sergejhlystov/ALADDIN_NEW/ALADDIN_NEW/mobile_apps/ALADDIN_iOS/Components/ThreatProtectionCard.swift /Users/sergejhlystov/ALADDIN_NEW/ALADDIN_NEW/mobile_apps/ALADDIN_iOS/Core/Validation/APIResponseValidator.swift /Users/sergejhlystov/ALADDIN_NEW/ALADDIN_NEW/mobile_apps/ALADDIN_iOS/Core/Models/SubscriptionModels.swift /Users/sergejhlystov/ALADDIN_NEW/ALADDIN_NEW/mobile_apps/ALADDIN_iOS/Components/ThreatProtectionCategoriesView.swift /Users/sergejhlystov/ALADDIN_NEW/ALADDIN_NEW/mobile_apps/ALADDIN_iOS/Shared/Components/Modals/AnalyticsSettingsModal.swift /Users/sergejhlystov/ALADDIN_NEW/ALADDIN_NEW/mobile_apps/ALADDIN_iOS/Core/Services/ComponentConfigurationService.swift /Users/sergejhlystov/ALADDIN_NEW/ALADDIN_NEW/mobile_apps/ALADDIN_iOS/Shared/Models/ThreatProtectionCategory.swift /Users/sergejhlystov/ALADDIN_NEW/ALADDIN_NEW/mobile_apps/ALADDIN_iOS/ViewModels/AICategoriesViewModel.swift /Users/sergejhlystov/ALADDIN_NEW/ALADDIN_NEW/mobile_apps/ALADDIN_iOS/Shared/Components/Modals/DarkWebScanMethodSelector.swift /Users/sergejhlystov/ALADDIN_NEW/ALADDIN_NEW/mobile_apps/ALADDIN_iOS/Core/Managers/GamesSettingsManager.swift /Users/sergejhlystov/ALADDIN_NEW/ALADDIN_NEW/mobile_apps/ALADDIN_iOS/Screens/Views/FamilyChatView.swift /Users/sergejhlystov/ALADDIN_NEW/ALADDIN_NEW/mobile_apps/ALADDIN_iOS/Core/Managers/ParentalControlManager.swift /Users/sergejhlystov/ALADDIN_NEW/ALADDIN_NEW/mobile_apps/ALADDIN_iOS/Core/Analytics/AnalyticsService.swift /Users/sergejhlystov/ALADDIN_NEW/ALADDIN_NEW/mobile_apps/ALADDIN_iOS/Screens/Views/FamilyAnalyticsView.swift /Users/sergejhlystov/ALADDIN_NEW/ALADDIN_NEW/mobile_apps/ALADDIN_iOS/Shared/Components/Chat/ReplyBubbleView.swift /Users/sergejhlystov/ALADDIN_NEW/ALADDIN_NEW/mobile_apps/ALADDIN_iOS/Core/Services/ComponentCacheService.swift /Users/sergejhlystov/ALADDIN_NEW/ALADDIN_NEW/mobile_apps/ALADDIN_iOS/Core/Services/PushNotificationService.swift /Users/sergejhlystov/ALADDIN_NEW/ALADDIN_NEW/mobile_apps/ALADDIN_iOS/Screens/AddMemberOptionsScreen.swift /Users/sergejhlystov/ALADDIN_NEW/ALADDIN_NEW/mobile_apps/ALADDIN_iOS/Core/Services/PositioningSystemService.swift /Users/sergejhlystov/ALADDIN_NEW/ALADDIN_NEW/mobile_apps/ALADDIN_iOS/Shared/Components/ComponentReportCard.swift /Users/sergejhlystov/ALADDIN_NEW/ALADDIN_NEW/mobile_apps/ALADDIN_iOS/Core/Analytics/RemoteAnalyticsService.swift /Users/sergejhlystov/ALADDIN_NEW/ALADDIN_NEW/mobile_apps/ALADDIN_iOS/Shared/Components/Modals/ComponentSettingsModal.swift /Users/sergejhlystov/ALADDIN_NEW/ALADDIN_NEW/mobile_apps/ALADDIN_iOS/Core/Storage/ProfileImageManager.swift /Users/sergejhlystov/ALADDIN_NEW/ALADDIN_NEW/mobile_apps/ALADDIN_iOS/Shared/Models/RewardModels.swift /Users/sergejhlystov/ALADDIN_NEW/ALADDIN_NEW/mobile_apps/ALADDIN_iOS/ViewModels/ChildRewardsViewModel.swift /Users/sergejhlystov/ALADDIN_NEW/ALADDIN_NEW/mobile_apps/ALADDIN_iOS/Core/Antivirus/AntivirusManager.swift /Users/sergejhlystov/ALADDIN_NEW/ALADDIN_NEW/mobile_apps/ALADDIN_iOS/Core/Network/MockAPIService.swift /Users/sergejhlystov/ALADDIN_NEW/ALADDIN_NEW/mobile_apps/ALADDIN_iOS/Core/Managers/ProtectionSettingsManager.swift /Users/sergejhlystov/ALADDIN_NEW/ALADDIN_NEW/mobile_apps/ALADDIN_iOS/Screens/ThreatProtectionSettingsScreen.swift /Users/sergejhlystov/ALADDIN_NEW/ALADDIN_NEW/mobile_apps/ALADDIN_iOS/Components/ProtectionCategoryRow.swift /Users/sergejhlystov/ALADDIN_NEW/ALADDIN_NEW/mobile_apps/ALADDIN_iOS/Shared/Models/ProtectionGroup.swift /Users/sergejhlystov/ALADDIN_NEW/ALADDIN_NEW/mobile_apps/ALADDIN_iOS/Core/IoT/IoTSecurityModule.swift /Users/sergejhlystov/ALADDIN_NEW/ALADDIN_NEW/mobile_apps/ALADDIN_iOS/Components/ProtectionGroupSection.swift /Users/sergejhlystov/ALADDIN_NEW/ALADDIN_NEW/mobile_apps/ALADDIN_iOS/Core/Antivirus/LocalThreatDatabase.swift /Users/sergejhlystov/ALADDIN_NEW/ALADDIN_NEW/mobile_apps/ALADDIN_iOS/Screens/RoadsideAssistanceView.swift /Users/sergejhlystov/ALADDIN_NEW/ALADDIN_NEW/mobile_apps/ALADDIN_iOS/Shared/Components/Inputs/ALADDINToggle.swift /Users/sergejhlystov/ALADDIN_NEW/ALADDIN_NEW/mobile_apps/ALADDIN_iOS/Screens/Views/EmergencyContactsView.swift /Users/sergejhlystov/ALADDIN_NEW/ALADDIN_NEW/mobile_apps/ALADDIN_iOS/Core/Managers/ComponentTariffManager.swift /Users/sergejhlystov/ALADDIN_NEW/ALADDIN_NEW/mobile_apps/ALADDIN_iOS/Shared/Components/EmptyStateView.swift /Users/sergejhlystov/ALADDIN_NEW/ALADDIN_NEW/mobile_apps/ALADDIN_iOS/Core/Network/RateLimiter.swift /Users/sergejhlystov/ALADDIN_NEW/ALADDIN_NEW/mobile_apps/ALADDIN_iOS/Shared/Components/Chat/TypingIndicatorView.swift /Users/sergejhlystov/ALADDIN_NEW/ALADDIN_NEW/mobile_apps/ALADDIN_iOS/Core/Monitoring/PerformanceMonitor.swift /Users/sergejhlystov/ALADDIN_NEW/ALADDIN_NEW/mobile_apps/ALADDIN_iOS/Core/Security/JWTTokenManager.swift /Users/sergejhlystov/ALADDIN_NEW/ALADDIN_NEW/mobile_apps/ALADDIN_iOS/Components/ThreatItemRow.swift -target x86_64-apple-ios15.2-simulator -enable-objc-interop -sdk /Applications/Xcode.app/Contents/Developer/Platforms/iPhoneSimulator.platform/Developer/SDKs/iPhoneSimulator15.2.sdk -I /Users/sergejhlystov/Library/Developer/Xcode/DerivedData/ALADDIN-eahryzmutvtbyceygnlyjsmiiaha/Build/Products/Debug-iphonesimulator -F /Users/sergejhlystov/Library/Developer/Xcode/DerivedData/ALADDIN-eahryzmutvtbyceygnlyjsmiiaha/Build/Products/Debug-iphonesimulator -no-color-diagnostics -enable-testing -g -module-cache-path /Users/sergejhlystov/Library/Developer/Xcode/DerivedData/ModuleCache.noindex -emit-localized-strings -emit-localized-strings-path /Users/sergejhlystov/Library/Developer/Xcode/DerivedData/ALADDIN-eahryzmutvtbyceygnlyjsmiiaha/Build/Intermediates.noindex/ALADDIN.build/Debug-iphonesimulator/ALADDIN.build/Objects-normal/x86_64 -swift-version 5 -enforce-exclusivity\=checked -Onone -D DEBUG -serialize-debugging-options -Xcc -working-directory -Xcc /Users/sergejhlystov/ALADDIN_NEW/ALADDIN_NEW/mobile_apps/ALADDIN_iOS -resource-dir /Applications/Xcode.app/Contents/Developer/Toolchains/XcodeDefault.xctoolchain/usr/lib/swift -enable-anonymous-context-mangled-names -Xcc -I/Users/sergejhlystov/Library/Developer/Xcode/DerivedData/ALADDIN-eahryzmutvtbyceygnlyjsmiiaha/Build/Intermediates.noindex/ALADDIN.build/Debug-iphonesimulator/ALADDIN.build/swift-overrides.hmap -Xcc -iquote -Xcc /Users/sergejhlystov/Library/Developer/Xcode/DerivedData/ALADDIN-eahryzmutvtbyceygnlyjsmiiaha/Build/Intermediates.noindex/ALADDIN.build/Debug-iphonesimulator/ALADDIN.build/ALADDIN-generated-files.hmap -Xcc -I/Users/sergejhlystov/Library/Developer/Xcode/DerivedData/ALADDIN-eahryzmutvtbyceygnlyjsmiiaha/Build/Intermediates.noindex/ALADDIN.build/Debug-iphonesimulator/ALADDIN.build/ALADDIN-own-target-headers.hmap -Xcc -I/Users/sergejhlystov/Library/Developer/Xcode/DerivedData/ALADDIN-eahryzmutvtbyceygnlyjsmiiaha/Build/Intermediates.noindex/ALADDIN.build/Debug-iphonesimulator/ALADDIN.build/ALADDIN-all-target-headers.hmap -Xcc -iquote -Xcc /Users/sergejhlystov/Library/Developer/Xcode/DerivedData/ALADDIN-eahryzmutvtbyceygnlyjsmiiaha/Build/Intermediates.noindex/ALADDIN.build/Debug-iphonesimulator/ALADDIN.build/ALADDIN-project-headers.hmap -Xcc -I/Users/sergejhlystov/Library/Developer/Xcode/DerivedData/ALADDIN-eahryzmutvtbyceygnlyjsmiiaha/Build/Products/Debug-iphonesimulator/include -Xcc -I/Users/sergejhlystov/Library/Developer/Xcode/DerivedData/ALADDIN-eahryzmutvtbyceygnlyjsmiiaha/Build/Intermediates.noindex/ALADDIN.build/Debug-iphonesimulator/ALADDIN.build/DerivedSources-normal/x86_64 -Xcc -I/Users/sergejhlystov/Library/Developer/Xcode/DerivedData/ALADDIN-eahryzmutvtbyceygnlyjsmiiaha/Build/Intermediates.noindex/ALADDIN.build/Debug-iphonesimulator/ALADDIN.build/DerivedSources/x86_64 -Xcc -I/Users/sergejhlystov/Library/Developer/Xcode/DerivedData/ALADDIN-eahryzmutvtbyceygnlyjsmiiaha/Build/Intermediates.noindex/ALADDIN.build/Debug-iphonesimulator/ALADDIN.build/DerivedSources -Xcc -DDEBUG\=1 -module-name ALADDIN -target-sdk-version 15.2.0 -emit-module-doc-path /Users/sergejhlystov/Library/Developer/Xcode/DerivedData/ALADDIN-eahryzmutvtbyceygnlyjsmiiaha/Build/Intermediates.noindex/ALADDIN.build/Debug-iphonesimulator/ALADDIN.build/Objects-normal/x86_64/ALADDIN.swiftdoc -emit-module-source-info-path /Users/sergejhlystov/Library/Developer/Xcode/DerivedData/ALADDIN-eahryzmutvtbyceygnlyjsmiiaha/Build/Intermediates.noindex/ALADDIN.build/Debug-iphonesimulator/ALADDIN.build/Objects-normal/x86_64/ALADDIN.swiftsourceinfo -emit-objc-header-path /Users/sergejhlystov/Library/Developer/Xcode/DerivedData/ALADDIN-eahryzmutvtbyceygnlyjsmiiaha/Build/Intermediates.noindex/ALADDIN.build/Debug-iphonesimulator/ALADDIN.build/Objects-normal/x86_64/ALADDIN-Swift.h -o /Users/sergejhlystov/Library/Developer/Xcode/DerivedData/ALADDIN-eahryzmutvtbyceygnlyjsmiiaha/Build/Intermediates.noindex/ALADDIN.build/Debug-iphonesimulator/ALADDIN.build/Objects-normal/x86_64/ALADDIN.swiftmodule -emit-abi-descriptor-path /Users/sergejhlystov/Library/Developer/Xcode/DerivedData/ALADDIN-eahryzmutvtbyceygnlyjsmiiaha/Build/Intermediates.noindex/ALADDIN.build/Debug-iphonesimulator/ALADDIN.build/Objects-normal/x86_64/ALADDIN.abi.json
/Users/sergejhlystov/ALADDIN_NEW/ALADDIN_NEW/mobile_apps/ALADDIN_iOS/Core/Network/APIService.swift:3097:35: warning: immutable value 'response' was never used; consider replacing with '_' or removing it
                case .success(let response):
                              ~~~~^~~~~~~~
                              _
/Users/sergejhlystov/ALADDIN_NEW/ALADDIN_NEW/mobile_apps/ALADDIN_iOS/Core/Network/APIService.swift:2960:21: warning: immutable property will not be decoded because it is declared with an initial value which cannot be overwritten
                let fields: [String]? = ["componentId", "isEnabled", "lastUpdate", "uptime"] // Только нужные поля
/Users/sergejhlystov/ALADDIN_NEW/ALADDIN_NEW/mobile_apps/ALADDIN_iOS/Core/Network/APIService.swift:2960:21: note: set the initial value via the initializer or explicitly define a CodingKeys enum including a 'fields' case to silence this warning
                let fields: [String]? = ["componentId", "isEnabled", "lastUpdate", "uptime"] // Только нужные поля
/Users/sergejhlystov/ALADDIN_NEW/ALADDIN_NEW/mobile_apps/ALADDIN_iOS/Core/Network/APIService.swift:2960:21: note: make the property mutable instead
                let fields: [String]? = ["componentId", "isEnabled", "lastUpdate", "uptime"] // Только нужные поля
/Users/sergejhlystov/ALADDIN_NEW/ALADDIN_NEW/mobile_apps/ALADDIN_iOS/Core/Monitoring/MetricsService.swift:343:9: warning: immutable property will not be decoded because it is declared with an initial value which cannot be overwritten
    let type: String = "error"
        ^
/Users/sergejhlystov/ALADDIN_NEW/ALADDIN_NEW/mobile_apps/ALADDIN_iOS/Core/Monitoring/MetricsService.swift:343:9: note: set the initial value via the initializer or explicitly define a CodingKeys enum including a 'type' case to silence this warning
    let type: String = "error"
        ^
/Users/sergejhlystov/ALADDIN_NEW/ALADDIN_NEW/mobile_apps/ALADDIN_iOS/Core/Monitoring/MetricsService.swift:343:9: note: make the property mutable instead
    let type: String = "error"
    ~~~ ^
    var
/Users/sergejhlystov/ALADDIN_NEW/ALADDIN_NEW/mobile_apps/ALADDIN_iOS/Core/Monitoring/MetricsService.swift:352:9: warning: immutable property will not be decoded because it is declared with an initial value which cannot be overwritten
    let type: String = "alert"
        ^
/Users/sergejhlystov/ALADDIN_NEW/ALADDIN_NEW/mobile_apps/ALADDIN_iOS/Core/Monitoring/MetricsService.swift:352:9: note: set the initial value via the initializer or explicitly define a CodingKeys enum including a 'type' case to silence this warning
    let type: String = "alert"
        ^
/Users/sergejhlystov/ALADDIN_NEW/ALADDIN_NEW/mobile_apps/ALADDIN_iOS/Core/Monitoring/MetricsService.swift:352:9: note: make the property mutable instead
    let type: String = "alert"
    ~~~ ^
    var

SwiftDriver\ Compilation\ Requirements ALADDIN normal x86_64 com.apple.xcode.tools.swift.compiler (in target 'ALADDIN' from project 'ALADDIN')
    cd /Users/sergejhlystov/ALADDIN_NEW/ALADDIN_NEW/mobile_apps/ALADDIN_iOS
    export DEVELOPER_DIR\=/Applications/Xcode.app/Contents/Developer
    export SDKROOT\=/Applications/Xcode.app/Contents/Developer/Platforms/iPhoneSimulator.platform/Developer/SDKs/iPhoneSimulator15.2.sdk
    builtin-Swift-Compilation-Requirements -- /Applications/Xcode.app/Contents/Developer/Toolchains/XcodeDefault.xctoolchain/usr/bin/swiftc -incremental -module-name ALADDIN -Onone -enable-batch-mode -enforce-exclusivity\=checked @/Users/sergejhlystov/Library/Developer/Xcode/DerivedData/ALADDIN-eahryzmutvtbyceygnlyjsmiiaha/Build/Intermediates.noindex/ALADDIN.build/Debug-iphonesimulator/ALADDIN.build/Objects-normal/x86_64/ALADDIN.SwiftFileList -DDEBUG -sdk /Applications/Xcode.app/Contents/Developer/Platforms/iPhoneSimulator.platform/Developer/SDKs/iPhoneSimulator15.2.sdk -target x86_64-apple-ios15.2-simulator -g -module-cache-path /Users/sergejhlystov/Library/Developer/Xcode/DerivedData/ModuleCache.noindex -Xfrontend -serialize-debugging-options -enable-testing -index-store-path /Users/sergejhlystov/Library/Developer/Xcode/DerivedData/ALADDIN-eahryzmutvtbyceygnlyjsmiiaha/Index/DataStore -swift-version 5 -I /Users/sergejhlystov/Library/Developer/Xcode/DerivedData/ALADDIN-eahryzmutvtbyceygnlyjsmiiaha/Build/Products/Debug-iphonesimulator -F /Users/sergejhlystov/Library/Developer/Xcode/DerivedData/ALADDIN-eahryzmutvtbyceygnlyjsmiiaha/Build/Products/Debug-iphonesimulator -emit-localized-strings -emit-localized-strings-path /Users/sergejhlystov/Library/Developer/Xcode/DerivedData/ALADDIN-eahryzmutvtbyceygnlyjsmiiaha/Build/Intermediates.noindex/ALADDIN.build/Debug-iphonesimulator/ALADDIN.build/Objects-normal/x86_64 -c -j8 -output-file-map /Users/sergejhlystov/Library/Developer/Xcode/DerivedData/ALADDIN-eahryzmutvtbyceygnlyjsmiiaha/Build/Intermediates.noindex/ALADDIN.build/Debug-iphonesimulator/ALADDIN.build/Objects-normal/x86_64/ALADDIN-OutputFileMap.json -save-temps -no-color-diagnostics -serialize-diagnostics -emit-dependencies -emit-module -emit-module-path /Users/sergejhlystov/Library/Developer/Xcode/DerivedData/ALADDIN-eahryzmutvtbyceygnlyjsmiiaha/Build/Intermediates.noindex/ALADDIN.build/Debug-iphonesimulator/ALADDIN.build/Objects-normal/x86_64/ALADDIN.swiftmodule -Xcc -I/Users/sergejhlystov/Library/Developer/Xcode/DerivedData/ALADDIN-eahryzmutvtbyceygnlyjsmiiaha/Build/Intermediates.noindex/ALADDIN.build/Debug-iphonesimulator/ALADDIN.build/swift-overrides.hmap -Xcc -iquote -Xcc /Users/sergejhlystov/Library/Developer/Xcode/DerivedData/ALADDIN-eahryzmutvtbyceygnlyjsmiiaha/Build/Intermediates.noindex/ALADDIN.build/Debug-iphonesimulator/ALADDIN.build/ALADDIN-generated-files.hmap -Xcc -I/Users/sergejhlystov/Library/Developer/Xcode/DerivedData/ALADDIN-eahryzmutvtbyceygnlyjsmiiaha/Build/Intermediates.noindex/ALADDIN.build/Debug-iphonesimulator/ALADDIN.build/ALADDIN-own-target-headers.hmap -Xcc -I/Users/sergejhlystov/Library/Developer/Xcode/DerivedData/ALADDIN-eahryzmutvtbyceygnlyjsmiiaha/Build/Intermediates.noindex/ALADDIN.build/Debug-iphonesimulator/ALADDIN.build/ALADDIN-all-target-headers.hmap -Xcc -iquote -Xcc /Users/sergejhlystov/Library/Developer/Xcode/DerivedData/ALADDIN-eahryzmutvtbyceygnlyjsmiiaha/Build/Intermediates.noindex/ALADDIN.build/Debug-iphonesimulator/ALADDIN.build/ALADDIN-project-headers.hmap -Xcc -I/Users/sergejhlystov/Library/Developer/Xcode/DerivedData/ALADDIN-eahryzmutvtbyceygnlyjsmiiaha/Build/Products/Debug-iphonesimulator/include -Xcc -I/Users/sergejhlystov/Library/Developer/Xcode/DerivedData/ALADDIN-eahryzmutvtbyceygnlyjsmiiaha/Build/Intermediates.noindex/ALADDIN.build/Debug-iphonesimulator/ALADDIN.build/DerivedSources-normal/x86_64 -Xcc -I/Users/sergejhlystov/Library/Developer/Xcode/DerivedData/ALADDIN-eahryzmutvtbyceygnlyjsmiiaha/Build/Intermediates.noindex/ALADDIN.build/Debug-iphonesimulator/ALADDIN.build/DerivedSources/x86_64 -Xcc -I/Users/sergejhlystov/Library/Developer/Xcode/DerivedData/ALADDIN-eahryzmutvtbyceygnlyjsmiiaha/Build/Intermediates.noindex/ALADDIN.build/Debug-iphonesimulator/ALADDIN.build/DerivedSources -Xcc -DDEBUG\=1 -emit-objc-header -emit-objc-header-path /Users/sergejhlystov/Library/Developer/Xcode/DerivedData/ALADDIN-eahryzmutvtbyceygnlyjsmiiaha/Build/Intermediates.noindex/ALADDIN.build/Debug-iphonesimulator/ALADDIN.build/Objects-normal/x86_64/ALADDIN-Swift.h -working-directory /Users/sergejhlystov/ALADDIN_NEW/ALADDIN_NEW/mobile_apps/ALADDIN_iOS -experimental-emit-module-separately

SwiftDriverJob-Compile normal arm64 Compiling\ FamilyNotificationSettingsModal.swift,\ ThreatProtectionScreen.swift,\ ThreatProtectionCard.swift,\ APIResponseValidator.swift,\ SubscriptionModels.swift,\ ThreatProtectionCategoriesView.swift,\ AnalyticsSettingsModal.swift,\ ComponentConfigurationService.swift,\ ThreatProtectionCategory.swift,\ AICategoriesViewModel.swift,\ DarkWebScanMethodSelector.swift,\ GamesSettingsManager.swift,\ FamilyChatView.swift,\ ParentalControlManager.swift,\ AnalyticsService.swift,\ FamilyAnalyticsView.swift,\ ReplyBubbleView.swift,\ ComponentCacheService.swift,\ PushNotificationService.swift,\ AddMemberOptionsScreen.swift,\ PositioningSystemService.swift,\ ComponentReportCard.swift,\ RemoteAnalyticsService.swift /Users/sergejhlystov/ALADDIN_NEW/ALADDIN_NEW/mobile_apps/ALADDIN_iOS/Shared/Components/Modals/FamilyNotificationSettingsModal.swift /Users/sergejhlystov/ALADDIN_NEW/ALADDIN_NEW/mobile_apps/ALADDIN_iOS/Screens/ThreatProtectionScreen.swift /Users/sergejhlystov/ALADDIN_NEW/ALADDIN_NEW/mobile_apps/ALADDIN_iOS/Components/ThreatProtectionCard.swift /Users/sergejhlystov/ALADDIN_NEW/ALADDIN_NEW/mobile_apps/ALADDIN_iOS/Core/Validation/APIResponseValidator.swift /Users/sergejhlystov/ALADDIN_NEW/ALADDIN_NEW/mobile_apps/ALADDIN_iOS/Core/Models/SubscriptionModels.swift /Users/sergejhlystov/ALADDIN_NEW/ALADDIN_NEW/mobile_apps/ALADDIN_iOS/Components/ThreatProtectionCategoriesView.swift /Users/sergejhlystov/ALADDIN_NEW/ALADDIN_NEW/mobile_apps/ALADDIN_iOS/Shared/Components/Modals/AnalyticsSettingsModal.swift /Users/sergejhlystov/ALADDIN_NEW/ALADDIN_NEW/mobile_apps/ALADDIN_iOS/Core/Services/ComponentConfigurationService.swift /Users/sergejhlystov/ALADDIN_NEW/ALADDIN_NEW/mobile_apps/ALADDIN_iOS/Shared/Models/ThreatProtectionCategory.swift /Users/sergejhlystov/ALADDIN_NEW/ALADDIN_NEW/mobile_apps/ALADDIN_iOS/ViewModels/AICategoriesViewModel.swift /Users/sergejhlystov/ALADDIN_NEW/ALADDIN_NEW/mobile_apps/ALADDIN_iOS/Shared/Components/Modals/DarkWebScanMethodSelector.swift /Users/sergejhlystov/ALADDIN_NEW/ALADDIN_NEW/mobile_apps/ALADDIN_iOS/Core/Managers/GamesSettingsManager.swift /Users/sergejhlystov/ALADDIN_NEW/ALADDIN_NEW/mobile_apps/ALADDIN_iOS/Screens/Views/FamilyChatView.swift /Users/sergejhlystov/ALADDIN_NEW/ALADDIN_NEW/mobile_apps/ALADDIN_iOS/Core/Managers/ParentalControlManager.swift /Users/sergejhlystov/ALADDIN_NEW/ALADDIN_NEW/mobile_apps/ALADDIN_iOS/Core/Analytics/AnalyticsService.swift /Users/sergejhlystov/ALADDIN_NEW/ALADDIN_NEW/mobile_apps/ALADDIN_iOS/Screens/Views/FamilyAnalyticsView.swift /Users/sergejhlystov/ALADDIN_NEW/ALADDIN_NEW/mobile_apps/ALADDIN_iOS/Shared/Components/Chat/ReplyBubbleView.swift /Users/sergejhlystov/ALADDIN_NEW/ALADDIN_NEW/mobile_apps/ALADDIN_iOS/Core/Services/ComponentCacheService.swift /Users/sergejhlystov/ALADDIN_NEW/ALADDIN_NEW/mobile_apps/ALADDIN_iOS/Core/Services/PushNotificationService.swift /Users/sergejhlystov/ALADDIN_NEW/ALADDIN_NEW/mobile_apps/ALADDIN_iOS/Screens/AddMemberOptionsScreen.swift /Users/sergejhlystov/ALADDIN_NEW/ALADDIN_NEW/mobile_apps/ALADDIN_iOS/Core/Services/PositioningSystemService.swift /Users/sergejhlystov/ALADDIN_NEW/ALADDIN_NEW/mobile_apps/ALADDIN_iOS/Shared/Components/ComponentReportCard.swift /Users/sergejhlystov/ALADDIN_NEW/ALADDIN_NEW/mobile_apps/ALADDIN_iOS/Core/Analytics/RemoteAnalyticsService.swift (in target 'ALADDIN' from project 'ALADDIN')
    cd /Users/sergejhlystov/ALADDIN_NEW/ALADDIN_NEW/mobile_apps/ALADDIN_iOS
    export DEVELOPER_DIR\=/Applications/Xcode.app/Contents/Developer
    export SDKROOT\=/Applications/Xcode.app/Contents/Developer/Platforms/iPhoneSimulator.platform/Developer/SDKs/iPhoneSimulator15.2.sdk
    builtin-swiftDriverJobExecution -- /Applications/Xcode.app/Contents/Developer/Toolchains/XcodeDefault.xctoolchain/usr/bin/swift-frontend -frontend -c -filelist /Users/sergejhlystov/Library/Developer/Xcode/DerivedData/ALADDIN-eahryzmutvtbyceygnlyjsmiiaha/Build/Intermediates.noindex/ALADDIN.build/Debug-iphonesimulator/ALADDIN.build/Objects-normal/arm64/sources-1 -primary-file /Users/sergejhlystov/ALADDIN_NEW/ALADDIN_NEW/mobile_apps/ALADDIN_iOS/Shared/Components/Modals/FamilyNotificationSettingsModal.swift -primary-file /Users/sergejhlystov/ALADDIN_NEW/ALADDIN_NEW/mobile_apps/ALADDIN_iOS/Screens/ThreatProtectionScreen.swift -primary-file /Users/sergejhlystov/ALADDIN_NEW/ALADDIN_NEW/mobile_apps/ALADDIN_iOS/Components/ThreatProtectionCard.swift -primary-file /Users/sergejhlystov/ALADDIN_NEW/ALADDIN_NEW/mobile_apps/ALADDIN_iOS/Core/Validation/APIResponseValidator.swift -primary-file /Users/sergejhlystov/ALADDIN_NEW/ALADDIN_NEW/mobile_apps/ALADDIN_iOS/Core/Models/SubscriptionModels.swift -primary-file /Users/sergejhlystov/ALADDIN_NEW/ALADDIN_NEW/mobile_apps/ALADDIN_iOS/Components/ThreatProtectionCategoriesView.swift -primary-file /Users/sergejhlystov/ALADDIN_NEW/ALADDIN_NEW/mobile_apps/ALADDIN_iOS/Shared/Components/Modals/AnalyticsSettingsModal.swift -primary-file /Users/sergejhlystov/ALADDIN_NEW/ALADDIN_NEW/mobile_apps/ALADDIN_iOS/Core/Services/ComponentConfigurationService.swift -primary-file /Users/sergejhlystov/ALADDIN_NEW/ALADDIN_NEW/mobile_apps/ALADDIN_iOS/Shared/Models/ThreatProtectionCategory.swift -primary-file /Users/sergejhlystov/ALADDIN_NEW/ALADDIN_NEW/mobile_apps/ALADDIN_iOS/ViewModels/AICategoriesViewModel.swift -primary-file /Users/sergejhlystov/ALADDIN_NEW/ALADDIN_NEW/mobile_apps/ALADDIN_iOS/Shared/Components/Modals/DarkWebScanMethodSelector.swift -primary-file /Users/sergejhlystov/ALADDIN_NEW/ALADDIN_NEW/mobile_apps/ALADDIN_iOS/Core/Managers/GamesSettingsManager.swift -primary-file /Users/sergejhlystov/ALADDIN_NEW/ALADDIN_NEW/mobile_apps/ALADDIN_iOS/Screens/Views/FamilyChatView.swift -primary-file /Users/sergejhlystov/ALADDIN_NEW/ALADDIN_NEW/mobile_apps/ALADDIN_iOS/Core/Managers/ParentalControlManager.swift -primary-file /Users/sergejhlystov/ALADDIN_NEW/ALADDIN_NEW/mobile_apps/ALADDIN_iOS/Core/Analytics/AnalyticsService.swift -primary-file /Users/sergejhlystov/ALADDIN_NEW/ALADDIN_NEW/mobile_apps/ALADDIN_iOS/Screens/Views/FamilyAnalyticsView.swift -primary-file /Users/sergejhlystov/ALADDIN_NEW/ALADDIN_NEW/mobile_apps/ALADDIN_iOS/Shared/Components/Chat/ReplyBubbleView.swift -primary-file /Users/sergejhlystov/ALADDIN_NEW/ALADDIN_NEW/mobile_apps/ALADDIN_iOS/Core/Services/ComponentCacheService.swift -primary-file /Users/sergejhlystov/ALADDIN_NEW/ALADDIN_NEW/mobile_apps/ALADDIN_iOS/Core/Services/PushNotificationService.swift -primary-file /Users/sergejhlystov/ALADDIN_NEW/ALADDIN_NEW/mobile_apps/ALADDIN_iOS/Screens/AddMemberOptionsScreen.swift -primary-file /Users/sergejhlystov/ALADDIN_NEW/ALADDIN_NEW/mobile_apps/ALADDIN_iOS/Core/Services/PositioningSystemService.swift -primary-file /Users/sergejhlystov/ALADDIN_NEW/ALADDIN_NEW/mobile_apps/ALADDIN_iOS/Shared/Components/ComponentReportCard.swift -primary-file /Users/sergejhlystov/ALADDIN_NEW/ALADDIN_NEW/mobile_apps/ALADDIN_iOS/Core/Analytics/RemoteAnalyticsService.swift -supplementary-output-file-map /Users/sergejhlystov/Library/Developer/Xcode/DerivedData/ALADDIN-eahryzmutvtbyceygnlyjsmiiaha/Build/Intermediates.noindex/ALADDIN.build/Debug-iphonesimulator/ALADDIN.build/Objects-normal/arm64/supplementaryOutputs-10 -target arm64-apple-ios15.2-simulator -Xllvm -aarch64-use-tbi -enable-objc-interop -sdk /Applications/Xcode.app/Contents/Developer/Platforms/iPhoneSimulator.platform/Developer/SDKs/iPhoneSimulator15.2.sdk -I /Users/sergejhlystov/Library/Developer/Xcode/DerivedData/ALADDIN-eahryzmutvtbyceygnlyjsmiiaha/Build/Products/Debug-iphonesimulator -F /Users/sergejhlystov/Library/Developer/Xcode/DerivedData/ALADDIN-eahryzmutvtbyceygnlyjsmiiaha/Build/Products/Debug-iphonesimulator -no-color-diagnostics -enable-testing -g -module-cache-path /Users/sergejhlystov/Library/Developer/Xcode/DerivedData/ModuleCache.noindex -emit-localized-strings -emit-localized-strings-path /Users/sergejhlystov/Library/Developer/Xcode/DerivedData/ALADDIN-eahryzmutvtbyceygnlyjsmiiaha/Build/Intermediates.noindex/ALADDIN.build/Debug-iphonesimulator/ALADDIN.build/Objects-normal/arm64 -swift-version 5 -enforce-exclusivity\=checked -Onone -D DEBUG -serialize-debugging-options -Xcc -working-directory -Xcc /Users/sergejhlystov/ALADDIN_NEW/ALADDIN_NEW/mobile_apps/ALADDIN_iOS -resource-dir /Applications/Xcode.app/Contents/Developer/Toolchains/XcodeDefault.xctoolchain/usr/lib/swift -enable-anonymous-context-mangled-names -Xcc -I/Users/sergejhlystov/Library/Developer/Xcode/DerivedData/ALADDIN-eahryzmutvtbyceygnlyjsmiiaha/Build/Intermediates.noindex/ALADDIN.build/Debug-iphonesimulator/ALADDIN.build/swift-overrides.hmap -Xcc -iquote -Xcc /Users/sergejhlystov/Library/Developer/Xcode/DerivedData/ALADDIN-eahryzmutvtbyceygnlyjsmiiaha/Build/Intermediates.noindex/ALADDIN.build/Debug-iphonesimulator/ALADDIN.build/ALADDIN-generated-files.hmap -Xcc -I/Users/sergejhlystov/Library/Developer/Xcode/DerivedData/ALADDIN-eahryzmutvtbyceygnlyjsmiiaha/Build/Intermediates.noindex/ALADDIN.build/Debug-iphonesimulator/ALADDIN.build/ALADDIN-own-target-headers.hmap -Xcc -I/Users/sergejhlystov/Library/Developer/Xcode/DerivedData/ALADDIN-eahryzmutvtbyceygnlyjsmiiaha/Build/Intermediates.noindex/ALADDIN.build/Debug-iphonesimulator/ALADDIN.build/ALADDIN-all-target-headers.hmap -Xcc -iquote -Xcc /Users/sergejhlystov/Library/Developer/Xcode/DerivedData/ALADDIN-eahryzmutvtbyceygnlyjsmiiaha/Build/Intermediates.noindex/ALADDIN.build/Debug-iphonesimulator/ALADDIN.build/ALADDIN-project-headers.hmap -Xcc -I/Users/sergejhlystov/Library/Developer/Xcode/DerivedData/ALADDIN-eahryzmutvtbyceygnlyjsmiiaha/Build/Products/Debug-iphonesimulator/include -Xcc -I/Users/sergejhlystov/Library/Developer/Xcode/DerivedData/ALADDIN-eahryzmutvtbyceygnlyjsmiiaha/Build/Intermediates.noindex/ALADDIN.build/Debug-iphonesimulator/ALADDIN.build/DerivedSources-normal/arm64 -Xcc -I/Users/sergejhlystov/Library/Developer/Xcode/DerivedData/ALADDIN-eahryzmutvtbyceygnlyjsmiiaha/Build/Intermediates.noindex/ALADDIN.build/Debug-iphonesimulator/ALADDIN.build/DerivedSources/arm64 -Xcc -I/Users/sergejhlystov/Library/Developer/Xcode/DerivedData/ALADDIN-eahryzmutvtbyceygnlyjsmiiaha/Build/Intermediates.noindex/ALADDIN.build/Debug-iphonesimulator/ALADDIN.build/DerivedSources -Xcc -DDEBUG\=1 -module-name ALADDIN -target-sdk-version 15.2.0 -o /Users/sergejhlystov/Library/Developer/Xcode/DerivedData/ALADDIN-eahryzmutvtbyceygnlyjsmiiaha/Build/Intermediates.noindex/ALADDIN.build/Debug-iphonesimulator/ALADDIN.build/Objects-normal/arm64/FamilyNotificationSettingsModal.o -o /Users/sergejhlystov/Library/Developer/Xcode/DerivedData/ALADDIN-eahryzmutvtbyceygnlyjsmiiaha/Build/Intermediates.noindex/ALADDIN.build/Debug-iphonesimulator/ALADDIN.build/Objects-normal/arm64/ThreatProtectionScreen.o -o /Users/sergejhlystov/Library/Developer/Xcode/DerivedData/ALADDIN-eahryzmutvtbyceygnlyjsmiiaha/Build/Intermediates.noindex/ALADDIN.build/Debug-iphonesimulator/ALADDIN.build/Objects-normal/arm64/ThreatProtectionCard.o -o /Users/sergejhlystov/Library/Developer/Xcode/DerivedData/ALADDIN-eahryzmutvtbyceygnlyjsmiiaha/Build/Intermediates.noindex/ALADDIN.build/Debug-iphonesimulator/ALADDIN.build/Objects-normal/arm64/APIResponseValidator.o -o /Users/sergejhlystov/Library/Developer/Xcode/DerivedData/ALADDIN-eahryzmutvtbyceygnlyjsmiiaha/Build/Intermediates.noindex/ALADDIN.build/Debug-iphonesimulator/ALADDIN.build/Objects-normal/arm64/SubscriptionModels.o -o /Users/sergejhlystov/Library/Developer/Xcode/DerivedData/ALADDIN-eahryzmutvtbyceygnlyjsmiiaha/Build/Intermediates.noindex/ALADDIN.build/Debug-iphonesimulator/ALADDIN.build/Objects-normal/arm64/ThreatProtectionCategoriesView.o -o /Users/sergejhlystov/Library/Developer/Xcode/DerivedData/ALADDIN-eahryzmutvtbyceygnlyjsmiiaha/Build/Intermediates.noindex/ALADDIN.build/Debug-iphonesimulator/ALADDIN.build/Objects-normal/arm64/AnalyticsSettingsModal.o -o /Users/sergejhlystov/Library/Developer/Xcode/DerivedData/ALADDIN-eahryzmutvtbyceygnlyjsmiiaha/Build/Intermediates.noindex/ALADDIN.build/Debug-iphonesimulator/ALADDIN.build/Objects-normal/arm64/ComponentConfigurationService.o -o /Users/sergejhlystov/Library/Developer/Xcode/DerivedData/ALADDIN-eahryzmutvtbyceygnlyjsmiiaha/Build/Intermediates.noindex/ALADDIN.build/Debug-iphonesimulator/ALADDIN.build/Objects-normal/arm64/ThreatProtectionCategory.o -o /Users/sergejhlystov/Library/Developer/Xcode/DerivedData/ALADDIN-eahryzmutvtbyceygnlyjsmiiaha/Build/Intermediates.noindex/ALADDIN.build/Debug-iphonesimulator/ALADDIN.build/Objects-normal/arm64/AICategoriesViewModel.o -o /Users/sergejhlystov/Library/Developer/Xcode/DerivedData/ALADDIN-eahryzmutvtbyceygnlyjsmiiaha/Build/Intermediates.noindex/ALADDIN.build/Debug-iphonesimulator/ALADDIN.build/Objects-normal/arm64/DarkWebScanMethodSelector.o -o /Users/sergejhlystov/Library/Developer/Xcode/DerivedData/ALADDIN-eahryzmutvtbyceygnlyjsmiiaha/Build/Intermediates.noindex/ALADDIN.build/Debug-iphonesimulator/ALADDIN.build/Objects-normal/arm64/GamesSettingsManager.o -o /Users/sergejhlystov/Library/Developer/Xcode/DerivedData/ALADDIN-eahryzmutvtbyceygnlyjsmiiaha/Build/Intermediates.noindex/ALADDIN.build/Debug-iphonesimulator/ALADDIN.build/Objects-normal/arm64/FamilyChatView.o -o /Users/sergejhlystov/Library/Developer/Xcode/DerivedData/ALADDIN-eahryzmutvtbyceygnlyjsmiiaha/Build/Intermediates.noindex/ALADDIN.build/Debug-iphonesimulator/ALADDIN.build/Objects-normal/arm64/ParentalControlManager.o -o /Users/sergejhlystov/Library/Developer/Xcode/DerivedData/ALADDIN-eahryzmutvtbyceygnlyjsmiiaha/Build/Intermediates.noindex/ALADDIN.build/Debug-iphonesimulator/ALADDIN.build/Objects-normal/arm64/AnalyticsService.o -o /Users/sergejhlystov/Library/Developer/Xcode/DerivedData/ALADDIN-eahryzmutvtbyceygnlyjsmiiaha/Build/Intermediates.noindex/ALADDIN.build/Debug-iphonesimulator/ALADDIN.build/Objects-normal/arm64/FamilyAnalyticsView.o -o /Users/sergejhlystov/Library/Developer/Xcode/DerivedData/ALADDIN-eahryzmutvtbyceygnlyjsmiiaha/Build/Intermediates.noindex/ALADDIN.build/Debug-iphonesimulator/ALADDIN.build/Objects-normal/arm64/ReplyBubbleView.o -o /Users/sergejhlystov/Library/Developer/Xcode/DerivedData/ALADDIN-eahryzmutvtbyceygnlyjsmiiaha/Build/Intermediates.noindex/ALADDIN.build/Debug-iphonesimulator/ALADDIN.build/Objects-normal/arm64/ComponentCacheService.o -o /Users/sergejhlystov/Library/Developer/Xcode/DerivedData/ALADDIN-eahryzmutvtbyceygnlyjsmiiaha/Build/Intermediates.noindex/ALADDIN.build/Debug-iphonesimulator/ALADDIN.build/Objects-normal/arm64/PushNotificationService.o -o /Users/sergejhlystov/Library/Developer/Xcode/DerivedData/ALADDIN-eahryzmutvtbyceygnlyjsmiiaha/Build/Intermediates.noindex/ALADDIN.build/Debug-iphonesimulator/ALADDIN.build/Objects-normal/arm64/AddMemberOptionsScreen.o -o /Users/sergejhlystov/Library/Developer/Xcode/DerivedData/ALADDIN-eahryzmutvtbyceygnlyjsmiiaha/Build/Intermediates.noindex/ALADDIN.build/Debug-iphonesimulator/ALADDIN.build/Objects-normal/arm64/PositioningSystemService.o -o /Users/sergejhlystov/Library/Developer/Xcode/DerivedData/ALADDIN-eahryzmutvtbyceygnlyjsmiiaha/Build/Intermediates.noindex/ALADDIN.build/Debug-iphonesimulator/ALADDIN.build/Objects-normal/arm64/ComponentReportCard.o -o /Users/sergejhlystov/Library/Developer/Xcode/DerivedData/ALADDIN-eahryzmutvtbyceygnlyjsmiiaha/Build/Intermediates.noindex/ALADDIN.build/Debug-iphonesimulator/ALADDIN.build/Objects-normal/arm64/RemoteAnalyticsService.o -index-store-path /Users/sergejhlystov/Library/Developer/Xcode/DerivedData/ALADDIN-eahryzmutvtbyceygnlyjsmiiaha/Index/DataStore -index-system-modules
/Users/sergejhlystov/ALADDIN_NEW/ALADDIN_NEW/mobile_apps/ALADDIN_iOS/ViewModels/AICategoriesViewModel.swift:111:17: warning: variable 'existingIds' was never mutated; consider changing to 'let' constant
            var existingIds = Set(self.children.map { $0.id })
            ~~~ ^
            let
/Users/sergejhlystov/ALADDIN_NEW/ALADDIN_NEW/mobile_apps/ALADDIN_iOS/Core/Analytics/RemoteAnalyticsService.swift:257:35: warning: immutable value 'analyticsResponse' was never used; consider replacing with '_' or removing it
                case .success(let analyticsResponse):
                              ~~~~^~~~~~~~~~~~~~~~~
                              _

SwiftDriverJob-Compile normal arm64 Compiling\ PrimaryButton.swift,\ SecurityFeatureRow.swift,\ NotificationSettingsScreen.swift,\ TariffManager.swift,\ ChildContentScreen.swift,\ AdditionalFeature.swift,\ DarkWebDataInputView.swift,\ PaymentHelpView.swift,\ StatItem.swift,\ FamilyMemberCard.swift,\ AddMoreMemberCard.swift,\ ChildRewardsSettingsModal.swift,\ APIModels.swift,\ NetworkProtectionManager.swift,\ UnicornPetView.swift,\ VisualLogger.swift,\ APIService.swift,\ QuarantineManager.swift,\ NetworkProtectionViewModel.swift,\ 18_PrivacyPolicyScreen.swift,\ ComponentStatusService.swift,\ 10_TariffsScreen.swift,\ IdentityTheftViewModel.swift,\ 09_ElderlyInterfaceScreen.swift /Users/sergejhlystov/ALADDIN_NEW/ALADDIN_NEW/mobile_apps/ALADDIN_iOS/Shared/Components/Buttons/PrimaryButton.swift /Users/sergejhlystov/ALADDIN_NEW/ALADDIN_NEW/mobile_apps/ALADDIN_iOS/Shared/Components/SecurityFeatureRow.swift /Users/sergejhlystov/ALADDIN_NEW/ALADDIN_NEW/mobile_apps/ALADDIN_iOS/Screens/NotificationSettingsScreen.swift /Users/sergejhlystov/ALADDIN_NEW/ALADDIN_NEW/mobile_apps/ALADDIN_iOS/Core/Managers/TariffManager.swift /Users/sergejhlystov/ALADDIN_NEW/ALADDIN_NEW/mobile_apps/ALADDIN_iOS/Screens/ChildContentScreen.swift /Users/sergejhlystov/ALADDIN_NEW/ALADDIN_NEW/mobile_apps/ALADDIN_iOS/Shared/Models/AdditionalFeature.swift /Users/sergejhlystov/ALADDIN_NEW/ALADDIN_NEW/mobile_apps/ALADDIN_iOS/Shared/Components/Modals/DarkWebDataInputView.swift /Users/sergejhlystov/ALADDIN_NEW/ALADDIN_NEW/mobile_apps/ALADDIN_iOS/Screens/Views/PaymentHelpView.swift /Users/sergejhlystov/ALADDIN_NEW/ALADDIN_NEW/mobile_apps/ALADDIN_iOS/Shared/Components/StatItem.swift /Users/sergejhlystov/ALADDIN_NEW/ALADDIN_NEW/mobile_apps/ALADDIN_iOS/Shared/Components/Cards/FamilyMemberCard.swift /Users/sergejhlystov/ALADDIN_NEW/ALADDIN_NEW/mobile_apps/ALADDIN_iOS/Shared/Components/Cards/AddMoreMemberCard.swift /Users/sergejhlystov/ALADDIN_NEW/ALADDIN_NEW/mobile_apps/ALADDIN_iOS/Components/Modals/ChildRewardsSettingsModal.swift /Users/sergejhlystov/ALADDIN_NEW/ALADDIN_NEW/mobile_apps/ALADDIN_iOS/Core/Models/APIModels.swift /Users/sergejhlystov/ALADDIN_NEW/ALADDIN_NEW/mobile_apps/ALADDIN_iOS/Core/NetworkProtection/NetworkProtectionManager.swift /Users/sergejhlystov/ALADDIN_NEW/ALADDIN_NEW/mobile_apps/ALADDIN_iOS/Screens/UnicornPetView.swift /Users/sergejhlystov/ALADDIN_NEW/ALADDIN_NEW/mobile_apps/ALADDIN_iOS/Core/Utilities/VisualLogger.swift /Users/sergejhlystov/ALADDIN_NEW/ALADDIN_NEW/mobile_apps/ALADDIN_iOS/Core/Network/APIService.swift /Users/sergejhlystov/ALADDIN_NEW/ALADDIN_NEW/mobile_apps/ALADDIN_iOS/Core/Antivirus/QuarantineManager.swift /Users/sergejhlystov/ALADDIN_NEW/ALADDIN_NEW/mobile_apps/ALADDIN_iOS/ViewModels/NetworkProtectionViewModel.swift /Users/sergejhlystov/ALADDIN_NEW/ALADDIN_NEW/mobile_apps/ALADDIN_iOS/Screens/18_PrivacyPolicyScreen.swift /Users/sergejhlystov/ALADDIN_NEW/ALADDIN_NEW/mobile_apps/ALADDIN_iOS/Core/Services/ComponentStatusService.swift /Users/sergejhlystov/ALADDIN_NEW/ALADDIN_NEW/mobile_apps/ALADDIN_iOS/Screens/10_TariffsScreen.swift /Users/sergejhlystov/ALADDIN_NEW/ALADDIN_NEW/mobile_apps/ALADDIN_iOS/ViewModels/IdentityTheftViewModel.swift /Users/sergejhlystov/ALADDIN_NEW/ALADDIN_NEW/mobile_apps/ALADDIN_iOS/Screens/09_ElderlyInterfaceScreen.swift (in target 'ALADDIN' from project 'ALADDIN')
    cd /Users/sergejhlystov/ALADDIN_NEW/ALADDIN_NEW/mobile_apps/ALADDIN_iOS
    export DEVELOPER_DIR\=/Applications/Xcode.app/Contents/Developer
    export SDKROOT\=/Applications/Xcode.app/Contents/Developer/Platforms/iPhoneSimulator.platform/Developer/SDKs/iPhoneSimulator15.2.sdk
    builtin-swiftDriverJobExecution -- /Applications/Xcode.app/Contents/Developer/Toolchains/XcodeDefault.xctoolchain/usr/bin/swift-frontend -frontend -c -filelist /Users/sergejhlystov/Library/Developer/Xcode/DerivedData/ALADDIN-eahryzmutvtbyceygnlyjsmiiaha/Build/Intermediates.noindex/ALADDIN.build/Debug-iphonesimulator/ALADDIN.build/Objects-normal/arm64/sources-1 -primary-file /Users/sergejhlystov/ALADDIN_NEW/ALADDIN_NEW/mobile_apps/ALADDIN_iOS/Shared/Components/Buttons/PrimaryButton.swift -primary-file /Users/sergejhlystov/ALADDIN_NEW/ALADDIN_NEW/mobile_apps/ALADDIN_iOS/Shared/Components/SecurityFeatureRow.swift -primary-file /Users/sergejhlystov/ALADDIN_NEW/ALADDIN_NEW/mobile_apps/ALADDIN_iOS/Screens/NotificationSettingsScreen.swift -primary-file /Users/sergejhlystov/ALADDIN_NEW/ALADDIN_NEW/mobile_apps/ALADDIN_iOS/Core/Managers/TariffManager.swift -primary-file /Users/sergejhlystov/ALADDIN_NEW/ALADDIN_NEW/mobile_apps/ALADDIN_iOS/Screens/ChildContentScreen.swift -primary-file /Users/sergejhlystov/ALADDIN_NEW/ALADDIN_NEW/mobile_apps/ALADDIN_iOS/Shared/Models/AdditionalFeature.swift -primary-file /Users/sergejhlystov/ALADDIN_NEW/ALADDIN_NEW/mobile_apps/ALADDIN_iOS/Shared/Components/Modals/DarkWebDataInputView.swift -primary-file /Users/sergejhlystov/ALADDIN_NEW/ALADDIN_NEW/mobile_apps/ALADDIN_iOS/Screens/Views/PaymentHelpView.swift -primary-file /Users/sergejhlystov/ALADDIN_NEW/ALADDIN_NEW/mobile_apps/ALADDIN_iOS/Shared/Components/StatItem.swift -primary-file /Users/sergejhlystov/ALADDIN_NEW/ALADDIN_NEW/mobile_apps/ALADDIN_iOS/Shared/Components/Cards/FamilyMemberCard.swift -primary-file /Users/sergejhlystov/ALADDIN_NEW/ALADDIN_NEW/mobile_apps/ALADDIN_iOS/Shared/Components/Cards/AddMoreMemberCard.swift -primary-file /Users/sergejhlystov/ALADDIN_NEW/ALADDIN_NEW/mobile_apps/ALADDIN_iOS/Components/Modals/ChildRewardsSettingsModal.swift -primary-file /Users/sergejhlystov/ALADDIN_NEW/ALADDIN_NEW/mobile_apps/ALADDIN_iOS/Core/Models/APIModels.swift -primary-file /Users/sergejhlystov/ALADDIN_NEW/ALADDIN_NEW/mobile_apps/ALADDIN_iOS/Core/NetworkProtection/NetworkProtectionManager.swift -primary-file /Users/sergejhlystov/ALADDIN_NEW/ALADDIN_NEW/mobile_apps/ALADDIN_iOS/Screens/UnicornPetView.swift -primary-file /Users/sergejhlystov/ALADDIN_NEW/ALADDIN_NEW/mobile_apps/ALADDIN_iOS/Core/Utilities/VisualLogger.swift -primary-file /Users/sergejhlystov/ALADDIN_NEW/ALADDIN_NEW/mobile_apps/ALADDIN_iOS/Core/Network/APIService.swift -primary-file /Users/sergejhlystov/ALADDIN_NEW/ALADDIN_NEW/mobile_apps/ALADDIN_iOS/Core/Antivirus/QuarantineManager.swift -primary-file /Users/sergejhlystov/ALADDIN_NEW/ALADDIN_NEW/mobile_apps/ALADDIN_iOS/ViewModels/NetworkProtectionViewModel.swift -primary-file /Users/sergejhlystov/ALADDIN_NEW/ALADDIN_NEW/mobile_apps/ALADDIN_iOS/Screens/18_PrivacyPolicyScreen.swift -primary-file /Users/sergejhlystov/ALADDIN_NEW/ALADDIN_NEW/mobile_apps/ALADDIN_iOS/Core/Services/ComponentStatusService.swift -primary-file /Users/sergejhlystov/ALADDIN_NEW/ALADDIN_NEW/mobile_apps/ALADDIN_iOS/Screens/10_TariffsScreen.swift -primary-file /Users/sergejhlystov/ALADDIN_NEW/ALADDIN_NEW/mobile_apps/ALADDIN_iOS/ViewModels/IdentityTheftViewModel.swift -primary-file /Users/sergejhlystov/ALADDIN_NEW/ALADDIN_NEW/mobile_apps/ALADDIN_iOS/Screens/09_ElderlyInterfaceScreen.swift -supplementary-output-file-map /Users/sergejhlystov/Library/Developer/Xcode/DerivedData/ALADDIN-eahryzmutvtbyceygnlyjsmiiaha/Build/Intermediates.noindex/ALADDIN.build/Debug-iphonesimulator/ALADDIN.build/Objects-normal/arm64/supplementaryOutputs-2 -target arm64-apple-ios15.2-simulator -Xllvm -aarch64-use-tbi -enable-objc-interop -sdk /Applications/Xcode.app/Contents/Developer/Platforms/iPhoneSimulator.platform/Developer/SDKs/iPhoneSimulator15.2.sdk -I /Users/sergejhlystov/Library/Developer/Xcode/DerivedData/ALADDIN-eahryzmutvtbyceygnlyjsmiiaha/Build/Products/Debug-iphonesimulator -F /Users/sergejhlystov/Library/Developer/Xcode/DerivedData/ALADDIN-eahryzmutvtbyceygnlyjsmiiaha/Build/Products/Debug-iphonesimulator -no-color-diagnostics -enable-testing -g -module-cache-path /Users/sergejhlystov/Library/Developer/Xcode/DerivedData/ModuleCache.noindex -emit-localized-strings -emit-localized-strings-path /Users/sergejhlystov/Library/Developer/Xcode/DerivedData/ALADDIN-eahryzmutvtbyceygnlyjsmiiaha/Build/Intermediates.noindex/ALADDIN.build/Debug-iphonesimulator/ALADDIN.build/Objects-normal/arm64 -swift-version 5 -enforce-exclusivity\=checked -Onone -D DEBUG -serialize-debugging-options -Xcc -working-directory -Xcc /Users/sergejhlystov/ALADDIN_NEW/ALADDIN_NEW/mobile_apps/ALADDIN_iOS -resource-dir /Applications/Xcode.app/Contents/Developer/Toolchains/XcodeDefault.xctoolchain/usr/lib/swift -enable-anonymous-context-mangled-names -Xcc -I/Users/sergejhlystov/Library/Developer/Xcode/DerivedData/ALADDIN-eahryzmutvtbyceygnlyjsmiiaha/Build/Intermediates.noindex/ALADDIN.build/Debug-iphonesimulator/ALADDIN.build/swift-overrides.hmap -Xcc -iquote -Xcc /Users/sergejhlystov/Library/Developer/Xcode/DerivedData/ALADDIN-eahryzmutvtbyceygnlyjsmiiaha/Build/Intermediates.noindex/ALADDIN.build/Debug-iphonesimulator/ALADDIN.build/ALADDIN-generated-files.hmap -Xcc -I/Users/sergejhlystov/Library/Developer/Xcode/DerivedData/ALADDIN-eahryzmutvtbyceygnlyjsmiiaha/Build/Intermediates.noindex/ALADDIN.build/Debug-iphonesimulator/ALADDIN.build/ALADDIN-own-target-headers.hmap -Xcc -I/Users/sergejhlystov/Library/Developer/Xcode/DerivedData/ALADDIN-eahryzmutvtbyceygnlyjsmiiaha/Build/Intermediates.noindex/ALADDIN.build/Debug-iphonesimulator/ALADDIN.build/ALADDIN-all-target-headers.hmap -Xcc -iquote -Xcc /Users/sergejhlystov/Library/Developer/Xcode/DerivedData/ALADDIN-eahryzmutvtbyceygnlyjsmiiaha/Build/Intermediates.noindex/ALADDIN.build/Debug-iphonesimulator/ALADDIN.build/ALADDIN-project-headers.hmap -Xcc -I/Users/sergejhlystov/Library/Developer/Xcode/DerivedData/ALADDIN-eahryzmutvtbyceygnlyjsmiiaha/Build/Products/Debug-iphonesimulator/include -Xcc -I/Users/sergejhlystov/Library/Developer/Xcode/DerivedData/ALADDIN-eahryzmutvtbyceygnlyjsmiiaha/Build/Intermediates.noindex/ALADDIN.build/Debug-iphonesimulator/ALADDIN.build/DerivedSources-normal/arm64 -Xcc -I/Users/sergejhlystov/Library/Developer/Xcode/DerivedData/ALADDIN-eahryzmutvtbyceygnlyjsmiiaha/Build/Intermediates.noindex/ALADDIN.build/Debug-iphonesimulator/ALADDIN.build/DerivedSources/arm64 -Xcc -I/Users/sergejhlystov/Library/Developer/Xcode/DerivedData/ALADDIN-eahryzmutvtbyceygnlyjsmiiaha/Build/Intermediates.noindex/ALADDIN.build/Debug-iphonesimulator/ALADDIN.build/DerivedSources -Xcc -DDEBUG\=1 -module-name ALADDIN -target-sdk-version 15.2.0 -o /Users/sergejhlystov/Library/Developer/Xcode/DerivedData/ALADDIN-eahryzmutvtbyceygnlyjsmiiaha/Build/Intermediates.noindex/ALADDIN.build/Debug-iphonesimulator/ALADDIN.build/Objects-normal/arm64/PrimaryButton.o -o /Users/sergejhlystov/Library/Developer/Xcode/DerivedData/ALADDIN-eahryzmutvtbyceygnlyjsmiiaha/Build/Intermediates.noindex/ALADDIN.build/Debug-iphonesimulator/ALADDIN.build/Objects-normal/arm64/SecurityFeatureRow.o -o /Users/sergejhlystov/Library/Developer/Xcode/DerivedData/ALADDIN-eahryzmutvtbyceygnlyjsmiiaha/Build/Intermediates.noindex/ALADDIN.build/Debug-iphonesimulator/ALADDIN.build/Objects-normal/arm64/NotificationSettingsScreen.o -o /Users/sergejhlystov/Library/Developer/Xcode/DerivedData/ALADDIN-eahryzmutvtbyceygnlyjsmiiaha/Build/Intermediates.noindex/ALADDIN.build/Debug-iphonesimulator/ALADDIN.build/Objects-normal/arm64/TariffManager.o -o /Users/sergejhlystov/Library/Developer/Xcode/DerivedData/ALADDIN-eahryzmutvtbyceygnlyjsmiiaha/Build/Intermediates.noindex/ALADDIN.build/Debug-iphonesimulator/ALADDIN.build/Objects-normal/arm64/ChildContentScreen.o -o /Users/sergejhlystov/Library/Developer/Xcode/DerivedData/ALADDIN-eahryzmutvtbyceygnlyjsmiiaha/Build/Intermediates.noindex/ALADDIN.build/Debug-iphonesimulator/ALADDIN.build/Objects-normal/arm64/AdditionalFeature.o -o /Users/sergejhlystov/Library/Developer/Xcode/DerivedData/ALADDIN-eahryzmutvtbyceygnlyjsmiiaha/Build/Intermediates.noindex/ALADDIN.build/Debug-iphonesimulator/ALADDIN.build/Objects-normal/arm64/DarkWebDataInputView.o -o /Users/sergejhlystov/Library/Developer/Xcode/DerivedData/ALADDIN-eahryzmutvtbyceygnlyjsmiiaha/Build/Intermediates.noindex/ALADDIN.build/Debug-iphonesimulator/ALADDIN.build/Objects-normal/arm64/PaymentHelpView.o -o /Users/sergejhlystov/Library/Developer/Xcode/DerivedData/ALADDIN-eahryzmutvtbyceygnlyjsmiiaha/Build/Intermediates.noindex/ALADDIN.build/Debug-iphonesimulator/ALADDIN.build/Objects-normal/arm64/StatItem.o -o /Users/sergejhlystov/Library/Developer/Xcode/DerivedData/ALADDIN-eahryzmutvtbyceygnlyjsmiiaha/Build/Intermediates.noindex/ALADDIN.build/Debug-iphonesimulator/ALADDIN.build/Objects-normal/arm64/FamilyMemberCard.o -o /Users/sergejhlystov/Library/Developer/Xcode/DerivedData/ALADDIN-eahryzmutvtbyceygnlyjsmiiaha/Build/Intermediates.noindex/ALADDIN.build/Debug-iphonesimulator/ALADDIN.build/Objects-normal/arm64/AddMoreMemberCard.o -o /Users/sergejhlystov/Library/Developer/Xcode/DerivedData/ALADDIN-eahryzmutvtbyceygnlyjsmiiaha/Build/Intermediates.noindex/ALADDIN.build/Debug-iphonesimulator/ALADDIN.build/Objects-normal/arm64/ChildRewardsSettingsModal.o -o /Users/sergejhlystov/Library/Developer/Xcode/DerivedData/ALADDIN-eahryzmutvtbyceygnlyjsmiiaha/Build/Intermediates.noindex/ALADDIN.build/Debug-iphonesimulator/ALADDIN.build/Objects-normal/arm64/APIModels.o -o /Users/sergejhlystov/Library/Developer/Xcode/DerivedData/ALADDIN-eahryzmutvtbyceygnlyjsmiiaha/Build/Intermediates.noindex/ALADDIN.build/Debug-iphonesimulator/ALADDIN.build/Objects-normal/arm64/NetworkProtectionManager.o -o /Users/sergejhlystov/Library/Developer/Xcode/DerivedData/ALADDIN-eahryzmutvtbyceygnlyjsmiiaha/Build/Intermediates.noindex/ALADDIN.build/Debug-iphonesimulator/ALADDIN.build/Objects-normal/arm64/UnicornPetView.o -o /Users/sergejhlystov/Library/Developer/Xcode/DerivedData/ALADDIN-eahryzmutvtbyceygnlyjsmiiaha/Build/Intermediates.noindex/ALADDIN.build/Debug-iphonesimulator/ALADDIN.build/Objects-normal/arm64/VisualLogger.o -o /Users/sergejhlystov/Library/Developer/Xcode/DerivedData/ALADDIN-eahryzmutvtbyceygnlyjsmiiaha/Build/Intermediates.noindex/ALADDIN.build/Debug-iphonesimulator/ALADDIN.build/Objects-normal/arm64/APIService.o -o /Users/sergejhlystov/Library/Developer/Xcode/DerivedData/ALADDIN-eahryzmutvtbyceygnlyjsmiiaha/Build/Intermediates.noindex/ALADDIN.build/Debug-iphonesimulator/ALADDIN.build/Objects-normal/arm64/QuarantineManager.o -o /Users/sergejhlystov/Library/Developer/Xcode/DerivedData/ALADDIN-eahryzmutvtbyceygnlyjsmiiaha/Build/Intermediates.noindex/ALADDIN.build/Debug-iphonesimulator/ALADDIN.build/Objects-normal/arm64/NetworkProtectionViewModel.o -o /Users/sergejhlystov/Library/Developer/Xcode/DerivedData/ALADDIN-eahryzmutvtbyceygnlyjsmiiaha/Build/Intermediates.noindex/ALADDIN.build/Debug-iphonesimulator/ALADDIN.build/Objects-normal/arm64/18_PrivacyPolicyScreen.o -o /Users/sergejhlystov/Library/Developer/Xcode/DerivedData/ALADDIN-eahryzmutvtbyceygnlyjsmiiaha/Build/Intermediates.noindex/ALADDIN.build/Debug-iphonesimulator/ALADDIN.build/Objects-normal/arm64/ComponentStatusService.o -o /Users/sergejhlystov/Library/Developer/Xcode/DerivedData/ALADDIN-eahryzmutvtbyceygnlyjsmiiaha/Build/Intermediates.noindex/ALADDIN.build/Debug-iphonesimulator/ALADDIN.build/Objects-normal/arm64/10_TariffsScreen.o -o /Users/sergejhlystov/Library/Developer/Xcode/DerivedData/ALADDIN-eahryzmutvtbyceygnlyjsmiiaha/Build/Intermediates.noindex/ALADDIN.build/Debug-iphonesimulator/ALADDIN.build/Objects-normal/arm64/IdentityTheftViewModel.o -o /Users/sergejhlystov/Library/Developer/Xcode/DerivedData/ALADDIN-eahryzmutvtbyceygnlyjsmiiaha/Build/Intermediates.noindex/ALADDIN.build/Debug-iphonesimulator/ALADDIN.build/Objects-normal/arm64/09_ElderlyInterfaceScreen.o -index-store-path /Users/sergejhlystov/Library/Developer/Xcode/DerivedData/ALADDIN-eahryzmutvtbyceygnlyjsmiiaha/Index/DataStore -index-system-modules
/Users/sergejhlystov/ALADDIN_NEW/ALADDIN_NEW/mobile_apps/ALADDIN_iOS/Shared/Components/Modals/DarkWebDataInputView.swift:283:11: warning: 'catch' block is unreachable because no errors are thrown in 'do' block
        } catch {
          ^
/Users/sergejhlystov/ALADDIN_NEW/ALADDIN_NEW/mobile_apps/ALADDIN_iOS/Core/Network/APIService.swift:3097:35: warning: immutable value 'response' was never used; consider replacing with '_' or removing it
                case .success(let response):
                              ~~~~^~~~~~~~
                              _
/Users/sergejhlystov/ALADDIN_NEW/ALADDIN_NEW/mobile_apps/ALADDIN_iOS/Core/Network/APIService.swift:2960:21: warning: immutable property will not be decoded because it is declared with an initial value which cannot be overwritten
                let fields: [String]? = ["componentId", "isEnabled", "lastUpdate", "uptime"] // Только нужные поля
/Users/sergejhlystov/ALADDIN_NEW/ALADDIN_NEW/mobile_apps/ALADDIN_iOS/Core/Network/APIService.swift:2960:21: note: set the initial value via the initializer or explicitly define a CodingKeys enum including a 'fields' case to silence this warning
                let fields: [String]? = ["componentId", "isEnabled", "lastUpdate", "uptime"] // Только нужные поля
/Users/sergejhlystov/ALADDIN_NEW/ALADDIN_NEW/mobile_apps/ALADDIN_iOS/Core/Network/APIService.swift:2960:21: note: make the property mutable instead
                let fields: [String]? = ["componentId", "isEnabled", "lastUpdate", "uptime"] // Только нужные поля
/Users/sergejhlystov/ALADDIN_NEW/ALADDIN_NEW/mobile_apps/ALADDIN_iOS/Core/Antivirus/QuarantineManager.swift:327:13: warning: 'CC_MD5' was deprecated in iOS 13.0: This function is cryptographically broken and should not be used in security contexts. Clients should migrate to SHA256 (or stronger).
            CC_MD5(bytes.baseAddress, CC_LONG(data.count), &digest)
            ^
/Users/sergejhlystov/ALADDIN_NEW/ALADDIN_NEW/mobile_apps/ALADDIN_iOS/Core/Antivirus/QuarantineManager.swift:326:14: warning: result of call to 'withUnsafeBytes' is unused
        data.withUnsafeBytes { bytes in
             ^               ~~~~~~~~~~

SwiftDriverJob-Compile normal arm64 Compiling\ 12_NotificationsScreen.swift,\ InputSanitizer.swift,\ VoiceMessageBubble.swift,\ ElderlyInterfaceViewModel.swift,\ AnalyticsViewModel.swift,\ CacheManager.swift,\ FamilyTournamentView.swift,\ SharedDataManager.swift,\ ProtectionFeature.swift,\ ProtectionLevelHistory.swift,\ ComponentReportsModels.swift,\ VoiceMessagePlayer.swift,\ ComponentAnalytics.swift,\ DarkWebScanExplanationView.swift,\ JWTErrorRecovery.swift,\ JWTEventLogger.swift,\ NotificationsViewModel.swift,\ APITestAnalyzer.swift,\ JWTCircuitBreaker.swift,\ 06_AIAssistantScreen.swift,\ AICategoriesModal.swift,\ MalwareDetectionSettingsModal.swift,\ RewardsQuickModal.swift /Users/sergejhlystov/ALADDIN_NEW/ALADDIN_NEW/mobile_apps/ALADDIN_iOS/Screens/12_NotificationsScreen.swift /Users/sergejhlystov/ALADDIN_NEW/ALADDIN_NEW/mobile_apps/ALADDIN_iOS/Core/Validation/InputSanitizer.swift /Users/sergejhlystov/ALADDIN_NEW/ALADDIN_NEW/mobile_apps/ALADDIN_iOS/Shared/Components/Chat/VoiceMessageBubble.swift /Users/sergejhlystov/ALADDIN_NEW/ALADDIN_NEW/mobile_apps/ALADDIN_iOS/ViewModels/ElderlyInterfaceViewModel.swift /Users/sergejhlystov/ALADDIN_NEW/ALADDIN_NEW/mobile_apps/ALADDIN_iOS/ViewModels/AnalyticsViewModel.swift /Users/sergejhlystov/ALADDIN_NEW/ALADDIN_NEW/mobile_apps/ALADDIN_iOS/Core/Cache/CacheManager.swift /Users/sergejhlystov/ALADDIN_NEW/ALADDIN_NEW/mobile_apps/ALADDIN_iOS/Screens/Views/FamilyTournamentView.swift /Users/sergejhlystov/ALADDIN_NEW/ALADDIN_NEW/mobile_apps/ALADDIN_iOS/ALADDINWidgets/SharedDataManager.swift /Users/sergejhlystov/ALADDIN_NEW/ALADDIN_NEW/mobile_apps/ALADDIN_iOS/Core/Models/ProtectionFeature.swift /Users/sergejhlystov/ALADDIN_NEW/ALADDIN_NEW/mobile_apps/ALADDIN_iOS/Core/Models/ProtectionLevelHistory.swift /Users/sergejhlystov/ALADDIN_NEW/ALADDIN_NEW/mobile_apps/ALADDIN_iOS/Core/Models/ComponentReportsModels.swift /Users/sergejhlystov/ALADDIN_NEW/ALADDIN_NEW/mobile_apps/ALADDIN_iOS/Core/Audio/VoiceMessagePlayer.swift /Users/sergejhlystov/ALADDIN_NEW/ALADDIN_NEW/mobile_apps/ALADDIN_iOS/Core/Analytics/ComponentAnalytics.swift /Users/sergejhlystov/ALADDIN_NEW/ALADDIN_NEW/mobile_apps/ALADDIN_iOS/Shared/Components/Modals/DarkWebScanExplanationView.swift /Users/sergejhlystov/ALADDIN_NEW/ALADDIN_NEW/mobile_apps/ALADDIN_iOS/Core/Managers/JWTErrorRecovery.swift /Users/sergejhlystov/ALADDIN_NEW/ALADDIN_NEW/mobile_apps/ALADDIN_iOS/Core/Logging/JWTEventLogger.swift /Users/sergejhlystov/ALADDIN_NEW/ALADDIN_NEW/mobile_apps/ALADDIN_iOS/ViewModels/NotificationsViewModel.swift /Users/sergejhlystov/ALADDIN_NEW/ALADDIN_NEW/mobile_apps/ALADDIN_iOS/Core/Utilities/APITestAnalyzer.swift /Users/sergejhlystov/ALADDIN_NEW/ALADDIN_NEW/mobile_apps/ALADDIN_iOS/Core/Managers/JWTCircuitBreaker.swift /Users/sergejhlystov/ALADDIN_NEW/ALADDIN_NEW/mobile_apps/ALADDIN_iOS/Screens/06_AIAssistantScreen.swift /Users/sergejhlystov/ALADDIN_NEW/ALADDIN_NEW/mobile_apps/ALADDIN_iOS/Shared/Components/Modals/AICategoriesModal.swift /Users/sergejhlystov/ALADDIN_NEW/ALADDIN_NEW/mobile_apps/ALADDIN_iOS/Shared/Components/Modals/MalwareDetectionSettingsModal.swift /Users/sergejhlystov/ALADDIN_NEW/ALADDIN_NEW/mobile_apps/ALADDIN_iOS/Components/Modals/RewardsQuickModal.swift (in target 'ALADDIN' from project 'ALADDIN')
    cd /Users/sergejhlystov/ALADDIN_NEW/ALADDIN_NEW/mobile_apps/ALADDIN_iOS
    export DEVELOPER_DIR\=/Applications/Xcode.app/Contents/Developer
    export SDKROOT\=/Applications/Xcode.app/Contents/Developer/Platforms/iPhoneSimulator.platform/Developer/SDKs/iPhoneSimulator15.2.sdk
    builtin-swiftDriverJobExecution -- /Applications/Xcode.app/Contents/Developer/Toolchains/XcodeDefault.xctoolchain/usr/bin/swift-frontend -frontend -c -filelist /Users/sergejhlystov/Library/Developer/Xcode/DerivedData/ALADDIN-eahryzmutvtbyceygnlyjsmiiaha/Build/Intermediates.noindex/ALADDIN.build/Debug-iphonesimulator/ALADDIN.build/Objects-normal/arm64/sources-1 -primary-file /Users/sergejhlystov/ALADDIN_NEW/ALADDIN_NEW/mobile_apps/ALADDIN_iOS/Screens/12_NotificationsScreen.swift -primary-file /Users/sergejhlystov/ALADDIN_NEW/ALADDIN_NEW/mobile_apps/ALADDIN_iOS/Core/Validation/InputSanitizer.swift -primary-file /Users/sergejhlystov/ALADDIN_NEW/ALADDIN_NEW/mobile_apps/ALADDIN_iOS/Shared/Components/Chat/VoiceMessageBubble.swift -primary-file /Users/sergejhlystov/ALADDIN_NEW/ALADDIN_NEW/mobile_apps/ALADDIN_iOS/ViewModels/ElderlyInterfaceViewModel.swift -primary-file /Users/sergejhlystov/ALADDIN_NEW/ALADDIN_NEW/mobile_apps/ALADDIN_iOS/ViewModels/AnalyticsViewModel.swift -primary-file /Users/sergejhlystov/ALADDIN_NEW/ALADDIN_NEW/mobile_apps/ALADDIN_iOS/Core/Cache/CacheManager.swift -primary-file /Users/sergejhlystov/ALADDIN_NEW/ALADDIN_NEW/mobile_apps/ALADDIN_iOS/Screens/Views/FamilyTournamentView.swift -primary-file /Users/sergejhlystov/ALADDIN_NEW/ALADDIN_NEW/mobile_apps/ALADDIN_iOS/ALADDINWidgets/SharedDataManager.swift -primary-file /Users/sergejhlystov/ALADDIN_NEW/ALADDIN_NEW/mobile_apps/ALADDIN_iOS/Core/Models/ProtectionFeature.swift -primary-file /Users/sergejhlystov/ALADDIN_NEW/ALADDIN_NEW/mobile_apps/ALADDIN_iOS/Core/Models/ProtectionLevelHistory.swift -primary-file /Users/sergejhlystov/ALADDIN_NEW/ALADDIN_NEW/mobile_apps/ALADDIN_iOS/Core/Models/ComponentReportsModels.swift -primary-file /Users/sergejhlystov/ALADDIN_NEW/ALADDIN_NEW/mobile_apps/ALADDIN_iOS/Core/Audio/VoiceMessagePlayer.swift -primary-file /Users/sergejhlystov/ALADDIN_NEW/ALADDIN_NEW/mobile_apps/ALADDIN_iOS/Core/Analytics/ComponentAnalytics.swift -primary-file /Users/sergejhlystov/ALADDIN_NEW/ALADDIN_NEW/mobile_apps/ALADDIN_iOS/Shared/Components/Modals/DarkWebScanExplanationView.swift -primary-file /Users/sergejhlystov/ALADDIN_NEW/ALADDIN_NEW/mobile_apps/ALADDIN_iOS/Core/Managers/JWTErrorRecovery.swift -primary-file /Users/sergejhlystov/ALADDIN_NEW/ALADDIN_NEW/mobile_apps/ALADDIN_iOS/Core/Logging/JWTEventLogger.swift -primary-file /Users/sergejhlystov/ALADDIN_NEW/ALADDIN_NEW/mobile_apps/ALADDIN_iOS/ViewModels/NotificationsViewModel.swift -primary-file /Users/sergejhlystov/ALADDIN_NEW/ALADDIN_NEW/mobile_apps/ALADDIN_iOS/Core/Utilities/APITestAnalyzer.swift -primary-file /Users/sergejhlystov/ALADDIN_NEW/ALADDIN_NEW/mobile_apps/ALADDIN_iOS/Core/Managers/JWTCircuitBreaker.swift -primary-file /Users/sergejhlystov/ALADDIN_NEW/ALADDIN_NEW/mobile_apps/ALADDIN_iOS/Screens/06_AIAssistantScreen.swift -primary-file /Users/sergejhlystov/ALADDIN_NEW/ALADDIN_NEW/mobile_apps/ALADDIN_iOS/Shared/Components/Modals/AICategoriesModal.swift -primary-file /Users/sergejhlystov/ALADDIN_NEW/ALADDIN_NEW/mobile_apps/ALADDIN_iOS/Shared/Components/Modals/MalwareDetectionSettingsModal.swift -primary-file /Users/sergejhlystov/ALADDIN_NEW/ALADDIN_NEW/mobile_apps/ALADDIN_iOS/Components/Modals/RewardsQuickModal.swift -supplementary-output-file-map /Users/sergejhlystov/Library/Developer/Xcode/DerivedData/ALADDIN-eahryzmutvtbyceygnlyjsmiiaha/Build/Intermediates.noindex/ALADDIN.build/Debug-iphonesimulator/ALADDIN.build/Objects-normal/arm64/supplementaryOutputs-5 -target arm64-apple-ios15.2-simulator -Xllvm -aarch64-use-tbi -enable-objc-interop -sdk /Applications/Xcode.app/Contents/Developer/Platforms/iPhoneSimulator.platform/Developer/SDKs/iPhoneSimulator15.2.sdk -I /Users/sergejhlystov/Library/Developer/Xcode/DerivedData/ALADDIN-eahryzmutvtbyceygnlyjsmiiaha/Build/Products/Debug-iphonesimulator -F /Users/sergejhlystov/Library/Developer/Xcode/DerivedData/ALADDIN-eahryzmutvtbyceygnlyjsmiiaha/Build/Products/Debug-iphonesimulator -no-color-diagnostics -enable-testing -g -module-cache-path /Users/sergejhlystov/Library/Developer/Xcode/DerivedData/ModuleCache.noindex -emit-localized-strings -emit-localized-strings-path /Users/sergejhlystov/Library/Developer/Xcode/DerivedData/ALADDIN-eahryzmutvtbyceygnlyjsmiiaha/Build/Intermediates.noindex/ALADDIN.build/Debug-iphonesimulator/ALADDIN.build/Objects-normal/arm64 -swift-version 5 -enforce-exclusivity\=checked -Onone -D DEBUG -serialize-debugging-options -Xcc -working-directory -Xcc /Users/sergejhlystov/ALADDIN_NEW/ALADDIN_NEW/mobile_apps/ALADDIN_iOS -resource-dir /Applications/Xcode.app/Contents/Developer/Toolchains/XcodeDefault.xctoolchain/usr/lib/swift -enable-anonymous-context-mangled-names -Xcc -I/Users/sergejhlystov/Library/Developer/Xcode/DerivedData/ALADDIN-eahryzmutvtbyceygnlyjsmiiaha/Build/Intermediates.noindex/ALADDIN.build/Debug-iphonesimulator/ALADDIN.build/swift-overrides.hmap -Xcc -iquote -Xcc /Users/sergejhlystov/Library/Developer/Xcode/DerivedData/ALADDIN-eahryzmutvtbyceygnlyjsmiiaha/Build/Intermediates.noindex/ALADDIN.build/Debug-iphonesimulator/ALADDIN.build/ALADDIN-generated-files.hmap -Xcc -I/Users/sergejhlystov/Library/Developer/Xcode/DerivedData/ALADDIN-eahryzmutvtbyceygnlyjsmiiaha/Build/Intermediates.noindex/ALADDIN.build/Debug-iphonesimulator/ALADDIN.build/ALADDIN-own-target-headers.hmap -Xcc -I/Users/sergejhlystov/Library/Developer/Xcode/DerivedData/ALADDIN-eahryzmutvtbyceygnlyjsmiiaha/Build/Intermediates.noindex/ALADDIN.build/Debug-iphonesimulator/ALADDIN.build/ALADDIN-all-target-headers.hmap -Xcc -iquote -Xcc /Users/sergejhlystov/Library/Developer/Xcode/DerivedData/ALADDIN-eahryzmutvtbyceygnlyjsmiiaha/Build/Intermediates.noindex/ALADDIN.build/Debug-iphonesimulator/ALADDIN.build/ALADDIN-project-headers.hmap -Xcc -I/Users/sergejhlystov/Library/Developer/Xcode/DerivedData/ALADDIN-eahryzmutvtbyceygnlyjsmiiaha/Build/Products/Debug-iphonesimulator/include -Xcc -I/Users/sergejhlystov/Library/Developer/Xcode/DerivedData/ALADDIN-eahryzmutvtbyceygnlyjsmiiaha/Build/Intermediates.noindex/ALADDIN.build/Debug-iphonesimulator/ALADDIN.build/DerivedSources-normal/arm64 -Xcc -I/Users/sergejhlystov/Library/Developer/Xcode/DerivedData/ALADDIN-eahryzmutvtbyceygnlyjsmiiaha/Build/Intermediates.noindex/ALADDIN.build/Debug-iphonesimulator/ALADDIN.build/DerivedSources/arm64 -Xcc -I/Users/sergejhlystov/Library/Developer/Xcode/DerivedData/ALADDIN-eahryzmutvtbyceygnlyjsmiiaha/Build/Intermediates.noindex/ALADDIN.build/Debug-iphonesimulator/ALADDIN.build/DerivedSources -Xcc -DDEBUG\=1 -module-name ALADDIN -target-sdk-version 15.2.0 -o /Users/sergejhlystov/Library/Developer/Xcode/DerivedData/ALADDIN-eahryzmutvtbyceygnlyjsmiiaha/Build/Intermediates.noindex/ALADDIN.build/Debug-iphonesimulator/ALADDIN.build/Objects-normal/arm64/12_NotificationsScreen.o -o /Users/sergejhlystov/Library/Developer/Xcode/DerivedData/ALADDIN-eahryzmutvtbyceygnlyjsmiiaha/Build/Intermediates.noindex/ALADDIN.build/Debug-iphonesimulator/ALADDIN.build/Objects-normal/arm64/InputSanitizer.o -o /Users/sergejhlystov/Library/Developer/Xcode/DerivedData/ALADDIN-eahryzmutvtbyceygnlyjsmiiaha/Build/Intermediates.noindex/ALADDIN.build/Debug-iphonesimulator/ALADDIN.build/Objects-normal/arm64/VoiceMessageBubble.o -o /Users/sergejhlystov/Library/Developer/Xcode/DerivedData/ALADDIN-eahryzmutvtbyceygnlyjsmiiaha/Build/Intermediates.noindex/ALADDIN.build/Debug-iphonesimulator/ALADDIN.build/Objects-normal/arm64/ElderlyInterfaceViewModel.o -o /Users/sergejhlystov/Library/Developer/Xcode/DerivedData/ALADDIN-eahryzmutvtbyceygnlyjsmiiaha/Build/Intermediates.noindex/ALADDIN.build/Debug-iphonesimulator/ALADDIN.build/Objects-normal/arm64/AnalyticsViewModel.o -o /Users/sergejhlystov/Library/Developer/Xcode/DerivedData/ALADDIN-eahryzmutvtbyceygnlyjsmiiaha/Build/Intermediates.noindex/ALADDIN.build/Debug-iphonesimulator/ALADDIN.build/Objects-normal/arm64/CacheManager.o -o /Users/sergejhlystov/Library/Developer/Xcode/DerivedData/ALADDIN-eahryzmutvtbyceygnlyjsmiiaha/Build/Intermediates.noindex/ALADDIN.build/Debug-iphonesimulator/ALADDIN.build/Objects-normal/arm64/FamilyTournamentView.o -o /Users/sergejhlystov/Library/Developer/Xcode/DerivedData/ALADDIN-eahryzmutvtbyceygnlyjsmiiaha/Build/Intermediates.noindex/ALADDIN.build/Debug-iphonesimulator/ALADDIN.build/Objects-normal/arm64/SharedDataManager.o -o /Users/sergejhlystov/Library/Developer/Xcode/DerivedData/ALADDIN-eahryzmutvtbyceygnlyjsmiiaha/Build/Intermediates.noindex/ALADDIN.build/Debug-iphonesimulator/ALADDIN.build/Objects-normal/arm64/ProtectionFeature.o -o /Users/sergejhlystov/Library/Developer/Xcode/DerivedData/ALADDIN-eahryzmutvtbyceygnlyjsmiiaha/Build/Intermediates.noindex/ALADDIN.build/Debug-iphonesimulator/ALADDIN.build/Objects-normal/arm64/ProtectionLevelHistory.o -o /Users/sergejhlystov/Library/Developer/Xcode/DerivedData/ALADDIN-eahryzmutvtbyceygnlyjsmiiaha/Build/Intermediates.noindex/ALADDIN.build/Debug-iphonesimulator/ALADDIN.build/Objects-normal/arm64/ComponentReportsModels.o -o /Users/sergejhlystov/Library/Developer/Xcode/DerivedData/ALADDIN-eahryzmutvtbyceygnlyjsmiiaha/Build/Intermediates.noindex/ALADDIN.build/Debug-iphonesimulator/ALADDIN.build/Objects-normal/arm64/VoiceMessagePlayer.o -o /Users/sergejhlystov/Library/Developer/Xcode/DerivedData/ALADDIN-eahryzmutvtbyceygnlyjsmiiaha/Build/Intermediates.noindex/ALADDIN.build/Debug-iphonesimulator/ALADDIN.build/Objects-normal/arm64/ComponentAnalytics.o -o /Users/sergejhlystov/Library/Developer/Xcode/DerivedData/ALADDIN-eahryzmutvtbyceygnlyjsmiiaha/Build/Intermediates.noindex/ALADDIN.build/Debug-iphonesimulator/ALADDIN.build/Objects-normal/arm64/DarkWebScanExplanationView.o -o /Users/sergejhlystov/Library/Developer/Xcode/DerivedData/ALADDIN-eahryzmutvtbyceygnlyjsmiiaha/Build/Intermediates.noindex/ALADDIN.build/Debug-iphonesimulator/ALADDIN.build/Objects-normal/arm64/JWTErrorRecovery.o -o /Users/sergejhlystov/Library/Developer/Xcode/DerivedData/ALADDIN-eahryzmutvtbyceygnlyjsmiiaha/Build/Intermediates.noindex/ALADDIN.build/Debug-iphonesimulator/ALADDIN.build/Objects-normal/arm64/JWTEventLogger.o -o /Users/sergejhlystov/Library/Developer/Xcode/DerivedData/ALADDIN-eahryzmutvtbyceygnlyjsmiiaha/Build/Intermediates.noindex/ALADDIN.build/Debug-iphonesimulator/ALADDIN.build/Objects-normal/arm64/NotificationsViewModel.o -o /Users/sergejhlystov/Library/Developer/Xcode/DerivedData/ALADDIN-eahryzmutvtbyceygnlyjsmiiaha/Build/Intermediates.noindex/ALADDIN.build/Debug-iphonesimulator/ALADDIN.build/Objects-normal/arm64/APITestAnalyzer.o -o /Users/sergejhlystov/Library/Developer/Xcode/DerivedData/ALADDIN-eahryzmutvtbyceygnlyjsmiiaha/Build/Intermediates.noindex/ALADDIN.build/Debug-iphonesimulator/ALADDIN.build/Objects-normal/arm64/JWTCircuitBreaker.o -o /Users/sergejhlystov/Library/Developer/Xcode/DerivedData/ALADDIN-eahryzmutvtbyceygnlyjsmiiaha/Build/Intermediates.noindex/ALADDIN.build/Debug-iphonesimulator/ALADDIN.build/Objects-normal/arm64/06_AIAssistantScreen.o -o /Users/sergejhlystov/Library/Developer/Xcode/DerivedData/ALADDIN-eahryzmutvtbyceygnlyjsmiiaha/Build/Intermediates.noindex/ALADDIN.build/Debug-iphonesimulator/ALADDIN.build/Objects-normal/arm64/AICategoriesModal.o -o /Users/sergejhlystov/Library/Developer/Xcode/DerivedData/ALADDIN-eahryzmutvtbyceygnlyjsmiiaha/Build/Intermediates.noindex/ALADDIN.build/Debug-iphonesimulator/ALADDIN.build/Objects-normal/arm64/MalwareDetectionSettingsModal.o -o /Users/sergejhlystov/Library/Developer/Xcode/DerivedData/ALADDIN-eahryzmutvtbyceygnlyjsmiiaha/Build/Intermediates.noindex/ALADDIN.build/Debug-iphonesimulator/ALADDIN.build/Objects-normal/arm64/RewardsQuickModal.o -index-store-path /Users/sergejhlystov/Library/Developer/Xcode/DerivedData/ALADDIN-eahryzmutvtbyceygnlyjsmiiaha/Index/DataStore -index-system-modules
/Users/sergejhlystov/ALADDIN_NEW/ALADDIN_NEW/mobile_apps/ALADDIN_iOS/ViewModels/AnalyticsViewModel.swift:94:24: warning: value 'token' was defined but never used; consider replacing with boolean test
                if let token = await TokenManager.shared.waitForTokenLoad(maxWaitTime: 0.5) {
                   ~~~~^~~~~~~~
                   (                                                                       ) != nil
/Users/sergejhlystov/ALADDIN_NEW/ALADDIN_NEW/mobile_apps/ALADDIN_iOS/Core/Managers/JWTErrorRecovery.swift:236:50: warning: result of call to 'registerDeviceAnonymously()' is unused
            try await SubscriptionManager.shared.registerDeviceAnonymously()
                                                 ^                        ~~
/Users/sergejhlystov/ALADDIN_NEW/ALADDIN_NEW/mobile_apps/ALADDIN_iOS/Core/Managers/JWTErrorRecovery.swift:303:50: warning: result of call to 'registerDeviceAnonymously()' is unused
            try await SubscriptionManager.shared.registerDeviceAnonymously()
                                                 ^                        ~~

SwiftDriverJob-Compile normal arm64 Compiling\ DrivingReportsViewModel.swift,\ LogSanitizer.swift,\ 08_ChildInterfaceScreen.swift,\ ContentView.swift,\ AppDelegate.swift,\ UserSelectorView.swift,\ VoiceControlView.swift,\ AgeGroupSelectionModal.swift,\ ActivationCodeViewModel.swift,\ SubscriptionMonitor.swift,\ MobileSecuritySettingsModal.swift,\ IdentityTheftModal.swift,\ PrivacyReportsViewModel.swift,\ TariffCardView.swift,\ ALADDINApp.swift,\ ContentBlockerManager.swift,\ PrivacyReportsModal.swift,\ FunctionStatus.swift,\ 26_ActivationCodeScreen.swift,\ MainViewModel.swift,\ TariffCardSections.swift,\ PositioningSystemPickerView.swift,\ FamilyContentBlockModal.swift,\ NetworkSecuritySettingsModal.swift /Users/sergejhlystov/ALADDIN_NEW/ALADDIN_NEW/mobile_apps/ALADDIN_iOS/ViewModels/DrivingReportsViewModel.swift /Users/sergejhlystov/ALADDIN_NEW/ALADDIN_NEW/mobile_apps/ALADDIN_iOS/Core/Utilities/LogSanitizer.swift /Users/sergejhlystov/ALADDIN_NEW/ALADDIN_NEW/mobile_apps/ALADDIN_iOS/Screens/08_ChildInterfaceScreen.swift /Users/sergejhlystov/ALADDIN_NEW/ALADDIN_NEW/mobile_apps/ALADDIN_iOS/ContentView.swift /Users/sergejhlystov/ALADDIN_NEW/ALADDIN_NEW/mobile_apps/ALADDIN_iOS/AppDelegate.swift /Users/sergejhlystov/ALADDIN_NEW/ALADDIN_NEW/mobile_apps/ALADDIN_iOS/Shared/Components/UserSelectorView.swift /Users/sergejhlystov/ALADDIN_NEW/ALADDIN_NEW/mobile_apps/ALADDIN_iOS/Screens/Views/VoiceControlView.swift /Users/sergejhlystov/ALADDIN_NEW/ALADDIN_NEW/mobile_apps/ALADDIN_iOS/Components/Modals/AgeGroupSelectionModal.swift /Users/sergejhlystov/ALADDIN_NEW/ALADDIN_NEW/mobile_apps/ALADDIN_iOS/ViewModels/ActivationCodeViewModel.swift /Users/sergejhlystov/ALADDIN_NEW/ALADDIN_NEW/mobile_apps/ALADDIN_iOS/Core/Services/SubscriptionMonitor.swift /Users/sergejhlystov/ALADDIN_NEW/ALADDIN_NEW/mobile_apps/ALADDIN_iOS/Shared/Components/Modals/MobileSecuritySettingsModal.swift /Users/sergejhlystov/ALADDIN_NEW/ALADDIN_NEW/mobile_apps/ALADDIN_iOS/Shared/Components/Modals/IdentityTheftModal.swift /Users/sergejhlystov/ALADDIN_NEW/ALADDIN_NEW/mobile_apps/ALADDIN_iOS/ViewModels/PrivacyReportsViewModel.swift /Users/sergejhlystov/ALADDIN_NEW/ALADDIN_NEW/mobile_apps/ALADDIN_iOS/Components/TariffCardView.swift /Users/sergejhlystov/ALADDIN_NEW/ALADDIN_NEW/mobile_apps/ALADDIN_iOS/ALADDINApp.swift /Users/sergejhlystov/ALADDIN_NEW/ALADDIN_NEW/mobile_apps/ALADDIN_iOS/Core/ContentBlocker/ContentBlockerManager.swift /Users/sergejhlystov/ALADDIN_NEW/ALADDIN_NEW/mobile_apps/ALADDIN_iOS/Shared/Components/Modals/PrivacyReportsModal.swift /Users/sergejhlystov/ALADDIN_NEW/ALADDIN_NEW/mobile_apps/ALADDIN_iOS/Shared/Models/FunctionStatus.swift /Users/sergejhlystov/ALADDIN_NEW/ALADDIN_NEW/mobile_apps/ALADDIN_iOS/Screens/26_ActivationCodeScreen.swift /Users/sergejhlystov/ALADDIN_NEW/ALADDIN_NEW/mobile_apps/ALADDIN_iOS/ViewModels/MainViewModel.swift /Users/sergejhlystov/ALADDIN_NEW/ALADDIN_NEW/mobile_apps/ALADDIN_iOS/Components/TariffCardSections.swift /Users/sergejhlystov/ALADDIN_NEW/ALADDIN_NEW/mobile_apps/ALADDIN_iOS/Shared/Components/PositioningSystemPickerView.swift /Users/sergejhlystov/ALADDIN_NEW/ALADDIN_NEW/mobile_apps/ALADDIN_iOS/Components/Modals/FamilyContentBlockModal.swift /Users/sergejhlystov/ALADDIN_NEW/ALADDIN_NEW/mobile_apps/ALADDIN_iOS/Shared/Components/Modals/NetworkSecuritySettingsModal.swift (in target 'ALADDIN' from project 'ALADDIN')
    cd /Users/sergejhlystov/ALADDIN_NEW/ALADDIN_NEW/mobile_apps/ALADDIN_iOS
    export DEVELOPER_DIR\=/Applications/Xcode.app/Contents/Developer
    export SDKROOT\=/Applications/Xcode.app/Contents/Developer/Platforms/iPhoneSimulator.platform/Developer/SDKs/iPhoneSimulator15.2.sdk
    builtin-swiftDriverJobExecution -- /Applications/Xcode.app/Contents/Developer/Toolchains/XcodeDefault.xctoolchain/usr/bin/swift-frontend -frontend -c -filelist /Users/sergejhlystov/Library/Developer/Xcode/DerivedData/ALADDIN-eahryzmutvtbyceygnlyjsmiiaha/Build/Intermediates.noindex/ALADDIN.build/Debug-iphonesimulator/ALADDIN.build/Objects-normal/arm64/sources-1 -primary-file /Users/sergejhlystov/ALADDIN_NEW/ALADDIN_NEW/mobile_apps/ALADDIN_iOS/ViewModels/DrivingReportsViewModel.swift -primary-file /Users/sergejhlystov/ALADDIN_NEW/ALADDIN_NEW/mobile_apps/ALADDIN_iOS/Core/Utilities/LogSanitizer.swift -primary-file /Users/sergejhlystov/ALADDIN_NEW/ALADDIN_NEW/mobile_apps/ALADDIN_iOS/Screens/08_ChildInterfaceScreen.swift -primary-file /Users/sergejhlystov/ALADDIN_NEW/ALADDIN_NEW/mobile_apps/ALADDIN_iOS/ContentView.swift -primary-file /Users/sergejhlystov/ALADDIN_NEW/ALADDIN_NEW/mobile_apps/ALADDIN_iOS/AppDelegate.swift -primary-file /Users/sergejhlystov/ALADDIN_NEW/ALADDIN_NEW/mobile_apps/ALADDIN_iOS/Shared/Components/UserSelectorView.swift -primary-file /Users/sergejhlystov/ALADDIN_NEW/ALADDIN_NEW/mobile_apps/ALADDIN_iOS/Screens/Views/VoiceControlView.swift -primary-file /Users/sergejhlystov/ALADDIN_NEW/ALADDIN_NEW/mobile_apps/ALADDIN_iOS/Components/Modals/AgeGroupSelectionModal.swift -primary-file /Users/sergejhlystov/ALADDIN_NEW/ALADDIN_NEW/mobile_apps/ALADDIN_iOS/ViewModels/ActivationCodeViewModel.swift -primary-file /Users/sergejhlystov/ALADDIN_NEW/ALADDIN_NEW/mobile_apps/ALADDIN_iOS/Core/Services/SubscriptionMonitor.swift -primary-file /Users/sergejhlystov/ALADDIN_NEW/ALADDIN_NEW/mobile_apps/ALADDIN_iOS/Shared/Components/Modals/MobileSecuritySettingsModal.swift -primary-file /Users/sergejhlystov/ALADDIN_NEW/ALADDIN_NEW/mobile_apps/ALADDIN_iOS/Shared/Components/Modals/IdentityTheftModal.swift -primary-file /Users/sergejhlystov/ALADDIN_NEW/ALADDIN_NEW/mobile_apps/ALADDIN_iOS/ViewModels/PrivacyReportsViewModel.swift -primary-file /Users/sergejhlystov/ALADDIN_NEW/ALADDIN_NEW/mobile_apps/ALADDIN_iOS/Components/TariffCardView.swift -primary-file /Users/sergejhlystov/ALADDIN_NEW/ALADDIN_NEW/mobile_apps/ALADDIN_iOS/ALADDINApp.swift -primary-file /Users/sergejhlystov/ALADDIN_NEW/ALADDIN_NEW/mobile_apps/ALADDIN_iOS/Core/ContentBlocker/ContentBlockerManager.swift -primary-file /Users/sergejhlystov/ALADDIN_NEW/ALADDIN_NEW/mobile_apps/ALADDIN_iOS/Shared/Components/Modals/PrivacyReportsModal.swift -primary-file /Users/sergejhlystov/ALADDIN_NEW/ALADDIN_NEW/mobile_apps/ALADDIN_iOS/Shared/Models/FunctionStatus.swift -primary-file /Users/sergejhlystov/ALADDIN_NEW/ALADDIN_NEW/mobile_apps/ALADDIN_iOS/Screens/26_ActivationCodeScreen.swift -primary-file /Users/sergejhlystov/ALADDIN_NEW/ALADDIN_NEW/mobile_apps/ALADDIN_iOS/ViewModels/MainViewModel.swift -primary-file /Users/sergejhlystov/ALADDIN_NEW/ALADDIN_NEW/mobile_apps/ALADDIN_iOS/Components/TariffCardSections.swift -primary-file /Users/sergejhlystov/ALADDIN_NEW/ALADDIN_NEW/mobile_apps/ALADDIN_iOS/Shared/Components/PositioningSystemPickerView.swift -primary-file /Users/sergejhlystov/ALADDIN_NEW/ALADDIN_NEW/mobile_apps/ALADDIN_iOS/Components/Modals/FamilyContentBlockModal.swift -primary-file /Users/sergejhlystov/ALADDIN_NEW/ALADDIN_NEW/mobile_apps/ALADDIN_iOS/Shared/Components/Modals/NetworkSecuritySettingsModal.swift -supplementary-output-file-map /Users/sergejhlystov/Library/Developer/Xcode/DerivedData/ALADDIN-eahryzmutvtbyceygnlyjsmiiaha/Build/Intermediates.noindex/ALADDIN.build/Debug-iphonesimulator/ALADDIN.build/Objects-normal/arm64/supplementaryOutputs-1 -target arm64-apple-ios15.2-simulator -Xllvm -aarch64-use-tbi -enable-objc-interop -sdk /Applications/Xcode.app/Contents/Developer/Platforms/iPhoneSimulator.platform/Developer/SDKs/iPhoneSimulator15.2.sdk -I /Users/sergejhlystov/Library/Developer/Xcode/DerivedData/ALADDIN-eahryzmutvtbyceygnlyjsmiiaha/Build/Products/Debug-iphonesimulator -F /Users/sergejhlystov/Library/Developer/Xcode/DerivedData/ALADDIN-eahryzmutvtbyceygnlyjsmiiaha/Build/Products/Debug-iphonesimulator -no-color-diagnostics -enable-testing -g -module-cache-path /Users/sergejhlystov/Library/Developer/Xcode/DerivedData/ModuleCache.noindex -emit-localized-strings -emit-localized-strings-path /Users/sergejhlystov/Library/Developer/Xcode/DerivedData/ALADDIN-eahryzmutvtbyceygnlyjsmiiaha/Build/Intermediates.noindex/ALADDIN.build/Debug-iphonesimulator/ALADDIN.build/Objects-normal/arm64 -swift-version 5 -enforce-exclusivity\=checked -Onone -D DEBUG -serialize-debugging-options -Xcc -working-directory -Xcc /Users/sergejhlystov/ALADDIN_NEW/ALADDIN_NEW/mobile_apps/ALADDIN_iOS -resource-dir /Applications/Xcode.app/Contents/Developer/Toolchains/XcodeDefault.xctoolchain/usr/lib/swift -enable-anonymous-context-mangled-names -Xcc -I/Users/sergejhlystov/Library/Developer/Xcode/DerivedData/ALADDIN-eahryzmutvtbyceygnlyjsmiiaha/Build/Intermediates.noindex/ALADDIN.build/Debug-iphonesimulator/ALADDIN.build/swift-overrides.hmap -Xcc -iquote -Xcc /Users/sergejhlystov/Library/Developer/Xcode/DerivedData/ALADDIN-eahryzmutvtbyceygnlyjsmiiaha/Build/Intermediates.noindex/ALADDIN.build/Debug-iphonesimulator/ALADDIN.build/ALADDIN-generated-files.hmap -Xcc -I/Users/sergejhlystov/Library/Developer/Xcode/DerivedData/ALADDIN-eahryzmutvtbyceygnlyjsmiiaha/Build/Intermediates.noindex/ALADDIN.build/Debug-iphonesimulator/ALADDIN.build/ALADDIN-own-target-headers.hmap -Xcc -I/Users/sergejhlystov/Library/Developer/Xcode/DerivedData/ALADDIN-eahryzmutvtbyceygnlyjsmiiaha/Build/Intermediates.noindex/ALADDIN.build/Debug-iphonesimulator/ALADDIN.build/ALADDIN-all-target-headers.hmap -Xcc -iquote -Xcc /Users/sergejhlystov/Library/Developer/Xcode/DerivedData/ALADDIN-eahryzmutvtbyceygnlyjsmiiaha/Build/Intermediates.noindex/ALADDIN.build/Debug-iphonesimulator/ALADDIN.build/ALADDIN-project-headers.hmap -Xcc -I/Users/sergejhlystov/Library/Developer/Xcode/DerivedData/ALADDIN-eahryzmutvtbyceygnlyjsmiiaha/Build/Products/Debug-iphonesimulator/include -Xcc -I/Users/sergejhlystov/Library/Developer/Xcode/DerivedData/ALADDIN-eahryzmutvtbyceygnlyjsmiiaha/Build/Intermediates.noindex/ALADDIN.build/Debug-iphonesimulator/ALADDIN.build/DerivedSources-normal/arm64 -Xcc -I/Users/sergejhlystov/Library/Developer/Xcode/DerivedData/ALADDIN-eahryzmutvtbyceygnlyjsmiiaha/Build/Intermediates.noindex/ALADDIN.build/Debug-iphonesimulator/ALADDIN.build/DerivedSources/arm64 -Xcc -I/Users/sergejhlystov/Library/Developer/Xcode/DerivedData/ALADDIN-eahryzmutvtbyceygnlyjsmiiaha/Build/Intermediates.noindex/ALADDIN.build/Debug-iphonesimulator/ALADDIN.build/DerivedSources -Xcc -DDEBUG\=1 -module-name ALADDIN -target-sdk-version 15.2.0 -o /Users/sergejhlystov/Library/Developer/Xcode/DerivedData/ALADDIN-eahryzmutvtbyceygnlyjsmiiaha/Build/Intermediates.noindex/ALADDIN.build/Debug-iphonesimulator/ALADDIN.build/Objects-normal/arm64/DrivingReportsViewModel.o -o /Users/sergejhlystov/Library/Developer/Xcode/DerivedData/ALADDIN-eahryzmutvtbyceygnlyjsmiiaha/Build/Intermediates.noindex/ALADDIN.build/Debug-iphonesimulator/ALADDIN.build/Objects-normal/arm64/LogSanitizer.o -o /Users/sergejhlystov/Library/Developer/Xcode/DerivedData/ALADDIN-eahryzmutvtbyceygnlyjsmiiaha/Build/Intermediates.noindex/ALADDIN.build/Debug-iphonesimulator/ALADDIN.build/Objects-normal/arm64/08_ChildInterfaceScreen.o -o /Users/sergejhlystov/Library/Developer/Xcode/DerivedData/ALADDIN-eahryzmutvtbyceygnlyjsmiiaha/Build/Intermediates.noindex/ALADDIN.build/Debug-iphonesimulator/ALADDIN.build/Objects-normal/arm64/ContentView.o -o /Users/sergejhlystov/Library/Developer/Xcode/DerivedData/ALADDIN-eahryzmutvtbyceygnlyjsmiiaha/Build/Intermediates.noindex/ALADDIN.build/Debug-iphonesimulator/ALADDIN.build/Objects-normal/arm64/AppDelegate.o -o /Users/sergejhlystov/Library/Developer/Xcode/DerivedData/ALADDIN-eahryzmutvtbyceygnlyjsmiiaha/Build/Intermediates.noindex/ALADDIN.build/Debug-iphonesimulator/ALADDIN.build/Objects-normal/arm64/UserSelectorView.o -o /Users/sergejhlystov/Library/Developer/Xcode/DerivedData/ALADDIN-eahryzmutvtbyceygnlyjsmiiaha/Build/Intermediates.noindex/ALADDIN.build/Debug-iphonesimulator/ALADDIN.build/Objects-normal/arm64/VoiceControlView.o -o /Users/sergejhlystov/Library/Developer/Xcode/DerivedData/ALADDIN-eahryzmutvtbyceygnlyjsmiiaha/Build/Intermediates.noindex/ALADDIN.build/Debug-iphonesimulator/ALADDIN.build/Objects-normal/arm64/AgeGroupSelectionModal.o -o /Users/sergejhlystov/Library/Developer/Xcode/DerivedData/ALADDIN-eahryzmutvtbyceygnlyjsmiiaha/Build/Intermediates.noindex/ALADDIN.build/Debug-iphonesimulator/ALADDIN.build/Objects-normal/arm64/ActivationCodeViewModel.o -o /Users/sergejhlystov/Library/Developer/Xcode/DerivedData/ALADDIN-eahryzmutvtbyceygnlyjsmiiaha/Build/Intermediates.noindex/ALADDIN.build/Debug-iphonesimulator/ALADDIN.build/Objects-normal/arm64/SubscriptionMonitor.o -o /Users/sergejhlystov/Library/Developer/Xcode/DerivedData/ALADDIN-eahryzmutvtbyceygnlyjsmiiaha/Build/Intermediates.noindex/ALADDIN.build/Debug-iphonesimulator/ALADDIN.build/Objects-normal/arm64/MobileSecuritySettingsModal.o -o /Users/sergejhlystov/Library/Developer/Xcode/DerivedData/ALADDIN-eahryzmutvtbyceygnlyjsmiiaha/Build/Intermediates.noindex/ALADDIN.build/Debug-iphonesimulator/ALADDIN.build/Objects-normal/arm64/IdentityTheftModal.o -o /Users/sergejhlystov/Library/Developer/Xcode/DerivedData/ALADDIN-eahryzmutvtbyceygnlyjsmiiaha/Build/Intermediates.noindex/ALADDIN.build/Debug-iphonesimulator/ALADDIN.build/Objects-normal/arm64/PrivacyReportsViewModel.o -o /Users/sergejhlystov/Library/Developer/Xcode/DerivedData/ALADDIN-eahryzmutvtbyceygnlyjsmiiaha/Build/Intermediates.noindex/ALADDIN.build/Debug-iphonesimulator/ALADDIN.build/Objects-normal/arm64/TariffCardView.o -o /Users/sergejhlystov/Library/Developer/Xcode/DerivedData/ALADDIN-eahryzmutvtbyceygnlyjsmiiaha/Build/Intermediates.noindex/ALADDIN.build/Debug-iphonesimulator/ALADDIN.build/Objects-normal/arm64/ALADDINApp.o -o /Users/sergejhlystov/Library/Developer/Xcode/DerivedData/ALADDIN-eahryzmutvtbyceygnlyjsmiiaha/Build/Intermediates.noindex/ALADDIN.build/Debug-iphonesimulator/ALADDIN.build/Objects-normal/arm64/ContentBlockerManager.o -o /Users/sergejhlystov/Library/Developer/Xcode/DerivedData/ALADDIN-eahryzmutvtbyceygnlyjsmiiaha/Build/Intermediates.noindex/ALADDIN.build/Debug-iphonesimulator/ALADDIN.build/Objects-normal/arm64/PrivacyReportsModal.o -o /Users/sergejhlystov/Library/Developer/Xcode/DerivedData/ALADDIN-eahryzmutvtbyceygnlyjsmiiaha/Build/Intermediates.noindex/ALADDIN.build/Debug-iphonesimulator/ALADDIN.build/Objects-normal/arm64/FunctionStatus.o -o /Users/sergejhlystov/Library/Developer/Xcode/DerivedData/ALADDIN-eahryzmutvtbyceygnlyjsmiiaha/Build/Intermediates.noindex/ALADDIN.build/Debug-iphonesimulator/ALADDIN.build/Objects-normal/arm64/26_ActivationCodeScreen.o -o /Users/sergejhlystov/Library/Developer/Xcode/DerivedData/ALADDIN-eahryzmutvtbyceygnlyjsmiiaha/Build/Intermediates.noindex/ALADDIN.build/Debug-iphonesimulator/ALADDIN.build/Objects-normal/arm64/MainViewModel.o -o /Users/sergejhlystov/Library/Developer/Xcode/DerivedData/ALADDIN-eahryzmutvtbyceygnlyjsmiiaha/Build/Intermediates.noindex/ALADDIN.build/Debug-iphonesimulator/ALADDIN.build/Objects-normal/arm64/TariffCardSections.o -o /Users/sergejhlystov/Library/Developer/Xcode/DerivedData/ALADDIN-eahryzmutvtbyceygnlyjsmiiaha/Build/Intermediates.noindex/ALADDIN.build/Debug-iphonesimulator/ALADDIN.build/Objects-normal/arm64/PositioningSystemPickerView.o -o /Users/sergejhlystov/Library/Developer/Xcode/DerivedData/ALADDIN-eahryzmutvtbyceygnlyjsmiiaha/Build/Intermediates.noindex/ALADDIN.build/Debug-iphonesimulator/ALADDIN.build/Objects-normal/arm64/FamilyContentBlockModal.o -o /Users/sergejhlystov/Library/Developer/Xcode/DerivedData/ALADDIN-eahryzmutvtbyceygnlyjsmiiaha/Build/Intermediates.noindex/ALADDIN.build/Debug-iphonesimulator/ALADDIN.build/Objects-normal/arm64/NetworkSecuritySettingsModal.o -index-store-path /Users/sergejhlystov/Library/Developer/Xcode/DerivedData/ALADDIN-eahryzmutvtbyceygnlyjsmiiaha/Index/DataStore -index-system-modules
/Users/sergejhlystov/ALADDIN_NEW/ALADDIN_NEW/mobile_apps/ALADDIN_iOS/ViewModels/DrivingReportsViewModel.swift:60:24: warning: value 'token' was defined but never used; consider replacing with boolean test
                if let token = await TokenManager.shared.waitForTokenLoad(maxWaitTime: 0.5) {
                   ~~~~^~~~~~~~
                   (                                                                       ) != nil
/Users/sergejhlystov/ALADDIN_NEW/ALADDIN_NEW/mobile_apps/ALADDIN_iOS/Core/Services/SubscriptionMonitor.swift:175:11: warning: 'catch' block is unreachable because no errors are thrown in 'do' block
        } catch {
          ^
/Users/sergejhlystov/ALADDIN_NEW/ALADDIN_NEW/mobile_apps/ALADDIN_iOS/ALADDINApp.swift:303:21: warning: initialization of immutable value 'loginPassword' was never used; consider replacing with assignment to '_' or removing it
                let loginPassword = password ?? savedPassword!
                ~~~~^~~~~~~~~~~~~
                _

SwiftDriverJob-Compile normal arm64 Compiling\ 14_OnboardingScreen.swift,\ FamilyCreatedModal.swift,\ LocationManager.swift,\ CrashDetectionManager.swift,\ CrashDetectionAlertModal.swift,\ PaymentQRViewModel.swift,\ MediaMessageBubble.swift,\ NavigationManager.swift,\ AccessibilityManager.swift,\ URLHelper.swift,\ StoreManager.swift,\ WheelOfFortuneView.swift,\ UnicornUniverseView.swift,\ DateFormatterService.swift,\ YoungDefenderView.swift,\ LocalizationManager.swift,\ 13_SupportScreen.swift,\ VoiceMessageRecorder.swift,\ AnalyticsManager.swift,\ 07_ParentalControlScreen.swift,\ 05_SettingsScreen.swift,\ ALADDINTextField.swift,\ ChatSearchBar.swift /Users/sergejhlystov/ALADDIN_NEW/ALADDIN_NEW/mobile_apps/ALADDIN_iOS/Screens/14_OnboardingScreen.swift /Users/sergejhlystov/ALADDIN_NEW/ALADDIN_NEW/mobile_apps/ALADDIN_iOS/Components/Modals/FamilyCreatedModal.swift /Users/sergejhlystov/ALADDIN_NEW/ALADDIN_NEW/mobile_apps/ALADDIN_iOS/Core/Managers/LocationManager.swift /Users/sergejhlystov/ALADDIN_NEW/ALADDIN_NEW/mobile_apps/ALADDIN_iOS/Core/Managers/CrashDetectionManager.swift /Users/sergejhlystov/ALADDIN_NEW/ALADDIN_NEW/mobile_apps/ALADDIN_iOS/Shared/Components/Modals/CrashDetectionAlertModal.swift /Users/sergejhlystov/ALADDIN_NEW/ALADDIN_NEW/mobile_apps/ALADDIN_iOS/ViewModels/PaymentQRViewModel.swift /Users/sergejhlystov/ALADDIN_NEW/ALADDIN_NEW/mobile_apps/ALADDIN_iOS/Shared/Components/Chat/MediaMessageBubble.swift /Users/sergejhlystov/ALADDIN_NEW/ALADDIN_NEW/mobile_apps/ALADDIN_iOS/Core/Navigation/NavigationManager.swift /Users/sergejhlystov/ALADDIN_NEW/ALADDIN_NEW/mobile_apps/ALADDIN_iOS/Core/Accessibility/AccessibilityManager.swift /Users/sergejhlystov/ALADDIN_NEW/ALADDIN_NEW/mobile_apps/ALADDIN_iOS/Core/Helpers/URLHelper.swift /Users/sergejhlystov/ALADDIN_NEW/ALADDIN_NEW/mobile_apps/ALADDIN_iOS/Core/Store/StoreManager.swift /Users/sergejhlystov/ALADDIN_NEW/ALADDIN_NEW/mobile_apps/ALADDIN_iOS/Screens/WheelOfFortuneView.swift /Users/sergejhlystov/ALADDIN_NEW/ALADDIN_NEW/mobile_apps/ALADDIN_iOS/Screens/UnicornUniverseView.swift /Users/sergejhlystov/ALADDIN_NEW/ALADDIN_NEW/mobile_apps/ALADDIN_iOS/Core/Services/DateFormatterService.swift /Users/sergejhlystov/ALADDIN_NEW/ALADDIN_NEW/mobile_apps/ALADDIN_iOS/Screens/YoungDefenderView.swift /Users/sergejhlystov/ALADDIN_NEW/ALADDIN_NEW/mobile_apps/ALADDIN_iOS/Core/Localization/LocalizationManager.swift /Users/sergejhlystov/ALADDIN_NEW/ALADDIN_NEW/mobile_apps/ALADDIN_iOS/Screens/13_SupportScreen.swift /Users/sergejhlystov/ALADDIN_NEW/ALADDIN_NEW/mobile_apps/ALADDIN_iOS/Core/Audio/VoiceMessageRecorder.swift /Users/sergejhlystov/ALADDIN_NEW/ALADDIN_NEW/mobile_apps/ALADDIN_iOS/Core/Analytics/AnalyticsManager.swift /Users/sergejhlystov/ALADDIN_NEW/ALADDIN_NEW/mobile_apps/ALADDIN_iOS/Screens/07_ParentalControlScreen.swift /Users/sergejhlystov/ALADDIN_NEW/ALADDIN_NEW/mobile_apps/ALADDIN_iOS/Screens/05_SettingsScreen.swift /Users/sergejhlystov/ALADDIN_NEW/ALADDIN_NEW/mobile_apps/ALADDIN_iOS/Shared/Components/Inputs/ALADDINTextField.swift /Users/sergejhlystov/ALADDIN_NEW/ALADDIN_NEW/mobile_apps/ALADDIN_iOS/Shared/Components/Chat/ChatSearchBar.swift (in target 'ALADDIN' from project 'ALADDIN')
    cd /Users/sergejhlystov/ALADDIN_NEW/ALADDIN_NEW/mobile_apps/ALADDIN_iOS
    export DEVELOPER_DIR\=/Applications/Xcode.app/Contents/Developer
    export SDKROOT\=/Applications/Xcode.app/Contents/Developer/Platforms/iPhoneSimulator.platform/Developer/SDKs/iPhoneSimulator15.2.sdk
    builtin-swiftDriverJobExecution -- /Applications/Xcode.app/Contents/Developer/Toolchains/XcodeDefault.xctoolchain/usr/bin/swift-frontend -frontend -c -filelist /Users/sergejhlystov/Library/Developer/Xcode/DerivedData/ALADDIN-eahryzmutvtbyceygnlyjsmiiaha/Build/Intermediates.noindex/ALADDIN.build/Debug-iphonesimulator/ALADDIN.build/Objects-normal/arm64/sources-1 -primary-file /Users/sergejhlystov/ALADDIN_NEW/ALADDIN_NEW/mobile_apps/ALADDIN_iOS/Screens/14_OnboardingScreen.swift -primary-file /Users/sergejhlystov/ALADDIN_NEW/ALADDIN_NEW/mobile_apps/ALADDIN_iOS/Components/Modals/FamilyCreatedModal.swift -primary-file /Users/sergejhlystov/ALADDIN_NEW/ALADDIN_NEW/mobile_apps/ALADDIN_iOS/Core/Managers/LocationManager.swift -primary-file /Users/sergejhlystov/ALADDIN_NEW/ALADDIN_NEW/mobile_apps/ALADDIN_iOS/Core/Managers/CrashDetectionManager.swift -primary-file /Users/sergejhlystov/ALADDIN_NEW/ALADDIN_NEW/mobile_apps/ALADDIN_iOS/Shared/Components/Modals/CrashDetectionAlertModal.swift -primary-file /Users/sergejhlystov/ALADDIN_NEW/ALADDIN_NEW/mobile_apps/ALADDIN_iOS/ViewModels/PaymentQRViewModel.swift -primary-file /Users/sergejhlystov/ALADDIN_NEW/ALADDIN_NEW/mobile_apps/ALADDIN_iOS/Shared/Components/Chat/MediaMessageBubble.swift -primary-file /Users/sergejhlystov/ALADDIN_NEW/ALADDIN_NEW/mobile_apps/ALADDIN_iOS/Core/Navigation/NavigationManager.swift -primary-file /Users/sergejhlystov/ALADDIN_NEW/ALADDIN_NEW/mobile_apps/ALADDIN_iOS/Core/Accessibility/AccessibilityManager.swift -primary-file /Users/sergejhlystov/ALADDIN_NEW/ALADDIN_NEW/mobile_apps/ALADDIN_iOS/Core/Helpers/URLHelper.swift -primary-file /Users/sergejhlystov/ALADDIN_NEW/ALADDIN_NEW/mobile_apps/ALADDIN_iOS/Core/Store/StoreManager.swift -primary-file /Users/sergejhlystov/ALADDIN_NEW/ALADDIN_NEW/mobile_apps/ALADDIN_iOS/Screens/WheelOfFortuneView.swift -primary-file /Users/sergejhlystov/ALADDIN_NEW/ALADDIN_NEW/mobile_apps/ALADDIN_iOS/Screens/UnicornUniverseView.swift -primary-file /Users/sergejhlystov/ALADDIN_NEW/ALADDIN_NEW/mobile_apps/ALADDIN_iOS/Core/Services/DateFormatterService.swift -primary-file /Users/sergejhlystov/ALADDIN_NEW/ALADDIN_NEW/mobile_apps/ALADDIN_iOS/Screens/YoungDefenderView.swift -primary-file /Users/sergejhlystov/ALADDIN_NEW/ALADDIN_NEW/mobile_apps/ALADDIN_iOS/Core/Localization/LocalizationManager.swift -primary-file /Users/sergejhlystov/ALADDIN_NEW/ALADDIN_NEW/mobile_apps/ALADDIN_iOS/Screens/13_SupportScreen.swift -primary-file /Users/sergejhlystov/ALADDIN_NEW/ALADDIN_NEW/mobile_apps/ALADDIN_iOS/Core/Audio/VoiceMessageRecorder.swift -primary-file /Users/sergejhlystov/ALADDIN_NEW/ALADDIN_NEW/mobile_apps/ALADDIN_iOS/Core/Analytics/AnalyticsManager.swift -primary-file /Users/sergejhlystov/ALADDIN_NEW/ALADDIN_NEW/mobile_apps/ALADDIN_iOS/Screens/07_ParentalControlScreen.swift -primary-file /Users/sergejhlystov/ALADDIN_NEW/ALADDIN_NEW/mobile_apps/ALADDIN_iOS/Screens/05_SettingsScreen.swift -primary-file /Users/sergejhlystov/ALADDIN_NEW/ALADDIN_NEW/mobile_apps/ALADDIN_iOS/Shared/Components/Inputs/ALADDINTextField.swift -primary-file /Users/sergejhlystov/ALADDIN_NEW/ALADDIN_NEW/mobile_apps/ALADDIN_iOS/Shared/Components/Chat/ChatSearchBar.swift -supplementary-output-file-map /Users/sergejhlystov/Library/Developer/Xcode/DerivedData/ALADDIN-eahryzmutvtbyceygnlyjsmiiaha/Build/Intermediates.noindex/ALADDIN.build/Debug-iphonesimulator/ALADDIN.build/Objects-normal/arm64/supplementaryOutputs-7 -target arm64-apple-ios15.2-simulator -Xllvm -aarch64-use-tbi -enable-objc-interop -sdk /Applications/Xcode.app/Contents/Developer/Platforms/iPhoneSimulator.platform/Developer/SDKs/iPhoneSimulator15.2.sdk -I /Users/sergejhlystov/Library/Developer/Xcode/DerivedData/ALADDIN-eahryzmutvtbyceygnlyjsmiiaha/Build/Products/Debug-iphonesimulator -F /Users/sergejhlystov/Library/Developer/Xcode/DerivedData/ALADDIN-eahryzmutvtbyceygnlyjsmiiaha/Build/Products/Debug-iphonesimulator -no-color-diagnostics -enable-testing -g -module-cache-path /Users/sergejhlystov/Library/Developer/Xcode/DerivedData/ModuleCache.noindex -emit-localized-strings -emit-localized-strings-path /Users/sergejhlystov/Library/Developer/Xcode/DerivedData/ALADDIN-eahryzmutvtbyceygnlyjsmiiaha/Build/Intermediates.noindex/ALADDIN.build/Debug-iphonesimulator/ALADDIN.build/Objects-normal/arm64 -swift-version 5 -enforce-exclusivity\=checked -Onone -D DEBUG -serialize-debugging-options -Xcc -working-directory -Xcc /Users/sergejhlystov/ALADDIN_NEW/ALADDIN_NEW/mobile_apps/ALADDIN_iOS -resource-dir /Applications/Xcode.app/Contents/Developer/Toolchains/XcodeDefault.xctoolchain/usr/lib/swift -enable-anonymous-context-mangled-names -Xcc -I/Users/sergejhlystov/Library/Developer/Xcode/DerivedData/ALADDIN-eahryzmutvtbyceygnlyjsmiiaha/Build/Intermediates.noindex/ALADDIN.build/Debug-iphonesimulator/ALADDIN.build/swift-overrides.hmap -Xcc -iquote -Xcc /Users/sergejhlystov/Library/Developer/Xcode/DerivedData/ALADDIN-eahryzmutvtbyceygnlyjsmiiaha/Build/Intermediates.noindex/ALADDIN.build/Debug-iphonesimulator/ALADDIN.build/ALADDIN-generated-files.hmap -Xcc -I/Users/sergejhlystov/Library/Developer/Xcode/DerivedData/ALADDIN-eahryzmutvtbyceygnlyjsmiiaha/Build/Intermediates.noindex/ALADDIN.build/Debug-iphonesimulator/ALADDIN.build/ALADDIN-own-target-headers.hmap -Xcc -I/Users/sergejhlystov/Library/Developer/Xcode/DerivedData/ALADDIN-eahryzmutvtbyceygnlyjsmiiaha/Build/Intermediates.noindex/ALADDIN.build/Debug-iphonesimulator/ALADDIN.build/ALADDIN-all-target-headers.hmap -Xcc -iquote -Xcc /Users/sergejhlystov/Library/Developer/Xcode/DerivedData/ALADDIN-eahryzmutvtbyceygnlyjsmiiaha/Build/Intermediates.noindex/ALADDIN.build/Debug-iphonesimulator/ALADDIN.build/ALADDIN-project-headers.hmap -Xcc -I/Users/sergejhlystov/Library/Developer/Xcode/DerivedData/ALADDIN-eahryzmutvtbyceygnlyjsmiiaha/Build/Products/Debug-iphonesimulator/include -Xcc -I/Users/sergejhlystov/Library/Developer/Xcode/DerivedData/ALADDIN-eahryzmutvtbyceygnlyjsmiiaha/Build/Intermediates.noindex/ALADDIN.build/Debug-iphonesimulator/ALADDIN.build/DerivedSources-normal/arm64 -Xcc -I/Users/sergejhlystov/Library/Developer/Xcode/DerivedData/ALADDIN-eahryzmutvtbyceygnlyjsmiiaha/Build/Intermediates.noindex/ALADDIN.build/Debug-iphonesimulator/ALADDIN.build/DerivedSources/arm64 -Xcc -I/Users/sergejhlystov/Library/Developer/Xcode/DerivedData/ALADDIN-eahryzmutvtbyceygnlyjsmiiaha/Build/Intermediates.noindex/ALADDIN.build/Debug-iphonesimulator/ALADDIN.build/DerivedSources -Xcc -DDEBUG\=1 -module-name ALADDIN -target-sdk-version 15.2.0 -o /Users/sergejhlystov/Library/Developer/Xcode/DerivedData/ALADDIN-eahryzmutvtbyceygnlyjsmiiaha/Build/Intermediates.noindex/ALADDIN.build/Debug-iphonesimulator/ALADDIN.build/Objects-normal/arm64/14_OnboardingScreen.o -o /Users/sergejhlystov/Library/Developer/Xcode/DerivedData/ALADDIN-eahryzmutvtbyceygnlyjsmiiaha/Build/Intermediates.noindex/ALADDIN.build/Debug-iphonesimulator/ALADDIN.build/Objects-normal/arm64/FamilyCreatedModal.o -o /Users/sergejhlystov/Library/Developer/Xcode/DerivedData/ALADDIN-eahryzmutvtbyceygnlyjsmiiaha/Build/Intermediates.noindex/ALADDIN.build/Debug-iphonesimulator/ALADDIN.build/Objects-normal/arm64/LocationManager.o -o /Users/sergejhlystov/Library/Developer/Xcode/DerivedData/ALADDIN-eahryzmutvtbyceygnlyjsmiiaha/Build/Intermediates.noindex/ALADDIN.build/Debug-iphonesimulator/ALADDIN.build/Objects-normal/arm64/CrashDetectionManager.o -o /Users/sergejhlystov/Library/Developer/Xcode/DerivedData/ALADDIN-eahryzmutvtbyceygnlyjsmiiaha/Build/Intermediates.noindex/ALADDIN.build/Debug-iphonesimulator/ALADDIN.build/Objects-normal/arm64/CrashDetectionAlertModal.o -o /Users/sergejhlystov/Library/Developer/Xcode/DerivedData/ALADDIN-eahryzmutvtbyceygnlyjsmiiaha/Build/Intermediates.noindex/ALADDIN.build/Debug-iphonesimulator/ALADDIN.build/Objects-normal/arm64/PaymentQRViewModel.o -o /Users/sergejhlystov/Library/Developer/Xcode/DerivedData/ALADDIN-eahryzmutvtbyceygnlyjsmiiaha/Build/Intermediates.noindex/ALADDIN.build/Debug-iphonesimulator/ALADDIN.build/Objects-normal/arm64/MediaMessageBubble.o -o /Users/sergejhlystov/Library/Developer/Xcode/DerivedData/ALADDIN-eahryzmutvtbyceygnlyjsmiiaha/Build/Intermediates.noindex/ALADDIN.build/Debug-iphonesimulator/ALADDIN.build/Objects-normal/arm64/NavigationManager.o -o /Users/sergejhlystov/Library/Developer/Xcode/DerivedData/ALADDIN-eahryzmutvtbyceygnlyjsmiiaha/Build/Intermediates.noindex/ALADDIN.build/Debug-iphonesimulator/ALADDIN.build/Objects-normal/arm64/AccessibilityManager.o -o /Users/sergejhlystov/Library/Developer/Xcode/DerivedData/ALADDIN-eahryzmutvtbyceygnlyjsmiiaha/Build/Intermediates.noindex/ALADDIN.build/Debug-iphonesimulator/ALADDIN.build/Objects-normal/arm64/URLHelper.o -o /Users/sergejhlystov/Library/Developer/Xcode/DerivedData/ALADDIN-eahryzmutvtbyceygnlyjsmiiaha/Build/Intermediates.noindex/ALADDIN.build/Debug-iphonesimulator/ALADDIN.build/Objects-normal/arm64/StoreManager.o -o /Users/sergejhlystov/Library/Developer/Xcode/DerivedData/ALADDIN-eahryzmutvtbyceygnlyjsmiiaha/Build/Intermediates.noindex/ALADDIN.build/Debug-iphonesimulator/ALADDIN.build/Objects-normal/arm64/WheelOfFortuneView.o -o /Users/sergejhlystov/Library/Developer/Xcode/DerivedData/ALADDIN-eahryzmutvtbyceygnlyjsmiiaha/Build/Intermediates.noindex/ALADDIN.build/Debug-iphonesimulator/ALADDIN.build/Objects-normal/arm64/UnicornUniverseView.o -o /Users/sergejhlystov/Library/Developer/Xcode/DerivedData/ALADDIN-eahryzmutvtbyceygnlyjsmiiaha/Build/Intermediates.noindex/ALADDIN.build/Debug-iphonesimulator/ALADDIN.build/Objects-normal/arm64/DateFormatterService.o -o /Users/sergejhlystov/Library/Developer/Xcode/DerivedData/ALADDIN-eahryzmutvtbyceygnlyjsmiiaha/Build/Intermediates.noindex/ALADDIN.build/Debug-iphonesimulator/ALADDIN.build/Objects-normal/arm64/YoungDefenderView.o -o /Users/sergejhlystov/Library/Developer/Xcode/DerivedData/ALADDIN-eahryzmutvtbyceygnlyjsmiiaha/Build/Intermediates.noindex/ALADDIN.build/Debug-iphonesimulator/ALADDIN.build/Objects-normal/arm64/LocalizationManager.o -o /Users/sergejhlystov/Library/Developer/Xcode/DerivedData/ALADDIN-eahryzmutvtbyceygnlyjsmiiaha/Build/Intermediates.noindex/ALADDIN.build/Debug-iphonesimulator/ALADDIN.build/Objects-normal/arm64/13_SupportScreen.o -o /Users/sergejhlystov/Library/Developer/Xcode/DerivedData/ALADDIN-eahryzmutvtbyceygnlyjsmiiaha/Build/Intermediates.noindex/ALADDIN.build/Debug-iphonesimulator/ALADDIN.build/Objects-normal/arm64/VoiceMessageRecorder.o -o /Users/sergejhlystov/Library/Developer/Xcode/DerivedData/ALADDIN-eahryzmutvtbyceygnlyjsmiiaha/Build/Intermediates.noindex/ALADDIN.build/Debug-iphonesimulator/ALADDIN.build/Objects-normal/arm64/AnalyticsManager.o -o /Users/sergejhlystov/Library/Developer/Xcode/DerivedData/ALADDIN-eahryzmutvtbyceygnlyjsmiiaha/Build/Intermediates.noindex/ALADDIN.build/Debug-iphonesimulator/ALADDIN.build/Objects-normal/arm64/07_ParentalControlScreen.o -o /Users/sergejhlystov/Library/Developer/Xcode/DerivedData/ALADDIN-eahryzmutvtbyceygnlyjsmiiaha/Build/Intermediates.noindex/ALADDIN.build/Debug-iphonesimulator/ALADDIN.build/Objects-normal/arm64/05_SettingsScreen.o -o /Users/sergejhlystov/Library/Developer/Xcode/DerivedData/ALADDIN-eahryzmutvtbyceygnlyjsmiiaha/Build/Intermediates.noindex/ALADDIN.build/Debug-iphonesimulator/ALADDIN.build/Objects-normal/arm64/ALADDINTextField.o -o /Users/sergejhlystov/Library/Developer/Xcode/DerivedData/ALADDIN-eahryzmutvtbyceygnlyjsmiiaha/Build/Intermediates.noindex/ALADDIN.build/Debug-iphonesimulator/ALADDIN.build/Objects-normal/arm64/ChatSearchBar.o -index-store-path /Users/sergejhlystov/Library/Developer/Xcode/DerivedData/ALADDIN-eahryzmutvtbyceygnlyjsmiiaha/Index/DataStore -index-system-modules
/Users/sergejhlystov/ALADDIN_NEW/ALADDIN_NEW/mobile_apps/ALADDIN_iOS/Core/Managers/CrashDetectionManager.swift:274:9: warning: no 'async' operations occur within 'await' expression
        await locationManager.requestAuthorization(always: true)
        ^
/Users/sergejhlystov/ALADDIN_NEW/ALADDIN_NEW/mobile_apps/ALADDIN_iOS/Core/Managers/CrashDetectionManager.swift:319:30: warning: result of call to 'stopCrashDetectionMonitoring()' is unused
        try await apiService.stopCrashDetectionMonitoring()
                             ^                           ~~
/Users/sergejhlystov/ALADDIN_NEW/ALADDIN_NEW/mobile_apps/ALADDIN_iOS/Core/Managers/CrashDetectionManager.swift:379:63: warning: variable 'self' was written to, but never read
            motionManager.startGyroUpdates(to: queue) { [weak self] (data, error) in
                                                              ^
/Users/sergejhlystov/ALADDIN_NEW/ALADDIN_NEW/mobile_apps/ALADDIN_iOS/Core/Managers/CrashDetectionManager.swift:534:38: warning: result of call to 'sendCrashDetectionData(accelerometer:gyroscope:speed:location:)' is unused
                try await apiService.sendCrashDetectionData(
                                     ^                     ~
/Users/sergejhlystov/ALADDIN_NEW/ALADDIN_NEW/mobile_apps/ALADDIN_iOS/Core/Managers/CrashDetectionManager.swift:588:34: warning: result of call to 'sendCrashDetectionData(accelerometer:gyroscope:speed:location:)' is unused
            try await apiService.sendCrashDetectionData(
                                 ^                     ~
/Users/sergejhlystov/ALADDIN_NEW/ALADDIN_NEW/mobile_apps/ALADDIN_iOS/Core/Managers/CrashDetectionManager.swift:597:38: warning: result of call to 'sendCrashAlert(latitude:longitude:severity:)' is unused
                try await apiService.sendCrashAlert(
                                     ^             ~

SwiftDriverJob-Compile normal arm64 Compiling\ TrialFlowTestView.swift,\ 11_ProfileScreen.swift,\ NetworkManager.swift,\ 19_TermsOfServiceScreen.swift,\ SubscriptionManager.swift,\ AppConfig.swift,\ ParallelLoader.swift,\ FamilyViewModel.swift,\ AIAssistantViewModel.swift,\ FeatureGateView.swift,\ 22_DeviceDetailScreen.swift,\ WidgetConfigurationScreen.swift,\ DNSProtectionManager.swift,\ FamilyChatWebSocket.swift,\ SecurityEducationScreen.swift,\ MetricsService.swift,\ ComponentStatus.swift,\ KeychainManager.swift,\ MemberStatsModalView.swift,\ ProtectionSettingsViewModel.swift,\ AddMemberOptionsModal.swift,\ InvitationCodeInputModal.swift,\ MessageActionsMenu.swift,\ Spacing.swift /Users/sergejhlystov/ALADDIN_NEW/ALADDIN_NEW/mobile_apps/ALADDIN_iOS/Screens/Views/TrialFlowTestView.swift /Users/sergejhlystov/ALADDIN_NEW/ALADDIN_NEW/mobile_apps/ALADDIN_iOS/Screens/11_ProfileScreen.swift /Users/sergejhlystov/ALADDIN_NEW/ALADDIN_NEW/mobile_apps/ALADDIN_iOS/Core/Network/NetworkManager.swift /Users/sergejhlystov/ALADDIN_NEW/ALADDIN_NEW/mobile_apps/ALADDIN_iOS/Screens/19_TermsOfServiceScreen.swift /Users/sergejhlystov/ALADDIN_NEW/ALADDIN_NEW/mobile_apps/ALADDIN_iOS/Core/Managers/SubscriptionManager.swift /Users/sergejhlystov/ALADDIN_NEW/ALADDIN_NEW/mobile_apps/ALADDIN_iOS/Core/Config/AppConfig.swift /Users/sergejhlystov/ALADDIN_NEW/ALADDIN_NEW/mobile_apps/ALADDIN_iOS/Core/Utils/ParallelLoader.swift /Users/sergejhlystov/ALADDIN_NEW/ALADDIN_NEW/mobile_apps/ALADDIN_iOS/ViewModels/FamilyViewModel.swift /Users/sergejhlystov/ALADDIN_NEW/ALADDIN_NEW/mobile_apps/ALADDIN_iOS/ViewModels/AIAssistantViewModel.swift /Users/sergejhlystov/ALADDIN_NEW/ALADDIN_NEW/mobile_apps/ALADDIN_iOS/Screens/Views/FeatureGateView.swift /Users/sergejhlystov/ALADDIN_NEW/ALADDIN_NEW/mobile_apps/ALADDIN_iOS/Screens/22_DeviceDetailScreen.swift /Users/sergejhlystov/ALADDIN_NEW/ALADDIN_NEW/mobile_apps/ALADDIN_iOS/Screens/WidgetConfigurationScreen.swift /Users/sergejhlystov/ALADDIN_NEW/ALADDIN_NEW/mobile_apps/ALADDIN_iOS/Core/Managers/DNSProtectionManager.swift /Users/sergejhlystov/ALADDIN_NEW/ALADDIN_NEW/mobile_apps/ALADDIN_iOS/Core/Network/FamilyChatWebSocket.swift /Users/sergejhlystov/ALADDIN_NEW/ALADDIN_NEW/mobile_apps/ALADDIN_iOS/Screens/SecurityEducationScreen.swift /Users/sergejhlystov/ALADDIN_NEW/ALADDIN_NEW/mobile_apps/ALADDIN_iOS/Core/Monitoring/MetricsService.swift /Users/sergejhlystov/ALADDIN_NEW/ALADDIN_NEW/mobile_apps/ALADDIN_iOS/Core/Models/ComponentStatus.swift /Users/sergejhlystov/ALADDIN_NEW/ALADDIN_NEW/mobile_apps/ALADDIN_iOS/Core/Security/KeychainManager.swift /Users/sergejhlystov/ALADDIN_NEW/ALADDIN_NEW/mobile_apps/ALADDIN_iOS/Shared/Components/Modals/MemberStatsModalView.swift /Users/sergejhlystov/ALADDIN_NEW/ALADDIN_NEW/mobile_apps/ALADDIN_iOS/ViewModels/ProtectionSettingsViewModel.swift /Users/sergejhlystov/ALADDIN_NEW/ALADDIN_NEW/mobile_apps/ALADDIN_iOS/Shared/Components/Modals/AddMemberOptionsModal.swift /Users/sergejhlystov/ALADDIN_NEW/ALADDIN_NEW/mobile_apps/ALADDIN_iOS/Shared/Components/Modals/InvitationCodeInputModal.swift /Users/sergejhlystov/ALADDIN_NEW/ALADDIN_NEW/mobile_apps/ALADDIN_iOS/Shared/Components/Chat/MessageActionsMenu.swift /Users/sergejhlystov/ALADDIN_NEW/ALADDIN_NEW/mobile_apps/ALADDIN_iOS/Shared/Styles/Spacing.swift (in target 'ALADDIN' from project 'ALADDIN')
    cd /Users/sergejhlystov/ALADDIN_NEW/ALADDIN_NEW/mobile_apps/ALADDIN_iOS
    export DEVELOPER_DIR\=/Applications/Xcode.app/Contents/Developer
    export SDKROOT\=/Applications/Xcode.app/Contents/Developer/Platforms/iPhoneSimulator.platform/Developer/SDKs/iPhoneSimulator15.2.sdk
    builtin-swiftDriverJobExecution -- /Applications/Xcode.app/Contents/Developer/Toolchains/XcodeDefault.xctoolchain/usr/bin/swift-frontend -frontend -c -filelist /Users/sergejhlystov/Library/Developer/Xcode/DerivedData/ALADDIN-eahryzmutvtbyceygnlyjsmiiaha/Build/Intermediates.noindex/ALADDIN.build/Debug-iphonesimulator/ALADDIN.build/Objects-normal/arm64/sources-1 -primary-file /Users/sergejhlystov/ALADDIN_NEW/ALADDIN_NEW/mobile_apps/ALADDIN_iOS/Screens/Views/TrialFlowTestView.swift -primary-file /Users/sergejhlystov/ALADDIN_NEW/ALADDIN_NEW/mobile_apps/ALADDIN_iOS/Screens/11_ProfileScreen.swift -primary-file /Users/sergejhlystov/ALADDIN_NEW/ALADDIN_NEW/mobile_apps/ALADDIN_iOS/Core/Network/NetworkManager.swift -primary-file /Users/sergejhlystov/ALADDIN_NEW/ALADDIN_NEW/mobile_apps/ALADDIN_iOS/Screens/19_TermsOfServiceScreen.swift -primary-file /Users/sergejhlystov/ALADDIN_NEW/ALADDIN_NEW/mobile_apps/ALADDIN_iOS/Core/Managers/SubscriptionManager.swift -primary-file /Users/sergejhlystov/ALADDIN_NEW/ALADDIN_NEW/mobile_apps/ALADDIN_iOS/Core/Config/AppConfig.swift -primary-file /Users/sergejhlystov/ALADDIN_NEW/ALADDIN_NEW/mobile_apps/ALADDIN_iOS/Core/Utils/ParallelLoader.swift -primary-file /Users/sergejhlystov/ALADDIN_NEW/ALADDIN_NEW/mobile_apps/ALADDIN_iOS/ViewModels/FamilyViewModel.swift -primary-file /Users/sergejhlystov/ALADDIN_NEW/ALADDIN_NEW/mobile_apps/ALADDIN_iOS/ViewModels/AIAssistantViewModel.swift -primary-file /Users/sergejhlystov/ALADDIN_NEW/ALADDIN_NEW/mobile_apps/ALADDIN_iOS/Screens/Views/FeatureGateView.swift -primary-file /Users/sergejhlystov/ALADDIN_NEW/ALADDIN_NEW/mobile_apps/ALADDIN_iOS/Screens/22_DeviceDetailScreen.swift -primary-file /Users/sergejhlystov/ALADDIN_NEW/ALADDIN_NEW/mobile_apps/ALADDIN_iOS/Screens/WidgetConfigurationScreen.swift -primary-file /Users/sergejhlystov/ALADDIN_NEW/ALADDIN_NEW/mobile_apps/ALADDIN_iOS/Core/Managers/DNSProtectionManager.swift -primary-file /Users/sergejhlystov/ALADDIN_NEW/ALADDIN_NEW/mobile_apps/ALADDIN_iOS/Core/Network/FamilyChatWebSocket.swift -primary-file /Users/sergejhlystov/ALADDIN_NEW/ALADDIN_NEW/mobile_apps/ALADDIN_iOS/Screens/SecurityEducationScreen.swift -primary-file /Users/sergejhlystov/ALADDIN_NEW/ALADDIN_NEW/mobile_apps/ALADDIN_iOS/Core/Monitoring/MetricsService.swift -primary-file /Users/sergejhlystov/ALADDIN_NEW/ALADDIN_NEW/mobile_apps/ALADDIN_iOS/Core/Models/ComponentStatus.swift -primary-file /Users/sergejhlystov/ALADDIN_NEW/ALADDIN_NEW/mobile_apps/ALADDIN_iOS/Core/Security/KeychainManager.swift -primary-file /Users/sergejhlystov/ALADDIN_NEW/ALADDIN_NEW/mobile_apps/ALADDIN_iOS/Shared/Components/Modals/MemberStatsModalView.swift -primary-file /Users/sergejhlystov/ALADDIN_NEW/ALADDIN_NEW/mobile_apps/ALADDIN_iOS/ViewModels/ProtectionSettingsViewModel.swift -primary-file /Users/sergejhlystov/ALADDIN_NEW/ALADDIN_NEW/mobile_apps/ALADDIN_iOS/Shared/Components/Modals/AddMemberOptionsModal.swift -primary-file /Users/sergejhlystov/ALADDIN_NEW/ALADDIN_NEW/mobile_apps/ALADDIN_iOS/Shared/Components/Modals/InvitationCodeInputModal.swift -primary-file /Users/sergejhlystov/ALADDIN_NEW/ALADDIN_NEW/mobile_apps/ALADDIN_iOS/Shared/Components/Chat/MessageActionsMenu.swift -primary-file /Users/sergejhlystov/ALADDIN_NEW/ALADDIN_NEW/mobile_apps/ALADDIN_iOS/Shared/Styles/Spacing.swift -supplementary-output-file-map /Users/sergejhlystov/Library/Developer/Xcode/DerivedData/ALADDIN-eahryzmutvtbyceygnlyjsmiiaha/Build/Intermediates.noindex/ALADDIN.build/Debug-iphonesimulator/ALADDIN.build/Objects-normal/arm64/supplementaryOutputs-3 -target arm64-apple-ios15.2-simulator -Xllvm -aarch64-use-tbi -enable-objc-interop -sdk /Applications/Xcode.app/Contents/Developer/Platforms/iPhoneSimulator.platform/Developer/SDKs/iPhoneSimulator15.2.sdk -I /Users/sergejhlystov/Library/Developer/Xcode/DerivedData/ALADDIN-eahryzmutvtbyceygnlyjsmiiaha/Build/Products/Debug-iphonesimulator -F /Users/sergejhlystov/Library/Developer/Xcode/DerivedData/ALADDIN-eahryzmutvtbyceygnlyjsmiiaha/Build/Products/Debug-iphonesimulator -no-color-diagnostics -enable-testing -g -module-cache-path /Users/sergejhlystov/Library/Developer/Xcode/DerivedData/ModuleCache.noindex -emit-localized-strings -emit-localized-strings-path /Users/sergejhlystov/Library/Developer/Xcode/DerivedData/ALADDIN-eahryzmutvtbyceygnlyjsmiiaha/Build/Intermediates.noindex/ALADDIN.build/Debug-iphonesimulator/ALADDIN.build/Objects-normal/arm64 -swift-version 5 -enforce-exclusivity\=checked -Onone -D DEBUG -serialize-debugging-options -Xcc -working-directory -Xcc /Users/sergejhlystov/ALADDIN_NEW/ALADDIN_NEW/mobile_apps/ALADDIN_iOS -resource-dir /Applications/Xcode.app/Contents/Developer/Toolchains/XcodeDefault.xctoolchain/usr/lib/swift -enable-anonymous-context-mangled-names -Xcc -I/Users/sergejhlystov/Library/Developer/Xcode/DerivedData/ALADDIN-eahryzmutvtbyceygnlyjsmiiaha/Build/Intermediates.noindex/ALADDIN.build/Debug-iphonesimulator/ALADDIN.build/swift-overrides.hmap -Xcc -iquote -Xcc /Users/sergejhlystov/Library/Developer/Xcode/DerivedData/ALADDIN-eahryzmutvtbyceygnlyjsmiiaha/Build/Intermediates.noindex/ALADDIN.build/Debug-iphonesimulator/ALADDIN.build/ALADDIN-generated-files.hmap -Xcc -I/Users/sergejhlystov/Library/Developer/Xcode/DerivedData/ALADDIN-eahryzmutvtbyceygnlyjsmiiaha/Build/Intermediates.noindex/ALADDIN.build/Debug-iphonesimulator/ALADDIN.build/ALADDIN-own-target-headers.hmap -Xcc -I/Users/sergejhlystov/Library/Developer/Xcode/DerivedData/ALADDIN-eahryzmutvtbyceygnlyjsmiiaha/Build/Intermediates.noindex/ALADDIN.build/Debug-iphonesimulator/ALADDIN.build/ALADDIN-all-target-headers.hmap -Xcc -iquote -Xcc /Users/sergejhlystov/Library/Developer/Xcode/DerivedData/ALADDIN-eahryzmutvtbyceygnlyjsmiiaha/Build/Intermediates.noindex/ALADDIN.build/Debug-iphonesimulator/ALADDIN.build/ALADDIN-project-headers.hmap -Xcc -I/Users/sergejhlystov/Library/Developer/Xcode/DerivedData/ALADDIN-eahryzmutvtbyceygnlyjsmiiaha/Build/Products/Debug-iphonesimulator/include -Xcc -I/Users/sergejhlystov/Library/Developer/Xcode/DerivedData/ALADDIN-eahryzmutvtbyceygnlyjsmiiaha/Build/Intermediates.noindex/ALADDIN.build/Debug-iphonesimulator/ALADDIN.build/DerivedSources-normal/arm64 -Xcc -I/Users/sergejhlystov/Library/Developer/Xcode/DerivedData/ALADDIN-eahryzmutvtbyceygnlyjsmiiaha/Build/Intermediates.noindex/ALADDIN.build/Debug-iphonesimulator/ALADDIN.build/DerivedSources/arm64 -Xcc -I/Users/sergejhlystov/Library/Developer/Xcode/DerivedData/ALADDIN-eahryzmutvtbyceygnlyjsmiiaha/Build/Intermediates.noindex/ALADDIN.build/Debug-iphonesimulator/ALADDIN.build/DerivedSources -Xcc -DDEBUG\=1 -module-name ALADDIN -target-sdk-version 15.2.0 -o /Users/sergejhlystov/Library/Developer/Xcode/DerivedData/ALADDIN-eahryzmutvtbyceygnlyjsmiiaha/Build/Intermediates.noindex/ALADDIN.build/Debug-iphonesimulator/ALADDIN.build/Objects-normal/arm64/TrialFlowTestView.o -o /Users/sergejhlystov/Library/Developer/Xcode/DerivedData/ALADDIN-eahryzmutvtbyceygnlyjsmiiaha/Build/Intermediates.noindex/ALADDIN.build/Debug-iphonesimulator/ALADDIN.build/Objects-normal/arm64/11_ProfileScreen.o -o /Users/sergejhlystov/Library/Developer/Xcode/DerivedData/ALADDIN-eahryzmutvtbyceygnlyjsmiiaha/Build/Intermediates.noindex/ALADDIN.build/Debug-iphonesimulator/ALADDIN.build/Objects-normal/arm64/NetworkManager.o -o /Users/sergejhlystov/Library/Developer/Xcode/DerivedData/ALADDIN-eahryzmutvtbyceygnlyjsmiiaha/Build/Intermediates.noindex/ALADDIN.build/Debug-iphonesimulator/ALADDIN.build/Objects-normal/arm64/19_TermsOfServiceScreen.o -o /Users/sergejhlystov/Library/Developer/Xcode/DerivedData/ALADDIN-eahryzmutvtbyceygnlyjsmiiaha/Build/Intermediates.noindex/ALADDIN.build/Debug-iphonesimulator/ALADDIN.build/Objects-normal/arm64/SubscriptionManager.o -o /Users/sergejhlystov/Library/Developer/Xcode/DerivedData/ALADDIN-eahryzmutvtbyceygnlyjsmiiaha/Build/Intermediates.noindex/ALADDIN.build/Debug-iphonesimulator/ALADDIN.build/Objects-normal/arm64/AppConfig.o -o /Users/sergejhlystov/Library/Developer/Xcode/DerivedData/ALADDIN-eahryzmutvtbyceygnlyjsmiiaha/Build/Intermediates.noindex/ALADDIN.build/Debug-iphonesimulator/ALADDIN.build/Objects-normal/arm64/ParallelLoader.o -o /Users/sergejhlystov/Library/Developer/Xcode/DerivedData/ALADDIN-eahryzmutvtbyceygnlyjsmiiaha/Build/Intermediates.noindex/ALADDIN.build/Debug-iphonesimulator/ALADDIN.build/Objects-normal/arm64/FamilyViewModel.o -o /Users/sergejhlystov/Library/Developer/Xcode/DerivedData/ALADDIN-eahryzmutvtbyceygnlyjsmiiaha/Build/Intermediates.noindex/ALADDIN.build/Debug-iphonesimulator/ALADDIN.build/Objects-normal/arm64/AIAssistantViewModel.o -o /Users/sergejhlystov/Library/Developer/Xcode/DerivedData/ALADDIN-eahryzmutvtbyceygnlyjsmiiaha/Build/Intermediates.noindex/ALADDIN.build/Debug-iphonesimulator/ALADDIN.build/Objects-normal/arm64/FeatureGateView.o -o /Users/sergejhlystov/Library/Developer/Xcode/DerivedData/ALADDIN-eahryzmutvtbyceygnlyjsmiiaha/Build/Intermediates.noindex/ALADDIN.build/Debug-iphonesimulator/ALADDIN.build/Objects-normal/arm64/22_DeviceDetailScreen.o -o /Users/sergejhlystov/Library/Developer/Xcode/DerivedData/ALADDIN-eahryzmutvtbyceygnlyjsmiiaha/Build/Intermediates.noindex/ALADDIN.build/Debug-iphonesimulator/ALADDIN.build/Objects-normal/arm64/WidgetConfigurationScreen.o -o /Users/sergejhlystov/Library/Developer/Xcode/DerivedData/ALADDIN-eahryzmutvtbyceygnlyjsmiiaha/Build/Intermediates.noindex/ALADDIN.build/Debug-iphonesimulator/ALADDIN.build/Objects-normal/arm64/DNSProtectionManager.o -o /Users/sergejhlystov/Library/Developer/Xcode/DerivedData/ALADDIN-eahryzmutvtbyceygnlyjsmiiaha/Build/Intermediates.noindex/ALADDIN.build/Debug-iphonesimulator/ALADDIN.build/Objects-normal/arm64/FamilyChatWebSocket.o -o /Users/sergejhlystov/Library/Developer/Xcode/DerivedData/ALADDIN-eahryzmutvtbyceygnlyjsmiiaha/Build/Intermediates.noindex/ALADDIN.build/Debug-iphonesimulator/ALADDIN.build/Objects-normal/arm64/SecurityEducationScreen.o -o /Users/sergejhlystov/Library/Developer/Xcode/DerivedData/ALADDIN-eahryzmutvtbyceygnlyjsmiiaha/Build/Intermediates.noindex/ALADDIN.build/Debug-iphonesimulator/ALADDIN.build/Objects-normal/arm64/MetricsService.o -o /Users/sergejhlystov/Library/Developer/Xcode/DerivedData/ALADDIN-eahryzmutvtbyceygnlyjsmiiaha/Build/Intermediates.noindex/ALADDIN.build/Debug-iphonesimulator/ALADDIN.build/Objects-normal/arm64/ComponentStatus.o -o /Users/sergejhlystov/Library/Developer/Xcode/DerivedData/ALADDIN-eahryzmutvtbyceygnlyjsmiiaha/Build/Intermediates.noindex/ALADDIN.build/Debug-iphonesimulator/ALADDIN.build/Objects-normal/arm64/KeychainManager.o -o /Users/sergejhlystov/Library/Developer/Xcode/DerivedData/ALADDIN-eahryzmutvtbyceygnlyjsmiiaha/Build/Intermediates.noindex/ALADDIN.build/Debug-iphonesimulator/ALADDIN.build/Objects-normal/arm64/MemberStatsModalView.o -o /Users/sergejhlystov/Library/Developer/Xcode/DerivedData/ALADDIN-eahryzmutvtbyceygnlyjsmiiaha/Build/Intermediates.noindex/ALADDIN.build/Debug-iphonesimulator/ALADDIN.build/Objects-normal/arm64/ProtectionSettingsViewModel.o -o /Users/sergejhlystov/Library/Developer/Xcode/DerivedData/ALADDIN-eahryzmutvtbyceygnlyjsmiiaha/Build/Intermediates.noindex/ALADDIN.build/Debug-iphonesimulator/ALADDIN.build/Objects-normal/arm64/AddMemberOptionsModal.o -o /Users/sergejhlystov/Library/Developer/Xcode/DerivedData/ALADDIN-eahryzmutvtbyceygnlyjsmiiaha/Build/Intermediates.noindex/ALADDIN.build/Debug-iphonesimulator/ALADDIN.build/Objects-normal/arm64/InvitationCodeInputModal.o -o /Users/sergejhlystov/Library/Developer/Xcode/DerivedData/ALADDIN-eahryzmutvtbyceygnlyjsmiiaha/Build/Intermediates.noindex/ALADDIN.build/Debug-iphonesimulator/ALADDIN.build/Objects-normal/arm64/MessageActionsMenu.o -o /Users/sergejhlystov/Library/Developer/Xcode/DerivedData/ALADDIN-eahryzmutvtbyceygnlyjsmiiaha/Build/Intermediates.noindex/ALADDIN.build/Debug-iphonesimulator/ALADDIN.build/Objects-normal/arm64/Spacing.o -index-store-path /Users/sergejhlystov/Library/Developer/Xcode/DerivedData/ALADDIN-eahryzmutvtbyceygnlyjsmiiaha/Index/DataStore -index-system-modules
/Users/sergejhlystov/ALADDIN_NEW/ALADDIN_NEW/mobile_apps/ALADDIN_iOS/Core/Network/NetworkManager.swift:1371:19: warning: 'catch' block is unreachable because no errors are thrown in 'do' block
                } catch {
                  ^
/Users/sergejhlystov/ALADDIN_NEW/ALADDIN_NEW/mobile_apps/ALADDIN_iOS/Core/Network/NetworkManager.swift:1540:13: warning: immutable value 'statusCode' was never used; consider removing it
        let statusCode: Int
            ^
/Users/sergejhlystov/ALADDIN_NEW/ALADDIN_NEW/mobile_apps/ALADDIN_iOS/Core/Managers/SubscriptionManager.swift:296:23: warning: result of call to 'registerDeviceAnonymously()' is unused
            try await registerDeviceAnonymously()
                      ^                        ~~
/Users/sergejhlystov/ALADDIN_NEW/ALADDIN_NEW/mobile_apps/ALADDIN_iOS/Core/Managers/SubscriptionManager.swift:1315:13: warning: initialization of immutable value 'testSyncSubscription' was never used; consider replacing with assignment to '_' or removing it
        let testSyncSubscription = createSubscriptionStatus(
        ~~~~^~~~~~~~~~~~~~~~~~~~
        _
/Users/sergejhlystov/ALADDIN_NEW/ALADDIN_NEW/mobile_apps/ALADDIN_iOS/Core/Managers/SubscriptionManager.swift:1496:17: warning: initialization of immutable value 'testServerSubscription' was never used; consider replacing with assignment to '_' or removing it
            let testServerSubscription = SubscriptionStatus(
            ~~~~^~~~~~~~~~~~~~~~~~~~~~
            _
/Users/sergejhlystov/ALADDIN_NEW/ALADDIN_NEW/mobile_apps/ALADDIN_iOS/Core/Managers/SubscriptionManager.swift:1506:11: warning: 'catch' block is unreachable because no errors are thrown in 'do' block
        } catch {
          ^
/Users/sergejhlystov/ALADDIN_NEW/ALADDIN_NEW/mobile_apps/ALADDIN_iOS/Core/Managers/SubscriptionManager.swift:1729:27: warning: result of call to 'registerDeviceAnonymously()' is unused
                try await registerDeviceAnonymously()
                          ^                        ~~
/Users/sergejhlystov/ALADDIN_NEW/ALADDIN_NEW/mobile_apps/ALADDIN_iOS/ViewModels/AIAssistantViewModel.swift:115:35: warning: immutable value 'error' was never used; consider replacing with '_' or removing it
                case .failure(let error):
                              ~~~~^~~~~
                              _
/Users/sergejhlystov/ALADDIN_NEW/ALADDIN_NEW/mobile_apps/ALADDIN_iOS/Screens/22_DeviceDetailScreen.swift:465:83: warning: left side of nil coalescing operator '??' has non-optional type 'String', so the right side is never used
                Text(localizationManager.localized("device_detail_threats_empty") ?? "Нет угроз")
/Users/sergejhlystov/ALADDIN_NEW/ALADDIN_NEW/mobile_apps/ALADDIN_iOS/Screens/22_DeviceDetailScreen.swift:514:86: warning: left side of nil coalescing operator '??' has non-optional type 'String', so the right side is never used
            let format = localizationManager.localized("device_detail_threat_count") ?? "Обнаружено: %d"
/Users/sergejhlystov/ALADDIN_NEW/ALADDIN_NEW/mobile_apps/ALADDIN_iOS/Screens/22_DeviceDetailScreen.swift:517:77: warning: left side of nil coalescing operator '??' has non-optional type 'String', so the right side is never used
        return localizationManager.localized("device_detail_threat_recent") ?? "Недавно"
/Users/sergejhlystov/ALADDIN_NEW/ALADDIN_NEW/mobile_apps/ALADDIN_iOS/Screens/22_DeviceDetailScreen.swift:534:46: warning: literal value is already handled by previous pattern; consider removing it
            case "medium", "средняя", "medium":
/Users/sergejhlystov/ALADDIN_NEW/ALADDIN_NEW/mobile_apps/ALADDIN_iOS/Screens/22_DeviceDetailScreen.swift:534:18: note: first occurrence of identical literal pattern is here
            case "medium", "средняя", "medium":
/Users/sergejhlystov/ALADDIN_NEW/ALADDIN_NEW/mobile_apps/ALADDIN_iOS/Core/Monitoring/MetricsService.swift:343:9: warning: immutable property will not be decoded because it is declared with an initial value which cannot be overwritten
    let type: String = "error"
        ^
/Users/sergejhlystov/ALADDIN_NEW/ALADDIN_NEW/mobile_apps/ALADDIN_iOS/Core/Monitoring/MetricsService.swift:343:9: note: set the initial value via the initializer or explicitly define a CodingKeys enum including a 'type' case to silence this warning
    let type: String = "error"
        ^
/Users/sergejhlystov/ALADDIN_NEW/ALADDIN_NEW/mobile_apps/ALADDIN_iOS/Core/Monitoring/MetricsService.swift:343:9: note: make the property mutable instead
    let type: String = "error"
    ~~~ ^
    var
/Users/sergejhlystov/ALADDIN_NEW/ALADDIN_NEW/mobile_apps/ALADDIN_iOS/Core/Monitoring/MetricsService.swift:352:9: warning: immutable property will not be decoded because it is declared with an initial value which cannot be overwritten
    let type: String = "alert"
        ^
/Users/sergejhlystov/ALADDIN_NEW/ALADDIN_NEW/mobile_apps/ALADDIN_iOS/Core/Monitoring/MetricsService.swift:352:9: note: set the initial value via the initializer or explicitly define a CodingKeys enum including a 'type' case to silence this warning
    let type: String = "alert"
        ^
/Users/sergejhlystov/ALADDIN_NEW/ALADDIN_NEW/mobile_apps/ALADDIN_iOS/Core/Monitoring/MetricsService.swift:352:9: note: make the property mutable instead
    let type: String = "alert"
    ~~~ ^
    var

SwiftDriverJob-Compile normal arm64 Compiling\ FamilyProtectorView.swift,\ TokenManager.swift,\ Fonts.swift,\ GamesParentalControlView.swift,\ QRScannerModal.swift,\ 04_AnalyticsScreen.swift,\ TariffFeaturesGallery.swift,\ ContentBlockerRule.swift,\ 24_NetworkProtectionEnergyStatsScreen.swift,\ ComponentAnalyticsModels.swift,\ EmergencyNotificationsView.swift,\ PaymentRecoveryView.swift,\ ProfileEditView.swift,\ ComponentToggleCard.swift,\ TariffsViewModel.swift,\ NotificationManager.swift,\ ProtectionSettings.swift,\ RemoteNotificationsService.swift,\ IntegrationTestViewModel.swift,\ GeofenceModels.swift,\ ComponentConfiguration.swift,\ SecurityManager.swift,\ TokenValidator.swift /Users/sergejhlystov/ALADDIN_NEW/ALADDIN_NEW/mobile_apps/ALADDIN_iOS/Screens/FamilyProtectorView.swift /Users/sergejhlystov/ALADDIN_NEW/ALADDIN_NEW/mobile_apps/ALADDIN_iOS/Core/Managers/TokenManager.swift /Users/sergejhlystov/ALADDIN_NEW/ALADDIN_NEW/mobile_apps/ALADDIN_iOS/Shared/Styles/Fonts.swift /Users/sergejhlystov/ALADDIN_NEW/ALADDIN_NEW/mobile_apps/ALADDIN_iOS/Screens/GamesParentalControlView.swift /Users/sergejhlystov/ALADDIN_NEW/ALADDIN_NEW/mobile_apps/ALADDIN_iOS/Shared/Components/QRScannerModal.swift /Users/sergejhlystov/ALADDIN_NEW/ALADDIN_NEW/mobile_apps/ALADDIN_iOS/Screens/04_AnalyticsScreen.swift /Users/sergejhlystov/ALADDIN_NEW/ALADDIN_NEW/mobile_apps/ALADDIN_iOS/Components/TariffFeaturesGallery.swift /Users/sergejhlystov/ALADDIN_NEW/ALADDIN_NEW/mobile_apps/ALADDIN_iOS/Core/ContentBlocker/ContentBlockerRule.swift /Users/sergejhlystov/ALADDIN_NEW/ALADDIN_NEW/mobile_apps/ALADDIN_iOS/Screens/24_NetworkProtectionEnergyStatsScreen.swift /Users/sergejhlystov/ALADDIN_NEW/ALADDIN_NEW/mobile_apps/ALADDIN_iOS/Core/Analytics/ComponentAnalyticsModels.swift /Users/sergejhlystov/ALADDIN_NEW/ALADDIN_NEW/mobile_apps/ALADDIN_iOS/Screens/Views/EmergencyNotificationsView.swift /Users/sergejhlystov/ALADDIN_NEW/ALADDIN_NEW/mobile_apps/ALADDIN_iOS/Screens/Views/PaymentRecoveryView.swift /Users/sergejhlystov/ALADDIN_NEW/ALADDIN_NEW/mobile_apps/ALADDIN_iOS/Shared/Components/Modals/ProfileEditView.swift /Users/sergejhlystov/ALADDIN_NEW/ALADDIN_NEW/mobile_apps/ALADDIN_iOS/Shared/Components/ComponentToggleCard.swift /Users/sergejhlystov/ALADDIN_NEW/ALADDIN_NEW/mobile_apps/ALADDIN_iOS/ViewModels/TariffsViewModel.swift /Users/sergejhlystov/ALADDIN_NEW/ALADDIN_NEW/mobile_apps/ALADDIN_iOS/Core/Notifications/NotificationManager.swift /Users/sergejhlystov/ALADDIN_NEW/ALADDIN_NEW/mobile_apps/ALADDIN_iOS/Shared/Models/ProtectionSettings.swift /Users/sergejhlystov/ALADDIN_NEW/ALADDIN_NEW/mobile_apps/ALADDIN_iOS/Core/Notifications/RemoteNotificationsService.swift /Users/sergejhlystov/ALADDIN_NEW/ALADDIN_NEW/mobile_apps/ALADDIN_iOS/IntegrationTestViewModel.swift /Users/sergejhlystov/ALADDIN_NEW/ALADDIN_NEW/mobile_apps/ALADDIN_iOS/Core/Models/GeofenceModels.swift /Users/sergejhlystov/ALADDIN_NEW/ALADDIN_NEW/mobile_apps/ALADDIN_iOS/Core/Models/ComponentConfiguration.swift /Users/sergejhlystov/ALADDIN_NEW/ALADDIN_NEW/mobile_apps/ALADDIN_iOS/Core/Security/SecurityManager.swift /Users/sergejhlystov/ALADDIN_NEW/ALADDIN_NEW/mobile_apps/ALADDIN_iOS/Core/Managers/TokenValidator.swift (in target 'ALADDIN' from project 'ALADDIN')
    cd /Users/sergejhlystov/ALADDIN_NEW/ALADDIN_NEW/mobile_apps/ALADDIN_iOS
    export DEVELOPER_DIR\=/Applications/Xcode.app/Contents/Developer
    export SDKROOT\=/Applications/Xcode.app/Contents/Developer/Platforms/iPhoneSimulator.platform/Developer/SDKs/iPhoneSimulator15.2.sdk
    builtin-swiftDriverJobExecution -- /Applications/Xcode.app/Contents/Developer/Toolchains/XcodeDefault.xctoolchain/usr/bin/swift-frontend -frontend -c -filelist /Users/sergejhlystov/Library/Developer/Xcode/DerivedData/ALADDIN-eahryzmutvtbyceygnlyjsmiiaha/Build/Intermediates.noindex/ALADDIN.build/Debug-iphonesimulator/ALADDIN.build/Objects-normal/arm64/sources-1 -primary-file /Users/sergejhlystov/ALADDIN_NEW/ALADDIN_NEW/mobile_apps/ALADDIN_iOS/Screens/FamilyProtectorView.swift -primary-file /Users/sergejhlystov/ALADDIN_NEW/ALADDIN_NEW/mobile_apps/ALADDIN_iOS/Core/Managers/TokenManager.swift -primary-file /Users/sergejhlystov/ALADDIN_NEW/ALADDIN_NEW/mobile_apps/ALADDIN_iOS/Shared/Styles/Fonts.swift -primary-file /Users/sergejhlystov/ALADDIN_NEW/ALADDIN_NEW/mobile_apps/ALADDIN_iOS/Screens/GamesParentalControlView.swift -primary-file /Users/sergejhlystov/ALADDIN_NEW/ALADDIN_NEW/mobile_apps/ALADDIN_iOS/Shared/Components/QRScannerModal.swift -primary-file /Users/sergejhlystov/ALADDIN_NEW/ALADDIN_NEW/mobile_apps/ALADDIN_iOS/Screens/04_AnalyticsScreen.swift -primary-file /Users/sergejhlystov/ALADDIN_NEW/ALADDIN_NEW/mobile_apps/ALADDIN_iOS/Components/TariffFeaturesGallery.swift -primary-file /Users/sergejhlystov/ALADDIN_NEW/ALADDIN_NEW/mobile_apps/ALADDIN_iOS/Core/ContentBlocker/ContentBlockerRule.swift -primary-file /Users/sergejhlystov/ALADDIN_NEW/ALADDIN_NEW/mobile_apps/ALADDIN_iOS/Screens/24_NetworkProtectionEnergyStatsScreen.swift -primary-file /Users/sergejhlystov/ALADDIN_NEW/ALADDIN_NEW/mobile_apps/ALADDIN_iOS/Core/Analytics/ComponentAnalyticsModels.swift -primary-file /Users/sergejhlystov/ALADDIN_NEW/ALADDIN_NEW/mobile_apps/ALADDIN_iOS/Screens/Views/EmergencyNotificationsView.swift -primary-file /Users/sergejhlystov/ALADDIN_NEW/ALADDIN_NEW/mobile_apps/ALADDIN_iOS/Screens/Views/PaymentRecoveryView.swift -primary-file /Users/sergejhlystov/ALADDIN_NEW/ALADDIN_NEW/mobile_apps/ALADDIN_iOS/Shared/Components/Modals/ProfileEditView.swift -primary-file /Users/sergejhlystov/ALADDIN_NEW/ALADDIN_NEW/mobile_apps/ALADDIN_iOS/Shared/Components/ComponentToggleCard.swift -primary-file /Users/sergejhlystov/ALADDIN_NEW/ALADDIN_NEW/mobile_apps/ALADDIN_iOS/ViewModels/TariffsViewModel.swift -primary-file /Users/sergejhlystov/ALADDIN_NEW/ALADDIN_NEW/mobile_apps/ALADDIN_iOS/Core/Notifications/NotificationManager.swift -primary-file /Users/sergejhlystov/ALADDIN_NEW/ALADDIN_NEW/mobile_apps/ALADDIN_iOS/Shared/Models/ProtectionSettings.swift -primary-file /Users/sergejhlystov/ALADDIN_NEW/ALADDIN_NEW/mobile_apps/ALADDIN_iOS/Core/Notifications/RemoteNotificationsService.swift -primary-file /Users/sergejhlystov/ALADDIN_NEW/ALADDIN_NEW/mobile_apps/ALADDIN_iOS/IntegrationTestViewModel.swift -primary-file /Users/sergejhlystov/ALADDIN_NEW/ALADDIN_NEW/mobile_apps/ALADDIN_iOS/Core/Models/GeofenceModels.swift -primary-file /Users/sergejhlystov/ALADDIN_NEW/ALADDIN_NEW/mobile_apps/ALADDIN_iOS/Core/Models/ComponentConfiguration.swift -primary-file /Users/sergejhlystov/ALADDIN_NEW/ALADDIN_NEW/mobile_apps/ALADDIN_iOS/Core/Security/SecurityManager.swift -primary-file /Users/sergejhlystov/ALADDIN_NEW/ALADDIN_NEW/mobile_apps/ALADDIN_iOS/Core/Managers/TokenValidator.swift -supplementary-output-file-map /Users/sergejhlystov/Library/Developer/Xcode/DerivedData/ALADDIN-eahryzmutvtbyceygnlyjsmiiaha/Build/Intermediates.noindex/ALADDIN.build/Debug-iphonesimulator/ALADDIN.build/Objects-normal/arm64/supplementaryOutputs-9 -target arm64-apple-ios15.2-simulator -Xllvm -aarch64-use-tbi -enable-objc-interop -sdk /Applications/Xcode.app/Contents/Developer/Platforms/iPhoneSimulator.platform/Developer/SDKs/iPhoneSimulator15.2.sdk -I /Users/sergejhlystov/Library/Developer/Xcode/DerivedData/ALADDIN-eahryzmutvtbyceygnlyjsmiiaha/Build/Products/Debug-iphonesimulator -F /Users/sergejhlystov/Library/Developer/Xcode/DerivedData/ALADDIN-eahryzmutvtbyceygnlyjsmiiaha/Build/Products/Debug-iphonesimulator -no-color-diagnostics -enable-testing -g -module-cache-path /Users/sergejhlystov/Library/Developer/Xcode/DerivedData/ModuleCache.noindex -emit-localized-strings -emit-localized-strings-path /Users/sergejhlystov/Library/Developer/Xcode/DerivedData/ALADDIN-eahryzmutvtbyceygnlyjsmiiaha/Build/Intermediates.noindex/ALADDIN.build/Debug-iphonesimulator/ALADDIN.build/Objects-normal/arm64 -swift-version 5 -enforce-exclusivity\=checked -Onone -D DEBUG -serialize-debugging-options -Xcc -working-directory -Xcc /Users/sergejhlystov/ALADDIN_NEW/ALADDIN_NEW/mobile_apps/ALADDIN_iOS -resource-dir /Applications/Xcode.app/Contents/Developer/Toolchains/XcodeDefault.xctoolchain/usr/lib/swift -enable-anonymous-context-mangled-names -Xcc -I/Users/sergejhlystov/Library/Developer/Xcode/DerivedData/ALADDIN-eahryzmutvtbyceygnlyjsmiiaha/Build/Intermediates.noindex/ALADDIN.build/Debug-iphonesimulator/ALADDIN.build/swift-overrides.hmap -Xcc -iquote -Xcc /Users/sergejhlystov/Library/Developer/Xcode/DerivedData/ALADDIN-eahryzmutvtbyceygnlyjsmiiaha/Build/Intermediates.noindex/ALADDIN.build/Debug-iphonesimulator/ALADDIN.build/ALADDIN-generated-files.hmap -Xcc -I/Users/sergejhlystov/Library/Developer/Xcode/DerivedData/ALADDIN-eahryzmutvtbyceygnlyjsmiiaha/Build/Intermediates.noindex/ALADDIN.build/Debug-iphonesimulator/ALADDIN.build/ALADDIN-own-target-headers.hmap -Xcc -I/Users/sergejhlystov/Library/Developer/Xcode/DerivedData/ALADDIN-eahryzmutvtbyceygnlyjsmiiaha/Build/Intermediates.noindex/ALADDIN.build/Debug-iphonesimulator/ALADDIN.build/ALADDIN-all-target-headers.hmap -Xcc -iquote -Xcc /Users/sergejhlystov/Library/Developer/Xcode/DerivedData/ALADDIN-eahryzmutvtbyceygnlyjsmiiaha/Build/Intermediates.noindex/ALADDIN.build/Debug-iphonesimulator/ALADDIN.build/ALADDIN-project-headers.hmap -Xcc -I/Users/sergejhlystov/Library/Developer/Xcode/DerivedData/ALADDIN-eahryzmutvtbyceygnlyjsmiiaha/Build/Products/Debug-iphonesimulator/include -Xcc -I/Users/sergejhlystov/Library/Developer/Xcode/DerivedData/ALADDIN-eahryzmutvtbyceygnlyjsmiiaha/Build/Intermediates.noindex/ALADDIN.build/Debug-iphonesimulator/ALADDIN.build/DerivedSources-normal/arm64 -Xcc -I/Users/sergejhlystov/Library/Developer/Xcode/DerivedData/ALADDIN-eahryzmutvtbyceygnlyjsmiiaha/Build/Intermediates.noindex/ALADDIN.build/Debug-iphonesimulator/ALADDIN.build/DerivedSources/arm64 -Xcc -I/Users/sergejhlystov/Library/Developer/Xcode/DerivedData/ALADDIN-eahryzmutvtbyceygnlyjsmiiaha/Build/Intermediates.noindex/ALADDIN.build/Debug-iphonesimulator/ALADDIN.build/DerivedSources -Xcc -DDEBUG\=1 -module-name ALADDIN -target-sdk-version 15.2.0 -o /Users/sergejhlystov/Library/Developer/Xcode/DerivedData/ALADDIN-eahryzmutvtbyceygnlyjsmiiaha/Build/Intermediates.noindex/ALADDIN.build/Debug-iphonesimulator/ALADDIN.build/Objects-normal/arm64/FamilyProtectorView.o -o /Users/sergejhlystov/Library/Developer/Xcode/DerivedData/ALADDIN-eahryzmutvtbyceygnlyjsmiiaha/Build/Intermediates.noindex/ALADDIN.build/Debug-iphonesimulator/ALADDIN.build/Objects-normal/arm64/TokenManager.o -o /Users/sergejhlystov/Library/Developer/Xcode/DerivedData/ALADDIN-eahryzmutvtbyceygnlyjsmiiaha/Build/Intermediates.noindex/ALADDIN.build/Debug-iphonesimulator/ALADDIN.build/Objects-normal/arm64/Fonts.o -o /Users/sergejhlystov/Library/Developer/Xcode/DerivedData/ALADDIN-eahryzmutvtbyceygnlyjsmiiaha/Build/Intermediates.noindex/ALADDIN.build/Debug-iphonesimulator/ALADDIN.build/Objects-normal/arm64/GamesParentalControlView.o -o /Users/sergejhlystov/Library/Developer/Xcode/DerivedData/ALADDIN-eahryzmutvtbyceygnlyjsmiiaha/Build/Intermediates.noindex/ALADDIN.build/Debug-iphonesimulator/ALADDIN.build/Objects-normal/arm64/QRScannerModal.o -o /Users/sergejhlystov/Library/Developer/Xcode/DerivedData/ALADDIN-eahryzmutvtbyceygnlyjsmiiaha/Build/Intermediates.noindex/ALADDIN.build/Debug-iphonesimulator/ALADDIN.build/Objects-normal/arm64/04_AnalyticsScreen.o -o /Users/sergejhlystov/Library/Developer/Xcode/DerivedData/ALADDIN-eahryzmutvtbyceygnlyjsmiiaha/Build/Intermediates.noindex/ALADDIN.build/Debug-iphonesimulator/ALADDIN.build/Objects-normal/arm64/TariffFeaturesGallery.o -o /Users/sergejhlystov/Library/Developer/Xcode/DerivedData/ALADDIN-eahryzmutvtbyceygnlyjsmiiaha/Build/Intermediates.noindex/ALADDIN.build/Debug-iphonesimulator/ALADDIN.build/Objects-normal/arm64/ContentBlockerRule.o -o /Users/sergejhlystov/Library/Developer/Xcode/DerivedData/ALADDIN-eahryzmutvtbyceygnlyjsmiiaha/Build/Intermediates.noindex/ALADDIN.build/Debug-iphonesimulator/ALADDIN.build/Objects-normal/arm64/24_NetworkProtectionEnergyStatsScreen.o -o /Users/sergejhlystov/Library/Developer/Xcode/DerivedData/ALADDIN-eahryzmutvtbyceygnlyjsmiiaha/Build/Intermediates.noindex/ALADDIN.build/Debug-iphonesimulator/ALADDIN.build/Objects-normal/arm64/ComponentAnalyticsModels.o -o /Users/sergejhlystov/Library/Developer/Xcode/DerivedData/ALADDIN-eahryzmutvtbyceygnlyjsmiiaha/Build/Intermediates.noindex/ALADDIN.build/Debug-iphonesimulator/ALADDIN.build/Objects-normal/arm64/EmergencyNotificationsView.o -o /Users/sergejhlystov/Library/Developer/Xcode/DerivedData/ALADDIN-eahryzmutvtbyceygnlyjsmiiaha/Build/Intermediates.noindex/ALADDIN.build/Debug-iphonesimulator/ALADDIN.build/Objects-normal/arm64/PaymentRecoveryView.o -o /Users/sergejhlystov/Library/Developer/Xcode/DerivedData/ALADDIN-eahryzmutvtbyceygnlyjsmiiaha/Build/Intermediates.noindex/ALADDIN.build/Debug-iphonesimulator/ALADDIN.build/Objects-normal/arm64/ProfileEditView.o -o /Users/sergejhlystov/Library/Developer/Xcode/DerivedData/ALADDIN-eahryzmutvtbyceygnlyjsmiiaha/Build/Intermediates.noindex/ALADDIN.build/Debug-iphonesimulator/ALADDIN.build/Objects-normal/arm64/ComponentToggleCard.o -o /Users/sergejhlystov/Library/Developer/Xcode/DerivedData/ALADDIN-eahryzmutvtbyceygnlyjsmiiaha/Build/Intermediates.noindex/ALADDIN.build/Debug-iphonesimulator/ALADDIN.build/Objects-normal/arm64/TariffsViewModel.o -o /Users/sergejhlystov/Library/Developer/Xcode/DerivedData/ALADDIN-eahryzmutvtbyceygnlyjsmiiaha/Build/Intermediates.noindex/ALADDIN.build/Debug-iphonesimulator/ALADDIN.build/Objects-normal/arm64/NotificationManager.o -o /Users/sergejhlystov/Library/Developer/Xcode/DerivedData/ALADDIN-eahryzmutvtbyceygnlyjsmiiaha/Build/Intermediates.noindex/ALADDIN.build/Debug-iphonesimulator/ALADDIN.build/Objects-normal/arm64/ProtectionSettings.o -o /Users/sergejhlystov/Library/Developer/Xcode/DerivedData/ALADDIN-eahryzmutvtbyceygnlyjsmiiaha/Build/Intermediates.noindex/ALADDIN.build/Debug-iphonesimulator/ALADDIN.build/Objects-normal/arm64/RemoteNotificationsService.o -o /Users/sergejhlystov/Library/Developer/Xcode/DerivedData/ALADDIN-eahryzmutvtbyceygnlyjsmiiaha/Build/Intermediates.noindex/ALADDIN.build/Debug-iphonesimulator/ALADDIN.build/Objects-normal/arm64/IntegrationTestViewModel.o -o /Users/sergejhlystov/Library/Developer/Xcode/DerivedData/ALADDIN-eahryzmutvtbyceygnlyjsmiiaha/Build/Intermediates.noindex/ALADDIN.build/Debug-iphonesimulator/ALADDIN.build/Objects-normal/arm64/GeofenceModels.o -o /Users/sergejhlystov/Library/Developer/Xcode/DerivedData/ALADDIN-eahryzmutvtbyceygnlyjsmiiaha/Build/Intermediates.noindex/ALADDIN.build/Debug-iphonesimulator/ALADDIN.build/Objects-normal/arm64/ComponentConfiguration.o -o /Users/sergejhlystov/Library/Developer/Xcode/DerivedData/ALADDIN-eahryzmutvtbyceygnlyjsmiiaha/Build/Intermediates.noindex/ALADDIN.build/Debug-iphonesimulator/ALADDIN.build/Objects-normal/arm64/SecurityManager.o -o /Users/sergejhlystov/Library/Developer/Xcode/DerivedData/ALADDIN-eahryzmutvtbyceygnlyjsmiiaha/Build/Intermediates.noindex/ALADDIN.build/Debug-iphonesimulator/ALADDIN.build/Objects-normal/arm64/TokenValidator.o -index-store-path /Users/sergejhlystov/Library/Developer/Xcode/DerivedData/ALADDIN-eahryzmutvtbyceygnlyjsmiiaha/Index/DataStore -index-system-modules
/Users/sergejhlystov/ALADDIN_NEW/ALADDIN_NEW/mobile_apps/ALADDIN_iOS/Screens/04_AnalyticsScreen.swift:173:81: warning: left side of nil coalescing operator '??' has non-optional type 'String', so the right side is never used
                Text(localizationManager.localized("analytics_data_source_api") ?? "Реальные данные")
/Users/sergejhlystov/ALADDIN_NEW/ALADDIN_NEW/mobile_apps/ALADDIN_iOS/Screens/04_AnalyticsScreen.swift:179:83: warning: left side of nil coalescing operator '??' has non-optional type 'String', so the right side is never used
                Text(localizationManager.localized("analytics_data_source_cache") ?? "Данные из кэша")
/Users/sergejhlystov/ALADDIN_NEW/ALADDIN_NEW/mobile_apps/ALADDIN_iOS/Screens/04_AnalyticsScreen.swift:185:83: warning: left side of nil coalescing operator '??' has non-optional type 'String', so the right side is never used
                Text(localizationManager.localized("analytics_data_source_empty") ?? "Нет данных")
/Users/sergejhlystov/ALADDIN_NEW/ALADDIN_NEW/mobile_apps/ALADDIN_iOS/Screens/04_AnalyticsScreen.swift:191:83: warning: left side of nil coalescing operator '??' has non-optional type 'String', so the right side is never used
                Text(localizationManager.localized("analytics_data_source_error") ?? "Ошибка загрузки")
/Users/sergejhlystov/ALADDIN_NEW/ALADDIN_NEW/mobile_apps/ALADDIN_iOS/Screens/04_AnalyticsScreen.swift:253:80: warning: left side of nil coalescing operator '??' has non-optional type 'String', so the right side is never used
                    Text(localizationManager.localized("analytics_no_threats") ?? "Нет данных об угрозах")
/Users/sergejhlystov/ALADDIN_NEW/ALADDIN_NEW/mobile_apps/ALADDIN_iOS/ViewModels/TariffsViewModel.swift:192:21: warning: initialization of immutable value 'localizationManager' was never used; consider replacing with assignment to '_' or removing it
                let localizationManager = LocalizationManager.shared
                ~~~~^~~~~~~~~~~~~~~~~~~
                _
/Users/sergejhlystov/ALADDIN_NEW/ALADDIN_NEW/mobile_apps/ALADDIN_iOS/ViewModels/TariffsViewModel.swift:637:11: warning: 'catch' block is unreachable because no errors are thrown in 'do' block
        } catch {
          ^

SwiftDriverJob-Compile normal arm64 Compiling\ RecoveryOptionsModal.swift,\ ComponentError.swift,\ ShareSheet.swift,\ TariffCard.swift,\ SettingsViewModel.swift,\ DrivingReportsModal.swift,\ VoiceRecordingView.swift,\ AdditionalFeaturesManager.swift,\ InfoRow.swift,\ 25_PaymentQRScreen.swift,\ RoleSelectionModal.swift,\ ProtectionLevelExplanationModal.swift,\ ProtectionLevelHistoryModal.swift,\ SettingsDiagnosticsLogger.swift,\ RecursionMonitor.swift,\ StackSizeMonitor.swift,\ MonitoredUserDefaults.swift,\ MonitoredAppStorage.swift,\ RecoveryCodeModal.swift,\ SupportViewModel.swift,\ MessageReactionsView.swift,\ CrashLogsView.swift,\ ChildInterfaceViewModel.swift /Users/sergejhlystov/ALADDIN_NEW/ALADDIN_NEW/mobile_apps/ALADDIN_iOS/Shared/Components/RecoveryOptionsModal.swift /Users/sergejhlystov/ALADDIN_NEW/ALADDIN_NEW/mobile_apps/ALADDIN_iOS/Core/Models/ComponentError.swift /Users/sergejhlystov/ALADDIN_NEW/ALADDIN_NEW/mobile_apps/ALADDIN_iOS/Shared/Components/ShareSheet.swift /Users/sergejhlystov/ALADDIN_NEW/ALADDIN_NEW/mobile_apps/ALADDIN_iOS/Shared/Models/TariffCard.swift /Users/sergejhlystov/ALADDIN_NEW/ALADDIN_NEW/mobile_apps/ALADDIN_iOS/ViewModels/SettingsViewModel.swift /Users/sergejhlystov/ALADDIN_NEW/ALADDIN_NEW/mobile_apps/ALADDIN_iOS/Shared/Components/Modals/DrivingReportsModal.swift /Users/sergejhlystov/ALADDIN_NEW/ALADDIN_NEW/mobile_apps/ALADDIN_iOS/Shared/Components/Chat/VoiceRecordingView.swift /Users/sergejhlystov/ALADDIN_NEW/ALADDIN_NEW/mobile_apps/ALADDIN_iOS/Core/Managers/AdditionalFeaturesManager.swift /Users/sergejhlystov/ALADDIN_NEW/ALADDIN_NEW/mobile_apps/ALADDIN_iOS/Shared/Components/InfoRow.swift /Users/sergejhlystov/ALADDIN_NEW/ALADDIN_NEW/mobile_apps/ALADDIN_iOS/Screens/25_PaymentQRScreen.swift /Users/sergejhlystov/ALADDIN_NEW/ALADDIN_NEW/mobile_apps/ALADDIN_iOS/Shared/Components/Modals/RoleSelectionModal.swift /Users/sergejhlystov/ALADDIN_NEW/ALADDIN_NEW/mobile_apps/ALADDIN_iOS/Shared/Components/Modals/ProtectionLevelExplanationModal.swift /Users/sergejhlystov/ALADDIN_NEW/ALADDIN_NEW/mobile_apps/ALADDIN_iOS/Shared/Components/Modals/ProtectionLevelHistoryModal.swift /Users/sergejhlystov/ALADDIN_NEW/ALADDIN_NEW/mobile_apps/ALADDIN_iOS/Core/Diagnostics/SettingsDiagnosticsLogger.swift /Users/sergejhlystov/ALADDIN_NEW/ALADDIN_NEW/mobile_apps/ALADDIN_iOS/Core/Diagnostics/RecursionMonitor.swift /Users/sergejhlystov/ALADDIN_NEW/ALADDIN_NEW/mobile_apps/ALADDIN_iOS/Core/Diagnostics/StackSizeMonitor.swift /Users/sergejhlystov/ALADDIN_NEW/ALADDIN_NEW/mobile_apps/ALADDIN_iOS/Core/Diagnostics/MonitoredUserDefaults.swift /Users/sergejhlystov/ALADDIN_NEW/ALADDIN_NEW/mobile_apps/ALADDIN_iOS/Core/Diagnostics/MonitoredAppStorage.swift /Users/sergejhlystov/ALADDIN_NEW/ALADDIN_NEW/mobile_apps/ALADDIN_iOS/Shared/Components/Modals/RecoveryCodeModal.swift /Users/sergejhlystov/ALADDIN_NEW/ALADDIN_NEW/mobile_apps/ALADDIN_iOS/ViewModels/SupportViewModel.swift /Users/sergejhlystov/ALADDIN_NEW/ALADDIN_NEW/mobile_apps/ALADDIN_iOS/Shared/Components/Chat/MessageReactionsView.swift /Users/sergejhlystov/ALADDIN_NEW/ALADDIN_NEW/mobile_apps/ALADDIN_iOS/Screens/CrashLogsView.swift /Users/sergejhlystov/ALADDIN_NEW/ALADDIN_NEW/mobile_apps/ALADDIN_iOS/ViewModels/ChildInterfaceViewModel.swift (in target 'ALADDIN' from project 'ALADDIN')
    cd /Users/sergejhlystov/ALADDIN_NEW/ALADDIN_NEW/mobile_apps/ALADDIN_iOS
    export DEVELOPER_DIR\=/Applications/Xcode.app/Contents/Developer
    export SDKROOT\=/Applications/Xcode.app/Contents/Developer/Platforms/iPhoneSimulator.platform/Developer/SDKs/iPhoneSimulator15.2.sdk
    builtin-swiftDriverJobExecution -- /Applications/Xcode.app/Contents/Developer/Toolchains/XcodeDefault.xctoolchain/usr/bin/swift-frontend -frontend -c -filelist /Users/sergejhlystov/Library/Developer/Xcode/DerivedData/ALADDIN-eahryzmutvtbyceygnlyjsmiiaha/Build/Intermediates.noindex/ALADDIN.build/Debug-iphonesimulator/ALADDIN.build/Objects-normal/arm64/sources-1 -primary-file /Users/sergejhlystov/ALADDIN_NEW/ALADDIN_NEW/mobile_apps/ALADDIN_iOS/Shared/Components/RecoveryOptionsModal.swift -primary-file /Users/sergejhlystov/ALADDIN_NEW/ALADDIN_NEW/mobile_apps/ALADDIN_iOS/Core/Models/ComponentError.swift -primary-file /Users/sergejhlystov/ALADDIN_NEW/ALADDIN_NEW/mobile_apps/ALADDIN_iOS/Shared/Components/ShareSheet.swift -primary-file /Users/sergejhlystov/ALADDIN_NEW/ALADDIN_NEW/mobile_apps/ALADDIN_iOS/Shared/Models/TariffCard.swift -primary-file /Users/sergejhlystov/ALADDIN_NEW/ALADDIN_NEW/mobile_apps/ALADDIN_iOS/ViewModels/SettingsViewModel.swift -primary-file /Users/sergejhlystov/ALADDIN_NEW/ALADDIN_NEW/mobile_apps/ALADDIN_iOS/Shared/Components/Modals/DrivingReportsModal.swift -primary-file /Users/sergejhlystov/ALADDIN_NEW/ALADDIN_NEW/mobile_apps/ALADDIN_iOS/Shared/Components/Chat/VoiceRecordingView.swift -primary-file /Users/sergejhlystov/ALADDIN_NEW/ALADDIN_NEW/mobile_apps/ALADDIN_iOS/Core/Managers/AdditionalFeaturesManager.swift -primary-file /Users/sergejhlystov/ALADDIN_NEW/ALADDIN_NEW/mobile_apps/ALADDIN_iOS/Shared/Components/InfoRow.swift -primary-file /Users/sergejhlystov/ALADDIN_NEW/ALADDIN_NEW/mobile_apps/ALADDIN_iOS/Screens/25_PaymentQRScreen.swift -primary-file /Users/sergejhlystov/ALADDIN_NEW/ALADDIN_NEW/mobile_apps/ALADDIN_iOS/Shared/Components/Modals/RoleSelectionModal.swift -primary-file /Users/sergejhlystov/ALADDIN_NEW/ALADDIN_NEW/mobile_apps/ALADDIN_iOS/Shared/Components/Modals/ProtectionLevelExplanationModal.swift -primary-file /Users/sergejhlystov/ALADDIN_NEW/ALADDIN_NEW/mobile_apps/ALADDIN_iOS/Shared/Components/Modals/ProtectionLevelHistoryModal.swift -primary-file /Users/sergejhlystov/ALADDIN_NEW/ALADDIN_NEW/mobile_apps/ALADDIN_iOS/Core/Diagnostics/SettingsDiagnosticsLogger.swift -primary-file /Users/sergejhlystov/ALADDIN_NEW/ALADDIN_NEW/mobile_apps/ALADDIN_iOS/Core/Diagnostics/RecursionMonitor.swift -primary-file /Users/sergejhlystov/ALADDIN_NEW/ALADDIN_NEW/mobile_apps/ALADDIN_iOS/Core/Diagnostics/StackSizeMonitor.swift -primary-file /Users/sergejhlystov/ALADDIN_NEW/ALADDIN_NEW/mobile_apps/ALADDIN_iOS/Core/Diagnostics/MonitoredUserDefaults.swift -primary-file /Users/sergejhlystov/ALADDIN_NEW/ALADDIN_NEW/mobile_apps/ALADDIN_iOS/Core/Diagnostics/MonitoredAppStorage.swift -primary-file /Users/sergejhlystov/ALADDIN_NEW/ALADDIN_NEW/mobile_apps/ALADDIN_iOS/Shared/Components/Modals/RecoveryCodeModal.swift -primary-file /Users/sergejhlystov/ALADDIN_NEW/ALADDIN_NEW/mobile_apps/ALADDIN_iOS/ViewModels/SupportViewModel.swift -primary-file /Users/sergejhlystov/ALADDIN_NEW/ALADDIN_NEW/mobile_apps/ALADDIN_iOS/Shared/Components/Chat/MessageReactionsView.swift -primary-file /Users/sergejhlystov/ALADDIN_NEW/ALADDIN_NEW/mobile_apps/ALADDIN_iOS/Screens/CrashLogsView.swift -primary-file /Users/sergejhlystov/ALADDIN_NEW/ALADDIN_NEW/mobile_apps/ALADDIN_iOS/ViewModels/ChildInterfaceViewModel.swift -supplementary-output-file-map /Users/sergejhlystov/Library/Developer/Xcode/DerivedData/ALADDIN-eahryzmutvtbyceygnlyjsmiiaha/Build/Intermediates.noindex/ALADDIN.build/Debug-iphonesimulator/ALADDIN.build/Objects-normal/arm64/supplementaryOutputs-4 -target arm64-apple-ios15.2-simulator -Xllvm -aarch64-use-tbi -enable-objc-interop -sdk /Applications/Xcode.app/Contents/Developer/Platforms/iPhoneSimulator.platform/Developer/SDKs/iPhoneSimulator15.2.sdk -I /Users/sergejhlystov/Library/Developer/Xcode/DerivedData/ALADDIN-eahryzmutvtbyceygnlyjsmiiaha/Build/Products/Debug-iphonesimulator -F /Users/sergejhlystov/Library/Developer/Xcode/DerivedData/ALADDIN-eahryzmutvtbyceygnlyjsmiiaha/Build/Products/Debug-iphonesimulator -no-color-diagnostics -enable-testing -g -module-cache-path /Users/sergejhlystov/Library/Developer/Xcode/DerivedData/ModuleCache.noindex -emit-localized-strings -emit-localized-strings-path /Users/sergejhlystov/Library/Developer/Xcode/DerivedData/ALADDIN-eahryzmutvtbyceygnlyjsmiiaha/Build/Intermediates.noindex/ALADDIN.build/Debug-iphonesimulator/ALADDIN.build/Objects-normal/arm64 -swift-version 5 -enforce-exclusivity\=checked -Onone -D DEBUG -serialize-debugging-options -Xcc -working-directory -Xcc /Users/sergejhlystov/ALADDIN_NEW/ALADDIN_NEW/mobile_apps/ALADDIN_iOS -resource-dir /Applications/Xcode.app/Contents/Developer/Toolchains/XcodeDefault.xctoolchain/usr/lib/swift -enable-anonymous-context-mangled-names -Xcc -I/Users/sergejhlystov/Library/Developer/Xcode/DerivedData/ALADDIN-eahryzmutvtbyceygnlyjsmiiaha/Build/Intermediates.noindex/ALADDIN.build/Debug-iphonesimulator/ALADDIN.build/swift-overrides.hmap -Xcc -iquote -Xcc /Users/sergejhlystov/Library/Developer/Xcode/DerivedData/ALADDIN-eahryzmutvtbyceygnlyjsmiiaha/Build/Intermediates.noindex/ALADDIN.build/Debug-iphonesimulator/ALADDIN.build/ALADDIN-generated-files.hmap -Xcc -I/Users/sergejhlystov/Library/Developer/Xcode/DerivedData/ALADDIN-eahryzmutvtbyceygnlyjsmiiaha/Build/Intermediates.noindex/ALADDIN.build/Debug-iphonesimulator/ALADDIN.build/ALADDIN-own-target-headers.hmap -Xcc -I/Users/sergejhlystov/Library/Developer/Xcode/DerivedData/ALADDIN-eahryzmutvtbyceygnlyjsmiiaha/Build/Intermediates.noindex/ALADDIN.build/Debug-iphonesimulator/ALADDIN.build/ALADDIN-all-target-headers.hmap -Xcc -iquote -Xcc /Users/sergejhlystov/Library/Developer/Xcode/DerivedData/ALADDIN-eahryzmutvtbyceygnlyjsmiiaha/Build/Intermediates.noindex/ALADDIN.build/Debug-iphonesimulator/ALADDIN.build/ALADDIN-project-headers.hmap -Xcc -I/Users/sergejhlystov/Library/Developer/Xcode/DerivedData/ALADDIN-eahryzmutvtbyceygnlyjsmiiaha/Build/Products/Debug-iphonesimulator/include -Xcc -I/Users/sergejhlystov/Library/Developer/Xcode/DerivedData/ALADDIN-eahryzmutvtbyceygnlyjsmiiaha/Build/Intermediates.noindex/ALADDIN.build/Debug-iphonesimulator/ALADDIN.build/DerivedSources-normal/arm64 -Xcc -I/Users/sergejhlystov/Library/Developer/Xcode/DerivedData/ALADDIN-eahryzmutvtbyceygnlyjsmiiaha/Build/Intermediates.noindex/ALADDIN.build/Debug-iphonesimulator/ALADDIN.build/DerivedSources/arm64 -Xcc -I/Users/sergejhlystov/Library/Developer/Xcode/DerivedData/ALADDIN-eahryzmutvtbyceygnlyjsmiiaha/Build/Intermediates.noindex/ALADDIN.build/Debug-iphonesimulator/ALADDIN.build/DerivedSources -Xcc -DDEBUG\=1 -module-name ALADDIN -target-sdk-version 15.2.0 -o /Users/sergejhlystov/Library/Developer/Xcode/DerivedData/ALADDIN-eahryzmutvtbyceygnlyjsmiiaha/Build/Intermediates.noindex/ALADDIN.build/Debug-iphonesimulator/ALADDIN.build/Objects-normal/arm64/RecoveryOptionsModal.o -o /Users/sergejhlystov/Library/Developer/Xcode/DerivedData/ALADDIN-eahryzmutvtbyceygnlyjsmiiaha/Build/Intermediates.noindex/ALADDIN.build/Debug-iphonesimulator/ALADDIN.build/Objects-normal/arm64/ComponentError.o -o /Users/sergejhlystov/Library/Developer/Xcode/DerivedData/ALADDIN-eahryzmutvtbyceygnlyjsmiiaha/Build/Intermediates.noindex/ALADDIN.build/Debug-iphonesimulator/ALADDIN.build/Objects-normal/arm64/ShareSheet.o -o /Users/sergejhlystov/Library/Developer/Xcode/DerivedData/ALADDIN-eahryzmutvtbyceygnlyjsmiiaha/Build/Intermediates.noindex/ALADDIN.build/Debug-iphonesimulator/ALADDIN.build/Objects-normal/arm64/TariffCard.o -o /Users/sergejhlystov/Library/Developer/Xcode/DerivedData/ALADDIN-eahryzmutvtbyceygnlyjsmiiaha/Build/Intermediates.noindex/ALADDIN.build/Debug-iphonesimulator/ALADDIN.build/Objects-normal/arm64/SettingsViewModel.o -o /Users/sergejhlystov/Library/Developer/Xcode/DerivedData/ALADDIN-eahryzmutvtbyceygnlyjsmiiaha/Build/Intermediates.noindex/ALADDIN.build/Debug-iphonesimulator/ALADDIN.build/Objects-normal/arm64/DrivingReportsModal.o -o /Users/sergejhlystov/Library/Developer/Xcode/DerivedData/ALADDIN-eahryzmutvtbyceygnlyjsmiiaha/Build/Intermediates.noindex/ALADDIN.build/Debug-iphonesimulator/ALADDIN.build/Objects-normal/arm64/VoiceRecordingView.o -o /Users/sergejhlystov/Library/Developer/Xcode/DerivedData/ALADDIN-eahryzmutvtbyceygnlyjsmiiaha/Build/Intermediates.noindex/ALADDIN.build/Debug-iphonesimulator/ALADDIN.build/Objects-normal/arm64/AdditionalFeaturesManager.o -o /Users/sergejhlystov/Library/Developer/Xcode/DerivedData/ALADDIN-eahryzmutvtbyceygnlyjsmiiaha/Build/Intermediates.noindex/ALADDIN.build/Debug-iphonesimulator/ALADDIN.build/Objects-normal/arm64/InfoRow.o -o /Users/sergejhlystov/Library/Developer/Xcode/DerivedData/ALADDIN-eahryzmutvtbyceygnlyjsmiiaha/Build/Intermediates.noindex/ALADDIN.build/Debug-iphonesimulator/ALADDIN.build/Objects-normal/arm64/25_PaymentQRScreen.o -o /Users/sergejhlystov/Library/Developer/Xcode/DerivedData/ALADDIN-eahryzmutvtbyceygnlyjsmiiaha/Build/Intermediates.noindex/ALADDIN.build/Debug-iphonesimulator/ALADDIN.build/Objects-normal/arm64/RoleSelectionModal.o -o /Users/sergejhlystov/Library/Developer/Xcode/DerivedData/ALADDIN-eahryzmutvtbyceygnlyjsmiiaha/Build/Intermediates.noindex/ALADDIN.build/Debug-iphonesimulator/ALADDIN.build/Objects-normal/arm64/ProtectionLevelExplanationModal.o -o /Users/sergejhlystov/Library/Developer/Xcode/DerivedData/ALADDIN-eahryzmutvtbyceygnlyjsmiiaha/Build/Intermediates.noindex/ALADDIN.build/Debug-iphonesimulator/ALADDIN.build/Objects-normal/arm64/ProtectionLevelHistoryModal.o -o /Users/sergejhlystov/Library/Developer/Xcode/DerivedData/ALADDIN-eahryzmutvtbyceygnlyjsmiiaha/Build/Intermediates.noindex/ALADDIN.build/Debug-iphonesimulator/ALADDIN.build/Objects-normal/arm64/SettingsDiagnosticsLogger.o -o /Users/sergejhlystov/Library/Developer/Xcode/DerivedData/ALADDIN-eahryzmutvtbyceygnlyjsmiiaha/Build/Intermediates.noindex/ALADDIN.build/Debug-iphonesimulator/ALADDIN.build/Objects-normal/arm64/RecursionMonitor.o -o /Users/sergejhlystov/Library/Developer/Xcode/DerivedData/ALADDIN-eahryzmutvtbyceygnlyjsmiiaha/Build/Intermediates.noindex/ALADDIN.build/Debug-iphonesimulator/ALADDIN.build/Objects-normal/arm64/StackSizeMonitor.o -o /Users/sergejhlystov/Library/Developer/Xcode/DerivedData/ALADDIN-eahryzmutvtbyceygnlyjsmiiaha/Build/Intermediates.noindex/ALADDIN.build/Debug-iphonesimulator/ALADDIN.build/Objects-normal/arm64/MonitoredUserDefaults.o -o /Users/sergejhlystov/Library/Developer/Xcode/DerivedData/ALADDIN-eahryzmutvtbyceygnlyjsmiiaha/Build/Intermediates.noindex/ALADDIN.build/Debug-iphonesimulator/ALADDIN.build/Objects-normal/arm64/MonitoredAppStorage.o -o /Users/sergejhlystov/Library/Developer/Xcode/DerivedData/ALADDIN-eahryzmutvtbyceygnlyjsmiiaha/Build/Intermediates.noindex/ALADDIN.build/Debug-iphonesimulator/ALADDIN.build/Objects-normal/arm64/RecoveryCodeModal.o -o /Users/sergejhlystov/Library/Developer/Xcode/DerivedData/ALADDIN-eahryzmutvtbyceygnlyjsmiiaha/Build/Intermediates.noindex/ALADDIN.build/Debug-iphonesimulator/ALADDIN.build/Objects-normal/arm64/SupportViewModel.o -o /Users/sergejhlystov/Library/Developer/Xcode/DerivedData/ALADDIN-eahryzmutvtbyceygnlyjsmiiaha/Build/Intermediates.noindex/ALADDIN.build/Debug-iphonesimulator/ALADDIN.build/Objects-normal/arm64/MessageReactionsView.o -o /Users/sergejhlystov/Library/Developer/Xcode/DerivedData/ALADDIN-eahryzmutvtbyceygnlyjsmiiaha/Build/Intermediates.noindex/ALADDIN.build/Debug-iphonesimulator/ALADDIN.build/Objects-normal/arm64/CrashLogsView.o -o /Users/sergejhlystov/Library/Developer/Xcode/DerivedData/ALADDIN-eahryzmutvtbyceygnlyjsmiiaha/Build/Intermediates.noindex/ALADDIN.build/Debug-iphonesimulator/ALADDIN.build/Objects-normal/arm64/ChildInterfaceViewModel.o -index-store-path /Users/sergejhlystov/Library/Developer/Xcode/DerivedData/ALADDIN-eahryzmutvtbyceygnlyjsmiiaha/Index/DataStore -index-system-modules
/Users/sergejhlystov/ALADDIN_NEW/ALADDIN_NEW/mobile_apps/ALADDIN_iOS/Shared/Components/Modals/DrivingReportsModal.swift:567:17: warning: variable 'existingIds' was never mutated; consider changing to 'let' constant
            var existingIds = Set(users.map { $0.id })
            ~~~ ^
            let

SwiftDriverJob-Compile normal arm64 Compiling\ ComponentSettingsModal.swift,\ ProfileImageManager.swift,\ RewardModels.swift,\ ChildRewardsViewModel.swift,\ AntivirusManager.swift,\ MockAPIService.swift,\ ProtectionSettingsManager.swift,\ ThreatProtectionSettingsScreen.swift,\ ProtectionCategoryRow.swift,\ ProtectionGroup.swift,\ IoTSecurityModule.swift,\ ProtectionGroupSection.swift,\ LocalThreatDatabase.swift,\ RoadsideAssistanceView.swift,\ ALADDINToggle.swift,\ EmergencyContactsView.swift,\ ComponentTariffManager.swift,\ EmptyStateView.swift,\ RateLimiter.swift,\ TypingIndicatorView.swift,\ PerformanceMonitor.swift,\ JWTTokenManager.swift,\ ThreatItemRow.swift /Users/sergejhlystov/ALADDIN_NEW/ALADDIN_NEW/mobile_apps/ALADDIN_iOS/Shared/Components/Modals/ComponentSettingsModal.swift /Users/sergejhlystov/ALADDIN_NEW/ALADDIN_NEW/mobile_apps/ALADDIN_iOS/Core/Storage/ProfileImageManager.swift /Users/sergejhlystov/ALADDIN_NEW/ALADDIN_NEW/mobile_apps/ALADDIN_iOS/Shared/Models/RewardModels.swift /Users/sergejhlystov/ALADDIN_NEW/ALADDIN_NEW/mobile_apps/ALADDIN_iOS/ViewModels/ChildRewardsViewModel.swift /Users/sergejhlystov/ALADDIN_NEW/ALADDIN_NEW/mobile_apps/ALADDIN_iOS/Core/Antivirus/AntivirusManager.swift /Users/sergejhlystov/ALADDIN_NEW/ALADDIN_NEW/mobile_apps/ALADDIN_iOS/Core/Network/MockAPIService.swift /Users/sergejhlystov/ALADDIN_NEW/ALADDIN_NEW/mobile_apps/ALADDIN_iOS/Core/Managers/ProtectionSettingsManager.swift /Users/sergejhlystov/ALADDIN_NEW/ALADDIN_NEW/mobile_apps/ALADDIN_iOS/Screens/ThreatProtectionSettingsScreen.swift /Users/sergejhlystov/ALADDIN_NEW/ALADDIN_NEW/mobile_apps/ALADDIN_iOS/Components/ProtectionCategoryRow.swift /Users/sergejhlystov/ALADDIN_NEW/ALADDIN_NEW/mobile_apps/ALADDIN_iOS/Shared/Models/ProtectionGroup.swift /Users/sergejhlystov/ALADDIN_NEW/ALADDIN_NEW/mobile_apps/ALADDIN_iOS/Core/IoT/IoTSecurityModule.swift /Users/sergejhlystov/ALADDIN_NEW/ALADDIN_NEW/mobile_apps/ALADDIN_iOS/Components/ProtectionGroupSection.swift /Users/sergejhlystov/ALADDIN_NEW/ALADDIN_NEW/mobile_apps/ALADDIN_iOS/Core/Antivirus/LocalThreatDatabase.swift /Users/sergejhlystov/ALADDIN_NEW/ALADDIN_NEW/mobile_apps/ALADDIN_iOS/Screens/RoadsideAssistanceView.swift /Users/sergejhlystov/ALADDIN_NEW/ALADDIN_NEW/mobile_apps/ALADDIN_iOS/Shared/Components/Inputs/ALADDINToggle.swift /Users/sergejhlystov/ALADDIN_NEW/ALADDIN_NEW/mobile_apps/ALADDIN_iOS/Screens/Views/EmergencyContactsView.swift /Users/sergejhlystov/ALADDIN_NEW/ALADDIN_NEW/mobile_apps/ALADDIN_iOS/Core/Managers/ComponentTariffManager.swift /Users/sergejhlystov/ALADDIN_NEW/ALADDIN_NEW/mobile_apps/ALADDIN_iOS/Shared/Components/EmptyStateView.swift /Users/sergejhlystov/ALADDIN_NEW/ALADDIN_NEW/mobile_apps/ALADDIN_iOS/Core/Network/RateLimiter.swift /Users/sergejhlystov/ALADDIN_NEW/ALADDIN_NEW/mobile_apps/ALADDIN_iOS/Shared/Components/Chat/TypingIndicatorView.swift /Users/sergejhlystov/ALADDIN_NEW/ALADDIN_NEW/mobile_apps/ALADDIN_iOS/Core/Monitoring/PerformanceMonitor.swift /Users/sergejhlystov/ALADDIN_NEW/ALADDIN_NEW/mobile_apps/ALADDIN_iOS/Core/Security/JWTTokenManager.swift /Users/sergejhlystov/ALADDIN_NEW/ALADDIN_NEW/mobile_apps/ALADDIN_iOS/Components/ThreatItemRow.swift (in target 'ALADDIN' from project 'ALADDIN')
    cd /Users/sergejhlystov/ALADDIN_NEW/ALADDIN_NEW/mobile_apps/ALADDIN_iOS
    export DEVELOPER_DIR\=/Applications/Xcode.app/Contents/Developer
    export SDKROOT\=/Applications/Xcode.app/Contents/Developer/Platforms/iPhoneSimulator.platform/Developer/SDKs/iPhoneSimulator15.2.sdk
    builtin-swiftDriverJobExecution -- /Applications/Xcode.app/Contents/Developer/Toolchains/XcodeDefault.xctoolchain/usr/bin/swift-frontend -frontend -c -filelist /Users/sergejhlystov/Library/Developer/Xcode/DerivedData/ALADDIN-eahryzmutvtbyceygnlyjsmiiaha/Build/Intermediates.noindex/ALADDIN.build/Debug-iphonesimulator/ALADDIN.build/Objects-normal/arm64/sources-1 -primary-file /Users/sergejhlystov/ALADDIN_NEW/ALADDIN_NEW/mobile_apps/ALADDIN_iOS/Shared/Components/Modals/ComponentSettingsModal.swift -primary-file /Users/sergejhlystov/ALADDIN_NEW/ALADDIN_NEW/mobile_apps/ALADDIN_iOS/Core/Storage/ProfileImageManager.swift -primary-file /Users/sergejhlystov/ALADDIN_NEW/ALADDIN_NEW/mobile_apps/ALADDIN_iOS/Shared/Models/RewardModels.swift -primary-file /Users/sergejhlystov/ALADDIN_NEW/ALADDIN_NEW/mobile_apps/ALADDIN_iOS/ViewModels/ChildRewardsViewModel.swift -primary-file /Users/sergejhlystov/ALADDIN_NEW/ALADDIN_NEW/mobile_apps/ALADDIN_iOS/Core/Antivirus/AntivirusManager.swift -primary-file /Users/sergejhlystov/ALADDIN_NEW/ALADDIN_NEW/mobile_apps/ALADDIN_iOS/Core/Network/MockAPIService.swift -primary-file /Users/sergejhlystov/ALADDIN_NEW/ALADDIN_NEW/mobile_apps/ALADDIN_iOS/Core/Managers/ProtectionSettingsManager.swift -primary-file /Users/sergejhlystov/ALADDIN_NEW/ALADDIN_NEW/mobile_apps/ALADDIN_iOS/Screens/ThreatProtectionSettingsScreen.swift -primary-file /Users/sergejhlystov/ALADDIN_NEW/ALADDIN_NEW/mobile_apps/ALADDIN_iOS/Components/ProtectionCategoryRow.swift -primary-file /Users/sergejhlystov/ALADDIN_NEW/ALADDIN_NEW/mobile_apps/ALADDIN_iOS/Shared/Models/ProtectionGroup.swift -primary-file /Users/sergejhlystov/ALADDIN_NEW/ALADDIN_NEW/mobile_apps/ALADDIN_iOS/Core/IoT/IoTSecurityModule.swift -primary-file /Users/sergejhlystov/ALADDIN_NEW/ALADDIN_NEW/mobile_apps/ALADDIN_iOS/Components/ProtectionGroupSection.swift -primary-file /Users/sergejhlystov/ALADDIN_NEW/ALADDIN_NEW/mobile_apps/ALADDIN_iOS/Core/Antivirus/LocalThreatDatabase.swift -primary-file /Users/sergejhlystov/ALADDIN_NEW/ALADDIN_NEW/mobile_apps/ALADDIN_iOS/Screens/RoadsideAssistanceView.swift -primary-file /Users/sergejhlystov/ALADDIN_NEW/ALADDIN_NEW/mobile_apps/ALADDIN_iOS/Shared/Components/Inputs/ALADDINToggle.swift -primary-file /Users/sergejhlystov/ALADDIN_NEW/ALADDIN_NEW/mobile_apps/ALADDIN_iOS/Screens/Views/EmergencyContactsView.swift -primary-file /Users/sergejhlystov/ALADDIN_NEW/ALADDIN_NEW/mobile_apps/ALADDIN_iOS/Core/Managers/ComponentTariffManager.swift -primary-file /Users/sergejhlystov/ALADDIN_NEW/ALADDIN_NEW/mobile_apps/ALADDIN_iOS/Shared/Components/EmptyStateView.swift -primary-file /Users/sergejhlystov/ALADDIN_NEW/ALADDIN_NEW/mobile_apps/ALADDIN_iOS/Core/Network/RateLimiter.swift -primary-file /Users/sergejhlystov/ALADDIN_NEW/ALADDIN_NEW/mobile_apps/ALADDIN_iOS/Shared/Components/Chat/TypingIndicatorView.swift -primary-file /Users/sergejhlystov/ALADDIN_NEW/ALADDIN_NEW/mobile_apps/ALADDIN_iOS/Core/Monitoring/PerformanceMonitor.swift -primary-file /Users/sergejhlystov/ALADDIN_NEW/ALADDIN_NEW/mobile_apps/ALADDIN_iOS/Core/Security/JWTTokenManager.swift -primary-file /Users/sergejhlystov/ALADDIN_NEW/ALADDIN_NEW/mobile_apps/ALADDIN_iOS/Components/ThreatItemRow.swift -supplementary-output-file-map /Users/sergejhlystov/Library/Developer/Xcode/DerivedData/ALADDIN-eahryzmutvtbyceygnlyjsmiiaha/Build/Intermediates.noindex/ALADDIN.build/Debug-iphonesimulator/ALADDIN.build/Objects-normal/arm64/supplementaryOutputs-11 -target arm64-apple-ios15.2-simulator -Xllvm -aarch64-use-tbi -enable-objc-interop -sdk /Applications/Xcode.app/Contents/Developer/Platforms/iPhoneSimulator.platform/Developer/SDKs/iPhoneSimulator15.2.sdk -I /Users/sergejhlystov/Library/Developer/Xcode/DerivedData/ALADDIN-eahryzmutvtbyceygnlyjsmiiaha/Build/Products/Debug-iphonesimulator -F /Users/sergejhlystov/Library/Developer/Xcode/DerivedData/ALADDIN-eahryzmutvtbyceygnlyjsmiiaha/Build/Products/Debug-iphonesimulator -no-color-diagnostics -enable-testing -g -module-cache-path /Users/sergejhlystov/Library/Developer/Xcode/DerivedData/ModuleCache.noindex -emit-localized-strings -emit-localized-strings-path /Users/sergejhlystov/Library/Developer/Xcode/DerivedData/ALADDIN-eahryzmutvtbyceygnlyjsmiiaha/Build/Intermediates.noindex/ALADDIN.build/Debug-iphonesimulator/ALADDIN.build/Objects-normal/arm64 -swift-version 5 -enforce-exclusivity\=checked -Onone -D DEBUG -serialize-debugging-options -Xcc -working-directory -Xcc /Users/sergejhlystov/ALADDIN_NEW/ALADDIN_NEW/mobile_apps/ALADDIN_iOS -resource-dir /Applications/Xcode.app/Contents/Developer/Toolchains/XcodeDefault.xctoolchain/usr/lib/swift -enable-anonymous-context-mangled-names -Xcc -I/Users/sergejhlystov/Library/Developer/Xcode/DerivedData/ALADDIN-eahryzmutvtbyceygnlyjsmiiaha/Build/Intermediates.noindex/ALADDIN.build/Debug-iphonesimulator/ALADDIN.build/swift-overrides.hmap -Xcc -iquote -Xcc /Users/sergejhlystov/Library/Developer/Xcode/DerivedData/ALADDIN-eahryzmutvtbyceygnlyjsmiiaha/Build/Intermediates.noindex/ALADDIN.build/Debug-iphonesimulator/ALADDIN.build/ALADDIN-generated-files.hmap -Xcc -I/Users/sergejhlystov/Library/Developer/Xcode/DerivedData/ALADDIN-eahryzmutvtbyceygnlyjsmiiaha/Build/Intermediates.noindex/ALADDIN.build/Debug-iphonesimulator/ALADDIN.build/ALADDIN-own-target-headers.hmap -Xcc -I/Users/sergejhlystov/Library/Developer/Xcode/DerivedData/ALADDIN-eahryzmutvtbyceygnlyjsmiiaha/Build/Intermediates.noindex/ALADDIN.build/Debug-iphonesimulator/ALADDIN.build/ALADDIN-all-target-headers.hmap -Xcc -iquote -Xcc /Users/sergejhlystov/Library/Developer/Xcode/DerivedData/ALADDIN-eahryzmutvtbyceygnlyjsmiiaha/Build/Intermediates.noindex/ALADDIN.build/Debug-iphonesimulator/ALADDIN.build/ALADDIN-project-headers.hmap -Xcc -I/Users/sergejhlystov/Library/Developer/Xcode/DerivedData/ALADDIN-eahryzmutvtbyceygnlyjsmiiaha/Build/Products/Debug-iphonesimulator/include -Xcc -I/Users/sergejhlystov/Library/Developer/Xcode/DerivedData/ALADDIN-eahryzmutvtbyceygnlyjsmiiaha/Build/Intermediates.noindex/ALADDIN.build/Debug-iphonesimulator/ALADDIN.build/DerivedSources-normal/arm64 -Xcc -I/Users/sergejhlystov/Library/Developer/Xcode/DerivedData/ALADDIN-eahryzmutvtbyceygnlyjsmiiaha/Build/Intermediates.noindex/ALADDIN.build/Debug-iphonesimulator/ALADDIN.build/DerivedSources/arm64 -Xcc -I/Users/sergejhlystov/Library/Developer/Xcode/DerivedData/ALADDIN-eahryzmutvtbyceygnlyjsmiiaha/Build/Intermediates.noindex/ALADDIN.build/Debug-iphonesimulator/ALADDIN.build/DerivedSources -Xcc -DDEBUG\=1 -module-name ALADDIN -target-sdk-version 15.2.0 -o /Users/sergejhlystov/Library/Developer/Xcode/DerivedData/ALADDIN-eahryzmutvtbyceygnlyjsmiiaha/Build/Intermediates.noindex/ALADDIN.build/Debug-iphonesimulator/ALADDIN.build/Objects-normal/arm64/ComponentSettingsModal.o -o /Users/sergejhlystov/Library/Developer/Xcode/DerivedData/ALADDIN-eahryzmutvtbyceygnlyjsmiiaha/Build/Intermediates.noindex/ALADDIN.build/Debug-iphonesimulator/ALADDIN.build/Objects-normal/arm64/ProfileImageManager.o -o /Users/sergejhlystov/Library/Developer/Xcode/DerivedData/ALADDIN-eahryzmutvtbyceygnlyjsmiiaha/Build/Intermediates.noindex/ALADDIN.build/Debug-iphonesimulator/ALADDIN.build/Objects-normal/arm64/RewardModels.o -o /Users/sergejhlystov/Library/Developer/Xcode/DerivedData/ALADDIN-eahryzmutvtbyceygnlyjsmiiaha/Build/Intermediates.noindex/ALADDIN.build/Debug-iphonesimulator/ALADDIN.build/Objects-normal/arm64/ChildRewardsViewModel.o -o /Users/sergejhlystov/Library/Developer/Xcode/DerivedData/ALADDIN-eahryzmutvtbyceygnlyjsmiiaha/Build/Intermediates.noindex/ALADDIN.build/Debug-iphonesimulator/ALADDIN.build/Objects-normal/arm64/AntivirusManager.o -o /Users/sergejhlystov/Library/Developer/Xcode/DerivedData/ALADDIN-eahryzmutvtbyceygnlyjsmiiaha/Build/Intermediates.noindex/ALADDIN.build/Debug-iphonesimulator/ALADDIN.build/Objects-normal/arm64/MockAPIService.o -o /Users/sergejhlystov/Library/Developer/Xcode/DerivedData/ALADDIN-eahryzmutvtbyceygnlyjsmiiaha/Build/Intermediates.noindex/ALADDIN.build/Debug-iphonesimulator/ALADDIN.build/Objects-normal/arm64/ProtectionSettingsManager.o -o /Users/sergejhlystov/Library/Developer/Xcode/DerivedData/ALADDIN-eahryzmutvtbyceygnlyjsmiiaha/Build/Intermediates.noindex/ALADDIN.build/Debug-iphonesimulator/ALADDIN.build/Objects-normal/arm64/ThreatProtectionSettingsScreen.o -o /Users/sergejhlystov/Library/Developer/Xcode/DerivedData/ALADDIN-eahryzmutvtbyceygnlyjsmiiaha/Build/Intermediates.noindex/ALADDIN.build/Debug-iphonesimulator/ALADDIN.build/Objects-normal/arm64/ProtectionCategoryRow.o -o /Users/sergejhlystov/Library/Developer/Xcode/DerivedData/ALADDIN-eahryzmutvtbyceygnlyjsmiiaha/Build/Intermediates.noindex/ALADDIN.build/Debug-iphonesimulator/ALADDIN.build/Objects-normal/arm64/ProtectionGroup.o -o /Users/sergejhlystov/Library/Developer/Xcode/DerivedData/ALADDIN-eahryzmutvtbyceygnlyjsmiiaha/Build/Intermediates.noindex/ALADDIN.build/Debug-iphonesimulator/ALADDIN.build/Objects-normal/arm64/IoTSecurityModule.o -o /Users/sergejhlystov/Library/Developer/Xcode/DerivedData/ALADDIN-eahryzmutvtbyceygnlyjsmiiaha/Build/Intermediates.noindex/ALADDIN.build/Debug-iphonesimulator/ALADDIN.build/Objects-normal/arm64/ProtectionGroupSection.o -o /Users/sergejhlystov/Library/Developer/Xcode/DerivedData/ALADDIN-eahryzmutvtbyceygnlyjsmiiaha/Build/Intermediates.noindex/ALADDIN.build/Debug-iphonesimulator/ALADDIN.build/Objects-normal/arm64/LocalThreatDatabase.o -o /Users/sergejhlystov/Library/Developer/Xcode/DerivedData/ALADDIN-eahryzmutvtbyceygnlyjsmiiaha/Build/Intermediates.noindex/ALADDIN.build/Debug-iphonesimulator/ALADDIN.build/Objects-normal/arm64/RoadsideAssistanceView.o -o /Users/sergejhlystov/Library/Developer/Xcode/DerivedData/ALADDIN-eahryzmutvtbyceygnlyjsmiiaha/Build/Intermediates.noindex/ALADDIN.build/Debug-iphonesimulator/ALADDIN.build/Objects-normal/arm64/ALADDINToggle.o -o /Users/sergejhlystov/Library/Developer/Xcode/DerivedData/ALADDIN-eahryzmutvtbyceygnlyjsmiiaha/Build/Intermediates.noindex/ALADDIN.build/Debug-iphonesimulator/ALADDIN.build/Objects-normal/arm64/EmergencyContactsView.o -o /Users/sergejhlystov/Library/Developer/Xcode/DerivedData/ALADDIN-eahryzmutvtbyceygnlyjsmiiaha/Build/Intermediates.noindex/ALADDIN.build/Debug-iphonesimulator/ALADDIN.build/Objects-normal/arm64/ComponentTariffManager.o -o /Users/sergejhlystov/Library/Developer/Xcode/DerivedData/ALADDIN-eahryzmutvtbyceygnlyjsmiiaha/Build/Intermediates.noindex/ALADDIN.build/Debug-iphonesimulator/ALADDIN.build/Objects-normal/arm64/EmptyStateView.o -o /Users/sergejhlystov/Library/Developer/Xcode/DerivedData/ALADDIN-eahryzmutvtbyceygnlyjsmiiaha/Build/Intermediates.noindex/ALADDIN.build/Debug-iphonesimulator/ALADDIN.build/Objects-normal/arm64/RateLimiter.o -o /Users/sergejhlystov/Library/Developer/Xcode/DerivedData/ALADDIN-eahryzmutvtbyceygnlyjsmiiaha/Build/Intermediates.noindex/ALADDIN.build/Debug-iphonesimulator/ALADDIN.build/Objects-normal/arm64/TypingIndicatorView.o -o /Users/sergejhlystov/Library/Developer/Xcode/DerivedData/ALADDIN-eahryzmutvtbyceygnlyjsmiiaha/Build/Intermediates.noindex/ALADDIN.build/Debug-iphonesimulator/ALADDIN.build/Objects-normal/arm64/PerformanceMonitor.o -o /Users/sergejhlystov/Library/Developer/Xcode/DerivedData/ALADDIN-eahryzmutvtbyceygnlyjsmiiaha/Build/Intermediates.noindex/ALADDIN.build/Debug-iphonesimulator/ALADDIN.build/Objects-normal/arm64/JWTTokenManager.o -o /Users/sergejhlystov/Library/Developer/Xcode/DerivedData/ALADDIN-eahryzmutvtbyceygnlyjsmiiaha/Build/Intermediates.noindex/ALADDIN.build/Debug-iphonesimulator/ALADDIN.build/Objects-normal/arm64/ThreatItemRow.o -index-store-path /Users/sergejhlystov/Library/Developer/Xcode/DerivedData/ALADDIN-eahryzmutvtbyceygnlyjsmiiaha/Index/DataStore -index-system-modules

SwiftDriverJob-Compile normal arm64 Compiling\ ComplianceView.swift,\ MasterLogger.swift,\ AdvancedProtectionSettingsScreen.swift,\ FamilyChatOfflineManager.swift,\ ProfileViewModel.swift,\ TokenHealthMonitor.swift,\ ConsentModal.swift,\ IncidentResponseSettingsModal.swift,\ ParentalControlViewModel.swift,\ OnboardingViewModel.swift,\ Colors.swift,\ SettingsAccordion.swift,\ ChildRewardsScreen.swift,\ ChildGoalEditorView.swift,\ RecoveryCodeStorageManager.swift,\ 21_ReferralScreen.swift,\ RetryManager.swift,\ AvatarSelector.swift,\ MotivationBanner.swift,\ DarkWebMonitoringViewModel.swift,\ Toast.swift,\ ALADDINNavigationBar.swift,\ DarkWebMonitoringModal.swift /Users/sergejhlystov/ALADDIN_NEW/ALADDIN_NEW/mobile_apps/ALADDIN_iOS/Screens/Views/ComplianceView.swift /Users/sergejhlystov/ALADDIN_NEW/ALADDIN_NEW/mobile_apps/ALADDIN_iOS/Core/Utilities/MasterLogger.swift /Users/sergejhlystov/ALADDIN_NEW/ALADDIN_NEW/mobile_apps/ALADDIN_iOS/Screens/AdvancedProtectionSettingsScreen.swift /Users/sergejhlystov/ALADDIN_NEW/ALADDIN_NEW/mobile_apps/ALADDIN_iOS/Core/Chat/FamilyChatOfflineManager.swift /Users/sergejhlystov/ALADDIN_NEW/ALADDIN_NEW/mobile_apps/ALADDIN_iOS/ViewModels/ProfileViewModel.swift /Users/sergejhlystov/ALADDIN_NEW/ALADDIN_NEW/mobile_apps/ALADDIN_iOS/Core/Managers/TokenHealthMonitor.swift /Users/sergejhlystov/ALADDIN_NEW/ALADDIN_NEW/mobile_apps/ALADDIN_iOS/Components/Modals/ConsentModal.swift /Users/sergejhlystov/ALADDIN_NEW/ALADDIN_NEW/mobile_apps/ALADDIN_iOS/Shared/Components/Modals/IncidentResponseSettingsModal.swift /Users/sergejhlystov/ALADDIN_NEW/ALADDIN_NEW/mobile_apps/ALADDIN_iOS/ViewModels/ParentalControlViewModel.swift /Users/sergejhlystov/ALADDIN_NEW/ALADDIN_NEW/mobile_apps/ALADDIN_iOS/ViewModels/OnboardingViewModel.swift /Users/sergejhlystov/ALADDIN_NEW/ALADDIN_NEW/mobile_apps/ALADDIN_iOS/Shared/Styles/Colors.swift /Users/sergejhlystov/ALADDIN_NEW/ALADDIN_NEW/mobile_apps/ALADDIN_iOS/Shared/Components/SettingsAccordion.swift /Users/sergejhlystov/ALADDIN_NEW/ALADDIN_NEW/mobile_apps/ALADDIN_iOS/Screens/ChildRewardsScreen.swift /Users/sergejhlystov/ALADDIN_NEW/ALADDIN_NEW/mobile_apps/ALADDIN_iOS/Screens/ChildGoalEditorView.swift /Users/sergejhlystov/ALADDIN_NEW/ALADDIN_NEW/mobile_apps/ALADDIN_iOS/Core/Security/RecoveryCodeStorageManager.swift /Users/sergejhlystov/ALADDIN_NEW/ALADDIN_NEW/mobile_apps/ALADDIN_iOS/Screens/21_ReferralScreen.swift /Users/sergejhlystov/ALADDIN_NEW/ALADDIN_NEW/mobile_apps/ALADDIN_iOS/Core/Network/RetryManager.swift /Users/sergejhlystov/ALADDIN_NEW/ALADDIN_NEW/mobile_apps/ALADDIN_iOS/Shared/Components/AvatarSelector.swift /Users/sergejhlystov/ALADDIN_NEW/ALADDIN_NEW/mobile_apps/ALADDIN_iOS/Components/MotivationBanner.swift /Users/sergejhlystov/ALADDIN_NEW/ALADDIN_NEW/mobile_apps/ALADDIN_iOS/ViewModels/DarkWebMonitoringViewModel.swift /Users/sergejhlystov/ALADDIN_NEW/ALADDIN_NEW/mobile_apps/ALADDIN_iOS/Shared/Components/Toast.swift /Users/sergejhlystov/ALADDIN_NEW/ALADDIN_NEW/mobile_apps/ALADDIN_iOS/Shared/Components/Navigation/ALADDINNavigationBar.swift /Users/sergejhlystov/ALADDIN_NEW/ALADDIN_NEW/mobile_apps/ALADDIN_iOS/Shared/Components/Modals/DarkWebMonitoringModal.swift (in target 'ALADDIN' from project 'ALADDIN')
    cd /Users/sergejhlystov/ALADDIN_NEW/ALADDIN_NEW/mobile_apps/ALADDIN_iOS
    export DEVELOPER_DIR\=/Applications/Xcode.app/Contents/Developer
    export SDKROOT\=/Applications/Xcode.app/Contents/Developer/Platforms/iPhoneSimulator.platform/Developer/SDKs/iPhoneSimulator15.2.sdk
    builtin-swiftDriverJobExecution -- /Applications/Xcode.app/Contents/Developer/Toolchains/XcodeDefault.xctoolchain/usr/bin/swift-frontend -frontend -c -filelist /Users/sergejhlystov/Library/Developer/Xcode/DerivedData/ALADDIN-eahryzmutvtbyceygnlyjsmiiaha/Build/Intermediates.noindex/ALADDIN.build/Debug-iphonesimulator/ALADDIN.build/Objects-normal/arm64/sources-1 -primary-file /Users/sergejhlystov/ALADDIN_NEW/ALADDIN_NEW/mobile_apps/ALADDIN_iOS/Screens/Views/ComplianceView.swift -primary-file /Users/sergejhlystov/ALADDIN_NEW/ALADDIN_NEW/mobile_apps/ALADDIN_iOS/Core/Utilities/MasterLogger.swift -primary-file /Users/sergejhlystov/ALADDIN_NEW/ALADDIN_NEW/mobile_apps/ALADDIN_iOS/Screens/AdvancedProtectionSettingsScreen.swift -primary-file /Users/sergejhlystov/ALADDIN_NEW/ALADDIN_NEW/mobile_apps/ALADDIN_iOS/Core/Chat/FamilyChatOfflineManager.swift -primary-file /Users/sergejhlystov/ALADDIN_NEW/ALADDIN_NEW/mobile_apps/ALADDIN_iOS/ViewModels/ProfileViewModel.swift -primary-file /Users/sergejhlystov/ALADDIN_NEW/ALADDIN_NEW/mobile_apps/ALADDIN_iOS/Core/Managers/TokenHealthMonitor.swift -primary-file /Users/sergejhlystov/ALADDIN_NEW/ALADDIN_NEW/mobile_apps/ALADDIN_iOS/Components/Modals/ConsentModal.swift -primary-file /Users/sergejhlystov/ALADDIN_NEW/ALADDIN_NEW/mobile_apps/ALADDIN_iOS/Shared/Components/Modals/IncidentResponseSettingsModal.swift -primary-file /Users/sergejhlystov/ALADDIN_NEW/ALADDIN_NEW/mobile_apps/ALADDIN_iOS/ViewModels/ParentalControlViewModel.swift -primary-file /Users/sergejhlystov/ALADDIN_NEW/ALADDIN_NEW/mobile_apps/ALADDIN_iOS/ViewModels/OnboardingViewModel.swift -primary-file /Users/sergejhlystov/ALADDIN_NEW/ALADDIN_NEW/mobile_apps/ALADDIN_iOS/Shared/Styles/Colors.swift -primary-file /Users/sergejhlystov/ALADDIN_NEW/ALADDIN_NEW/mobile_apps/ALADDIN_iOS/Shared/Components/SettingsAccordion.swift -primary-file /Users/sergejhlystov/ALADDIN_NEW/ALADDIN_NEW/mobile_apps/ALADDIN_iOS/Screens/ChildRewardsScreen.swift -primary-file /Users/sergejhlystov/ALADDIN_NEW/ALADDIN_NEW/mobile_apps/ALADDIN_iOS/Screens/ChildGoalEditorView.swift -primary-file /Users/sergejhlystov/ALADDIN_NEW/ALADDIN_NEW/mobile_apps/ALADDIN_iOS/Core/Security/RecoveryCodeStorageManager.swift -primary-file /Users/sergejhlystov/ALADDIN_NEW/ALADDIN_NEW/mobile_apps/ALADDIN_iOS/Screens/21_ReferralScreen.swift -primary-file /Users/sergejhlystov/ALADDIN_NEW/ALADDIN_NEW/mobile_apps/ALADDIN_iOS/Core/Network/RetryManager.swift -primary-file /Users/sergejhlystov/ALADDIN_NEW/ALADDIN_NEW/mobile_apps/ALADDIN_iOS/Shared/Components/AvatarSelector.swift -primary-file /Users/sergejhlystov/ALADDIN_NEW/ALADDIN_NEW/mobile_apps/ALADDIN_iOS/Components/MotivationBanner.swift -primary-file /Users/sergejhlystov/ALADDIN_NEW/ALADDIN_NEW/mobile_apps/ALADDIN_iOS/ViewModels/DarkWebMonitoringViewModel.swift -primary-file /Users/sergejhlystov/ALADDIN_NEW/ALADDIN_NEW/mobile_apps/ALADDIN_iOS/Shared/Components/Toast.swift -primary-file /Users/sergejhlystov/ALADDIN_NEW/ALADDIN_NEW/mobile_apps/ALADDIN_iOS/Shared/Components/Navigation/ALADDINNavigationBar.swift -primary-file /Users/sergejhlystov/ALADDIN_NEW/ALADDIN_NEW/mobile_apps/ALADDIN_iOS/Shared/Components/Modals/DarkWebMonitoringModal.swift -supplementary-output-file-map /Users/sergejhlystov/Library/Developer/Xcode/DerivedData/ALADDIN-eahryzmutvtbyceygnlyjsmiiaha/Build/Intermediates.noindex/ALADDIN.build/Debug-iphonesimulator/ALADDIN.build/Objects-normal/arm64/supplementaryOutputs-6 -target arm64-apple-ios15.2-simulator -Xllvm -aarch64-use-tbi -enable-objc-interop -sdk /Applications/Xcode.app/Contents/Developer/Platforms/iPhoneSimulator.platform/Developer/SDKs/iPhoneSimulator15.2.sdk -I /Users/sergejhlystov/Library/Developer/Xcode/DerivedData/ALADDIN-eahryzmutvtbyceygnlyjsmiiaha/Build/Products/Debug-iphonesimulator -F /Users/sergejhlystov/Library/Developer/Xcode/DerivedData/ALADDIN-eahryzmutvtbyceygnlyjsmiiaha/Build/Products/Debug-iphonesimulator -no-color-diagnostics -enable-testing -g -module-cache-path /Users/sergejhlystov/Library/Developer/Xcode/DerivedData/ModuleCache.noindex -emit-localized-strings -emit-localized-strings-path /Users/sergejhlystov/Library/Developer/Xcode/DerivedData/ALADDIN-eahryzmutvtbyceygnlyjsmiiaha/Build/Intermediates.noindex/ALADDIN.build/Debug-iphonesimulator/ALADDIN.build/Objects-normal/arm64 -swift-version 5 -enforce-exclusivity\=checked -Onone -D DEBUG -serialize-debugging-options -Xcc -working-directory -Xcc /Users/sergejhlystov/ALADDIN_NEW/ALADDIN_NEW/mobile_apps/ALADDIN_iOS -resource-dir /Applications/Xcode.app/Contents/Developer/Toolchains/XcodeDefault.xctoolchain/usr/lib/swift -enable-anonymous-context-mangled-names -Xcc -I/Users/sergejhlystov/Library/Developer/Xcode/DerivedData/ALADDIN-eahryzmutvtbyceygnlyjsmiiaha/Build/Intermediates.noindex/ALADDIN.build/Debug-iphonesimulator/ALADDIN.build/swift-overrides.hmap -Xcc -iquote -Xcc /Users/sergejhlystov/Library/Developer/Xcode/DerivedData/ALADDIN-eahryzmutvtbyceygnlyjsmiiaha/Build/Intermediates.noindex/ALADDIN.build/Debug-iphonesimulator/ALADDIN.build/ALADDIN-generated-files.hmap -Xcc -I/Users/sergejhlystov/Library/Developer/Xcode/DerivedData/ALADDIN-eahryzmutvtbyceygnlyjsmiiaha/Build/Intermediates.noindex/ALADDIN.build/Debug-iphonesimulator/ALADDIN.build/ALADDIN-own-target-headers.hmap -Xcc -I/Users/sergejhlystov/Library/Developer/Xcode/DerivedData/ALADDIN-eahryzmutvtbyceygnlyjsmiiaha/Build/Intermediates.noindex/ALADDIN.build/Debug-iphonesimulator/ALADDIN.build/ALADDIN-all-target-headers.hmap -Xcc -iquote -Xcc /Users/sergejhlystov/Library/Developer/Xcode/DerivedData/ALADDIN-eahryzmutvtbyceygnlyjsmiiaha/Build/Intermediates.noindex/ALADDIN.build/Debug-iphonesimulator/ALADDIN.build/ALADDIN-project-headers.hmap -Xcc -I/Users/sergejhlystov/Library/Developer/Xcode/DerivedData/ALADDIN-eahryzmutvtbyceygnlyjsmiiaha/Build/Products/Debug-iphonesimulator/include -Xcc -I/Users/sergejhlystov/Library/Developer/Xcode/DerivedData/ALADDIN-eahryzmutvtbyceygnlyjsmiiaha/Build/Intermediates.noindex/ALADDIN.build/Debug-iphonesimulator/ALADDIN.build/DerivedSources-normal/arm64 -Xcc -I/Users/sergejhlystov/Library/Developer/Xcode/DerivedData/ALADDIN-eahryzmutvtbyceygnlyjsmiiaha/Build/Intermediates.noindex/ALADDIN.build/Debug-iphonesimulator/ALADDIN.build/DerivedSources/arm64 -Xcc -I/Users/sergejhlystov/Library/Developer/Xcode/DerivedData/ALADDIN-eahryzmutvtbyceygnlyjsmiiaha/Build/Intermediates.noindex/ALADDIN.build/Debug-iphonesimulator/ALADDIN.build/DerivedSources -Xcc -DDEBUG\=1 -module-name ALADDIN -target-sdk-version 15.2.0 -o /Users/sergejhlystov/Library/Developer/Xcode/DerivedData/ALADDIN-eahryzmutvtbyceygnlyjsmiiaha/Build/Intermediates.noindex/ALADDIN.build/Debug-iphonesimulator/ALADDIN.build/Objects-normal/arm64/ComplianceView.o -o /Users/sergejhlystov/Library/Developer/Xcode/DerivedData/ALADDIN-eahryzmutvtbyceygnlyjsmiiaha/Build/Intermediates.noindex/ALADDIN.build/Debug-iphonesimulator/ALADDIN.build/Objects-normal/arm64/MasterLogger.o -o /Users/sergejhlystov/Library/Developer/Xcode/DerivedData/ALADDIN-eahryzmutvtbyceygnlyjsmiiaha/Build/Intermediates.noindex/ALADDIN.build/Debug-iphonesimulator/ALADDIN.build/Objects-normal/arm64/AdvancedProtectionSettingsScreen.o -o /Users/sergejhlystov/Library/Developer/Xcode/DerivedData/ALADDIN-eahryzmutvtbyceygnlyjsmiiaha/Build/Intermediates.noindex/ALADDIN.build/Debug-iphonesimulator/ALADDIN.build/Objects-normal/arm64/FamilyChatOfflineManager.o -o /Users/sergejhlystov/Library/Developer/Xcode/DerivedData/ALADDIN-eahryzmutvtbyceygnlyjsmiiaha/Build/Intermediates.noindex/ALADDIN.build/Debug-iphonesimulator/ALADDIN.build/Objects-normal/arm64/ProfileViewModel.o -o /Users/sergejhlystov/Library/Developer/Xcode/DerivedData/ALADDIN-eahryzmutvtbyceygnlyjsmiiaha/Build/Intermediates.noindex/ALADDIN.build/Debug-iphonesimulator/ALADDIN.build/Objects-normal/arm64/TokenHealthMonitor.o -o /Users/sergejhlystov/Library/Developer/Xcode/DerivedData/ALADDIN-eahryzmutvtbyceygnlyjsmiiaha/Build/Intermediates.noindex/ALADDIN.build/Debug-iphonesimulator/ALADDIN.build/Objects-normal/arm64/ConsentModal.o -o /Users/sergejhlystov/Library/Developer/Xcode/DerivedData/ALADDIN-eahryzmutvtbyceygnlyjsmiiaha/Build/Intermediates.noindex/ALADDIN.build/Debug-iphonesimulator/ALADDIN.build/Objects-normal/arm64/IncidentResponseSettingsModal.o -o /Users/sergejhlystov/Library/Developer/Xcode/DerivedData/ALADDIN-eahryzmutvtbyceygnlyjsmiiaha/Build/Intermediates.noindex/ALADDIN.build/Debug-iphonesimulator/ALADDIN.build/Objects-normal/arm64/ParentalControlViewModel.o -o /Users/sergejhlystov/Library/Developer/Xcode/DerivedData/ALADDIN-eahryzmutvtbyceygnlyjsmiiaha/Build/Intermediates.noindex/ALADDIN.build/Debug-iphonesimulator/ALADDIN.build/Objects-normal/arm64/OnboardingViewModel.o -o /Users/sergejhlystov/Library/Developer/Xcode/DerivedData/ALADDIN-eahryzmutvtbyceygnlyjsmiiaha/Build/Intermediates.noindex/ALADDIN.build/Debug-iphonesimulator/ALADDIN.build/Objects-normal/arm64/Colors.o -o /Users/sergejhlystov/Library/Developer/Xcode/DerivedData/ALADDIN-eahryzmutvtbyceygnlyjsmiiaha/Build/Intermediates.noindex/ALADDIN.build/Debug-iphonesimulator/ALADDIN.build/Objects-normal/arm64/SettingsAccordion.o -o /Users/sergejhlystov/Library/Developer/Xcode/DerivedData/ALADDIN-eahryzmutvtbyceygnlyjsmiiaha/Build/Intermediates.noindex/ALADDIN.build/Debug-iphonesimulator/ALADDIN.build/Objects-normal/arm64/ChildRewardsScreen.o -o /Users/sergejhlystov/Library/Developer/Xcode/DerivedData/ALADDIN-eahryzmutvtbyceygnlyjsmiiaha/Build/Intermediates.noindex/ALADDIN.build/Debug-iphonesimulator/ALADDIN.build/Objects-normal/arm64/ChildGoalEditorView.o -o /Users/sergejhlystov/Library/Developer/Xcode/DerivedData/ALADDIN-eahryzmutvtbyceygnlyjsmiiaha/Build/Intermediates.noindex/ALADDIN.build/Debug-iphonesimulator/ALADDIN.build/Objects-normal/arm64/RecoveryCodeStorageManager.o -o /Users/sergejhlystov/Library/Developer/Xcode/DerivedData/ALADDIN-eahryzmutvtbyceygnlyjsmiiaha/Build/Intermediates.noindex/ALADDIN.build/Debug-iphonesimulator/ALADDIN.build/Objects-normal/arm64/21_ReferralScreen.o -o /Users/sergejhlystov/Library/Developer/Xcode/DerivedData/ALADDIN-eahryzmutvtbyceygnlyjsmiiaha/Build/Intermediates.noindex/ALADDIN.build/Debug-iphonesimulator/ALADDIN.build/Objects-normal/arm64/RetryManager.o -o /Users/sergejhlystov/Library/Developer/Xcode/DerivedData/ALADDIN-eahryzmutvtbyceygnlyjsmiiaha/Build/Intermediates.noindex/ALADDIN.build/Debug-iphonesimulator/ALADDIN.build/Objects-normal/arm64/AvatarSelector.o -o /Users/sergejhlystov/Library/Developer/Xcode/DerivedData/ALADDIN-eahryzmutvtbyceygnlyjsmiiaha/Build/Intermediates.noindex/ALADDIN.build/Debug-iphonesimulator/ALADDIN.build/Objects-normal/arm64/MotivationBanner.o -o /Users/sergejhlystov/Library/Developer/Xcode/DerivedData/ALADDIN-eahryzmutvtbyceygnlyjsmiiaha/Build/Intermediates.noindex/ALADDIN.build/Debug-iphonesimulator/ALADDIN.build/Objects-normal/arm64/DarkWebMonitoringViewModel.o -o /Users/sergejhlystov/Library/Developer/Xcode/DerivedData/ALADDIN-eahryzmutvtbyceygnlyjsmiiaha/Build/Intermediates.noindex/ALADDIN.build/Debug-iphonesimulator/ALADDIN.build/Objects-normal/arm64/Toast.o -o /Users/sergejhlystov/Library/Developer/Xcode/DerivedData/ALADDIN-eahryzmutvtbyceygnlyjsmiiaha/Build/Intermediates.noindex/ALADDIN.build/Debug-iphonesimulator/ALADDIN.build/Objects-normal/arm64/ALADDINNavigationBar.o -o /Users/sergejhlystov/Library/Developer/Xcode/DerivedData/ALADDIN-eahryzmutvtbyceygnlyjsmiiaha/Build/Intermediates.noindex/ALADDIN.build/Debug-iphonesimulator/ALADDIN.build/Objects-normal/arm64/DarkWebMonitoringModal.o -index-store-path /Users/sergejhlystov/Library/Developer/Xcode/DerivedData/ALADDIN-eahryzmutvtbyceygnlyjsmiiaha/Index/DataStore -index-system-modules
/Users/sergejhlystov/ALADDIN_NEW/ALADDIN_NEW/mobile_apps/ALADDIN_iOS/Core/Managers/TokenHealthMonitor.swift:335:13: warning: initialization of immutable value 'currentTrial' was never used; consider replacing with assignment to '_' or removing it
        let currentTrial = await SubscriptionManager.shared.trialStatus
        ~~~~^~~~~~~~~~~~
        _

SwiftDriverJob-Compile normal arm64 Compiling\ BackupRecoveryModal.swift,\ RewardsModalView.swift,\ 23_FamilyChatScreen.swift,\ StorageManager.swift,\ 02_FamilyScreen.swift,\ 20_DevicesScreen.swift,\ SecondaryButton.swift,\ PasswordGeneratorModal.swift,\ EnhancedThreatCategoryCard.swift,\ PhishingProtectionSettingsModal.swift,\ SettingsScreenFallback.swift,\ ViewModifiers.swift,\ CollapsibleSection.swift,\ HapticFeedback.swift,\ MainScreenWithRegistration.swift,\ NetworkError.swift,\ LanguageSettingsScreen.swift,\ SettingsTestSuiteView.swift,\ FamilyRegistrationViewModel.swift,\ ParentalControlFeature.swift,\ CornerRadius.swift,\ 01_MainScreen.swift,\ 03_NetworkProtectionScreen.swift /Users/sergejhlystov/ALADDIN_NEW/ALADDIN_NEW/mobile_apps/ALADDIN_iOS/Shared/Components/Modals/BackupRecoveryModal.swift /Users/sergejhlystov/ALADDIN_NEW/ALADDIN_NEW/mobile_apps/ALADDIN_iOS/Screens/RewardsModalView.swift /Users/sergejhlystov/ALADDIN_NEW/ALADDIN_NEW/mobile_apps/ALADDIN_iOS/Screens/23_FamilyChatScreen.swift /Users/sergejhlystov/ALADDIN_NEW/ALADDIN_NEW/mobile_apps/ALADDIN_iOS/Core/Storage/StorageManager.swift /Users/sergejhlystov/ALADDIN_NEW/ALADDIN_NEW/mobile_apps/ALADDIN_iOS/Screens/02_FamilyScreen.swift /Users/sergejhlystov/ALADDIN_NEW/ALADDIN_NEW/mobile_apps/ALADDIN_iOS/Screens/20_DevicesScreen.swift /Users/sergejhlystov/ALADDIN_NEW/ALADDIN_NEW/mobile_apps/ALADDIN_iOS/Shared/Components/Buttons/SecondaryButton.swift /Users/sergejhlystov/ALADDIN_NEW/ALADDIN_NEW/mobile_apps/ALADDIN_iOS/Shared/Components/Modals/PasswordGeneratorModal.swift /Users/sergejhlystov/ALADDIN_NEW/ALADDIN_NEW/mobile_apps/ALADDIN_iOS/Components/EnhancedThreatCategoryCard.swift /Users/sergejhlystov/ALADDIN_NEW/ALADDIN_NEW/mobile_apps/ALADDIN_iOS/Shared/Components/Modals/PhishingProtectionSettingsModal.swift /Users/sergejhlystov/ALADDIN_NEW/ALADDIN_NEW/mobile_apps/ALADDIN_iOS/Screens/SettingsScreenFallback.swift /Users/sergejhlystov/ALADDIN_NEW/ALADDIN_NEW/mobile_apps/ALADDIN_iOS/Shared/Components/ViewModifiers.swift /Users/sergejhlystov/ALADDIN_NEW/ALADDIN_NEW/mobile_apps/ALADDIN_iOS/Shared/Components/CollapsibleSection.swift /Users/sergejhlystov/ALADDIN_NEW/ALADDIN_NEW/mobile_apps/ALADDIN_iOS/Shared/Components/HapticFeedback.swift /Users/sergejhlystov/ALADDIN_NEW/ALADDIN_NEW/mobile_apps/ALADDIN_iOS/Screens/MainScreenWithRegistration.swift /Users/sergejhlystov/ALADDIN_NEW/ALADDIN_NEW/mobile_apps/ALADDIN_iOS/Core/Network/NetworkError.swift /Users/sergejhlystov/ALADDIN_NEW/ALADDIN_NEW/mobile_apps/ALADDIN_iOS/Screens/LanguageSettingsScreen.swift /Users/sergejhlystov/ALADDIN_NEW/ALADDIN_NEW/mobile_apps/ALADDIN_iOS/Screens/SettingsTestSuiteView.swift /Users/sergejhlystov/ALADDIN_NEW/ALADDIN_NEW/mobile_apps/ALADDIN_iOS/ViewModels/FamilyRegistrationViewModel.swift /Users/sergejhlystov/ALADDIN_NEW/ALADDIN_NEW/mobile_apps/ALADDIN_iOS/Shared/Models/ParentalControlFeature.swift /Users/sergejhlystov/ALADDIN_NEW/ALADDIN_NEW/mobile_apps/ALADDIN_iOS/Shared/Styles/CornerRadius.swift /Users/sergejhlystov/ALADDIN_NEW/ALADDIN_NEW/mobile_apps/ALADDIN_iOS/Screens/01_MainScreen.swift /Users/sergejhlystov/ALADDIN_NEW/ALADDIN_NEW/mobile_apps/ALADDIN_iOS/Screens/03_NetworkProtectionScreen.swift (in target 'ALADDIN' from project 'ALADDIN')
    cd /Users/sergejhlystov/ALADDIN_NEW/ALADDIN_NEW/mobile_apps/ALADDIN_iOS
    export DEVELOPER_DIR\=/Applications/Xcode.app/Contents/Developer
    export SDKROOT\=/Applications/Xcode.app/Contents/Developer/Platforms/iPhoneSimulator.platform/Developer/SDKs/iPhoneSimulator15.2.sdk
    builtin-swiftDriverJobExecution -- /Applications/Xcode.app/Contents/Developer/Toolchains/XcodeDefault.xctoolchain/usr/bin/swift-frontend -frontend -c -filelist /Users/sergejhlystov/Library/Developer/Xcode/DerivedData/ALADDIN-eahryzmutvtbyceygnlyjsmiiaha/Build/Intermediates.noindex/ALADDIN.build/Debug-iphonesimulator/ALADDIN.build/Objects-normal/arm64/sources-1 -primary-file /Users/sergejhlystov/ALADDIN_NEW/ALADDIN_NEW/mobile_apps/ALADDIN_iOS/Shared/Components/Modals/BackupRecoveryModal.swift -primary-file /Users/sergejhlystov/ALADDIN_NEW/ALADDIN_NEW/mobile_apps/ALADDIN_iOS/Screens/RewardsModalView.swift -primary-file /Users/sergejhlystov/ALADDIN_NEW/ALADDIN_NEW/mobile_apps/ALADDIN_iOS/Screens/23_FamilyChatScreen.swift -primary-file /Users/sergejhlystov/ALADDIN_NEW/ALADDIN_NEW/mobile_apps/ALADDIN_iOS/Core/Storage/StorageManager.swift -primary-file /Users/sergejhlystov/ALADDIN_NEW/ALADDIN_NEW/mobile_apps/ALADDIN_iOS/Screens/02_FamilyScreen.swift -primary-file /Users/sergejhlystov/ALADDIN_NEW/ALADDIN_NEW/mobile_apps/ALADDIN_iOS/Screens/20_DevicesScreen.swift -primary-file /Users/sergejhlystov/ALADDIN_NEW/ALADDIN_NEW/mobile_apps/ALADDIN_iOS/Shared/Components/Buttons/SecondaryButton.swift -primary-file /Users/sergejhlystov/ALADDIN_NEW/ALADDIN_NEW/mobile_apps/ALADDIN_iOS/Shared/Components/Modals/PasswordGeneratorModal.swift -primary-file /Users/sergejhlystov/ALADDIN_NEW/ALADDIN_NEW/mobile_apps/ALADDIN_iOS/Components/EnhancedThreatCategoryCard.swift -primary-file /Users/sergejhlystov/ALADDIN_NEW/ALADDIN_NEW/mobile_apps/ALADDIN_iOS/Shared/Components/Modals/PhishingProtectionSettingsModal.swift -primary-file /Users/sergejhlystov/ALADDIN_NEW/ALADDIN_NEW/mobile_apps/ALADDIN_iOS/Screens/SettingsScreenFallback.swift -primary-file /Users/sergejhlystov/ALADDIN_NEW/ALADDIN_NEW/mobile_apps/ALADDIN_iOS/Shared/Components/ViewModifiers.swift -primary-file /Users/sergejhlystov/ALADDIN_NEW/ALADDIN_NEW/mobile_apps/ALADDIN_iOS/Shared/Components/CollapsibleSection.swift -primary-file /Users/sergejhlystov/ALADDIN_NEW/ALADDIN_NEW/mobile_apps/ALADDIN_iOS/Shared/Components/HapticFeedback.swift -primary-file /Users/sergejhlystov/ALADDIN_NEW/ALADDIN_NEW/mobile_apps/ALADDIN_iOS/Screens/MainScreenWithRegistration.swift -primary-file /Users/sergejhlystov/ALADDIN_NEW/ALADDIN_NEW/mobile_apps/ALADDIN_iOS/Core/Network/NetworkError.swift -primary-file /Users/sergejhlystov/ALADDIN_NEW/ALADDIN_NEW/mobile_apps/ALADDIN_iOS/Screens/LanguageSettingsScreen.swift -primary-file /Users/sergejhlystov/ALADDIN_NEW/ALADDIN_NEW/mobile_apps/ALADDIN_iOS/Screens/SettingsTestSuiteView.swift -primary-file /Users/sergejhlystov/ALADDIN_NEW/ALADDIN_NEW/mobile_apps/ALADDIN_iOS/ViewModels/FamilyRegistrationViewModel.swift -primary-file /Users/sergejhlystov/ALADDIN_NEW/ALADDIN_NEW/mobile_apps/ALADDIN_iOS/Shared/Models/ParentalControlFeature.swift -primary-file /Users/sergejhlystov/ALADDIN_NEW/ALADDIN_NEW/mobile_apps/ALADDIN_iOS/Shared/Styles/CornerRadius.swift -primary-file /Users/sergejhlystov/ALADDIN_NEW/ALADDIN_NEW/mobile_apps/ALADDIN_iOS/Screens/01_MainScreen.swift -primary-file /Users/sergejhlystov/ALADDIN_NEW/ALADDIN_NEW/mobile_apps/ALADDIN_iOS/Screens/03_NetworkProtectionScreen.swift -supplementary-output-file-map /Users/sergejhlystov/Library/Developer/Xcode/DerivedData/ALADDIN-eahryzmutvtbyceygnlyjsmiiaha/Build/Intermediates.noindex/ALADDIN.build/Debug-iphonesimulator/ALADDIN.build/Objects-normal/arm64/supplementaryOutputs-8 -target arm64-apple-ios15.2-simulator -Xllvm -aarch64-use-tbi -enable-objc-interop -sdk /Applications/Xcode.app/Contents/Developer/Platforms/iPhoneSimulator.platform/Developer/SDKs/iPhoneSimulator15.2.sdk -I /Users/sergejhlystov/Library/Developer/Xcode/DerivedData/ALADDIN-eahryzmutvtbyceygnlyjsmiiaha/Build/Products/Debug-iphonesimulator -F /Users/sergejhlystov/Library/Developer/Xcode/DerivedData/ALADDIN-eahryzmutvtbyceygnlyjsmiiaha/Build/Products/Debug-iphonesimulator -no-color-diagnostics -enable-testing -g -module-cache-path /Users/sergejhlystov/Library/Developer/Xcode/DerivedData/ModuleCache.noindex -emit-localized-strings -emit-localized-strings-path /Users/sergejhlystov/Library/Developer/Xcode/DerivedData/ALADDIN-eahryzmutvtbyceygnlyjsmiiaha/Build/Intermediates.noindex/ALADDIN.build/Debug-iphonesimulator/ALADDIN.build/Objects-normal/arm64 -swift-version 5 -enforce-exclusivity\=checked -Onone -D DEBUG -serialize-debugging-options -Xcc -working-directory -Xcc /Users/sergejhlystov/ALADDIN_NEW/ALADDIN_NEW/mobile_apps/ALADDIN_iOS -resource-dir /Applications/Xcode.app/Contents/Developer/Toolchains/XcodeDefault.xctoolchain/usr/lib/swift -enable-anonymous-context-mangled-names -Xcc -I/Users/sergejhlystov/Library/Developer/Xcode/DerivedData/ALADDIN-eahryzmutvtbyceygnlyjsmiiaha/Build/Intermediates.noindex/ALADDIN.build/Debug-iphonesimulator/ALADDIN.build/swift-overrides.hmap -Xcc -iquote -Xcc /Users/sergejhlystov/Library/Developer/Xcode/DerivedData/ALADDIN-eahryzmutvtbyceygnlyjsmiiaha/Build/Intermediates.noindex/ALADDIN.build/Debug-iphonesimulator/ALADDIN.build/ALADDIN-generated-files.hmap -Xcc -I/Users/sergejhlystov/Library/Developer/Xcode/DerivedData/ALADDIN-eahryzmutvtbyceygnlyjsmiiaha/Build/Intermediates.noindex/ALADDIN.build/Debug-iphonesimulator/ALADDIN.build/ALADDIN-own-target-headers.hmap -Xcc -I/Users/sergejhlystov/Library/Developer/Xcode/DerivedData/ALADDIN-eahryzmutvtbyceygnlyjsmiiaha/Build/Intermediates.noindex/ALADDIN.build/Debug-iphonesimulator/ALADDIN.build/ALADDIN-all-target-headers.hmap -Xcc -iquote -Xcc /Users/sergejhlystov/Library/Developer/Xcode/DerivedData/ALADDIN-eahryzmutvtbyceygnlyjsmiiaha/Build/Intermediates.noindex/ALADDIN.build/Debug-iphonesimulator/ALADDIN.build/ALADDIN-project-headers.hmap -Xcc -I/Users/sergejhlystov/Library/Developer/Xcode/DerivedData/ALADDIN-eahryzmutvtbyceygnlyjsmiiaha/Build/Products/Debug-iphonesimulator/include -Xcc -I/Users/sergejhlystov/Library/Developer/Xcode/DerivedData/ALADDIN-eahryzmutvtbyceygnlyjsmiiaha/Build/Intermediates.noindex/ALADDIN.build/Debug-iphonesimulator/ALADDIN.build/DerivedSources-normal/arm64 -Xcc -I/Users/sergejhlystov/Library/Developer/Xcode/DerivedData/ALADDIN-eahryzmutvtbyceygnlyjsmiiaha/Build/Intermediates.noindex/ALADDIN.build/Debug-iphonesimulator/ALADDIN.build/DerivedSources/arm64 -Xcc -I/Users/sergejhlystov/Library/Developer/Xcode/DerivedData/ALADDIN-eahryzmutvtbyceygnlyjsmiiaha/Build/Intermediates.noindex/ALADDIN.build/Debug-iphonesimulator/ALADDIN.build/DerivedSources -Xcc -DDEBUG\=1 -module-name ALADDIN -target-sdk-version 15.2.0 -o /Users/sergejhlystov/Library/Developer/Xcode/DerivedData/ALADDIN-eahryzmutvtbyceygnlyjsmiiaha/Build/Intermediates.noindex/ALADDIN.build/Debug-iphonesimulator/ALADDIN.build/Objects-normal/arm64/BackupRecoveryModal.o -o /Users/sergejhlystov/Library/Developer/Xcode/DerivedData/ALADDIN-eahryzmutvtbyceygnlyjsmiiaha/Build/Intermediates.noindex/ALADDIN.build/Debug-iphonesimulator/ALADDIN.build/Objects-normal/arm64/RewardsModalView.o -o /Users/sergejhlystov/Library/Developer/Xcode/DerivedData/ALADDIN-eahryzmutvtbyceygnlyjsmiiaha/Build/Intermediates.noindex/ALADDIN.build/Debug-iphonesimulator/ALADDIN.build/Objects-normal/arm64/23_FamilyChatScreen.o -o /Users/sergejhlystov/Library/Developer/Xcode/DerivedData/ALADDIN-eahryzmutvtbyceygnlyjsmiiaha/Build/Intermediates.noindex/ALADDIN.build/Debug-iphonesimulator/ALADDIN.build/Objects-normal/arm64/StorageManager.o -o /Users/sergejhlystov/Library/Developer/Xcode/DerivedData/ALADDIN-eahryzmutvtbyceygnlyjsmiiaha/Build/Intermediates.noindex/ALADDIN.build/Debug-iphonesimulator/ALADDIN.build/Objects-normal/arm64/02_FamilyScreen.o -o /Users/sergejhlystov/Library/Developer/Xcode/DerivedData/ALADDIN-eahryzmutvtbyceygnlyjsmiiaha/Build/Intermediates.noindex/ALADDIN.build/Debug-iphonesimulator/ALADDIN.build/Objects-normal/arm64/20_DevicesScreen.o -o /Users/sergejhlystov/Library/Developer/Xcode/DerivedData/ALADDIN-eahryzmutvtbyceygnlyjsmiiaha/Build/Intermediates.noindex/ALADDIN.build/Debug-iphonesimulator/ALADDIN.build/Objects-normal/arm64/SecondaryButton.o -o /Users/sergejhlystov/Library/Developer/Xcode/DerivedData/ALADDIN-eahryzmutvtbyceygnlyjsmiiaha/Build/Intermediates.noindex/ALADDIN.build/Debug-iphonesimulator/ALADDIN.build/Objects-normal/arm64/PasswordGeneratorModal.o -o /Users/sergejhlystov/Library/Developer/Xcode/DerivedData/ALADDIN-eahryzmutvtbyceygnlyjsmiiaha/Build/Intermediates.noindex/ALADDIN.build/Debug-iphonesimulator/ALADDIN.build/Objects-normal/arm64/EnhancedThreatCategoryCard.o -o /Users/sergejhlystov/Library/Developer/Xcode/DerivedData/ALADDIN-eahryzmutvtbyceygnlyjsmiiaha/Build/Intermediates.noindex/ALADDIN.build/Debug-iphonesimulator/ALADDIN.build/Objects-normal/arm64/PhishingProtectionSettingsModal.o -o /Users/sergejhlystov/Library/Developer/Xcode/DerivedData/ALADDIN-eahryzmutvtbyceygnlyjsmiiaha/Build/Intermediates.noindex/ALADDIN.build/Debug-iphonesimulator/ALADDIN.build/Objects-normal/arm64/SettingsScreenFallback.o -o /Users/sergejhlystov/Library/Developer/Xcode/DerivedData/ALADDIN-eahryzmutvtbyceygnlyjsmiiaha/Build/Intermediates.noindex/ALADDIN.build/Debug-iphonesimulator/ALADDIN.build/Objects-normal/arm64/ViewModifiers.o -o /Users/sergejhlystov/Library/Developer/Xcode/DerivedData/ALADDIN-eahryzmutvtbyceygnlyjsmiiaha/Build/Intermediates.noindex/ALADDIN.build/Debug-iphonesimulator/ALADDIN.build/Objects-normal/arm64/CollapsibleSection.o -o /Users/sergejhlystov/Library/Developer/Xcode/DerivedData/ALADDIN-eahryzmutvtbyceygnlyjsmiiaha/Build/Intermediates.noindex/ALADDIN.build/Debug-iphonesimulator/ALADDIN.build/Objects-normal/arm64/HapticFeedback.o -o /Users/sergejhlystov/Library/Developer/Xcode/DerivedData/ALADDIN-eahryzmutvtbyceygnlyjsmiiaha/Build/Intermediates.noindex/ALADDIN.build/Debug-iphonesimulator/ALADDIN.build/Objects-normal/arm64/MainScreenWithRegistration.o -o /Users/sergejhlystov/Library/Developer/Xcode/DerivedData/ALADDIN-eahryzmutvtbyceygnlyjsmiiaha/Build/Intermediates.noindex/ALADDIN.build/Debug-iphonesimulator/ALADDIN.build/Objects-normal/arm64/NetworkError.o -o /Users/sergejhlystov/Library/Developer/Xcode/DerivedData/ALADDIN-eahryzmutvtbyceygnlyjsmiiaha/Build/Intermediates.noindex/ALADDIN.build/Debug-iphonesimulator/ALADDIN.build/Objects-normal/arm64/LanguageSettingsScreen.o -o /Users/sergejhlystov/Library/Developer/Xcode/DerivedData/ALADDIN-eahryzmutvtbyceygnlyjsmiiaha/Build/Intermediates.noindex/ALADDIN.build/Debug-iphonesimulator/ALADDIN.build/Objects-normal/arm64/SettingsTestSuiteView.o -o /Users/sergejhlystov/Library/Developer/Xcode/DerivedData/ALADDIN-eahryzmutvtbyceygnlyjsmiiaha/Build/Intermediates.noindex/ALADDIN.build/Debug-iphonesimulator/ALADDIN.build/Objects-normal/arm64/FamilyRegistrationViewModel.o -o /Users/sergejhlystov/Library/Developer/Xcode/DerivedData/ALADDIN-eahryzmutvtbyceygnlyjsmiiaha/Build/Intermediates.noindex/ALADDIN.build/Debug-iphonesimulator/ALADDIN.build/Objects-normal/arm64/ParentalControlFeature.o -o /Users/sergejhlystov/Library/Developer/Xcode/DerivedData/ALADDIN-eahryzmutvtbyceygnlyjsmiiaha/Build/Intermediates.noindex/ALADDIN.build/Debug-iphonesimulator/ALADDIN.build/Objects-normal/arm64/CornerRadius.o -o /Users/sergejhlystov/Library/Developer/Xcode/DerivedData/ALADDIN-eahryzmutvtbyceygnlyjsmiiaha/Build/Intermediates.noindex/ALADDIN.build/Debug-iphonesimulator/ALADDIN.build/Objects-normal/arm64/01_MainScreen.o -o /Users/sergejhlystov/Library/Developer/Xcode/DerivedData/ALADDIN-eahryzmutvtbyceygnlyjsmiiaha/Build/Intermediates.noindex/ALADDIN.build/Debug-iphonesimulator/ALADDIN.build/Objects-normal/arm64/03_NetworkProtectionScreen.o -index-store-path /Users/sergejhlystov/Library/Developer/Xcode/DerivedData/ALADDIN-eahryzmutvtbyceygnlyjsmiiaha/Index/DataStore -index-system-modules
/Users/sergejhlystov/ALADDIN_NEW/ALADDIN_NEW/mobile_apps/ALADDIN_iOS/Screens/MainScreenWithRegistration.swift:294:24: warning: immutable value 'role' was never used; consider replacing with '_' or removing it
                if let role = registrationVM.selectedRole,
                   ~~~~^~~~
                   _
/Users/sergejhlystov/ALADDIN_NEW/ALADDIN_NEW/mobile_apps/ALADDIN_iOS/Screens/MainScreenWithRegistration.swift:295:24: warning: immutable value 'ageGroup' was never used; consider replacing with '_' or removing it
                   let ageGroup = registrationVM.selectedAgeGroup,
                   ~~~~^~~~~~~~
                   _
/Users/sergejhlystov/ALADDIN_NEW/ALADDIN_NEW/mobile_apps/ALADDIN_iOS/Screens/MainScreenWithRegistration.swift:296:24: warning: immutable value 'letter' was never used; consider replacing with '_' or removing it
                   let letter = registrationVM.selectedLetter {
                   ~~~~^~~~~~
                   _
/Users/sergejhlystov/ALADDIN_NEW/ALADDIN_NEW/mobile_apps/ALADDIN_iOS/ViewModels/FamilyRegistrationViewModel.swift:624:75: warning: variable 'self' was written to, but never read
            DispatchQueue.main.asyncAfter(deadline: .now() + 0.5) { [weak self] in
                                                                          ^
/Users/sergejhlystov/ALADDIN_NEW/ALADDIN_NEW/mobile_apps/ALADDIN_iOS/ViewModels/FamilyRegistrationViewModel.swift:650:19: warning: immutable value 'role' was never used; consider replacing with '_' or removing it
        guard let role = selectedRole,
              ~~~~^~~~
              _
/Users/sergejhlystov/ALADDIN_NEW/ALADDIN_NEW/mobile_apps/ALADDIN_iOS/ViewModels/FamilyRegistrationViewModel.swift:651:19: warning: immutable value 'ageGroup' was never used; consider replacing with '_' or removing it
              let ageGroup = selectedAgeGroup,
              ~~~~^~~~~~~~
              _
/Users/sergejhlystov/ALADDIN_NEW/ALADDIN_NEW/mobile_apps/ALADDIN_iOS/ViewModels/FamilyRegistrationViewModel.swift:652:19: warning: immutable value 'letter' was never used; consider replacing with '_' or removing it
              let letter = selectedLetter else {
              ~~~~^~~~~~
              _
/Users/sergejhlystov/ALADDIN_NEW/ALADDIN_NEW/mobile_apps/ALADDIN_iOS/Screens/03_NetworkProtectionScreen.swift:981:16: warning: value 'lastResult' was defined but never used; consider replacing with boolean test
        if let lastResult = antivirusManager.lastScanResult {
           ~~~~^~~~~~~~~~~~~
                                                            != nil
/Users/sergejhlystov/ALADDIN_NEW/ALADDIN_NEW/mobile_apps/ALADDIN_iOS/Screens/03_NetworkProtectionScreen.swift:1218:32: warning: immutable value 'endTime' was never used; consider replacing with '_' or removing it
                        if let endTime = session.endTime, let duration = session.duration {
                           ~~~~^~~~~~~
                           _

SwiftDriver\ Compilation ALADDIN normal arm64 com.apple.xcode.tools.swift.compiler (in target 'ALADDIN' from project 'ALADDIN')
    cd /Users/sergejhlystov/ALADDIN_NEW/ALADDIN_NEW/mobile_apps/ALADDIN_iOS
    export DEVELOPER_DIR\=/Applications/Xcode.app/Contents/Developer
    export SDKROOT\=/Applications/Xcode.app/Contents/Developer/Platforms/iPhoneSimulator.platform/Developer/SDKs/iPhoneSimulator15.2.sdk
    builtin-Swift-Compilation -- /Applications/Xcode.app/Contents/Developer/Toolchains/XcodeDefault.xctoolchain/usr/bin/swiftc -incremental -module-name ALADDIN -Onone -enable-batch-mode -enforce-exclusivity\=checked @/Users/sergejhlystov/Library/Developer/Xcode/DerivedData/ALADDIN-eahryzmutvtbyceygnlyjsmiiaha/Build/Intermediates.noindex/ALADDIN.build/Debug-iphonesimulator/ALADDIN.build/Objects-normal/arm64/ALADDIN.SwiftFileList -DDEBUG -sdk /Applications/Xcode.app/Contents/Developer/Platforms/iPhoneSimulator.platform/Developer/SDKs/iPhoneSimulator15.2.sdk -target arm64-apple-ios15.2-simulator -g -module-cache-path /Users/sergejhlystov/Library/Developer/Xcode/DerivedData/ModuleCache.noindex -Xfrontend -serialize-debugging-options -enable-testing -index-store-path /Users/sergejhlystov/Library/Developer/Xcode/DerivedData/ALADDIN-eahryzmutvtbyceygnlyjsmiiaha/Index/DataStore -swift-version 5 -I /Users/sergejhlystov/Library/Developer/Xcode/DerivedData/ALADDIN-eahryzmutvtbyceygnlyjsmiiaha/Build/Products/Debug-iphonesimulator -F /Users/sergejhlystov/Library/Developer/Xcode/DerivedData/ALADDIN-eahryzmutvtbyceygnlyjsmiiaha/Build/Products/Debug-iphonesimulator -emit-localized-strings -emit-localized-strings-path /Users/sergejhlystov/Library/Developer/Xcode/DerivedData/ALADDIN-eahryzmutvtbyceygnlyjsmiiaha/Build/Intermediates.noindex/ALADDIN.build/Debug-iphonesimulator/ALADDIN.build/Objects-normal/arm64 -c -j8 -output-file-map /Users/sergejhlystov/Library/Developer/Xcode/DerivedData/ALADDIN-eahryzmutvtbyceygnlyjsmiiaha/Build/Intermediates.noindex/ALADDIN.build/Debug-iphonesimulator/ALADDIN.build/Objects-normal/arm64/ALADDIN-OutputFileMap.json -save-temps -no-color-diagnostics -serialize-diagnostics -emit-dependencies -emit-module -emit-module-path /Users/sergejhlystov/Library/Developer/Xcode/DerivedData/ALADDIN-eahryzmutvtbyceygnlyjsmiiaha/Build/Intermediates.noindex/ALADDIN.build/Debug-iphonesimulator/ALADDIN.build/Objects-normal/arm64/ALADDIN.swiftmodule -Xcc -I/Users/sergejhlystov/Library/Developer/Xcode/DerivedData/ALADDIN-eahryzmutvtbyceygnlyjsmiiaha/Build/Intermediates.noindex/ALADDIN.build/Debug-iphonesimulator/ALADDIN.build/swift-overrides.hmap -Xcc -iquote -Xcc /Users/sergejhlystov/Library/Developer/Xcode/DerivedData/ALADDIN-eahryzmutvtbyceygnlyjsmiiaha/Build/Intermediates.noindex/ALADDIN.build/Debug-iphonesimulator/ALADDIN.build/ALADDIN-generated-files.hmap -Xcc -I/Users/sergejhlystov/Library/Developer/Xcode/DerivedData/ALADDIN-eahryzmutvtbyceygnlyjsmiiaha/Build/Intermediates.noindex/ALADDIN.build/Debug-iphonesimulator/ALADDIN.build/ALADDIN-own-target-headers.hmap -Xcc -I/Users/sergejhlystov/Library/Developer/Xcode/DerivedData/ALADDIN-eahryzmutvtbyceygnlyjsmiiaha/Build/Intermediates.noindex/ALADDIN.build/Debug-iphonesimulator/ALADDIN.build/ALADDIN-all-target-headers.hmap -Xcc -iquote -Xcc /Users/sergejhlystov/Library/Developer/Xcode/DerivedData/ALADDIN-eahryzmutvtbyceygnlyjsmiiaha/Build/Intermediates.noindex/ALADDIN.build/Debug-iphonesimulator/ALADDIN.build/ALADDIN-project-headers.hmap -Xcc -I/Users/sergejhlystov/Library/Developer/Xcode/DerivedData/ALADDIN-eahryzmutvtbyceygnlyjsmiiaha/Build/Products/Debug-iphonesimulator/include -Xcc -I/Users/sergejhlystov/Library/Developer/Xcode/DerivedData/ALADDIN-eahryzmutvtbyceygnlyjsmiiaha/Build/Intermediates.noindex/ALADDIN.build/Debug-iphonesimulator/ALADDIN.build/DerivedSources-normal/arm64 -Xcc -I/Users/sergejhlystov/Library/Developer/Xcode/DerivedData/ALADDIN-eahryzmutvtbyceygnlyjsmiiaha/Build/Intermediates.noindex/ALADDIN.build/Debug-iphonesimulator/ALADDIN.build/DerivedSources/arm64 -Xcc -I/Users/sergejhlystov/Library/Developer/Xcode/DerivedData/ALADDIN-eahryzmutvtbyceygnlyjsmiiaha/Build/Intermediates.noindex/ALADDIN.build/Debug-iphonesimulator/ALADDIN.build/DerivedSources -Xcc -DDEBUG\=1 -emit-objc-header -emit-objc-header-path /Users/sergejhlystov/Library/Developer/Xcode/DerivedData/ALADDIN-eahryzmutvtbyceygnlyjsmiiaha/Build/Intermediates.noindex/ALADDIN.build/Debug-iphonesimulator/ALADDIN.build/Objects-normal/arm64/ALADDIN-Swift.h -working-directory /Users/sergejhlystov/ALADDIN_NEW/ALADDIN_NEW/mobile_apps/ALADDIN_iOS -experimental-emit-module-separately

SwiftDriverJob-Compile normal x86_64 Compiling\ BackupRecoveryModal.swift,\ RewardsModalView.swift,\ 23_FamilyChatScreen.swift,\ StorageManager.swift,\ 02_FamilyScreen.swift,\ 20_DevicesScreen.swift,\ SecondaryButton.swift,\ PasswordGeneratorModal.swift,\ EnhancedThreatCategoryCard.swift,\ PhishingProtectionSettingsModal.swift,\ SettingsScreenFallback.swift,\ ViewModifiers.swift,\ CollapsibleSection.swift,\ HapticFeedback.swift,\ MainScreenWithRegistration.swift,\ NetworkError.swift,\ LanguageSettingsScreen.swift,\ SettingsTestSuiteView.swift,\ FamilyRegistrationViewModel.swift,\ ParentalControlFeature.swift,\ CornerRadius.swift,\ 01_MainScreen.swift,\ 03_NetworkProtectionScreen.swift /Users/sergejhlystov/ALADDIN_NEW/ALADDIN_NEW/mobile_apps/ALADDIN_iOS/Shared/Components/Modals/BackupRecoveryModal.swift /Users/sergejhlystov/ALADDIN_NEW/ALADDIN_NEW/mobile_apps/ALADDIN_iOS/Screens/RewardsModalView.swift /Users/sergejhlystov/ALADDIN_NEW/ALADDIN_NEW/mobile_apps/ALADDIN_iOS/Screens/23_FamilyChatScreen.swift /Users/sergejhlystov/ALADDIN_NEW/ALADDIN_NEW/mobile_apps/ALADDIN_iOS/Core/Storage/StorageManager.swift /Users/sergejhlystov/ALADDIN_NEW/ALADDIN_NEW/mobile_apps/ALADDIN_iOS/Screens/02_FamilyScreen.swift /Users/sergejhlystov/ALADDIN_NEW/ALADDIN_NEW/mobile_apps/ALADDIN_iOS/Screens/20_DevicesScreen.swift /Users/sergejhlystov/ALADDIN_NEW/ALADDIN_NEW/mobile_apps/ALADDIN_iOS/Shared/Components/Buttons/SecondaryButton.swift /Users/sergejhlystov/ALADDIN_NEW/ALADDIN_NEW/mobile_apps/ALADDIN_iOS/Shared/Components/Modals/PasswordGeneratorModal.swift /Users/sergejhlystov/ALADDIN_NEW/ALADDIN_NEW/mobile_apps/ALADDIN_iOS/Components/EnhancedThreatCategoryCard.swift /Users/sergejhlystov/ALADDIN_NEW/ALADDIN_NEW/mobile_apps/ALADDIN_iOS/Shared/Components/Modals/PhishingProtectionSettingsModal.swift /Users/sergejhlystov/ALADDIN_NEW/ALADDIN_NEW/mobile_apps/ALADDIN_iOS/Screens/SettingsScreenFallback.swift /Users/sergejhlystov/ALADDIN_NEW/ALADDIN_NEW/mobile_apps/ALADDIN_iOS/Shared/Components/ViewModifiers.swift /Users/sergejhlystov/ALADDIN_NEW/ALADDIN_NEW/mobile_apps/ALADDIN_iOS/Shared/Components/CollapsibleSection.swift /Users/sergejhlystov/ALADDIN_NEW/ALADDIN_NEW/mobile_apps/ALADDIN_iOS/Shared/Components/HapticFeedback.swift /Users/sergejhlystov/ALADDIN_NEW/ALADDIN_NEW/mobile_apps/ALADDIN_iOS/Screens/MainScreenWithRegistration.swift /Users/sergejhlystov/ALADDIN_NEW/ALADDIN_NEW/mobile_apps/ALADDIN_iOS/Core/Network/NetworkError.swift /Users/sergejhlystov/ALADDIN_NEW/ALADDIN_NEW/mobile_apps/ALADDIN_iOS/Screens/LanguageSettingsScreen.swift /Users/sergejhlystov/ALADDIN_NEW/ALADDIN_NEW/mobile_apps/ALADDIN_iOS/Screens/SettingsTestSuiteView.swift /Users/sergejhlystov/ALADDIN_NEW/ALADDIN_NEW/mobile_apps/ALADDIN_iOS/ViewModels/FamilyRegistrationViewModel.swift /Users/sergejhlystov/ALADDIN_NEW/ALADDIN_NEW/mobile_apps/ALADDIN_iOS/Shared/Models/ParentalControlFeature.swift /Users/sergejhlystov/ALADDIN_NEW/ALADDIN_NEW/mobile_apps/ALADDIN_iOS/Shared/Styles/CornerRadius.swift /Users/sergejhlystov/ALADDIN_NEW/ALADDIN_NEW/mobile_apps/ALADDIN_iOS/Screens/01_MainScreen.swift /Users/sergejhlystov/ALADDIN_NEW/ALADDIN_NEW/mobile_apps/ALADDIN_iOS/Screens/03_NetworkProtectionScreen.swift (in target 'ALADDIN' from project 'ALADDIN')
    cd /Users/sergejhlystov/ALADDIN_NEW/ALADDIN_NEW/mobile_apps/ALADDIN_iOS
    export DEVELOPER_DIR\=/Applications/Xcode.app/Contents/Developer
    export SDKROOT\=/Applications/Xcode.app/Contents/Developer/Platforms/iPhoneSimulator.platform/Developer/SDKs/iPhoneSimulator15.2.sdk
    builtin-swiftDriverJobExecution -- /Applications/Xcode.app/Contents/Developer/Toolchains/XcodeDefault.xctoolchain/usr/bin/swift-frontend -frontend -c -filelist /Users/sergejhlystov/Library/Developer/Xcode/DerivedData/ALADDIN-eahryzmutvtbyceygnlyjsmiiaha/Build/Intermediates.noindex/ALADDIN.build/Debug-iphonesimulator/ALADDIN.build/Objects-normal/x86_64/sources-2 -primary-file /Users/sergejhlystov/ALADDIN_NEW/ALADDIN_NEW/mobile_apps/ALADDIN_iOS/Shared/Components/Modals/BackupRecoveryModal.swift -primary-file /Users/sergejhlystov/ALADDIN_NEW/ALADDIN_NEW/mobile_apps/ALADDIN_iOS/Screens/RewardsModalView.swift -primary-file /Users/sergejhlystov/ALADDIN_NEW/ALADDIN_NEW/mobile_apps/ALADDIN_iOS/Screens/23_FamilyChatScreen.swift -primary-file /Users/sergejhlystov/ALADDIN_NEW/ALADDIN_NEW/mobile_apps/ALADDIN_iOS/Core/Storage/StorageManager.swift -primary-file /Users/sergejhlystov/ALADDIN_NEW/ALADDIN_NEW/mobile_apps/ALADDIN_iOS/Screens/02_FamilyScreen.swift -primary-file /Users/sergejhlystov/ALADDIN_NEW/ALADDIN_NEW/mobile_apps/ALADDIN_iOS/Screens/20_DevicesScreen.swift -primary-file /Users/sergejhlystov/ALADDIN_NEW/ALADDIN_NEW/mobile_apps/ALADDIN_iOS/Shared/Components/Buttons/SecondaryButton.swift -primary-file /Users/sergejhlystov/ALADDIN_NEW/ALADDIN_NEW/mobile_apps/ALADDIN_iOS/Shared/Components/Modals/PasswordGeneratorModal.swift -primary-file /Users/sergejhlystov/ALADDIN_NEW/ALADDIN_NEW/mobile_apps/ALADDIN_iOS/Components/EnhancedThreatCategoryCard.swift -primary-file /Users/sergejhlystov/ALADDIN_NEW/ALADDIN_NEW/mobile_apps/ALADDIN_iOS/Shared/Components/Modals/PhishingProtectionSettingsModal.swift -primary-file /Users/sergejhlystov/ALADDIN_NEW/ALADDIN_NEW/mobile_apps/ALADDIN_iOS/Screens/SettingsScreenFallback.swift -primary-file /Users/sergejhlystov/ALADDIN_NEW/ALADDIN_NEW/mobile_apps/ALADDIN_iOS/Shared/Components/ViewModifiers.swift -primary-file /Users/sergejhlystov/ALADDIN_NEW/ALADDIN_NEW/mobile_apps/ALADDIN_iOS/Shared/Components/CollapsibleSection.swift -primary-file /Users/sergejhlystov/ALADDIN_NEW/ALADDIN_NEW/mobile_apps/ALADDIN_iOS/Shared/Components/HapticFeedback.swift -primary-file /Users/sergejhlystov/ALADDIN_NEW/ALADDIN_NEW/mobile_apps/ALADDIN_iOS/Screens/MainScreenWithRegistration.swift -primary-file /Users/sergejhlystov/ALADDIN_NEW/ALADDIN_NEW/mobile_apps/ALADDIN_iOS/Core/Network/NetworkError.swift -primary-file /Users/sergejhlystov/ALADDIN_NEW/ALADDIN_NEW/mobile_apps/ALADDIN_iOS/Screens/LanguageSettingsScreen.swift -primary-file /Users/sergejhlystov/ALADDIN_NEW/ALADDIN_NEW/mobile_apps/ALADDIN_iOS/Screens/SettingsTestSuiteView.swift -primary-file /Users/sergejhlystov/ALADDIN_NEW/ALADDIN_NEW/mobile_apps/ALADDIN_iOS/ViewModels/FamilyRegistrationViewModel.swift -primary-file /Users/sergejhlystov/ALADDIN_NEW/ALADDIN_NEW/mobile_apps/ALADDIN_iOS/Shared/Models/ParentalControlFeature.swift -primary-file /Users/sergejhlystov/ALADDIN_NEW/ALADDIN_NEW/mobile_apps/ALADDIN_iOS/Shared/Styles/CornerRadius.swift -primary-file /Users/sergejhlystov/ALADDIN_NEW/ALADDIN_NEW/mobile_apps/ALADDIN_iOS/Screens/01_MainScreen.swift -primary-file /Users/sergejhlystov/ALADDIN_NEW/ALADDIN_NEW/mobile_apps/ALADDIN_iOS/Screens/03_NetworkProtectionScreen.swift -supplementary-output-file-map /Users/sergejhlystov/Library/Developer/Xcode/DerivedData/ALADDIN-eahryzmutvtbyceygnlyjsmiiaha/Build/Intermediates.noindex/ALADDIN.build/Debug-iphonesimulator/ALADDIN.build/Objects-normal/x86_64/supplementaryOutputs-30 -target x86_64-apple-ios15.2-simulator -enable-objc-interop -sdk /Applications/Xcode.app/Contents/Developer/Platforms/iPhoneSimulator.platform/Developer/SDKs/iPhoneSimulator15.2.sdk -I /Users/sergejhlystov/Library/Developer/Xcode/DerivedData/ALADDIN-eahryzmutvtbyceygnlyjsmiiaha/Build/Products/Debug-iphonesimulator -F /Users/sergejhlystov/Library/Developer/Xcode/DerivedData/ALADDIN-eahryzmutvtbyceygnlyjsmiiaha/Build/Products/Debug-iphonesimulator -no-color-diagnostics -enable-testing -g -module-cache-path /Users/sergejhlystov/Library/Developer/Xcode/DerivedData/ModuleCache.noindex -emit-localized-strings -emit-localized-strings-path /Users/sergejhlystov/Library/Developer/Xcode/DerivedData/ALADDIN-eahryzmutvtbyceygnlyjsmiiaha/Build/Intermediates.noindex/ALADDIN.build/Debug-iphonesimulator/ALADDIN.build/Objects-normal/x86_64 -swift-version 5 -enforce-exclusivity\=checked -Onone -D DEBUG -serialize-debugging-options -Xcc -working-directory -Xcc /Users/sergejhlystov/ALADDIN_NEW/ALADDIN_NEW/mobile_apps/ALADDIN_iOS -resource-dir /Applications/Xcode.app/Contents/Developer/Toolchains/XcodeDefault.xctoolchain/usr/lib/swift -enable-anonymous-context-mangled-names -Xcc -I/Users/sergejhlystov/Library/Developer/Xcode/DerivedData/ALADDIN-eahryzmutvtbyceygnlyjsmiiaha/Build/Intermediates.noindex/ALADDIN.build/Debug-iphonesimulator/ALADDIN.build/swift-overrides.hmap -Xcc -iquote -Xcc /Users/sergejhlystov/Library/Developer/Xcode/DerivedData/ALADDIN-eahryzmutvtbyceygnlyjsmiiaha/Build/Intermediates.noindex/ALADDIN.build/Debug-iphonesimulator/ALADDIN.build/ALADDIN-generated-files.hmap -Xcc -I/Users/sergejhlystov/Library/Developer/Xcode/DerivedData/ALADDIN-eahryzmutvtbyceygnlyjsmiiaha/Build/Intermediates.noindex/ALADDIN.build/Debug-iphonesimulator/ALADDIN.build/ALADDIN-own-target-headers.hmap -Xcc -I/Users/sergejhlystov/Library/Developer/Xcode/DerivedData/ALADDIN-eahryzmutvtbyceygnlyjsmiiaha/Build/Intermediates.noindex/ALADDIN.build/Debug-iphonesimulator/ALADDIN.build/ALADDIN-all-target-headers.hmap -Xcc -iquote -Xcc /Users/sergejhlystov/Library/Developer/Xcode/DerivedData/ALADDIN-eahryzmutvtbyceygnlyjsmiiaha/Build/Intermediates.noindex/ALADDIN.build/Debug-iphonesimulator/ALADDIN.build/ALADDIN-project-headers.hmap -Xcc -I/Users/sergejhlystov/Library/Developer/Xcode/DerivedData/ALADDIN-eahryzmutvtbyceygnlyjsmiiaha/Build/Products/Debug-iphonesimulator/include -Xcc -I/Users/sergejhlystov/Library/Developer/Xcode/DerivedData/ALADDIN-eahryzmutvtbyceygnlyjsmiiaha/Build/Intermediates.noindex/ALADDIN.build/Debug-iphonesimulator/ALADDIN.build/DerivedSources-normal/x86_64 -Xcc -I/Users/sergejhlystov/Library/Developer/Xcode/DerivedData/ALADDIN-eahryzmutvtbyceygnlyjsmiiaha/Build/Intermediates.noindex/ALADDIN.build/Debug-iphonesimulator/ALADDIN.build/DerivedSources/x86_64 -Xcc -I/Users/sergejhlystov/Library/Developer/Xcode/DerivedData/ALADDIN-eahryzmutvtbyceygnlyjsmiiaha/Build/Intermediates.noindex/ALADDIN.build/Debug-iphonesimulator/ALADDIN.build/DerivedSources -Xcc -DDEBUG\=1 -module-name ALADDIN -target-sdk-version 15.2.0 -o /Users/sergejhlystov/Library/Developer/Xcode/DerivedData/ALADDIN-eahryzmutvtbyceygnlyjsmiiaha/Build/Intermediates.noindex/ALADDIN.build/Debug-iphonesimulator/ALADDIN.build/Objects-normal/x86_64/BackupRecoveryModal.o -o /Users/sergejhlystov/Library/Developer/Xcode/DerivedData/ALADDIN-eahryzmutvtbyceygnlyjsmiiaha/Build/Intermediates.noindex/ALADDIN.build/Debug-iphonesimulator/ALADDIN.build/Objects-normal/x86_64/RewardsModalView.o -o /Users/sergejhlystov/Library/Developer/Xcode/DerivedData/ALADDIN-eahryzmutvtbyceygnlyjsmiiaha/Build/Intermediates.noindex/ALADDIN.build/Debug-iphonesimulator/ALADDIN.build/Objects-normal/x86_64/23_FamilyChatScreen.o -o /Users/sergejhlystov/Library/Developer/Xcode/DerivedData/ALADDIN-eahryzmutvtbyceygnlyjsmiiaha/Build/Intermediates.noindex/ALADDIN.build/Debug-iphonesimulator/ALADDIN.build/Objects-normal/x86_64/StorageManager.o -o /Users/sergejhlystov/Library/Developer/Xcode/DerivedData/ALADDIN-eahryzmutvtbyceygnlyjsmiiaha/Build/Intermediates.noindex/ALADDIN.build/Debug-iphonesimulator/ALADDIN.build/Objects-normal/x86_64/02_FamilyScreen.o -o /Users/sergejhlystov/Library/Developer/Xcode/DerivedData/ALADDIN-eahryzmutvtbyceygnlyjsmiiaha/Build/Intermediates.noindex/ALADDIN.build/Debug-iphonesimulator/ALADDIN.build/Objects-normal/x86_64/20_DevicesScreen.o -o /Users/sergejhlystov/Library/Developer/Xcode/DerivedData/ALADDIN-eahryzmutvtbyceygnlyjsmiiaha/Build/Intermediates.noindex/ALADDIN.build/Debug-iphonesimulator/ALADDIN.build/Objects-normal/x86_64/SecondaryButton.o -o /Users/sergejhlystov/Library/Developer/Xcode/DerivedData/ALADDIN-eahryzmutvtbyceygnlyjsmiiaha/Build/Intermediates.noindex/ALADDIN.build/Debug-iphonesimulator/ALADDIN.build/Objects-normal/x86_64/PasswordGeneratorModal.o -o /Users/sergejhlystov/Library/Developer/Xcode/DerivedData/ALADDIN-eahryzmutvtbyceygnlyjsmiiaha/Build/Intermediates.noindex/ALADDIN.build/Debug-iphonesimulator/ALADDIN.build/Objects-normal/x86_64/EnhancedThreatCategoryCard.o -o /Users/sergejhlystov/Library/Developer/Xcode/DerivedData/ALADDIN-eahryzmutvtbyceygnlyjsmiiaha/Build/Intermediates.noindex/ALADDIN.build/Debug-iphonesimulator/ALADDIN.build/Objects-normal/x86_64/PhishingProtectionSettingsModal.o -o /Users/sergejhlystov/Library/Developer/Xcode/DerivedData/ALADDIN-eahryzmutvtbyceygnlyjsmiiaha/Build/Intermediates.noindex/ALADDIN.build/Debug-iphonesimulator/ALADDIN.build/Objects-normal/x86_64/SettingsScreenFallback.o -o /Users/sergejhlystov/Library/Developer/Xcode/DerivedData/ALADDIN-eahryzmutvtbyceygnlyjsmiiaha/Build/Intermediates.noindex/ALADDIN.build/Debug-iphonesimulator/ALADDIN.build/Objects-normal/x86_64/ViewModifiers.o -o /Users/sergejhlystov/Library/Developer/Xcode/DerivedData/ALADDIN-eahryzmutvtbyceygnlyjsmiiaha/Build/Intermediates.noindex/ALADDIN.build/Debug-iphonesimulator/ALADDIN.build/Objects-normal/x86_64/CollapsibleSection.o -o /Users/sergejhlystov/Library/Developer/Xcode/DerivedData/ALADDIN-eahryzmutvtbyceygnlyjsmiiaha/Build/Intermediates.noindex/ALADDIN.build/Debug-iphonesimulator/ALADDIN.build/Objects-normal/x86_64/HapticFeedback.o -o /Users/sergejhlystov/Library/Developer/Xcode/DerivedData/ALADDIN-eahryzmutvtbyceygnlyjsmiiaha/Build/Intermediates.noindex/ALADDIN.build/Debug-iphonesimulator/ALADDIN.build/Objects-normal/x86_64/MainScreenWithRegistration.o -o /Users/sergejhlystov/Library/Developer/Xcode/DerivedData/ALADDIN-eahryzmutvtbyceygnlyjsmiiaha/Build/Intermediates.noindex/ALADDIN.build/Debug-iphonesimulator/ALADDIN.build/Objects-normal/x86_64/NetworkError.o -o /Users/sergejhlystov/Library/Developer/Xcode/DerivedData/ALADDIN-eahryzmutvtbyceygnlyjsmiiaha/Build/Intermediates.noindex/ALADDIN.build/Debug-iphonesimulator/ALADDIN.build/Objects-normal/x86_64/LanguageSettingsScreen.o -o /Users/sergejhlystov/Library/Developer/Xcode/DerivedData/ALADDIN-eahryzmutvtbyceygnlyjsmiiaha/Build/Intermediates.noindex/ALADDIN.build/Debug-iphonesimulator/ALADDIN.build/Objects-normal/x86_64/SettingsTestSuiteView.o -o /Users/sergejhlystov/Library/Developer/Xcode/DerivedData/ALADDIN-eahryzmutvtbyceygnlyjsmiiaha/Build/Intermediates.noindex/ALADDIN.build/Debug-iphonesimulator/ALADDIN.build/Objects-normal/x86_64/FamilyRegistrationViewModel.o -o /Users/sergejhlystov/Library/Developer/Xcode/DerivedData/ALADDIN-eahryzmutvtbyceygnlyjsmiiaha/Build/Intermediates.noindex/ALADDIN.build/Debug-iphonesimulator/ALADDIN.build/Objects-normal/x86_64/ParentalControlFeature.o -o /Users/sergejhlystov/Library/Developer/Xcode/DerivedData/ALADDIN-eahryzmutvtbyceygnlyjsmiiaha/Build/Intermediates.noindex/ALADDIN.build/Debug-iphonesimulator/ALADDIN.build/Objects-normal/x86_64/CornerRadius.o -o /Users/sergejhlystov/Library/Developer/Xcode/DerivedData/ALADDIN-eahryzmutvtbyceygnlyjsmiiaha/Build/Intermediates.noindex/ALADDIN.build/Debug-iphonesimulator/ALADDIN.build/Objects-normal/x86_64/01_MainScreen.o -o /Users/sergejhlystov/Library/Developer/Xcode/DerivedData/ALADDIN-eahryzmutvtbyceygnlyjsmiiaha/Build/Intermediates.noindex/ALADDIN.build/Debug-iphonesimulator/ALADDIN.build/Objects-normal/x86_64/03_NetworkProtectionScreen.o -index-store-path /Users/sergejhlystov/Library/Developer/Xcode/DerivedData/ALADDIN-eahryzmutvtbyceygnlyjsmiiaha/Index/DataStore -index-system-modules
/Users/sergejhlystov/ALADDIN_NEW/ALADDIN_NEW/mobile_apps/ALADDIN_iOS/Screens/MainScreenWithRegistration.swift:294:24: warning: immutable value 'role' was never used; consider replacing with '_' or removing it
                if let role = registrationVM.selectedRole,
                   ~~~~^~~~
                   _
/Users/sergejhlystov/ALADDIN_NEW/ALADDIN_NEW/mobile_apps/ALADDIN_iOS/Screens/MainScreenWithRegistration.swift:295:24: warning: immutable value 'ageGroup' was never used; consider replacing with '_' or removing it
                   let ageGroup = registrationVM.selectedAgeGroup,
                   ~~~~^~~~~~~~
                   _
/Users/sergejhlystov/ALADDIN_NEW/ALADDIN_NEW/mobile_apps/ALADDIN_iOS/Screens/MainScreenWithRegistration.swift:296:24: warning: immutable value 'letter' was never used; consider replacing with '_' or removing it
                   let letter = registrationVM.selectedLetter {
                   ~~~~^~~~~~
                   _
/Users/sergejhlystov/ALADDIN_NEW/ALADDIN_NEW/mobile_apps/ALADDIN_iOS/ViewModels/FamilyRegistrationViewModel.swift:624:75: warning: variable 'self' was written to, but never read
            DispatchQueue.main.asyncAfter(deadline: .now() + 0.5) { [weak self] in
                                                                          ^
/Users/sergejhlystov/ALADDIN_NEW/ALADDIN_NEW/mobile_apps/ALADDIN_iOS/ViewModels/FamilyRegistrationViewModel.swift:650:19: warning: immutable value 'role' was never used; consider replacing with '_' or removing it
        guard let role = selectedRole,
              ~~~~^~~~
              _
/Users/sergejhlystov/ALADDIN_NEW/ALADDIN_NEW/mobile_apps/ALADDIN_iOS/ViewModels/FamilyRegistrationViewModel.swift:651:19: warning: immutable value 'ageGroup' was never used; consider replacing with '_' or removing it
              let ageGroup = selectedAgeGroup,
              ~~~~^~~~~~~~
              _
/Users/sergejhlystov/ALADDIN_NEW/ALADDIN_NEW/mobile_apps/ALADDIN_iOS/ViewModels/FamilyRegistrationViewModel.swift:652:19: warning: immutable value 'letter' was never used; consider replacing with '_' or removing it
              let letter = selectedLetter else {
              ~~~~^~~~~~
              _
/Users/sergejhlystov/ALADDIN_NEW/ALADDIN_NEW/mobile_apps/ALADDIN_iOS/Screens/03_NetworkProtectionScreen.swift:981:16: warning: value 'lastResult' was defined but never used; consider replacing with boolean test
        if let lastResult = antivirusManager.lastScanResult {
           ~~~~^~~~~~~~~~~~~
                                                            != nil
/Users/sergejhlystov/ALADDIN_NEW/ALADDIN_NEW/mobile_apps/ALADDIN_iOS/Screens/03_NetworkProtectionScreen.swift:1218:32: warning: immutable value 'endTime' was never used; consider replacing with '_' or removing it
                        if let endTime = session.endTime, let duration = session.duration {
                           ~~~~^~~~~~~
                           _

SwiftDriverJob-Compile normal x86_64 Compiling\ 14_OnboardingScreen.swift,\ FamilyCreatedModal.swift,\ LocationManager.swift,\ CrashDetectionManager.swift,\ CrashDetectionAlertModal.swift,\ PaymentQRViewModel.swift,\ MediaMessageBubble.swift,\ NavigationManager.swift,\ AccessibilityManager.swift,\ URLHelper.swift,\ StoreManager.swift,\ WheelOfFortuneView.swift,\ UnicornUniverseView.swift,\ DateFormatterService.swift,\ YoungDefenderView.swift,\ LocalizationManager.swift,\ 13_SupportScreen.swift,\ VoiceMessageRecorder.swift,\ AnalyticsManager.swift,\ 07_ParentalControlScreen.swift,\ 05_SettingsScreen.swift,\ ALADDINTextField.swift,\ ChatSearchBar.swift /Users/sergejhlystov/ALADDIN_NEW/ALADDIN_NEW/mobile_apps/ALADDIN_iOS/Screens/14_OnboardingScreen.swift /Users/sergejhlystov/ALADDIN_NEW/ALADDIN_NEW/mobile_apps/ALADDIN_iOS/Components/Modals/FamilyCreatedModal.swift /Users/sergejhlystov/ALADDIN_NEW/ALADDIN_NEW/mobile_apps/ALADDIN_iOS/Core/Managers/LocationManager.swift /Users/sergejhlystov/ALADDIN_NEW/ALADDIN_NEW/mobile_apps/ALADDIN_iOS/Core/Managers/CrashDetectionManager.swift /Users/sergejhlystov/ALADDIN_NEW/ALADDIN_NEW/mobile_apps/ALADDIN_iOS/Shared/Components/Modals/CrashDetectionAlertModal.swift /Users/sergejhlystov/ALADDIN_NEW/ALADDIN_NEW/mobile_apps/ALADDIN_iOS/ViewModels/PaymentQRViewModel.swift /Users/sergejhlystov/ALADDIN_NEW/ALADDIN_NEW/mobile_apps/ALADDIN_iOS/Shared/Components/Chat/MediaMessageBubble.swift /Users/sergejhlystov/ALADDIN_NEW/ALADDIN_NEW/mobile_apps/ALADDIN_iOS/Core/Navigation/NavigationManager.swift /Users/sergejhlystov/ALADDIN_NEW/ALADDIN_NEW/mobile_apps/ALADDIN_iOS/Core/Accessibility/AccessibilityManager.swift /Users/sergejhlystov/ALADDIN_NEW/ALADDIN_NEW/mobile_apps/ALADDIN_iOS/Core/Helpers/URLHelper.swift /Users/sergejhlystov/ALADDIN_NEW/ALADDIN_NEW/mobile_apps/ALADDIN_iOS/Core/Store/StoreManager.swift /Users/sergejhlystov/ALADDIN_NEW/ALADDIN_NEW/mobile_apps/ALADDIN_iOS/Screens/WheelOfFortuneView.swift /Users/sergejhlystov/ALADDIN_NEW/ALADDIN_NEW/mobile_apps/ALADDIN_iOS/Screens/UnicornUniverseView.swift /Users/sergejhlystov/ALADDIN_NEW/ALADDIN_NEW/mobile_apps/ALADDIN_iOS/Core/Services/DateFormatterService.swift /Users/sergejhlystov/ALADDIN_NEW/ALADDIN_NEW/mobile_apps/ALADDIN_iOS/Screens/YoungDefenderView.swift /Users/sergejhlystov/ALADDIN_NEW/ALADDIN_NEW/mobile_apps/ALADDIN_iOS/Core/Localization/LocalizationManager.swift /Users/sergejhlystov/ALADDIN_NEW/ALADDIN_NEW/mobile_apps/ALADDIN_iOS/Screens/13_SupportScreen.swift /Users/sergejhlystov/ALADDIN_NEW/ALADDIN_NEW/mobile_apps/ALADDIN_iOS/Core/Audio/VoiceMessageRecorder.swift /Users/sergejhlystov/ALADDIN_NEW/ALADDIN_NEW/mobile_apps/ALADDIN_iOS/Core/Analytics/AnalyticsManager.swift /Users/sergejhlystov/ALADDIN_NEW/ALADDIN_NEW/mobile_apps/ALADDIN_iOS/Screens/07_ParentalControlScreen.swift /Users/sergejhlystov/ALADDIN_NEW/ALADDIN_NEW/mobile_apps/ALADDIN_iOS/Screens/05_SettingsScreen.swift /Users/sergejhlystov/ALADDIN_NEW/ALADDIN_NEW/mobile_apps/ALADDIN_iOS/Shared/Components/Inputs/ALADDINTextField.swift /Users/sergejhlystov/ALADDIN_NEW/ALADDIN_NEW/mobile_apps/ALADDIN_iOS/Shared/Components/Chat/ChatSearchBar.swift (in target 'ALADDIN' from project 'ALADDIN')
    cd /Users/sergejhlystov/ALADDIN_NEW/ALADDIN_NEW/mobile_apps/ALADDIN_iOS
    export DEVELOPER_DIR\=/Applications/Xcode.app/Contents/Developer
    export SDKROOT\=/Applications/Xcode.app/Contents/Developer/Platforms/iPhoneSimulator.platform/Developer/SDKs/iPhoneSimulator15.2.sdk
    builtin-swiftDriverJobExecution -- /Applications/Xcode.app/Contents/Developer/Toolchains/XcodeDefault.xctoolchain/usr/bin/swift-frontend -frontend -c -filelist /Users/sergejhlystov/Library/Developer/Xcode/DerivedData/ALADDIN-eahryzmutvtbyceygnlyjsmiiaha/Build/Intermediates.noindex/ALADDIN.build/Debug-iphonesimulator/ALADDIN.build/Objects-normal/x86_64/sources-2 -primary-file /Users/sergejhlystov/ALADDIN_NEW/ALADDIN_NEW/mobile_apps/ALADDIN_iOS/Screens/14_OnboardingScreen.swift -primary-file /Users/sergejhlystov/ALADDIN_NEW/ALADDIN_NEW/mobile_apps/ALADDIN_iOS/Components/Modals/FamilyCreatedModal.swift -primary-file /Users/sergejhlystov/ALADDIN_NEW/ALADDIN_NEW/mobile_apps/ALADDIN_iOS/Core/Managers/LocationManager.swift -primary-file /Users/sergejhlystov/ALADDIN_NEW/ALADDIN_NEW/mobile_apps/ALADDIN_iOS/Core/Managers/CrashDetectionManager.swift -primary-file /Users/sergejhlystov/ALADDIN_NEW/ALADDIN_NEW/mobile_apps/ALADDIN_iOS/Shared/Components/Modals/CrashDetectionAlertModal.swift -primary-file /Users/sergejhlystov/ALADDIN_NEW/ALADDIN_NEW/mobile_apps/ALADDIN_iOS/ViewModels/PaymentQRViewModel.swift -primary-file /Users/sergejhlystov/ALADDIN_NEW/ALADDIN_NEW/mobile_apps/ALADDIN_iOS/Shared/Components/Chat/MediaMessageBubble.swift -primary-file /Users/sergejhlystov/ALADDIN_NEW/ALADDIN_NEW/mobile_apps/ALADDIN_iOS/Core/Navigation/NavigationManager.swift -primary-file /Users/sergejhlystov/ALADDIN_NEW/ALADDIN_NEW/mobile_apps/ALADDIN_iOS/Core/Accessibility/AccessibilityManager.swift -primary-file /Users/sergejhlystov/ALADDIN_NEW/ALADDIN_NEW/mobile_apps/ALADDIN_iOS/Core/Helpers/URLHelper.swift -primary-file /Users/sergejhlystov/ALADDIN_NEW/ALADDIN_NEW/mobile_apps/ALADDIN_iOS/Core/Store/StoreManager.swift -primary-file /Users/sergejhlystov/ALADDIN_NEW/ALADDIN_NEW/mobile_apps/ALADDIN_iOS/Screens/WheelOfFortuneView.swift -primary-file /Users/sergejhlystov/ALADDIN_NEW/ALADDIN_NEW/mobile_apps/ALADDIN_iOS/Screens/UnicornUniverseView.swift -primary-file /Users/sergejhlystov/ALADDIN_NEW/ALADDIN_NEW/mobile_apps/ALADDIN_iOS/Core/Services/DateFormatterService.swift -primary-file /Users/sergejhlystov/ALADDIN_NEW/ALADDIN_NEW/mobile_apps/ALADDIN_iOS/Screens/YoungDefenderView.swift -primary-file /Users/sergejhlystov/ALADDIN_NEW/ALADDIN_NEW/mobile_apps/ALADDIN_iOS/Core/Localization/LocalizationManager.swift -primary-file /Users/sergejhlystov/ALADDIN_NEW/ALADDIN_NEW/mobile_apps/ALADDIN_iOS/Screens/13_SupportScreen.swift -primary-file /Users/sergejhlystov/ALADDIN_NEW/ALADDIN_NEW/mobile_apps/ALADDIN_iOS/Core/Audio/VoiceMessageRecorder.swift -primary-file /Users/sergejhlystov/ALADDIN_NEW/ALADDIN_NEW/mobile_apps/ALADDIN_iOS/Core/Analytics/AnalyticsManager.swift -primary-file /Users/sergejhlystov/ALADDIN_NEW/ALADDIN_NEW/mobile_apps/ALADDIN_iOS/Screens/07_ParentalControlScreen.swift -primary-file /Users/sergejhlystov/ALADDIN_NEW/ALADDIN_NEW/mobile_apps/ALADDIN_iOS/Screens/05_SettingsScreen.swift -primary-file /Users/sergejhlystov/ALADDIN_NEW/ALADDIN_NEW/mobile_apps/ALADDIN_iOS/Shared/Components/Inputs/ALADDINTextField.swift -primary-file /Users/sergejhlystov/ALADDIN_NEW/ALADDIN_NEW/mobile_apps/ALADDIN_iOS/Shared/Components/Chat/ChatSearchBar.swift -supplementary-output-file-map /Users/sergejhlystov/Library/Developer/Xcode/DerivedData/ALADDIN-eahryzmutvtbyceygnlyjsmiiaha/Build/Intermediates.noindex/ALADDIN.build/Debug-iphonesimulator/ALADDIN.build/Objects-normal/x86_64/supplementaryOutputs-29 -target x86_64-apple-ios15.2-simulator -enable-objc-interop -sdk /Applications/Xcode.app/Contents/Developer/Platforms/iPhoneSimulator.platform/Developer/SDKs/iPhoneSimulator15.2.sdk -I /Users/sergejhlystov/Library/Developer/Xcode/DerivedData/ALADDIN-eahryzmutvtbyceygnlyjsmiiaha/Build/Products/Debug-iphonesimulator -F /Users/sergejhlystov/Library/Developer/Xcode/DerivedData/ALADDIN-eahryzmutvtbyceygnlyjsmiiaha/Build/Products/Debug-iphonesimulator -no-color-diagnostics -enable-testing -g -module-cache-path /Users/sergejhlystov/Library/Developer/Xcode/DerivedData/ModuleCache.noindex -emit-localized-strings -emit-localized-strings-path /Users/sergejhlystov/Library/Developer/Xcode/DerivedData/ALADDIN-eahryzmutvtbyceygnlyjsmiiaha/Build/Intermediates.noindex/ALADDIN.build/Debug-iphonesimulator/ALADDIN.build/Objects-normal/x86_64 -swift-version 5 -enforce-exclusivity\=checked -Onone -D DEBUG -serialize-debugging-options -Xcc -working-directory -Xcc /Users/sergejhlystov/ALADDIN_NEW/ALADDIN_NEW/mobile_apps/ALADDIN_iOS -resource-dir /Applications/Xcode.app/Contents/Developer/Toolchains/XcodeDefault.xctoolchain/usr/lib/swift -enable-anonymous-context-mangled-names -Xcc -I/Users/sergejhlystov/Library/Developer/Xcode/DerivedData/ALADDIN-eahryzmutvtbyceygnlyjsmiiaha/Build/Intermediates.noindex/ALADDIN.build/Debug-iphonesimulator/ALADDIN.build/swift-overrides.hmap -Xcc -iquote -Xcc /Users/sergejhlystov/Library/Developer/Xcode/DerivedData/ALADDIN-eahryzmutvtbyceygnlyjsmiiaha/Build/Intermediates.noindex/ALADDIN.build/Debug-iphonesimulator/ALADDIN.build/ALADDIN-generated-files.hmap -Xcc -I/Users/sergejhlystov/Library/Developer/Xcode/DerivedData/ALADDIN-eahryzmutvtbyceygnlyjsmiiaha/Build/Intermediates.noindex/ALADDIN.build/Debug-iphonesimulator/ALADDIN.build/ALADDIN-own-target-headers.hmap -Xcc -I/Users/sergejhlystov/Library/Developer/Xcode/DerivedData/ALADDIN-eahryzmutvtbyceygnlyjsmiiaha/Build/Intermediates.noindex/ALADDIN.build/Debug-iphonesimulator/ALADDIN.build/ALADDIN-all-target-headers.hmap -Xcc -iquote -Xcc /Users/sergejhlystov/Library/Developer/Xcode/DerivedData/ALADDIN-eahryzmutvtbyceygnlyjsmiiaha/Build/Intermediates.noindex/ALADDIN.build/Debug-iphonesimulator/ALADDIN.build/ALADDIN-project-headers.hmap -Xcc -I/Users/sergejhlystov/Library/Developer/Xcode/DerivedData/ALADDIN-eahryzmutvtbyceygnlyjsmiiaha/Build/Products/Debug-iphonesimulator/include -Xcc -I/Users/sergejhlystov/Library/Developer/Xcode/DerivedData/ALADDIN-eahryzmutvtbyceygnlyjsmiiaha/Build/Intermediates.noindex/ALADDIN.build/Debug-iphonesimulator/ALADDIN.build/DerivedSources-normal/x86_64 -Xcc -I/Users/sergejhlystov/Library/Developer/Xcode/DerivedData/ALADDIN-eahryzmutvtbyceygnlyjsmiiaha/Build/Intermediates.noindex/ALADDIN.build/Debug-iphonesimulator/ALADDIN.build/DerivedSources/x86_64 -Xcc -I/Users/sergejhlystov/Library/Developer/Xcode/DerivedData/ALADDIN-eahryzmutvtbyceygnlyjsmiiaha/Build/Intermediates.noindex/ALADDIN.build/Debug-iphonesimulator/ALADDIN.build/DerivedSources -Xcc -DDEBUG\=1 -module-name ALADDIN -target-sdk-version 15.2.0 -o /Users/sergejhlystov/Library/Developer/Xcode/DerivedData/ALADDIN-eahryzmutvtbyceygnlyjsmiiaha/Build/Intermediates.noindex/ALADDIN.build/Debug-iphonesimulator/ALADDIN.build/Objects-normal/x86_64/14_OnboardingScreen.o -o /Users/sergejhlystov/Library/Developer/Xcode/DerivedData/ALADDIN-eahryzmutvtbyceygnlyjsmiiaha/Build/Intermediates.noindex/ALADDIN.build/Debug-iphonesimulator/ALADDIN.build/Objects-normal/x86_64/FamilyCreatedModal.o -o /Users/sergejhlystov/Library/Developer/Xcode/DerivedData/ALADDIN-eahryzmutvtbyceygnlyjsmiiaha/Build/Intermediates.noindex/ALADDIN.build/Debug-iphonesimulator/ALADDIN.build/Objects-normal/x86_64/LocationManager.o -o /Users/sergejhlystov/Library/Developer/Xcode/DerivedData/ALADDIN-eahryzmutvtbyceygnlyjsmiiaha/Build/Intermediates.noindex/ALADDIN.build/Debug-iphonesimulator/ALADDIN.build/Objects-normal/x86_64/CrashDetectionManager.o -o /Users/sergejhlystov/Library/Developer/Xcode/DerivedData/ALADDIN-eahryzmutvtbyceygnlyjsmiiaha/Build/Intermediates.noindex/ALADDIN.build/Debug-iphonesimulator/ALADDIN.build/Objects-normal/x86_64/CrashDetectionAlertModal.o -o /Users/sergejhlystov/Library/Developer/Xcode/DerivedData/ALADDIN-eahryzmutvtbyceygnlyjsmiiaha/Build/Intermediates.noindex/ALADDIN.build/Debug-iphonesimulator/ALADDIN.build/Objects-normal/x86_64/PaymentQRViewModel.o -o /Users/sergejhlystov/Library/Developer/Xcode/DerivedData/ALADDIN-eahryzmutvtbyceygnlyjsmiiaha/Build/Intermediates.noindex/ALADDIN.build/Debug-iphonesimulator/ALADDIN.build/Objects-normal/x86_64/MediaMessageBubble.o -o /Users/sergejhlystov/Library/Developer/Xcode/DerivedData/ALADDIN-eahryzmutvtbyceygnlyjsmiiaha/Build/Intermediates.noindex/ALADDIN.build/Debug-iphonesimulator/ALADDIN.build/Objects-normal/x86_64/NavigationManager.o -o /Users/sergejhlystov/Library/Developer/Xcode/DerivedData/ALADDIN-eahryzmutvtbyceygnlyjsmiiaha/Build/Intermediates.noindex/ALADDIN.build/Debug-iphonesimulator/ALADDIN.build/Objects-normal/x86_64/AccessibilityManager.o -o /Users/sergejhlystov/Library/Developer/Xcode/DerivedData/ALADDIN-eahryzmutvtbyceygnlyjsmiiaha/Build/Intermediates.noindex/ALADDIN.build/Debug-iphonesimulator/ALADDIN.build/Objects-normal/x86_64/URLHelper.o -o /Users/sergejhlystov/Library/Developer/Xcode/DerivedData/ALADDIN-eahryzmutvtbyceygnlyjsmiiaha/Build/Intermediates.noindex/ALADDIN.build/Debug-iphonesimulator/ALADDIN.build/Objects-normal/x86_64/StoreManager.o -o /Users/sergejhlystov/Library/Developer/Xcode/DerivedData/ALADDIN-eahryzmutvtbyceygnlyjsmiiaha/Build/Intermediates.noindex/ALADDIN.build/Debug-iphonesimulator/ALADDIN.build/Objects-normal/x86_64/WheelOfFortuneView.o -o /Users/sergejhlystov/Library/Developer/Xcode/DerivedData/ALADDIN-eahryzmutvtbyceygnlyjsmiiaha/Build/Intermediates.noindex/ALADDIN.build/Debug-iphonesimulator/ALADDIN.build/Objects-normal/x86_64/UnicornUniverseView.o -o /Users/sergejhlystov/Library/Developer/Xcode/DerivedData/ALADDIN-eahryzmutvtbyceygnlyjsmiiaha/Build/Intermediates.noindex/ALADDIN.build/Debug-iphonesimulator/ALADDIN.build/Objects-normal/x86_64/DateFormatterService.o -o /Users/sergejhlystov/Library/Developer/Xcode/DerivedData/ALADDIN-eahryzmutvtbyceygnlyjsmiiaha/Build/Intermediates.noindex/ALADDIN.build/Debug-iphonesimulator/ALADDIN.build/Objects-normal/x86_64/YoungDefenderView.o -o /Users/sergejhlystov/Library/Developer/Xcode/DerivedData/ALADDIN-eahryzmutvtbyceygnlyjsmiiaha/Build/Intermediates.noindex/ALADDIN.build/Debug-iphonesimulator/ALADDIN.build/Objects-normal/x86_64/LocalizationManager.o -o /Users/sergejhlystov/Library/Developer/Xcode/DerivedData/ALADDIN-eahryzmutvtbyceygnlyjsmiiaha/Build/Intermediates.noindex/ALADDIN.build/Debug-iphonesimulator/ALADDIN.build/Objects-normal/x86_64/13_SupportScreen.o -o /Users/sergejhlystov/Library/Developer/Xcode/DerivedData/ALADDIN-eahryzmutvtbyceygnlyjsmiiaha/Build/Intermediates.noindex/ALADDIN.build/Debug-iphonesimulator/ALADDIN.build/Objects-normal/x86_64/VoiceMessageRecorder.o -o /Users/sergejhlystov/Library/Developer/Xcode/DerivedData/ALADDIN-eahryzmutvtbyceygnlyjsmiiaha/Build/Intermediates.noindex/ALADDIN.build/Debug-iphonesimulator/ALADDIN.build/Objects-normal/x86_64/AnalyticsManager.o -o /Users/sergejhlystov/Library/Developer/Xcode/DerivedData/ALADDIN-eahryzmutvtbyceygnlyjsmiiaha/Build/Intermediates.noindex/ALADDIN.build/Debug-iphonesimulator/ALADDIN.build/Objects-normal/x86_64/07_ParentalControlScreen.o -o /Users/sergejhlystov/Library/Developer/Xcode/DerivedData/ALADDIN-eahryzmutvtbyceygnlyjsmiiaha/Build/Intermediates.noindex/ALADDIN.build/Debug-iphonesimulator/ALADDIN.build/Objects-normal/x86_64/05_SettingsScreen.o -o /Users/sergejhlystov/Library/Developer/Xcode/DerivedData/ALADDIN-eahryzmutvtbyceygnlyjsmiiaha/Build/Intermediates.noindex/ALADDIN.build/Debug-iphonesimulator/ALADDIN.build/Objects-normal/x86_64/ALADDINTextField.o -o /Users/sergejhlystov/Library/Developer/Xcode/DerivedData/ALADDIN-eahryzmutvtbyceygnlyjsmiiaha/Build/Intermediates.noindex/ALADDIN.build/Debug-iphonesimulator/ALADDIN.build/Objects-normal/x86_64/ChatSearchBar.o -index-store-path /Users/sergejhlystov/Library/Developer/Xcode/DerivedData/ALADDIN-eahryzmutvtbyceygnlyjsmiiaha/Index/DataStore -index-system-modules
/Users/sergejhlystov/ALADDIN_NEW/ALADDIN_NEW/mobile_apps/ALADDIN_iOS/Core/Managers/CrashDetectionManager.swift:274:9: warning: no 'async' operations occur within 'await' expression
        await locationManager.requestAuthorization(always: true)
        ^
/Users/sergejhlystov/ALADDIN_NEW/ALADDIN_NEW/mobile_apps/ALADDIN_iOS/Core/Managers/CrashDetectionManager.swift:319:30: warning: result of call to 'stopCrashDetectionMonitoring()' is unused
        try await apiService.stopCrashDetectionMonitoring()
                             ^                           ~~
/Users/sergejhlystov/ALADDIN_NEW/ALADDIN_NEW/mobile_apps/ALADDIN_iOS/Core/Managers/CrashDetectionManager.swift:379:63: warning: variable 'self' was written to, but never read
            motionManager.startGyroUpdates(to: queue) { [weak self] (data, error) in
                                                              ^
/Users/sergejhlystov/ALADDIN_NEW/ALADDIN_NEW/mobile_apps/ALADDIN_iOS/Core/Managers/CrashDetectionManager.swift:534:38: warning: result of call to 'sendCrashDetectionData(accelerometer:gyroscope:speed:location:)' is unused
                try await apiService.sendCrashDetectionData(
                                     ^                     ~
/Users/sergejhlystov/ALADDIN_NEW/ALADDIN_NEW/mobile_apps/ALADDIN_iOS/Core/Managers/CrashDetectionManager.swift:588:34: warning: result of call to 'sendCrashDetectionData(accelerometer:gyroscope:speed:location:)' is unused
            try await apiService.sendCrashDetectionData(
                                 ^                     ~
/Users/sergejhlystov/ALADDIN_NEW/ALADDIN_NEW/mobile_apps/ALADDIN_iOS/Core/Managers/CrashDetectionManager.swift:597:38: warning: result of call to 'sendCrashAlert(latitude:longitude:severity:)' is unused
                try await apiService.sendCrashAlert(
                                     ^             ~

SwiftDriverJob-Compile normal x86_64 Compiling\ FamilyNotificationSettingsModal.swift,\ ThreatProtectionScreen.swift,\ ThreatProtectionCard.swift,\ APIResponseValidator.swift,\ SubscriptionModels.swift,\ ThreatProtectionCategoriesView.swift,\ AnalyticsSettingsModal.swift,\ ComponentConfigurationService.swift,\ ThreatProtectionCategory.swift,\ AICategoriesViewModel.swift,\ DarkWebScanMethodSelector.swift,\ GamesSettingsManager.swift,\ FamilyChatView.swift,\ ParentalControlManager.swift,\ AnalyticsService.swift,\ FamilyAnalyticsView.swift,\ ReplyBubbleView.swift,\ ComponentCacheService.swift,\ PushNotificationService.swift,\ AddMemberOptionsScreen.swift,\ PositioningSystemService.swift,\ ComponentReportCard.swift,\ RemoteAnalyticsService.swift /Users/sergejhlystov/ALADDIN_NEW/ALADDIN_NEW/mobile_apps/ALADDIN_iOS/Shared/Components/Modals/FamilyNotificationSettingsModal.swift /Users/sergejhlystov/ALADDIN_NEW/ALADDIN_NEW/mobile_apps/ALADDIN_iOS/Screens/ThreatProtectionScreen.swift /Users/sergejhlystov/ALADDIN_NEW/ALADDIN_NEW/mobile_apps/ALADDIN_iOS/Components/ThreatProtectionCard.swift /Users/sergejhlystov/ALADDIN_NEW/ALADDIN_NEW/mobile_apps/ALADDIN_iOS/Core/Validation/APIResponseValidator.swift /Users/sergejhlystov/ALADDIN_NEW/ALADDIN_NEW/mobile_apps/ALADDIN_iOS/Core/Models/SubscriptionModels.swift /Users/sergejhlystov/ALADDIN_NEW/ALADDIN_NEW/mobile_apps/ALADDIN_iOS/Components/ThreatProtectionCategoriesView.swift /Users/sergejhlystov/ALADDIN_NEW/ALADDIN_NEW/mobile_apps/ALADDIN_iOS/Shared/Components/Modals/AnalyticsSettingsModal.swift /Users/sergejhlystov/ALADDIN_NEW/ALADDIN_NEW/mobile_apps/ALADDIN_iOS/Core/Services/ComponentConfigurationService.swift /Users/sergejhlystov/ALADDIN_NEW/ALADDIN_NEW/mobile_apps/ALADDIN_iOS/Shared/Models/ThreatProtectionCategory.swift /Users/sergejhlystov/ALADDIN_NEW/ALADDIN_NEW/mobile_apps/ALADDIN_iOS/ViewModels/AICategoriesViewModel.swift /Users/sergejhlystov/ALADDIN_NEW/ALADDIN_NEW/mobile_apps/ALADDIN_iOS/Shared/Components/Modals/DarkWebScanMethodSelector.swift /Users/sergejhlystov/ALADDIN_NEW/ALADDIN_NEW/mobile_apps/ALADDIN_iOS/Core/Managers/GamesSettingsManager.swift /Users/sergejhlystov/ALADDIN_NEW/ALADDIN_NEW/mobile_apps/ALADDIN_iOS/Screens/Views/FamilyChatView.swift /Users/sergejhlystov/ALADDIN_NEW/ALADDIN_NEW/mobile_apps/ALADDIN_iOS/Core/Managers/ParentalControlManager.swift /Users/sergejhlystov/ALADDIN_NEW/ALADDIN_NEW/mobile_apps/ALADDIN_iOS/Core/Analytics/AnalyticsService.swift /Users/sergejhlystov/ALADDIN_NEW/ALADDIN_NEW/mobile_apps/ALADDIN_iOS/Screens/Views/FamilyAnalyticsView.swift /Users/sergejhlystov/ALADDIN_NEW/ALADDIN_NEW/mobile_apps/ALADDIN_iOS/Shared/Components/Chat/ReplyBubbleView.swift /Users/sergejhlystov/ALADDIN_NEW/ALADDIN_NEW/mobile_apps/ALADDIN_iOS/Core/Services/ComponentCacheService.swift /Users/sergejhlystov/ALADDIN_NEW/ALADDIN_NEW/mobile_apps/ALADDIN_iOS/Core/Services/PushNotificationService.swift /Users/sergejhlystov/ALADDIN_NEW/ALADDIN_NEW/mobile_apps/ALADDIN_iOS/Screens/AddMemberOptionsScreen.swift /Users/sergejhlystov/ALADDIN_NEW/ALADDIN_NEW/mobile_apps/ALADDIN_iOS/Core/Services/PositioningSystemService.swift /Users/sergejhlystov/ALADDIN_NEW/ALADDIN_NEW/mobile_apps/ALADDIN_iOS/Shared/Components/ComponentReportCard.swift /Users/sergejhlystov/ALADDIN_NEW/ALADDIN_NEW/mobile_apps/ALADDIN_iOS/Core/Analytics/RemoteAnalyticsService.swift (in target 'ALADDIN' from project 'ALADDIN')
    cd /Users/sergejhlystov/ALADDIN_NEW/ALADDIN_NEW/mobile_apps/ALADDIN_iOS
    export DEVELOPER_DIR\=/Applications/Xcode.app/Contents/Developer
    export SDKROOT\=/Applications/Xcode.app/Contents/Developer/Platforms/iPhoneSimulator.platform/Developer/SDKs/iPhoneSimulator15.2.sdk
    builtin-swiftDriverJobExecution -- /Applications/Xcode.app/Contents/Developer/Toolchains/XcodeDefault.xctoolchain/usr/bin/swift-frontend -frontend -c -filelist /Users/sergejhlystov/Library/Developer/Xcode/DerivedData/ALADDIN-eahryzmutvtbyceygnlyjsmiiaha/Build/Intermediates.noindex/ALADDIN.build/Debug-iphonesimulator/ALADDIN.build/Objects-normal/x86_64/sources-2 -primary-file /Users/sergejhlystov/ALADDIN_NEW/ALADDIN_NEW/mobile_apps/ALADDIN_iOS/Shared/Components/Modals/FamilyNotificationSettingsModal.swift -primary-file /Users/sergejhlystov/ALADDIN_NEW/ALADDIN_NEW/mobile_apps/ALADDIN_iOS/Screens/ThreatProtectionScreen.swift -primary-file /Users/sergejhlystov/ALADDIN_NEW/ALADDIN_NEW/mobile_apps/ALADDIN_iOS/Components/ThreatProtectionCard.swift -primary-file /Users/sergejhlystov/ALADDIN_NEW/ALADDIN_NEW/mobile_apps/ALADDIN_iOS/Core/Validation/APIResponseValidator.swift -primary-file /Users/sergejhlystov/ALADDIN_NEW/ALADDIN_NEW/mobile_apps/ALADDIN_iOS/Core/Models/SubscriptionModels.swift -primary-file /Users/sergejhlystov/ALADDIN_NEW/ALADDIN_NEW/mobile_apps/ALADDIN_iOS/Components/ThreatProtectionCategoriesView.swift -primary-file /Users/sergejhlystov/ALADDIN_NEW/ALADDIN_NEW/mobile_apps/ALADDIN_iOS/Shared/Components/Modals/AnalyticsSettingsModal.swift -primary-file /Users/sergejhlystov/ALADDIN_NEW/ALADDIN_NEW/mobile_apps/ALADDIN_iOS/Core/Services/ComponentConfigurationService.swift -primary-file /Users/sergejhlystov/ALADDIN_NEW/ALADDIN_NEW/mobile_apps/ALADDIN_iOS/Shared/Models/ThreatProtectionCategory.swift -primary-file /Users/sergejhlystov/ALADDIN_NEW/ALADDIN_NEW/mobile_apps/ALADDIN_iOS/ViewModels/AICategoriesViewModel.swift -primary-file /Users/sergejhlystov/ALADDIN_NEW/ALADDIN_NEW/mobile_apps/ALADDIN_iOS/Shared/Components/Modals/DarkWebScanMethodSelector.swift -primary-file /Users/sergejhlystov/ALADDIN_NEW/ALADDIN_NEW/mobile_apps/ALADDIN_iOS/Core/Managers/GamesSettingsManager.swift -primary-file /Users/sergejhlystov/ALADDIN_NEW/ALADDIN_NEW/mobile_apps/ALADDIN_iOS/Screens/Views/FamilyChatView.swift -primary-file /Users/sergejhlystov/ALADDIN_NEW/ALADDIN_NEW/mobile_apps/ALADDIN_iOS/Core/Managers/ParentalControlManager.swift -primary-file /Users/sergejhlystov/ALADDIN_NEW/ALADDIN_NEW/mobile_apps/ALADDIN_iOS/Core/Analytics/AnalyticsService.swift -primary-file /Users/sergejhlystov/ALADDIN_NEW/ALADDIN_NEW/mobile_apps/ALADDIN_iOS/Screens/Views/FamilyAnalyticsView.swift -primary-file /Users/sergejhlystov/ALADDIN_NEW/ALADDIN_NEW/mobile_apps/ALADDIN_iOS/Shared/Components/Chat/ReplyBubbleView.swift -primary-file /Users/sergejhlystov/ALADDIN_NEW/ALADDIN_NEW/mobile_apps/ALADDIN_iOS/Core/Services/ComponentCacheService.swift -primary-file /Users/sergejhlystov/ALADDIN_NEW/ALADDIN_NEW/mobile_apps/ALADDIN_iOS/Core/Services/PushNotificationService.swift -primary-file /Users/sergejhlystov/ALADDIN_NEW/ALADDIN_NEW/mobile_apps/ALADDIN_iOS/Screens/AddMemberOptionsScreen.swift -primary-file /Users/sergejhlystov/ALADDIN_NEW/ALADDIN_NEW/mobile_apps/ALADDIN_iOS/Core/Services/PositioningSystemService.swift -primary-file /Users/sergejhlystov/ALADDIN_NEW/ALADDIN_NEW/mobile_apps/ALADDIN_iOS/Shared/Components/ComponentReportCard.swift -primary-file /Users/sergejhlystov/ALADDIN_NEW/ALADDIN_NEW/mobile_apps/ALADDIN_iOS/Core/Analytics/RemoteAnalyticsService.swift -supplementary-output-file-map /Users/sergejhlystov/Library/Developer/Xcode/DerivedData/ALADDIN-eahryzmutvtbyceygnlyjsmiiaha/Build/Intermediates.noindex/ALADDIN.build/Debug-iphonesimulator/ALADDIN.build/Objects-normal/x86_64/supplementaryOutputs-32 -target x86_64-apple-ios15.2-simulator -enable-objc-interop -sdk /Applications/Xcode.app/Contents/Developer/Platforms/iPhoneSimulator.platform/Developer/SDKs/iPhoneSimulator15.2.sdk -I /Users/sergejhlystov/Library/Developer/Xcode/DerivedData/ALADDIN-eahryzmutvtbyceygnlyjsmiiaha/Build/Products/Debug-iphonesimulator -F /Users/sergejhlystov/Library/Developer/Xcode/DerivedData/ALADDIN-eahryzmutvtbyceygnlyjsmiiaha/Build/Products/Debug-iphonesimulator -no-color-diagnostics -enable-testing -g -module-cache-path /Users/sergejhlystov/Library/Developer/Xcode/DerivedData/ModuleCache.noindex -emit-localized-strings -emit-localized-strings-path /Users/sergejhlystov/Library/Developer/Xcode/DerivedData/ALADDIN-eahryzmutvtbyceygnlyjsmiiaha/Build/Intermediates.noindex/ALADDIN.build/Debug-iphonesimulator/ALADDIN.build/Objects-normal/x86_64 -swift-version 5 -enforce-exclusivity\=checked -Onone -D DEBUG -serialize-debugging-options -Xcc -working-directory -Xcc /Users/sergejhlystov/ALADDIN_NEW/ALADDIN_NEW/mobile_apps/ALADDIN_iOS -resource-dir /Applications/Xcode.app/Contents/Developer/Toolchains/XcodeDefault.xctoolchain/usr/lib/swift -enable-anonymous-context-mangled-names -Xcc -I/Users/sergejhlystov/Library/Developer/Xcode/DerivedData/ALADDIN-eahryzmutvtbyceygnlyjsmiiaha/Build/Intermediates.noindex/ALADDIN.build/Debug-iphonesimulator/ALADDIN.build/swift-overrides.hmap -Xcc -iquote -Xcc /Users/sergejhlystov/Library/Developer/Xcode/DerivedData/ALADDIN-eahryzmutvtbyceygnlyjsmiiaha/Build/Intermediates.noindex/ALADDIN.build/Debug-iphonesimulator/ALADDIN.build/ALADDIN-generated-files.hmap -Xcc -I/Users/sergejhlystov/Library/Developer/Xcode/DerivedData/ALADDIN-eahryzmutvtbyceygnlyjsmiiaha/Build/Intermediates.noindex/ALADDIN.build/Debug-iphonesimulator/ALADDIN.build/ALADDIN-own-target-headers.hmap -Xcc -I/Users/sergejhlystov/Library/Developer/Xcode/DerivedData/ALADDIN-eahryzmutvtbyceygnlyjsmiiaha/Build/Intermediates.noindex/ALADDIN.build/Debug-iphonesimulator/ALADDIN.build/ALADDIN-all-target-headers.hmap -Xcc -iquote -Xcc /Users/sergejhlystov/Library/Developer/Xcode/DerivedData/ALADDIN-eahryzmutvtbyceygnlyjsmiiaha/Build/Intermediates.noindex/ALADDIN.build/Debug-iphonesimulator/ALADDIN.build/ALADDIN-project-headers.hmap -Xcc -I/Users/sergejhlystov/Library/Developer/Xcode/DerivedData/ALADDIN-eahryzmutvtbyceygnlyjsmiiaha/Build/Products/Debug-iphonesimulator/include -Xcc -I/Users/sergejhlystov/Library/Developer/Xcode/DerivedData/ALADDIN-eahryzmutvtbyceygnlyjsmiiaha/Build/Intermediates.noindex/ALADDIN.build/Debug-iphonesimulator/ALADDIN.build/DerivedSources-normal/x86_64 -Xcc -I/Users/sergejhlystov/Library/Developer/Xcode/DerivedData/ALADDIN-eahryzmutvtbyceygnlyjsmiiaha/Build/Intermediates.noindex/ALADDIN.build/Debug-iphonesimulator/ALADDIN.build/DerivedSources/x86_64 -Xcc -I/Users/sergejhlystov/Library/Developer/Xcode/DerivedData/ALADDIN-eahryzmutvtbyceygnlyjsmiiaha/Build/Intermediates.noindex/ALADDIN.build/Debug-iphonesimulator/ALADDIN.build/DerivedSources -Xcc -DDEBUG\=1 -module-name ALADDIN -target-sdk-version 15.2.0 -o /Users/sergejhlystov/Library/Developer/Xcode/DerivedData/ALADDIN-eahryzmutvtbyceygnlyjsmiiaha/Build/Intermediates.noindex/ALADDIN.build/Debug-iphonesimulator/ALADDIN.build/Objects-normal/x86_64/FamilyNotificationSettingsModal.o -o /Users/sergejhlystov/Library/Developer/Xcode/DerivedData/ALADDIN-eahryzmutvtbyceygnlyjsmiiaha/Build/Intermediates.noindex/ALADDIN.build/Debug-iphonesimulator/ALADDIN.build/Objects-normal/x86_64/ThreatProtectionScreen.o -o /Users/sergejhlystov/Library/Developer/Xcode/DerivedData/ALADDIN-eahryzmutvtbyceygnlyjsmiiaha/Build/Intermediates.noindex/ALADDIN.build/Debug-iphonesimulator/ALADDIN.build/Objects-normal/x86_64/ThreatProtectionCard.o -o /Users/sergejhlystov/Library/Developer/Xcode/DerivedData/ALADDIN-eahryzmutvtbyceygnlyjsmiiaha/Build/Intermediates.noindex/ALADDIN.build/Debug-iphonesimulator/ALADDIN.build/Objects-normal/x86_64/APIResponseValidator.o -o /Users/sergejhlystov/Library/Developer/Xcode/DerivedData/ALADDIN-eahryzmutvtbyceygnlyjsmiiaha/Build/Intermediates.noindex/ALADDIN.build/Debug-iphonesimulator/ALADDIN.build/Objects-normal/x86_64/SubscriptionModels.o -o /Users/sergejhlystov/Library/Developer/Xcode/DerivedData/ALADDIN-eahryzmutvtbyceygnlyjsmiiaha/Build/Intermediates.noindex/ALADDIN.build/Debug-iphonesimulator/ALADDIN.build/Objects-normal/x86_64/ThreatProtectionCategoriesView.o -o /Users/sergejhlystov/Library/Developer/Xcode/DerivedData/ALADDIN-eahryzmutvtbyceygnlyjsmiiaha/Build/Intermediates.noindex/ALADDIN.build/Debug-iphonesimulator/ALADDIN.build/Objects-normal/x86_64/AnalyticsSettingsModal.o -o /Users/sergejhlystov/Library/Developer/Xcode/DerivedData/ALADDIN-eahryzmutvtbyceygnlyjsmiiaha/Build/Intermediates.noindex/ALADDIN.build/Debug-iphonesimulator/ALADDIN.build/Objects-normal/x86_64/ComponentConfigurationService.o -o /Users/sergejhlystov/Library/Developer/Xcode/DerivedData/ALADDIN-eahryzmutvtbyceygnlyjsmiiaha/Build/Intermediates.noindex/ALADDIN.build/Debug-iphonesimulator/ALADDIN.build/Objects-normal/x86_64/ThreatProtectionCategory.o -o /Users/sergejhlystov/Library/Developer/Xcode/DerivedData/ALADDIN-eahryzmutvtbyceygnlyjsmiiaha/Build/Intermediates.noindex/ALADDIN.build/Debug-iphonesimulator/ALADDIN.build/Objects-normal/x86_64/AICategoriesViewModel.o -o /Users/sergejhlystov/Library/Developer/Xcode/DerivedData/ALADDIN-eahryzmutvtbyceygnlyjsmiiaha/Build/Intermediates.noindex/ALADDIN.build/Debug-iphonesimulator/ALADDIN.build/Objects-normal/x86_64/DarkWebScanMethodSelector.o -o /Users/sergejhlystov/Library/Developer/Xcode/DerivedData/ALADDIN-eahryzmutvtbyceygnlyjsmiiaha/Build/Intermediates.noindex/ALADDIN.build/Debug-iphonesimulator/ALADDIN.build/Objects-normal/x86_64/GamesSettingsManager.o -o /Users/sergejhlystov/Library/Developer/Xcode/DerivedData/ALADDIN-eahryzmutvtbyceygnlyjsmiiaha/Build/Intermediates.noindex/ALADDIN.build/Debug-iphonesimulator/ALADDIN.build/Objects-normal/x86_64/FamilyChatView.o -o /Users/sergejhlystov/Library/Developer/Xcode/DerivedData/ALADDIN-eahryzmutvtbyceygnlyjsmiiaha/Build/Intermediates.noindex/ALADDIN.build/Debug-iphonesimulator/ALADDIN.build/Objects-normal/x86_64/ParentalControlManager.o -o /Users/sergejhlystov/Library/Developer/Xcode/DerivedData/ALADDIN-eahryzmutvtbyceygnlyjsmiiaha/Build/Intermediates.noindex/ALADDIN.build/Debug-iphonesimulator/ALADDIN.build/Objects-normal/x86_64/AnalyticsService.o -o /Users/sergejhlystov/Library/Developer/Xcode/DerivedData/ALADDIN-eahryzmutvtbyceygnlyjsmiiaha/Build/Intermediates.noindex/ALADDIN.build/Debug-iphonesimulator/ALADDIN.build/Objects-normal/x86_64/FamilyAnalyticsView.o -o /Users/sergejhlystov/Library/Developer/Xcode/DerivedData/ALADDIN-eahryzmutvtbyceygnlyjsmiiaha/Build/Intermediates.noindex/ALADDIN.build/Debug-iphonesimulator/ALADDIN.build/Objects-normal/x86_64/ReplyBubbleView.o -o /Users/sergejhlystov/Library/Developer/Xcode/DerivedData/ALADDIN-eahryzmutvtbyceygnlyjsmiiaha/Build/Intermediates.noindex/ALADDIN.build/Debug-iphonesimulator/ALADDIN.build/Objects-normal/x86_64/ComponentCacheService.o -o /Users/sergejhlystov/Library/Developer/Xcode/DerivedData/ALADDIN-eahryzmutvtbyceygnlyjsmiiaha/Build/Intermediates.noindex/ALADDIN.build/Debug-iphonesimulator/ALADDIN.build/Objects-normal/x86_64/PushNotificationService.o -o /Users/sergejhlystov/Library/Developer/Xcode/DerivedData/ALADDIN-eahryzmutvtbyceygnlyjsmiiaha/Build/Intermediates.noindex/ALADDIN.build/Debug-iphonesimulator/ALADDIN.build/Objects-normal/x86_64/AddMemberOptionsScreen.o -o /Users/sergejhlystov/Library/Developer/Xcode/DerivedData/ALADDIN-eahryzmutvtbyceygnlyjsmiiaha/Build/Intermediates.noindex/ALADDIN.build/Debug-iphonesimulator/ALADDIN.build/Objects-normal/x86_64/PositioningSystemService.o -o /Users/sergejhlystov/Library/Developer/Xcode/DerivedData/ALADDIN-eahryzmutvtbyceygnlyjsmiiaha/Build/Intermediates.noindex/ALADDIN.build/Debug-iphonesimulator/ALADDIN.build/Objects-normal/x86_64/ComponentReportCard.o -o /Users/sergejhlystov/Library/Developer/Xcode/DerivedData/ALADDIN-eahryzmutvtbyceygnlyjsmiiaha/Build/Intermediates.noindex/ALADDIN.build/Debug-iphonesimulator/ALADDIN.build/Objects-normal/x86_64/RemoteAnalyticsService.o -index-store-path /Users/sergejhlystov/Library/Developer/Xcode/DerivedData/ALADDIN-eahryzmutvtbyceygnlyjsmiiaha/Index/DataStore -index-system-modules
/Users/sergejhlystov/ALADDIN_NEW/ALADDIN_NEW/mobile_apps/ALADDIN_iOS/ViewModels/AICategoriesViewModel.swift:111:17: warning: variable 'existingIds' was never mutated; consider changing to 'let' constant
            var existingIds = Set(self.children.map { $0.id })
            ~~~ ^
            let
/Users/sergejhlystov/ALADDIN_NEW/ALADDIN_NEW/mobile_apps/ALADDIN_iOS/Core/Analytics/RemoteAnalyticsService.swift:257:35: warning: immutable value 'analyticsResponse' was never used; consider replacing with '_' or removing it
                case .success(let analyticsResponse):
                              ~~~~^~~~~~~~~~~~~~~~~
                              _

SwiftDriverJob-Compile normal x86_64 Compiling\ ComplianceView.swift,\ MasterLogger.swift,\ AdvancedProtectionSettingsScreen.swift,\ FamilyChatOfflineManager.swift,\ ProfileViewModel.swift,\ TokenHealthMonitor.swift,\ ConsentModal.swift,\ IncidentResponseSettingsModal.swift,\ ParentalControlViewModel.swift,\ OnboardingViewModel.swift,\ Colors.swift,\ SettingsAccordion.swift,\ ChildRewardsScreen.swift,\ ChildGoalEditorView.swift,\ RecoveryCodeStorageManager.swift,\ 21_ReferralScreen.swift,\ RetryManager.swift,\ AvatarSelector.swift,\ MotivationBanner.swift,\ DarkWebMonitoringViewModel.swift,\ Toast.swift,\ ALADDINNavigationBar.swift,\ DarkWebMonitoringModal.swift /Users/sergejhlystov/ALADDIN_NEW/ALADDIN_NEW/mobile_apps/ALADDIN_iOS/Screens/Views/ComplianceView.swift /Users/sergejhlystov/ALADDIN_NEW/ALADDIN_NEW/mobile_apps/ALADDIN_iOS/Core/Utilities/MasterLogger.swift /Users/sergejhlystov/ALADDIN_NEW/ALADDIN_NEW/mobile_apps/ALADDIN_iOS/Screens/AdvancedProtectionSettingsScreen.swift /Users/sergejhlystov/ALADDIN_NEW/ALADDIN_NEW/mobile_apps/ALADDIN_iOS/Core/Chat/FamilyChatOfflineManager.swift /Users/sergejhlystov/ALADDIN_NEW/ALADDIN_NEW/mobile_apps/ALADDIN_iOS/ViewModels/ProfileViewModel.swift /Users/sergejhlystov/ALADDIN_NEW/ALADDIN_NEW/mobile_apps/ALADDIN_iOS/Core/Managers/TokenHealthMonitor.swift /Users/sergejhlystov/ALADDIN_NEW/ALADDIN_NEW/mobile_apps/ALADDIN_iOS/Components/Modals/ConsentModal.swift /Users/sergejhlystov/ALADDIN_NEW/ALADDIN_NEW/mobile_apps/ALADDIN_iOS/Shared/Components/Modals/IncidentResponseSettingsModal.swift /Users/sergejhlystov/ALADDIN_NEW/ALADDIN_NEW/mobile_apps/ALADDIN_iOS/ViewModels/ParentalControlViewModel.swift /Users/sergejhlystov/ALADDIN_NEW/ALADDIN_NEW/mobile_apps/ALADDIN_iOS/ViewModels/OnboardingViewModel.swift /Users/sergejhlystov/ALADDIN_NEW/ALADDIN_NEW/mobile_apps/ALADDIN_iOS/Shared/Styles/Colors.swift /Users/sergejhlystov/ALADDIN_NEW/ALADDIN_NEW/mobile_apps/ALADDIN_iOS/Shared/Components/SettingsAccordion.swift /Users/sergejhlystov/ALADDIN_NEW/ALADDIN_NEW/mobile_apps/ALADDIN_iOS/Screens/ChildRewardsScreen.swift /Users/sergejhlystov/ALADDIN_NEW/ALADDIN_NEW/mobile_apps/ALADDIN_iOS/Screens/ChildGoalEditorView.swift /Users/sergejhlystov/ALADDIN_NEW/ALADDIN_NEW/mobile_apps/ALADDIN_iOS/Core/Security/RecoveryCodeStorageManager.swift /Users/sergejhlystov/ALADDIN_NEW/ALADDIN_NEW/mobile_apps/ALADDIN_iOS/Screens/21_ReferralScreen.swift /Users/sergejhlystov/ALADDIN_NEW/ALADDIN_NEW/mobile_apps/ALADDIN_iOS/Core/Network/RetryManager.swift /Users/sergejhlystov/ALADDIN_NEW/ALADDIN_NEW/mobile_apps/ALADDIN_iOS/Shared/Components/AvatarSelector.swift /Users/sergejhlystov/ALADDIN_NEW/ALADDIN_NEW/mobile_apps/ALADDIN_iOS/Components/MotivationBanner.swift /Users/sergejhlystov/ALADDIN_NEW/ALADDIN_NEW/mobile_apps/ALADDIN_iOS/ViewModels/DarkWebMonitoringViewModel.swift /Users/sergejhlystov/ALADDIN_NEW/ALADDIN_NEW/mobile_apps/ALADDIN_iOS/Shared/Components/Toast.swift /Users/sergejhlystov/ALADDIN_NEW/ALADDIN_NEW/mobile_apps/ALADDIN_iOS/Shared/Components/Navigation/ALADDINNavigationBar.swift /Users/sergejhlystov/ALADDIN_NEW/ALADDIN_NEW/mobile_apps/ALADDIN_iOS/Shared/Components/Modals/DarkWebMonitoringModal.swift (in target 'ALADDIN' from project 'ALADDIN')
    cd /Users/sergejhlystov/ALADDIN_NEW/ALADDIN_NEW/mobile_apps/ALADDIN_iOS
    export DEVELOPER_DIR\=/Applications/Xcode.app/Contents/Developer
    export SDKROOT\=/Applications/Xcode.app/Contents/Developer/Platforms/iPhoneSimulator.platform/Developer/SDKs/iPhoneSimulator15.2.sdk
    builtin-swiftDriverJobExecution -- /Applications/Xcode.app/Contents/Developer/Toolchains/XcodeDefault.xctoolchain/usr/bin/swift-frontend -frontend -c -filelist /Users/sergejhlystov/Library/Developer/Xcode/DerivedData/ALADDIN-eahryzmutvtbyceygnlyjsmiiaha/Build/Intermediates.noindex/ALADDIN.build/Debug-iphonesimulator/ALADDIN.build/Objects-normal/x86_64/sources-2 -primary-file /Users/sergejhlystov/ALADDIN_NEW/ALADDIN_NEW/mobile_apps/ALADDIN_iOS/Screens/Views/ComplianceView.swift -primary-file /Users/sergejhlystov/ALADDIN_NEW/ALADDIN_NEW/mobile_apps/ALADDIN_iOS/Core/Utilities/MasterLogger.swift -primary-file /Users/sergejhlystov/ALADDIN_NEW/ALADDIN_NEW/mobile_apps/ALADDIN_iOS/Screens/AdvancedProtectionSettingsScreen.swift -primary-file /Users/sergejhlystov/ALADDIN_NEW/ALADDIN_NEW/mobile_apps/ALADDIN_iOS/Core/Chat/FamilyChatOfflineManager.swift -primary-file /Users/sergejhlystov/ALADDIN_NEW/ALADDIN_NEW/mobile_apps/ALADDIN_iOS/ViewModels/ProfileViewModel.swift -primary-file /Users/sergejhlystov/ALADDIN_NEW/ALADDIN_NEW/mobile_apps/ALADDIN_iOS/Core/Managers/TokenHealthMonitor.swift -primary-file /Users/sergejhlystov/ALADDIN_NEW/ALADDIN_NEW/mobile_apps/ALADDIN_iOS/Components/Modals/ConsentModal.swift -primary-file /Users/sergejhlystov/ALADDIN_NEW/ALADDIN_NEW/mobile_apps/ALADDIN_iOS/Shared/Components/Modals/IncidentResponseSettingsModal.swift -primary-file /Users/sergejhlystov/ALADDIN_NEW/ALADDIN_NEW/mobile_apps/ALADDIN_iOS/ViewModels/ParentalControlViewModel.swift -primary-file /Users/sergejhlystov/ALADDIN_NEW/ALADDIN_NEW/mobile_apps/ALADDIN_iOS/ViewModels/OnboardingViewModel.swift -primary-file /Users/sergejhlystov/ALADDIN_NEW/ALADDIN_NEW/mobile_apps/ALADDIN_iOS/Shared/Styles/Colors.swift -primary-file /Users/sergejhlystov/ALADDIN_NEW/ALADDIN_NEW/mobile_apps/ALADDIN_iOS/Shared/Components/SettingsAccordion.swift -primary-file /Users/sergejhlystov/ALADDIN_NEW/ALADDIN_NEW/mobile_apps/ALADDIN_iOS/Screens/ChildRewardsScreen.swift -primary-file /Users/sergejhlystov/ALADDIN_NEW/ALADDIN_NEW/mobile_apps/ALADDIN_iOS/Screens/ChildGoalEditorView.swift -primary-file /Users/sergejhlystov/ALADDIN_NEW/ALADDIN_NEW/mobile_apps/ALADDIN_iOS/Core/Security/RecoveryCodeStorageManager.swift -primary-file /Users/sergejhlystov/ALADDIN_NEW/ALADDIN_NEW/mobile_apps/ALADDIN_iOS/Screens/21_ReferralScreen.swift -primary-file /Users/sergejhlystov/ALADDIN_NEW/ALADDIN_NEW/mobile_apps/ALADDIN_iOS/Core/Network/RetryManager.swift -primary-file /Users/sergejhlystov/ALADDIN_NEW/ALADDIN_NEW/mobile_apps/ALADDIN_iOS/Shared/Components/AvatarSelector.swift -primary-file /Users/sergejhlystov/ALADDIN_NEW/ALADDIN_NEW/mobile_apps/ALADDIN_iOS/Components/MotivationBanner.swift -primary-file /Users/sergejhlystov/ALADDIN_NEW/ALADDIN_NEW/mobile_apps/ALADDIN_iOS/ViewModels/DarkWebMonitoringViewModel.swift -primary-file /Users/sergejhlystov/ALADDIN_NEW/ALADDIN_NEW/mobile_apps/ALADDIN_iOS/Shared/Components/Toast.swift -primary-file /Users/sergejhlystov/ALADDIN_NEW/ALADDIN_NEW/mobile_apps/ALADDIN_iOS/Shared/Components/Navigation/ALADDINNavigationBar.swift -primary-file /Users/sergejhlystov/ALADDIN_NEW/ALADDIN_NEW/mobile_apps/ALADDIN_iOS/Shared/Components/Modals/DarkWebMonitoringModal.swift -supplementary-output-file-map /Users/sergejhlystov/Library/Developer/Xcode/DerivedData/ALADDIN-eahryzmutvtbyceygnlyjsmiiaha/Build/Intermediates.noindex/ALADDIN.build/Debug-iphonesimulator/ALADDIN.build/Objects-normal/x86_64/supplementaryOutputs-28 -target x86_64-apple-ios15.2-simulator -enable-objc-interop -sdk /Applications/Xcode.app/Contents/Developer/Platforms/iPhoneSimulator.platform/Developer/SDKs/iPhoneSimulator15.2.sdk -I /Users/sergejhlystov/Library/Developer/Xcode/DerivedData/ALADDIN-eahryzmutvtbyceygnlyjsmiiaha/Build/Products/Debug-iphonesimulator -F /Users/sergejhlystov/Library/Developer/Xcode/DerivedData/ALADDIN-eahryzmutvtbyceygnlyjsmiiaha/Build/Products/Debug-iphonesimulator -no-color-diagnostics -enable-testing -g -module-cache-path /Users/sergejhlystov/Library/Developer/Xcode/DerivedData/ModuleCache.noindex -emit-localized-strings -emit-localized-strings-path /Users/sergejhlystov/Library/Developer/Xcode/DerivedData/ALADDIN-eahryzmutvtbyceygnlyjsmiiaha/Build/Intermediates.noindex/ALADDIN.build/Debug-iphonesimulator/ALADDIN.build/Objects-normal/x86_64 -swift-version 5 -enforce-exclusivity\=checked -Onone -D DEBUG -serialize-debugging-options -Xcc -working-directory -Xcc /Users/sergejhlystov/ALADDIN_NEW/ALADDIN_NEW/mobile_apps/ALADDIN_iOS -resource-dir /Applications/Xcode.app/Contents/Developer/Toolchains/XcodeDefault.xctoolchain/usr/lib/swift -enable-anonymous-context-mangled-names -Xcc -I/Users/sergejhlystov/Library/Developer/Xcode/DerivedData/ALADDIN-eahryzmutvtbyceygnlyjsmiiaha/Build/Intermediates.noindex/ALADDIN.build/Debug-iphonesimulator/ALADDIN.build/swift-overrides.hmap -Xcc -iquote -Xcc /Users/sergejhlystov/Library/Developer/Xcode/DerivedData/ALADDIN-eahryzmutvtbyceygnlyjsmiiaha/Build/Intermediates.noindex/ALADDIN.build/Debug-iphonesimulator/ALADDIN.build/ALADDIN-generated-files.hmap -Xcc -I/Users/sergejhlystov/Library/Developer/Xcode/DerivedData/ALADDIN-eahryzmutvtbyceygnlyjsmiiaha/Build/Intermediates.noindex/ALADDIN.build/Debug-iphonesimulator/ALADDIN.build/ALADDIN-own-target-headers.hmap -Xcc -I/Users/sergejhlystov/Library/Developer/Xcode/DerivedData/ALADDIN-eahryzmutvtbyceygnlyjsmiiaha/Build/Intermediates.noindex/ALADDIN.build/Debug-iphonesimulator/ALADDIN.build/ALADDIN-all-target-headers.hmap -Xcc -iquote -Xcc /Users/sergejhlystov/Library/Developer/Xcode/DerivedData/ALADDIN-eahryzmutvtbyceygnlyjsmiiaha/Build/Intermediates.noindex/ALADDIN.build/Debug-iphonesimulator/ALADDIN.build/ALADDIN-project-headers.hmap -Xcc -I/Users/sergejhlystov/Library/Developer/Xcode/DerivedData/ALADDIN-eahryzmutvtbyceygnlyjsmiiaha/Build/Products/Debug-iphonesimulator/include -Xcc -I/Users/sergejhlystov/Library/Developer/Xcode/DerivedData/ALADDIN-eahryzmutvtbyceygnlyjsmiiaha/Build/Intermediates.noindex/ALADDIN.build/Debug-iphonesimulator/ALADDIN.build/DerivedSources-normal/x86_64 -Xcc -I/Users/sergejhlystov/Library/Developer/Xcode/DerivedData/ALADDIN-eahryzmutvtbyceygnlyjsmiiaha/Build/Intermediates.noindex/ALADDIN.build/Debug-iphonesimulator/ALADDIN.build/DerivedSources/x86_64 -Xcc -I/Users/sergejhlystov/Library/Developer/Xcode/DerivedData/ALADDIN-eahryzmutvtbyceygnlyjsmiiaha/Build/Intermediates.noindex/ALADDIN.build/Debug-iphonesimulator/ALADDIN.build/DerivedSources -Xcc -DDEBUG\=1 -module-name ALADDIN -target-sdk-version 15.2.0 -o /Users/sergejhlystov/Library/Developer/Xcode/DerivedData/ALADDIN-eahryzmutvtbyceygnlyjsmiiaha/Build/Intermediates.noindex/ALADDIN.build/Debug-iphonesimulator/ALADDIN.build/Objects-normal/x86_64/ComplianceView.o -o /Users/sergejhlystov/Library/Developer/Xcode/DerivedData/ALADDIN-eahryzmutvtbyceygnlyjsmiiaha/Build/Intermediates.noindex/ALADDIN.build/Debug-iphonesimulator/ALADDIN.build/Objects-normal/x86_64/MasterLogger.o -o /Users/sergejhlystov/Library/Developer/Xcode/DerivedData/ALADDIN-eahryzmutvtbyceygnlyjsmiiaha/Build/Intermediates.noindex/ALADDIN.build/Debug-iphonesimulator/ALADDIN.build/Objects-normal/x86_64/AdvancedProtectionSettingsScreen.o -o /Users/sergejhlystov/Library/Developer/Xcode/DerivedData/ALADDIN-eahryzmutvtbyceygnlyjsmiiaha/Build/Intermediates.noindex/ALADDIN.build/Debug-iphonesimulator/ALADDIN.build/Objects-normal/x86_64/FamilyChatOfflineManager.o -o /Users/sergejhlystov/Library/Developer/Xcode/DerivedData/ALADDIN-eahryzmutvtbyceygnlyjsmiiaha/Build/Intermediates.noindex/ALADDIN.build/Debug-iphonesimulator/ALADDIN.build/Objects-normal/x86_64/ProfileViewModel.o -o /Users/sergejhlystov/Library/Developer/Xcode/DerivedData/ALADDIN-eahryzmutvtbyceygnlyjsmiiaha/Build/Intermediates.noindex/ALADDIN.build/Debug-iphonesimulator/ALADDIN.build/Objects-normal/x86_64/TokenHealthMonitor.o -o /Users/sergejhlystov/Library/Developer/Xcode/DerivedData/ALADDIN-eahryzmutvtbyceygnlyjsmiiaha/Build/Intermediates.noindex/ALADDIN.build/Debug-iphonesimulator/ALADDIN.build/Objects-normal/x86_64/ConsentModal.o -o /Users/sergejhlystov/Library/Developer/Xcode/DerivedData/ALADDIN-eahryzmutvtbyceygnlyjsmiiaha/Build/Intermediates.noindex/ALADDIN.build/Debug-iphonesimulator/ALADDIN.build/Objects-normal/x86_64/IncidentResponseSettingsModal.o -o /Users/sergejhlystov/Library/Developer/Xcode/DerivedData/ALADDIN-eahryzmutvtbyceygnlyjsmiiaha/Build/Intermediates.noindex/ALADDIN.build/Debug-iphonesimulator/ALADDIN.build/Objects-normal/x86_64/ParentalControlViewModel.o -o /Users/sergejhlystov/Library/Developer/Xcode/DerivedData/ALADDIN-eahryzmutvtbyceygnlyjsmiiaha/Build/Intermediates.noindex/ALADDIN.build/Debug-iphonesimulator/ALADDIN.build/Objects-normal/x86_64/OnboardingViewModel.o -o /Users/sergejhlystov/Library/Developer/Xcode/DerivedData/ALADDIN-eahryzmutvtbyceygnlyjsmiiaha/Build/Intermediates.noindex/ALADDIN.build/Debug-iphonesimulator/ALADDIN.build/Objects-normal/x86_64/Colors.o -o /Users/sergejhlystov/Library/Developer/Xcode/DerivedData/ALADDIN-eahryzmutvtbyceygnlyjsmiiaha/Build/Intermediates.noindex/ALADDIN.build/Debug-iphonesimulator/ALADDIN.build/Objects-normal/x86_64/SettingsAccordion.o -o /Users/sergejhlystov/Library/Developer/Xcode/DerivedData/ALADDIN-eahryzmutvtbyceygnlyjsmiiaha/Build/Intermediates.noindex/ALADDIN.build/Debug-iphonesimulator/ALADDIN.build/Objects-normal/x86_64/ChildRewardsScreen.o -o /Users/sergejhlystov/Library/Developer/Xcode/DerivedData/ALADDIN-eahryzmutvtbyceygnlyjsmiiaha/Build/Intermediates.noindex/ALADDIN.build/Debug-iphonesimulator/ALADDIN.build/Objects-normal/x86_64/ChildGoalEditorView.o -o /Users/sergejhlystov/Library/Developer/Xcode/DerivedData/ALADDIN-eahryzmutvtbyceygnlyjsmiiaha/Build/Intermediates.noindex/ALADDIN.build/Debug-iphonesimulator/ALADDIN.build/Objects-normal/x86_64/RecoveryCodeStorageManager.o -o /Users/sergejhlystov/Library/Developer/Xcode/DerivedData/ALADDIN-eahryzmutvtbyceygnlyjsmiiaha/Build/Intermediates.noindex/ALADDIN.build/Debug-iphonesimulator/ALADDIN.build/Objects-normal/x86_64/21_ReferralScreen.o -o /Users/sergejhlystov/Library/Developer/Xcode/DerivedData/ALADDIN-eahryzmutvtbyceygnlyjsmiiaha/Build/Intermediates.noindex/ALADDIN.build/Debug-iphonesimulator/ALADDIN.build/Objects-normal/x86_64/RetryManager.o -o /Users/sergejhlystov/Library/Developer/Xcode/DerivedData/ALADDIN-eahryzmutvtbyceygnlyjsmiiaha/Build/Intermediates.noindex/ALADDIN.build/Debug-iphonesimulator/ALADDIN.build/Objects-normal/x86_64/AvatarSelector.o -o /Users/sergejhlystov/Library/Developer/Xcode/DerivedData/ALADDIN-eahryzmutvtbyceygnlyjsmiiaha/Build/Intermediates.noindex/ALADDIN.build/Debug-iphonesimulator/ALADDIN.build/Objects-normal/x86_64/MotivationBanner.o -o /Users/sergejhlystov/Library/Developer/Xcode/DerivedData/ALADDIN-eahryzmutvtbyceygnlyjsmiiaha/Build/Intermediates.noindex/ALADDIN.build/Debug-iphonesimulator/ALADDIN.build/Objects-normal/x86_64/DarkWebMonitoringViewModel.o -o /Users/sergejhlystov/Library/Developer/Xcode/DerivedData/ALADDIN-eahryzmutvtbyceygnlyjsmiiaha/Build/Intermediates.noindex/ALADDIN.build/Debug-iphonesimulator/ALADDIN.build/Objects-normal/x86_64/Toast.o -o /Users/sergejhlystov/Library/Developer/Xcode/DerivedData/ALADDIN-eahryzmutvtbyceygnlyjsmiiaha/Build/Intermediates.noindex/ALADDIN.build/Debug-iphonesimulator/ALADDIN.build/Objects-normal/x86_64/ALADDINNavigationBar.o -o /Users/sergejhlystov/Library/Developer/Xcode/DerivedData/ALADDIN-eahryzmutvtbyceygnlyjsmiiaha/Build/Intermediates.noindex/ALADDIN.build/Debug-iphonesimulator/ALADDIN.build/Objects-normal/x86_64/DarkWebMonitoringModal.o -index-store-path /Users/sergejhlystov/Library/Developer/Xcode/DerivedData/ALADDIN-eahryzmutvtbyceygnlyjsmiiaha/Index/DataStore -index-system-modules
/Users/sergejhlystov/ALADDIN_NEW/ALADDIN_NEW/mobile_apps/ALADDIN_iOS/Core/Managers/TokenHealthMonitor.swift:335:13: warning: initialization of immutable value 'currentTrial' was never used; consider replacing with assignment to '_' or removing it
        let currentTrial = await SubscriptionManager.shared.trialStatus
        ~~~~^~~~~~~~~~~~
        _

SwiftDriverJob-Compile normal x86_64 Compiling\ RecoveryOptionsModal.swift,\ ComponentError.swift,\ ShareSheet.swift,\ TariffCard.swift,\ SettingsViewModel.swift,\ DrivingReportsModal.swift,\ VoiceRecordingView.swift,\ AdditionalFeaturesManager.swift,\ InfoRow.swift,\ 25_PaymentQRScreen.swift,\ RoleSelectionModal.swift,\ ProtectionLevelExplanationModal.swift,\ ProtectionLevelHistoryModal.swift,\ SettingsDiagnosticsLogger.swift,\ RecursionMonitor.swift,\ StackSizeMonitor.swift,\ MonitoredUserDefaults.swift,\ MonitoredAppStorage.swift,\ RecoveryCodeModal.swift,\ SupportViewModel.swift,\ MessageReactionsView.swift,\ CrashLogsView.swift,\ ChildInterfaceViewModel.swift /Users/sergejhlystov/ALADDIN_NEW/ALADDIN_NEW/mobile_apps/ALADDIN_iOS/Shared/Components/RecoveryOptionsModal.swift /Users/sergejhlystov/ALADDIN_NEW/ALADDIN_NEW/mobile_apps/ALADDIN_iOS/Core/Models/ComponentError.swift /Users/sergejhlystov/ALADDIN_NEW/ALADDIN_NEW/mobile_apps/ALADDIN_iOS/Shared/Components/ShareSheet.swift /Users/sergejhlystov/ALADDIN_NEW/ALADDIN_NEW/mobile_apps/ALADDIN_iOS/Shared/Models/TariffCard.swift /Users/sergejhlystov/ALADDIN_NEW/ALADDIN_NEW/mobile_apps/ALADDIN_iOS/ViewModels/SettingsViewModel.swift /Users/sergejhlystov/ALADDIN_NEW/ALADDIN_NEW/mobile_apps/ALADDIN_iOS/Shared/Components/Modals/DrivingReportsModal.swift /Users/sergejhlystov/ALADDIN_NEW/ALADDIN_NEW/mobile_apps/ALADDIN_iOS/Shared/Components/Chat/VoiceRecordingView.swift /Users/sergejhlystov/ALADDIN_NEW/ALADDIN_NEW/mobile_apps/ALADDIN_iOS/Core/Managers/AdditionalFeaturesManager.swift /Users/sergejhlystov/ALADDIN_NEW/ALADDIN_NEW/mobile_apps/ALADDIN_iOS/Shared/Components/InfoRow.swift /Users/sergejhlystov/ALADDIN_NEW/ALADDIN_NEW/mobile_apps/ALADDIN_iOS/Screens/25_PaymentQRScreen.swift /Users/sergejhlystov/ALADDIN_NEW/ALADDIN_NEW/mobile_apps/ALADDIN_iOS/Shared/Components/Modals/RoleSelectionModal.swift /Users/sergejhlystov/ALADDIN_NEW/ALADDIN_NEW/mobile_apps/ALADDIN_iOS/Shared/Components/Modals/ProtectionLevelExplanationModal.swift /Users/sergejhlystov/ALADDIN_NEW/ALADDIN_NEW/mobile_apps/ALADDIN_iOS/Shared/Components/Modals/ProtectionLevelHistoryModal.swift /Users/sergejhlystov/ALADDIN_NEW/ALADDIN_NEW/mobile_apps/ALADDIN_iOS/Core/Diagnostics/SettingsDiagnosticsLogger.swift /Users/sergejhlystov/ALADDIN_NEW/ALADDIN_NEW/mobile_apps/ALADDIN_iOS/Core/Diagnostics/RecursionMonitor.swift /Users/sergejhlystov/ALADDIN_NEW/ALADDIN_NEW/mobile_apps/ALADDIN_iOS/Core/Diagnostics/StackSizeMonitor.swift /Users/sergejhlystov/ALADDIN_NEW/ALADDIN_NEW/mobile_apps/ALADDIN_iOS/Core/Diagnostics/MonitoredUserDefaults.swift /Users/sergejhlystov/ALADDIN_NEW/ALADDIN_NEW/mobile_apps/ALADDIN_iOS/Core/Diagnostics/MonitoredAppStorage.swift /Users/sergejhlystov/ALADDIN_NEW/ALADDIN_NEW/mobile_apps/ALADDIN_iOS/Shared/Components/Modals/RecoveryCodeModal.swift /Users/sergejhlystov/ALADDIN_NEW/ALADDIN_NEW/mobile_apps/ALADDIN_iOS/ViewModels/SupportViewModel.swift /Users/sergejhlystov/ALADDIN_NEW/ALADDIN_NEW/mobile_apps/ALADDIN_iOS/Shared/Components/Chat/MessageReactionsView.swift /Users/sergejhlystov/ALADDIN_NEW/ALADDIN_NEW/mobile_apps/ALADDIN_iOS/Screens/CrashLogsView.swift /Users/sergejhlystov/ALADDIN_NEW/ALADDIN_NEW/mobile_apps/ALADDIN_iOS/ViewModels/ChildInterfaceViewModel.swift (in target 'ALADDIN' from project 'ALADDIN')
    cd /Users/sergejhlystov/ALADDIN_NEW/ALADDIN_NEW/mobile_apps/ALADDIN_iOS
    export DEVELOPER_DIR\=/Applications/Xcode.app/Contents/Developer
    export SDKROOT\=/Applications/Xcode.app/Contents/Developer/Platforms/iPhoneSimulator.platform/Developer/SDKs/iPhoneSimulator15.2.sdk
    builtin-swiftDriverJobExecution -- /Applications/Xcode.app/Contents/Developer/Toolchains/XcodeDefault.xctoolchain/usr/bin/swift-frontend -frontend -c -filelist /Users/sergejhlystov/Library/Developer/Xcode/DerivedData/ALADDIN-eahryzmutvtbyceygnlyjsmiiaha/Build/Intermediates.noindex/ALADDIN.build/Debug-iphonesimulator/ALADDIN.build/Objects-normal/x86_64/sources-2 -primary-file /Users/sergejhlystov/ALADDIN_NEW/ALADDIN_NEW/mobile_apps/ALADDIN_iOS/Shared/Components/RecoveryOptionsModal.swift -primary-file /Users/sergejhlystov/ALADDIN_NEW/ALADDIN_NEW/mobile_apps/ALADDIN_iOS/Core/Models/ComponentError.swift -primary-file /Users/sergejhlystov/ALADDIN_NEW/ALADDIN_NEW/mobile_apps/ALADDIN_iOS/Shared/Components/ShareSheet.swift -primary-file /Users/sergejhlystov/ALADDIN_NEW/ALADDIN_NEW/mobile_apps/ALADDIN_iOS/Shared/Models/TariffCard.swift -primary-file /Users/sergejhlystov/ALADDIN_NEW/ALADDIN_NEW/mobile_apps/ALADDIN_iOS/ViewModels/SettingsViewModel.swift -primary-file /Users/sergejhlystov/ALADDIN_NEW/ALADDIN_NEW/mobile_apps/ALADDIN_iOS/Shared/Components/Modals/DrivingReportsModal.swift -primary-file /Users/sergejhlystov/ALADDIN_NEW/ALADDIN_NEW/mobile_apps/ALADDIN_iOS/Shared/Components/Chat/VoiceRecordingView.swift -primary-file /Users/sergejhlystov/ALADDIN_NEW/ALADDIN_NEW/mobile_apps/ALADDIN_iOS/Core/Managers/AdditionalFeaturesManager.swift -primary-file /Users/sergejhlystov/ALADDIN_NEW/ALADDIN_NEW/mobile_apps/ALADDIN_iOS/Shared/Components/InfoRow.swift -primary-file /Users/sergejhlystov/ALADDIN_NEW/ALADDIN_NEW/mobile_apps/ALADDIN_iOS/Screens/25_PaymentQRScreen.swift -primary-file /Users/sergejhlystov/ALADDIN_NEW/ALADDIN_NEW/mobile_apps/ALADDIN_iOS/Shared/Components/Modals/RoleSelectionModal.swift -primary-file /Users/sergejhlystov/ALADDIN_NEW/ALADDIN_NEW/mobile_apps/ALADDIN_iOS/Shared/Components/Modals/ProtectionLevelExplanationModal.swift -primary-file /Users/sergejhlystov/ALADDIN_NEW/ALADDIN_NEW/mobile_apps/ALADDIN_iOS/Shared/Components/Modals/ProtectionLevelHistoryModal.swift -primary-file /Users/sergejhlystov/ALADDIN_NEW/ALADDIN_NEW/mobile_apps/ALADDIN_iOS/Core/Diagnostics/SettingsDiagnosticsLogger.swift -primary-file /Users/sergejhlystov/ALADDIN_NEW/ALADDIN_NEW/mobile_apps/ALADDIN_iOS/Core/Diagnostics/RecursionMonitor.swift -primary-file /Users/sergejhlystov/ALADDIN_NEW/ALADDIN_NEW/mobile_apps/ALADDIN_iOS/Core/Diagnostics/StackSizeMonitor.swift -primary-file /Users/sergejhlystov/ALADDIN_NEW/ALADDIN_NEW/mobile_apps/ALADDIN_iOS/Core/Diagnostics/MonitoredUserDefaults.swift -primary-file /Users/sergejhlystov/ALADDIN_NEW/ALADDIN_NEW/mobile_apps/ALADDIN_iOS/Core/Diagnostics/MonitoredAppStorage.swift -primary-file /Users/sergejhlystov/ALADDIN_NEW/ALADDIN_NEW/mobile_apps/ALADDIN_iOS/Shared/Components/Modals/RecoveryCodeModal.swift -primary-file /Users/sergejhlystov/ALADDIN_NEW/ALADDIN_NEW/mobile_apps/ALADDIN_iOS/ViewModels/SupportViewModel.swift -primary-file /Users/sergejhlystov/ALADDIN_NEW/ALADDIN_NEW/mobile_apps/ALADDIN_iOS/Shared/Components/Chat/MessageReactionsView.swift -primary-file /Users/sergejhlystov/ALADDIN_NEW/ALADDIN_NEW/mobile_apps/ALADDIN_iOS/Screens/CrashLogsView.swift -primary-file /Users/sergejhlystov/ALADDIN_NEW/ALADDIN_NEW/mobile_apps/ALADDIN_iOS/ViewModels/ChildInterfaceViewModel.swift -supplementary-output-file-map /Users/sergejhlystov/Library/Developer/Xcode/DerivedData/ALADDIN-eahryzmutvtbyceygnlyjsmiiaha/Build/Intermediates.noindex/ALADDIN.build/Debug-iphonesimulator/ALADDIN.build/Objects-normal/x86_64/supplementaryOutputs-26 -target x86_64-apple-ios15.2-simulator -enable-objc-interop -sdk /Applications/Xcode.app/Contents/Developer/Platforms/iPhoneSimulator.platform/Developer/SDKs/iPhoneSimulator15.2.sdk -I /Users/sergejhlystov/Library/Developer/Xcode/DerivedData/ALADDIN-eahryzmutvtbyceygnlyjsmiiaha/Build/Products/Debug-iphonesimulator -F /Users/sergejhlystov/Library/Developer/Xcode/DerivedData/ALADDIN-eahryzmutvtbyceygnlyjsmiiaha/Build/Products/Debug-iphonesimulator -no-color-diagnostics -enable-testing -g -module-cache-path /Users/sergejhlystov/Library/Developer/Xcode/DerivedData/ModuleCache.noindex -emit-localized-strings -emit-localized-strings-path /Users/sergejhlystov/Library/Developer/Xcode/DerivedData/ALADDIN-eahryzmutvtbyceygnlyjsmiiaha/Build/Intermediates.noindex/ALADDIN.build/Debug-iphonesimulator/ALADDIN.build/Objects-normal/x86_64 -swift-version 5 -enforce-exclusivity\=checked -Onone -D DEBUG -serialize-debugging-options -Xcc -working-directory -Xcc /Users/sergejhlystov/ALADDIN_NEW/ALADDIN_NEW/mobile_apps/ALADDIN_iOS -resource-dir /Applications/Xcode.app/Contents/Developer/Toolchains/XcodeDefault.xctoolchain/usr/lib/swift -enable-anonymous-context-mangled-names -Xcc -I/Users/sergejhlystov/Library/Developer/Xcode/DerivedData/ALADDIN-eahryzmutvtbyceygnlyjsmiiaha/Build/Intermediates.noindex/ALADDIN.build/Debug-iphonesimulator/ALADDIN.build/swift-overrides.hmap -Xcc -iquote -Xcc /Users/sergejhlystov/Library/Developer/Xcode/DerivedData/ALADDIN-eahryzmutvtbyceygnlyjsmiiaha/Build/Intermediates.noindex/ALADDIN.build/Debug-iphonesimulator/ALADDIN.build/ALADDIN-generated-files.hmap -Xcc -I/Users/sergejhlystov/Library/Developer/Xcode/DerivedData/ALADDIN-eahryzmutvtbyceygnlyjsmiiaha/Build/Intermediates.noindex/ALADDIN.build/Debug-iphonesimulator/ALADDIN.build/ALADDIN-own-target-headers.hmap -Xcc -I/Users/sergejhlystov/Library/Developer/Xcode/DerivedData/ALADDIN-eahryzmutvtbyceygnlyjsmiiaha/Build/Intermediates.noindex/ALADDIN.build/Debug-iphonesimulator/ALADDIN.build/ALADDIN-all-target-headers.hmap -Xcc -iquote -Xcc /Users/sergejhlystov/Library/Developer/Xcode/DerivedData/ALADDIN-eahryzmutvtbyceygnlyjsmiiaha/Build/Intermediates.noindex/ALADDIN.build/Debug-iphonesimulator/ALADDIN.build/ALADDIN-project-headers.hmap -Xcc -I/Users/sergejhlystov/Library/Developer/Xcode/DerivedData/ALADDIN-eahryzmutvtbyceygnlyjsmiiaha/Build/Products/Debug-iphonesimulator/include -Xcc -I/Users/sergejhlystov/Library/Developer/Xcode/DerivedData/ALADDIN-eahryzmutvtbyceygnlyjsmiiaha/Build/Intermediates.noindex/ALADDIN.build/Debug-iphonesimulator/ALADDIN.build/DerivedSources-normal/x86_64 -Xcc -I/Users/sergejhlystov/Library/Developer/Xcode/DerivedData/ALADDIN-eahryzmutvtbyceygnlyjsmiiaha/Build/Intermediates.noindex/ALADDIN.build/Debug-iphonesimulator/ALADDIN.build/DerivedSources/x86_64 -Xcc -I/Users/sergejhlystov/Library/Developer/Xcode/DerivedData/ALADDIN-eahryzmutvtbyceygnlyjsmiiaha/Build/Intermediates.noindex/ALADDIN.build/Debug-iphonesimulator/ALADDIN.build/DerivedSources -Xcc -DDEBUG\=1 -module-name ALADDIN -target-sdk-version 15.2.0 -o /Users/sergejhlystov/Library/Developer/Xcode/DerivedData/ALADDIN-eahryzmutvtbyceygnlyjsmiiaha/Build/Intermediates.noindex/ALADDIN.build/Debug-iphonesimulator/ALADDIN.build/Objects-normal/x86_64/RecoveryOptionsModal.o -o /Users/sergejhlystov/Library/Developer/Xcode/DerivedData/ALADDIN-eahryzmutvtbyceygnlyjsmiiaha/Build/Intermediates.noindex/ALADDIN.build/Debug-iphonesimulator/ALADDIN.build/Objects-normal/x86_64/ComponentError.o -o /Users/sergejhlystov/Library/Developer/Xcode/DerivedData/ALADDIN-eahryzmutvtbyceygnlyjsmiiaha/Build/Intermediates.noindex/ALADDIN.build/Debug-iphonesimulator/ALADDIN.build/Objects-normal/x86_64/ShareSheet.o -o /Users/sergejhlystov/Library/Developer/Xcode/DerivedData/ALADDIN-eahryzmutvtbyceygnlyjsmiiaha/Build/Intermediates.noindex/ALADDIN.build/Debug-iphonesimulator/ALADDIN.build/Objects-normal/x86_64/TariffCard.o -o /Users/sergejhlystov/Library/Developer/Xcode/DerivedData/ALADDIN-eahryzmutvtbyceygnlyjsmiiaha/Build/Intermediates.noindex/ALADDIN.build/Debug-iphonesimulator/ALADDIN.build/Objects-normal/x86_64/SettingsViewModel.o -o /Users/sergejhlystov/Library/Developer/Xcode/DerivedData/ALADDIN-eahryzmutvtbyceygnlyjsmiiaha/Build/Intermediates.noindex/ALADDIN.build/Debug-iphonesimulator/ALADDIN.build/Objects-normal/x86_64/DrivingReportsModal.o -o /Users/sergejhlystov/Library/Developer/Xcode/DerivedData/ALADDIN-eahryzmutvtbyceygnlyjsmiiaha/Build/Intermediates.noindex/ALADDIN.build/Debug-iphonesimulator/ALADDIN.build/Objects-normal/x86_64/VoiceRecordingView.o -o /Users/sergejhlystov/Library/Developer/Xcode/DerivedData/ALADDIN-eahryzmutvtbyceygnlyjsmiiaha/Build/Intermediates.noindex/ALADDIN.build/Debug-iphonesimulator/ALADDIN.build/Objects-normal/x86_64/AdditionalFeaturesManager.o -o /Users/sergejhlystov/Library/Developer/Xcode/DerivedData/ALADDIN-eahryzmutvtbyceygnlyjsmiiaha/Build/Intermediates.noindex/ALADDIN.build/Debug-iphonesimulator/ALADDIN.build/Objects-normal/x86_64/InfoRow.o -o /Users/sergejhlystov/Library/Developer/Xcode/DerivedData/ALADDIN-eahryzmutvtbyceygnlyjsmiiaha/Build/Intermediates.noindex/ALADDIN.build/Debug-iphonesimulator/ALADDIN.build/Objects-normal/x86_64/25_PaymentQRScreen.o -o /Users/sergejhlystov/Library/Developer/Xcode/DerivedData/ALADDIN-eahryzmutvtbyceygnlyjsmiiaha/Build/Intermediates.noindex/ALADDIN.build/Debug-iphonesimulator/ALADDIN.build/Objects-normal/x86_64/RoleSelectionModal.o -o /Users/sergejhlystov/Library/Developer/Xcode/DerivedData/ALADDIN-eahryzmutvtbyceygnlyjsmiiaha/Build/Intermediates.noindex/ALADDIN.build/Debug-iphonesimulator/ALADDIN.build/Objects-normal/x86_64/ProtectionLevelExplanationModal.o -o /Users/sergejhlystov/Library/Developer/Xcode/DerivedData/ALADDIN-eahryzmutvtbyceygnlyjsmiiaha/Build/Intermediates.noindex/ALADDIN.build/Debug-iphonesimulator/ALADDIN.build/Objects-normal/x86_64/ProtectionLevelHistoryModal.o -o /Users/sergejhlystov/Library/Developer/Xcode/DerivedData/ALADDIN-eahryzmutvtbyceygnlyjsmiiaha/Build/Intermediates.noindex/ALADDIN.build/Debug-iphonesimulator/ALADDIN.build/Objects-normal/x86_64/SettingsDiagnosticsLogger.o -o /Users/sergejhlystov/Library/Developer/Xcode/DerivedData/ALADDIN-eahryzmutvtbyceygnlyjsmiiaha/Build/Intermediates.noindex/ALADDIN.build/Debug-iphonesimulator/ALADDIN.build/Objects-normal/x86_64/RecursionMonitor.o -o /Users/sergejhlystov/Library/Developer/Xcode/DerivedData/ALADDIN-eahryzmutvtbyceygnlyjsmiiaha/Build/Intermediates.noindex/ALADDIN.build/Debug-iphonesimulator/ALADDIN.build/Objects-normal/x86_64/StackSizeMonitor.o -o /Users/sergejhlystov/Library/Developer/Xcode/DerivedData/ALADDIN-eahryzmutvtbyceygnlyjsmiiaha/Build/Intermediates.noindex/ALADDIN.build/Debug-iphonesimulator/ALADDIN.build/Objects-normal/x86_64/MonitoredUserDefaults.o -o /Users/sergejhlystov/Library/Developer/Xcode/DerivedData/ALADDIN-eahryzmutvtbyceygnlyjsmiiaha/Build/Intermediates.noindex/ALADDIN.build/Debug-iphonesimulator/ALADDIN.build/Objects-normal/x86_64/MonitoredAppStorage.o -o /Users/sergejhlystov/Library/Developer/Xcode/DerivedData/ALADDIN-eahryzmutvtbyceygnlyjsmiiaha/Build/Intermediates.noindex/ALADDIN.build/Debug-iphonesimulator/ALADDIN.build/Objects-normal/x86_64/RecoveryCodeModal.o -o /Users/sergejhlystov/Library/Developer/Xcode/DerivedData/ALADDIN-eahryzmutvtbyceygnlyjsmiiaha/Build/Intermediates.noindex/ALADDIN.build/Debug-iphonesimulator/ALADDIN.build/Objects-normal/x86_64/SupportViewModel.o -o /Users/sergejhlystov/Library/Developer/Xcode/DerivedData/ALADDIN-eahryzmutvtbyceygnlyjsmiiaha/Build/Intermediates.noindex/ALADDIN.build/Debug-iphonesimulator/ALADDIN.build/Objects-normal/x86_64/MessageReactionsView.o -o /Users/sergejhlystov/Library/Developer/Xcode/DerivedData/ALADDIN-eahryzmutvtbyceygnlyjsmiiaha/Build/Intermediates.noindex/ALADDIN.build/Debug-iphonesimulator/ALADDIN.build/Objects-normal/x86_64/CrashLogsView.o -o /Users/sergejhlystov/Library/Developer/Xcode/DerivedData/ALADDIN-eahryzmutvtbyceygnlyjsmiiaha/Build/Intermediates.noindex/ALADDIN.build/Debug-iphonesimulator/ALADDIN.build/Objects-normal/x86_64/ChildInterfaceViewModel.o -index-store-path /Users/sergejhlystov/Library/Developer/Xcode/DerivedData/ALADDIN-eahryzmutvtbyceygnlyjsmiiaha/Index/DataStore -index-system-modules
/Users/sergejhlystov/ALADDIN_NEW/ALADDIN_NEW/mobile_apps/ALADDIN_iOS/Shared/Components/Modals/DrivingReportsModal.swift:567:17: warning: variable 'existingIds' was never mutated; consider changing to 'let' constant
            var existingIds = Set(users.map { $0.id })
            ~~~ ^
            let

SwiftDriverJob-Compile normal x86_64 Compiling\ TrialFlowTestView.swift,\ 11_ProfileScreen.swift,\ NetworkManager.swift,\ 19_TermsOfServiceScreen.swift,\ SubscriptionManager.swift,\ AppConfig.swift,\ ParallelLoader.swift,\ FamilyViewModel.swift,\ AIAssistantViewModel.swift,\ FeatureGateView.swift,\ 22_DeviceDetailScreen.swift,\ WidgetConfigurationScreen.swift,\ DNSProtectionManager.swift,\ FamilyChatWebSocket.swift,\ SecurityEducationScreen.swift,\ MetricsService.swift,\ ComponentStatus.swift,\ KeychainManager.swift,\ MemberStatsModalView.swift,\ ProtectionSettingsViewModel.swift,\ AddMemberOptionsModal.swift,\ InvitationCodeInputModal.swift,\ MessageActionsMenu.swift,\ Spacing.swift /Users/sergejhlystov/ALADDIN_NEW/ALADDIN_NEW/mobile_apps/ALADDIN_iOS/Screens/Views/TrialFlowTestView.swift /Users/sergejhlystov/ALADDIN_NEW/ALADDIN_NEW/mobile_apps/ALADDIN_iOS/Screens/11_ProfileScreen.swift /Users/sergejhlystov/ALADDIN_NEW/ALADDIN_NEW/mobile_apps/ALADDIN_iOS/Core/Network/NetworkManager.swift /Users/sergejhlystov/ALADDIN_NEW/ALADDIN_NEW/mobile_apps/ALADDIN_iOS/Screens/19_TermsOfServiceScreen.swift /Users/sergejhlystov/ALADDIN_NEW/ALADDIN_NEW/mobile_apps/ALADDIN_iOS/Core/Managers/SubscriptionManager.swift /Users/sergejhlystov/ALADDIN_NEW/ALADDIN_NEW/mobile_apps/ALADDIN_iOS/Core/Config/AppConfig.swift /Users/sergejhlystov/ALADDIN_NEW/ALADDIN_NEW/mobile_apps/ALADDIN_iOS/Core/Utils/ParallelLoader.swift /Users/sergejhlystov/ALADDIN_NEW/ALADDIN_NEW/mobile_apps/ALADDIN_iOS/ViewModels/FamilyViewModel.swift /Users/sergejhlystov/ALADDIN_NEW/ALADDIN_NEW/mobile_apps/ALADDIN_iOS/ViewModels/AIAssistantViewModel.swift /Users/sergejhlystov/ALADDIN_NEW/ALADDIN_NEW/mobile_apps/ALADDIN_iOS/Screens/Views/FeatureGateView.swift /Users/sergejhlystov/ALADDIN_NEW/ALADDIN_NEW/mobile_apps/ALADDIN_iOS/Screens/22_DeviceDetailScreen.swift /Users/sergejhlystov/ALADDIN_NEW/ALADDIN_NEW/mobile_apps/ALADDIN_iOS/Screens/WidgetConfigurationScreen.swift /Users/sergejhlystov/ALADDIN_NEW/ALADDIN_NEW/mobile_apps/ALADDIN_iOS/Core/Managers/DNSProtectionManager.swift /Users/sergejhlystov/ALADDIN_NEW/ALADDIN_NEW/mobile_apps/ALADDIN_iOS/Core/Network/FamilyChatWebSocket.swift /Users/sergejhlystov/ALADDIN_NEW/ALADDIN_NEW/mobile_apps/ALADDIN_iOS/Screens/SecurityEducationScreen.swift /Users/sergejhlystov/ALADDIN_NEW/ALADDIN_NEW/mobile_apps/ALADDIN_iOS/Core/Monitoring/MetricsService.swift /Users/sergejhlystov/ALADDIN_NEW/ALADDIN_NEW/mobile_apps/ALADDIN_iOS/Core/Models/ComponentStatus.swift /Users/sergejhlystov/ALADDIN_NEW/ALADDIN_NEW/mobile_apps/ALADDIN_iOS/Core/Security/KeychainManager.swift /Users/sergejhlystov/ALADDIN_NEW/ALADDIN_NEW/mobile_apps/ALADDIN_iOS/Shared/Components/Modals/MemberStatsModalView.swift /Users/sergejhlystov/ALADDIN_NEW/ALADDIN_NEW/mobile_apps/ALADDIN_iOS/ViewModels/ProtectionSettingsViewModel.swift /Users/sergejhlystov/ALADDIN_NEW/ALADDIN_NEW/mobile_apps/ALADDIN_iOS/Shared/Components/Modals/AddMemberOptionsModal.swift /Users/sergejhlystov/ALADDIN_NEW/ALADDIN_NEW/mobile_apps/ALADDIN_iOS/Shared/Components/Modals/InvitationCodeInputModal.swift /Users/sergejhlystov/ALADDIN_NEW/ALADDIN_NEW/mobile_apps/ALADDIN_iOS/Shared/Components/Chat/MessageActionsMenu.swift /Users/sergejhlystov/ALADDIN_NEW/ALADDIN_NEW/mobile_apps/ALADDIN_iOS/Shared/Styles/Spacing.swift (in target 'ALADDIN' from project 'ALADDIN')
    cd /Users/sergejhlystov/ALADDIN_NEW/ALADDIN_NEW/mobile_apps/ALADDIN_iOS
    export DEVELOPER_DIR\=/Applications/Xcode.app/Contents/Developer
    export SDKROOT\=/Applications/Xcode.app/Contents/Developer/Platforms/iPhoneSimulator.platform/Developer/SDKs/iPhoneSimulator15.2.sdk
    builtin-swiftDriverJobExecution -- /Applications/Xcode.app/Contents/Developer/Toolchains/XcodeDefault.xctoolchain/usr/bin/swift-frontend -frontend -c -filelist /Users/sergejhlystov/Library/Developer/Xcode/DerivedData/ALADDIN-eahryzmutvtbyceygnlyjsmiiaha/Build/Intermediates.noindex/ALADDIN.build/Debug-iphonesimulator/ALADDIN.build/Objects-normal/x86_64/sources-2 -primary-file /Users/sergejhlystov/ALADDIN_NEW/ALADDIN_NEW/mobile_apps/ALADDIN_iOS/Screens/Views/TrialFlowTestView.swift -primary-file /Users/sergejhlystov/ALADDIN_NEW/ALADDIN_NEW/mobile_apps/ALADDIN_iOS/Screens/11_ProfileScreen.swift -primary-file /Users/sergejhlystov/ALADDIN_NEW/ALADDIN_NEW/mobile_apps/ALADDIN_iOS/Core/Network/NetworkManager.swift -primary-file /Users/sergejhlystov/ALADDIN_NEW/ALADDIN_NEW/mobile_apps/ALADDIN_iOS/Screens/19_TermsOfServiceScreen.swift -primary-file /Users/sergejhlystov/ALADDIN_NEW/ALADDIN_NEW/mobile_apps/ALADDIN_iOS/Core/Managers/SubscriptionManager.swift -primary-file /Users/sergejhlystov/ALADDIN_NEW/ALADDIN_NEW/mobile_apps/ALADDIN_iOS/Core/Config/AppConfig.swift -primary-file /Users/sergejhlystov/ALADDIN_NEW/ALADDIN_NEW/mobile_apps/ALADDIN_iOS/Core/Utils/ParallelLoader.swift -primary-file /Users/sergejhlystov/ALADDIN_NEW/ALADDIN_NEW/mobile_apps/ALADDIN_iOS/ViewModels/FamilyViewModel.swift -primary-file /Users/sergejhlystov/ALADDIN_NEW/ALADDIN_NEW/mobile_apps/ALADDIN_iOS/ViewModels/AIAssistantViewModel.swift -primary-file /Users/sergejhlystov/ALADDIN_NEW/ALADDIN_NEW/mobile_apps/ALADDIN_iOS/Screens/Views/FeatureGateView.swift -primary-file /Users/sergejhlystov/ALADDIN_NEW/ALADDIN_NEW/mobile_apps/ALADDIN_iOS/Screens/22_DeviceDetailScreen.swift -primary-file /Users/sergejhlystov/ALADDIN_NEW/ALADDIN_NEW/mobile_apps/ALADDIN_iOS/Screens/WidgetConfigurationScreen.swift -primary-file /Users/sergejhlystov/ALADDIN_NEW/ALADDIN_NEW/mobile_apps/ALADDIN_iOS/Core/Managers/DNSProtectionManager.swift -primary-file /Users/sergejhlystov/ALADDIN_NEW/ALADDIN_NEW/mobile_apps/ALADDIN_iOS/Core/Network/FamilyChatWebSocket.swift -primary-file /Users/sergejhlystov/ALADDIN_NEW/ALADDIN_NEW/mobile_apps/ALADDIN_iOS/Screens/SecurityEducationScreen.swift -primary-file /Users/sergejhlystov/ALADDIN_NEW/ALADDIN_NEW/mobile_apps/ALADDIN_iOS/Core/Monitoring/MetricsService.swift -primary-file /Users/sergejhlystov/ALADDIN_NEW/ALADDIN_NEW/mobile_apps/ALADDIN_iOS/Core/Models/ComponentStatus.swift -primary-file /Users/sergejhlystov/ALADDIN_NEW/ALADDIN_NEW/mobile_apps/ALADDIN_iOS/Core/Security/KeychainManager.swift -primary-file /Users/sergejhlystov/ALADDIN_NEW/ALADDIN_NEW/mobile_apps/ALADDIN_iOS/Shared/Components/Modals/MemberStatsModalView.swift -primary-file /Users/sergejhlystov/ALADDIN_NEW/ALADDIN_NEW/mobile_apps/ALADDIN_iOS/ViewModels/ProtectionSettingsViewModel.swift -primary-file /Users/sergejhlystov/ALADDIN_NEW/ALADDIN_NEW/mobile_apps/ALADDIN_iOS/Shared/Components/Modals/AddMemberOptionsModal.swift -primary-file /Users/sergejhlystov/ALADDIN_NEW/ALADDIN_NEW/mobile_apps/ALADDIN_iOS/Shared/Components/Modals/InvitationCodeInputModal.swift -primary-file /Users/sergejhlystov/ALADDIN_NEW/ALADDIN_NEW/mobile_apps/ALADDIN_iOS/Shared/Components/Chat/MessageActionsMenu.swift -primary-file /Users/sergejhlystov/ALADDIN_NEW/ALADDIN_NEW/mobile_apps/ALADDIN_iOS/Shared/Styles/Spacing.swift -supplementary-output-file-map /Users/sergejhlystov/Library/Developer/Xcode/DerivedData/ALADDIN-eahryzmutvtbyceygnlyjsmiiaha/Build/Intermediates.noindex/ALADDIN.build/Debug-iphonesimulator/ALADDIN.build/Objects-normal/x86_64/supplementaryOutputs-25 -target x86_64-apple-ios15.2-simulator -enable-objc-interop -sdk /Applications/Xcode.app/Contents/Developer/Platforms/iPhoneSimulator.platform/Developer/SDKs/iPhoneSimulator15.2.sdk -I /Users/sergejhlystov/Library/Developer/Xcode/DerivedData/ALADDIN-eahryzmutvtbyceygnlyjsmiiaha/Build/Products/Debug-iphonesimulator -F /Users/sergejhlystov/Library/Developer/Xcode/DerivedData/ALADDIN-eahryzmutvtbyceygnlyjsmiiaha/Build/Products/Debug-iphonesimulator -no-color-diagnostics -enable-testing -g -module-cache-path /Users/sergejhlystov/Library/Developer/Xcode/DerivedData/ModuleCache.noindex -emit-localized-strings -emit-localized-strings-path /Users/sergejhlystov/Library/Developer/Xcode/DerivedData/ALADDIN-eahryzmutvtbyceygnlyjsmiiaha/Build/Intermediates.noindex/ALADDIN.build/Debug-iphonesimulator/ALADDIN.build/Objects-normal/x86_64 -swift-version 5 -enforce-exclusivity\=checked -Onone -D DEBUG -serialize-debugging-options -Xcc -working-directory -Xcc /Users/sergejhlystov/ALADDIN_NEW/ALADDIN_NEW/mobile_apps/ALADDIN_iOS -resource-dir /Applications/Xcode.app/Contents/Developer/Toolchains/XcodeDefault.xctoolchain/usr/lib/swift -enable-anonymous-context-mangled-names -Xcc -I/Users/sergejhlystov/Library/Developer/Xcode/DerivedData/ALADDIN-eahryzmutvtbyceygnlyjsmiiaha/Build/Intermediates.noindex/ALADDIN.build/Debug-iphonesimulator/ALADDIN.build/swift-overrides.hmap -Xcc -iquote -Xcc /Users/sergejhlystov/Library/Developer/Xcode/DerivedData/ALADDIN-eahryzmutvtbyceygnlyjsmiiaha/Build/Intermediates.noindex/ALADDIN.build/Debug-iphonesimulator/ALADDIN.build/ALADDIN-generated-files.hmap -Xcc -I/Users/sergejhlystov/Library/Developer/Xcode/DerivedData/ALADDIN-eahryzmutvtbyceygnlyjsmiiaha/Build/Intermediates.noindex/ALADDIN.build/Debug-iphonesimulator/ALADDIN.build/ALADDIN-own-target-headers.hmap -Xcc -I/Users/sergejhlystov/Library/Developer/Xcode/DerivedData/ALADDIN-eahryzmutvtbyceygnlyjsmiiaha/Build/Intermediates.noindex/ALADDIN.build/Debug-iphonesimulator/ALADDIN.build/ALADDIN-all-target-headers.hmap -Xcc -iquote -Xcc /Users/sergejhlystov/Library/Developer/Xcode/DerivedData/ALADDIN-eahryzmutvtbyceygnlyjsmiiaha/Build/Intermediates.noindex/ALADDIN.build/Debug-iphonesimulator/ALADDIN.build/ALADDIN-project-headers.hmap -Xcc -I/Users/sergejhlystov/Library/Developer/Xcode/DerivedData/ALADDIN-eahryzmutvtbyceygnlyjsmiiaha/Build/Products/Debug-iphonesimulator/include -Xcc -I/Users/sergejhlystov/Library/Developer/Xcode/DerivedData/ALADDIN-eahryzmutvtbyceygnlyjsmiiaha/Build/Intermediates.noindex/ALADDIN.build/Debug-iphonesimulator/ALADDIN.build/DerivedSources-normal/x86_64 -Xcc -I/Users/sergejhlystov/Library/Developer/Xcode/DerivedData/ALADDIN-eahryzmutvtbyceygnlyjsmiiaha/Build/Intermediates.noindex/ALADDIN.build/Debug-iphonesimulator/ALADDIN.build/DerivedSources/x86_64 -Xcc -I/Users/sergejhlystov/Library/Developer/Xcode/DerivedData/ALADDIN-eahryzmutvtbyceygnlyjsmiiaha/Build/Intermediates.noindex/ALADDIN.build/Debug-iphonesimulator/ALADDIN.build/DerivedSources -Xcc -DDEBUG\=1 -module-name ALADDIN -target-sdk-version 15.2.0 -o /Users/sergejhlystov/Library/Developer/Xcode/DerivedData/ALADDIN-eahryzmutvtbyceygnlyjsmiiaha/Build/Intermediates.noindex/ALADDIN.build/Debug-iphonesimulator/ALADDIN.build/Objects-normal/x86_64/TrialFlowTestView.o -o /Users/sergejhlystov/Library/Developer/Xcode/DerivedData/ALADDIN-eahryzmutvtbyceygnlyjsmiiaha/Build/Intermediates.noindex/ALADDIN.build/Debug-iphonesimulator/ALADDIN.build/Objects-normal/x86_64/11_ProfileScreen.o -o /Users/sergejhlystov/Library/Developer/Xcode/DerivedData/ALADDIN-eahryzmutvtbyceygnlyjsmiiaha/Build/Intermediates.noindex/ALADDIN.build/Debug-iphonesimulator/ALADDIN.build/Objects-normal/x86_64/NetworkManager.o -o /Users/sergejhlystov/Library/Developer/Xcode/DerivedData/ALADDIN-eahryzmutvtbyceygnlyjsmiiaha/Build/Intermediates.noindex/ALADDIN.build/Debug-iphonesimulator/ALADDIN.build/Objects-normal/x86_64/19_TermsOfServiceScreen.o -o /Users/sergejhlystov/Library/Developer/Xcode/DerivedData/ALADDIN-eahryzmutvtbyceygnlyjsmiiaha/Build/Intermediates.noindex/ALADDIN.build/Debug-iphonesimulator/ALADDIN.build/Objects-normal/x86_64/SubscriptionManager.o -o /Users/sergejhlystov/Library/Developer/Xcode/DerivedData/ALADDIN-eahryzmutvtbyceygnlyjsmiiaha/Build/Intermediates.noindex/ALADDIN.build/Debug-iphonesimulator/ALADDIN.build/Objects-normal/x86_64/AppConfig.o -o /Users/sergejhlystov/Library/Developer/Xcode/DerivedData/ALADDIN-eahryzmutvtbyceygnlyjsmiiaha/Build/Intermediates.noindex/ALADDIN.build/Debug-iphonesimulator/ALADDIN.build/Objects-normal/x86_64/ParallelLoader.o -o /Users/sergejhlystov/Library/Developer/Xcode/DerivedData/ALADDIN-eahryzmutvtbyceygnlyjsmiiaha/Build/Intermediates.noindex/ALADDIN.build/Debug-iphonesimulator/ALADDIN.build/Objects-normal/x86_64/FamilyViewModel.o -o /Users/sergejhlystov/Library/Developer/Xcode/DerivedData/ALADDIN-eahryzmutvtbyceygnlyjsmiiaha/Build/Intermediates.noindex/ALADDIN.build/Debug-iphonesimulator/ALADDIN.build/Objects-normal/x86_64/AIAssistantViewModel.o -o /Users/sergejhlystov/Library/Developer/Xcode/DerivedData/ALADDIN-eahryzmutvtbyceygnlyjsmiiaha/Build/Intermediates.noindex/ALADDIN.build/Debug-iphonesimulator/ALADDIN.build/Objects-normal/x86_64/FeatureGateView.o -o /Users/sergejhlystov/Library/Developer/Xcode/DerivedData/ALADDIN-eahryzmutvtbyceygnlyjsmiiaha/Build/Intermediates.noindex/ALADDIN.build/Debug-iphonesimulator/ALADDIN.build/Objects-normal/x86_64/22_DeviceDetailScreen.o -o /Users/sergejhlystov/Library/Developer/Xcode/DerivedData/ALADDIN-eahryzmutvtbyceygnlyjsmiiaha/Build/Intermediates.noindex/ALADDIN.build/Debug-iphonesimulator/ALADDIN.build/Objects-normal/x86_64/WidgetConfigurationScreen.o -o /Users/sergejhlystov/Library/Developer/Xcode/DerivedData/ALADDIN-eahryzmutvtbyceygnlyjsmiiaha/Build/Intermediates.noindex/ALADDIN.build/Debug-iphonesimulator/ALADDIN.build/Objects-normal/x86_64/DNSProtectionManager.o -o /Users/sergejhlystov/Library/Developer/Xcode/DerivedData/ALADDIN-eahryzmutvtbyceygnlyjsmiiaha/Build/Intermediates.noindex/ALADDIN.build/Debug-iphonesimulator/ALADDIN.build/Objects-normal/x86_64/FamilyChatWebSocket.o -o /Users/sergejhlystov/Library/Developer/Xcode/DerivedData/ALADDIN-eahryzmutvtbyceygnlyjsmiiaha/Build/Intermediates.noindex/ALADDIN.build/Debug-iphonesimulator/ALADDIN.build/Objects-normal/x86_64/SecurityEducationScreen.o -o /Users/sergejhlystov/Library/Developer/Xcode/DerivedData/ALADDIN-eahryzmutvtbyceygnlyjsmiiaha/Build/Intermediates.noindex/ALADDIN.build/Debug-iphonesimulator/ALADDIN.build/Objects-normal/x86_64/MetricsService.o -o /Users/sergejhlystov/Library/Developer/Xcode/DerivedData/ALADDIN-eahryzmutvtbyceygnlyjsmiiaha/Build/Intermediates.noindex/ALADDIN.build/Debug-iphonesimulator/ALADDIN.build/Objects-normal/x86_64/ComponentStatus.o -o /Users/sergejhlystov/Library/Developer/Xcode/DerivedData/ALADDIN-eahryzmutvtbyceygnlyjsmiiaha/Build/Intermediates.noindex/ALADDIN.build/Debug-iphonesimulator/ALADDIN.build/Objects-normal/x86_64/KeychainManager.o -o /Users/sergejhlystov/Library/Developer/Xcode/DerivedData/ALADDIN-eahryzmutvtbyceygnlyjsmiiaha/Build/Intermediates.noindex/ALADDIN.build/Debug-iphonesimulator/ALADDIN.build/Objects-normal/x86_64/MemberStatsModalView.o -o /Users/sergejhlystov/Library/Developer/Xcode/DerivedData/ALADDIN-eahryzmutvtbyceygnlyjsmiiaha/Build/Intermediates.noindex/ALADDIN.build/Debug-iphonesimulator/ALADDIN.build/Objects-normal/x86_64/ProtectionSettingsViewModel.o -o /Users/sergejhlystov/Library/Developer/Xcode/DerivedData/ALADDIN-eahryzmutvtbyceygnlyjsmiiaha/Build/Intermediates.noindex/ALADDIN.build/Debug-iphonesimulator/ALADDIN.build/Objects-normal/x86_64/AddMemberOptionsModal.o -o /Users/sergejhlystov/Library/Developer/Xcode/DerivedData/ALADDIN-eahryzmutvtbyceygnlyjsmiiaha/Build/Intermediates.noindex/ALADDIN.build/Debug-iphonesimulator/ALADDIN.build/Objects-normal/x86_64/InvitationCodeInputModal.o -o /Users/sergejhlystov/Library/Developer/Xcode/DerivedData/ALADDIN-eahryzmutvtbyceygnlyjsmiiaha/Build/Intermediates.noindex/ALADDIN.build/Debug-iphonesimulator/ALADDIN.build/Objects-normal/x86_64/MessageActionsMenu.o -o /Users/sergejhlystov/Library/Developer/Xcode/DerivedData/ALADDIN-eahryzmutvtbyceygnlyjsmiiaha/Build/Intermediates.noindex/ALADDIN.build/Debug-iphonesimulator/ALADDIN.build/Objects-normal/x86_64/Spacing.o -index-store-path /Users/sergejhlystov/Library/Developer/Xcode/DerivedData/ALADDIN-eahryzmutvtbyceygnlyjsmiiaha/Index/DataStore -index-system-modules
/Users/sergejhlystov/ALADDIN_NEW/ALADDIN_NEW/mobile_apps/ALADDIN_iOS/Core/Network/NetworkManager.swift:1371:19: warning: 'catch' block is unreachable because no errors are thrown in 'do' block
                } catch {
                  ^
/Users/sergejhlystov/ALADDIN_NEW/ALADDIN_NEW/mobile_apps/ALADDIN_iOS/Core/Network/NetworkManager.swift:1540:13: warning: immutable value 'statusCode' was never used; consider removing it
        let statusCode: Int
            ^
/Users/sergejhlystov/ALADDIN_NEW/ALADDIN_NEW/mobile_apps/ALADDIN_iOS/Core/Managers/SubscriptionManager.swift:296:23: warning: result of call to 'registerDeviceAnonymously()' is unused
            try await registerDeviceAnonymously()
                      ^                        ~~
/Users/sergejhlystov/ALADDIN_NEW/ALADDIN_NEW/mobile_apps/ALADDIN_iOS/Core/Managers/SubscriptionManager.swift:1315:13: warning: initialization of immutable value 'testSyncSubscription' was never used; consider replacing with assignment to '_' or removing it
        let testSyncSubscription = createSubscriptionStatus(
        ~~~~^~~~~~~~~~~~~~~~~~~~
        _
/Users/sergejhlystov/ALADDIN_NEW/ALADDIN_NEW/mobile_apps/ALADDIN_iOS/Core/Managers/SubscriptionManager.swift:1496:17: warning: initialization of immutable value 'testServerSubscription' was never used; consider replacing with assignment to '_' or removing it
            let testServerSubscription = SubscriptionStatus(
            ~~~~^~~~~~~~~~~~~~~~~~~~~~
            _
/Users/sergejhlystov/ALADDIN_NEW/ALADDIN_NEW/mobile_apps/ALADDIN_iOS/Core/Managers/SubscriptionManager.swift:1506:11: warning: 'catch' block is unreachable because no errors are thrown in 'do' block
        } catch {
          ^
/Users/sergejhlystov/ALADDIN_NEW/ALADDIN_NEW/mobile_apps/ALADDIN_iOS/Core/Managers/SubscriptionManager.swift:1729:27: warning: result of call to 'registerDeviceAnonymously()' is unused
                try await registerDeviceAnonymously()
                          ^                        ~~
/Users/sergejhlystov/ALADDIN_NEW/ALADDIN_NEW/mobile_apps/ALADDIN_iOS/ViewModels/AIAssistantViewModel.swift:115:35: warning: immutable value 'error' was never used; consider replacing with '_' or removing it
                case .failure(let error):
                              ~~~~^~~~~
                              _
/Users/sergejhlystov/ALADDIN_NEW/ALADDIN_NEW/mobile_apps/ALADDIN_iOS/Screens/22_DeviceDetailScreen.swift:465:83: warning: left side of nil coalescing operator '??' has non-optional type 'String', so the right side is never used
                Text(localizationManager.localized("device_detail_threats_empty") ?? "Нет угроз")
/Users/sergejhlystov/ALADDIN_NEW/ALADDIN_NEW/mobile_apps/ALADDIN_iOS/Screens/22_DeviceDetailScreen.swift:514:86: warning: left side of nil coalescing operator '??' has non-optional type 'String', so the right side is never used
            let format = localizationManager.localized("device_detail_threat_count") ?? "Обнаружено: %d"
/Users/sergejhlystov/ALADDIN_NEW/ALADDIN_NEW/mobile_apps/ALADDIN_iOS/Screens/22_DeviceDetailScreen.swift:517:77: warning: left side of nil coalescing operator '??' has non-optional type 'String', so the right side is never used
        return localizationManager.localized("device_detail_threat_recent") ?? "Недавно"
/Users/sergejhlystov/ALADDIN_NEW/ALADDIN_NEW/mobile_apps/ALADDIN_iOS/Screens/22_DeviceDetailScreen.swift:534:46: warning: literal value is already handled by previous pattern; consider removing it
            case "medium", "средняя", "medium":
/Users/sergejhlystov/ALADDIN_NEW/ALADDIN_NEW/mobile_apps/ALADDIN_iOS/Screens/22_DeviceDetailScreen.swift:534:18: note: first occurrence of identical literal pattern is here
            case "medium", "средняя", "medium":
/Users/sergejhlystov/ALADDIN_NEW/ALADDIN_NEW/mobile_apps/ALADDIN_iOS/Core/Monitoring/MetricsService.swift:343:9: warning: immutable property will not be decoded because it is declared with an initial value which cannot be overwritten
    let type: String = "error"
        ^
/Users/sergejhlystov/ALADDIN_NEW/ALADDIN_NEW/mobile_apps/ALADDIN_iOS/Core/Monitoring/MetricsService.swift:343:9: note: set the initial value via the initializer or explicitly define a CodingKeys enum including a 'type' case to silence this warning
    let type: String = "error"
        ^
/Users/sergejhlystov/ALADDIN_NEW/ALADDIN_NEW/mobile_apps/ALADDIN_iOS/Core/Monitoring/MetricsService.swift:343:9: note: make the property mutable instead
    let type: String = "error"
    ~~~ ^
    var
/Users/sergejhlystov/ALADDIN_NEW/ALADDIN_NEW/mobile_apps/ALADDIN_iOS/Core/Monitoring/MetricsService.swift:352:9: warning: immutable property will not be decoded because it is declared with an initial value which cannot be overwritten
    let type: String = "alert"
        ^
/Users/sergejhlystov/ALADDIN_NEW/ALADDIN_NEW/mobile_apps/ALADDIN_iOS/Core/Monitoring/MetricsService.swift:352:9: note: set the initial value via the initializer or explicitly define a CodingKeys enum including a 'type' case to silence this warning
    let type: String = "alert"
        ^
/Users/sergejhlystov/ALADDIN_NEW/ALADDIN_NEW/mobile_apps/ALADDIN_iOS/Core/Monitoring/MetricsService.swift:352:9: note: make the property mutable instead
    let type: String = "alert"
    ~~~ ^
    var

SwiftDriverJob-Compile normal x86_64 Compiling\ PrimaryButton.swift,\ SecurityFeatureRow.swift,\ NotificationSettingsScreen.swift,\ TariffManager.swift,\ ChildContentScreen.swift,\ AdditionalFeature.swift,\ DarkWebDataInputView.swift,\ PaymentHelpView.swift,\ StatItem.swift,\ FamilyMemberCard.swift,\ AddMoreMemberCard.swift,\ ChildRewardsSettingsModal.swift,\ APIModels.swift,\ NetworkProtectionManager.swift,\ UnicornPetView.swift,\ VisualLogger.swift,\ APIService.swift,\ QuarantineManager.swift,\ NetworkProtectionViewModel.swift,\ 18_PrivacyPolicyScreen.swift,\ ComponentStatusService.swift,\ 10_TariffsScreen.swift,\ IdentityTheftViewModel.swift,\ 09_ElderlyInterfaceScreen.swift /Users/sergejhlystov/ALADDIN_NEW/ALADDIN_NEW/mobile_apps/ALADDIN_iOS/Shared/Components/Buttons/PrimaryButton.swift /Users/sergejhlystov/ALADDIN_NEW/ALADDIN_NEW/mobile_apps/ALADDIN_iOS/Shared/Components/SecurityFeatureRow.swift /Users/sergejhlystov/ALADDIN_NEW/ALADDIN_NEW/mobile_apps/ALADDIN_iOS/Screens/NotificationSettingsScreen.swift /Users/sergejhlystov/ALADDIN_NEW/ALADDIN_NEW/mobile_apps/ALADDIN_iOS/Core/Managers/TariffManager.swift /Users/sergejhlystov/ALADDIN_NEW/ALADDIN_NEW/mobile_apps/ALADDIN_iOS/Screens/ChildContentScreen.swift /Users/sergejhlystov/ALADDIN_NEW/ALADDIN_NEW/mobile_apps/ALADDIN_iOS/Shared/Models/AdditionalFeature.swift /Users/sergejhlystov/ALADDIN_NEW/ALADDIN_NEW/mobile_apps/ALADDIN_iOS/Shared/Components/Modals/DarkWebDataInputView.swift /Users/sergejhlystov/ALADDIN_NEW/ALADDIN_NEW/mobile_apps/ALADDIN_iOS/Screens/Views/PaymentHelpView.swift /Users/sergejhlystov/ALADDIN_NEW/ALADDIN_NEW/mobile_apps/ALADDIN_iOS/Shared/Components/StatItem.swift /Users/sergejhlystov/ALADDIN_NEW/ALADDIN_NEW/mobile_apps/ALADDIN_iOS/Shared/Components/Cards/FamilyMemberCard.swift /Users/sergejhlystov/ALADDIN_NEW/ALADDIN_NEW/mobile_apps/ALADDIN_iOS/Shared/Components/Cards/AddMoreMemberCard.swift /Users/sergejhlystov/ALADDIN_NEW/ALADDIN_NEW/mobile_apps/ALADDIN_iOS/Components/Modals/ChildRewardsSettingsModal.swift /Users/sergejhlystov/ALADDIN_NEW/ALADDIN_NEW/mobile_apps/ALADDIN_iOS/Core/Models/APIModels.swift /Users/sergejhlystov/ALADDIN_NEW/ALADDIN_NEW/mobile_apps/ALADDIN_iOS/Core/NetworkProtection/NetworkProtectionManager.swift /Users/sergejhlystov/ALADDIN_NEW/ALADDIN_NEW/mobile_apps/ALADDIN_iOS/Screens/UnicornPetView.swift /Users/sergejhlystov/ALADDIN_NEW/ALADDIN_NEW/mobile_apps/ALADDIN_iOS/Core/Utilities/VisualLogger.swift /Users/sergejhlystov/ALADDIN_NEW/ALADDIN_NEW/mobile_apps/ALADDIN_iOS/Core/Network/APIService.swift /Users/sergejhlystov/ALADDIN_NEW/ALADDIN_NEW/mobile_apps/ALADDIN_iOS/Core/Antivirus/QuarantineManager.swift /Users/sergejhlystov/ALADDIN_NEW/ALADDIN_NEW/mobile_apps/ALADDIN_iOS/ViewModels/NetworkProtectionViewModel.swift /Users/sergejhlystov/ALADDIN_NEW/ALADDIN_NEW/mobile_apps/ALADDIN_iOS/Screens/18_PrivacyPolicyScreen.swift /Users/sergejhlystov/ALADDIN_NEW/ALADDIN_NEW/mobile_apps/ALADDIN_iOS/Core/Services/ComponentStatusService.swift /Users/sergejhlystov/ALADDIN_NEW/ALADDIN_NEW/mobile_apps/ALADDIN_iOS/Screens/10_TariffsScreen.swift /Users/sergejhlystov/ALADDIN_NEW/ALADDIN_NEW/mobile_apps/ALADDIN_iOS/ViewModels/IdentityTheftViewModel.swift /Users/sergejhlystov/ALADDIN_NEW/ALADDIN_NEW/mobile_apps/ALADDIN_iOS/Screens/09_ElderlyInterfaceScreen.swift (in target 'ALADDIN' from project 'ALADDIN')
    cd /Users/sergejhlystov/ALADDIN_NEW/ALADDIN_NEW/mobile_apps/ALADDIN_iOS
    export DEVELOPER_DIR\=/Applications/Xcode.app/Contents/Developer
    export SDKROOT\=/Applications/Xcode.app/Contents/Developer/Platforms/iPhoneSimulator.platform/Developer/SDKs/iPhoneSimulator15.2.sdk
    builtin-swiftDriverJobExecution -- /Applications/Xcode.app/Contents/Developer/Toolchains/XcodeDefault.xctoolchain/usr/bin/swift-frontend -frontend -c -filelist /Users/sergejhlystov/Library/Developer/Xcode/DerivedData/ALADDIN-eahryzmutvtbyceygnlyjsmiiaha/Build/Intermediates.noindex/ALADDIN.build/Debug-iphonesimulator/ALADDIN.build/Objects-normal/x86_64/sources-2 -primary-file /Users/sergejhlystov/ALADDIN_NEW/ALADDIN_NEW/mobile_apps/ALADDIN_iOS/Shared/Components/Buttons/PrimaryButton.swift -primary-file /Users/sergejhlystov/ALADDIN_NEW/ALADDIN_NEW/mobile_apps/ALADDIN_iOS/Shared/Components/SecurityFeatureRow.swift -primary-file /Users/sergejhlystov/ALADDIN_NEW/ALADDIN_NEW/mobile_apps/ALADDIN_iOS/Screens/NotificationSettingsScreen.swift -primary-file /Users/sergejhlystov/ALADDIN_NEW/ALADDIN_NEW/mobile_apps/ALADDIN_iOS/Core/Managers/TariffManager.swift -primary-file /Users/sergejhlystov/ALADDIN_NEW/ALADDIN_NEW/mobile_apps/ALADDIN_iOS/Screens/ChildContentScreen.swift -primary-file /Users/sergejhlystov/ALADDIN_NEW/ALADDIN_NEW/mobile_apps/ALADDIN_iOS/Shared/Models/AdditionalFeature.swift -primary-file /Users/sergejhlystov/ALADDIN_NEW/ALADDIN_NEW/mobile_apps/ALADDIN_iOS/Shared/Components/Modals/DarkWebDataInputView.swift -primary-file /Users/sergejhlystov/ALADDIN_NEW/ALADDIN_NEW/mobile_apps/ALADDIN_iOS/Screens/Views/PaymentHelpView.swift -primary-file /Users/sergejhlystov/ALADDIN_NEW/ALADDIN_NEW/mobile_apps/ALADDIN_iOS/Shared/Components/StatItem.swift -primary-file /Users/sergejhlystov/ALADDIN_NEW/ALADDIN_NEW/mobile_apps/ALADDIN_iOS/Shared/Components/Cards/FamilyMemberCard.swift -primary-file /Users/sergejhlystov/ALADDIN_NEW/ALADDIN_NEW/mobile_apps/ALADDIN_iOS/Shared/Components/Cards/AddMoreMemberCard.swift -primary-file /Users/sergejhlystov/ALADDIN_NEW/ALADDIN_NEW/mobile_apps/ALADDIN_iOS/Components/Modals/ChildRewardsSettingsModal.swift -primary-file /Users/sergejhlystov/ALADDIN_NEW/ALADDIN_NEW/mobile_apps/ALADDIN_iOS/Core/Models/APIModels.swift -primary-file /Users/sergejhlystov/ALADDIN_NEW/ALADDIN_NEW/mobile_apps/ALADDIN_iOS/Core/NetworkProtection/NetworkProtectionManager.swift -primary-file /Users/sergejhlystov/ALADDIN_NEW/ALADDIN_NEW/mobile_apps/ALADDIN_iOS/Screens/UnicornPetView.swift -primary-file /Users/sergejhlystov/ALADDIN_NEW/ALADDIN_NEW/mobile_apps/ALADDIN_iOS/Core/Utilities/VisualLogger.swift -primary-file /Users/sergejhlystov/ALADDIN_NEW/ALADDIN_NEW/mobile_apps/ALADDIN_iOS/Core/Network/APIService.swift -primary-file /Users/sergejhlystov/ALADDIN_NEW/ALADDIN_NEW/mobile_apps/ALADDIN_iOS/Core/Antivirus/QuarantineManager.swift -primary-file /Users/sergejhlystov/ALADDIN_NEW/ALADDIN_NEW/mobile_apps/ALADDIN_iOS/ViewModels/NetworkProtectionViewModel.swift -primary-file /Users/sergejhlystov/ALADDIN_NEW/ALADDIN_NEW/mobile_apps/ALADDIN_iOS/Screens/18_PrivacyPolicyScreen.swift -primary-file /Users/sergejhlystov/ALADDIN_NEW/ALADDIN_NEW/mobile_apps/ALADDIN_iOS/Core/Services/ComponentStatusService.swift -primary-file /Users/sergejhlystov/ALADDIN_NEW/ALADDIN_NEW/mobile_apps/ALADDIN_iOS/Screens/10_TariffsScreen.swift -primary-file /Users/sergejhlystov/ALADDIN_NEW/ALADDIN_NEW/mobile_apps/ALADDIN_iOS/ViewModels/IdentityTheftViewModel.swift -primary-file /Users/sergejhlystov/ALADDIN_NEW/ALADDIN_NEW/mobile_apps/ALADDIN_iOS/Screens/09_ElderlyInterfaceScreen.swift -supplementary-output-file-map /Users/sergejhlystov/Library/Developer/Xcode/DerivedData/ALADDIN-eahryzmutvtbyceygnlyjsmiiaha/Build/Intermediates.noindex/ALADDIN.build/Debug-iphonesimulator/ALADDIN.build/Objects-normal/x86_64/supplementaryOutputs-24 -target x86_64-apple-ios15.2-simulator -enable-objc-interop -sdk /Applications/Xcode.app/Contents/Developer/Platforms/iPhoneSimulator.platform/Developer/SDKs/iPhoneSimulator15.2.sdk -I /Users/sergejhlystov/Library/Developer/Xcode/DerivedData/ALADDIN-eahryzmutvtbyceygnlyjsmiiaha/Build/Products/Debug-iphonesimulator -F /Users/sergejhlystov/Library/Developer/Xcode/DerivedData/ALADDIN-eahryzmutvtbyceygnlyjsmiiaha/Build/Products/Debug-iphonesimulator -no-color-diagnostics -enable-testing -g -module-cache-path /Users/sergejhlystov/Library/Developer/Xcode/DerivedData/ModuleCache.noindex -emit-localized-strings -emit-localized-strings-path /Users/sergejhlystov/Library/Developer/Xcode/DerivedData/ALADDIN-eahryzmutvtbyceygnlyjsmiiaha/Build/Intermediates.noindex/ALADDIN.build/Debug-iphonesimulator/ALADDIN.build/Objects-normal/x86_64 -swift-version 5 -enforce-exclusivity\=checked -Onone -D DEBUG -serialize-debugging-options -Xcc -working-directory -Xcc /Users/sergejhlystov/ALADDIN_NEW/ALADDIN_NEW/mobile_apps/ALADDIN_iOS -resource-dir /Applications/Xcode.app/Contents/Developer/Toolchains/XcodeDefault.xctoolchain/usr/lib/swift -enable-anonymous-context-mangled-names -Xcc -I/Users/sergejhlystov/Library/Developer/Xcode/DerivedData/ALADDIN-eahryzmutvtbyceygnlyjsmiiaha/Build/Intermediates.noindex/ALADDIN.build/Debug-iphonesimulator/ALADDIN.build/swift-overrides.hmap -Xcc -iquote -Xcc /Users/sergejhlystov/Library/Developer/Xcode/DerivedData/ALADDIN-eahryzmutvtbyceygnlyjsmiiaha/Build/Intermediates.noindex/ALADDIN.build/Debug-iphonesimulator/ALADDIN.build/ALADDIN-generated-files.hmap -Xcc -I/Users/sergejhlystov/Library/Developer/Xcode/DerivedData/ALADDIN-eahryzmutvtbyceygnlyjsmiiaha/Build/Intermediates.noindex/ALADDIN.build/Debug-iphonesimulator/ALADDIN.build/ALADDIN-own-target-headers.hmap -Xcc -I/Users/sergejhlystov/Library/Developer/Xcode/DerivedData/ALADDIN-eahryzmutvtbyceygnlyjsmiiaha/Build/Intermediates.noindex/ALADDIN.build/Debug-iphonesimulator/ALADDIN.build/ALADDIN-all-target-headers.hmap -Xcc -iquote -Xcc /Users/sergejhlystov/Library/Developer/Xcode/DerivedData/ALADDIN-eahryzmutvtbyceygnlyjsmiiaha/Build/Intermediates.noindex/ALADDIN.build/Debug-iphonesimulator/ALADDIN.build/ALADDIN-project-headers.hmap -Xcc -I/Users/sergejhlystov/Library/Developer/Xcode/DerivedData/ALADDIN-eahryzmutvtbyceygnlyjsmiiaha/Build/Products/Debug-iphonesimulator/include -Xcc -I/Users/sergejhlystov/Library/Developer/Xcode/DerivedData/ALADDIN-eahryzmutvtbyceygnlyjsmiiaha/Build/Intermediates.noindex/ALADDIN.build/Debug-iphonesimulator/ALADDIN.build/DerivedSources-normal/x86_64 -Xcc -I/Users/sergejhlystov/Library/Developer/Xcode/DerivedData/ALADDIN-eahryzmutvtbyceygnlyjsmiiaha/Build/Intermediates.noindex/ALADDIN.build/Debug-iphonesimulator/ALADDIN.build/DerivedSources/x86_64 -Xcc -I/Users/sergejhlystov/Library/Developer/Xcode/DerivedData/ALADDIN-eahryzmutvtbyceygnlyjsmiiaha/Build/Intermediates.noindex/ALADDIN.build/Debug-iphonesimulator/ALADDIN.build/DerivedSources -Xcc -DDEBUG\=1 -module-name ALADDIN -target-sdk-version 15.2.0 -o /Users/sergejhlystov/Library/Developer/Xcode/DerivedData/ALADDIN-eahryzmutvtbyceygnlyjsmiiaha/Build/Intermediates.noindex/ALADDIN.build/Debug-iphonesimulator/ALADDIN.build/Objects-normal/x86_64/PrimaryButton.o -o /Users/sergejhlystov/Library/Developer/Xcode/DerivedData/ALADDIN-eahryzmutvtbyceygnlyjsmiiaha/Build/Intermediates.noindex/ALADDIN.build/Debug-iphonesimulator/ALADDIN.build/Objects-normal/x86_64/SecurityFeatureRow.o -o /Users/sergejhlystov/Library/Developer/Xcode/DerivedData/ALADDIN-eahryzmutvtbyceygnlyjsmiiaha/Build/Intermediates.noindex/ALADDIN.build/Debug-iphonesimulator/ALADDIN.build/Objects-normal/x86_64/NotificationSettingsScreen.o -o /Users/sergejhlystov/Library/Developer/Xcode/DerivedData/ALADDIN-eahryzmutvtbyceygnlyjsmiiaha/Build/Intermediates.noindex/ALADDIN.build/Debug-iphonesimulator/ALADDIN.build/Objects-normal/x86_64/TariffManager.o -o /Users/sergejhlystov/Library/Developer/Xcode/DerivedData/ALADDIN-eahryzmutvtbyceygnlyjsmiiaha/Build/Intermediates.noindex/ALADDIN.build/Debug-iphonesimulator/ALADDIN.build/Objects-normal/x86_64/ChildContentScreen.o -o /Users/sergejhlystov/Library/Developer/Xcode/DerivedData/ALADDIN-eahryzmutvtbyceygnlyjsmiiaha/Build/Intermediates.noindex/ALADDIN.build/Debug-iphonesimulator/ALADDIN.build/Objects-normal/x86_64/AdditionalFeature.o -o /Users/sergejhlystov/Library/Developer/Xcode/DerivedData/ALADDIN-eahryzmutvtbyceygnlyjsmiiaha/Build/Intermediates.noindex/ALADDIN.build/Debug-iphonesimulator/ALADDIN.build/Objects-normal/x86_64/DarkWebDataInputView.o -o /Users/sergejhlystov/Library/Developer/Xcode/DerivedData/ALADDIN-eahryzmutvtbyceygnlyjsmiiaha/Build/Intermediates.noindex/ALADDIN.build/Debug-iphonesimulator/ALADDIN.build/Objects-normal/x86_64/PaymentHelpView.o -o /Users/sergejhlystov/Library/Developer/Xcode/DerivedData/ALADDIN-eahryzmutvtbyceygnlyjsmiiaha/Build/Intermediates.noindex/ALADDIN.build/Debug-iphonesimulator/ALADDIN.build/Objects-normal/x86_64/StatItem.o -o /Users/sergejhlystov/Library/Developer/Xcode/DerivedData/ALADDIN-eahryzmutvtbyceygnlyjsmiiaha/Build/Intermediates.noindex/ALADDIN.build/Debug-iphonesimulator/ALADDIN.build/Objects-normal/x86_64/FamilyMemberCard.o -o /Users/sergejhlystov/Library/Developer/Xcode/DerivedData/ALADDIN-eahryzmutvtbyceygnlyjsmiiaha/Build/Intermediates.noindex/ALADDIN.build/Debug-iphonesimulator/ALADDIN.build/Objects-normal/x86_64/AddMoreMemberCard.o -o /Users/sergejhlystov/Library/Developer/Xcode/DerivedData/ALADDIN-eahryzmutvtbyceygnlyjsmiiaha/Build/Intermediates.noindex/ALADDIN.build/Debug-iphonesimulator/ALADDIN.build/Objects-normal/x86_64/ChildRewardsSettingsModal.o -o /Users/sergejhlystov/Library/Developer/Xcode/DerivedData/ALADDIN-eahryzmutvtbyceygnlyjsmiiaha/Build/Intermediates.noindex/ALADDIN.build/Debug-iphonesimulator/ALADDIN.build/Objects-normal/x86_64/APIModels.o -o /Users/sergejhlystov/Library/Developer/Xcode/DerivedData/ALADDIN-eahryzmutvtbyceygnlyjsmiiaha/Build/Intermediates.noindex/ALADDIN.build/Debug-iphonesimulator/ALADDIN.build/Objects-normal/x86_64/NetworkProtectionManager.o -o /Users/sergejhlystov/Library/Developer/Xcode/DerivedData/ALADDIN-eahryzmutvtbyceygnlyjsmiiaha/Build/Intermediates.noindex/ALADDIN.build/Debug-iphonesimulator/ALADDIN.build/Objects-normal/x86_64/UnicornPetView.o -o /Users/sergejhlystov/Library/Developer/Xcode/DerivedData/ALADDIN-eahryzmutvtbyceygnlyjsmiiaha/Build/Intermediates.noindex/ALADDIN.build/Debug-iphonesimulator/ALADDIN.build/Objects-normal/x86_64/VisualLogger.o -o /Users/sergejhlystov/Library/Developer/Xcode/DerivedData/ALADDIN-eahryzmutvtbyceygnlyjsmiiaha/Build/Intermediates.noindex/ALADDIN.build/Debug-iphonesimulator/ALADDIN.build/Objects-normal/x86_64/APIService.o -o /Users/sergejhlystov/Library/Developer/Xcode/DerivedData/ALADDIN-eahryzmutvtbyceygnlyjsmiiaha/Build/Intermediates.noindex/ALADDIN.build/Debug-iphonesimulator/ALADDIN.build/Objects-normal/x86_64/QuarantineManager.o -o /Users/sergejhlystov/Library/Developer/Xcode/DerivedData/ALADDIN-eahryzmutvtbyceygnlyjsmiiaha/Build/Intermediates.noindex/ALADDIN.build/Debug-iphonesimulator/ALADDIN.build/Objects-normal/x86_64/NetworkProtectionViewModel.o -o /Users/sergejhlystov/Library/Developer/Xcode/DerivedData/ALADDIN-eahryzmutvtbyceygnlyjsmiiaha/Build/Intermediates.noindex/ALADDIN.build/Debug-iphonesimulator/ALADDIN.build/Objects-normal/x86_64/18_PrivacyPolicyScreen.o -o /Users/sergejhlystov/Library/Developer/Xcode/DerivedData/ALADDIN-eahryzmutvtbyceygnlyjsmiiaha/Build/Intermediates.noindex/ALADDIN.build/Debug-iphonesimulator/ALADDIN.build/Objects-normal/x86_64/ComponentStatusService.o -o /Users/sergejhlystov/Library/Developer/Xcode/DerivedData/ALADDIN-eahryzmutvtbyceygnlyjsmiiaha/Build/Intermediates.noindex/ALADDIN.build/Debug-iphonesimulator/ALADDIN.build/Objects-normal/x86_64/10_TariffsScreen.o -o /Users/sergejhlystov/Library/Developer/Xcode/DerivedData/ALADDIN-eahryzmutvtbyceygnlyjsmiiaha/Build/Intermediates.noindex/ALADDIN.build/Debug-iphonesimulator/ALADDIN.build/Objects-normal/x86_64/IdentityTheftViewModel.o -o /Users/sergejhlystov/Library/Developer/Xcode/DerivedData/ALADDIN-eahryzmutvtbyceygnlyjsmiiaha/Build/Intermediates.noindex/ALADDIN.build/Debug-iphonesimulator/ALADDIN.build/Objects-normal/x86_64/09_ElderlyInterfaceScreen.o -index-store-path /Users/sergejhlystov/Library/Developer/Xcode/DerivedData/ALADDIN-eahryzmutvtbyceygnlyjsmiiaha/Index/DataStore -index-system-modules
/Users/sergejhlystov/ALADDIN_NEW/ALADDIN_NEW/mobile_apps/ALADDIN_iOS/Shared/Components/Modals/DarkWebDataInputView.swift:283:11: warning: 'catch' block is unreachable because no errors are thrown in 'do' block
        } catch {
          ^
/Users/sergejhlystov/ALADDIN_NEW/ALADDIN_NEW/mobile_apps/ALADDIN_iOS/Core/Network/APIService.swift:3097:35: warning: immutable value 'response' was never used; consider replacing with '_' or removing it
                case .success(let response):
                              ~~~~^~~~~~~~
                              _
/Users/sergejhlystov/ALADDIN_NEW/ALADDIN_NEW/mobile_apps/ALADDIN_iOS/Core/Network/APIService.swift:2960:21: warning: immutable property will not be decoded because it is declared with an initial value which cannot be overwritten
                let fields: [String]? = ["componentId", "isEnabled", "lastUpdate", "uptime"] // Только нужные поля
/Users/sergejhlystov/ALADDIN_NEW/ALADDIN_NEW/mobile_apps/ALADDIN_iOS/Core/Network/APIService.swift:2960:21: note: set the initial value via the initializer or explicitly define a CodingKeys enum including a 'fields' case to silence this warning
                let fields: [String]? = ["componentId", "isEnabled", "lastUpdate", "uptime"] // Только нужные поля
/Users/sergejhlystov/ALADDIN_NEW/ALADDIN_NEW/mobile_apps/ALADDIN_iOS/Core/Network/APIService.swift:2960:21: note: make the property mutable instead
                let fields: [String]? = ["componentId", "isEnabled", "lastUpdate", "uptime"] // Только нужные поля
/Users/sergejhlystov/ALADDIN_NEW/ALADDIN_NEW/mobile_apps/ALADDIN_iOS/Core/Antivirus/QuarantineManager.swift:327:13: warning: 'CC_MD5' was deprecated in iOS 13.0: This function is cryptographically broken and should not be used in security contexts. Clients should migrate to SHA256 (or stronger).
            CC_MD5(bytes.baseAddress, CC_LONG(data.count), &digest)
            ^
/Users/sergejhlystov/ALADDIN_NEW/ALADDIN_NEW/mobile_apps/ALADDIN_iOS/Core/Antivirus/QuarantineManager.swift:326:14: warning: result of call to 'withUnsafeBytes' is unused
        data.withUnsafeBytes { bytes in
             ^               ~~~~~~~~~~

SwiftDriverJob-Compile normal x86_64 Compiling\ ComponentSettingsModal.swift,\ ProfileImageManager.swift,\ RewardModels.swift,\ ChildRewardsViewModel.swift,\ AntivirusManager.swift,\ MockAPIService.swift,\ ProtectionSettingsManager.swift,\ ThreatProtectionSettingsScreen.swift,\ ProtectionCategoryRow.swift,\ ProtectionGroup.swift,\ IoTSecurityModule.swift,\ ProtectionGroupSection.swift,\ LocalThreatDatabase.swift,\ RoadsideAssistanceView.swift,\ ALADDINToggle.swift,\ EmergencyContactsView.swift,\ ComponentTariffManager.swift,\ EmptyStateView.swift,\ RateLimiter.swift,\ TypingIndicatorView.swift,\ PerformanceMonitor.swift,\ JWTTokenManager.swift,\ ThreatItemRow.swift /Users/sergejhlystov/ALADDIN_NEW/ALADDIN_NEW/mobile_apps/ALADDIN_iOS/Shared/Components/Modals/ComponentSettingsModal.swift /Users/sergejhlystov/ALADDIN_NEW/ALADDIN_NEW/mobile_apps/ALADDIN_iOS/Core/Storage/ProfileImageManager.swift /Users/sergejhlystov/ALADDIN_NEW/ALADDIN_NEW/mobile_apps/ALADDIN_iOS/Shared/Models/RewardModels.swift /Users/sergejhlystov/ALADDIN_NEW/ALADDIN_NEW/mobile_apps/ALADDIN_iOS/ViewModels/ChildRewardsViewModel.swift /Users/sergejhlystov/ALADDIN_NEW/ALADDIN_NEW/mobile_apps/ALADDIN_iOS/Core/Antivirus/AntivirusManager.swift /Users/sergejhlystov/ALADDIN_NEW/ALADDIN_NEW/mobile_apps/ALADDIN_iOS/Core/Network/MockAPIService.swift /Users/sergejhlystov/ALADDIN_NEW/ALADDIN_NEW/mobile_apps/ALADDIN_iOS/Core/Managers/ProtectionSettingsManager.swift /Users/sergejhlystov/ALADDIN_NEW/ALADDIN_NEW/mobile_apps/ALADDIN_iOS/Screens/ThreatProtectionSettingsScreen.swift /Users/sergejhlystov/ALADDIN_NEW/ALADDIN_NEW/mobile_apps/ALADDIN_iOS/Components/ProtectionCategoryRow.swift /Users/sergejhlystov/ALADDIN_NEW/ALADDIN_NEW/mobile_apps/ALADDIN_iOS/Shared/Models/ProtectionGroup.swift /Users/sergejhlystov/ALADDIN_NEW/ALADDIN_NEW/mobile_apps/ALADDIN_iOS/Core/IoT/IoTSecurityModule.swift /Users/sergejhlystov/ALADDIN_NEW/ALADDIN_NEW/mobile_apps/ALADDIN_iOS/Components/ProtectionGroupSection.swift /Users/sergejhlystov/ALADDIN_NEW/ALADDIN_NEW/mobile_apps/ALADDIN_iOS/Core/Antivirus/LocalThreatDatabase.swift /Users/sergejhlystov/ALADDIN_NEW/ALADDIN_NEW/mobile_apps/ALADDIN_iOS/Screens/RoadsideAssistanceView.swift /Users/sergejhlystov/ALADDIN_NEW/ALADDIN_NEW/mobile_apps/ALADDIN_iOS/Shared/Components/Inputs/ALADDINToggle.swift /Users/sergejhlystov/ALADDIN_NEW/ALADDIN_NEW/mobile_apps/ALADDIN_iOS/Screens/Views/EmergencyContactsView.swift /Users/sergejhlystov/ALADDIN_NEW/ALADDIN_NEW/mobile_apps/ALADDIN_iOS/Core/Managers/ComponentTariffManager.swift /Users/sergejhlystov/ALADDIN_NEW/ALADDIN_NEW/mobile_apps/ALADDIN_iOS/Shared/Components/EmptyStateView.swift /Users/sergejhlystov/ALADDIN_NEW/ALADDIN_NEW/mobile_apps/ALADDIN_iOS/Core/Network/RateLimiter.swift /Users/sergejhlystov/ALADDIN_NEW/ALADDIN_NEW/mobile_apps/ALADDIN_iOS/Shared/Components/Chat/TypingIndicatorView.swift /Users/sergejhlystov/ALADDIN_NEW/ALADDIN_NEW/mobile_apps/ALADDIN_iOS/Core/Monitoring/PerformanceMonitor.swift /Users/sergejhlystov/ALADDIN_NEW/ALADDIN_NEW/mobile_apps/ALADDIN_iOS/Core/Security/JWTTokenManager.swift /Users/sergejhlystov/ALADDIN_NEW/ALADDIN_NEW/mobile_apps/ALADDIN_iOS/Components/ThreatItemRow.swift (in target 'ALADDIN' from project 'ALADDIN')
    cd /Users/sergejhlystov/ALADDIN_NEW/ALADDIN_NEW/mobile_apps/ALADDIN_iOS
    export DEVELOPER_DIR\=/Applications/Xcode.app/Contents/Developer
    export SDKROOT\=/Applications/Xcode.app/Contents/Developer/Platforms/iPhoneSimulator.platform/Developer/SDKs/iPhoneSimulator15.2.sdk
    builtin-swiftDriverJobExecution -- /Applications/Xcode.app/Contents/Developer/Toolchains/XcodeDefault.xctoolchain/usr/bin/swift-frontend -frontend -c -filelist /Users/sergejhlystov/Library/Developer/Xcode/DerivedData/ALADDIN-eahryzmutvtbyceygnlyjsmiiaha/Build/Intermediates.noindex/ALADDIN.build/Debug-iphonesimulator/ALADDIN.build/Objects-normal/x86_64/sources-2 -primary-file /Users/sergejhlystov/ALADDIN_NEW/ALADDIN_NEW/mobile_apps/ALADDIN_iOS/Shared/Components/Modals/ComponentSettingsModal.swift -primary-file /Users/sergejhlystov/ALADDIN_NEW/ALADDIN_NEW/mobile_apps/ALADDIN_iOS/Core/Storage/ProfileImageManager.swift -primary-file /Users/sergejhlystov/ALADDIN_NEW/ALADDIN_NEW/mobile_apps/ALADDIN_iOS/Shared/Models/RewardModels.swift -primary-file /Users/sergejhlystov/ALADDIN_NEW/ALADDIN_NEW/mobile_apps/ALADDIN_iOS/ViewModels/ChildRewardsViewModel.swift -primary-file /Users/sergejhlystov/ALADDIN_NEW/ALADDIN_NEW/mobile_apps/ALADDIN_iOS/Core/Antivirus/AntivirusManager.swift -primary-file /Users/sergejhlystov/ALADDIN_NEW/ALADDIN_NEW/mobile_apps/ALADDIN_iOS/Core/Network/MockAPIService.swift -primary-file /Users/sergejhlystov/ALADDIN_NEW/ALADDIN_NEW/mobile_apps/ALADDIN_iOS/Core/Managers/ProtectionSettingsManager.swift -primary-file /Users/sergejhlystov/ALADDIN_NEW/ALADDIN_NEW/mobile_apps/ALADDIN_iOS/Screens/ThreatProtectionSettingsScreen.swift -primary-file /Users/sergejhlystov/ALADDIN_NEW/ALADDIN_NEW/mobile_apps/ALADDIN_iOS/Components/ProtectionCategoryRow.swift -primary-file /Users/sergejhlystov/ALADDIN_NEW/ALADDIN_NEW/mobile_apps/ALADDIN_iOS/Shared/Models/ProtectionGroup.swift -primary-file /Users/sergejhlystov/ALADDIN_NEW/ALADDIN_NEW/mobile_apps/ALADDIN_iOS/Core/IoT/IoTSecurityModule.swift -primary-file /Users/sergejhlystov/ALADDIN_NEW/ALADDIN_NEW/mobile_apps/ALADDIN_iOS/Components/ProtectionGroupSection.swift -primary-file /Users/sergejhlystov/ALADDIN_NEW/ALADDIN_NEW/mobile_apps/ALADDIN_iOS/Core/Antivirus/LocalThreatDatabase.swift -primary-file /Users/sergejhlystov/ALADDIN_NEW/ALADDIN_NEW/mobile_apps/ALADDIN_iOS/Screens/RoadsideAssistanceView.swift -primary-file /Users/sergejhlystov/ALADDIN_NEW/ALADDIN_NEW/mobile_apps/ALADDIN_iOS/Shared/Components/Inputs/ALADDINToggle.swift -primary-file /Users/sergejhlystov/ALADDIN_NEW/ALADDIN_NEW/mobile_apps/ALADDIN_iOS/Screens/Views/EmergencyContactsView.swift -primary-file /Users/sergejhlystov/ALADDIN_NEW/ALADDIN_NEW/mobile_apps/ALADDIN_iOS/Core/Managers/ComponentTariffManager.swift -primary-file /Users/sergejhlystov/ALADDIN_NEW/ALADDIN_NEW/mobile_apps/ALADDIN_iOS/Shared/Components/EmptyStateView.swift -primary-file /Users/sergejhlystov/ALADDIN_NEW/ALADDIN_NEW/mobile_apps/ALADDIN_iOS/Core/Network/RateLimiter.swift -primary-file /Users/sergejhlystov/ALADDIN_NEW/ALADDIN_NEW/mobile_apps/ALADDIN_iOS/Shared/Components/Chat/TypingIndicatorView.swift -primary-file /Users/sergejhlystov/ALADDIN_NEW/ALADDIN_NEW/mobile_apps/ALADDIN_iOS/Core/Monitoring/PerformanceMonitor.swift -primary-file /Users/sergejhlystov/ALADDIN_NEW/ALADDIN_NEW/mobile_apps/ALADDIN_iOS/Core/Security/JWTTokenManager.swift -primary-file /Users/sergejhlystov/ALADDIN_NEW/ALADDIN_NEW/mobile_apps/ALADDIN_iOS/Components/ThreatItemRow.swift -supplementary-output-file-map /Users/sergejhlystov/Library/Developer/Xcode/DerivedData/ALADDIN-eahryzmutvtbyceygnlyjsmiiaha/Build/Intermediates.noindex/ALADDIN.build/Debug-iphonesimulator/ALADDIN.build/Objects-normal/x86_64/supplementaryOutputs-33 -target x86_64-apple-ios15.2-simulator -enable-objc-interop -sdk /Applications/Xcode.app/Contents/Developer/Platforms/iPhoneSimulator.platform/Developer/SDKs/iPhoneSimulator15.2.sdk -I /Users/sergejhlystov/Library/Developer/Xcode/DerivedData/ALADDIN-eahryzmutvtbyceygnlyjsmiiaha/Build/Products/Debug-iphonesimulator -F /Users/sergejhlystov/Library/Developer/Xcode/DerivedData/ALADDIN-eahryzmutvtbyceygnlyjsmiiaha/Build/Products/Debug-iphonesimulator -no-color-diagnostics -enable-testing -g -module-cache-path /Users/sergejhlystov/Library/Developer/Xcode/DerivedData/ModuleCache.noindex -emit-localized-strings -emit-localized-strings-path /Users/sergejhlystov/Library/Developer/Xcode/DerivedData/ALADDIN-eahryzmutvtbyceygnlyjsmiiaha/Build/Intermediates.noindex/ALADDIN.build/Debug-iphonesimulator/ALADDIN.build/Objects-normal/x86_64 -swift-version 5 -enforce-exclusivity\=checked -Onone -D DEBUG -serialize-debugging-options -Xcc -working-directory -Xcc /Users/sergejhlystov/ALADDIN_NEW/ALADDIN_NEW/mobile_apps/ALADDIN_iOS -resource-dir /Applications/Xcode.app/Contents/Developer/Toolchains/XcodeDefault.xctoolchain/usr/lib/swift -enable-anonymous-context-mangled-names -Xcc -I/Users/sergejhlystov/Library/Developer/Xcode/DerivedData/ALADDIN-eahryzmutvtbyceygnlyjsmiiaha/Build/Intermediates.noindex/ALADDIN.build/Debug-iphonesimulator/ALADDIN.build/swift-overrides.hmap -Xcc -iquote -Xcc /Users/sergejhlystov/Library/Developer/Xcode/DerivedData/ALADDIN-eahryzmutvtbyceygnlyjsmiiaha/Build/Intermediates.noindex/ALADDIN.build/Debug-iphonesimulator/ALADDIN.build/ALADDIN-generated-files.hmap -Xcc -I/Users/sergejhlystov/Library/Developer/Xcode/DerivedData/ALADDIN-eahryzmutvtbyceygnlyjsmiiaha/Build/Intermediates.noindex/ALADDIN.build/Debug-iphonesimulator/ALADDIN.build/ALADDIN-own-target-headers.hmap -Xcc -I/Users/sergejhlystov/Library/Developer/Xcode/DerivedData/ALADDIN-eahryzmutvtbyceygnlyjsmiiaha/Build/Intermediates.noindex/ALADDIN.build/Debug-iphonesimulator/ALADDIN.build/ALADDIN-all-target-headers.hmap -Xcc -iquote -Xcc /Users/sergejhlystov/Library/Developer/Xcode/DerivedData/ALADDIN-eahryzmutvtbyceygnlyjsmiiaha/Build/Intermediates.noindex/ALADDIN.build/Debug-iphonesimulator/ALADDIN.build/ALADDIN-project-headers.hmap -Xcc -I/Users/sergejhlystov/Library/Developer/Xcode/DerivedData/ALADDIN-eahryzmutvtbyceygnlyjsmiiaha/Build/Products/Debug-iphonesimulator/include -Xcc -I/Users/sergejhlystov/Library/Developer/Xcode/DerivedData/ALADDIN-eahryzmutvtbyceygnlyjsmiiaha/Build/Intermediates.noindex/ALADDIN.build/Debug-iphonesimulator/ALADDIN.build/DerivedSources-normal/x86_64 -Xcc -I/Users/sergejhlystov/Library/Developer/Xcode/DerivedData/ALADDIN-eahryzmutvtbyceygnlyjsmiiaha/Build/Intermediates.noindex/ALADDIN.build/Debug-iphonesimulator/ALADDIN.build/DerivedSources/x86_64 -Xcc -I/Users/sergejhlystov/Library/Developer/Xcode/DerivedData/ALADDIN-eahryzmutvtbyceygnlyjsmiiaha/Build/Intermediates.noindex/ALADDIN.build/Debug-iphonesimulator/ALADDIN.build/DerivedSources -Xcc -DDEBUG\=1 -module-name ALADDIN -target-sdk-version 15.2.0 -o /Users/sergejhlystov/Library/Developer/Xcode/DerivedData/ALADDIN-eahryzmutvtbyceygnlyjsmiiaha/Build/Intermediates.noindex/ALADDIN.build/Debug-iphonesimulator/ALADDIN.build/Objects-normal/x86_64/ComponentSettingsModal.o -o /Users/sergejhlystov/Library/Developer/Xcode/DerivedData/ALADDIN-eahryzmutvtbyceygnlyjsmiiaha/Build/Intermediates.noindex/ALADDIN.build/Debug-iphonesimulator/ALADDIN.build/Objects-normal/x86_64/ProfileImageManager.o -o /Users/sergejhlystov/Library/Developer/Xcode/DerivedData/ALADDIN-eahryzmutvtbyceygnlyjsmiiaha/Build/Intermediates.noindex/ALADDIN.build/Debug-iphonesimulator/ALADDIN.build/Objects-normal/x86_64/RewardModels.o -o /Users/sergejhlystov/Library/Developer/Xcode/DerivedData/ALADDIN-eahryzmutvtbyceygnlyjsmiiaha/Build/Intermediates.noindex/ALADDIN.build/Debug-iphonesimulator/ALADDIN.build/Objects-normal/x86_64/ChildRewardsViewModel.o -o /Users/sergejhlystov/Library/Developer/Xcode/DerivedData/ALADDIN-eahryzmutvtbyceygnlyjsmiiaha/Build/Intermediates.noindex/ALADDIN.build/Debug-iphonesimulator/ALADDIN.build/Objects-normal/x86_64/AntivirusManager.o -o /Users/sergejhlystov/Library/Developer/Xcode/DerivedData/ALADDIN-eahryzmutvtbyceygnlyjsmiiaha/Build/Intermediates.noindex/ALADDIN.build/Debug-iphonesimulator/ALADDIN.build/Objects-normal/x86_64/MockAPIService.o -o /Users/sergejhlystov/Library/Developer/Xcode/DerivedData/ALADDIN-eahryzmutvtbyceygnlyjsmiiaha/Build/Intermediates.noindex/ALADDIN.build/Debug-iphonesimulator/ALADDIN.build/Objects-normal/x86_64/ProtectionSettingsManager.o -o /Users/sergejhlystov/Library/Developer/Xcode/DerivedData/ALADDIN-eahryzmutvtbyceygnlyjsmiiaha/Build/Intermediates.noindex/ALADDIN.build/Debug-iphonesimulator/ALADDIN.build/Objects-normal/x86_64/ThreatProtectionSettingsScreen.o -o /Users/sergejhlystov/Library/Developer/Xcode/DerivedData/ALADDIN-eahryzmutvtbyceygnlyjsmiiaha/Build/Intermediates.noindex/ALADDIN.build/Debug-iphonesimulator/ALADDIN.build/Objects-normal/x86_64/ProtectionCategoryRow.o -o /Users/sergejhlystov/Library/Developer/Xcode/DerivedData/ALADDIN-eahryzmutvtbyceygnlyjsmiiaha/Build/Intermediates.noindex/ALADDIN.build/Debug-iphonesimulator/ALADDIN.build/Objects-normal/x86_64/ProtectionGroup.o -o /Users/sergejhlystov/Library/Developer/Xcode/DerivedData/ALADDIN-eahryzmutvtbyceygnlyjsmiiaha/Build/Intermediates.noindex/ALADDIN.build/Debug-iphonesimulator/ALADDIN.build/Objects-normal/x86_64/IoTSecurityModule.o -o /Users/sergejhlystov/Library/Developer/Xcode/DerivedData/ALADDIN-eahryzmutvtbyceygnlyjsmiiaha/Build/Intermediates.noindex/ALADDIN.build/Debug-iphonesimulator/ALADDIN.build/Objects-normal/x86_64/ProtectionGroupSection.o -o /Users/sergejhlystov/Library/Developer/Xcode/DerivedData/ALADDIN-eahryzmutvtbyceygnlyjsmiiaha/Build/Intermediates.noindex/ALADDIN.build/Debug-iphonesimulator/ALADDIN.build/Objects-normal/x86_64/LocalThreatDatabase.o -o /Users/sergejhlystov/Library/Developer/Xcode/DerivedData/ALADDIN-eahryzmutvtbyceygnlyjsmiiaha/Build/Intermediates.noindex/ALADDIN.build/Debug-iphonesimulator/ALADDIN.build/Objects-normal/x86_64/RoadsideAssistanceView.o -o /Users/sergejhlystov/Library/Developer/Xcode/DerivedData/ALADDIN-eahryzmutvtbyceygnlyjsmiiaha/Build/Intermediates.noindex/ALADDIN.build/Debug-iphonesimulator/ALADDIN.build/Objects-normal/x86_64/ALADDINToggle.o -o /Users/sergejhlystov/Library/Developer/Xcode/DerivedData/ALADDIN-eahryzmutvtbyceygnlyjsmiiaha/Build/Intermediates.noindex/ALADDIN.build/Debug-iphonesimulator/ALADDIN.build/Objects-normal/x86_64/EmergencyContactsView.o -o /Users/sergejhlystov/Library/Developer/Xcode/DerivedData/ALADDIN-eahryzmutvtbyceygnlyjsmiiaha/Build/Intermediates.noindex/ALADDIN.build/Debug-iphonesimulator/ALADDIN.build/Objects-normal/x86_64/ComponentTariffManager.o -o /Users/sergejhlystov/Library/Developer/Xcode/DerivedData/ALADDIN-eahryzmutvtbyceygnlyjsmiiaha/Build/Intermediates.noindex/ALADDIN.build/Debug-iphonesimulator/ALADDIN.build/Objects-normal/x86_64/EmptyStateView.o -o /Users/sergejhlystov/Library/Developer/Xcode/DerivedData/ALADDIN-eahryzmutvtbyceygnlyjsmiiaha/Build/Intermediates.noindex/ALADDIN.build/Debug-iphonesimulator/ALADDIN.build/Objects-normal/x86_64/RateLimiter.o -o /Users/sergejhlystov/Library/Developer/Xcode/DerivedData/ALADDIN-eahryzmutvtbyceygnlyjsmiiaha/Build/Intermediates.noindex/ALADDIN.build/Debug-iphonesimulator/ALADDIN.build/Objects-normal/x86_64/TypingIndicatorView.o -o /Users/sergejhlystov/Library/Developer/Xcode/DerivedData/ALADDIN-eahryzmutvtbyceygnlyjsmiiaha/Build/Intermediates.noindex/ALADDIN.build/Debug-iphonesimulator/ALADDIN.build/Objects-normal/x86_64/PerformanceMonitor.o -o /Users/sergejhlystov/Library/Developer/Xcode/DerivedData/ALADDIN-eahryzmutvtbyceygnlyjsmiiaha/Build/Intermediates.noindex/ALADDIN.build/Debug-iphonesimulator/ALADDIN.build/Objects-normal/x86_64/JWTTokenManager.o -o /Users/sergejhlystov/Library/Developer/Xcode/DerivedData/ALADDIN-eahryzmutvtbyceygnlyjsmiiaha/Build/Intermediates.noindex/ALADDIN.build/Debug-iphonesimulator/ALADDIN.build/Objects-normal/x86_64/ThreatItemRow.o -index-store-path /Users/sergejhlystov/Library/Developer/Xcode/DerivedData/ALADDIN-eahryzmutvtbyceygnlyjsmiiaha/Index/DataStore -index-system-modules

SwiftDriverJob-Compile normal x86_64 Compiling\ DrivingReportsViewModel.swift,\ LogSanitizer.swift,\ 08_ChildInterfaceScreen.swift,\ ContentView.swift,\ AppDelegate.swift,\ UserSelectorView.swift,\ VoiceControlView.swift,\ AgeGroupSelectionModal.swift,\ ActivationCodeViewModel.swift,\ SubscriptionMonitor.swift,\ MobileSecuritySettingsModal.swift,\ IdentityTheftModal.swift,\ PrivacyReportsViewModel.swift,\ TariffCardView.swift,\ ALADDINApp.swift,\ ContentBlockerManager.swift,\ PrivacyReportsModal.swift,\ FunctionStatus.swift,\ 26_ActivationCodeScreen.swift,\ MainViewModel.swift,\ TariffCardSections.swift,\ PositioningSystemPickerView.swift,\ FamilyContentBlockModal.swift,\ NetworkSecuritySettingsModal.swift /Users/sergejhlystov/ALADDIN_NEW/ALADDIN_NEW/mobile_apps/ALADDIN_iOS/ViewModels/DrivingReportsViewModel.swift /Users/sergejhlystov/ALADDIN_NEW/ALADDIN_NEW/mobile_apps/ALADDIN_iOS/Core/Utilities/LogSanitizer.swift /Users/sergejhlystov/ALADDIN_NEW/ALADDIN_NEW/mobile_apps/ALADDIN_iOS/Screens/08_ChildInterfaceScreen.swift /Users/sergejhlystov/ALADDIN_NEW/ALADDIN_NEW/mobile_apps/ALADDIN_iOS/ContentView.swift /Users/sergejhlystov/ALADDIN_NEW/ALADDIN_NEW/mobile_apps/ALADDIN_iOS/AppDelegate.swift /Users/sergejhlystov/ALADDIN_NEW/ALADDIN_NEW/mobile_apps/ALADDIN_iOS/Shared/Components/UserSelectorView.swift /Users/sergejhlystov/ALADDIN_NEW/ALADDIN_NEW/mobile_apps/ALADDIN_iOS/Screens/Views/VoiceControlView.swift /Users/sergejhlystov/ALADDIN_NEW/ALADDIN_NEW/mobile_apps/ALADDIN_iOS/Components/Modals/AgeGroupSelectionModal.swift /Users/sergejhlystov/ALADDIN_NEW/ALADDIN_NEW/mobile_apps/ALADDIN_iOS/ViewModels/ActivationCodeViewModel.swift /Users/sergejhlystov/ALADDIN_NEW/ALADDIN_NEW/mobile_apps/ALADDIN_iOS/Core/Services/SubscriptionMonitor.swift /Users/sergejhlystov/ALADDIN_NEW/ALADDIN_NEW/mobile_apps/ALADDIN_iOS/Shared/Components/Modals/MobileSecuritySettingsModal.swift /Users/sergejhlystov/ALADDIN_NEW/ALADDIN_NEW/mobile_apps/ALADDIN_iOS/Shared/Components/Modals/IdentityTheftModal.swift /Users/sergejhlystov/ALADDIN_NEW/ALADDIN_NEW/mobile_apps/ALADDIN_iOS/ViewModels/PrivacyReportsViewModel.swift /Users/sergejhlystov/ALADDIN_NEW/ALADDIN_NEW/mobile_apps/ALADDIN_iOS/Components/TariffCardView.swift /Users/sergejhlystov/ALADDIN_NEW/ALADDIN_NEW/mobile_apps/ALADDIN_iOS/ALADDINApp.swift /Users/sergejhlystov/ALADDIN_NEW/ALADDIN_NEW/mobile_apps/ALADDIN_iOS/Core/ContentBlocker/ContentBlockerManager.swift /Users/sergejhlystov/ALADDIN_NEW/ALADDIN_NEW/mobile_apps/ALADDIN_iOS/Shared/Components/Modals/PrivacyReportsModal.swift /Users/sergejhlystov/ALADDIN_NEW/ALADDIN_NEW/mobile_apps/ALADDIN_iOS/Shared/Models/FunctionStatus.swift /Users/sergejhlystov/ALADDIN_NEW/ALADDIN_NEW/mobile_apps/ALADDIN_iOS/Screens/26_ActivationCodeScreen.swift /Users/sergejhlystov/ALADDIN_NEW/ALADDIN_NEW/mobile_apps/ALADDIN_iOS/ViewModels/MainViewModel.swift /Users/sergejhlystov/ALADDIN_NEW/ALADDIN_NEW/mobile_apps/ALADDIN_iOS/Components/TariffCardSections.swift /Users/sergejhlystov/ALADDIN_NEW/ALADDIN_NEW/mobile_apps/ALADDIN_iOS/Shared/Components/PositioningSystemPickerView.swift /Users/sergejhlystov/ALADDIN_NEW/ALADDIN_NEW/mobile_apps/ALADDIN_iOS/Components/Modals/FamilyContentBlockModal.swift /Users/sergejhlystov/ALADDIN_NEW/ALADDIN_NEW/mobile_apps/ALADDIN_iOS/Shared/Components/Modals/NetworkSecuritySettingsModal.swift (in target 'ALADDIN' from project 'ALADDIN')
    cd /Users/sergejhlystov/ALADDIN_NEW/ALADDIN_NEW/mobile_apps/ALADDIN_iOS
    export DEVELOPER_DIR\=/Applications/Xcode.app/Contents/Developer
    export SDKROOT\=/Applications/Xcode.app/Contents/Developer/Platforms/iPhoneSimulator.platform/Developer/SDKs/iPhoneSimulator15.2.sdk
    builtin-swiftDriverJobExecution -- /Applications/Xcode.app/Contents/Developer/Toolchains/XcodeDefault.xctoolchain/usr/bin/swift-frontend -frontend -c -filelist /Users/sergejhlystov/Library/Developer/Xcode/DerivedData/ALADDIN-eahryzmutvtbyceygnlyjsmiiaha/Build/Intermediates.noindex/ALADDIN.build/Debug-iphonesimulator/ALADDIN.build/Objects-normal/x86_64/sources-2 -primary-file /Users/sergejhlystov/ALADDIN_NEW/ALADDIN_NEW/mobile_apps/ALADDIN_iOS/ViewModels/DrivingReportsViewModel.swift -primary-file /Users/sergejhlystov/ALADDIN_NEW/ALADDIN_NEW/mobile_apps/ALADDIN_iOS/Core/Utilities/LogSanitizer.swift -primary-file /Users/sergejhlystov/ALADDIN_NEW/ALADDIN_NEW/mobile_apps/ALADDIN_iOS/Screens/08_ChildInterfaceScreen.swift -primary-file /Users/sergejhlystov/ALADDIN_NEW/ALADDIN_NEW/mobile_apps/ALADDIN_iOS/ContentView.swift -primary-file /Users/sergejhlystov/ALADDIN_NEW/ALADDIN_NEW/mobile_apps/ALADDIN_iOS/AppDelegate.swift -primary-file /Users/sergejhlystov/ALADDIN_NEW/ALADDIN_NEW/mobile_apps/ALADDIN_iOS/Shared/Components/UserSelectorView.swift -primary-file /Users/sergejhlystov/ALADDIN_NEW/ALADDIN_NEW/mobile_apps/ALADDIN_iOS/Screens/Views/VoiceControlView.swift -primary-file /Users/sergejhlystov/ALADDIN_NEW/ALADDIN_NEW/mobile_apps/ALADDIN_iOS/Components/Modals/AgeGroupSelectionModal.swift -primary-file /Users/sergejhlystov/ALADDIN_NEW/ALADDIN_NEW/mobile_apps/ALADDIN_iOS/ViewModels/ActivationCodeViewModel.swift -primary-file /Users/sergejhlystov/ALADDIN_NEW/ALADDIN_NEW/mobile_apps/ALADDIN_iOS/Core/Services/SubscriptionMonitor.swift -primary-file /Users/sergejhlystov/ALADDIN_NEW/ALADDIN_NEW/mobile_apps/ALADDIN_iOS/Shared/Components/Modals/MobileSecuritySettingsModal.swift -primary-file /Users/sergejhlystov/ALADDIN_NEW/ALADDIN_NEW/mobile_apps/ALADDIN_iOS/Shared/Components/Modals/IdentityTheftModal.swift -primary-file /Users/sergejhlystov/ALADDIN_NEW/ALADDIN_NEW/mobile_apps/ALADDIN_iOS/ViewModels/PrivacyReportsViewModel.swift -primary-file /Users/sergejhlystov/ALADDIN_NEW/ALADDIN_NEW/mobile_apps/ALADDIN_iOS/Components/TariffCardView.swift -primary-file /Users/sergejhlystov/ALADDIN_NEW/ALADDIN_NEW/mobile_apps/ALADDIN_iOS/ALADDINApp.swift -primary-file /Users/sergejhlystov/ALADDIN_NEW/ALADDIN_NEW/mobile_apps/ALADDIN_iOS/Core/ContentBlocker/ContentBlockerManager.swift -primary-file /Users/sergejhlystov/ALADDIN_NEW/ALADDIN_NEW/mobile_apps/ALADDIN_iOS/Shared/Components/Modals/PrivacyReportsModal.swift -primary-file /Users/sergejhlystov/ALADDIN_NEW/ALADDIN_NEW/mobile_apps/ALADDIN_iOS/Shared/Models/FunctionStatus.swift -primary-file /Users/sergejhlystov/ALADDIN_NEW/ALADDIN_NEW/mobile_apps/ALADDIN_iOS/Screens/26_ActivationCodeScreen.swift -primary-file /Users/sergejhlystov/ALADDIN_NEW/ALADDIN_NEW/mobile_apps/ALADDIN_iOS/ViewModels/MainViewModel.swift -primary-file /Users/sergejhlystov/ALADDIN_NEW/ALADDIN_NEW/mobile_apps/ALADDIN_iOS/Components/TariffCardSections.swift -primary-file /Users/sergejhlystov/ALADDIN_NEW/ALADDIN_NEW/mobile_apps/ALADDIN_iOS/Shared/Components/PositioningSystemPickerView.swift -primary-file /Users/sergejhlystov/ALADDIN_NEW/ALADDIN_NEW/mobile_apps/ALADDIN_iOS/Components/Modals/FamilyContentBlockModal.swift -primary-file /Users/sergejhlystov/ALADDIN_NEW/ALADDIN_NEW/mobile_apps/ALADDIN_iOS/Shared/Components/Modals/NetworkSecuritySettingsModal.swift -supplementary-output-file-map /Users/sergejhlystov/Library/Developer/Xcode/DerivedData/ALADDIN-eahryzmutvtbyceygnlyjsmiiaha/Build/Intermediates.noindex/ALADDIN.build/Debug-iphonesimulator/ALADDIN.build/Objects-normal/x86_64/supplementaryOutputs-23 -target x86_64-apple-ios15.2-simulator -enable-objc-interop -sdk /Applications/Xcode.app/Contents/Developer/Platforms/iPhoneSimulator.platform/Developer/SDKs/iPhoneSimulator15.2.sdk -I /Users/sergejhlystov/Library/Developer/Xcode/DerivedData/ALADDIN-eahryzmutvtbyceygnlyjsmiiaha/Build/Products/Debug-iphonesimulator -F /Users/sergejhlystov/Library/Developer/Xcode/DerivedData/ALADDIN-eahryzmutvtbyceygnlyjsmiiaha/Build/Products/Debug-iphonesimulator -no-color-diagnostics -enable-testing -g -module-cache-path /Users/sergejhlystov/Library/Developer/Xcode/DerivedData/ModuleCache.noindex -emit-localized-strings -emit-localized-strings-path /Users/sergejhlystov/Library/Developer/Xcode/DerivedData/ALADDIN-eahryzmutvtbyceygnlyjsmiiaha/Build/Intermediates.noindex/ALADDIN.build/Debug-iphonesimulator/ALADDIN.build/Objects-normal/x86_64 -swift-version 5 -enforce-exclusivity\=checked -Onone -D DEBUG -serialize-debugging-options -Xcc -working-directory -Xcc /Users/sergejhlystov/ALADDIN_NEW/ALADDIN_NEW/mobile_apps/ALADDIN_iOS -resource-dir /Applications/Xcode.app/Contents/Developer/Toolchains/XcodeDefault.xctoolchain/usr/lib/swift -enable-anonymous-context-mangled-names -Xcc -I/Users/sergejhlystov/Library/Developer/Xcode/DerivedData/ALADDIN-eahryzmutvtbyceygnlyjsmiiaha/Build/Intermediates.noindex/ALADDIN.build/Debug-iphonesimulator/ALADDIN.build/swift-overrides.hmap -Xcc -iquote -Xcc /Users/sergejhlystov/Library/Developer/Xcode/DerivedData/ALADDIN-eahryzmutvtbyceygnlyjsmiiaha/Build/Intermediates.noindex/ALADDIN.build/Debug-iphonesimulator/ALADDIN.build/ALADDIN-generated-files.hmap -Xcc -I/Users/sergejhlystov/Library/Developer/Xcode/DerivedData/ALADDIN-eahryzmutvtbyceygnlyjsmiiaha/Build/Intermediates.noindex/ALADDIN.build/Debug-iphonesimulator/ALADDIN.build/ALADDIN-own-target-headers.hmap -Xcc -I/Users/sergejhlystov/Library/Developer/Xcode/DerivedData/ALADDIN-eahryzmutvtbyceygnlyjsmiiaha/Build/Intermediates.noindex/ALADDIN.build/Debug-iphonesimulator/ALADDIN.build/ALADDIN-all-target-headers.hmap -Xcc -iquote -Xcc /Users/sergejhlystov/Library/Developer/Xcode/DerivedData/ALADDIN-eahryzmutvtbyceygnlyjsmiiaha/Build/Intermediates.noindex/ALADDIN.build/Debug-iphonesimulator/ALADDIN.build/ALADDIN-project-headers.hmap -Xcc -I/Users/sergejhlystov/Library/Developer/Xcode/DerivedData/ALADDIN-eahryzmutvtbyceygnlyjsmiiaha/Build/Products/Debug-iphonesimulator/include -Xcc -I/Users/sergejhlystov/Library/Developer/Xcode/DerivedData/ALADDIN-eahryzmutvtbyceygnlyjsmiiaha/Build/Intermediates.noindex/ALADDIN.build/Debug-iphonesimulator/ALADDIN.build/DerivedSources-normal/x86_64 -Xcc -I/Users/sergejhlystov/Library/Developer/Xcode/DerivedData/ALADDIN-eahryzmutvtbyceygnlyjsmiiaha/Build/Intermediates.noindex/ALADDIN.build/Debug-iphonesimulator/ALADDIN.build/DerivedSources/x86_64 -Xcc -I/Users/sergejhlystov/Library/Developer/Xcode/DerivedData/ALADDIN-eahryzmutvtbyceygnlyjsmiiaha/Build/Intermediates.noindex/ALADDIN.build/Debug-iphonesimulator/ALADDIN.build/DerivedSources -Xcc -DDEBUG\=1 -module-name ALADDIN -target-sdk-version 15.2.0 -o /Users/sergejhlystov/Library/Developer/Xcode/DerivedData/ALADDIN-eahryzmutvtbyceygnlyjsmiiaha/Build/Intermediates.noindex/ALADDIN.build/Debug-iphonesimulator/ALADDIN.build/Objects-normal/x86_64/DrivingReportsViewModel.o -o /Users/sergejhlystov/Library/Developer/Xcode/DerivedData/ALADDIN-eahryzmutvtbyceygnlyjsmiiaha/Build/Intermediates.noindex/ALADDIN.build/Debug-iphonesimulator/ALADDIN.build/Objects-normal/x86_64/LogSanitizer.o -o /Users/sergejhlystov/Library/Developer/Xcode/DerivedData/ALADDIN-eahryzmutvtbyceygnlyjsmiiaha/Build/Intermediates.noindex/ALADDIN.build/Debug-iphonesimulator/ALADDIN.build/Objects-normal/x86_64/08_ChildInterfaceScreen.o -o /Users/sergejhlystov/Library/Developer/Xcode/DerivedData/ALADDIN-eahryzmutvtbyceygnlyjsmiiaha/Build/Intermediates.noindex/ALADDIN.build/Debug-iphonesimulator/ALADDIN.build/Objects-normal/x86_64/ContentView.o -o /Users/sergejhlystov/Library/Developer/Xcode/DerivedData/ALADDIN-eahryzmutvtbyceygnlyjsmiiaha/Build/Intermediates.noindex/ALADDIN.build/Debug-iphonesimulator/ALADDIN.build/Objects-normal/x86_64/AppDelegate.o -o /Users/sergejhlystov/Library/Developer/Xcode/DerivedData/ALADDIN-eahryzmutvtbyceygnlyjsmiiaha/Build/Intermediates.noindex/ALADDIN.build/Debug-iphonesimulator/ALADDIN.build/Objects-normal/x86_64/UserSelectorView.o -o /Users/sergejhlystov/Library/Developer/Xcode/DerivedData/ALADDIN-eahryzmutvtbyceygnlyjsmiiaha/Build/Intermediates.noindex/ALADDIN.build/Debug-iphonesimulator/ALADDIN.build/Objects-normal/x86_64/VoiceControlView.o -o /Users/sergejhlystov/Library/Developer/Xcode/DerivedData/ALADDIN-eahryzmutvtbyceygnlyjsmiiaha/Build/Intermediates.noindex/ALADDIN.build/Debug-iphonesimulator/ALADDIN.build/Objects-normal/x86_64/AgeGroupSelectionModal.o -o /Users/sergejhlystov/Library/Developer/Xcode/DerivedData/ALADDIN-eahryzmutvtbyceygnlyjsmiiaha/Build/Intermediates.noindex/ALADDIN.build/Debug-iphonesimulator/ALADDIN.build/Objects-normal/x86_64/ActivationCodeViewModel.o -o /Users/sergejhlystov/Library/Developer/Xcode/DerivedData/ALADDIN-eahryzmutvtbyceygnlyjsmiiaha/Build/Intermediates.noindex/ALADDIN.build/Debug-iphonesimulator/ALADDIN.build/Objects-normal/x86_64/SubscriptionMonitor.o -o /Users/sergejhlystov/Library/Developer/Xcode/DerivedData/ALADDIN-eahryzmutvtbyceygnlyjsmiiaha/Build/Intermediates.noindex/ALADDIN.build/Debug-iphonesimulator/ALADDIN.build/Objects-normal/x86_64/MobileSecuritySettingsModal.o -o /Users/sergejhlystov/Library/Developer/Xcode/DerivedData/ALADDIN-eahryzmutvtbyceygnlyjsmiiaha/Build/Intermediates.noindex/ALADDIN.build/Debug-iphonesimulator/ALADDIN.build/Objects-normal/x86_64/IdentityTheftModal.o -o /Users/sergejhlystov/Library/Developer/Xcode/DerivedData/ALADDIN-eahryzmutvtbyceygnlyjsmiiaha/Build/Intermediates.noindex/ALADDIN.build/Debug-iphonesimulator/ALADDIN.build/Objects-normal/x86_64/PrivacyReportsViewModel.o -o /Users/sergejhlystov/Library/Developer/Xcode/DerivedData/ALADDIN-eahryzmutvtbyceygnlyjsmiiaha/Build/Intermediates.noindex/ALADDIN.build/Debug-iphonesimulator/ALADDIN.build/Objects-normal/x86_64/TariffCardView.o -o /Users/sergejhlystov/Library/Developer/Xcode/DerivedData/ALADDIN-eahryzmutvtbyceygnlyjsmiiaha/Build/Intermediates.noindex/ALADDIN.build/Debug-iphonesimulator/ALADDIN.build/Objects-normal/x86_64/ALADDINApp.o -o /Users/sergejhlystov/Library/Developer/Xcode/DerivedData/ALADDIN-eahryzmutvtbyceygnlyjsmiiaha/Build/Intermediates.noindex/ALADDIN.build/Debug-iphonesimulator/ALADDIN.build/Objects-normal/x86_64/ContentBlockerManager.o -o /Users/sergejhlystov/Library/Developer/Xcode/DerivedData/ALADDIN-eahryzmutvtbyceygnlyjsmiiaha/Build/Intermediates.noindex/ALADDIN.build/Debug-iphonesimulator/ALADDIN.build/Objects-normal/x86_64/PrivacyReportsModal.o -o /Users/sergejhlystov/Library/Developer/Xcode/DerivedData/ALADDIN-eahryzmutvtbyceygnlyjsmiiaha/Build/Intermediates.noindex/ALADDIN.build/Debug-iphonesimulator/ALADDIN.build/Objects-normal/x86_64/FunctionStatus.o -o /Users/sergejhlystov/Library/Developer/Xcode/DerivedData/ALADDIN-eahryzmutvtbyceygnlyjsmiiaha/Build/Intermediates.noindex/ALADDIN.build/Debug-iphonesimulator/ALADDIN.build/Objects-normal/x86_64/26_ActivationCodeScreen.o -o /Users/sergejhlystov/Library/Developer/Xcode/DerivedData/ALADDIN-eahryzmutvtbyceygnlyjsmiiaha/Build/Intermediates.noindex/ALADDIN.build/Debug-iphonesimulator/ALADDIN.build/Objects-normal/x86_64/MainViewModel.o -o /Users/sergejhlystov/Library/Developer/Xcode/DerivedData/ALADDIN-eahryzmutvtbyceygnlyjsmiiaha/Build/Intermediates.noindex/ALADDIN.build/Debug-iphonesimulator/ALADDIN.build/Objects-normal/x86_64/TariffCardSections.o -o /Users/sergejhlystov/Library/Developer/Xcode/DerivedData/ALADDIN-eahryzmutvtbyceygnlyjsmiiaha/Build/Intermediates.noindex/ALADDIN.build/Debug-iphonesimulator/ALADDIN.build/Objects-normal/x86_64/PositioningSystemPickerView.o -o /Users/sergejhlystov/Library/Developer/Xcode/DerivedData/ALADDIN-eahryzmutvtbyceygnlyjsmiiaha/Build/Intermediates.noindex/ALADDIN.build/Debug-iphonesimulator/ALADDIN.build/Objects-normal/x86_64/FamilyContentBlockModal.o -o /Users/sergejhlystov/Library/Developer/Xcode/DerivedData/ALADDIN-eahryzmutvtbyceygnlyjsmiiaha/Build/Intermediates.noindex/ALADDIN.build/Debug-iphonesimulator/ALADDIN.build/Objects-normal/x86_64/NetworkSecuritySettingsModal.o -index-store-path /Users/sergejhlystov/Library/Developer/Xcode/DerivedData/ALADDIN-eahryzmutvtbyceygnlyjsmiiaha/Index/DataStore -index-system-modules
/Users/sergejhlystov/ALADDIN_NEW/ALADDIN_NEW/mobile_apps/ALADDIN_iOS/ViewModels/DrivingReportsViewModel.swift:60:24: warning: value 'token' was defined but never used; consider replacing with boolean test
                if let token = await TokenManager.shared.waitForTokenLoad(maxWaitTime: 0.5) {
                   ~~~~^~~~~~~~
                   (                                                                       ) != nil
/Users/sergejhlystov/ALADDIN_NEW/ALADDIN_NEW/mobile_apps/ALADDIN_iOS/Core/Services/SubscriptionMonitor.swift:175:11: warning: 'catch' block is unreachable because no errors are thrown in 'do' block
        } catch {
          ^
/Users/sergejhlystov/ALADDIN_NEW/ALADDIN_NEW/mobile_apps/ALADDIN_iOS/ALADDINApp.swift:303:21: warning: initialization of immutable value 'loginPassword' was never used; consider replacing with assignment to '_' or removing it
                let loginPassword = password ?? savedPassword!
                ~~~~^~~~~~~~~~~~~
                _

SwiftDriverJob-Compile normal x86_64 Compiling\ FamilyProtectorView.swift,\ TokenManager.swift,\ Fonts.swift,\ GamesParentalControlView.swift,\ QRScannerModal.swift,\ 04_AnalyticsScreen.swift,\ TariffFeaturesGallery.swift,\ ContentBlockerRule.swift,\ 24_NetworkProtectionEnergyStatsScreen.swift,\ ComponentAnalyticsModels.swift,\ EmergencyNotificationsView.swift,\ PaymentRecoveryView.swift,\ ProfileEditView.swift,\ ComponentToggleCard.swift,\ TariffsViewModel.swift,\ NotificationManager.swift,\ ProtectionSettings.swift,\ RemoteNotificationsService.swift,\ IntegrationTestViewModel.swift,\ GeofenceModels.swift,\ ComponentConfiguration.swift,\ SecurityManager.swift,\ TokenValidator.swift /Users/sergejhlystov/ALADDIN_NEW/ALADDIN_NEW/mobile_apps/ALADDIN_iOS/Screens/FamilyProtectorView.swift /Users/sergejhlystov/ALADDIN_NEW/ALADDIN_NEW/mobile_apps/ALADDIN_iOS/Core/Managers/TokenManager.swift /Users/sergejhlystov/ALADDIN_NEW/ALADDIN_NEW/mobile_apps/ALADDIN_iOS/Shared/Styles/Fonts.swift /Users/sergejhlystov/ALADDIN_NEW/ALADDIN_NEW/mobile_apps/ALADDIN_iOS/Screens/GamesParentalControlView.swift /Users/sergejhlystov/ALADDIN_NEW/ALADDIN_NEW/mobile_apps/ALADDIN_iOS/Shared/Components/QRScannerModal.swift /Users/sergejhlystov/ALADDIN_NEW/ALADDIN_NEW/mobile_apps/ALADDIN_iOS/Screens/04_AnalyticsScreen.swift /Users/sergejhlystov/ALADDIN_NEW/ALADDIN_NEW/mobile_apps/ALADDIN_iOS/Components/TariffFeaturesGallery.swift /Users/sergejhlystov/ALADDIN_NEW/ALADDIN_NEW/mobile_apps/ALADDIN_iOS/Core/ContentBlocker/ContentBlockerRule.swift /Users/sergejhlystov/ALADDIN_NEW/ALADDIN_NEW/mobile_apps/ALADDIN_iOS/Screens/24_NetworkProtectionEnergyStatsScreen.swift /Users/sergejhlystov/ALADDIN_NEW/ALADDIN_NEW/mobile_apps/ALADDIN_iOS/Core/Analytics/ComponentAnalyticsModels.swift /Users/sergejhlystov/ALADDIN_NEW/ALADDIN_NEW/mobile_apps/ALADDIN_iOS/Screens/Views/EmergencyNotificationsView.swift /Users/sergejhlystov/ALADDIN_NEW/ALADDIN_NEW/mobile_apps/ALADDIN_iOS/Screens/Views/PaymentRecoveryView.swift /Users/sergejhlystov/ALADDIN_NEW/ALADDIN_NEW/mobile_apps/ALADDIN_iOS/Shared/Components/Modals/ProfileEditView.swift /Users/sergejhlystov/ALADDIN_NEW/ALADDIN_NEW/mobile_apps/ALADDIN_iOS/Shared/Components/ComponentToggleCard.swift /Users/sergejhlystov/ALADDIN_NEW/ALADDIN_NEW/mobile_apps/ALADDIN_iOS/ViewModels/TariffsViewModel.swift /Users/sergejhlystov/ALADDIN_NEW/ALADDIN_NEW/mobile_apps/ALADDIN_iOS/Core/Notifications/NotificationManager.swift /Users/sergejhlystov/ALADDIN_NEW/ALADDIN_NEW/mobile_apps/ALADDIN_iOS/Shared/Models/ProtectionSettings.swift /Users/sergejhlystov/ALADDIN_NEW/ALADDIN_NEW/mobile_apps/ALADDIN_iOS/Core/Notifications/RemoteNotificationsService.swift /Users/sergejhlystov/ALADDIN_NEW/ALADDIN_NEW/mobile_apps/ALADDIN_iOS/IntegrationTestViewModel.swift /Users/sergejhlystov/ALADDIN_NEW/ALADDIN_NEW/mobile_apps/ALADDIN_iOS/Core/Models/GeofenceModels.swift /Users/sergejhlystov/ALADDIN_NEW/ALADDIN_NEW/mobile_apps/ALADDIN_iOS/Core/Models/ComponentConfiguration.swift /Users/sergejhlystov/ALADDIN_NEW/ALADDIN_NEW/mobile_apps/ALADDIN_iOS/Core/Security/SecurityManager.swift /Users/sergejhlystov/ALADDIN_NEW/ALADDIN_NEW/mobile_apps/ALADDIN_iOS/Core/Managers/TokenValidator.swift (in target 'ALADDIN' from project 'ALADDIN')
    cd /Users/sergejhlystov/ALADDIN_NEW/ALADDIN_NEW/mobile_apps/ALADDIN_iOS
    export DEVELOPER_DIR\=/Applications/Xcode.app/Contents/Developer
    export SDKROOT\=/Applications/Xcode.app/Contents/Developer/Platforms/iPhoneSimulator.platform/Developer/SDKs/iPhoneSimulator15.2.sdk
    builtin-swiftDriverJobExecution -- /Applications/Xcode.app/Contents/Developer/Toolchains/XcodeDefault.xctoolchain/usr/bin/swift-frontend -frontend -c -filelist /Users/sergejhlystov/Library/Developer/Xcode/DerivedData/ALADDIN-eahryzmutvtbyceygnlyjsmiiaha/Build/Intermediates.noindex/ALADDIN.build/Debug-iphonesimulator/ALADDIN.build/Objects-normal/x86_64/sources-2 -primary-file /Users/sergejhlystov/ALADDIN_NEW/ALADDIN_NEW/mobile_apps/ALADDIN_iOS/Screens/FamilyProtectorView.swift -primary-file /Users/sergejhlystov/ALADDIN_NEW/ALADDIN_NEW/mobile_apps/ALADDIN_iOS/Core/Managers/TokenManager.swift -primary-file /Users/sergejhlystov/ALADDIN_NEW/ALADDIN_NEW/mobile_apps/ALADDIN_iOS/Shared/Styles/Fonts.swift -primary-file /Users/sergejhlystov/ALADDIN_NEW/ALADDIN_NEW/mobile_apps/ALADDIN_iOS/Screens/GamesParentalControlView.swift -primary-file /Users/sergejhlystov/ALADDIN_NEW/ALADDIN_NEW/mobile_apps/ALADDIN_iOS/Shared/Components/QRScannerModal.swift -primary-file /Users/sergejhlystov/ALADDIN_NEW/ALADDIN_NEW/mobile_apps/ALADDIN_iOS/Screens/04_AnalyticsScreen.swift -primary-file /Users/sergejhlystov/ALADDIN_NEW/ALADDIN_NEW/mobile_apps/ALADDIN_iOS/Components/TariffFeaturesGallery.swift -primary-file /Users/sergejhlystov/ALADDIN_NEW/ALADDIN_NEW/mobile_apps/ALADDIN_iOS/Core/ContentBlocker/ContentBlockerRule.swift -primary-file /Users/sergejhlystov/ALADDIN_NEW/ALADDIN_NEW/mobile_apps/ALADDIN_iOS/Screens/24_NetworkProtectionEnergyStatsScreen.swift -primary-file /Users/sergejhlystov/ALADDIN_NEW/ALADDIN_NEW/mobile_apps/ALADDIN_iOS/Core/Analytics/ComponentAnalyticsModels.swift -primary-file /Users/sergejhlystov/ALADDIN_NEW/ALADDIN_NEW/mobile_apps/ALADDIN_iOS/Screens/Views/EmergencyNotificationsView.swift -primary-file /Users/sergejhlystov/ALADDIN_NEW/ALADDIN_NEW/mobile_apps/ALADDIN_iOS/Screens/Views/PaymentRecoveryView.swift -primary-file /Users/sergejhlystov/ALADDIN_NEW/ALADDIN_NEW/mobile_apps/ALADDIN_iOS/Shared/Components/Modals/ProfileEditView.swift -primary-file /Users/sergejhlystov/ALADDIN_NEW/ALADDIN_NEW/mobile_apps/ALADDIN_iOS/Shared/Components/ComponentToggleCard.swift -primary-file /Users/sergejhlystov/ALADDIN_NEW/ALADDIN_NEW/mobile_apps/ALADDIN_iOS/ViewModels/TariffsViewModel.swift -primary-file /Users/sergejhlystov/ALADDIN_NEW/ALADDIN_NEW/mobile_apps/ALADDIN_iOS/Core/Notifications/NotificationManager.swift -primary-file /Users/sergejhlystov/ALADDIN_NEW/ALADDIN_NEW/mobile_apps/ALADDIN_iOS/Shared/Models/ProtectionSettings.swift -primary-file /Users/sergejhlystov/ALADDIN_NEW/ALADDIN_NEW/mobile_apps/ALADDIN_iOS/Core/Notifications/RemoteNotificationsService.swift -primary-file /Users/sergejhlystov/ALADDIN_NEW/ALADDIN_NEW/mobile_apps/ALADDIN_iOS/IntegrationTestViewModel.swift -primary-file /Users/sergejhlystov/ALADDIN_NEW/ALADDIN_NEW/mobile_apps/ALADDIN_iOS/Core/Models/GeofenceModels.swift -primary-file /Users/sergejhlystov/ALADDIN_NEW/ALADDIN_NEW/mobile_apps/ALADDIN_iOS/Core/Models/ComponentConfiguration.swift -primary-file /Users/sergejhlystov/ALADDIN_NEW/ALADDIN_NEW/mobile_apps/ALADDIN_iOS/Core/Security/SecurityManager.swift -primary-file /Users/sergejhlystov/ALADDIN_NEW/ALADDIN_NEW/mobile_apps/ALADDIN_iOS/Core/Managers/TokenValidator.swift -supplementary-output-file-map /Users/sergejhlystov/Library/Developer/Xcode/DerivedData/ALADDIN-eahryzmutvtbyceygnlyjsmiiaha/Build/Intermediates.noindex/ALADDIN.build/Debug-iphonesimulator/ALADDIN.build/Objects-normal/x86_64/supplementaryOutputs-31 -target x86_64-apple-ios15.2-simulator -enable-objc-interop -sdk /Applications/Xcode.app/Contents/Developer/Platforms/iPhoneSimulator.platform/Developer/SDKs/iPhoneSimulator15.2.sdk -I /Users/sergejhlystov/Library/Developer/Xcode/DerivedData/ALADDIN-eahryzmutvtbyceygnlyjsmiiaha/Build/Products/Debug-iphonesimulator -F /Users/sergejhlystov/Library/Developer/Xcode/DerivedData/ALADDIN-eahryzmutvtbyceygnlyjsmiiaha/Build/Products/Debug-iphonesimulator -no-color-diagnostics -enable-testing -g -module-cache-path /Users/sergejhlystov/Library/Developer/Xcode/DerivedData/ModuleCache.noindex -emit-localized-strings -emit-localized-strings-path /Users/sergejhlystov/Library/Developer/Xcode/DerivedData/ALADDIN-eahryzmutvtbyceygnlyjsmiiaha/Build/Intermediates.noindex/ALADDIN.build/Debug-iphonesimulator/ALADDIN.build/Objects-normal/x86_64 -swift-version 5 -enforce-exclusivity\=checked -Onone -D DEBUG -serialize-debugging-options -Xcc -working-directory -Xcc /Users/sergejhlystov/ALADDIN_NEW/ALADDIN_NEW/mobile_apps/ALADDIN_iOS -resource-dir /Applications/Xcode.app/Contents/Developer/Toolchains/XcodeDefault.xctoolchain/usr/lib/swift -enable-anonymous-context-mangled-names -Xcc -I/Users/sergejhlystov/Library/Developer/Xcode/DerivedData/ALADDIN-eahryzmutvtbyceygnlyjsmiiaha/Build/Intermediates.noindex/ALADDIN.build/Debug-iphonesimulator/ALADDIN.build/swift-overrides.hmap -Xcc -iquote -Xcc /Users/sergejhlystov/Library/Developer/Xcode/DerivedData/ALADDIN-eahryzmutvtbyceygnlyjsmiiaha/Build/Intermediates.noindex/ALADDIN.build/Debug-iphonesimulator/ALADDIN.build/ALADDIN-generated-files.hmap -Xcc -I/Users/sergejhlystov/Library/Developer/Xcode/DerivedData/ALADDIN-eahryzmutvtbyceygnlyjsmiiaha/Build/Intermediates.noindex/ALADDIN.build/Debug-iphonesimulator/ALADDIN.build/ALADDIN-own-target-headers.hmap -Xcc -I/Users/sergejhlystov/Library/Developer/Xcode/DerivedData/ALADDIN-eahryzmutvtbyceygnlyjsmiiaha/Build/Intermediates.noindex/ALADDIN.build/Debug-iphonesimulator/ALADDIN.build/ALADDIN-all-target-headers.hmap -Xcc -iquote -Xcc /Users/sergejhlystov/Library/Developer/Xcode/DerivedData/ALADDIN-eahryzmutvtbyceygnlyjsmiiaha/Build/Intermediates.noindex/ALADDIN.build/Debug-iphonesimulator/ALADDIN.build/ALADDIN-project-headers.hmap -Xcc -I/Users/sergejhlystov/Library/Developer/Xcode/DerivedData/ALADDIN-eahryzmutvtbyceygnlyjsmiiaha/Build/Products/Debug-iphonesimulator/include -Xcc -I/Users/sergejhlystov/Library/Developer/Xcode/DerivedData/ALADDIN-eahryzmutvtbyceygnlyjsmiiaha/Build/Intermediates.noindex/ALADDIN.build/Debug-iphonesimulator/ALADDIN.build/DerivedSources-normal/x86_64 -Xcc -I/Users/sergejhlystov/Library/Developer/Xcode/DerivedData/ALADDIN-eahryzmutvtbyceygnlyjsmiiaha/Build/Intermediates.noindex/ALADDIN.build/Debug-iphonesimulator/ALADDIN.build/DerivedSources/x86_64 -Xcc -I/Users/sergejhlystov/Library/Developer/Xcode/DerivedData/ALADDIN-eahryzmutvtbyceygnlyjsmiiaha/Build/Intermediates.noindex/ALADDIN.build/Debug-iphonesimulator/ALADDIN.build/DerivedSources -Xcc -DDEBUG\=1 -module-name ALADDIN -target-sdk-version 15.2.0 -o /Users/sergejhlystov/Library/Developer/Xcode/DerivedData/ALADDIN-eahryzmutvtbyceygnlyjsmiiaha/Build/Intermediates.noindex/ALADDIN.build/Debug-iphonesimulator/ALADDIN.build/Objects-normal/x86_64/FamilyProtectorView.o -o /Users/sergejhlystov/Library/Developer/Xcode/DerivedData/ALADDIN-eahryzmutvtbyceygnlyjsmiiaha/Build/Intermediates.noindex/ALADDIN.build/Debug-iphonesimulator/ALADDIN.build/Objects-normal/x86_64/TokenManager.o -o /Users/sergejhlystov/Library/Developer/Xcode/DerivedData/ALADDIN-eahryzmutvtbyceygnlyjsmiiaha/Build/Intermediates.noindex/ALADDIN.build/Debug-iphonesimulator/ALADDIN.build/Objects-normal/x86_64/Fonts.o -o /Users/sergejhlystov/Library/Developer/Xcode/DerivedData/ALADDIN-eahryzmutvtbyceygnlyjsmiiaha/Build/Intermediates.noindex/ALADDIN.build/Debug-iphonesimulator/ALADDIN.build/Objects-normal/x86_64/GamesParentalControlView.o -o /Users/sergejhlystov/Library/Developer/Xcode/DerivedData/ALADDIN-eahryzmutvtbyceygnlyjsmiiaha/Build/Intermediates.noindex/ALADDIN.build/Debug-iphonesimulator/ALADDIN.build/Objects-normal/x86_64/QRScannerModal.o -o /Users/sergejhlystov/Library/Developer/Xcode/DerivedData/ALADDIN-eahryzmutvtbyceygnlyjsmiiaha/Build/Intermediates.noindex/ALADDIN.build/Debug-iphonesimulator/ALADDIN.build/Objects-normal/x86_64/04_AnalyticsScreen.o -o /Users/sergejhlystov/Library/Developer/Xcode/DerivedData/ALADDIN-eahryzmutvtbyceygnlyjsmiiaha/Build/Intermediates.noindex/ALADDIN.build/Debug-iphonesimulator/ALADDIN.build/Objects-normal/x86_64/TariffFeaturesGallery.o -o /Users/sergejhlystov/Library/Developer/Xcode/DerivedData/ALADDIN-eahryzmutvtbyceygnlyjsmiiaha/Build/Intermediates.noindex/ALADDIN.build/Debug-iphonesimulator/ALADDIN.build/Objects-normal/x86_64/ContentBlockerRule.o -o /Users/sergejhlystov/Library/Developer/Xcode/DerivedData/ALADDIN-eahryzmutvtbyceygnlyjsmiiaha/Build/Intermediates.noindex/ALADDIN.build/Debug-iphonesimulator/ALADDIN.build/Objects-normal/x86_64/24_NetworkProtectionEnergyStatsScreen.o -o /Users/sergejhlystov/Library/Developer/Xcode/DerivedData/ALADDIN-eahryzmutvtbyceygnlyjsmiiaha/Build/Intermediates.noindex/ALADDIN.build/Debug-iphonesimulator/ALADDIN.build/Objects-normal/x86_64/ComponentAnalyticsModels.o -o /Users/sergejhlystov/Library/Developer/Xcode/DerivedData/ALADDIN-eahryzmutvtbyceygnlyjsmiiaha/Build/Intermediates.noindex/ALADDIN.build/Debug-iphonesimulator/ALADDIN.build/Objects-normal/x86_64/EmergencyNotificationsView.o -o /Users/sergejhlystov/Library/Developer/Xcode/DerivedData/ALADDIN-eahryzmutvtbyceygnlyjsmiiaha/Build/Intermediates.noindex/ALADDIN.build/Debug-iphonesimulator/ALADDIN.build/Objects-normal/x86_64/PaymentRecoveryView.o -o /Users/sergejhlystov/Library/Developer/Xcode/DerivedData/ALADDIN-eahryzmutvtbyceygnlyjsmiiaha/Build/Intermediates.noindex/ALADDIN.build/Debug-iphonesimulator/ALADDIN.build/Objects-normal/x86_64/ProfileEditView.o -o /Users/sergejhlystov/Library/Developer/Xcode/DerivedData/ALADDIN-eahryzmutvtbyceygnlyjsmiiaha/Build/Intermediates.noindex/ALADDIN.build/Debug-iphonesimulator/ALADDIN.build/Objects-normal/x86_64/ComponentToggleCard.o -o /Users/sergejhlystov/Library/Developer/Xcode/DerivedData/ALADDIN-eahryzmutvtbyceygnlyjsmiiaha/Build/Intermediates.noindex/ALADDIN.build/Debug-iphonesimulator/ALADDIN.build/Objects-normal/x86_64/TariffsViewModel.o -o /Users/sergejhlystov/Library/Developer/Xcode/DerivedData/ALADDIN-eahryzmutvtbyceygnlyjsmiiaha/Build/Intermediates.noindex/ALADDIN.build/Debug-iphonesimulator/ALADDIN.build/Objects-normal/x86_64/NotificationManager.o -o /Users/sergejhlystov/Library/Developer/Xcode/DerivedData/ALADDIN-eahryzmutvtbyceygnlyjsmiiaha/Build/Intermediates.noindex/ALADDIN.build/Debug-iphonesimulator/ALADDIN.build/Objects-normal/x86_64/ProtectionSettings.o -o /Users/sergejhlystov/Library/Developer/Xcode/DerivedData/ALADDIN-eahryzmutvtbyceygnlyjsmiiaha/Build/Intermediates.noindex/ALADDIN.build/Debug-iphonesimulator/ALADDIN.build/Objects-normal/x86_64/RemoteNotificationsService.o -o /Users/sergejhlystov/Library/Developer/Xcode/DerivedData/ALADDIN-eahryzmutvtbyceygnlyjsmiiaha/Build/Intermediates.noindex/ALADDIN.build/Debug-iphonesimulator/ALADDIN.build/Objects-normal/x86_64/IntegrationTestViewModel.o -o /Users/sergejhlystov/Library/Developer/Xcode/DerivedData/ALADDIN-eahryzmutvtbyceygnlyjsmiiaha/Build/Intermediates.noindex/ALADDIN.build/Debug-iphonesimulator/ALADDIN.build/Objects-normal/x86_64/GeofenceModels.o -o /Users/sergejhlystov/Library/Developer/Xcode/DerivedData/ALADDIN-eahryzmutvtbyceygnlyjsmiiaha/Build/Intermediates.noindex/ALADDIN.build/Debug-iphonesimulator/ALADDIN.build/Objects-normal/x86_64/ComponentConfiguration.o -o /Users/sergejhlystov/Library/Developer/Xcode/DerivedData/ALADDIN-eahryzmutvtbyceygnlyjsmiiaha/Build/Intermediates.noindex/ALADDIN.build/Debug-iphonesimulator/ALADDIN.build/Objects-normal/x86_64/SecurityManager.o -o /Users/sergejhlystov/Library/Developer/Xcode/DerivedData/ALADDIN-eahryzmutvtbyceygnlyjsmiiaha/Build/Intermediates.noindex/ALADDIN.build/Debug-iphonesimulator/ALADDIN.build/Objects-normal/x86_64/TokenValidator.o -index-store-path /Users/sergejhlystov/Library/Developer/Xcode/DerivedData/ALADDIN-eahryzmutvtbyceygnlyjsmiiaha/Index/DataStore -index-system-modules
/Users/sergejhlystov/ALADDIN_NEW/ALADDIN_NEW/mobile_apps/ALADDIN_iOS/Screens/04_AnalyticsScreen.swift:173:81: warning: left side of nil coalescing operator '??' has non-optional type 'String', so the right side is never used
                Text(localizationManager.localized("analytics_data_source_api") ?? "Реальные данные")
/Users/sergejhlystov/ALADDIN_NEW/ALADDIN_NEW/mobile_apps/ALADDIN_iOS/Screens/04_AnalyticsScreen.swift:179:83: warning: left side of nil coalescing operator '??' has non-optional type 'String', so the right side is never used
                Text(localizationManager.localized("analytics_data_source_cache") ?? "Данные из кэша")
/Users/sergejhlystov/ALADDIN_NEW/ALADDIN_NEW/mobile_apps/ALADDIN_iOS/Screens/04_AnalyticsScreen.swift:185:83: warning: left side of nil coalescing operator '??' has non-optional type 'String', so the right side is never used
                Text(localizationManager.localized("analytics_data_source_empty") ?? "Нет данных")
/Users/sergejhlystov/ALADDIN_NEW/ALADDIN_NEW/mobile_apps/ALADDIN_iOS/Screens/04_AnalyticsScreen.swift:191:83: warning: left side of nil coalescing operator '??' has non-optional type 'String', so the right side is never used
                Text(localizationManager.localized("analytics_data_source_error") ?? "Ошибка загрузки")
/Users/sergejhlystov/ALADDIN_NEW/ALADDIN_NEW/mobile_apps/ALADDIN_iOS/Screens/04_AnalyticsScreen.swift:253:80: warning: left side of nil coalescing operator '??' has non-optional type 'String', so the right side is never used
                    Text(localizationManager.localized("analytics_no_threats") ?? "Нет данных об угрозах")
/Users/sergejhlystov/ALADDIN_NEW/ALADDIN_NEW/mobile_apps/ALADDIN_iOS/ViewModels/TariffsViewModel.swift:192:21: warning: initialization of immutable value 'localizationManager' was never used; consider replacing with assignment to '_' or removing it
                let localizationManager = LocalizationManager.shared
                ~~~~^~~~~~~~~~~~~~~~~~~
                _
/Users/sergejhlystov/ALADDIN_NEW/ALADDIN_NEW/mobile_apps/ALADDIN_iOS/ViewModels/TariffsViewModel.swift:637:11: warning: 'catch' block is unreachable because no errors are thrown in 'do' block
        } catch {
          ^

SwiftDriverJob-Compile normal x86_64 Compiling\ 12_NotificationsScreen.swift,\ InputSanitizer.swift,\ VoiceMessageBubble.swift,\ ElderlyInterfaceViewModel.swift,\ AnalyticsViewModel.swift,\ CacheManager.swift,\ FamilyTournamentView.swift,\ SharedDataManager.swift,\ ProtectionFeature.swift,\ ProtectionLevelHistory.swift,\ ComponentReportsModels.swift,\ VoiceMessagePlayer.swift,\ ComponentAnalytics.swift,\ DarkWebScanExplanationView.swift,\ JWTErrorRecovery.swift,\ JWTEventLogger.swift,\ NotificationsViewModel.swift,\ APITestAnalyzer.swift,\ JWTCircuitBreaker.swift,\ 06_AIAssistantScreen.swift,\ AICategoriesModal.swift,\ MalwareDetectionSettingsModal.swift,\ RewardsQuickModal.swift /Users/sergejhlystov/ALADDIN_NEW/ALADDIN_NEW/mobile_apps/ALADDIN_iOS/Screens/12_NotificationsScreen.swift /Users/sergejhlystov/ALADDIN_NEW/ALADDIN_NEW/mobile_apps/ALADDIN_iOS/Core/Validation/InputSanitizer.swift /Users/sergejhlystov/ALADDIN_NEW/ALADDIN_NEW/mobile_apps/ALADDIN_iOS/Shared/Components/Chat/VoiceMessageBubble.swift /Users/sergejhlystov/ALADDIN_NEW/ALADDIN_NEW/mobile_apps/ALADDIN_iOS/ViewModels/ElderlyInterfaceViewModel.swift /Users/sergejhlystov/ALADDIN_NEW/ALADDIN_NEW/mobile_apps/ALADDIN_iOS/ViewModels/AnalyticsViewModel.swift /Users/sergejhlystov/ALADDIN_NEW/ALADDIN_NEW/mobile_apps/ALADDIN_iOS/Core/Cache/CacheManager.swift /Users/sergejhlystov/ALADDIN_NEW/ALADDIN_NEW/mobile_apps/ALADDIN_iOS/Screens/Views/FamilyTournamentView.swift /Users/sergejhlystov/ALADDIN_NEW/ALADDIN_NEW/mobile_apps/ALADDIN_iOS/ALADDINWidgets/SharedDataManager.swift /Users/sergejhlystov/ALADDIN_NEW/ALADDIN_NEW/mobile_apps/ALADDIN_iOS/Core/Models/ProtectionFeature.swift /Users/sergejhlystov/ALADDIN_NEW/ALADDIN_NEW/mobile_apps/ALADDIN_iOS/Core/Models/ProtectionLevelHistory.swift /Users/sergejhlystov/ALADDIN_NEW/ALADDIN_NEW/mobile_apps/ALADDIN_iOS/Core/Models/ComponentReportsModels.swift /Users/sergejhlystov/ALADDIN_NEW/ALADDIN_NEW/mobile_apps/ALADDIN_iOS/Core/Audio/VoiceMessagePlayer.swift /Users/sergejhlystov/ALADDIN_NEW/ALADDIN_NEW/mobile_apps/ALADDIN_iOS/Core/Analytics/ComponentAnalytics.swift /Users/sergejhlystov/ALADDIN_NEW/ALADDIN_NEW/mobile_apps/ALADDIN_iOS/Shared/Components/Modals/DarkWebScanExplanationView.swift /Users/sergejhlystov/ALADDIN_NEW/ALADDIN_NEW/mobile_apps/ALADDIN_iOS/Core/Managers/JWTErrorRecovery.swift /Users/sergejhlystov/ALADDIN_NEW/ALADDIN_NEW/mobile_apps/ALADDIN_iOS/Core/Logging/JWTEventLogger.swift /Users/sergejhlystov/ALADDIN_NEW/ALADDIN_NEW/mobile_apps/ALADDIN_iOS/ViewModels/NotificationsViewModel.swift /Users/sergejhlystov/ALADDIN_NEW/ALADDIN_NEW/mobile_apps/ALADDIN_iOS/Core/Utilities/APITestAnalyzer.swift /Users/sergejhlystov/ALADDIN_NEW/ALADDIN_NEW/mobile_apps/ALADDIN_iOS/Core/Managers/JWTCircuitBreaker.swift /Users/sergejhlystov/ALADDIN_NEW/ALADDIN_NEW/mobile_apps/ALADDIN_iOS/Screens/06_AIAssistantScreen.swift /Users/sergejhlystov/ALADDIN_NEW/ALADDIN_NEW/mobile_apps/ALADDIN_iOS/Shared/Components/Modals/AICategoriesModal.swift /Users/sergejhlystov/ALADDIN_NEW/ALADDIN_NEW/mobile_apps/ALADDIN_iOS/Shared/Components/Modals/MalwareDetectionSettingsModal.swift /Users/sergejhlystov/ALADDIN_NEW/ALADDIN_NEW/mobile_apps/ALADDIN_iOS/Components/Modals/RewardsQuickModal.swift (in target 'ALADDIN' from project 'ALADDIN')
    cd /Users/sergejhlystov/ALADDIN_NEW/ALADDIN_NEW/mobile_apps/ALADDIN_iOS
    export DEVELOPER_DIR\=/Applications/Xcode.app/Contents/Developer
    export SDKROOT\=/Applications/Xcode.app/Contents/Developer/Platforms/iPhoneSimulator.platform/Developer/SDKs/iPhoneSimulator15.2.sdk
    builtin-swiftDriverJobExecution -- /Applications/Xcode.app/Contents/Developer/Toolchains/XcodeDefault.xctoolchain/usr/bin/swift-frontend -frontend -c -filelist /Users/sergejhlystov/Library/Developer/Xcode/DerivedData/ALADDIN-eahryzmutvtbyceygnlyjsmiiaha/Build/Intermediates.noindex/ALADDIN.build/Debug-iphonesimulator/ALADDIN.build/Objects-normal/x86_64/sources-2 -primary-file /Users/sergejhlystov/ALADDIN_NEW/ALADDIN_NEW/mobile_apps/ALADDIN_iOS/Screens/12_NotificationsScreen.swift -primary-file /Users/sergejhlystov/ALADDIN_NEW/ALADDIN_NEW/mobile_apps/ALADDIN_iOS/Core/Validation/InputSanitizer.swift -primary-file /Users/sergejhlystov/ALADDIN_NEW/ALADDIN_NEW/mobile_apps/ALADDIN_iOS/Shared/Components/Chat/VoiceMessageBubble.swift -primary-file /Users/sergejhlystov/ALADDIN_NEW/ALADDIN_NEW/mobile_apps/ALADDIN_iOS/ViewModels/ElderlyInterfaceViewModel.swift -primary-file /Users/sergejhlystov/ALADDIN_NEW/ALADDIN_NEW/mobile_apps/ALADDIN_iOS/ViewModels/AnalyticsViewModel.swift -primary-file /Users/sergejhlystov/ALADDIN_NEW/ALADDIN_NEW/mobile_apps/ALADDIN_iOS/Core/Cache/CacheManager.swift -primary-file /Users/sergejhlystov/ALADDIN_NEW/ALADDIN_NEW/mobile_apps/ALADDIN_iOS/Screens/Views/FamilyTournamentView.swift -primary-file /Users/sergejhlystov/ALADDIN_NEW/ALADDIN_NEW/mobile_apps/ALADDIN_iOS/ALADDINWidgets/SharedDataManager.swift -primary-file /Users/sergejhlystov/ALADDIN_NEW/ALADDIN_NEW/mobile_apps/ALADDIN_iOS/Core/Models/ProtectionFeature.swift -primary-file /Users/sergejhlystov/ALADDIN_NEW/ALADDIN_NEW/mobile_apps/ALADDIN_iOS/Core/Models/ProtectionLevelHistory.swift -primary-file /Users/sergejhlystov/ALADDIN_NEW/ALADDIN_NEW/mobile_apps/ALADDIN_iOS/Core/Models/ComponentReportsModels.swift -primary-file /Users/sergejhlystov/ALADDIN_NEW/ALADDIN_NEW/mobile_apps/ALADDIN_iOS/Core/Audio/VoiceMessagePlayer.swift -primary-file /Users/sergejhlystov/ALADDIN_NEW/ALADDIN_NEW/mobile_apps/ALADDIN_iOS/Core/Analytics/ComponentAnalytics.swift -primary-file /Users/sergejhlystov/ALADDIN_NEW/ALADDIN_NEW/mobile_apps/ALADDIN_iOS/Shared/Components/Modals/DarkWebScanExplanationView.swift -primary-file /Users/sergejhlystov/ALADDIN_NEW/ALADDIN_NEW/mobile_apps/ALADDIN_iOS/Core/Managers/JWTErrorRecovery.swift -primary-file /Users/sergejhlystov/ALADDIN_NEW/ALADDIN_NEW/mobile_apps/ALADDIN_iOS/Core/Logging/JWTEventLogger.swift -primary-file /Users/sergejhlystov/ALADDIN_NEW/ALADDIN_NEW/mobile_apps/ALADDIN_iOS/ViewModels/NotificationsViewModel.swift -primary-file /Users/sergejhlystov/ALADDIN_NEW/ALADDIN_NEW/mobile_apps/ALADDIN_iOS/Core/Utilities/APITestAnalyzer.swift -primary-file /Users/sergejhlystov/ALADDIN_NEW/ALADDIN_NEW/mobile_apps/ALADDIN_iOS/Core/Managers/JWTCircuitBreaker.swift -primary-file /Users/sergejhlystov/ALADDIN_NEW/ALADDIN_NEW/mobile_apps/ALADDIN_iOS/Screens/06_AIAssistantScreen.swift -primary-file /Users/sergejhlystov/ALADDIN_NEW/ALADDIN_NEW/mobile_apps/ALADDIN_iOS/Shared/Components/Modals/AICategoriesModal.swift -primary-file /Users/sergejhlystov/ALADDIN_NEW/ALADDIN_NEW/mobile_apps/ALADDIN_iOS/Shared/Components/Modals/MalwareDetectionSettingsModal.swift -primary-file /Users/sergejhlystov/ALADDIN_NEW/ALADDIN_NEW/mobile_apps/ALADDIN_iOS/Components/Modals/RewardsQuickModal.swift -supplementary-output-file-map /Users/sergejhlystov/Library/Developer/Xcode/DerivedData/ALADDIN-eahryzmutvtbyceygnlyjsmiiaha/Build/Intermediates.noindex/ALADDIN.build/Debug-iphonesimulator/ALADDIN.build/Objects-normal/x86_64/supplementaryOutputs-27 -target x86_64-apple-ios15.2-simulator -enable-objc-interop -sdk /Applications/Xcode.app/Contents/Developer/Platforms/iPhoneSimulator.platform/Developer/SDKs/iPhoneSimulator15.2.sdk -I /Users/sergejhlystov/Library/Developer/Xcode/DerivedData/ALADDIN-eahryzmutvtbyceygnlyjsmiiaha/Build/Products/Debug-iphonesimulator -F /Users/sergejhlystov/Library/Developer/Xcode/DerivedData/ALADDIN-eahryzmutvtbyceygnlyjsmiiaha/Build/Products/Debug-iphonesimulator -no-color-diagnostics -enable-testing -g -module-cache-path /Users/sergejhlystov/Library/Developer/Xcode/DerivedData/ModuleCache.noindex -emit-localized-strings -emit-localized-strings-path /Users/sergejhlystov/Library/Developer/Xcode/DerivedData/ALADDIN-eahryzmutvtbyceygnlyjsmiiaha/Build/Intermediates.noindex/ALADDIN.build/Debug-iphonesimulator/ALADDIN.build/Objects-normal/x86_64 -swift-version 5 -enforce-exclusivity\=checked -Onone -D DEBUG -serialize-debugging-options -Xcc -working-directory -Xcc /Users/sergejhlystov/ALADDIN_NEW/ALADDIN_NEW/mobile_apps/ALADDIN_iOS -resource-dir /Applications/Xcode.app/Contents/Developer/Toolchains/XcodeDefault.xctoolchain/usr/lib/swift -enable-anonymous-context-mangled-names -Xcc -I/Users/sergejhlystov/Library/Developer/Xcode/DerivedData/ALADDIN-eahryzmutvtbyceygnlyjsmiiaha/Build/Intermediates.noindex/ALADDIN.build/Debug-iphonesimulator/ALADDIN.build/swift-overrides.hmap -Xcc -iquote -Xcc /Users/sergejhlystov/Library/Developer/Xcode/DerivedData/ALADDIN-eahryzmutvtbyceygnlyjsmiiaha/Build/Intermediates.noindex/ALADDIN.build/Debug-iphonesimulator/ALADDIN.build/ALADDIN-generated-files.hmap -Xcc -I/Users/sergejhlystov/Library/Developer/Xcode/DerivedData/ALADDIN-eahryzmutvtbyceygnlyjsmiiaha/Build/Intermediates.noindex/ALADDIN.build/Debug-iphonesimulator/ALADDIN.build/ALADDIN-own-target-headers.hmap -Xcc -I/Users/sergejhlystov/Library/Developer/Xcode/DerivedData/ALADDIN-eahryzmutvtbyceygnlyjsmiiaha/Build/Intermediates.noindex/ALADDIN.build/Debug-iphonesimulator/ALADDIN.build/ALADDIN-all-target-headers.hmap -Xcc -iquote -Xcc /Users/sergejhlystov/Library/Developer/Xcode/DerivedData/ALADDIN-eahryzmutvtbyceygnlyjsmiiaha/Build/Intermediates.noindex/ALADDIN.build/Debug-iphonesimulator/ALADDIN.build/ALADDIN-project-headers.hmap -Xcc -I/Users/sergejhlystov/Library/Developer/Xcode/DerivedData/ALADDIN-eahryzmutvtbyceygnlyjsmiiaha/Build/Products/Debug-iphonesimulator/include -Xcc -I/Users/sergejhlystov/Library/Developer/Xcode/DerivedData/ALADDIN-eahryzmutvtbyceygnlyjsmiiaha/Build/Intermediates.noindex/ALADDIN.build/Debug-iphonesimulator/ALADDIN.build/DerivedSources-normal/x86_64 -Xcc -I/Users/sergejhlystov/Library/Developer/Xcode/DerivedData/ALADDIN-eahryzmutvtbyceygnlyjsmiiaha/Build/Intermediates.noindex/ALADDIN.build/Debug-iphonesimulator/ALADDIN.build/DerivedSources/x86_64 -Xcc -I/Users/sergejhlystov/Library/Developer/Xcode/DerivedData/ALADDIN-eahryzmutvtbyceygnlyjsmiiaha/Build/Intermediates.noindex/ALADDIN.build/Debug-iphonesimulator/ALADDIN.build/DerivedSources -Xcc -DDEBUG\=1 -module-name ALADDIN -target-sdk-version 15.2.0 -o /Users/sergejhlystov/Library/Developer/Xcode/DerivedData/ALADDIN-eahryzmutvtbyceygnlyjsmiiaha/Build/Intermediates.noindex/ALADDIN.build/Debug-iphonesimulator/ALADDIN.build/Objects-normal/x86_64/12_NotificationsScreen.o -o /Users/sergejhlystov/Library/Developer/Xcode/DerivedData/ALADDIN-eahryzmutvtbyceygnlyjsmiiaha/Build/Intermediates.noindex/ALADDIN.build/Debug-iphonesimulator/ALADDIN.build/Objects-normal/x86_64/InputSanitizer.o -o /Users/sergejhlystov/Library/Developer/Xcode/DerivedData/ALADDIN-eahryzmutvtbyceygnlyjsmiiaha/Build/Intermediates.noindex/ALADDIN.build/Debug-iphonesimulator/ALADDIN.build/Objects-normal/x86_64/VoiceMessageBubble.o -o /Users/sergejhlystov/Library/Developer/Xcode/DerivedData/ALADDIN-eahryzmutvtbyceygnlyjsmiiaha/Build/Intermediates.noindex/ALADDIN.build/Debug-iphonesimulator/ALADDIN.build/Objects-normal/x86_64/ElderlyInterfaceViewModel.o -o /Users/sergejhlystov/Library/Developer/Xcode/DerivedData/ALADDIN-eahryzmutvtbyceygnlyjsmiiaha/Build/Intermediates.noindex/ALADDIN.build/Debug-iphonesimulator/ALADDIN.build/Objects-normal/x86_64/AnalyticsViewModel.o -o /Users/sergejhlystov/Library/Developer/Xcode/DerivedData/ALADDIN-eahryzmutvtbyceygnlyjsmiiaha/Build/Intermediates.noindex/ALADDIN.build/Debug-iphonesimulator/ALADDIN.build/Objects-normal/x86_64/CacheManager.o -o /Users/sergejhlystov/Library/Developer/Xcode/DerivedData/ALADDIN-eahryzmutvtbyceygnlyjsmiiaha/Build/Intermediates.noindex/ALADDIN.build/Debug-iphonesimulator/ALADDIN.build/Objects-normal/x86_64/FamilyTournamentView.o -o /Users/sergejhlystov/Library/Developer/Xcode/DerivedData/ALADDIN-eahryzmutvtbyceygnlyjsmiiaha/Build/Intermediates.noindex/ALADDIN.build/Debug-iphonesimulator/ALADDIN.build/Objects-normal/x86_64/SharedDataManager.o -o /Users/sergejhlystov/Library/Developer/Xcode/DerivedData/ALADDIN-eahryzmutvtbyceygnlyjsmiiaha/Build/Intermediates.noindex/ALADDIN.build/Debug-iphonesimulator/ALADDIN.build/Objects-normal/x86_64/ProtectionFeature.o -o /Users/sergejhlystov/Library/Developer/Xcode/DerivedData/ALADDIN-eahryzmutvtbyceygnlyjsmiiaha/Build/Intermediates.noindex/ALADDIN.build/Debug-iphonesimulator/ALADDIN.build/Objects-normal/x86_64/ProtectionLevelHistory.o -o /Users/sergejhlystov/Library/Developer/Xcode/DerivedData/ALADDIN-eahryzmutvtbyceygnlyjsmiiaha/Build/Intermediates.noindex/ALADDIN.build/Debug-iphonesimulator/ALADDIN.build/Objects-normal/x86_64/ComponentReportsModels.o -o /Users/sergejhlystov/Library/Developer/Xcode/DerivedData/ALADDIN-eahryzmutvtbyceygnlyjsmiiaha/Build/Intermediates.noindex/ALADDIN.build/Debug-iphonesimulator/ALADDIN.build/Objects-normal/x86_64/VoiceMessagePlayer.o -o /Users/sergejhlystov/Library/Developer/Xcode/DerivedData/ALADDIN-eahryzmutvtbyceygnlyjsmiiaha/Build/Intermediates.noindex/ALADDIN.build/Debug-iphonesimulator/ALADDIN.build/Objects-normal/x86_64/ComponentAnalytics.o -o /Users/sergejhlystov/Library/Developer/Xcode/DerivedData/ALADDIN-eahryzmutvtbyceygnlyjsmiiaha/Build/Intermediates.noindex/ALADDIN.build/Debug-iphonesimulator/ALADDIN.build/Objects-normal/x86_64/DarkWebScanExplanationView.o -o /Users/sergejhlystov/Library/Developer/Xcode/DerivedData/ALADDIN-eahryzmutvtbyceygnlyjsmiiaha/Build/Intermediates.noindex/ALADDIN.build/Debug-iphonesimulator/ALADDIN.build/Objects-normal/x86_64/JWTErrorRecovery.o -o /Users/sergejhlystov/Library/Developer/Xcode/DerivedData/ALADDIN-eahryzmutvtbyceygnlyjsmiiaha/Build/Intermediates.noindex/ALADDIN.build/Debug-iphonesimulator/ALADDIN.build/Objects-normal/x86_64/JWTEventLogger.o -o /Users/sergejhlystov/Library/Developer/Xcode/DerivedData/ALADDIN-eahryzmutvtbyceygnlyjsmiiaha/Build/Intermediates.noindex/ALADDIN.build/Debug-iphonesimulator/ALADDIN.build/Objects-normal/x86_64/NotificationsViewModel.o -o /Users/sergejhlystov/Library/Developer/Xcode/DerivedData/ALADDIN-eahryzmutvtbyceygnlyjsmiiaha/Build/Intermediates.noindex/ALADDIN.build/Debug-iphonesimulator/ALADDIN.build/Objects-normal/x86_64/APITestAnalyzer.o -o /Users/sergejhlystov/Library/Developer/Xcode/DerivedData/ALADDIN-eahryzmutvtbyceygnlyjsmiiaha/Build/Intermediates.noindex/ALADDIN.build/Debug-iphonesimulator/ALADDIN.build/Objects-normal/x86_64/JWTCircuitBreaker.o -o /Users/sergejhlystov/Library/Developer/Xcode/DerivedData/ALADDIN-eahryzmutvtbyceygnlyjsmiiaha/Build/Intermediates.noindex/ALADDIN.build/Debug-iphonesimulator/ALADDIN.build/Objects-normal/x86_64/06_AIAssistantScreen.o -o /Users/sergejhlystov/Library/Developer/Xcode/DerivedData/ALADDIN-eahryzmutvtbyceygnlyjsmiiaha/Build/Intermediates.noindex/ALADDIN.build/Debug-iphonesimulator/ALADDIN.build/Objects-normal/x86_64/AICategoriesModal.o -o /Users/sergejhlystov/Library/Developer/Xcode/DerivedData/ALADDIN-eahryzmutvtbyceygnlyjsmiiaha/Build/Intermediates.noindex/ALADDIN.build/Debug-iphonesimulator/ALADDIN.build/Objects-normal/x86_64/MalwareDetectionSettingsModal.o -o /Users/sergejhlystov/Library/Developer/Xcode/DerivedData/ALADDIN-eahryzmutvtbyceygnlyjsmiiaha/Build/Intermediates.noindex/ALADDIN.build/Debug-iphonesimulator/ALADDIN.build/Objects-normal/x86_64/RewardsQuickModal.o -index-store-path /Users/sergejhlystov/Library/Developer/Xcode/DerivedData/ALADDIN-eahryzmutvtbyceygnlyjsmiiaha/Index/DataStore -index-system-modules
/Users/sergejhlystov/ALADDIN_NEW/ALADDIN_NEW/mobile_apps/ALADDIN_iOS/ViewModels/AnalyticsViewModel.swift:94:24: warning: value 'token' was defined but never used; consider replacing with boolean test
                if let token = await TokenManager.shared.waitForTokenLoad(maxWaitTime: 0.5) {
                   ~~~~^~~~~~~~
                   (                                                                       ) != nil
/Users/sergejhlystov/ALADDIN_NEW/ALADDIN_NEW/mobile_apps/ALADDIN_iOS/Core/Managers/JWTErrorRecovery.swift:236:50: warning: result of call to 'registerDeviceAnonymously()' is unused
            try await SubscriptionManager.shared.registerDeviceAnonymously()
                                                 ^                        ~~
/Users/sergejhlystov/ALADDIN_NEW/ALADDIN_NEW/mobile_apps/ALADDIN_iOS/Core/Managers/JWTErrorRecovery.swift:303:50: warning: result of call to 'registerDeviceAnonymously()' is unused
            try await SubscriptionManager.shared.registerDeviceAnonymously()
                                                 ^                        ~~

SwiftDriver\ Compilation ALADDIN normal x86_64 com.apple.xcode.tools.swift.compiler (in target 'ALADDIN' from project 'ALADDIN')
    cd /Users/sergejhlystov/ALADDIN_NEW/ALADDIN_NEW/mobile_apps/ALADDIN_iOS
    export DEVELOPER_DIR\=/Applications/Xcode.app/Contents/Developer
    export SDKROOT\=/Applications/Xcode.app/Contents/Developer/Platforms/iPhoneSimulator.platform/Developer/SDKs/iPhoneSimulator15.2.sdk
    builtin-Swift-Compilation -- /Applications/Xcode.app/Contents/Developer/Toolchains/XcodeDefault.xctoolchain/usr/bin/swiftc -incremental -module-name ALADDIN -Onone -enable-batch-mode -enforce-exclusivity\=checked @/Users/sergejhlystov/Library/Developer/Xcode/DerivedData/ALADDIN-eahryzmutvtbyceygnlyjsmiiaha/Build/Intermediates.noindex/ALADDIN.build/Debug-iphonesimulator/ALADDIN.build/Objects-normal/x86_64/ALADDIN.SwiftFileList -DDEBUG -sdk /Applications/Xcode.app/Contents/Developer/Platforms/iPhoneSimulator.platform/Developer/SDKs/iPhoneSimulator15.2.sdk -target x86_64-apple-ios15.2-simulator -g -module-cache-path /Users/sergejhlystov/Library/Developer/Xcode/DerivedData/ModuleCache.noindex -Xfrontend -serialize-debugging-options -enable-testing -index-store-path /Users/sergejhlystov/Library/Developer/Xcode/DerivedData/ALADDIN-eahryzmutvtbyceygnlyjsmiiaha/Index/DataStore -swift-version 5 -I /Users/sergejhlystov/Library/Developer/Xcode/DerivedData/ALADDIN-eahryzmutvtbyceygnlyjsmiiaha/Build/Products/Debug-iphonesimulator -F /Users/sergejhlystov/Library/Developer/Xcode/DerivedData/ALADDIN-eahryzmutvtbyceygnlyjsmiiaha/Build/Products/Debug-iphonesimulator -emit-localized-strings -emit-localized-strings-path /Users/sergejhlystov/Library/Developer/Xcode/DerivedData/ALADDIN-eahryzmutvtbyceygnlyjsmiiaha/Build/Intermediates.noindex/ALADDIN.build/Debug-iphonesimulator/ALADDIN.build/Objects-normal/x86_64 -c -j8 -output-file-map /Users/sergejhlystov/Library/Developer/Xcode/DerivedData/ALADDIN-eahryzmutvtbyceygnlyjsmiiaha/Build/Intermediates.noindex/ALADDIN.build/Debug-iphonesimulator/ALADDIN.build/Objects-normal/x86_64/ALADDIN-OutputFileMap.json -save-temps -no-color-diagnostics -serialize-diagnostics -emit-dependencies -emit-module -emit-module-path /Users/sergejhlystov/Library/Developer/Xcode/DerivedData/ALADDIN-eahryzmutvtbyceygnlyjsmiiaha/Build/Intermediates.noindex/ALADDIN.build/Debug-iphonesimulator/ALADDIN.build/Objects-normal/x86_64/ALADDIN.swiftmodule -Xcc -I/Users/sergejhlystov/Library/Developer/Xcode/DerivedData/ALADDIN-eahryzmutvtbyceygnlyjsmiiaha/Build/Intermediates.noindex/ALADDIN.build/Debug-iphonesimulator/ALADDIN.build/swift-overrides.hmap -Xcc -iquote -Xcc /Users/sergejhlystov/Library/Developer/Xcode/DerivedData/ALADDIN-eahryzmutvtbyceygnlyjsmiiaha/Build/Intermediates.noindex/ALADDIN.build/Debug-iphonesimulator/ALADDIN.build/ALADDIN-generated-files.hmap -Xcc -I/Users/sergejhlystov/Library/Developer/Xcode/DerivedData/ALADDIN-eahryzmutvtbyceygnlyjsmiiaha/Build/Intermediates.noindex/ALADDIN.build/Debug-iphonesimulator/ALADDIN.build/ALADDIN-own-target-headers.hmap -Xcc -I/Users/sergejhlystov/Library/Developer/Xcode/DerivedData/ALADDIN-eahryzmutvtbyceygnlyjsmiiaha/Build/Intermediates.noindex/ALADDIN.build/Debug-iphonesimulator/ALADDIN.build/ALADDIN-all-target-headers.hmap -Xcc -iquote -Xcc /Users/sergejhlystov/Library/Developer/Xcode/DerivedData/ALADDIN-eahryzmutvtbyceygnlyjsmiiaha/Build/Intermediates.noindex/ALADDIN.build/Debug-iphonesimulator/ALADDIN.build/ALADDIN-project-headers.hmap -Xcc -I/Users/sergejhlystov/Library/Developer/Xcode/DerivedData/ALADDIN-eahryzmutvtbyceygnlyjsmiiaha/Build/Products/Debug-iphonesimulator/include -Xcc -I/Users/sergejhlystov/Library/Developer/Xcode/DerivedData/ALADDIN-eahryzmutvtbyceygnlyjsmiiaha/Build/Intermediates.noindex/ALADDIN.build/Debug-iphonesimulator/ALADDIN.build/DerivedSources-normal/x86_64 -Xcc -I/Users/sergejhlystov/Library/Developer/Xcode/DerivedData/ALADDIN-eahryzmutvtbyceygnlyjsmiiaha/Build/Intermediates.noindex/ALADDIN.build/Debug-iphonesimulator/ALADDIN.build/DerivedSources/x86_64 -Xcc -I/Users/sergejhlystov/Library/Developer/Xcode/DerivedData/ALADDIN-eahryzmutvtbyceygnlyjsmiiaha/Build/Intermediates.noindex/ALADDIN.build/Debug-iphonesimulator/ALADDIN.build/DerivedSources -Xcc -DDEBUG\=1 -emit-objc-header -emit-objc-header-path /Users/sergejhlystov/Library/Developer/Xcode/DerivedData/ALADDIN-eahryzmutvtbyceygnlyjsmiiaha/Build/Intermediates.noindex/ALADDIN.build/Debug-iphonesimulator/ALADDIN.build/Objects-normal/x86_64/ALADDIN-Swift.h -working-directory /Users/sergejhlystov/ALADDIN_NEW/ALADDIN_NEW/mobile_apps/ALADDIN_iOS -experimental-emit-module-separately

** BUILD SUCCEEDED **

