Command line invocation:
    /Applications/Xcode.app/Contents/Developer/usr/bin/xcodebuild -project ALADDIN.xcodeproj -scheme ALADDIN -sdk iphonesimulator -destination "platform=iOS Simulator,name=iPhone 13" clean build

User defaults from command line:
    IDEPackageSupportUseBuiltinSCM = YES

Build settings from command line:
    SDKROOT = iphonesimulator15.2

note: Using new build system
note: Build preparation complete

** CLEAN SUCCEEDED **

note: Using new build system
note: Planning
Analyze workspace

Create build description
Build description signature: c65756877bc5b14281c350b4ca1bac63
Build description path: /Users/sergejhlystov/Library/Developer/Xcode/DerivedData/ALADDIN-eahryzmutvtbyceygnlyjsmiiaha/Build/Intermediates.noindex/XCBuildData/c65756877bc5b14281c350b4ca1bac63-desc.xcbuild

note: Build preparation complete
note: Building targets in dependency order
CreateBuildDirectory /Users/sergejhlystov/Library/Developer/Xcode/DerivedData/ALADDIN-eahryzmutvtbyceygnlyjsmiiaha/Build/Intermediates.noindex
    cd /Users/sergejhlystov/ALADDIN_NEW/ALADDIN_NEW/mobile_apps/ALADDIN_iOS/ALADDIN.xcodeproj
    builtin-create-build-directory /Users/sergejhlystov/Library/Developer/Xcode/DerivedData/ALADDIN-eahryzmutvtbyceygnlyjsmiiaha/Build/Intermediates.noindex

CreateBuildDirectory /Users/sergejhlystov/Library/Developer/Xcode/DerivedData/ALADDIN-eahryzmutvtbyceygnlyjsmiiaha/Build/Products
    cd /Users/sergejhlystov/ALADDIN_NEW/ALADDIN_NEW/mobile_apps/ALADDIN_iOS/ALADDIN.xcodeproj
    builtin-create-build-directory /Users/sergejhlystov/Library/Developer/Xcode/DerivedData/ALADDIN-eahryzmutvtbyceygnlyjsmiiaha/Build/Products

CreateBuildDirectory /Users/sergejhlystov/Library/Developer/Xcode/DerivedData/ALADDIN-eahryzmutvtbyceygnlyjsmiiaha/Build/Products/Debug-iphonesimulator
    cd /Users/sergejhlystov/ALADDIN_NEW/ALADDIN_NEW/mobile_apps/ALADDIN_iOS/ALADDIN.xcodeproj
    builtin-create-build-directory /Users/sergejhlystov/Library/Developer/Xcode/DerivedData/ALADDIN-eahryzmutvtbyceygnlyjsmiiaha/Build/Products/Debug-iphonesimulator

warning: Skipping duplicate build file in Compile Sources build phase: /Users/sergejhlystov/ALADDIN_NEW/ALADDIN_NEW/mobile_apps/ALADDIN_iOS/Screens/14_OnboardingScreen.swift (in target 'ALADDIN' from project 'ALADDIN')
MkDir /Users/sergejhlystov/Library/Developer/Xcode/DerivedData/ALADDIN-eahryzmutvtbyceygnlyjsmiiaha/Build/Products/Debug-iphonesimulator/ALADDIN.app (in target 'ALADDIN' from project 'ALADDIN')
    cd /Users/sergejhlystov/ALADDIN_NEW/ALADDIN_NEW/mobile_apps/ALADDIN_iOS
    /bin/mkdir -p /Users/sergejhlystov/Library/Developer/Xcode/DerivedData/ALADDIN-eahryzmutvtbyceygnlyjsmiiaha/Build/Products/Debug-iphonesimulator/ALADDIN.app

WriteAuxiliaryFile /Users/sergejhlystov/Library/Developer/Xcode/DerivedData/ALADDIN-eahryzmutvtbyceygnlyjsmiiaha/Build/Intermediates.noindex/ALADDIN.build/Debug-iphonesimulator/ALADDIN.build/DerivedSources/Entitlements.plist (in target 'ALADDIN' from project 'ALADDIN')
    cd /Users/sergejhlystov/ALADDIN_NEW/ALADDIN_NEW/mobile_apps/ALADDIN_iOS
    write-file /Users/sergejhlystov/Library/Developer/Xcode/DerivedData/ALADDIN-eahryzmutvtbyceygnlyjsmiiaha/Build/Intermediates.noindex/ALADDIN.build/Debug-iphonesimulator/ALADDIN.build/DerivedSources/Entitlements.plist

WriteAuxiliaryFile /Users/sergejhlystov/Library/Developer/Xcode/DerivedData/ALADDIN-eahryzmutvtbyceygnlyjsmiiaha/Build/Intermediates.noindex/ALADDIN.build/Debug-iphonesimulator/ALADDIN.build/DerivedSources/Entitlements-Simulated.plist (in target 'ALADDIN' from project 'ALADDIN')
    cd /Users/sergejhlystov/ALADDIN_NEW/ALADDIN_NEW/mobile_apps/ALADDIN_iOS
    write-file /Users/sergejhlystov/Library/Developer/Xcode/DerivedData/ALADDIN-eahryzmutvtbyceygnlyjsmiiaha/Build/Intermediates.noindex/ALADDIN.build/Debug-iphonesimulator/ALADDIN.build/DerivedSources/Entitlements-Simulated.plist

ProcessProductPackaging "" /Users/sergejhlystov/Library/Developer/Xcode/DerivedData/ALADDIN-eahryzmutvtbyceygnlyjsmiiaha/Build/Intermediates.noindex/ALADDIN.build/Debug-iphonesimulator/ALADDIN.build/ALADDIN.app.xcent (in target 'ALADDIN' from project 'ALADDIN')
    cd /Users/sergejhlystov/ALADDIN_NEW/ALADDIN_NEW/mobile_apps/ALADDIN_iOS
    
    Entitlements:
    
    {
    "com.apple.security.get-task-allow" = 1;
}
    
    builtin-productPackagingUtility -entitlements -format xml -o /Users/sergejhlystov/Library/Developer/Xcode/DerivedData/ALADDIN-eahryzmutvtbyceygnlyjsmiiaha/Build/Intermediates.noindex/ALADDIN.build/Debug-iphonesimulator/ALADDIN.build/ALADDIN.app.xcent

ProcessProductPackaging "" /Users/sergejhlystov/Library/Developer/Xcode/DerivedData/ALADDIN-eahryzmutvtbyceygnlyjsmiiaha/Build/Intermediates.noindex/ALADDIN.build/Debug-iphonesimulator/ALADDIN.build/ALADDIN.app-Simulated.xcent (in target 'ALADDIN' from project 'ALADDIN')
    cd /Users/sergejhlystov/ALADDIN_NEW/ALADDIN_NEW/mobile_apps/ALADDIN_iOS
    
    Entitlements:
    
    {
    "application-identifier" = "6CJVBBUGSN.family.aladdin.ios";
    "keychain-access-groups" =     (
        "6CJVBBUGSN.family.aladdin.ios"
    );
}
    
    builtin-productPackagingUtility -entitlements -format xml -o /Users/sergejhlystov/Library/Developer/Xcode/DerivedData/ALADDIN-eahryzmutvtbyceygnlyjsmiiaha/Build/Intermediates.noindex/ALADDIN.build/Debug-iphonesimulator/ALADDIN.build/ALADDIN.app-Simulated.xcent

WriteAuxiliaryFile /Users/sergejhlystov/Library/Developer/Xcode/DerivedData/ALADDIN-eahryzmutvtbyceygnlyjsmiiaha/Build/Intermediates.noindex/ALADDIN.build/Debug-iphonesimulator/ALADDIN.build/all-product-headers.yaml (in target 'ALADDIN' from project 'ALADDIN')
    cd /Users/sergejhlystov/ALADDIN_NEW/ALADDIN_NEW/mobile_apps/ALADDIN_iOS
    write-file /Users/sergejhlystov/Library/Developer/Xcode/DerivedData/ALADDIN-eahryzmutvtbyceygnlyjsmiiaha/Build/Intermediates.noindex/ALADDIN.build/Debug-iphonesimulator/ALADDIN.build/all-product-headers.yaml

WriteAuxiliaryFile /Users/sergejhlystov/Library/Developer/Xcode/DerivedData/ALADDIN-eahryzmutvtbyceygnlyjsmiiaha/Build/Intermediates.noindex/ALADDIN.build/Debug-iphonesimulator/ALADDIN.build/ALADDIN.hmap (in target 'ALADDIN' from project 'ALADDIN')
    cd /Users/sergejhlystov/ALADDIN_NEW/ALADDIN_NEW/mobile_apps/ALADDIN_iOS
    write-file /Users/sergejhlystov/Library/Developer/Xcode/DerivedData/ALADDIN-eahryzmutvtbyceygnlyjsmiiaha/Build/Intermediates.noindex/ALADDIN.build/Debug-iphonesimulator/ALADDIN.build/ALADDIN.hmap

WriteAuxiliaryFile /Users/sergejhlystov/Library/Developer/Xcode/DerivedData/ALADDIN-eahryzmutvtbyceygnlyjsmiiaha/Build/Intermediates.noindex/ALADDIN.build/Debug-iphonesimulator/ALADDIN.build/ALADDIN-project-headers.hmap (in target 'ALADDIN' from project 'ALADDIN')
    cd /Users/sergejhlystov/ALADDIN_NEW/ALADDIN_NEW/mobile_apps/ALADDIN_iOS
    write-file /Users/sergejhlystov/Library/Developer/Xcode/DerivedData/ALADDIN-eahryzmutvtbyceygnlyjsmiiaha/Build/Intermediates.noindex/ALADDIN.build/Debug-iphonesimulator/ALADDIN.build/ALADDIN-project-headers.hmap

WriteAuxiliaryFile /Users/sergejhlystov/Library/Developer/Xcode/DerivedData/ALADDIN-eahryzmutvtbyceygnlyjsmiiaha/Build/Intermediates.noindex/ALADDIN.build/Debug-iphonesimulator/ALADDIN.build/ALADDIN-own-target-headers.hmap (in target 'ALADDIN' from project 'ALADDIN')
    cd /Users/sergejhlystov/ALADDIN_NEW/ALADDIN_NEW/mobile_apps/ALADDIN_iOS
    write-file /Users/sergejhlystov/Library/Developer/Xcode/DerivedData/ALADDIN-eahryzmutvtbyceygnlyjsmiiaha/Build/Intermediates.noindex/ALADDIN.build/Debug-iphonesimulator/ALADDIN.build/ALADDIN-own-target-headers.hmap

WriteAuxiliaryFile /Users/sergejhlystov/Library/Developer/Xcode/DerivedData/ALADDIN-eahryzmutvtbyceygnlyjsmiiaha/Build/Intermediates.noindex/ALADDIN.build/Debug-iphonesimulator/ALADDIN.build/ALADDIN-all-target-headers.hmap (in target 'ALADDIN' from project 'ALADDIN')
    cd /Users/sergejhlystov/ALADDIN_NEW/ALADDIN_NEW/mobile_apps/ALADDIN_iOS
    write-file /Users/sergejhlystov/Library/Developer/Xcode/DerivedData/ALADDIN-eahryzmutvtbyceygnlyjsmiiaha/Build/Intermediates.noindex/ALADDIN.build/Debug-iphonesimulator/ALADDIN.build/ALADDIN-all-target-headers.hmap

WriteAuxiliaryFile /Users/sergejhlystov/Library/Developer/Xcode/DerivedData/ALADDIN-eahryzmutvtbyceygnlyjsmiiaha/Build/Intermediates.noindex/ALADDIN.build/Debug-iphonesimulator/ALADDIN.build/ALADDIN-generated-files.hmap (in target 'ALADDIN' from project 'ALADDIN')
    cd /Users/sergejhlystov/ALADDIN_NEW/ALADDIN_NEW/mobile_apps/ALADDIN_iOS
    write-file /Users/sergejhlystov/Library/Developer/Xcode/DerivedData/ALADDIN-eahryzmutvtbyceygnlyjsmiiaha/Build/Intermediates.noindex/ALADDIN.build/Debug-iphonesimulator/ALADDIN.build/ALADDIN-generated-files.hmap

WriteAuxiliaryFile /Users/sergejhlystov/Library/Developer/Xcode/DerivedData/ALADDIN-eahryzmutvtbyceygnlyjsmiiaha/Build/Intermediates.noindex/ALADDIN.build/Debug-iphonesimulator/ALADDIN.build/ALADDIN-all-non-framework-target-headers.hmap (in target 'ALADDIN' from project 'ALADDIN')
    cd /Users/sergejhlystov/ALADDIN_NEW/ALADDIN_NEW/mobile_apps/ALADDIN_iOS
    write-file /Users/sergejhlystov/Library/Developer/Xcode/DerivedData/ALADDIN-eahryzmutvtbyceygnlyjsmiiaha/Build/Intermediates.noindex/ALADDIN.build/Debug-iphonesimulator/ALADDIN.build/ALADDIN-all-non-framework-target-headers.hmap

WriteAuxiliaryFile /Users/sergejhlystov/Library/Developer/Xcode/DerivedData/ALADDIN-eahryzmutvtbyceygnlyjsmiiaha/Build/Intermediates.noindex/ALADDIN.build/Debug-iphonesimulator/ALADDIN.build/Objects-normal/x86_64/ALADDIN.LinkFileList (in target 'ALADDIN' from project 'ALADDIN')
    cd /Users/sergejhlystov/ALADDIN_NEW/ALADDIN_NEW/mobile_apps/ALADDIN_iOS
    write-file /Users/sergejhlystov/Library/Developer/Xcode/DerivedData/ALADDIN-eahryzmutvtbyceygnlyjsmiiaha/Build/Intermediates.noindex/ALADDIN.build/Debug-iphonesimulator/ALADDIN.build/Objects-normal/x86_64/ALADDIN.LinkFileList

WriteAuxiliaryFile /Users/sergejhlystov/Library/Developer/Xcode/DerivedData/ALADDIN-eahryzmutvtbyceygnlyjsmiiaha/Build/Intermediates.noindex/ALADDIN.build/Debug-iphonesimulator/ALADDIN.build/Objects-normal/x86_64/ALADDIN-OutputFileMap.json (in target 'ALADDIN' from project 'ALADDIN')
    cd /Users/sergejhlystov/ALADDIN_NEW/ALADDIN_NEW/mobile_apps/ALADDIN_iOS
    write-file /Users/sergejhlystov/Library/Developer/Xcode/DerivedData/ALADDIN-eahryzmutvtbyceygnlyjsmiiaha/Build/Intermediates.noindex/ALADDIN.build/Debug-iphonesimulator/ALADDIN.build/Objects-normal/x86_64/ALADDIN-OutputFileMap.json

WriteAuxiliaryFile /Users/sergejhlystov/Library/Developer/Xcode/DerivedData/ALADDIN-eahryzmutvtbyceygnlyjsmiiaha/Build/Intermediates.noindex/ALADDIN.build/Debug-iphonesimulator/ALADDIN.build/Objects-normal/x86_64/ALADDIN.SwiftFileList (in target 'ALADDIN' from project 'ALADDIN')
    cd /Users/sergejhlystov/ALADDIN_NEW/ALADDIN_NEW/mobile_apps/ALADDIN_iOS
    write-file /Users/sergejhlystov/Library/Developer/Xcode/DerivedData/ALADDIN-eahryzmutvtbyceygnlyjsmiiaha/Build/Intermediates.noindex/ALADDIN.build/Debug-iphonesimulator/ALADDIN.build/Objects-normal/x86_64/ALADDIN.SwiftFileList

CompileSwiftSources normal x86_64 com.apple.xcode.tools.swift.compiler (in target 'ALADDIN' from project 'ALADDIN')
    cd /Users/sergejhlystov/ALADDIN_NEW/ALADDIN_NEW/mobile_apps/ALADDIN_iOS
    export DEVELOPER_DIR\=/Applications/Xcode.app/Contents/Developer
    export SDKROOT\=/Applications/Xcode.app/Contents/Developer/Platforms/iPhoneSimulator.platform/Developer/SDKs/iPhoneSimulator15.2.sdk
    /Applications/Xcode.app/Contents/Developer/Toolchains/XcodeDefault.xctoolchain/usr/bin/swiftc -incremental -module-name ALADDIN -Onone -enable-batch-mode -enforce-exclusivity\=checked @/Users/sergejhlystov/Library/Developer/Xcode/DerivedData/ALADDIN-eahryzmutvtbyceygnlyjsmiiaha/Build/Intermediates.noindex/ALADDIN.build/Debug-iphonesimulator/ALADDIN.build/Objects-normal/x86_64/ALADDIN.SwiftFileList -DDEBUG -sdk /Applications/Xcode.app/Contents/Developer/Platforms/iPhoneSimulator.platform/Developer/SDKs/iPhoneSimulator15.2.sdk -target x86_64-apple-ios15.0-simulator -g -module-cache-path /Users/sergejhlystov/Library/Developer/Xcode/DerivedData/ModuleCache.noindex -Xfrontend -serialize-debugging-options -enable-testing -index-store-path /Users/sergejhlystov/Library/Developer/Xcode/DerivedData/ALADDIN-eahryzmutvtbyceygnlyjsmiiaha/Index/DataStore -swift-version 5 -I /Users/sergejhlystov/Library/Developer/Xcode/DerivedData/ALADDIN-eahryzmutvtbyceygnlyjsmiiaha/Build/Products/Debug-iphonesimulator -F /Users/sergejhlystov/Library/Developer/Xcode/DerivedData/ALADDIN-eahryzmutvtbyceygnlyjsmiiaha/Build/Products/Debug-iphonesimulator -emit-localized-strings -emit-localized-strings-path /Users/sergejhlystov/Library/Developer/Xcode/DerivedData/ALADDIN-eahryzmutvtbyceygnlyjsmiiaha/Build/Intermediates.noindex/ALADDIN.build/Debug-iphonesimulator/ALADDIN.build/Objects-normal/x86_64 -c -j8 -output-file-map /Users/sergejhlystov/Library/Developer/Xcode/DerivedData/ALADDIN-eahryzmutvtbyceygnlyjsmiiaha/Build/Intermediates.noindex/ALADDIN.build/Debug-iphonesimulator/ALADDIN.build/Objects-normal/x86_64/ALADDIN-OutputFileMap.json -parseable-output -serialize-diagnostics -emit-dependencies -emit-module -emit-module-path /Users/sergejhlystov/Library/Developer/Xcode/DerivedData/ALADDIN-eahryzmutvtbyceygnlyjsmiiaha/Build/Intermediates.noindex/ALADDIN.build/Debug-iphonesimulator/ALADDIN.build/Objects-normal/x86_64/ALADDIN.swiftmodule -Xcc -I/Users/sergejhlystov/Library/Developer/Xcode/DerivedData/ALADDIN-eahryzmutvtbyceygnlyjsmiiaha/Build/Intermediates.noindex/ALADDIN.build/Debug-iphonesimulator/ALADDIN.build/swift-overrides.hmap -Xcc -iquote -Xcc /Users/sergejhlystov/Library/Developer/Xcode/DerivedData/ALADDIN-eahryzmutvtbyceygnlyjsmiiaha/Build/Intermediates.noindex/ALADDIN.build/Debug-iphonesimulator/ALADDIN.build/ALADDIN-generated-files.hmap -Xcc -I/Users/sergejhlystov/Library/Developer/Xcode/DerivedData/ALADDIN-eahryzmutvtbyceygnlyjsmiiaha/Build/Intermediates.noindex/ALADDIN.build/Debug-iphonesimulator/ALADDIN.build/ALADDIN-own-target-headers.hmap -Xcc -I/Users/sergejhlystov/Library/Developer/Xcode/DerivedData/ALADDIN-eahryzmutvtbyceygnlyjsmiiaha/Build/Intermediates.noindex/ALADDIN.build/Debug-iphonesimulator/ALADDIN.build/ALADDIN-all-target-headers.hmap -Xcc -iquote -Xcc /Users/sergejhlystov/Library/Developer/Xcode/DerivedData/ALADDIN-eahryzmutvtbyceygnlyjsmiiaha/Build/Intermediates.noindex/ALADDIN.build/Debug-iphonesimulator/ALADDIN.build/ALADDIN-project-headers.hmap -Xcc -I/Users/sergejhlystov/Library/Developer/Xcode/DerivedData/ALADDIN-eahryzmutvtbyceygnlyjsmiiaha/Build/Products/Debug-iphonesimulator/include -Xcc -I/Users/sergejhlystov/Library/Developer/Xcode/DerivedData/ALADDIN-eahryzmutvtbyceygnlyjsmiiaha/Build/Intermediates.noindex/ALADDIN.build/Debug-iphonesimulator/ALADDIN.build/DerivedSources-normal/x86_64 -Xcc -I/Users/sergejhlystov/Library/Developer/Xcode/DerivedData/ALADDIN-eahryzmutvtbyceygnlyjsmiiaha/Build/Intermediates.noindex/ALADDIN.build/Debug-iphonesimulator/ALADDIN.build/DerivedSources/x86_64 -Xcc -I/Users/sergejhlystov/Library/Developer/Xcode/DerivedData/ALADDIN-eahryzmutvtbyceygnlyjsmiiaha/Build/Intermediates.noindex/ALADDIN.build/Debug-iphonesimulator/ALADDIN.build/DerivedSources -Xcc -DDEBUG\=1 -emit-objc-header -emit-objc-header-path /Users/sergejhlystov/Library/Developer/Xcode/DerivedData/ALADDIN-eahryzmutvtbyceygnlyjsmiiaha/Build/Intermediates.noindex/ALADDIN.build/Debug-iphonesimulator/ALADDIN.build/Objects-normal/x86_64/ALADDIN-Swift.h -working-directory /Users/sergejhlystov/ALADDIN_NEW/ALADDIN_NEW/mobile_apps/ALADDIN_iOS

CompileSwift normal x86_64 /Users/sergejhlystov/ALADDIN_NEW/ALADDIN_NEW/mobile_apps/ALADDIN_iOS/Screens/RewardsQuickModal.swift (in target 'ALADDIN' from project 'ALADDIN')
    cd /Users/sergejhlystov/ALADDIN_NEW/ALADDIN_NEW/mobile_apps/ALADDIN_iOS
    /Applications/Xcode.app/Contents/Developer/Toolchains/XcodeDefault.xctoolchain/usr/bin/swift-frontend -frontend -c -primary-file /Users/sergejhlystov/ALADDIN_NEW/ALADDIN_NEW/mobile_apps/ALADDIN_iOS/Screens/RewardsQuickModal.swift -primary-file /Users/sergejhlystov/ALADDIN_NEW/ALADDIN_NEW/mobile_apps/ALADDIN_iOS/Screens/08_ChildInterfaceScreen.swift -primary-file /Users/sergejhlystov/ALADDIN_NEW/ALADDIN_NEW/mobile_apps/ALADDIN_iOS/ContentView.swift -primary-file /Users/sergejhlystov/ALADDIN_NEW/ALADDIN_NEW/mobile_apps/ALADDIN_iOS/Shared/Components/ALADDINToggle.swift -primary-file /Users/sergejhlystov/ALADDIN_NEW/ALADDIN_NEW/mobile_apps/ALADDIN_iOS/Components/Modals/AgeGroupSelectionModal.swift -primary-file /Users/sergejhlystov/ALADDIN_NEW/ALADDIN_NEW/mobile_apps/ALADDIN_iOS/ALADDINApp.swift -primary-file /Users/sergejhlystov/ALADDIN_NEW/ALADDIN_NEW/mobile_apps/ALADDIN_iOS/Shared/Models/FunctionStatus.swift -primary-file /Users/sergejhlystov/ALADDIN_NEW/ALADDIN_NEW/mobile_apps/ALADDIN_iOS/ViewModels/MainViewModel.swift -primary-file /Users/sergejhlystov/ALADDIN_NEW/ALADDIN_NEW/mobile_apps/ALADDIN_iOS/Shared/Components/Buttons/PrimaryButton.swift -primary-file /Users/sergejhlystov/ALADDIN_NEW/ALADDIN_NEW/mobile_apps/ALADDIN_iOS/Screens/NotificationSettingsScreen.swift -primary-file /Users/sergejhlystov/ALADDIN_NEW/ALADDIN_NEW/mobile_apps/ALADDIN_iOS/Screens/ChildContentScreen.swift -primary-file /Users/sergejhlystov/ALADDIN_NEW/ALADDIN_NEW/mobile_apps/ALADDIN_iOS/Shared/Components/StatItem.swift /Users/sergejhlystov/ALADDIN_NEW/ALADDIN_NEW/mobile_apps/ALADDIN_iOS/Shared/Components/Cards/FamilyMemberCard.swift /Users/sergejhlystov/ALADDIN_NEW/ALADDIN_NEW/mobile_apps/ALADDIN_iOS/ViewModels/VPNViewModel.swift /Users/sergejhlystov/ALADDIN_NEW/ALADDIN_NEW/mobile_apps/ALADDIN_iOS/Core/Models/APIModels.swift /Users/sergejhlystov/ALADDIN_NEW/ALADDIN_NEW/mobile_apps/ALADDIN_iOS/Core/VPN/VPNManager.swift /Users/sergejhlystov/ALADDIN_NEW/ALADDIN_NEW/mobile_apps/ALADDIN_iOS/Screens/UnicornPetView.swift /Users/sergejhlystov/ALADDIN_NEW/ALADDIN_NEW/mobile_apps/ALADDIN_iOS/Core/Network/APIService.swift /Users/sergejhlystov/ALADDIN_NEW/ALADDIN_NEW/mobile_apps/ALADDIN_iOS/Screens/18_PrivacyPolicyScreen.swift /Users/sergejhlystov/ALADDIN_NEW/ALADDIN_NEW/mobile_apps/ALADDIN_iOS/Screens/10_TariffsScreen.swift /Users/sergejhlystov/ALADDIN_NEW/ALADDIN_NEW/mobile_apps/ALADDIN_iOS/Screens/03_VPNScreen.swift /Users/sergejhlystov/ALADDIN_NEW/ALADDIN_NEW/mobile_apps/ALADDIN_iOS/Screens/09_ElderlyInterfaceScreen.swift /Users/sergejhlystov/ALADDIN_NEW/ALADDIN_NEW/mobile_apps/ALADDIN_iOS/Shared/Components/SecondaryButton.swift /Users/sergejhlystov/ALADDIN_NEW/ALADDIN_NEW/mobile_apps/ALADDIN_iOS/Screens/11_ProfileScreen.swift /Users/sergejhlystov/ALADDIN_NEW/ALADDIN_NEW/mobile_apps/ALADDIN_iOS/Core/Network/NetworkManager.swift /Users/sergejhlystov/ALADDIN_NEW/ALADDIN_NEW/mobile_apps/ALADDIN_iOS/Screens/19_TermsOfServiceScreen.swift /Users/sergejhlystov/ALADDIN_NEW/ALADDIN_NEW/mobile_apps/ALADDIN_iOS/Core/Config/AppConfig.swift /Users/sergejhlystov/ALADDIN_NEW/ALADDIN_NEW/mobile_apps/ALADDIN_iOS/ViewModels/FamilyViewModel.swift /Users/sergejhlystov/ALADDIN_NEW/ALADDIN_NEW/mobile_apps/ALADDIN_iOS/ViewModels/AIAssistantViewModel.swift /Users/sergejhlystov/ALADDIN_NEW/ALADDIN_NEW/mobile_apps/ALADDIN_iOS/Screens/22_DeviceDetailScreen.swift /Users/sergejhlystov/ALADDIN_NEW/ALADDIN_NEW/mobile_apps/ALADDIN_iOS/Screens/WidgetConfigurationScreen.swift /Users/sergejhlystov/ALADDIN_NEW/ALADDIN_NEW/mobile_apps/ALADDIN_iOS/Core/Security/KeychainManager.swift /Users/sergejhlystov/ALADDIN_NEW/ALADDIN_NEW/mobile_apps/ALADDIN_iOS/Shared/Components/Modals/MemberStatsModalView.swift /Users/sergejhlystov/ALADDIN_NEW/ALADDIN_NEW/mobile_apps/ALADDIN_iOS/Shared/Styles/Spacing.swift /Users/sergejhlystov/ALADDIN_NEW/ALADDIN_NEW/mobile_apps/ALADDIN_iOS/Shared/Components/RecoveryOptionsModal.swift /Users/sergejhlystov/ALADDIN_NEW/ALADDIN_NEW/mobile_apps/ALADDIN_iOS/ViewModels/SettingsViewModel.swift /Users/sergejhlystov/ALADDIN_NEW/ALADDIN_NEW/mobile_apps/ALADDIN_iOS/Shared/Components/InfoRow.swift /Users/sergejhlystov/ALADDIN_NEW/ALADDIN_NEW/mobile_apps/ALADDIN_iOS/Screens/25_PaymentQRScreen.swift /Users/sergejhlystov/ALADDIN_NEW/ALADDIN_NEW/mobile_apps/ALADDIN_iOS/Shared/Components/Modals/RoleSelectionModal.swift /Users/sergejhlystov/ALADDIN_NEW/ALADDIN_NEW/mobile_apps/ALADDIN_iOS/ViewModels/SupportViewModel.swift /Users/sergejhlystov/ALADDIN_NEW/ALADDIN_NEW/mobile_apps/ALADDIN_iOS/ViewModels/ChildInterfaceViewModel.swift /Users/sergejhlystov/ALADDIN_NEW/ALADDIN_NEW/mobile_apps/ALADDIN_iOS/Screens/12_NotificationsScreen.swift /Users/sergejhlystov/ALADDIN_NEW/ALADDIN_NEW/mobile_apps/ALADDIN_iOS/ViewModels/ElderlyInterfaceViewModel.swift /Users/sergejhlystov/ALADDIN_NEW/ALADDIN_NEW/mobile_apps/ALADDIN_iOS/ViewModels/AnalyticsViewModel.swift /Users/sergejhlystov/ALADDIN_NEW/ALADDIN_NEW/mobile_apps/ALADDIN_iOS/Core/Cache/CacheManager.swift /Users/sergejhlystov/ALADDIN_NEW/ALADDIN_NEW/mobile_apps/ALADDIN_iOS/ViewModels/NotificationsViewModel.swift /Users/sergejhlystov/ALADDIN_NEW/ALADDIN_NEW/mobile_apps/ALADDIN_iOS/Screens/06_AIAssistantScreen.swift /Users/sergejhlystov/ALADDIN_NEW/ALADDIN_NEW/mobile_apps/ALADDIN_iOS/ViewModels/ProfileViewModel.swift /Users/sergejhlystov/ALADDIN_NEW/ALADDIN_NEW/mobile_apps/ALADDIN_iOS/Components/Modals/ConsentModal.swift /Users/sergejhlystov/ALADDIN_NEW/ALADDIN_NEW/mobile_apps/ALADDIN_iOS/ViewModels/ParentalControlViewModel.swift /Users/sergejhlystov/ALADDIN_NEW/ALADDIN_NEW/mobile_apps/ALADDIN_iOS/ViewModels/OnboardingViewModel.swift /Users/sergejhlystov/ALADDIN_NEW/ALADDIN_NEW/mobile_apps/ALADDIN_iOS/Shared/Styles/Colors.swift /Users/sergejhlystov/ALADDIN_NEW/ALADDIN_NEW/mobile_apps/ALADDIN_iOS/Screens/ChildRewardsScreen.swift /Users/sergejhlystov/ALADDIN_NEW/ALADDIN_NEW/mobile_apps/ALADDIN_iOS/Screens/21_ReferralScreen.swift /Users/sergejhlystov/ALADDIN_NEW/ALADDIN_NEW/mobile_apps/ALADDIN_iOS/Shared/Components/AvatarSelector.swift /Users/sergejhlystov/ALADDIN_NEW/ALADDIN_NEW/mobile_apps/ALADDIN_iOS/Shared/Components/Navigation/ALADDINNavigationBar.swift /Users/sergejhlystov/ALADDIN_NEW/ALADDIN_NEW/mobile_apps/ALADDIN_iOS/Screens/14_OnboardingScreen.swift /Users/sergejhlystov/ALADDIN_NEW/ALADDIN_NEW/mobile_apps/ALADDIN_iOS/Components/Modals/FamilyCreatedModal.swift /Users/sergejhlystov/ALADDIN_NEW/ALADDIN_NEW/mobile_apps/ALADDIN_iOS/ViewModels/PaymentQRViewModel.swift /Users/sergejhlystov/ALADDIN_NEW/ALADDIN_NEW/mobile_apps/ALADDIN_iOS/Core/Navigation/NavigationManager.swift /Users/sergejhlystov/ALADDIN_NEW/ALADDIN_NEW/mobile_apps/ALADDIN_iOS/Core/Accessibility/AccessibilityManager.swift /Users/sergejhlystov/ALADDIN_NEW/ALADDIN_NEW/mobile_apps/ALADDIN_iOS/Core/Store/StoreManager.swift /Users/sergejhlystov/ALADDIN_NEW/ALADDIN_NEW/mobile_apps/ALADDIN_iOS/Screens/WheelOfFortuneView.swift /Users/sergejhlystov/ALADDIN_NEW/ALADDIN_NEW/mobile_apps/ALADDIN_iOS/Screens/UnicornUniverseView.swift /Users/sergejhlystov/ALADDIN_NEW/ALADDIN_NEW/mobile_apps/ALADDIN_iOS/Core/Localization/LocalizationManager.swift /Users/sergejhlystov/ALADDIN_NEW/ALADDIN_NEW/mobile_apps/ALADDIN_iOS/Screens/13_SupportScreen.swift /Users/sergejhlystov/ALADDIN_NEW/ALADDIN_NEW/mobile_apps/ALADDIN_iOS/Core/Analytics/AnalyticsManager.swift /Users/sergejhlystov/ALADDIN_NEW/ALADDIN_NEW/mobile_apps/ALADDIN_iOS/Screens/07_ParentalControlScreen.swift /Users/sergejhlystov/ALADDIN_NEW/ALADDIN_NEW/mobile_apps/ALADDIN_iOS/Screens/05_SettingsScreen.swift /Users/sergejhlystov/ALADDIN_NEW/ALADDIN_NEW/mobile_apps/ALADDIN_iOS/Screens/RewardsModalView.swift /Users/sergejhlystov/ALADDIN_NEW/ALADDIN_NEW/mobile_apps/ALADDIN_iOS/Screens/23_FamilyChatScreen.swift /Users/sergejhlystov/ALADDIN_NEW/ALADDIN_NEW/mobile_apps/ALADDIN_iOS/Screens/02_FamilyScreen.swift /Users/sergejhlystov/ALADDIN_NEW/ALADDIN_NEW/mobile_apps/ALADDIN_iOS/Screens/20_DevicesScreen.swift /Users/sergejhlystov/ALADDIN_NEW/ALADDIN_NEW/mobile_apps/ALADDIN_iOS/Shared/Components/ViewModifiers.swift /Users/sergejhlystov/ALADDIN_NEW/ALADDIN_NEW/mobile_apps/ALADDIN_iOS/Shared/Components/HapticFeedback.swift /Users/sergejhlystov/ALADDIN_NEW/ALADDIN_NEW/mobile_apps/ALADDIN_iOS/Screens/MainScreenWithRegistration.swift /Users/sergejhlystov/ALADDIN_NEW/ALADDIN_NEW/mobile_apps/ALADDIN_iOS/Core/Network/NetworkError.swift /Users/sergejhlystov/ALADDIN_NEW/ALADDIN_NEW/mobile_apps/ALADDIN_iOS/Screens/LanguageSettingsScreen.swift /Users/sergejhlystov/ALADDIN_NEW/ALADDIN_NEW/mobile_apps/ALADDIN_iOS/ViewModels/FamilyRegistrationViewModel.swift /Users/sergejhlystov/ALADDIN_NEW/ALADDIN_NEW/mobile_apps/ALADDIN_iOS/Shared/Styles/CornerRadius.swift /Users/sergejhlystov/ALADDIN_NEW/ALADDIN_NEW/mobile_apps/ALADDIN_iOS/Screens/01_MainScreen.swift /Users/sergejhlystov/ALADDIN_NEW/ALADDIN_NEW/mobile_apps/ALADDIN_iOS/Screens/FamilyTournamentView.swift /Users/sergejhlystov/ALADDIN_NEW/ALADDIN_NEW/mobile_apps/ALADDIN_iOS/Shared/Styles/Fonts.swift /Users/sergejhlystov/ALADDIN_NEW/ALADDIN_NEW/mobile_apps/ALADDIN_iOS/Screens/GamesParentalControlView.swift /Users/sergejhlystov/ALADDIN_NEW/ALADDIN_NEW/mobile_apps/ALADDIN_iOS/Shared/Components/QRScannerModal.swift /Users/sergejhlystov/ALADDIN_NEW/ALADDIN_NEW/mobile_apps/ALADDIN_iOS/Screens/04_AnalyticsScreen.swift /Users/sergejhlystov/ALADDIN_NEW/ALADDIN_NEW/mobile_apps/ALADDIN_iOS/Screens/24_VPNEnergyStatsScreen.swift /Users/sergejhlystov/ALADDIN_NEW/ALADDIN_NEW/mobile_apps/ALADDIN_iOS/Shared/Components/Modals/ProfileEditView.swift /Users/sergejhlystov/ALADDIN_NEW/ALADDIN_NEW/mobile_apps/ALADDIN_iOS/ViewModels/TariffsViewModel.swift /Users/sergejhlystov/ALADDIN_NEW/ALADDIN_NEW/mobile_apps/ALADDIN_iOS/Core/Notifications/NotificationManager.swift /Users/sergejhlystov/ALADDIN_NEW/ALADDIN_NEW/mobile_apps/ALADDIN_iOS/Core/Security/SecurityManager.swift -supplementary-output-file-map /var/folders/rf/6rxcyql17sz57_02ng7jd7pr0000gn/T/TemporaryDirectory.wFGpdC/supplementaryOutputs-1 -target x86_64-apple-ios15.0-simulator -enable-objc-interop -sdk /Applications/Xcode.app/Contents/Developer/Platforms/iPhoneSimulator.platform/Developer/SDKs/iPhoneSimulator15.2.sdk -I /Users/sergejhlystov/Library/Developer/Xcode/DerivedData/ALADDIN-eahryzmutvtbyceygnlyjsmiiaha/Build/Products/Debug-iphonesimulator -F /Users/sergejhlystov/Library/Developer/Xcode/DerivedData/ALADDIN-eahryzmutvtbyceygnlyjsmiiaha/Build/Products/Debug-iphonesimulator -enable-testing -g -module-cache-path /Users/sergejhlystov/Library/Developer/Xcode/DerivedData/ModuleCache.noindex -emit-localized-strings -emit-localized-strings-path /Users/sergejhlystov/Library/Developer/Xcode/DerivedData/ALADDIN-eahryzmutvtbyceygnlyjsmiiaha/Build/Intermediates.noindex/ALADDIN.build/Debug-iphonesimulator/ALADDIN.build/Objects-normal/x86_64 -swift-version 5 -enforce-exclusivity\=checked -Onone -D DEBUG -new-driver-path /Applications/Xcode.app/Contents/Developer/Toolchains/XcodeDefault.xctoolchain/usr/bin/swift-driver -serialize-debugging-options -Xcc -working-directory -Xcc /Users/sergejhlystov/ALADDIN_NEW/ALADDIN_NEW/mobile_apps/ALADDIN_iOS -resource-dir /Applications/Xcode.app/Contents/Developer/Toolchains/XcodeDefault.xctoolchain/usr/lib/swift -enable-anonymous-context-mangled-names -Xcc -I/Users/sergejhlystov/Library/Developer/Xcode/DerivedData/ALADDIN-eahryzmutvtbyceygnlyjsmiiaha/Build/Intermediates.noindex/ALADDIN.build/Debug-iphonesimulator/ALADDIN.build/swift-overrides.hmap -Xcc -iquote -Xcc /Users/sergejhlystov/Library/Developer/Xcode/DerivedData/ALADDIN-eahryzmutvtbyceygnlyjsmiiaha/Build/Intermediates.noindex/ALADDIN.build/Debug-iphonesimulator/ALADDIN.build/ALADDIN-generated-files.hmap -Xcc -I/Users/sergejhlystov/Library/Developer/Xcode/DerivedData/ALADDIN-eahryzmutvtbyceygnlyjsmiiaha/Build/Intermediates.noindex/ALADDIN.build/Debug-iphonesimulator/ALADDIN.build/ALADDIN-own-target-headers.hmap -Xcc -I/Users/sergejhlystov/Library/Developer/Xcode/DerivedData/ALADDIN-eahryzmutvtbyceygnlyjsmiiaha/Build/Intermediates.noindex/ALADDIN.build/Debug-iphonesimulator/ALADDIN.build/ALADDIN-all-target-headers.hmap -Xcc -iquote -Xcc /Users/sergejhlystov/Library/Developer/Xcode/DerivedData/ALADDIN-eahryzmutvtbyceygnlyjsmiiaha/Build/Intermediates.noindex/ALADDIN.build/Debug-iphonesimulator/ALADDIN.build/ALADDIN-project-headers.hmap -Xcc -I/Users/sergejhlystov/Library/Developer/Xcode/DerivedData/ALADDIN-eahryzmutvtbyceygnlyjsmiiaha/Build/Products/Debug-iphonesimulator/include -Xcc -I/Users/sergejhlystov/Library/Developer/Xcode/DerivedData/ALADDIN-eahryzmutvtbyceygnlyjsmiiaha/Build/Intermediates.noindex/ALADDIN.build/Debug-iphonesimulator/ALADDIN.build/DerivedSources-normal/x86_64 -Xcc -I/Users/sergejhlystov/Library/Developer/Xcode/DerivedData/ALADDIN-eahryzmutvtbyceygnlyjsmiiaha/Build/Intermediates.noindex/ALADDIN.build/Debug-iphonesimulator/ALADDIN.build/DerivedSources/x86_64 -Xcc -I/Users/sergejhlystov/Library/Developer/Xcode/DerivedData/ALADDIN-eahryzmutvtbyceygnlyjsmiiaha/Build/Intermediates.noindex/ALADDIN.build/Debug-iphonesimulator/ALADDIN.build/DerivedSources -Xcc -DDEBUG\=1 -module-name ALADDIN -target-sdk-version 15.2.0 -o /Users/sergejhlystov/Library/Developer/Xcode/DerivedData/ALADDIN-eahryzmutvtbyceygnlyjsmiiaha/Build/Intermediates.noindex/ALADDIN.build/Debug-iphonesimulator/ALADDIN.build/Objects-normal/x86_64/RewardsQuickModal.o -o /Users/sergejhlystov/Library/Developer/Xcode/DerivedData/ALADDIN-eahryzmutvtbyceygnlyjsmiiaha/Build/Intermediates.noindex/ALADDIN.build/Debug-iphonesimulator/ALADDIN.build/Objects-normal/x86_64/08_ChildInterfaceScreen.o -o /Users/sergejhlystov/Library/Developer/Xcode/DerivedData/ALADDIN-eahryzmutvtbyceygnlyjsmiiaha/Build/Intermediates.noindex/ALADDIN.build/Debug-iphonesimulator/ALADDIN.build/Objects-normal/x86_64/ContentView.o -o /Users/sergejhlystov/Library/Developer/Xcode/DerivedData/ALADDIN-eahryzmutvtbyceygnlyjsmiiaha/Build/Intermediates.noindex/ALADDIN.build/Debug-iphonesimulator/ALADDIN.build/Objects-normal/x86_64/ALADDINToggle.o -o /Users/sergejhlystov/Library/Developer/Xcode/DerivedData/ALADDIN-eahryzmutvtbyceygnlyjsmiiaha/Build/Intermediates.noindex/ALADDIN.build/Debug-iphonesimulator/ALADDIN.build/Objects-normal/x86_64/AgeGroupSelectionModal.o -o /Users/sergejhlystov/Library/Developer/Xcode/DerivedData/ALADDIN-eahryzmutvtbyceygnlyjsmiiaha/Build/Intermediates.noindex/ALADDIN.build/Debug-iphonesimulator/ALADDIN.build/Objects-normal/x86_64/ALADDINApp.o -o /Users/sergejhlystov/Library/Developer/Xcode/DerivedData/ALADDIN-eahryzmutvtbyceygnlyjsmiiaha/Build/Intermediates.noindex/ALADDIN.build/Debug-iphonesimulator/ALADDIN.build/Objects-normal/x86_64/FunctionStatus.o -o /Users/sergejhlystov/Library/Developer/Xcode/DerivedData/ALADDIN-eahryzmutvtbyceygnlyjsmiiaha/Build/Intermediates.noindex/ALADDIN.build/Debug-iphonesimulator/ALADDIN.build/Objects-normal/x86_64/MainViewModel.o -o /Users/sergejhlystov/Library/Developer/Xcode/DerivedData/ALADDIN-eahryzmutvtbyceygnlyjsmiiaha/Build/Intermediates.noindex/ALADDIN.build/Debug-iphonesimulator/ALADDIN.build/Objects-normal/x86_64/PrimaryButton.o -o /Users/sergejhlystov/Library/Developer/Xcode/DerivedData/ALADDIN-eahryzmutvtbyceygnlyjsmiiaha/Build/Intermediates.noindex/ALADDIN.build/Debug-iphonesimulator/ALADDIN.build/Objects-normal/x86_64/NotificationSettingsScreen.o -o /Users/sergejhlystov/Library/Developer/Xcode/DerivedData/ALADDIN-eahryzmutvtbyceygnlyjsmiiaha/Build/Intermediates.noindex/ALADDIN.build/Debug-iphonesimulator/ALADDIN.build/Objects-normal/x86_64/ChildContentScreen.o -o /Users/sergejhlystov/Library/Developer/Xcode/DerivedData/ALADDIN-eahryzmutvtbyceygnlyjsmiiaha/Build/Intermediates.noindex/ALADDIN.build/Debug-iphonesimulator/ALADDIN.build/Objects-normal/x86_64/StatItem.o -index-store-path /Users/sergejhlystov/Library/Developer/Xcode/DerivedData/ALADDIN-eahryzmutvtbyceygnlyjsmiiaha/Index/DataStore -index-system-modules
/Users/sergejhlystov/ALADDIN_NEW/ALADDIN_NEW/mobile_apps/ALADDIN_iOS/ALADDINApp.swift:112:6: error: invalid redeclaration of 'FamilyRole'
enum FamilyRole: String {
     ^
/Users/sergejhlystov/ALADDIN_NEW/ALADDIN_NEW/mobile_apps/ALADDIN_iOS/ViewModels/FamilyRegistrationViewModel.swift:6:6: note: 'FamilyRole' previously declared here
enum FamilyRole: String, Codable, CaseIterable, Identifiable {
     ^
/Users/sergejhlystov/Library/Developer/Xcode/DerivedData/ALADDIN-eahryzmutvtbyceygnlyjsmiiaha/Build/Intermediates.noindex/ALADDIN.build/Debug-iphonesimulator/ALADDIN.build/Objects-normal/x86_64/RewardsQuickModal.dia:1:1: warning: Could not read serialized diagnostics file: error("Invalid diagnostics signature") (in target 'ALADDIN' from project 'ALADDIN')
Command CompileSwift failed with a nonzero exit code

CompileSwift normal x86_64 /Users/sergejhlystov/ALADDIN_NEW/ALADDIN_NEW/mobile_apps/ALADDIN_iOS/Screens/08_ChildInterfaceScreen.swift (in target 'ALADDIN' from project 'ALADDIN')
    cd /Users/sergejhlystov/ALADDIN_NEW/ALADDIN_NEW/mobile_apps/ALADDIN_iOS
    /Applications/Xcode.app/Contents/Developer/Toolchains/XcodeDefault.xctoolchain/usr/bin/swift-frontend -frontend -c -primary-file /Users/sergejhlystov/ALADDIN_NEW/ALADDIN_NEW/mobile_apps/ALADDIN_iOS/Screens/RewardsQuickModal.swift -primary-file /Users/sergejhlystov/ALADDIN_NEW/ALADDIN_NEW/mobile_apps/ALADDIN_iOS/Screens/08_ChildInterfaceScreen.swift -primary-file /Users/sergejhlystov/ALADDIN_NEW/ALADDIN_NEW/mobile_apps/ALADDIN_iOS/ContentView.swift -primary-file /Users/sergejhlystov/ALADDIN_NEW/ALADDIN_NEW/mobile_apps/ALADDIN_iOS/Shared/Components/ALADDINToggle.swift -primary-file /Users/sergejhlystov/ALADDIN_NEW/ALADDIN_NEW/mobile_apps/ALADDIN_iOS/Components/Modals/AgeGroupSelectionModal.swift -primary-file /Users/sergejhlystov/ALADDIN_NEW/ALADDIN_NEW/mobile_apps/ALADDIN_iOS/ALADDINApp.swift -primary-file /Users/sergejhlystov/ALADDIN_NEW/ALADDIN_NEW/mobile_apps/ALADDIN_iOS/Shared/Models/FunctionStatus.swift -primary-file /Users/sergejhlystov/ALADDIN_NEW/ALADDIN_NEW/mobile_apps/ALADDIN_iOS/ViewModels/MainViewModel.swift -primary-file /Users/sergejhlystov/ALADDIN_NEW/ALADDIN_NEW/mobile_apps/ALADDIN_iOS/Shared/Components/Buttons/PrimaryButton.swift -primary-file /Users/sergejhlystov/ALADDIN_NEW/ALADDIN_NEW/mobile_apps/ALADDIN_iOS/Screens/NotificationSettingsScreen.swift -primary-file /Users/sergejhlystov/ALADDIN_NEW/ALADDIN_NEW/mobile_apps/ALADDIN_iOS/Screens/ChildContentScreen.swift -primary-file /Users/sergejhlystov/ALADDIN_NEW/ALADDIN_NEW/mobile_apps/ALADDIN_iOS/Shared/Components/StatItem.swift /Users/sergejhlystov/ALADDIN_NEW/ALADDIN_NEW/mobile_apps/ALADDIN_iOS/Shared/Components/Cards/FamilyMemberCard.swift /Users/sergejhlystov/ALADDIN_NEW/ALADDIN_NEW/mobile_apps/ALADDIN_iOS/ViewModels/VPNViewModel.swift /Users/sergejhlystov/ALADDIN_NEW/ALADDIN_NEW/mobile_apps/ALADDIN_iOS/Core/Models/APIModels.swift /Users/sergejhlystov/ALADDIN_NEW/ALADDIN_NEW/mobile_apps/ALADDIN_iOS/Core/VPN/VPNManager.swift /Users/sergejhlystov/ALADDIN_NEW/ALADDIN_NEW/mobile_apps/ALADDIN_iOS/Screens/UnicornPetView.swift /Users/sergejhlystov/ALADDIN_NEW/ALADDIN_NEW/mobile_apps/ALADDIN_iOS/Core/Network/APIService.swift /Users/sergejhlystov/ALADDIN_NEW/ALADDIN_NEW/mobile_apps/ALADDIN_iOS/Screens/18_PrivacyPolicyScreen.swift /Users/sergejhlystov/ALADDIN_NEW/ALADDIN_NEW/mobile_apps/ALADDIN_iOS/Screens/10_TariffsScreen.swift /Users/sergejhlystov/ALADDIN_NEW/ALADDIN_NEW/mobile_apps/ALADDIN_iOS/Screens/03_VPNScreen.swift /Users/sergejhlystov/ALADDIN_NEW/ALADDIN_NEW/mobile_apps/ALADDIN_iOS/Screens/09_ElderlyInterfaceScreen.swift /Users/sergejhlystov/ALADDIN_NEW/ALADDIN_NEW/mobile_apps/ALADDIN_iOS/Shared/Components/SecondaryButton.swift /Users/sergejhlystov/ALADDIN_NEW/ALADDIN_NEW/mobile_apps/ALADDIN_iOS/Screens/11_ProfileScreen.swift /Users/sergejhlystov/ALADDIN_NEW/ALADDIN_NEW/mobile_apps/ALADDIN_iOS/Core/Network/NetworkManager.swift /Users/sergejhlystov/ALADDIN_NEW/ALADDIN_NEW/mobile_apps/ALADDIN_iOS/Screens/19_TermsOfServiceScreen.swift /Users/sergejhlystov/ALADDIN_NEW/ALADDIN_NEW/mobile_apps/ALADDIN_iOS/Core/Config/AppConfig.swift /Users/sergejhlystov/ALADDIN_NEW/ALADDIN_NEW/mobile_apps/ALADDIN_iOS/ViewModels/FamilyViewModel.swift /Users/sergejhlystov/ALADDIN_NEW/ALADDIN_NEW/mobile_apps/ALADDIN_iOS/ViewModels/AIAssistantViewModel.swift /Users/sergejhlystov/ALADDIN_NEW/ALADDIN_NEW/mobile_apps/ALADDIN_iOS/Screens/22_DeviceDetailScreen.swift /Users/sergejhlystov/ALADDIN_NEW/ALADDIN_NEW/mobile_apps/ALADDIN_iOS/Screens/WidgetConfigurationScreen.swift /Users/sergejhlystov/ALADDIN_NEW/ALADDIN_NEW/mobile_apps/ALADDIN_iOS/Core/Security/KeychainManager.swift /Users/sergejhlystov/ALADDIN_NEW/ALADDIN_NEW/mobile_apps/ALADDIN_iOS/Shared/Components/Modals/MemberStatsModalView.swift /Users/sergejhlystov/ALADDIN_NEW/ALADDIN_NEW/mobile_apps/ALADDIN_iOS/Shared/Styles/Spacing.swift /Users/sergejhlystov/ALADDIN_NEW/ALADDIN_NEW/mobile_apps/ALADDIN_iOS/Shared/Components/RecoveryOptionsModal.swift /Users/sergejhlystov/ALADDIN_NEW/ALADDIN_NEW/mobile_apps/ALADDIN_iOS/ViewModels/SettingsViewModel.swift /Users/sergejhlystov/ALADDIN_NEW/ALADDIN_NEW/mobile_apps/ALADDIN_iOS/Shared/Components/InfoRow.swift /Users/sergejhlystov/ALADDIN_NEW/ALADDIN_NEW/mobile_apps/ALADDIN_iOS/Screens/25_PaymentQRScreen.swift /Users/sergejhlystov/ALADDIN_NEW/ALADDIN_NEW/mobile_apps/ALADDIN_iOS/Shared/Components/Modals/RoleSelectionModal.swift /Users/sergejhlystov/ALADDIN_NEW/ALADDIN_NEW/mobile_apps/ALADDIN_iOS/ViewModels/SupportViewModel.swift /Users/sergejhlystov/ALADDIN_NEW/ALADDIN_NEW/mobile_apps/ALADDIN_iOS/ViewModels/ChildInterfaceViewModel.swift /Users/sergejhlystov/ALADDIN_NEW/ALADDIN_NEW/mobile_apps/ALADDIN_iOS/Screens/12_NotificationsScreen.swift /Users/sergejhlystov/ALADDIN_NEW/ALADDIN_NEW/mobile_apps/ALADDIN_iOS/ViewModels/ElderlyInterfaceViewModel.swift /Users/sergejhlystov/ALADDIN_NEW/ALADDIN_NEW/mobile_apps/ALADDIN_iOS/ViewModels/AnalyticsViewModel.swift /Users/sergejhlystov/ALADDIN_NEW/ALADDIN_NEW/mobile_apps/ALADDIN_iOS/Core/Cache/CacheManager.swift /Users/sergejhlystov/ALADDIN_NEW/ALADDIN_NEW/mobile_apps/ALADDIN_iOS/ViewModels/NotificationsViewModel.swift /Users/sergejhlystov/ALADDIN_NEW/ALADDIN_NEW/mobile_apps/ALADDIN_iOS/Screens/06_AIAssistantScreen.swift /Users/sergejhlystov/ALADDIN_NEW/ALADDIN_NEW/mobile_apps/ALADDIN_iOS/ViewModels/ProfileViewModel.swift /Users/sergejhlystov/ALADDIN_NEW/ALADDIN_NEW/mobile_apps/ALADDIN_iOS/Components/Modals/ConsentModal.swift /Users/sergejhlystov/ALADDIN_NEW/ALADDIN_NEW/mobile_apps/ALADDIN_iOS/ViewModels/ParentalControlViewModel.swift /Users/sergejhlystov/ALADDIN_NEW/ALADDIN_NEW/mobile_apps/ALADDIN_iOS/ViewModels/OnboardingViewModel.swift /Users/sergejhlystov/ALADDIN_NEW/ALADDIN_NEW/mobile_apps/ALADDIN_iOS/Shared/Styles/Colors.swift /Users/sergejhlystov/ALADDIN_NEW/ALADDIN_NEW/mobile_apps/ALADDIN_iOS/Screens/ChildRewardsScreen.swift /Users/sergejhlystov/ALADDIN_NEW/ALADDIN_NEW/mobile_apps/ALADDIN_iOS/Screens/21_ReferralScreen.swift /Users/sergejhlystov/ALADDIN_NEW/ALADDIN_NEW/mobile_apps/ALADDIN_iOS/Shared/Components/AvatarSelector.swift /Users/sergejhlystov/ALADDIN_NEW/ALADDIN_NEW/mobile_apps/ALADDIN_iOS/Shared/Components/Navigation/ALADDINNavigationBar.swift /Users/sergejhlystov/ALADDIN_NEW/ALADDIN_NEW/mobile_apps/ALADDIN_iOS/Screens/14_OnboardingScreen.swift /Users/sergejhlystov/ALADDIN_NEW/ALADDIN_NEW/mobile_apps/ALADDIN_iOS/Components/Modals/FamilyCreatedModal.swift /Users/sergejhlystov/ALADDIN_NEW/ALADDIN_NEW/mobile_apps/ALADDIN_iOS/ViewModels/PaymentQRViewModel.swift /Users/sergejhlystov/ALADDIN_NEW/ALADDIN_NEW/mobile_apps/ALADDIN_iOS/Core/Navigation/NavigationManager.swift /Users/sergejhlystov/ALADDIN_NEW/ALADDIN_NEW/mobile_apps/ALADDIN_iOS/Core/Accessibility/AccessibilityManager.swift /Users/sergejhlystov/ALADDIN_NEW/ALADDIN_NEW/mobile_apps/ALADDIN_iOS/Core/Store/StoreManager.swift /Users/sergejhlystov/ALADDIN_NEW/ALADDIN_NEW/mobile_apps/ALADDIN_iOS/Screens/WheelOfFortuneView.swift /Users/sergejhlystov/ALADDIN_NEW/ALADDIN_NEW/mobile_apps/ALADDIN_iOS/Screens/UnicornUniverseView.swift /Users/sergejhlystov/ALADDIN_NEW/ALADDIN_NEW/mobile_apps/ALADDIN_iOS/Core/Localization/LocalizationManager.swift /Users/sergejhlystov/ALADDIN_NEW/ALADDIN_NEW/mobile_apps/ALADDIN_iOS/Screens/13_SupportScreen.swift /Users/sergejhlystov/ALADDIN_NEW/ALADDIN_NEW/mobile_apps/ALADDIN_iOS/Core/Analytics/AnalyticsManager.swift /Users/sergejhlystov/ALADDIN_NEW/ALADDIN_NEW/mobile_apps/ALADDIN_iOS/Screens/07_ParentalControlScreen.swift /Users/sergejhlystov/ALADDIN_NEW/ALADDIN_NEW/mobile_apps/ALADDIN_iOS/Screens/05_SettingsScreen.swift /Users/sergejhlystov/ALADDIN_NEW/ALADDIN_NEW/mobile_apps/ALADDIN_iOS/Screens/RewardsModalView.swift /Users/sergejhlystov/ALADDIN_NEW/ALADDIN_NEW/mobile_apps/ALADDIN_iOS/Screens/23_FamilyChatScreen.swift /Users/sergejhlystov/ALADDIN_NEW/ALADDIN_NEW/mobile_apps/ALADDIN_iOS/Screens/02_FamilyScreen.swift /Users/sergejhlystov/ALADDIN_NEW/ALADDIN_NEW/mobile_apps/ALADDIN_iOS/Screens/20_DevicesScreen.swift /Users/sergejhlystov/ALADDIN_NEW/ALADDIN_NEW/mobile_apps/ALADDIN_iOS/Shared/Components/ViewModifiers.swift /Users/sergejhlystov/ALADDIN_NEW/ALADDIN_NEW/mobile_apps/ALADDIN_iOS/Shared/Components/HapticFeedback.swift /Users/sergejhlystov/ALADDIN_NEW/ALADDIN_NEW/mobile_apps/ALADDIN_iOS/Screens/MainScreenWithRegistration.swift /Users/sergejhlystov/ALADDIN_NEW/ALADDIN_NEW/mobile_apps/ALADDIN_iOS/Core/Network/NetworkError.swift /Users/sergejhlystov/ALADDIN_NEW/ALADDIN_NEW/mobile_apps/ALADDIN_iOS/Screens/LanguageSettingsScreen.swift /Users/sergejhlystov/ALADDIN_NEW/ALADDIN_NEW/mobile_apps/ALADDIN_iOS/ViewModels/FamilyRegistrationViewModel.swift /Users/sergejhlystov/ALADDIN_NEW/ALADDIN_NEW/mobile_apps/ALADDIN_iOS/Shared/Styles/CornerRadius.swift /Users/sergejhlystov/ALADDIN_NEW/ALADDIN_NEW/mobile_apps/ALADDIN_iOS/Screens/01_MainScreen.swift /Users/sergejhlystov/ALADDIN_NEW/ALADDIN_NEW/mobile_apps/ALADDIN_iOS/Screens/FamilyTournamentView.swift /Users/sergejhlystov/ALADDIN_NEW/ALADDIN_NEW/mobile_apps/ALADDIN_iOS/Shared/Styles/Fonts.swift /Users/sergejhlystov/ALADDIN_NEW/ALADDIN_NEW/mobile_apps/ALADDIN_iOS/Screens/GamesParentalControlView.swift /Users/sergejhlystov/ALADDIN_NEW/ALADDIN_NEW/mobile_apps/ALADDIN_iOS/Shared/Components/QRScannerModal.swift /Users/sergejhlystov/ALADDIN_NEW/ALADDIN_NEW/mobile_apps/ALADDIN_iOS/Screens/04_AnalyticsScreen.swift /Users/sergejhlystov/ALADDIN_NEW/ALADDIN_NEW/mobile_apps/ALADDIN_iOS/Screens/24_VPNEnergyStatsScreen.swift /Users/sergejhlystov/ALADDIN_NEW/ALADDIN_NEW/mobile_apps/ALADDIN_iOS/Shared/Components/Modals/ProfileEditView.swift /Users/sergejhlystov/ALADDIN_NEW/ALADDIN_NEW/mobile_apps/ALADDIN_iOS/ViewModels/TariffsViewModel.swift /Users/sergejhlystov/ALADDIN_NEW/ALADDIN_NEW/mobile_apps/ALADDIN_iOS/Core/Notifications/NotificationManager.swift /Users/sergejhlystov/ALADDIN_NEW/ALADDIN_NEW/mobile_apps/ALADDIN_iOS/Core/Security/SecurityManager.swift -supplementary-output-file-map /var/folders/rf/6rxcyql17sz57_02ng7jd7pr0000gn/T/TemporaryDirectory.wFGpdC/supplementaryOutputs-1 -target x86_64-apple-ios15.0-simulator -enable-objc-interop -sdk /Applications/Xcode.app/Contents/Developer/Platforms/iPhoneSimulator.platform/Developer/SDKs/iPhoneSimulator15.2.sdk -I /Users/sergejhlystov/Library/Developer/Xcode/DerivedData/ALADDIN-eahryzmutvtbyceygnlyjsmiiaha/Build/Products/Debug-iphonesimulator -F /Users/sergejhlystov/Library/Developer/Xcode/DerivedData/ALADDIN-eahryzmutvtbyceygnlyjsmiiaha/Build/Products/Debug-iphonesimulator -enable-testing -g -module-cache-path /Users/sergejhlystov/Library/Developer/Xcode/DerivedData/ModuleCache.noindex -emit-localized-strings -emit-localized-strings-path /Users/sergejhlystov/Library/Developer/Xcode/DerivedData/ALADDIN-eahryzmutvtbyceygnlyjsmiiaha/Build/Intermediates.noindex/ALADDIN.build/Debug-iphonesimulator/ALADDIN.build/Objects-normal/x86_64 -swift-version 5 -enforce-exclusivity\=checked -Onone -D DEBUG -new-driver-path /Applications/Xcode.app/Contents/Developer/Toolchains/XcodeDefault.xctoolchain/usr/bin/swift-driver -serialize-debugging-options -Xcc -working-directory -Xcc /Users/sergejhlystov/ALADDIN_NEW/ALADDIN_NEW/mobile_apps/ALADDIN_iOS -resource-dir /Applications/Xcode.app/Contents/Developer/Toolchains/XcodeDefault.xctoolchain/usr/lib/swift -enable-anonymous-context-mangled-names -Xcc -I/Users/sergejhlystov/Library/Developer/Xcode/DerivedData/ALADDIN-eahryzmutvtbyceygnlyjsmiiaha/Build/Intermediates.noindex/ALADDIN.build/Debug-iphonesimulator/ALADDIN.build/swift-overrides.hmap -Xcc -iquote -Xcc /Users/sergejhlystov/Library/Developer/Xcode/DerivedData/ALADDIN-eahryzmutvtbyceygnlyjsmiiaha/Build/Intermediates.noindex/ALADDIN.build/Debug-iphonesimulator/ALADDIN.build/ALADDIN-generated-files.hmap -Xcc -I/Users/sergejhlystov/Library/Developer/Xcode/DerivedData/ALADDIN-eahryzmutvtbyceygnlyjsmiiaha/Build/Intermediates.noindex/ALADDIN.build/Debug-iphonesimulator/ALADDIN.build/ALADDIN-own-target-headers.hmap -Xcc -I/Users/sergejhlystov/Library/Developer/Xcode/DerivedData/ALADDIN-eahryzmutvtbyceygnlyjsmiiaha/Build/Intermediates.noindex/ALADDIN.build/Debug-iphonesimulator/ALADDIN.build/ALADDIN-all-target-headers.hmap -Xcc -iquote -Xcc /Users/sergejhlystov/Library/Developer/Xcode/DerivedData/ALADDIN-eahryzmutvtbyceygnlyjsmiiaha/Build/Intermediates.noindex/ALADDIN.build/Debug-iphonesimulator/ALADDIN.build/ALADDIN-project-headers.hmap -Xcc -I/Users/sergejhlystov/Library/Developer/Xcode/DerivedData/ALADDIN-eahryzmutvtbyceygnlyjsmiiaha/Build/Products/Debug-iphonesimulator/include -Xcc -I/Users/sergejhlystov/Library/Developer/Xcode/DerivedData/ALADDIN-eahryzmutvtbyceygnlyjsmiiaha/Build/Intermediates.noindex/ALADDIN.build/Debug-iphonesimulator/ALADDIN.build/DerivedSources-normal/x86_64 -Xcc -I/Users/sergejhlystov/Library/Developer/Xcode/DerivedData/ALADDIN-eahryzmutvtbyceygnlyjsmiiaha/Build/Intermediates.noindex/ALADDIN.build/Debug-iphonesimulator/ALADDIN.build/DerivedSources/x86_64 -Xcc -I/Users/sergejhlystov/Library/Developer/Xcode/DerivedData/ALADDIN-eahryzmutvtbyceygnlyjsmiiaha/Build/Intermediates.noindex/ALADDIN.build/Debug-iphonesimulator/ALADDIN.build/DerivedSources -Xcc -DDEBUG\=1 -module-name ALADDIN -target-sdk-version 15.2.0 -o /Users/sergejhlystov/Library/Developer/Xcode/DerivedData/ALADDIN-eahryzmutvtbyceygnlyjsmiiaha/Build/Intermediates.noindex/ALADDIN.build/Debug-iphonesimulator/ALADDIN.build/Objects-normal/x86_64/RewardsQuickModal.o -o /Users/sergejhlystov/Library/Developer/Xcode/DerivedData/ALADDIN-eahryzmutvtbyceygnlyjsmiiaha/Build/Intermediates.noindex/ALADDIN.build/Debug-iphonesimulator/ALADDIN.build/Objects-normal/x86_64/08_ChildInterfaceScreen.o -o /Users/sergejhlystov/Library/Developer/Xcode/DerivedData/ALADDIN-eahryzmutvtbyceygnlyjsmiiaha/Build/Intermediates.noindex/ALADDIN.build/Debug-iphonesimulator/ALADDIN.build/Objects-normal/x86_64/ContentView.o -o /Users/sergejhlystov/Library/Developer/Xcode/DerivedData/ALADDIN-eahryzmutvtbyceygnlyjsmiiaha/Build/Intermediates.noindex/ALADDIN.build/Debug-iphonesimulator/ALADDIN.build/Objects-normal/x86_64/ALADDINToggle.o -o /Users/sergejhlystov/Library/Developer/Xcode/DerivedData/ALADDIN-eahryzmutvtbyceygnlyjsmiiaha/Build/Intermediates.noindex/ALADDIN.build/Debug-iphonesimulator/ALADDIN.build/Objects-normal/x86_64/AgeGroupSelectionModal.o -o /Users/sergejhlystov/Library/Developer/Xcode/DerivedData/ALADDIN-eahryzmutvtbyceygnlyjsmiiaha/Build/Intermediates.noindex/ALADDIN.build/Debug-iphonesimulator/ALADDIN.build/Objects-normal/x86_64/ALADDINApp.o -o /Users/sergejhlystov/Library/Developer/Xcode/DerivedData/ALADDIN-eahryzmutvtbyceygnlyjsmiiaha/Build/Intermediates.noindex/ALADDIN.build/Debug-iphonesimulator/ALADDIN.build/Objects-normal/x86_64/FunctionStatus.o -o /Users/sergejhlystov/Library/Developer/Xcode/DerivedData/ALADDIN-eahryzmutvtbyceygnlyjsmiiaha/Build/Intermediates.noindex/ALADDIN.build/Debug-iphonesimulator/ALADDIN.build/Objects-normal/x86_64/MainViewModel.o -o /Users/sergejhlystov/Library/Developer/Xcode/DerivedData/ALADDIN-eahryzmutvtbyceygnlyjsmiiaha/Build/Intermediates.noindex/ALADDIN.build/Debug-iphonesimulator/ALADDIN.build/Objects-normal/x86_64/PrimaryButton.o -o /Users/sergejhlystov/Library/Developer/Xcode/DerivedData/ALADDIN-eahryzmutvtbyceygnlyjsmiiaha/Build/Intermediates.noindex/ALADDIN.build/Debug-iphonesimulator/ALADDIN.build/Objects-normal/x86_64/NotificationSettingsScreen.o -o /Users/sergejhlystov/Library/Developer/Xcode/DerivedData/ALADDIN-eahryzmutvtbyceygnlyjsmiiaha/Build/Intermediates.noindex/ALADDIN.build/Debug-iphonesimulator/ALADDIN.build/Objects-normal/x86_64/ChildContentScreen.o -o /Users/sergejhlystov/Library/Developer/Xcode/DerivedData/ALADDIN-eahryzmutvtbyceygnlyjsmiiaha/Build/Intermediates.noindex/ALADDIN.build/Debug-iphonesimulator/ALADDIN.build/Objects-normal/x86_64/StatItem.o -index-store-path /Users/sergejhlystov/Library/Developer/Xcode/DerivedData/ALADDIN-eahryzmutvtbyceygnlyjsmiiaha/Index/DataStore -index-system-modules
/Users/sergejhlystov/ALADDIN_NEW/ALADDIN_NEW/mobile_apps/ALADDIN_iOS/ALADDINApp.swift:112:6: error: invalid redeclaration of 'FamilyRole'
enum FamilyRole: String {
     ^
/Users/sergejhlystov/ALADDIN_NEW/ALADDIN_NEW/mobile_apps/ALADDIN_iOS/ViewModels/FamilyRegistrationViewModel.swift:6:6: note: 'FamilyRole' previously declared here
enum FamilyRole: String, Codable, CaseIterable, Identifiable {
     ^
/Users/sergejhlystov/Library/Developer/Xcode/DerivedData/ALADDIN-eahryzmutvtbyceygnlyjsmiiaha/Build/Intermediates.noindex/ALADDIN.build/Debug-iphonesimulator/ALADDIN.build/Objects-normal/x86_64/08_ChildInterfaceScreen.dia:1:1: warning: Could not read serialized diagnostics file: error("Invalid diagnostics signature") (in target 'ALADDIN' from project 'ALADDIN')
Command CompileSwift failed with a nonzero exit code

CompileSwift normal x86_64 /Users/sergejhlystov/ALADDIN_NEW/ALADDIN_NEW/mobile_apps/ALADDIN_iOS/ContentView.swift (in target 'ALADDIN' from project 'ALADDIN')
    cd /Users/sergejhlystov/ALADDIN_NEW/ALADDIN_NEW/mobile_apps/ALADDIN_iOS
    /Applications/Xcode.app/Contents/Developer/Toolchains/XcodeDefault.xctoolchain/usr/bin/swift-frontend -frontend -c -primary-file /Users/sergejhlystov/ALADDIN_NEW/ALADDIN_NEW/mobile_apps/ALADDIN_iOS/Screens/RewardsQuickModal.swift -primary-file /Users/sergejhlystov/ALADDIN_NEW/ALADDIN_NEW/mobile_apps/ALADDIN_iOS/Screens/08_ChildInterfaceScreen.swift -primary-file /Users/sergejhlystov/ALADDIN_NEW/ALADDIN_NEW/mobile_apps/ALADDIN_iOS/ContentView.swift -primary-file /Users/sergejhlystov/ALADDIN_NEW/ALADDIN_NEW/mobile_apps/ALADDIN_iOS/Shared/Components/ALADDINToggle.swift -primary-file /Users/sergejhlystov/ALADDIN_NEW/ALADDIN_NEW/mobile_apps/ALADDIN_iOS/Components/Modals/AgeGroupSelectionModal.swift -primary-file /Users/sergejhlystov/ALADDIN_NEW/ALADDIN_NEW/mobile_apps/ALADDIN_iOS/ALADDINApp.swift -primary-file /Users/sergejhlystov/ALADDIN_NEW/ALADDIN_NEW/mobile_apps/ALADDIN_iOS/Shared/Models/FunctionStatus.swift -primary-file /Users/sergejhlystov/ALADDIN_NEW/ALADDIN_NEW/mobile_apps/ALADDIN_iOS/ViewModels/MainViewModel.swift -primary-file /Users/sergejhlystov/ALADDIN_NEW/ALADDIN_NEW/mobile_apps/ALADDIN_iOS/Shared/Components/Buttons/PrimaryButton.swift -primary-file /Users/sergejhlystov/ALADDIN_NEW/ALADDIN_NEW/mobile_apps/ALADDIN_iOS/Screens/NotificationSettingsScreen.swift -primary-file /Users/sergejhlystov/ALADDIN_NEW/ALADDIN_NEW/mobile_apps/ALADDIN_iOS/Screens/ChildContentScreen.swift -primary-file /Users/sergejhlystov/ALADDIN_NEW/ALADDIN_NEW/mobile_apps/ALADDIN_iOS/Shared/Components/StatItem.swift /Users/sergejhlystov/ALADDIN_NEW/ALADDIN_NEW/mobile_apps/ALADDIN_iOS/Shared/Components/Cards/FamilyMemberCard.swift /Users/sergejhlystov/ALADDIN_NEW/ALADDIN_NEW/mobile_apps/ALADDIN_iOS/ViewModels/VPNViewModel.swift /Users/sergejhlystov/ALADDIN_NEW/ALADDIN_NEW/mobile_apps/ALADDIN_iOS/Core/Models/APIModels.swift /Users/sergejhlystov/ALADDIN_NEW/ALADDIN_NEW/mobile_apps/ALADDIN_iOS/Core/VPN/VPNManager.swift /Users/sergejhlystov/ALADDIN_NEW/ALADDIN_NEW/mobile_apps/ALADDIN_iOS/Screens/UnicornPetView.swift /Users/sergejhlystov/ALADDIN_NEW/ALADDIN_NEW/mobile_apps/ALADDIN_iOS/Core/Network/APIService.swift /Users/sergejhlystov/ALADDIN_NEW/ALADDIN_NEW/mobile_apps/ALADDIN_iOS/Screens/18_PrivacyPolicyScreen.swift /Users/sergejhlystov/ALADDIN_NEW/ALADDIN_NEW/mobile_apps/ALADDIN_iOS/Screens/10_TariffsScreen.swift /Users/sergejhlystov/ALADDIN_NEW/ALADDIN_NEW/mobile_apps/ALADDIN_iOS/Screens/03_VPNScreen.swift /Users/sergejhlystov/ALADDIN_NEW/ALADDIN_NEW/mobile_apps/ALADDIN_iOS/Screens/09_ElderlyInterfaceScreen.swift /Users/sergejhlystov/ALADDIN_NEW/ALADDIN_NEW/mobile_apps/ALADDIN_iOS/Shared/Components/SecondaryButton.swift /Users/sergejhlystov/ALADDIN_NEW/ALADDIN_NEW/mobile_apps/ALADDIN_iOS/Screens/11_ProfileScreen.swift /Users/sergejhlystov/ALADDIN_NEW/ALADDIN_NEW/mobile_apps/ALADDIN_iOS/Core/Network/NetworkManager.swift /Users/sergejhlystov/ALADDIN_NEW/ALADDIN_NEW/mobile_apps/ALADDIN_iOS/Screens/19_TermsOfServiceScreen.swift /Users/sergejhlystov/ALADDIN_NEW/ALADDIN_NEW/mobile_apps/ALADDIN_iOS/Core/Config/AppConfig.swift /Users/sergejhlystov/ALADDIN_NEW/ALADDIN_NEW/mobile_apps/ALADDIN_iOS/ViewModels/FamilyViewModel.swift /Users/sergejhlystov/ALADDIN_NEW/ALADDIN_NEW/mobile_apps/ALADDIN_iOS/ViewModels/AIAssistantViewModel.swift /Users/sergejhlystov/ALADDIN_NEW/ALADDIN_NEW/mobile_apps/ALADDIN_iOS/Screens/22_DeviceDetailScreen.swift /Users/sergejhlystov/ALADDIN_NEW/ALADDIN_NEW/mobile_apps/ALADDIN_iOS/Screens/WidgetConfigurationScreen.swift /Users/sergejhlystov/ALADDIN_NEW/ALADDIN_NEW/mobile_apps/ALADDIN_iOS/Core/Security/KeychainManager.swift /Users/sergejhlystov/ALADDIN_NEW/ALADDIN_NEW/mobile_apps/ALADDIN_iOS/Shared/Components/Modals/MemberStatsModalView.swift /Users/sergejhlystov/ALADDIN_NEW/ALADDIN_NEW/mobile_apps/ALADDIN_iOS/Shared/Styles/Spacing.swift /Users/sergejhlystov/ALADDIN_NEW/ALADDIN_NEW/mobile_apps/ALADDIN_iOS/Shared/Components/RecoveryOptionsModal.swift /Users/sergejhlystov/ALADDIN_NEW/ALADDIN_NEW/mobile_apps/ALADDIN_iOS/ViewModels/SettingsViewModel.swift /Users/sergejhlystov/ALADDIN_NEW/ALADDIN_NEW/mobile_apps/ALADDIN_iOS/Shared/Components/InfoRow.swift /Users/sergejhlystov/ALADDIN_NEW/ALADDIN_NEW/mobile_apps/ALADDIN_iOS/Screens/25_PaymentQRScreen.swift /Users/sergejhlystov/ALADDIN_NEW/ALADDIN_NEW/mobile_apps/ALADDIN_iOS/Shared/Components/Modals/RoleSelectionModal.swift /Users/sergejhlystov/ALADDIN_NEW/ALADDIN_NEW/mobile_apps/ALADDIN_iOS/ViewModels/SupportViewModel.swift /Users/sergejhlystov/ALADDIN_NEW/ALADDIN_NEW/mobile_apps/ALADDIN_iOS/ViewModels/ChildInterfaceViewModel.swift /Users/sergejhlystov/ALADDIN_NEW/ALADDIN_NEW/mobile_apps/ALADDIN_iOS/Screens/12_NotificationsScreen.swift /Users/sergejhlystov/ALADDIN_NEW/ALADDIN_NEW/mobile_apps/ALADDIN_iOS/ViewModels/ElderlyInterfaceViewModel.swift /Users/sergejhlystov/ALADDIN_NEW/ALADDIN_NEW/mobile_apps/ALADDIN_iOS/ViewModels/AnalyticsViewModel.swift /Users/sergejhlystov/ALADDIN_NEW/ALADDIN_NEW/mobile_apps/ALADDIN_iOS/Core/Cache/CacheManager.swift /Users/sergejhlystov/ALADDIN_NEW/ALADDIN_NEW/mobile_apps/ALADDIN_iOS/ViewModels/NotificationsViewModel.swift /Users/sergejhlystov/ALADDIN_NEW/ALADDIN_NEW/mobile_apps/ALADDIN_iOS/Screens/06_AIAssistantScreen.swift /Users/sergejhlystov/ALADDIN_NEW/ALADDIN_NEW/mobile_apps/ALADDIN_iOS/ViewModels/ProfileViewModel.swift /Users/sergejhlystov/ALADDIN_NEW/ALADDIN_NEW/mobile_apps/ALADDIN_iOS/Components/Modals/ConsentModal.swift /Users/sergejhlystov/ALADDIN_NEW/ALADDIN_NEW/mobile_apps/ALADDIN_iOS/ViewModels/ParentalControlViewModel.swift /Users/sergejhlystov/ALADDIN_NEW/ALADDIN_NEW/mobile_apps/ALADDIN_iOS/ViewModels/OnboardingViewModel.swift /Users/sergejhlystov/ALADDIN_NEW/ALADDIN_NEW/mobile_apps/ALADDIN_iOS/Shared/Styles/Colors.swift /Users/sergejhlystov/ALADDIN_NEW/ALADDIN_NEW/mobile_apps/ALADDIN_iOS/Screens/ChildRewardsScreen.swift /Users/sergejhlystov/ALADDIN_NEW/ALADDIN_NEW/mobile_apps/ALADDIN_iOS/Screens/21_ReferralScreen.swift /Users/sergejhlystov/ALADDIN_NEW/ALADDIN_NEW/mobile_apps/ALADDIN_iOS/Shared/Components/AvatarSelector.swift /Users/sergejhlystov/ALADDIN_NEW/ALADDIN_NEW/mobile_apps/ALADDIN_iOS/Shared/Components/Navigation/ALADDINNavigationBar.swift /Users/sergejhlystov/ALADDIN_NEW/ALADDIN_NEW/mobile_apps/ALADDIN_iOS/Screens/14_OnboardingScreen.swift /Users/sergejhlystov/ALADDIN_NEW/ALADDIN_NEW/mobile_apps/ALADDIN_iOS/Components/Modals/FamilyCreatedModal.swift /Users/sergejhlystov/ALADDIN_NEW/ALADDIN_NEW/mobile_apps/ALADDIN_iOS/ViewModels/PaymentQRViewModel.swift /Users/sergejhlystov/ALADDIN_NEW/ALADDIN_NEW/mobile_apps/ALADDIN_iOS/Core/Navigation/NavigationManager.swift /Users/sergejhlystov/ALADDIN_NEW/ALADDIN_NEW/mobile_apps/ALADDIN_iOS/Core/Accessibility/AccessibilityManager.swift /Users/sergejhlystov/ALADDIN_NEW/ALADDIN_NEW/mobile_apps/ALADDIN_iOS/Core/Store/StoreManager.swift /Users/sergejhlystov/ALADDIN_NEW/ALADDIN_NEW/mobile_apps/ALADDIN_iOS/Screens/WheelOfFortuneView.swift /Users/sergejhlystov/ALADDIN_NEW/ALADDIN_NEW/mobile_apps/ALADDIN_iOS/Screens/UnicornUniverseView.swift /Users/sergejhlystov/ALADDIN_NEW/ALADDIN_NEW/mobile_apps/ALADDIN_iOS/Core/Localization/LocalizationManager.swift /Users/sergejhlystov/ALADDIN_NEW/ALADDIN_NEW/mobile_apps/ALADDIN_iOS/Screens/13_SupportScreen.swift /Users/sergejhlystov/ALADDIN_NEW/ALADDIN_NEW/mobile_apps/ALADDIN_iOS/Core/Analytics/AnalyticsManager.swift /Users/sergejhlystov/ALADDIN_NEW/ALADDIN_NEW/mobile_apps/ALADDIN_iOS/Screens/07_ParentalControlScreen.swift /Users/sergejhlystov/ALADDIN_NEW/ALADDIN_NEW/mobile_apps/ALADDIN_iOS/Screens/05_SettingsScreen.swift /Users/sergejhlystov/ALADDIN_NEW/ALADDIN_NEW/mobile_apps/ALADDIN_iOS/Screens/RewardsModalView.swift /Users/sergejhlystov/ALADDIN_NEW/ALADDIN_NEW/mobile_apps/ALADDIN_iOS/Screens/23_FamilyChatScreen.swift /Users/sergejhlystov/ALADDIN_NEW/ALADDIN_NEW/mobile_apps/ALADDIN_iOS/Screens/02_FamilyScreen.swift /Users/sergejhlystov/ALADDIN_NEW/ALADDIN_NEW/mobile_apps/ALADDIN_iOS/Screens/20_DevicesScreen.swift /Users/sergejhlystov/ALADDIN_NEW/ALADDIN_NEW/mobile_apps/ALADDIN_iOS/Shared/Components/ViewModifiers.swift /Users/sergejhlystov/ALADDIN_NEW/ALADDIN_NEW/mobile_apps/ALADDIN_iOS/Shared/Components/HapticFeedback.swift /Users/sergejhlystov/ALADDIN_NEW/ALADDIN_NEW/mobile_apps/ALADDIN_iOS/Screens/MainScreenWithRegistration.swift /Users/sergejhlystov/ALADDIN_NEW/ALADDIN_NEW/mobile_apps/ALADDIN_iOS/Core/Network/NetworkError.swift /Users/sergejhlystov/ALADDIN_NEW/ALADDIN_NEW/mobile_apps/ALADDIN_iOS/Screens/LanguageSettingsScreen.swift /Users/sergejhlystov/ALADDIN_NEW/ALADDIN_NEW/mobile_apps/ALADDIN_iOS/ViewModels/FamilyRegistrationViewModel.swift /Users/sergejhlystov/ALADDIN_NEW/ALADDIN_NEW/mobile_apps/ALADDIN_iOS/Shared/Styles/CornerRadius.swift /Users/sergejhlystov/ALADDIN_NEW/ALADDIN_NEW/mobile_apps/ALADDIN_iOS/Screens/01_MainScreen.swift /Users/sergejhlystov/ALADDIN_NEW/ALADDIN_NEW/mobile_apps/ALADDIN_iOS/Screens/FamilyTournamentView.swift /Users/sergejhlystov/ALADDIN_NEW/ALADDIN_NEW/mobile_apps/ALADDIN_iOS/Shared/Styles/Fonts.swift /Users/sergejhlystov/ALADDIN_NEW/ALADDIN_NEW/mobile_apps/ALADDIN_iOS/Screens/GamesParentalControlView.swift /Users/sergejhlystov/ALADDIN_NEW/ALADDIN_NEW/mobile_apps/ALADDIN_iOS/Shared/Components/QRScannerModal.swift /Users/sergejhlystov/ALADDIN_NEW/ALADDIN_NEW/mobile_apps/ALADDIN_iOS/Screens/04_AnalyticsScreen.swift /Users/sergejhlystov/ALADDIN_NEW/ALADDIN_NEW/mobile_apps/ALADDIN_iOS/Screens/24_VPNEnergyStatsScreen.swift /Users/sergejhlystov/ALADDIN_NEW/ALADDIN_NEW/mobile_apps/ALADDIN_iOS/Shared/Components/Modals/ProfileEditView.swift /Users/sergejhlystov/ALADDIN_NEW/ALADDIN_NEW/mobile_apps/ALADDIN_iOS/ViewModels/TariffsViewModel.swift /Users/sergejhlystov/ALADDIN_NEW/ALADDIN_NEW/mobile_apps/ALADDIN_iOS/Core/Notifications/NotificationManager.swift /Users/sergejhlystov/ALADDIN_NEW/ALADDIN_NEW/mobile_apps/ALADDIN_iOS/Core/Security/SecurityManager.swift -supplementary-output-file-map /var/folders/rf/6rxcyql17sz57_02ng7jd7pr0000gn/T/TemporaryDirectory.wFGpdC/supplementaryOutputs-1 -target x86_64-apple-ios15.0-simulator -enable-objc-interop -sdk /Applications/Xcode.app/Contents/Developer/Platforms/iPhoneSimulator.platform/Developer/SDKs/iPhoneSimulator15.2.sdk -I /Users/sergejhlystov/Library/Developer/Xcode/DerivedData/ALADDIN-eahryzmutvtbyceygnlyjsmiiaha/Build/Products/Debug-iphonesimulator -F /Users/sergejhlystov/Library/Developer/Xcode/DerivedData/ALADDIN-eahryzmutvtbyceygnlyjsmiiaha/Build/Products/Debug-iphonesimulator -enable-testing -g -module-cache-path /Users/sergejhlystov/Library/Developer/Xcode/DerivedData/ModuleCache.noindex -emit-localized-strings -emit-localized-strings-path /Users/sergejhlystov/Library/Developer/Xcode/DerivedData/ALADDIN-eahryzmutvtbyceygnlyjsmiiaha/Build/Intermediates.noindex/ALADDIN.build/Debug-iphonesimulator/ALADDIN.build/Objects-normal/x86_64 -swift-version 5 -enforce-exclusivity\=checked -Onone -D DEBUG -new-driver-path /Applications/Xcode.app/Contents/Developer/Toolchains/XcodeDefault.xctoolchain/usr/bin/swift-driver -serialize-debugging-options -Xcc -working-directory -Xcc /Users/sergejhlystov/ALADDIN_NEW/ALADDIN_NEW/mobile_apps/ALADDIN_iOS -resource-dir /Applications/Xcode.app/Contents/Developer/Toolchains/XcodeDefault.xctoolchain/usr/lib/swift -enable-anonymous-context-mangled-names -Xcc -I/Users/sergejhlystov/Library/Developer/Xcode/DerivedData/ALADDIN-eahryzmutvtbyceygnlyjsmiiaha/Build/Intermediates.noindex/ALADDIN.build/Debug-iphonesimulator/ALADDIN.build/swift-overrides.hmap -Xcc -iquote -Xcc /Users/sergejhlystov/Library/Developer/Xcode/DerivedData/ALADDIN-eahryzmutvtbyceygnlyjsmiiaha/Build/Intermediates.noindex/ALADDIN.build/Debug-iphonesimulator/ALADDIN.build/ALADDIN-generated-files.hmap -Xcc -I/Users/sergejhlystov/Library/Developer/Xcode/DerivedData/ALADDIN-eahryzmutvtbyceygnlyjsmiiaha/Build/Intermediates.noindex/ALADDIN.build/Debug-iphonesimulator/ALADDIN.build/ALADDIN-own-target-headers.hmap -Xcc -I/Users/sergejhlystov/Library/Developer/Xcode/DerivedData/ALADDIN-eahryzmutvtbyceygnlyjsmiiaha/Build/Intermediates.noindex/ALADDIN.build/Debug-iphonesimulator/ALADDIN.build/ALADDIN-all-target-headers.hmap -Xcc -iquote -Xcc /Users/sergejhlystov/Library/Developer/Xcode/DerivedData/ALADDIN-eahryzmutvtbyceygnlyjsmiiaha/Build/Intermediates.noindex/ALADDIN.build/Debug-iphonesimulator/ALADDIN.build/ALADDIN-project-headers.hmap -Xcc -I/Users/sergejhlystov/Library/Developer/Xcode/DerivedData/ALADDIN-eahryzmutvtbyceygnlyjsmiiaha/Build/Products/Debug-iphonesimulator/include -Xcc -I/Users/sergejhlystov/Library/Developer/Xcode/DerivedData/ALADDIN-eahryzmutvtbyceygnlyjsmiiaha/Build/Intermediates.noindex/ALADDIN.build/Debug-iphonesimulator/ALADDIN.build/DerivedSources-normal/x86_64 -Xcc -I/Users/sergejhlystov/Library/Developer/Xcode/DerivedData/ALADDIN-eahryzmutvtbyceygnlyjsmiiaha/Build/Intermediates.noindex/ALADDIN.build/Debug-iphonesimulator/ALADDIN.build/DerivedSources/x86_64 -Xcc -I/Users/sergejhlystov/Library/Developer/Xcode/DerivedData/ALADDIN-eahryzmutvtbyceygnlyjsmiiaha/Build/Intermediates.noindex/ALADDIN.build/Debug-iphonesimulator/ALADDIN.build/DerivedSources -Xcc -DDEBUG\=1 -module-name ALADDIN -target-sdk-version 15.2.0 -o /Users/sergejhlystov/Library/Developer/Xcode/DerivedData/ALADDIN-eahryzmutvtbyceygnlyjsmiiaha/Build/Intermediates.noindex/ALADDIN.build/Debug-iphonesimulator/ALADDIN.build/Objects-normal/x86_64/RewardsQuickModal.o -o /Users/sergejhlystov/Library/Developer/Xcode/DerivedData/ALADDIN-eahryzmutvtbyceygnlyjsmiiaha/Build/Intermediates.noindex/ALADDIN.build/Debug-iphonesimulator/ALADDIN.build/Objects-normal/x86_64/08_ChildInterfaceScreen.o -o /Users/sergejhlystov/Library/Developer/Xcode/DerivedData/ALADDIN-eahryzmutvtbyceygnlyjsmiiaha/Build/Intermediates.noindex/ALADDIN.build/Debug-iphonesimulator/ALADDIN.build/Objects-normal/x86_64/ContentView.o -o /Users/sergejhlystov/Library/Developer/Xcode/DerivedData/ALADDIN-eahryzmutvtbyceygnlyjsmiiaha/Build/Intermediates.noindex/ALADDIN.build/Debug-iphonesimulator/ALADDIN.build/Objects-normal/x86_64/ALADDINToggle.o -o /Users/sergejhlystov/Library/Developer/Xcode/DerivedData/ALADDIN-eahryzmutvtbyceygnlyjsmiiaha/Build/Intermediates.noindex/ALADDIN.build/Debug-iphonesimulator/ALADDIN.build/Objects-normal/x86_64/AgeGroupSelectionModal.o -o /Users/sergejhlystov/Library/Developer/Xcode/DerivedData/ALADDIN-eahryzmutvtbyceygnlyjsmiiaha/Build/Intermediates.noindex/ALADDIN.build/Debug-iphonesimulator/ALADDIN.build/Objects-normal/x86_64/ALADDINApp.o -o /Users/sergejhlystov/Library/Developer/Xcode/DerivedData/ALADDIN-eahryzmutvtbyceygnlyjsmiiaha/Build/Intermediates.noindex/ALADDIN.build/Debug-iphonesimulator/ALADDIN.build/Objects-normal/x86_64/FunctionStatus.o -o /Users/sergejhlystov/Library/Developer/Xcode/DerivedData/ALADDIN-eahryzmutvtbyceygnlyjsmiiaha/Build/Intermediates.noindex/ALADDIN.build/Debug-iphonesimulator/ALADDIN.build/Objects-normal/x86_64/MainViewModel.o -o /Users/sergejhlystov/Library/Developer/Xcode/DerivedData/ALADDIN-eahryzmutvtbyceygnlyjsmiiaha/Build/Intermediates.noindex/ALADDIN.build/Debug-iphonesimulator/ALADDIN.build/Objects-normal/x86_64/PrimaryButton.o -o /Users/sergejhlystov/Library/Developer/Xcode/DerivedData/ALADDIN-eahryzmutvtbyceygnlyjsmiiaha/Build/Intermediates.noindex/ALADDIN.build/Debug-iphonesimulator/ALADDIN.build/Objects-normal/x86_64/NotificationSettingsScreen.o -o /Users/sergejhlystov/Library/Developer/Xcode/DerivedData/ALADDIN-eahryzmutvtbyceygnlyjsmiiaha/Build/Intermediates.noindex/ALADDIN.build/Debug-iphonesimulator/ALADDIN.build/Objects-normal/x86_64/ChildContentScreen.o -o /Users/sergejhlystov/Library/Developer/Xcode/DerivedData/ALADDIN-eahryzmutvtbyceygnlyjsmiiaha/Build/Intermediates.noindex/ALADDIN.build/Debug-iphonesimulator/ALADDIN.build/Objects-normal/x86_64/StatItem.o -index-store-path /Users/sergejhlystov/Library/Developer/Xcode/DerivedData/ALADDIN-eahryzmutvtbyceygnlyjsmiiaha/Index/DataStore -index-system-modules
/Users/sergejhlystov/ALADDIN_NEW/ALADDIN_NEW/mobile_apps/ALADDIN_iOS/ALADDINApp.swift:112:6: error: invalid redeclaration of 'FamilyRole'
enum FamilyRole: String {
     ^
/Users/sergejhlystov/ALADDIN_NEW/ALADDIN_NEW/mobile_apps/ALADDIN_iOS/ViewModels/FamilyRegistrationViewModel.swift:6:6: note: 'FamilyRole' previously declared here
enum FamilyRole: String, Codable, CaseIterable, Identifiable {
     ^
/Users/sergejhlystov/Library/Developer/Xcode/DerivedData/ALADDIN-eahryzmutvtbyceygnlyjsmiiaha/Build/Intermediates.noindex/ALADDIN.build/Debug-iphonesimulator/ALADDIN.build/Objects-normal/x86_64/ContentView.dia:1:1: warning: Could not read serialized diagnostics file: error("Invalid diagnostics signature") (in target 'ALADDIN' from project 'ALADDIN')
Command CompileSwift failed with a nonzero exit code

CompileSwift normal x86_64 /Users/sergejhlystov/ALADDIN_NEW/ALADDIN_NEW/mobile_apps/ALADDIN_iOS/Shared/Components/ALADDINToggle.swift (in target 'ALADDIN' from project 'ALADDIN')
    cd /Users/sergejhlystov/ALADDIN_NEW/ALADDIN_NEW/mobile_apps/ALADDIN_iOS
    /Applications/Xcode.app/Contents/Developer/Toolchains/XcodeDefault.xctoolchain/usr/bin/swift-frontend -frontend -c -primary-file /Users/sergejhlystov/ALADDIN_NEW/ALADDIN_NEW/mobile_apps/ALADDIN_iOS/Screens/RewardsQuickModal.swift -primary-file /Users/sergejhlystov/ALADDIN_NEW/ALADDIN_NEW/mobile_apps/ALADDIN_iOS/Screens/08_ChildInterfaceScreen.swift -primary-file /Users/sergejhlystov/ALADDIN_NEW/ALADDIN_NEW/mobile_apps/ALADDIN_iOS/ContentView.swift -primary-file /Users/sergejhlystov/ALADDIN_NEW/ALADDIN_NEW/mobile_apps/ALADDIN_iOS/Shared/Components/ALADDINToggle.swift -primary-file /Users/sergejhlystov/ALADDIN_NEW/ALADDIN_NEW/mobile_apps/ALADDIN_iOS/Components/Modals/AgeGroupSelectionModal.swift -primary-file /Users/sergejhlystov/ALADDIN_NEW/ALADDIN_NEW/mobile_apps/ALADDIN_iOS/ALADDINApp.swift -primary-file /Users/sergejhlystov/ALADDIN_NEW/ALADDIN_NEW/mobile_apps/ALADDIN_iOS/Shared/Models/FunctionStatus.swift -primary-file /Users/sergejhlystov/ALADDIN_NEW/ALADDIN_NEW/mobile_apps/ALADDIN_iOS/ViewModels/MainViewModel.swift -primary-file /Users/sergejhlystov/ALADDIN_NEW/ALADDIN_NEW/mobile_apps/ALADDIN_iOS/Shared/Components/Buttons/PrimaryButton.swift -primary-file /Users/sergejhlystov/ALADDIN_NEW/ALADDIN_NEW/mobile_apps/ALADDIN_iOS/Screens/NotificationSettingsScreen.swift -primary-file /Users/sergejhlystov/ALADDIN_NEW/ALADDIN_NEW/mobile_apps/ALADDIN_iOS/Screens/ChildContentScreen.swift -primary-file /Users/sergejhlystov/ALADDIN_NEW/ALADDIN_NEW/mobile_apps/ALADDIN_iOS/Shared/Components/StatItem.swift /Users/sergejhlystov/ALADDIN_NEW/ALADDIN_NEW/mobile_apps/ALADDIN_iOS/Shared/Components/Cards/FamilyMemberCard.swift /Users/sergejhlystov/ALADDIN_NEW/ALADDIN_NEW/mobile_apps/ALADDIN_iOS/ViewModels/VPNViewModel.swift /Users/sergejhlystov/ALADDIN_NEW/ALADDIN_NEW/mobile_apps/ALADDIN_iOS/Core/Models/APIModels.swift /Users/sergejhlystov/ALADDIN_NEW/ALADDIN_NEW/mobile_apps/ALADDIN_iOS/Core/VPN/VPNManager.swift /Users/sergejhlystov/ALADDIN_NEW/ALADDIN_NEW/mobile_apps/ALADDIN_iOS/Screens/UnicornPetView.swift /Users/sergejhlystov/ALADDIN_NEW/ALADDIN_NEW/mobile_apps/ALADDIN_iOS/Core/Network/APIService.swift /Users/sergejhlystov/ALADDIN_NEW/ALADDIN_NEW/mobile_apps/ALADDIN_iOS/Screens/18_PrivacyPolicyScreen.swift /Users/sergejhlystov/ALADDIN_NEW/ALADDIN_NEW/mobile_apps/ALADDIN_iOS/Screens/10_TariffsScreen.swift /Users/sergejhlystov/ALADDIN_NEW/ALADDIN_NEW/mobile_apps/ALADDIN_iOS/Screens/03_VPNScreen.swift /Users/sergejhlystov/ALADDIN_NEW/ALADDIN_NEW/mobile_apps/ALADDIN_iOS/Screens/09_ElderlyInterfaceScreen.swift /Users/sergejhlystov/ALADDIN_NEW/ALADDIN_NEW/mobile_apps/ALADDIN_iOS/Shared/Components/SecondaryButton.swift /Users/sergejhlystov/ALADDIN_NEW/ALADDIN_NEW/mobile_apps/ALADDIN_iOS/Screens/11_ProfileScreen.swift /Users/sergejhlystov/ALADDIN_NEW/ALADDIN_NEW/mobile_apps/ALADDIN_iOS/Core/Network/NetworkManager.swift /Users/sergejhlystov/ALADDIN_NEW/ALADDIN_NEW/mobile_apps/ALADDIN_iOS/Screens/19_TermsOfServiceScreen.swift /Users/sergejhlystov/ALADDIN_NEW/ALADDIN_NEW/mobile_apps/ALADDIN_iOS/Core/Config/AppConfig.swift /Users/sergejhlystov/ALADDIN_NEW/ALADDIN_NEW/mobile_apps/ALADDIN_iOS/ViewModels/FamilyViewModel.swift /Users/sergejhlystov/ALADDIN_NEW/ALADDIN_NEW/mobile_apps/ALADDIN_iOS/ViewModels/AIAssistantViewModel.swift /Users/sergejhlystov/ALADDIN_NEW/ALADDIN_NEW/mobile_apps/ALADDIN_iOS/Screens/22_DeviceDetailScreen.swift /Users/sergejhlystov/ALADDIN_NEW/ALADDIN_NEW/mobile_apps/ALADDIN_iOS/Screens/WidgetConfigurationScreen.swift /Users/sergejhlystov/ALADDIN_NEW/ALADDIN_NEW/mobile_apps/ALADDIN_iOS/Core/Security/KeychainManager.swift /Users/sergejhlystov/ALADDIN_NEW/ALADDIN_NEW/mobile_apps/ALADDIN_iOS/Shared/Components/Modals/MemberStatsModalView.swift /Users/sergejhlystov/ALADDIN_NEW/ALADDIN_NEW/mobile_apps/ALADDIN_iOS/Shared/Styles/Spacing.swift /Users/sergejhlystov/ALADDIN_NEW/ALADDIN_NEW/mobile_apps/ALADDIN_iOS/Shared/Components/RecoveryOptionsModal.swift /Users/sergejhlystov/ALADDIN_NEW/ALADDIN_NEW/mobile_apps/ALADDIN_iOS/ViewModels/SettingsViewModel.swift /Users/sergejhlystov/ALADDIN_NEW/ALADDIN_NEW/mobile_apps/ALADDIN_iOS/Shared/Components/InfoRow.swift /Users/sergejhlystov/ALADDIN_NEW/ALADDIN_NEW/mobile_apps/ALADDIN_iOS/Screens/25_PaymentQRScreen.swift /Users/sergejhlystov/ALADDIN_NEW/ALADDIN_NEW/mobile_apps/ALADDIN_iOS/Shared/Components/Modals/RoleSelectionModal.swift /Users/sergejhlystov/ALADDIN_NEW/ALADDIN_NEW/mobile_apps/ALADDIN_iOS/ViewModels/SupportViewModel.swift /Users/sergejhlystov/ALADDIN_NEW/ALADDIN_NEW/mobile_apps/ALADDIN_iOS/ViewModels/ChildInterfaceViewModel.swift /Users/sergejhlystov/ALADDIN_NEW/ALADDIN_NEW/mobile_apps/ALADDIN_iOS/Screens/12_NotificationsScreen.swift /Users/sergejhlystov/ALADDIN_NEW/ALADDIN_NEW/mobile_apps/ALADDIN_iOS/ViewModels/ElderlyInterfaceViewModel.swift /Users/sergejhlystov/ALADDIN_NEW/ALADDIN_NEW/mobile_apps/ALADDIN_iOS/ViewModels/AnalyticsViewModel.swift /Users/sergejhlystov/ALADDIN_NEW/ALADDIN_NEW/mobile_apps/ALADDIN_iOS/Core/Cache/CacheManager.swift /Users/sergejhlystov/ALADDIN_NEW/ALADDIN_NEW/mobile_apps/ALADDIN_iOS/ViewModels/NotificationsViewModel.swift /Users/sergejhlystov/ALADDIN_NEW/ALADDIN_NEW/mobile_apps/ALADDIN_iOS/Screens/06_AIAssistantScreen.swift /Users/sergejhlystov/ALADDIN_NEW/ALADDIN_NEW/mobile_apps/ALADDIN_iOS/ViewModels/ProfileViewModel.swift /Users/sergejhlystov/ALADDIN_NEW/ALADDIN_NEW/mobile_apps/ALADDIN_iOS/Components/Modals/ConsentModal.swift /Users/sergejhlystov/ALADDIN_NEW/ALADDIN_NEW/mobile_apps/ALADDIN_iOS/ViewModels/ParentalControlViewModel.swift /Users/sergejhlystov/ALADDIN_NEW/ALADDIN_NEW/mobile_apps/ALADDIN_iOS/ViewModels/OnboardingViewModel.swift /Users/sergejhlystov/ALADDIN_NEW/ALADDIN_NEW/mobile_apps/ALADDIN_iOS/Shared/Styles/Colors.swift /Users/sergejhlystov/ALADDIN_NEW/ALADDIN_NEW/mobile_apps/ALADDIN_iOS/Screens/ChildRewardsScreen.swift /Users/sergejhlystov/ALADDIN_NEW/ALADDIN_NEW/mobile_apps/ALADDIN_iOS/Screens/21_ReferralScreen.swift /Users/sergejhlystov/ALADDIN_NEW/ALADDIN_NEW/mobile_apps/ALADDIN_iOS/Shared/Components/AvatarSelector.swift /Users/sergejhlystov/ALADDIN_NEW/ALADDIN_NEW/mobile_apps/ALADDIN_iOS/Shared/Components/Navigation/ALADDINNavigationBar.swift /Users/sergejhlystov/ALADDIN_NEW/ALADDIN_NEW/mobile_apps/ALADDIN_iOS/Screens/14_OnboardingScreen.swift /Users/sergejhlystov/ALADDIN_NEW/ALADDIN_NEW/mobile_apps/ALADDIN_iOS/Components/Modals/FamilyCreatedModal.swift /Users/sergejhlystov/ALADDIN_NEW/ALADDIN_NEW/mobile_apps/ALADDIN_iOS/ViewModels/PaymentQRViewModel.swift /Users/sergejhlystov/ALADDIN_NEW/ALADDIN_NEW/mobile_apps/ALADDIN_iOS/Core/Navigation/NavigationManager.swift /Users/sergejhlystov/ALADDIN_NEW/ALADDIN_NEW/mobile_apps/ALADDIN_iOS/Core/Accessibility/AccessibilityManager.swift /Users/sergejhlystov/ALADDIN_NEW/ALADDIN_NEW/mobile_apps/ALADDIN_iOS/Core/Store/StoreManager.swift /Users/sergejhlystov/ALADDIN_NEW/ALADDIN_NEW/mobile_apps/ALADDIN_iOS/Screens/WheelOfFortuneView.swift /Users/sergejhlystov/ALADDIN_NEW/ALADDIN_NEW/mobile_apps/ALADDIN_iOS/Screens/UnicornUniverseView.swift /Users/sergejhlystov/ALADDIN_NEW/ALADDIN_NEW/mobile_apps/ALADDIN_iOS/Core/Localization/LocalizationManager.swift /Users/sergejhlystov/ALADDIN_NEW/ALADDIN_NEW/mobile_apps/ALADDIN_iOS/Screens/13_SupportScreen.swift /Users/sergejhlystov/ALADDIN_NEW/ALADDIN_NEW/mobile_apps/ALADDIN_iOS/Core/Analytics/AnalyticsManager.swift /Users/sergejhlystov/ALADDIN_NEW/ALADDIN_NEW/mobile_apps/ALADDIN_iOS/Screens/07_ParentalControlScreen.swift /Users/sergejhlystov/ALADDIN_NEW/ALADDIN_NEW/mobile_apps/ALADDIN_iOS/Screens/05_SettingsScreen.swift /Users/sergejhlystov/ALADDIN_NEW/ALADDIN_NEW/mobile_apps/ALADDIN_iOS/Screens/RewardsModalView.swift /Users/sergejhlystov/ALADDIN_NEW/ALADDIN_NEW/mobile_apps/ALADDIN_iOS/Screens/23_FamilyChatScreen.swift /Users/sergejhlystov/ALADDIN_NEW/ALADDIN_NEW/mobile_apps/ALADDIN_iOS/Screens/02_FamilyScreen.swift /Users/sergejhlystov/ALADDIN_NEW/ALADDIN_NEW/mobile_apps/ALADDIN_iOS/Screens/20_DevicesScreen.swift /Users/sergejhlystov/ALADDIN_NEW/ALADDIN_NEW/mobile_apps/ALADDIN_iOS/Shared/Components/ViewModifiers.swift /Users/sergejhlystov/ALADDIN_NEW/ALADDIN_NEW/mobile_apps/ALADDIN_iOS/Shared/Components/HapticFeedback.swift /Users/sergejhlystov/ALADDIN_NEW/ALADDIN_NEW/mobile_apps/ALADDIN_iOS/Screens/MainScreenWithRegistration.swift /Users/sergejhlystov/ALADDIN_NEW/ALADDIN_NEW/mobile_apps/ALADDIN_iOS/Core/Network/NetworkError.swift /Users/sergejhlystov/ALADDIN_NEW/ALADDIN_NEW/mobile_apps/ALADDIN_iOS/Screens/LanguageSettingsScreen.swift /Users/sergejhlystov/ALADDIN_NEW/ALADDIN_NEW/mobile_apps/ALADDIN_iOS/ViewModels/FamilyRegistrationViewModel.swift /Users/sergejhlystov/ALADDIN_NEW/ALADDIN_NEW/mobile_apps/ALADDIN_iOS/Shared/Styles/CornerRadius.swift /Users/sergejhlystov/ALADDIN_NEW/ALADDIN_NEW/mobile_apps/ALADDIN_iOS/Screens/01_MainScreen.swift /Users/sergejhlystov/ALADDIN_NEW/ALADDIN_NEW/mobile_apps/ALADDIN_iOS/Screens/FamilyTournamentView.swift /Users/sergejhlystov/ALADDIN_NEW/ALADDIN_NEW/mobile_apps/ALADDIN_iOS/Shared/Styles/Fonts.swift /Users/sergejhlystov/ALADDIN_NEW/ALADDIN_NEW/mobile_apps/ALADDIN_iOS/Screens/GamesParentalControlView.swift /Users/sergejhlystov/ALADDIN_NEW/ALADDIN_NEW/mobile_apps/ALADDIN_iOS/Shared/Components/QRScannerModal.swift /Users/sergejhlystov/ALADDIN_NEW/ALADDIN_NEW/mobile_apps/ALADDIN_iOS/Screens/04_AnalyticsScreen.swift /Users/sergejhlystov/ALADDIN_NEW/ALADDIN_NEW/mobile_apps/ALADDIN_iOS/Screens/24_VPNEnergyStatsScreen.swift /Users/sergejhlystov/ALADDIN_NEW/ALADDIN_NEW/mobile_apps/ALADDIN_iOS/Shared/Components/Modals/ProfileEditView.swift /Users/sergejhlystov/ALADDIN_NEW/ALADDIN_NEW/mobile_apps/ALADDIN_iOS/ViewModels/TariffsViewModel.swift /Users/sergejhlystov/ALADDIN_NEW/ALADDIN_NEW/mobile_apps/ALADDIN_iOS/Core/Notifications/NotificationManager.swift /Users/sergejhlystov/ALADDIN_NEW/ALADDIN_NEW/mobile_apps/ALADDIN_iOS/Core/Security/SecurityManager.swift -supplementary-output-file-map /var/folders/rf/6rxcyql17sz57_02ng7jd7pr0000gn/T/TemporaryDirectory.wFGpdC/supplementaryOutputs-1 -target x86_64-apple-ios15.0-simulator -enable-objc-interop -sdk /Applications/Xcode.app/Contents/Developer/Platforms/iPhoneSimulator.platform/Developer/SDKs/iPhoneSimulator15.2.sdk -I /Users/sergejhlystov/Library/Developer/Xcode/DerivedData/ALADDIN-eahryzmutvtbyceygnlyjsmiiaha/Build/Products/Debug-iphonesimulator -F /Users/sergejhlystov/Library/Developer/Xcode/DerivedData/ALADDIN-eahryzmutvtbyceygnlyjsmiiaha/Build/Products/Debug-iphonesimulator -enable-testing -g -module-cache-path /Users/sergejhlystov/Library/Developer/Xcode/DerivedData/ModuleCache.noindex -emit-localized-strings -emit-localized-strings-path /Users/sergejhlystov/Library/Developer/Xcode/DerivedData/ALADDIN-eahryzmutvtbyceygnlyjsmiiaha/Build/Intermediates.noindex/ALADDIN.build/Debug-iphonesimulator/ALADDIN.build/Objects-normal/x86_64 -swift-version 5 -enforce-exclusivity\=checked -Onone -D DEBUG -new-driver-path /Applications/Xcode.app/Contents/Developer/Toolchains/XcodeDefault.xctoolchain/usr/bin/swift-driver -serialize-debugging-options -Xcc -working-directory -Xcc /Users/sergejhlystov/ALADDIN_NEW/ALADDIN_NEW/mobile_apps/ALADDIN_iOS -resource-dir /Applications/Xcode.app/Contents/Developer/Toolchains/XcodeDefault.xctoolchain/usr/lib/swift -enable-anonymous-context-mangled-names -Xcc -I/Users/sergejhlystov/Library/Developer/Xcode/DerivedData/ALADDIN-eahryzmutvtbyceygnlyjsmiiaha/Build/Intermediates.noindex/ALADDIN.build/Debug-iphonesimulator/ALADDIN.build/swift-overrides.hmap -Xcc -iquote -Xcc /Users/sergejhlystov/Library/Developer/Xcode/DerivedData/ALADDIN-eahryzmutvtbyceygnlyjsmiiaha/Build/Intermediates.noindex/ALADDIN.build/Debug-iphonesimulator/ALADDIN.build/ALADDIN-generated-files.hmap -Xcc -I/Users/sergejhlystov/Library/Developer/Xcode/DerivedData/ALADDIN-eahryzmutvtbyceygnlyjsmiiaha/Build/Intermediates.noindex/ALADDIN.build/Debug-iphonesimulator/ALADDIN.build/ALADDIN-own-target-headers.hmap -Xcc -I/Users/sergejhlystov/Library/Developer/Xcode/DerivedData/ALADDIN-eahryzmutvtbyceygnlyjsmiiaha/Build/Intermediates.noindex/ALADDIN.build/Debug-iphonesimulator/ALADDIN.build/ALADDIN-all-target-headers.hmap -Xcc -iquote -Xcc /Users/sergejhlystov/Library/Developer/Xcode/DerivedData/ALADDIN-eahryzmutvtbyceygnlyjsmiiaha/Build/Intermediates.noindex/ALADDIN.build/Debug-iphonesimulator/ALADDIN.build/ALADDIN-project-headers.hmap -Xcc -I/Users/sergejhlystov/Library/Developer/Xcode/DerivedData/ALADDIN-eahryzmutvtbyceygnlyjsmiiaha/Build/Products/Debug-iphonesimulator/include -Xcc -I/Users/sergejhlystov/Library/Developer/Xcode/DerivedData/ALADDIN-eahryzmutvtbyceygnlyjsmiiaha/Build/Intermediates.noindex/ALADDIN.build/Debug-iphonesimulator/ALADDIN.build/DerivedSources-normal/x86_64 -Xcc -I/Users/sergejhlystov/Library/Developer/Xcode/DerivedData/ALADDIN-eahryzmutvtbyceygnlyjsmiiaha/Build/Intermediates.noindex/ALADDIN.build/Debug-iphonesimulator/ALADDIN.build/DerivedSources/x86_64 -Xcc -I/Users/sergejhlystov/Library/Developer/Xcode/DerivedData/ALADDIN-eahryzmutvtbyceygnlyjsmiiaha/Build/Intermediates.noindex/ALADDIN.build/Debug-iphonesimulator/ALADDIN.build/DerivedSources -Xcc -DDEBUG\=1 -module-name ALADDIN -target-sdk-version 15.2.0 -o /Users/sergejhlystov/Library/Developer/Xcode/DerivedData/ALADDIN-eahryzmutvtbyceygnlyjsmiiaha/Build/Intermediates.noindex/ALADDIN.build/Debug-iphonesimulator/ALADDIN.build/Objects-normal/x86_64/RewardsQuickModal.o -o /Users/sergejhlystov/Library/Developer/Xcode/DerivedData/ALADDIN-eahryzmutvtbyceygnlyjsmiiaha/Build/Intermediates.noindex/ALADDIN.build/Debug-iphonesimulator/ALADDIN.build/Objects-normal/x86_64/08_ChildInterfaceScreen.o -o /Users/sergejhlystov/Library/Developer/Xcode/DerivedData/ALADDIN-eahryzmutvtbyceygnlyjsmiiaha/Build/Intermediates.noindex/ALADDIN.build/Debug-iphonesimulator/ALADDIN.build/Objects-normal/x86_64/ContentView.o -o /Users/sergejhlystov/Library/Developer/Xcode/DerivedData/ALADDIN-eahryzmutvtbyceygnlyjsmiiaha/Build/Intermediates.noindex/ALADDIN.build/Debug-iphonesimulator/ALADDIN.build/Objects-normal/x86_64/ALADDINToggle.o -o /Users/sergejhlystov/Library/Developer/Xcode/DerivedData/ALADDIN-eahryzmutvtbyceygnlyjsmiiaha/Build/Intermediates.noindex/ALADDIN.build/Debug-iphonesimulator/ALADDIN.build/Objects-normal/x86_64/AgeGroupSelectionModal.o -o /Users/sergejhlystov/Library/Developer/Xcode/DerivedData/ALADDIN-eahryzmutvtbyceygnlyjsmiiaha/Build/Intermediates.noindex/ALADDIN.build/Debug-iphonesimulator/ALADDIN.build/Objects-normal/x86_64/ALADDINApp.o -o /Users/sergejhlystov/Library/Developer/Xcode/DerivedData/ALADDIN-eahryzmutvtbyceygnlyjsmiiaha/Build/Intermediates.noindex/ALADDIN.build/Debug-iphonesimulator/ALADDIN.build/Objects-normal/x86_64/FunctionStatus.o -o /Users/sergejhlystov/Library/Developer/Xcode/DerivedData/ALADDIN-eahryzmutvtbyceygnlyjsmiiaha/Build/Intermediates.noindex/ALADDIN.build/Debug-iphonesimulator/ALADDIN.build/Objects-normal/x86_64/MainViewModel.o -o /Users/sergejhlystov/Library/Developer/Xcode/DerivedData/ALADDIN-eahryzmutvtbyceygnlyjsmiiaha/Build/Intermediates.noindex/ALADDIN.build/Debug-iphonesimulator/ALADDIN.build/Objects-normal/x86_64/PrimaryButton.o -o /Users/sergejhlystov/Library/Developer/Xcode/DerivedData/ALADDIN-eahryzmutvtbyceygnlyjsmiiaha/Build/Intermediates.noindex/ALADDIN.build/Debug-iphonesimulator/ALADDIN.build/Objects-normal/x86_64/NotificationSettingsScreen.o -o /Users/sergejhlystov/Library/Developer/Xcode/DerivedData/ALADDIN-eahryzmutvtbyceygnlyjsmiiaha/Build/Intermediates.noindex/ALADDIN.build/Debug-iphonesimulator/ALADDIN.build/Objects-normal/x86_64/ChildContentScreen.o -o /Users/sergejhlystov/Library/Developer/Xcode/DerivedData/ALADDIN-eahryzmutvtbyceygnlyjsmiiaha/Build/Intermediates.noindex/ALADDIN.build/Debug-iphonesimulator/ALADDIN.build/Objects-normal/x86_64/StatItem.o -index-store-path /Users/sergejhlystov/Library/Developer/Xcode/DerivedData/ALADDIN-eahryzmutvtbyceygnlyjsmiiaha/Index/DataStore -index-system-modules
/Users/sergejhlystov/ALADDIN_NEW/ALADDIN_NEW/mobile_apps/ALADDIN_iOS/ALADDINApp.swift:112:6: error: invalid redeclaration of 'FamilyRole'
enum FamilyRole: String {
     ^
/Users/sergejhlystov/ALADDIN_NEW/ALADDIN_NEW/mobile_apps/ALADDIN_iOS/ViewModels/FamilyRegistrationViewModel.swift:6:6: note: 'FamilyRole' previously declared here
enum FamilyRole: String, Codable, CaseIterable, Identifiable {
     ^
/Users/sergejhlystov/Library/Developer/Xcode/DerivedData/ALADDIN-eahryzmutvtbyceygnlyjsmiiaha/Build/Intermediates.noindex/ALADDIN.build/Debug-iphonesimulator/ALADDIN.build/Objects-normal/x86_64/ALADDINToggle.dia:1:1: warning: Could not read serialized diagnostics file: error("Invalid diagnostics signature") (in target 'ALADDIN' from project 'ALADDIN')
Command CompileSwift failed with a nonzero exit code

CompileSwift normal x86_64 /Users/sergejhlystov/ALADDIN_NEW/ALADDIN_NEW/mobile_apps/ALADDIN_iOS/Components/Modals/AgeGroupSelectionModal.swift (in target 'ALADDIN' from project 'ALADDIN')
    cd /Users/sergejhlystov/ALADDIN_NEW/ALADDIN_NEW/mobile_apps/ALADDIN_iOS
    /Applications/Xcode.app/Contents/Developer/Toolchains/XcodeDefault.xctoolchain/usr/bin/swift-frontend -frontend -c -primary-file /Users/sergejhlystov/ALADDIN_NEW/ALADDIN_NEW/mobile_apps/ALADDIN_iOS/Screens/RewardsQuickModal.swift -primary-file /Users/sergejhlystov/ALADDIN_NEW/ALADDIN_NEW/mobile_apps/ALADDIN_iOS/Screens/08_ChildInterfaceScreen.swift -primary-file /Users/sergejhlystov/ALADDIN_NEW/ALADDIN_NEW/mobile_apps/ALADDIN_iOS/ContentView.swift -primary-file /Users/sergejhlystov/ALADDIN_NEW/ALADDIN_NEW/mobile_apps/ALADDIN_iOS/Shared/Components/ALADDINToggle.swift -primary-file /Users/sergejhlystov/ALADDIN_NEW/ALADDIN_NEW/mobile_apps/ALADDIN_iOS/Components/Modals/AgeGroupSelectionModal.swift -primary-file /Users/sergejhlystov/ALADDIN_NEW/ALADDIN_NEW/mobile_apps/ALADDIN_iOS/ALADDINApp.swift -primary-file /Users/sergejhlystov/ALADDIN_NEW/ALADDIN_NEW/mobile_apps/ALADDIN_iOS/Shared/Models/FunctionStatus.swift -primary-file /Users/sergejhlystov/ALADDIN_NEW/ALADDIN_NEW/mobile_apps/ALADDIN_iOS/ViewModels/MainViewModel.swift -primary-file /Users/sergejhlystov/ALADDIN_NEW/ALADDIN_NEW/mobile_apps/ALADDIN_iOS/Shared/Components/Buttons/PrimaryButton.swift -primary-file /Users/sergejhlystov/ALADDIN_NEW/ALADDIN_NEW/mobile_apps/ALADDIN_iOS/Screens/NotificationSettingsScreen.swift -primary-file /Users/sergejhlystov/ALADDIN_NEW/ALADDIN_NEW/mobile_apps/ALADDIN_iOS/Screens/ChildContentScreen.swift -primary-file /Users/sergejhlystov/ALADDIN_NEW/ALADDIN_NEW/mobile_apps/ALADDIN_iOS/Shared/Components/StatItem.swift /Users/sergejhlystov/ALADDIN_NEW/ALADDIN_NEW/mobile_apps/ALADDIN_iOS/Shared/Components/Cards/FamilyMemberCard.swift /Users/sergejhlystov/ALADDIN_NEW/ALADDIN_NEW/mobile_apps/ALADDIN_iOS/ViewModels/VPNViewModel.swift /Users/sergejhlystov/ALADDIN_NEW/ALADDIN_NEW/mobile_apps/ALADDIN_iOS/Core/Models/APIModels.swift /Users/sergejhlystov/ALADDIN_NEW/ALADDIN_NEW/mobile_apps/ALADDIN_iOS/Core/VPN/VPNManager.swift /Users/sergejhlystov/ALADDIN_NEW/ALADDIN_NEW/mobile_apps/ALADDIN_iOS/Screens/UnicornPetView.swift /Users/sergejhlystov/ALADDIN_NEW/ALADDIN_NEW/mobile_apps/ALADDIN_iOS/Core/Network/APIService.swift /Users/sergejhlystov/ALADDIN_NEW/ALADDIN_NEW/mobile_apps/ALADDIN_iOS/Screens/18_PrivacyPolicyScreen.swift /Users/sergejhlystov/ALADDIN_NEW/ALADDIN_NEW/mobile_apps/ALADDIN_iOS/Screens/10_TariffsScreen.swift /Users/sergejhlystov/ALADDIN_NEW/ALADDIN_NEW/mobile_apps/ALADDIN_iOS/Screens/03_VPNScreen.swift /Users/sergejhlystov/ALADDIN_NEW/ALADDIN_NEW/mobile_apps/ALADDIN_iOS/Screens/09_ElderlyInterfaceScreen.swift /Users/sergejhlystov/ALADDIN_NEW/ALADDIN_NEW/mobile_apps/ALADDIN_iOS/Shared/Components/SecondaryButton.swift /Users/sergejhlystov/ALADDIN_NEW/ALADDIN_NEW/mobile_apps/ALADDIN_iOS/Screens/11_ProfileScreen.swift /Users/sergejhlystov/ALADDIN_NEW/ALADDIN_NEW/mobile_apps/ALADDIN_iOS/Core/Network/NetworkManager.swift /Users/sergejhlystov/ALADDIN_NEW/ALADDIN_NEW/mobile_apps/ALADDIN_iOS/Screens/19_TermsOfServiceScreen.swift /Users/sergejhlystov/ALADDIN_NEW/ALADDIN_NEW/mobile_apps/ALADDIN_iOS/Core/Config/AppConfig.swift /Users/sergejhlystov/ALADDIN_NEW/ALADDIN_NEW/mobile_apps/ALADDIN_iOS/ViewModels/FamilyViewModel.swift /Users/sergejhlystov/ALADDIN_NEW/ALADDIN_NEW/mobile_apps/ALADDIN_iOS/ViewModels/AIAssistantViewModel.swift /Users/sergejhlystov/ALADDIN_NEW/ALADDIN_NEW/mobile_apps/ALADDIN_iOS/Screens/22_DeviceDetailScreen.swift /Users/sergejhlystov/ALADDIN_NEW/ALADDIN_NEW/mobile_apps/ALADDIN_iOS/Screens/WidgetConfigurationScreen.swift /Users/sergejhlystov/ALADDIN_NEW/ALADDIN_NEW/mobile_apps/ALADDIN_iOS/Core/Security/KeychainManager.swift /Users/sergejhlystov/ALADDIN_NEW/ALADDIN_NEW/mobile_apps/ALADDIN_iOS/Shared/Components/Modals/MemberStatsModalView.swift /Users/sergejhlystov/ALADDIN_NEW/ALADDIN_NEW/mobile_apps/ALADDIN_iOS/Shared/Styles/Spacing.swift /Users/sergejhlystov/ALADDIN_NEW/ALADDIN_NEW/mobile_apps/ALADDIN_iOS/Shared/Components/RecoveryOptionsModal.swift /Users/sergejhlystov/ALADDIN_NEW/ALADDIN_NEW/mobile_apps/ALADDIN_iOS/ViewModels/SettingsViewModel.swift /Users/sergejhlystov/ALADDIN_NEW/ALADDIN_NEW/mobile_apps/ALADDIN_iOS/Shared/Components/InfoRow.swift /Users/sergejhlystov/ALADDIN_NEW/ALADDIN_NEW/mobile_apps/ALADDIN_iOS/Screens/25_PaymentQRScreen.swift /Users/sergejhlystov/ALADDIN_NEW/ALADDIN_NEW/mobile_apps/ALADDIN_iOS/Shared/Components/Modals/RoleSelectionModal.swift /Users/sergejhlystov/ALADDIN_NEW/ALADDIN_NEW/mobile_apps/ALADDIN_iOS/ViewModels/SupportViewModel.swift /Users/sergejhlystov/ALADDIN_NEW/ALADDIN_NEW/mobile_apps/ALADDIN_iOS/ViewModels/ChildInterfaceViewModel.swift /Users/sergejhlystov/ALADDIN_NEW/ALADDIN_NEW/mobile_apps/ALADDIN_iOS/Screens/12_NotificationsScreen.swift /Users/sergejhlystov/ALADDIN_NEW/ALADDIN_NEW/mobile_apps/ALADDIN_iOS/ViewModels/ElderlyInterfaceViewModel.swift /Users/sergejhlystov/ALADDIN_NEW/ALADDIN_NEW/mobile_apps/ALADDIN_iOS/ViewModels/AnalyticsViewModel.swift /Users/sergejhlystov/ALADDIN_NEW/ALADDIN_NEW/mobile_apps/ALADDIN_iOS/Core/Cache/CacheManager.swift /Users/sergejhlystov/ALADDIN_NEW/ALADDIN_NEW/mobile_apps/ALADDIN_iOS/ViewModels/NotificationsViewModel.swift /Users/sergejhlystov/ALADDIN_NEW/ALADDIN_NEW/mobile_apps/ALADDIN_iOS/Screens/06_AIAssistantScreen.swift /Users/sergejhlystov/ALADDIN_NEW/ALADDIN_NEW/mobile_apps/ALADDIN_iOS/ViewModels/ProfileViewModel.swift /Users/sergejhlystov/ALADDIN_NEW/ALADDIN_NEW/mobile_apps/ALADDIN_iOS/Components/Modals/ConsentModal.swift /Users/sergejhlystov/ALADDIN_NEW/ALADDIN_NEW/mobile_apps/ALADDIN_iOS/ViewModels/ParentalControlViewModel.swift /Users/sergejhlystov/ALADDIN_NEW/ALADDIN_NEW/mobile_apps/ALADDIN_iOS/ViewModels/OnboardingViewModel.swift /Users/sergejhlystov/ALADDIN_NEW/ALADDIN_NEW/mobile_apps/ALADDIN_iOS/Shared/Styles/Colors.swift /Users/sergejhlystov/ALADDIN_NEW/ALADDIN_NEW/mobile_apps/ALADDIN_iOS/Screens/ChildRewardsScreen.swift /Users/sergejhlystov/ALADDIN_NEW/ALADDIN_NEW/mobile_apps/ALADDIN_iOS/Screens/21_ReferralScreen.swift /Users/sergejhlystov/ALADDIN_NEW/ALADDIN_NEW/mobile_apps/ALADDIN_iOS/Shared/Components/AvatarSelector.swift /Users/sergejhlystov/ALADDIN_NEW/ALADDIN_NEW/mobile_apps/ALADDIN_iOS/Shared/Components/Navigation/ALADDINNavigationBar.swift /Users/sergejhlystov/ALADDIN_NEW/ALADDIN_NEW/mobile_apps/ALADDIN_iOS/Screens/14_OnboardingScreen.swift /Users/sergejhlystov/ALADDIN_NEW/ALADDIN_NEW/mobile_apps/ALADDIN_iOS/Components/Modals/FamilyCreatedModal.swift /Users/sergejhlystov/ALADDIN_NEW/ALADDIN_NEW/mobile_apps/ALADDIN_iOS/ViewModels/PaymentQRViewModel.swift /Users/sergejhlystov/ALADDIN_NEW/ALADDIN_NEW/mobile_apps/ALADDIN_iOS/Core/Navigation/NavigationManager.swift /Users/sergejhlystov/ALADDIN_NEW/ALADDIN_NEW/mobile_apps/ALADDIN_iOS/Core/Accessibility/AccessibilityManager.swift /Users/sergejhlystov/ALADDIN_NEW/ALADDIN_NEW/mobile_apps/ALADDIN_iOS/Core/Store/StoreManager.swift /Users/sergejhlystov/ALADDIN_NEW/ALADDIN_NEW/mobile_apps/ALADDIN_iOS/Screens/WheelOfFortuneView.swift /Users/sergejhlystov/ALADDIN_NEW/ALADDIN_NEW/mobile_apps/ALADDIN_iOS/Screens/UnicornUniverseView.swift /Users/sergejhlystov/ALADDIN_NEW/ALADDIN_NEW/mobile_apps/ALADDIN_iOS/Core/Localization/LocalizationManager.swift /Users/sergejhlystov/ALADDIN_NEW/ALADDIN_NEW/mobile_apps/ALADDIN_iOS/Screens/13_SupportScreen.swift /Users/sergejhlystov/ALADDIN_NEW/ALADDIN_NEW/mobile_apps/ALADDIN_iOS/Core/Analytics/AnalyticsManager.swift /Users/sergejhlystov/ALADDIN_NEW/ALADDIN_NEW/mobile_apps/ALADDIN_iOS/Screens/07_ParentalControlScreen.swift /Users/sergejhlystov/ALADDIN_NEW/ALADDIN_NEW/mobile_apps/ALADDIN_iOS/Screens/05_SettingsScreen.swift /Users/sergejhlystov/ALADDIN_NEW/ALADDIN_NEW/mobile_apps/ALADDIN_iOS/Screens/RewardsModalView.swift /Users/sergejhlystov/ALADDIN_NEW/ALADDIN_NEW/mobile_apps/ALADDIN_iOS/Screens/23_FamilyChatScreen.swift /Users/sergejhlystov/ALADDIN_NEW/ALADDIN_NEW/mobile_apps/ALADDIN_iOS/Screens/02_FamilyScreen.swift /Users/sergejhlystov/ALADDIN_NEW/ALADDIN_NEW/mobile_apps/ALADDIN_iOS/Screens/20_DevicesScreen.swift /Users/sergejhlystov/ALADDIN_NEW/ALADDIN_NEW/mobile_apps/ALADDIN_iOS/Shared/Components/ViewModifiers.swift /Users/sergejhlystov/ALADDIN_NEW/ALADDIN_NEW/mobile_apps/ALADDIN_iOS/Shared/Components/HapticFeedback.swift /Users/sergejhlystov/ALADDIN_NEW/ALADDIN_NEW/mobile_apps/ALADDIN_iOS/Screens/MainScreenWithRegistration.swift /Users/sergejhlystov/ALADDIN_NEW/ALADDIN_NEW/mobile_apps/ALADDIN_iOS/Core/Network/NetworkError.swift /Users/sergejhlystov/ALADDIN_NEW/ALADDIN_NEW/mobile_apps/ALADDIN_iOS/Screens/LanguageSettingsScreen.swift /Users/sergejhlystov/ALADDIN_NEW/ALADDIN_NEW/mobile_apps/ALADDIN_iOS/ViewModels/FamilyRegistrationViewModel.swift /Users/sergejhlystov/ALADDIN_NEW/ALADDIN_NEW/mobile_apps/ALADDIN_iOS/Shared/Styles/CornerRadius.swift /Users/sergejhlystov/ALADDIN_NEW/ALADDIN_NEW/mobile_apps/ALADDIN_iOS/Screens/01_MainScreen.swift /Users/sergejhlystov/ALADDIN_NEW/ALADDIN_NEW/mobile_apps/ALADDIN_iOS/Screens/FamilyTournamentView.swift /Users/sergejhlystov/ALADDIN_NEW/ALADDIN_NEW/mobile_apps/ALADDIN_iOS/Shared/Styles/Fonts.swift /Users/sergejhlystov/ALADDIN_NEW/ALADDIN_NEW/mobile_apps/ALADDIN_iOS/Screens/GamesParentalControlView.swift /Users/sergejhlystov/ALADDIN_NEW/ALADDIN_NEW/mobile_apps/ALADDIN_iOS/Shared/Components/QRScannerModal.swift /Users/sergejhlystov/ALADDIN_NEW/ALADDIN_NEW/mobile_apps/ALADDIN_iOS/Screens/04_AnalyticsScreen.swift /Users/sergejhlystov/ALADDIN_NEW/ALADDIN_NEW/mobile_apps/ALADDIN_iOS/Screens/24_VPNEnergyStatsScreen.swift /Users/sergejhlystov/ALADDIN_NEW/ALADDIN_NEW/mobile_apps/ALADDIN_iOS/Shared/Components/Modals/ProfileEditView.swift /Users/sergejhlystov/ALADDIN_NEW/ALADDIN_NEW/mobile_apps/ALADDIN_iOS/ViewModels/TariffsViewModel.swift /Users/sergejhlystov/ALADDIN_NEW/ALADDIN_NEW/mobile_apps/ALADDIN_iOS/Core/Notifications/NotificationManager.swift /Users/sergejhlystov/ALADDIN_NEW/ALADDIN_NEW/mobile_apps/ALADDIN_iOS/Core/Security/SecurityManager.swift -supplementary-output-file-map /var/folders/rf/6rxcyql17sz57_02ng7jd7pr0000gn/T/TemporaryDirectory.wFGpdC/supplementaryOutputs-1 -target x86_64-apple-ios15.0-simulator -enable-objc-interop -sdk /Applications/Xcode.app/Contents/Developer/Platforms/iPhoneSimulator.platform/Developer/SDKs/iPhoneSimulator15.2.sdk -I /Users/sergejhlystov/Library/Developer/Xcode/DerivedData/ALADDIN-eahryzmutvtbyceygnlyjsmiiaha/Build/Products/Debug-iphonesimulator -F /Users/sergejhlystov/Library/Developer/Xcode/DerivedData/ALADDIN-eahryzmutvtbyceygnlyjsmiiaha/Build/Products/Debug-iphonesimulator -enable-testing -g -module-cache-path /Users/sergejhlystov/Library/Developer/Xcode/DerivedData/ModuleCache.noindex -emit-localized-strings -emit-localized-strings-path /Users/sergejhlystov/Library/Developer/Xcode/DerivedData/ALADDIN-eahryzmutvtbyceygnlyjsmiiaha/Build/Intermediates.noindex/ALADDIN.build/Debug-iphonesimulator/ALADDIN.build/Objects-normal/x86_64 -swift-version 5 -enforce-exclusivity\=checked -Onone -D DEBUG -new-driver-path /Applications/Xcode.app/Contents/Developer/Toolchains/XcodeDefault.xctoolchain/usr/bin/swift-driver -serialize-debugging-options -Xcc -working-directory -Xcc /Users/sergejhlystov/ALADDIN_NEW/ALADDIN_NEW/mobile_apps/ALADDIN_iOS -resource-dir /Applications/Xcode.app/Contents/Developer/Toolchains/XcodeDefault.xctoolchain/usr/lib/swift -enable-anonymous-context-mangled-names -Xcc -I/Users/sergejhlystov/Library/Developer/Xcode/DerivedData/ALADDIN-eahryzmutvtbyceygnlyjsmiiaha/Build/Intermediates.noindex/ALADDIN.build/Debug-iphonesimulator/ALADDIN.build/swift-overrides.hmap -Xcc -iquote -Xcc /Users/sergejhlystov/Library/Developer/Xcode/DerivedData/ALADDIN-eahryzmutvtbyceygnlyjsmiiaha/Build/Intermediates.noindex/ALADDIN.build/Debug-iphonesimulator/ALADDIN.build/ALADDIN-generated-files.hmap -Xcc -I/Users/sergejhlystov/Library/Developer/Xcode/DerivedData/ALADDIN-eahryzmutvtbyceygnlyjsmiiaha/Build/Intermediates.noindex/ALADDIN.build/Debug-iphonesimulator/ALADDIN.build/ALADDIN-own-target-headers.hmap -Xcc -I/Users/sergejhlystov/Library/Developer/Xcode/DerivedData/ALADDIN-eahryzmutvtbyceygnlyjsmiiaha/Build/Intermediates.noindex/ALADDIN.build/Debug-iphonesimulator/ALADDIN.build/ALADDIN-all-target-headers.hmap -Xcc -iquote -Xcc /Users/sergejhlystov/Library/Developer/Xcode/DerivedData/ALADDIN-eahryzmutvtbyceygnlyjsmiiaha/Build/Intermediates.noindex/ALADDIN.build/Debug-iphonesimulator/ALADDIN.build/ALADDIN-project-headers.hmap -Xcc -I/Users/sergejhlystov/Library/Developer/Xcode/DerivedData/ALADDIN-eahryzmutvtbyceygnlyjsmiiaha/Build/Products/Debug-iphonesimulator/include -Xcc -I/Users/sergejhlystov/Library/Developer/Xcode/DerivedData/ALADDIN-eahryzmutvtbyceygnlyjsmiiaha/Build/Intermediates.noindex/ALADDIN.build/Debug-iphonesimulator/ALADDIN.build/DerivedSources-normal/x86_64 -Xcc -I/Users/sergejhlystov/Library/Developer/Xcode/DerivedData/ALADDIN-eahryzmutvtbyceygnlyjsmiiaha/Build/Intermediates.noindex/ALADDIN.build/Debug-iphonesimulator/ALADDIN.build/DerivedSources/x86_64 -Xcc -I/Users/sergejhlystov/Library/Developer/Xcode/DerivedData/ALADDIN-eahryzmutvtbyceygnlyjsmiiaha/Build/Intermediates.noindex/ALADDIN.build/Debug-iphonesimulator/ALADDIN.build/DerivedSources -Xcc -DDEBUG\=1 -module-name ALADDIN -target-sdk-version 15.2.0 -o /Users/sergejhlystov/Library/Developer/Xcode/DerivedData/ALADDIN-eahryzmutvtbyceygnlyjsmiiaha/Build/Intermediates.noindex/ALADDIN.build/Debug-iphonesimulator/ALADDIN.build/Objects-normal/x86_64/RewardsQuickModal.o -o /Users/sergejhlystov/Library/Developer/Xcode/DerivedData/ALADDIN-eahryzmutvtbyceygnlyjsmiiaha/Build/Intermediates.noindex/ALADDIN.build/Debug-iphonesimulator/ALADDIN.build/Objects-normal/x86_64/08_ChildInterfaceScreen.o -o /Users/sergejhlystov/Library/Developer/Xcode/DerivedData/ALADDIN-eahryzmutvtbyceygnlyjsmiiaha/Build/Intermediates.noindex/ALADDIN.build/Debug-iphonesimulator/ALADDIN.build/Objects-normal/x86_64/ContentView.o -o /Users/sergejhlystov/Library/Developer/Xcode/DerivedData/ALADDIN-eahryzmutvtbyceygnlyjsmiiaha/Build/Intermediates.noindex/ALADDIN.build/Debug-iphonesimulator/ALADDIN.build/Objects-normal/x86_64/ALADDINToggle.o -o /Users/sergejhlystov/Library/Developer/Xcode/DerivedData/ALADDIN-eahryzmutvtbyceygnlyjsmiiaha/Build/Intermediates.noindex/ALADDIN.build/Debug-iphonesimulator/ALADDIN.build/Objects-normal/x86_64/AgeGroupSelectionModal.o -o /Users/sergejhlystov/Library/Developer/Xcode/DerivedData/ALADDIN-eahryzmutvtbyceygnlyjsmiiaha/Build/Intermediates.noindex/ALADDIN.build/Debug-iphonesimulator/ALADDIN.build/Objects-normal/x86_64/ALADDINApp.o -o /Users/sergejhlystov/Library/Developer/Xcode/DerivedData/ALADDIN-eahryzmutvtbyceygnlyjsmiiaha/Build/Intermediates.noindex/ALADDIN.build/Debug-iphonesimulator/ALADDIN.build/Objects-normal/x86_64/FunctionStatus.o -o /Users/sergejhlystov/Library/Developer/Xcode/DerivedData/ALADDIN-eahryzmutvtbyceygnlyjsmiiaha/Build/Intermediates.noindex/ALADDIN.build/Debug-iphonesimulator/ALADDIN.build/Objects-normal/x86_64/MainViewModel.o -o /Users/sergejhlystov/Library/Developer/Xcode/DerivedData/ALADDIN-eahryzmutvtbyceygnlyjsmiiaha/Build/Intermediates.noindex/ALADDIN.build/Debug-iphonesimulator/ALADDIN.build/Objects-normal/x86_64/PrimaryButton.o -o /Users/sergejhlystov/Library/Developer/Xcode/DerivedData/ALADDIN-eahryzmutvtbyceygnlyjsmiiaha/Build/Intermediates.noindex/ALADDIN.build/Debug-iphonesimulator/ALADDIN.build/Objects-normal/x86_64/NotificationSettingsScreen.o -o /Users/sergejhlystov/Library/Developer/Xcode/DerivedData/ALADDIN-eahryzmutvtbyceygnlyjsmiiaha/Build/Intermediates.noindex/ALADDIN.build/Debug-iphonesimulator/ALADDIN.build/Objects-normal/x86_64/ChildContentScreen.o -o /Users/sergejhlystov/Library/Developer/Xcode/DerivedData/ALADDIN-eahryzmutvtbyceygnlyjsmiiaha/Build/Intermediates.noindex/ALADDIN.build/Debug-iphonesimulator/ALADDIN.build/Objects-normal/x86_64/StatItem.o -index-store-path /Users/sergejhlystov/Library/Developer/Xcode/DerivedData/ALADDIN-eahryzmutvtbyceygnlyjsmiiaha/Index/DataStore -index-system-modules
/Users/sergejhlystov/ALADDIN_NEW/ALADDIN_NEW/mobile_apps/ALADDIN_iOS/ALADDINApp.swift:112:6: error: invalid redeclaration of 'FamilyRole'
enum FamilyRole: String {
     ^
/Users/sergejhlystov/ALADDIN_NEW/ALADDIN_NEW/mobile_apps/ALADDIN_iOS/ViewModels/FamilyRegistrationViewModel.swift:6:6: note: 'FamilyRole' previously declared here
enum FamilyRole: String, Codable, CaseIterable, Identifiable {
     ^
/Users/sergejhlystov/Library/Developer/Xcode/DerivedData/ALADDIN-eahryzmutvtbyceygnlyjsmiiaha/Build/Intermediates.noindex/ALADDIN.build/Debug-iphonesimulator/ALADDIN.build/Objects-normal/x86_64/AgeGroupSelectionModal.dia:1:1: warning: Could not read serialized diagnostics file: error("Invalid diagnostics signature") (in target 'ALADDIN' from project 'ALADDIN')
Command CompileSwift failed with a nonzero exit code

CompileSwift normal x86_64 /Users/sergejhlystov/ALADDIN_NEW/ALADDIN_NEW/mobile_apps/ALADDIN_iOS/ALADDINApp.swift (in target 'ALADDIN' from project 'ALADDIN')
    cd /Users/sergejhlystov/ALADDIN_NEW/ALADDIN_NEW/mobile_apps/ALADDIN_iOS
    /Applications/Xcode.app/Contents/Developer/Toolchains/XcodeDefault.xctoolchain/usr/bin/swift-frontend -frontend -c -primary-file /Users/sergejhlystov/ALADDIN_NEW/ALADDIN_NEW/mobile_apps/ALADDIN_iOS/Screens/RewardsQuickModal.swift -primary-file /Users/sergejhlystov/ALADDIN_NEW/ALADDIN_NEW/mobile_apps/ALADDIN_iOS/Screens/08_ChildInterfaceScreen.swift -primary-file /Users/sergejhlystov/ALADDIN_NEW/ALADDIN_NEW/mobile_apps/ALADDIN_iOS/ContentView.swift -primary-file /Users/sergejhlystov/ALADDIN_NEW/ALADDIN_NEW/mobile_apps/ALADDIN_iOS/Shared/Components/ALADDINToggle.swift -primary-file /Users/sergejhlystov/ALADDIN_NEW/ALADDIN_NEW/mobile_apps/ALADDIN_iOS/Components/Modals/AgeGroupSelectionModal.swift -primary-file /Users/sergejhlystov/ALADDIN_NEW/ALADDIN_NEW/mobile_apps/ALADDIN_iOS/ALADDINApp.swift -primary-file /Users/sergejhlystov/ALADDIN_NEW/ALADDIN_NEW/mobile_apps/ALADDIN_iOS/Shared/Models/FunctionStatus.swift -primary-file /Users/sergejhlystov/ALADDIN_NEW/ALADDIN_NEW/mobile_apps/ALADDIN_iOS/ViewModels/MainViewModel.swift -primary-file /Users/sergejhlystov/ALADDIN_NEW/ALADDIN_NEW/mobile_apps/ALADDIN_iOS/Shared/Components/Buttons/PrimaryButton.swift -primary-file /Users/sergejhlystov/ALADDIN_NEW/ALADDIN_NEW/mobile_apps/ALADDIN_iOS/Screens/NotificationSettingsScreen.swift -primary-file /Users/sergejhlystov/ALADDIN_NEW/ALADDIN_NEW/mobile_apps/ALADDIN_iOS/Screens/ChildContentScreen.swift -primary-file /Users/sergejhlystov/ALADDIN_NEW/ALADDIN_NEW/mobile_apps/ALADDIN_iOS/Shared/Components/StatItem.swift /Users/sergejhlystov/ALADDIN_NEW/ALADDIN_NEW/mobile_apps/ALADDIN_iOS/Shared/Components/Cards/FamilyMemberCard.swift /Users/sergejhlystov/ALADDIN_NEW/ALADDIN_NEW/mobile_apps/ALADDIN_iOS/ViewModels/VPNViewModel.swift /Users/sergejhlystov/ALADDIN_NEW/ALADDIN_NEW/mobile_apps/ALADDIN_iOS/Core/Models/APIModels.swift /Users/sergejhlystov/ALADDIN_NEW/ALADDIN_NEW/mobile_apps/ALADDIN_iOS/Core/VPN/VPNManager.swift /Users/sergejhlystov/ALADDIN_NEW/ALADDIN_NEW/mobile_apps/ALADDIN_iOS/Screens/UnicornPetView.swift /Users/sergejhlystov/ALADDIN_NEW/ALADDIN_NEW/mobile_apps/ALADDIN_iOS/Core/Network/APIService.swift /Users/sergejhlystov/ALADDIN_NEW/ALADDIN_NEW/mobile_apps/ALADDIN_iOS/Screens/18_PrivacyPolicyScreen.swift /Users/sergejhlystov/ALADDIN_NEW/ALADDIN_NEW/mobile_apps/ALADDIN_iOS/Screens/10_TariffsScreen.swift /Users/sergejhlystov/ALADDIN_NEW/ALADDIN_NEW/mobile_apps/ALADDIN_iOS/Screens/03_VPNScreen.swift /Users/sergejhlystov/ALADDIN_NEW/ALADDIN_NEW/mobile_apps/ALADDIN_iOS/Screens/09_ElderlyInterfaceScreen.swift /Users/sergejhlystov/ALADDIN_NEW/ALADDIN_NEW/mobile_apps/ALADDIN_iOS/Shared/Components/SecondaryButton.swift /Users/sergejhlystov/ALADDIN_NEW/ALADDIN_NEW/mobile_apps/ALADDIN_iOS/Screens/11_ProfileScreen.swift /Users/sergejhlystov/ALADDIN_NEW/ALADDIN_NEW/mobile_apps/ALADDIN_iOS/Core/Network/NetworkManager.swift /Users/sergejhlystov/ALADDIN_NEW/ALADDIN_NEW/mobile_apps/ALADDIN_iOS/Screens/19_TermsOfServiceScreen.swift /Users/sergejhlystov/ALADDIN_NEW/ALADDIN_NEW/mobile_apps/ALADDIN_iOS/Core/Config/AppConfig.swift /Users/sergejhlystov/ALADDIN_NEW/ALADDIN_NEW/mobile_apps/ALADDIN_iOS/ViewModels/FamilyViewModel.swift /Users/sergejhlystov/ALADDIN_NEW/ALADDIN_NEW/mobile_apps/ALADDIN_iOS/ViewModels/AIAssistantViewModel.swift /Users/sergejhlystov/ALADDIN_NEW/ALADDIN_NEW/mobile_apps/ALADDIN_iOS/Screens/22_DeviceDetailScreen.swift /Users/sergejhlystov/ALADDIN_NEW/ALADDIN_NEW/mobile_apps/ALADDIN_iOS/Screens/WidgetConfigurationScreen.swift /Users/sergejhlystov/ALADDIN_NEW/ALADDIN_NEW/mobile_apps/ALADDIN_iOS/Core/Security/KeychainManager.swift /Users/sergejhlystov/ALADDIN_NEW/ALADDIN_NEW/mobile_apps/ALADDIN_iOS/Shared/Components/Modals/MemberStatsModalView.swift /Users/sergejhlystov/ALADDIN_NEW/ALADDIN_NEW/mobile_apps/ALADDIN_iOS/Shared/Styles/Spacing.swift /Users/sergejhlystov/ALADDIN_NEW/ALADDIN_NEW/mobile_apps/ALADDIN_iOS/Shared/Components/RecoveryOptionsModal.swift /Users/sergejhlystov/ALADDIN_NEW/ALADDIN_NEW/mobile_apps/ALADDIN_iOS/ViewModels/SettingsViewModel.swift /Users/sergejhlystov/ALADDIN_NEW/ALADDIN_NEW/mobile_apps/ALADDIN_iOS/Shared/Components/InfoRow.swift /Users/sergejhlystov/ALADDIN_NEW/ALADDIN_NEW/mobile_apps/ALADDIN_iOS/Screens/25_PaymentQRScreen.swift /Users/sergejhlystov/ALADDIN_NEW/ALADDIN_NEW/mobile_apps/ALADDIN_iOS/Shared/Components/Modals/RoleSelectionModal.swift /Users/sergejhlystov/ALADDIN_NEW/ALADDIN_NEW/mobile_apps/ALADDIN_iOS/ViewModels/SupportViewModel.swift /Users/sergejhlystov/ALADDIN_NEW/ALADDIN_NEW/mobile_apps/ALADDIN_iOS/ViewModels/ChildInterfaceViewModel.swift /Users/sergejhlystov/ALADDIN_NEW/ALADDIN_NEW/mobile_apps/ALADDIN_iOS/Screens/12_NotificationsScreen.swift /Users/sergejhlystov/ALADDIN_NEW/ALADDIN_NEW/mobile_apps/ALADDIN_iOS/ViewModels/ElderlyInterfaceViewModel.swift /Users/sergejhlystov/ALADDIN_NEW/ALADDIN_NEW/mobile_apps/ALADDIN_iOS/ViewModels/AnalyticsViewModel.swift /Users/sergejhlystov/ALADDIN_NEW/ALADDIN_NEW/mobile_apps/ALADDIN_iOS/Core/Cache/CacheManager.swift /Users/sergejhlystov/ALADDIN_NEW/ALADDIN_NEW/mobile_apps/ALADDIN_iOS/ViewModels/NotificationsViewModel.swift /Users/sergejhlystov/ALADDIN_NEW/ALADDIN_NEW/mobile_apps/ALADDIN_iOS/Screens/06_AIAssistantScreen.swift /Users/sergejhlystov/ALADDIN_NEW/ALADDIN_NEW/mobile_apps/ALADDIN_iOS/ViewModels/ProfileViewModel.swift /Users/sergejhlystov/ALADDIN_NEW/ALADDIN_NEW/mobile_apps/ALADDIN_iOS/Components/Modals/ConsentModal.swift /Users/sergejhlystov/ALADDIN_NEW/ALADDIN_NEW/mobile_apps/ALADDIN_iOS/ViewModels/ParentalControlViewModel.swift /Users/sergejhlystov/ALADDIN_NEW/ALADDIN_NEW/mobile_apps/ALADDIN_iOS/ViewModels/OnboardingViewModel.swift /Users/sergejhlystov/ALADDIN_NEW/ALADDIN_NEW/mobile_apps/ALADDIN_iOS/Shared/Styles/Colors.swift /Users/sergejhlystov/ALADDIN_NEW/ALADDIN_NEW/mobile_apps/ALADDIN_iOS/Screens/ChildRewardsScreen.swift /Users/sergejhlystov/ALADDIN_NEW/ALADDIN_NEW/mobile_apps/ALADDIN_iOS/Screens/21_ReferralScreen.swift /Users/sergejhlystov/ALADDIN_NEW/ALADDIN_NEW/mobile_apps/ALADDIN_iOS/Shared/Components/AvatarSelector.swift /Users/sergejhlystov/ALADDIN_NEW/ALADDIN_NEW/mobile_apps/ALADDIN_iOS/Shared/Components/Navigation/ALADDINNavigationBar.swift /Users/sergejhlystov/ALADDIN_NEW/ALADDIN_NEW/mobile_apps/ALADDIN_iOS/Screens/14_OnboardingScreen.swift /Users/sergejhlystov/ALADDIN_NEW/ALADDIN_NEW/mobile_apps/ALADDIN_iOS/Components/Modals/FamilyCreatedModal.swift /Users/sergejhlystov/ALADDIN_NEW/ALADDIN_NEW/mobile_apps/ALADDIN_iOS/ViewModels/PaymentQRViewModel.swift /Users/sergejhlystov/ALADDIN_NEW/ALADDIN_NEW/mobile_apps/ALADDIN_iOS/Core/Navigation/NavigationManager.swift /Users/sergejhlystov/ALADDIN_NEW/ALADDIN_NEW/mobile_apps/ALADDIN_iOS/Core/Accessibility/AccessibilityManager.swift /Users/sergejhlystov/ALADDIN_NEW/ALADDIN_NEW/mobile_apps/ALADDIN_iOS/Core/Store/StoreManager.swift /Users/sergejhlystov/ALADDIN_NEW/ALADDIN_NEW/mobile_apps/ALADDIN_iOS/Screens/WheelOfFortuneView.swift /Users/sergejhlystov/ALADDIN_NEW/ALADDIN_NEW/mobile_apps/ALADDIN_iOS/Screens/UnicornUniverseView.swift /Users/sergejhlystov/ALADDIN_NEW/ALADDIN_NEW/mobile_apps/ALADDIN_iOS/Core/Localization/LocalizationManager.swift /Users/sergejhlystov/ALADDIN_NEW/ALADDIN_NEW/mobile_apps/ALADDIN_iOS/Screens/13_SupportScreen.swift /Users/sergejhlystov/ALADDIN_NEW/ALADDIN_NEW/mobile_apps/ALADDIN_iOS/Core/Analytics/AnalyticsManager.swift /Users/sergejhlystov/ALADDIN_NEW/ALADDIN_NEW/mobile_apps/ALADDIN_iOS/Screens/07_ParentalControlScreen.swift /Users/sergejhlystov/ALADDIN_NEW/ALADDIN_NEW/mobile_apps/ALADDIN_iOS/Screens/05_SettingsScreen.swift /Users/sergejhlystov/ALADDIN_NEW/ALADDIN_NEW/mobile_apps/ALADDIN_iOS/Screens/RewardsModalView.swift /Users/sergejhlystov/ALADDIN_NEW/ALADDIN_NEW/mobile_apps/ALADDIN_iOS/Screens/23_FamilyChatScreen.swift /Users/sergejhlystov/ALADDIN_NEW/ALADDIN_NEW/mobile_apps/ALADDIN_iOS/Screens/02_FamilyScreen.swift /Users/sergejhlystov/ALADDIN_NEW/ALADDIN_NEW/mobile_apps/ALADDIN_iOS/Screens/20_DevicesScreen.swift /Users/sergejhlystov/ALADDIN_NEW/ALADDIN_NEW/mobile_apps/ALADDIN_iOS/Shared/Components/ViewModifiers.swift /Users/sergejhlystov/ALADDIN_NEW/ALADDIN_NEW/mobile_apps/ALADDIN_iOS/Shared/Components/HapticFeedback.swift /Users/sergejhlystov/ALADDIN_NEW/ALADDIN_NEW/mobile_apps/ALADDIN_iOS/Screens/MainScreenWithRegistration.swift /Users/sergejhlystov/ALADDIN_NEW/ALADDIN_NEW/mobile_apps/ALADDIN_iOS/Core/Network/NetworkError.swift /Users/sergejhlystov/ALADDIN_NEW/ALADDIN_NEW/mobile_apps/ALADDIN_iOS/Screens/LanguageSettingsScreen.swift /Users/sergejhlystov/ALADDIN_NEW/ALADDIN_NEW/mobile_apps/ALADDIN_iOS/ViewModels/FamilyRegistrationViewModel.swift /Users/sergejhlystov/ALADDIN_NEW/ALADDIN_NEW/mobile_apps/ALADDIN_iOS/Shared/Styles/CornerRadius.swift /Users/sergejhlystov/ALADDIN_NEW/ALADDIN_NEW/mobile_apps/ALADDIN_iOS/Screens/01_MainScreen.swift /Users/sergejhlystov/ALADDIN_NEW/ALADDIN_NEW/mobile_apps/ALADDIN_iOS/Screens/FamilyTournamentView.swift /Users/sergejhlystov/ALADDIN_NEW/ALADDIN_NEW/mobile_apps/ALADDIN_iOS/Shared/Styles/Fonts.swift /Users/sergejhlystov/ALADDIN_NEW/ALADDIN_NEW/mobile_apps/ALADDIN_iOS/Screens/GamesParentalControlView.swift /Users/sergejhlystov/ALADDIN_NEW/ALADDIN_NEW/mobile_apps/ALADDIN_iOS/Shared/Components/QRScannerModal.swift /Users/sergejhlystov/ALADDIN_NEW/ALADDIN_NEW/mobile_apps/ALADDIN_iOS/Screens/04_AnalyticsScreen.swift /Users/sergejhlystov/ALADDIN_NEW/ALADDIN_NEW/mobile_apps/ALADDIN_iOS/Screens/24_VPNEnergyStatsScreen.swift /Users/sergejhlystov/ALADDIN_NEW/ALADDIN_NEW/mobile_apps/ALADDIN_iOS/Shared/Components/Modals/ProfileEditView.swift /Users/sergejhlystov/ALADDIN_NEW/ALADDIN_NEW/mobile_apps/ALADDIN_iOS/ViewModels/TariffsViewModel.swift /Users/sergejhlystov/ALADDIN_NEW/ALADDIN_NEW/mobile_apps/ALADDIN_iOS/Core/Notifications/NotificationManager.swift /Users/sergejhlystov/ALADDIN_NEW/ALADDIN_NEW/mobile_apps/ALADDIN_iOS/Core/Security/SecurityManager.swift -supplementary-output-file-map /var/folders/rf/6rxcyql17sz57_02ng7jd7pr0000gn/T/TemporaryDirectory.wFGpdC/supplementaryOutputs-1 -target x86_64-apple-ios15.0-simulator -enable-objc-interop -sdk /Applications/Xcode.app/Contents/Developer/Platforms/iPhoneSimulator.platform/Developer/SDKs/iPhoneSimulator15.2.sdk -I /Users/sergejhlystov/Library/Developer/Xcode/DerivedData/ALADDIN-eahryzmutvtbyceygnlyjsmiiaha/Build/Products/Debug-iphonesimulator -F /Users/sergejhlystov/Library/Developer/Xcode/DerivedData/ALADDIN-eahryzmutvtbyceygnlyjsmiiaha/Build/Products/Debug-iphonesimulator -enable-testing -g -module-cache-path /Users/sergejhlystov/Library/Developer/Xcode/DerivedData/ModuleCache.noindex -emit-localized-strings -emit-localized-strings-path /Users/sergejhlystov/Library/Developer/Xcode/DerivedData/ALADDIN-eahryzmutvtbyceygnlyjsmiiaha/Build/Intermediates.noindex/ALADDIN.build/Debug-iphonesimulator/ALADDIN.build/Objects-normal/x86_64 -swift-version 5 -enforce-exclusivity\=checked -Onone -D DEBUG -new-driver-path /Applications/Xcode.app/Contents/Developer/Toolchains/XcodeDefault.xctoolchain/usr/bin/swift-driver -serialize-debugging-options -Xcc -working-directory -Xcc /Users/sergejhlystov/ALADDIN_NEW/ALADDIN_NEW/mobile_apps/ALADDIN_iOS -resource-dir /Applications/Xcode.app/Contents/Developer/Toolchains/XcodeDefault.xctoolchain/usr/lib/swift -enable-anonymous-context-mangled-names -Xcc -I/Users/sergejhlystov/Library/Developer/Xcode/DerivedData/ALADDIN-eahryzmutvtbyceygnlyjsmiiaha/Build/Intermediates.noindex/ALADDIN.build/Debug-iphonesimulator/ALADDIN.build/swift-overrides.hmap -Xcc -iquote -Xcc /Users/sergejhlystov/Library/Developer/Xcode/DerivedData/ALADDIN-eahryzmutvtbyceygnlyjsmiiaha/Build/Intermediates.noindex/ALADDIN.build/Debug-iphonesimulator/ALADDIN.build/ALADDIN-generated-files.hmap -Xcc -I/Users/sergejhlystov/Library/Developer/Xcode/DerivedData/ALADDIN-eahryzmutvtbyceygnlyjsmiiaha/Build/Intermediates.noindex/ALADDIN.build/Debug-iphonesimulator/ALADDIN.build/ALADDIN-own-target-headers.hmap -Xcc -I/Users/sergejhlystov/Library/Developer/Xcode/DerivedData/ALADDIN-eahryzmutvtbyceygnlyjsmiiaha/Build/Intermediates.noindex/ALADDIN.build/Debug-iphonesimulator/ALADDIN.build/ALADDIN-all-target-headers.hmap -Xcc -iquote -Xcc /Users/sergejhlystov/Library/Developer/Xcode/DerivedData/ALADDIN-eahryzmutvtbyceygnlyjsmiiaha/Build/Intermediates.noindex/ALADDIN.build/Debug-iphonesimulator/ALADDIN.build/ALADDIN-project-headers.hmap -Xcc -I/Users/sergejhlystov/Library/Developer/Xcode/DerivedData/ALADDIN-eahryzmutvtbyceygnlyjsmiiaha/Build/Products/Debug-iphonesimulator/include -Xcc -I/Users/sergejhlystov/Library/Developer/Xcode/DerivedData/ALADDIN-eahryzmutvtbyceygnlyjsmiiaha/Build/Intermediates.noindex/ALADDIN.build/Debug-iphonesimulator/ALADDIN.build/DerivedSources-normal/x86_64 -Xcc -I/Users/sergejhlystov/Library/Developer/Xcode/DerivedData/ALADDIN-eahryzmutvtbyceygnlyjsmiiaha/Build/Intermediates.noindex/ALADDIN.build/Debug-iphonesimulator/ALADDIN.build/DerivedSources/x86_64 -Xcc -I/Users/sergejhlystov/Library/Developer/Xcode/DerivedData/ALADDIN-eahryzmutvtbyceygnlyjsmiiaha/Build/Intermediates.noindex/ALADDIN.build/Debug-iphonesimulator/ALADDIN.build/DerivedSources -Xcc -DDEBUG\=1 -module-name ALADDIN -target-sdk-version 15.2.0 -o /Users/sergejhlystov/Library/Developer/Xcode/DerivedData/ALADDIN-eahryzmutvtbyceygnlyjsmiiaha/Build/Intermediates.noindex/ALADDIN.build/Debug-iphonesimulator/ALADDIN.build/Objects-normal/x86_64/RewardsQuickModal.o -o /Users/sergejhlystov/Library/Developer/Xcode/DerivedData/ALADDIN-eahryzmutvtbyceygnlyjsmiiaha/Build/Intermediates.noindex/ALADDIN.build/Debug-iphonesimulator/ALADDIN.build/Objects-normal/x86_64/08_ChildInterfaceScreen.o -o /Users/sergejhlystov/Library/Developer/Xcode/DerivedData/ALADDIN-eahryzmutvtbyceygnlyjsmiiaha/Build/Intermediates.noindex/ALADDIN.build/Debug-iphonesimulator/ALADDIN.build/Objects-normal/x86_64/ContentView.o -o /Users/sergejhlystov/Library/Developer/Xcode/DerivedData/ALADDIN-eahryzmutvtbyceygnlyjsmiiaha/Build/Intermediates.noindex/ALADDIN.build/Debug-iphonesimulator/ALADDIN.build/Objects-normal/x86_64/ALADDINToggle.o -o /Users/sergejhlystov/Library/Developer/Xcode/DerivedData/ALADDIN-eahryzmutvtbyceygnlyjsmiiaha/Build/Intermediates.noindex/ALADDIN.build/Debug-iphonesimulator/ALADDIN.build/Objects-normal/x86_64/AgeGroupSelectionModal.o -o /Users/sergejhlystov/Library/Developer/Xcode/DerivedData/ALADDIN-eahryzmutvtbyceygnlyjsmiiaha/Build/Intermediates.noindex/ALADDIN.build/Debug-iphonesimulator/ALADDIN.build/Objects-normal/x86_64/ALADDINApp.o -o /Users/sergejhlystov/Library/Developer/Xcode/DerivedData/ALADDIN-eahryzmutvtbyceygnlyjsmiiaha/Build/Intermediates.noindex/ALADDIN.build/Debug-iphonesimulator/ALADDIN.build/Objects-normal/x86_64/FunctionStatus.o -o /Users/sergejhlystov/Library/Developer/Xcode/DerivedData/ALADDIN-eahryzmutvtbyceygnlyjsmiiaha/Build/Intermediates.noindex/ALADDIN.build/Debug-iphonesimulator/ALADDIN.build/Objects-normal/x86_64/MainViewModel.o -o /Users/sergejhlystov/Library/Developer/Xcode/DerivedData/ALADDIN-eahryzmutvtbyceygnlyjsmiiaha/Build/Intermediates.noindex/ALADDIN.build/Debug-iphonesimulator/ALADDIN.build/Objects-normal/x86_64/PrimaryButton.o -o /Users/sergejhlystov/Library/Developer/Xcode/DerivedData/ALADDIN-eahryzmutvtbyceygnlyjsmiiaha/Build/Intermediates.noindex/ALADDIN.build/Debug-iphonesimulator/ALADDIN.build/Objects-normal/x86_64/NotificationSettingsScreen.o -o /Users/sergejhlystov/Library/Developer/Xcode/DerivedData/ALADDIN-eahryzmutvtbyceygnlyjsmiiaha/Build/Intermediates.noindex/ALADDIN.build/Debug-iphonesimulator/ALADDIN.build/Objects-normal/x86_64/ChildContentScreen.o -o /Users/sergejhlystov/Library/Developer/Xcode/DerivedData/ALADDIN-eahryzmutvtbyceygnlyjsmiiaha/Build/Intermediates.noindex/ALADDIN.build/Debug-iphonesimulator/ALADDIN.build/Objects-normal/x86_64/StatItem.o -index-store-path /Users/sergejhlystov/Library/Developer/Xcode/DerivedData/ALADDIN-eahryzmutvtbyceygnlyjsmiiaha/Index/DataStore -index-system-modules
/Users/sergejhlystov/ALADDIN_NEW/ALADDIN_NEW/mobile_apps/ALADDIN_iOS/ALADDINApp.swift:112:6: error: invalid redeclaration of 'FamilyRole'
enum FamilyRole: String {
     ^
/Users/sergejhlystov/ALADDIN_NEW/ALADDIN_NEW/mobile_apps/ALADDIN_iOS/ViewModels/FamilyRegistrationViewModel.swift:6:6: note: 'FamilyRole' previously declared here
enum FamilyRole: String, Codable, CaseIterable, Identifiable {
     ^

CompileSwift normal x86_64 /Users/sergejhlystov/ALADDIN_NEW/ALADDIN_NEW/mobile_apps/ALADDIN_iOS/Shared/Models/FunctionStatus.swift (in target 'ALADDIN' from project 'ALADDIN')
    cd /Users/sergejhlystov/ALADDIN_NEW/ALADDIN_NEW/mobile_apps/ALADDIN_iOS
    /Applications/Xcode.app/Contents/Developer/Toolchains/XcodeDefault.xctoolchain/usr/bin/swift-frontend -frontend -c -primary-file /Users/sergejhlystov/ALADDIN_NEW/ALADDIN_NEW/mobile_apps/ALADDIN_iOS/Screens/RewardsQuickModal.swift -primary-file /Users/sergejhlystov/ALADDIN_NEW/ALADDIN_NEW/mobile_apps/ALADDIN_iOS/Screens/08_ChildInterfaceScreen.swift -primary-file /Users/sergejhlystov/ALADDIN_NEW/ALADDIN_NEW/mobile_apps/ALADDIN_iOS/ContentView.swift -primary-file /Users/sergejhlystov/ALADDIN_NEW/ALADDIN_NEW/mobile_apps/ALADDIN_iOS/Shared/Components/ALADDINToggle.swift -primary-file /Users/sergejhlystov/ALADDIN_NEW/ALADDIN_NEW/mobile_apps/ALADDIN_iOS/Components/Modals/AgeGroupSelectionModal.swift -primary-file /Users/sergejhlystov/ALADDIN_NEW/ALADDIN_NEW/mobile_apps/ALADDIN_iOS/ALADDINApp.swift -primary-file /Users/sergejhlystov/ALADDIN_NEW/ALADDIN_NEW/mobile_apps/ALADDIN_iOS/Shared/Models/FunctionStatus.swift -primary-file /Users/sergejhlystov/ALADDIN_NEW/ALADDIN_NEW/mobile_apps/ALADDIN_iOS/ViewModels/MainViewModel.swift -primary-file /Users/sergejhlystov/ALADDIN_NEW/ALADDIN_NEW/mobile_apps/ALADDIN_iOS/Shared/Components/Buttons/PrimaryButton.swift -primary-file /Users/sergejhlystov/ALADDIN_NEW/ALADDIN_NEW/mobile_apps/ALADDIN_iOS/Screens/NotificationSettingsScreen.swift -primary-file /Users/sergejhlystov/ALADDIN_NEW/ALADDIN_NEW/mobile_apps/ALADDIN_iOS/Screens/ChildContentScreen.swift -primary-file /Users/sergejhlystov/ALADDIN_NEW/ALADDIN_NEW/mobile_apps/ALADDIN_iOS/Shared/Components/StatItem.swift /Users/sergejhlystov/ALADDIN_NEW/ALADDIN_NEW/mobile_apps/ALADDIN_iOS/Shared/Components/Cards/FamilyMemberCard.swift /Users/sergejhlystov/ALADDIN_NEW/ALADDIN_NEW/mobile_apps/ALADDIN_iOS/ViewModels/VPNViewModel.swift /Users/sergejhlystov/ALADDIN_NEW/ALADDIN_NEW/mobile_apps/ALADDIN_iOS/Core/Models/APIModels.swift /Users/sergejhlystov/ALADDIN_NEW/ALADDIN_NEW/mobile_apps/ALADDIN_iOS/Core/VPN/VPNManager.swift /Users/sergejhlystov/ALADDIN_NEW/ALADDIN_NEW/mobile_apps/ALADDIN_iOS/Screens/UnicornPetView.swift /Users/sergejhlystov/ALADDIN_NEW/ALADDIN_NEW/mobile_apps/ALADDIN_iOS/Core/Network/APIService.swift /Users/sergejhlystov/ALADDIN_NEW/ALADDIN_NEW/mobile_apps/ALADDIN_iOS/Screens/18_PrivacyPolicyScreen.swift /Users/sergejhlystov/ALADDIN_NEW/ALADDIN_NEW/mobile_apps/ALADDIN_iOS/Screens/10_TariffsScreen.swift /Users/sergejhlystov/ALADDIN_NEW/ALADDIN_NEW/mobile_apps/ALADDIN_iOS/Screens/03_VPNScreen.swift /Users/sergejhlystov/ALADDIN_NEW/ALADDIN_NEW/mobile_apps/ALADDIN_iOS/Screens/09_ElderlyInterfaceScreen.swift /Users/sergejhlystov/ALADDIN_NEW/ALADDIN_NEW/mobile_apps/ALADDIN_iOS/Shared/Components/SecondaryButton.swift /Users/sergejhlystov/ALADDIN_NEW/ALADDIN_NEW/mobile_apps/ALADDIN_iOS/Screens/11_ProfileScreen.swift /Users/sergejhlystov/ALADDIN_NEW/ALADDIN_NEW/mobile_apps/ALADDIN_iOS/Core/Network/NetworkManager.swift /Users/sergejhlystov/ALADDIN_NEW/ALADDIN_NEW/mobile_apps/ALADDIN_iOS/Screens/19_TermsOfServiceScreen.swift /Users/sergejhlystov/ALADDIN_NEW/ALADDIN_NEW/mobile_apps/ALADDIN_iOS/Core/Config/AppConfig.swift /Users/sergejhlystov/ALADDIN_NEW/ALADDIN_NEW/mobile_apps/ALADDIN_iOS/ViewModels/FamilyViewModel.swift /Users/sergejhlystov/ALADDIN_NEW/ALADDIN_NEW/mobile_apps/ALADDIN_iOS/ViewModels/AIAssistantViewModel.swift /Users/sergejhlystov/ALADDIN_NEW/ALADDIN_NEW/mobile_apps/ALADDIN_iOS/Screens/22_DeviceDetailScreen.swift /Users/sergejhlystov/ALADDIN_NEW/ALADDIN_NEW/mobile_apps/ALADDIN_iOS/Screens/WidgetConfigurationScreen.swift /Users/sergejhlystov/ALADDIN_NEW/ALADDIN_NEW/mobile_apps/ALADDIN_iOS/Core/Security/KeychainManager.swift /Users/sergejhlystov/ALADDIN_NEW/ALADDIN_NEW/mobile_apps/ALADDIN_iOS/Shared/Components/Modals/MemberStatsModalView.swift /Users/sergejhlystov/ALADDIN_NEW/ALADDIN_NEW/mobile_apps/ALADDIN_iOS/Shared/Styles/Spacing.swift /Users/sergejhlystov/ALADDIN_NEW/ALADDIN_NEW/mobile_apps/ALADDIN_iOS/Shared/Components/RecoveryOptionsModal.swift /Users/sergejhlystov/ALADDIN_NEW/ALADDIN_NEW/mobile_apps/ALADDIN_iOS/ViewModels/SettingsViewModel.swift /Users/sergejhlystov/ALADDIN_NEW/ALADDIN_NEW/mobile_apps/ALADDIN_iOS/Shared/Components/InfoRow.swift /Users/sergejhlystov/ALADDIN_NEW/ALADDIN_NEW/mobile_apps/ALADDIN_iOS/Screens/25_PaymentQRScreen.swift /Users/sergejhlystov/ALADDIN_NEW/ALADDIN_NEW/mobile_apps/ALADDIN_iOS/Shared/Components/Modals/RoleSelectionModal.swift /Users/sergejhlystov/ALADDIN_NEW/ALADDIN_NEW/mobile_apps/ALADDIN_iOS/ViewModels/SupportViewModel.swift /Users/sergejhlystov/ALADDIN_NEW/ALADDIN_NEW/mobile_apps/ALADDIN_iOS/ViewModels/ChildInterfaceViewModel.swift /Users/sergejhlystov/ALADDIN_NEW/ALADDIN_NEW/mobile_apps/ALADDIN_iOS/Screens/12_NotificationsScreen.swift /Users/sergejhlystov/ALADDIN_NEW/ALADDIN_NEW/mobile_apps/ALADDIN_iOS/ViewModels/ElderlyInterfaceViewModel.swift /Users/sergejhlystov/ALADDIN_NEW/ALADDIN_NEW/mobile_apps/ALADDIN_iOS/ViewModels/AnalyticsViewModel.swift /Users/sergejhlystov/ALADDIN_NEW/ALADDIN_NEW/mobile_apps/ALADDIN_iOS/Core/Cache/CacheManager.swift /Users/sergejhlystov/ALADDIN_NEW/ALADDIN_NEW/mobile_apps/ALADDIN_iOS/ViewModels/NotificationsViewModel.swift /Users/sergejhlystov/ALADDIN_NEW/ALADDIN_NEW/mobile_apps/ALADDIN_iOS/Screens/06_AIAssistantScreen.swift /Users/sergejhlystov/ALADDIN_NEW/ALADDIN_NEW/mobile_apps/ALADDIN_iOS/ViewModels/ProfileViewModel.swift /Users/sergejhlystov/ALADDIN_NEW/ALADDIN_NEW/mobile_apps/ALADDIN_iOS/Components/Modals/ConsentModal.swift /Users/sergejhlystov/ALADDIN_NEW/ALADDIN_NEW/mobile_apps/ALADDIN_iOS/ViewModels/ParentalControlViewModel.swift /Users/sergejhlystov/ALADDIN_NEW/ALADDIN_NEW/mobile_apps/ALADDIN_iOS/ViewModels/OnboardingViewModel.swift /Users/sergejhlystov/ALADDIN_NEW/ALADDIN_NEW/mobile_apps/ALADDIN_iOS/Shared/Styles/Colors.swift /Users/sergejhlystov/ALADDIN_NEW/ALADDIN_NEW/mobile_apps/ALADDIN_iOS/Screens/ChildRewardsScreen.swift /Users/sergejhlystov/ALADDIN_NEW/ALADDIN_NEW/mobile_apps/ALADDIN_iOS/Screens/21_ReferralScreen.swift /Users/sergejhlystov/ALADDIN_NEW/ALADDIN_NEW/mobile_apps/ALADDIN_iOS/Shared/Components/AvatarSelector.swift /Users/sergejhlystov/ALADDIN_NEW/ALADDIN_NEW/mobile_apps/ALADDIN_iOS/Shared/Components/Navigation/ALADDINNavigationBar.swift /Users/sergejhlystov/ALADDIN_NEW/ALADDIN_NEW/mobile_apps/ALADDIN_iOS/Screens/14_OnboardingScreen.swift /Users/sergejhlystov/ALADDIN_NEW/ALADDIN_NEW/mobile_apps/ALADDIN_iOS/Components/Modals/FamilyCreatedModal.swift /Users/sergejhlystov/ALADDIN_NEW/ALADDIN_NEW/mobile_apps/ALADDIN_iOS/ViewModels/PaymentQRViewModel.swift /Users/sergejhlystov/ALADDIN_NEW/ALADDIN_NEW/mobile_apps/ALADDIN_iOS/Core/Navigation/NavigationManager.swift /Users/sergejhlystov/ALADDIN_NEW/ALADDIN_NEW/mobile_apps/ALADDIN_iOS/Core/Accessibility/AccessibilityManager.swift /Users/sergejhlystov/ALADDIN_NEW/ALADDIN_NEW/mobile_apps/ALADDIN_iOS/Core/Store/StoreManager.swift /Users/sergejhlystov/ALADDIN_NEW/ALADDIN_NEW/mobile_apps/ALADDIN_iOS/Screens/WheelOfFortuneView.swift /Users/sergejhlystov/ALADDIN_NEW/ALADDIN_NEW/mobile_apps/ALADDIN_iOS/Screens/UnicornUniverseView.swift /Users/sergejhlystov/ALADDIN_NEW/ALADDIN_NEW/mobile_apps/ALADDIN_iOS/Core/Localization/LocalizationManager.swift /Users/sergejhlystov/ALADDIN_NEW/ALADDIN_NEW/mobile_apps/ALADDIN_iOS/Screens/13_SupportScreen.swift /Users/sergejhlystov/ALADDIN_NEW/ALADDIN_NEW/mobile_apps/ALADDIN_iOS/Core/Analytics/AnalyticsManager.swift /Users/sergejhlystov/ALADDIN_NEW/ALADDIN_NEW/mobile_apps/ALADDIN_iOS/Screens/07_ParentalControlScreen.swift /Users/sergejhlystov/ALADDIN_NEW/ALADDIN_NEW/mobile_apps/ALADDIN_iOS/Screens/05_SettingsScreen.swift /Users/sergejhlystov/ALADDIN_NEW/ALADDIN_NEW/mobile_apps/ALADDIN_iOS/Screens/RewardsModalView.swift /Users/sergejhlystov/ALADDIN_NEW/ALADDIN_NEW/mobile_apps/ALADDIN_iOS/Screens/23_FamilyChatScreen.swift /Users/sergejhlystov/ALADDIN_NEW/ALADDIN_NEW/mobile_apps/ALADDIN_iOS/Screens/02_FamilyScreen.swift /Users/sergejhlystov/ALADDIN_NEW/ALADDIN_NEW/mobile_apps/ALADDIN_iOS/Screens/20_DevicesScreen.swift /Users/sergejhlystov/ALADDIN_NEW/ALADDIN_NEW/mobile_apps/ALADDIN_iOS/Shared/Components/ViewModifiers.swift /Users/sergejhlystov/ALADDIN_NEW/ALADDIN_NEW/mobile_apps/ALADDIN_iOS/Shared/Components/HapticFeedback.swift /Users/sergejhlystov/ALADDIN_NEW/ALADDIN_NEW/mobile_apps/ALADDIN_iOS/Screens/MainScreenWithRegistration.swift /Users/sergejhlystov/ALADDIN_NEW/ALADDIN_NEW/mobile_apps/ALADDIN_iOS/Core/Network/NetworkError.swift /Users/sergejhlystov/ALADDIN_NEW/ALADDIN_NEW/mobile_apps/ALADDIN_iOS/Screens/LanguageSettingsScreen.swift /Users/sergejhlystov/ALADDIN_NEW/ALADDIN_NEW/mobile_apps/ALADDIN_iOS/ViewModels/FamilyRegistrationViewModel.swift /Users/sergejhlystov/ALADDIN_NEW/ALADDIN_NEW/mobile_apps/ALADDIN_iOS/Shared/Styles/CornerRadius.swift /Users/sergejhlystov/ALADDIN_NEW/ALADDIN_NEW/mobile_apps/ALADDIN_iOS/Screens/01_MainScreen.swift /Users/sergejhlystov/ALADDIN_NEW/ALADDIN_NEW/mobile_apps/ALADDIN_iOS/Screens/FamilyTournamentView.swift /Users/sergejhlystov/ALADDIN_NEW/ALADDIN_NEW/mobile_apps/ALADDIN_iOS/Shared/Styles/Fonts.swift /Users/sergejhlystov/ALADDIN_NEW/ALADDIN_NEW/mobile_apps/ALADDIN_iOS/Screens/GamesParentalControlView.swift /Users/sergejhlystov/ALADDIN_NEW/ALADDIN_NEW/mobile_apps/ALADDIN_iOS/Shared/Components/QRScannerModal.swift /Users/sergejhlystov/ALADDIN_NEW/ALADDIN_NEW/mobile_apps/ALADDIN_iOS/Screens/04_AnalyticsScreen.swift /Users/sergejhlystov/ALADDIN_NEW/ALADDIN_NEW/mobile_apps/ALADDIN_iOS/Screens/24_VPNEnergyStatsScreen.swift /Users/sergejhlystov/ALADDIN_NEW/ALADDIN_NEW/mobile_apps/ALADDIN_iOS/Shared/Components/Modals/ProfileEditView.swift /Users/sergejhlystov/ALADDIN_NEW/ALADDIN_NEW/mobile_apps/ALADDIN_iOS/ViewModels/TariffsViewModel.swift /Users/sergejhlystov/ALADDIN_NEW/ALADDIN_NEW/mobile_apps/ALADDIN_iOS/Core/Notifications/NotificationManager.swift /Users/sergejhlystov/ALADDIN_NEW/ALADDIN_NEW/mobile_apps/ALADDIN_iOS/Core/Security/SecurityManager.swift -supplementary-output-file-map /var/folders/rf/6rxcyql17sz57_02ng7jd7pr0000gn/T/TemporaryDirectory.wFGpdC/supplementaryOutputs-1 -target x86_64-apple-ios15.0-simulator -enable-objc-interop -sdk /Applications/Xcode.app/Contents/Developer/Platforms/iPhoneSimulator.platform/Developer/SDKs/iPhoneSimulator15.2.sdk -I /Users/sergejhlystov/Library/Developer/Xcode/DerivedData/ALADDIN-eahryzmutvtbyceygnlyjsmiiaha/Build/Products/Debug-iphonesimulator -F /Users/sergejhlystov/Library/Developer/Xcode/DerivedData/ALADDIN-eahryzmutvtbyceygnlyjsmiiaha/Build/Products/Debug-iphonesimulator -enable-testing -g -module-cache-path /Users/sergejhlystov/Library/Developer/Xcode/DerivedData/ModuleCache.noindex -emit-localized-strings -emit-localized-strings-path /Users/sergejhlystov/Library/Developer/Xcode/DerivedData/ALADDIN-eahryzmutvtbyceygnlyjsmiiaha/Build/Intermediates.noindex/ALADDIN.build/Debug-iphonesimulator/ALADDIN.build/Objects-normal/x86_64 -swift-version 5 -enforce-exclusivity\=checked -Onone -D DEBUG -new-driver-path /Applications/Xcode.app/Contents/Developer/Toolchains/XcodeDefault.xctoolchain/usr/bin/swift-driver -serialize-debugging-options -Xcc -working-directory -Xcc /Users/sergejhlystov/ALADDIN_NEW/ALADDIN_NEW/mobile_apps/ALADDIN_iOS -resource-dir /Applications/Xcode.app/Contents/Developer/Toolchains/XcodeDefault.xctoolchain/usr/lib/swift -enable-anonymous-context-mangled-names -Xcc -I/Users/sergejhlystov/Library/Developer/Xcode/DerivedData/ALADDIN-eahryzmutvtbyceygnlyjsmiiaha/Build/Intermediates.noindex/ALADDIN.build/Debug-iphonesimulator/ALADDIN.build/swift-overrides.hmap -Xcc -iquote -Xcc /Users/sergejhlystov/Library/Developer/Xcode/DerivedData/ALADDIN-eahryzmutvtbyceygnlyjsmiiaha/Build/Intermediates.noindex/ALADDIN.build/Debug-iphonesimulator/ALADDIN.build/ALADDIN-generated-files.hmap -Xcc -I/Users/sergejhlystov/Library/Developer/Xcode/DerivedData/ALADDIN-eahryzmutvtbyceygnlyjsmiiaha/Build/Intermediates.noindex/ALADDIN.build/Debug-iphonesimulator/ALADDIN.build/ALADDIN-own-target-headers.hmap -Xcc -I/Users/sergejhlystov/Library/Developer/Xcode/DerivedData/ALADDIN-eahryzmutvtbyceygnlyjsmiiaha/Build/Intermediates.noindex/ALADDIN.build/Debug-iphonesimulator/ALADDIN.build/ALADDIN-all-target-headers.hmap -Xcc -iquote -Xcc /Users/sergejhlystov/Library/Developer/Xcode/DerivedData/ALADDIN-eahryzmutvtbyceygnlyjsmiiaha/Build/Intermediates.noindex/ALADDIN.build/Debug-iphonesimulator/ALADDIN.build/ALADDIN-project-headers.hmap -Xcc -I/Users/sergejhlystov/Library/Developer/Xcode/DerivedData/ALADDIN-eahryzmutvtbyceygnlyjsmiiaha/Build/Products/Debug-iphonesimulator/include -Xcc -I/Users/sergejhlystov/Library/Developer/Xcode/DerivedData/ALADDIN-eahryzmutvtbyceygnlyjsmiiaha/Build/Intermediates.noindex/ALADDIN.build/Debug-iphonesimulator/ALADDIN.build/DerivedSources-normal/x86_64 -Xcc -I/Users/sergejhlystov/Library/Developer/Xcode/DerivedData/ALADDIN-eahryzmutvtbyceygnlyjsmiiaha/Build/Intermediates.noindex/ALADDIN.build/Debug-iphonesimulator/ALADDIN.build/DerivedSources/x86_64 -Xcc -I/Users/sergejhlystov/Library/Developer/Xcode/DerivedData/ALADDIN-eahryzmutvtbyceygnlyjsmiiaha/Build/Intermediates.noindex/ALADDIN.build/Debug-iphonesimulator/ALADDIN.build/DerivedSources -Xcc -DDEBUG\=1 -module-name ALADDIN -target-sdk-version 15.2.0 -o /Users/sergejhlystov/Library/Developer/Xcode/DerivedData/ALADDIN-eahryzmutvtbyceygnlyjsmiiaha/Build/Intermediates.noindex/ALADDIN.build/Debug-iphonesimulator/ALADDIN.build/Objects-normal/x86_64/RewardsQuickModal.o -o /Users/sergejhlystov/Library/Developer/Xcode/DerivedData/ALADDIN-eahryzmutvtbyceygnlyjsmiiaha/Build/Intermediates.noindex/ALADDIN.build/Debug-iphonesimulator/ALADDIN.build/Objects-normal/x86_64/08_ChildInterfaceScreen.o -o /Users/sergejhlystov/Library/Developer/Xcode/DerivedData/ALADDIN-eahryzmutvtbyceygnlyjsmiiaha/Build/Intermediates.noindex/ALADDIN.build/Debug-iphonesimulator/ALADDIN.build/Objects-normal/x86_64/ContentView.o -o /Users/sergejhlystov/Library/Developer/Xcode/DerivedData/ALADDIN-eahryzmutvtbyceygnlyjsmiiaha/Build/Intermediates.noindex/ALADDIN.build/Debug-iphonesimulator/ALADDIN.build/Objects-normal/x86_64/ALADDINToggle.o -o /Users/sergejhlystov/Library/Developer/Xcode/DerivedData/ALADDIN-eahryzmutvtbyceygnlyjsmiiaha/Build/Intermediates.noindex/ALADDIN.build/Debug-iphonesimulator/ALADDIN.build/Objects-normal/x86_64/AgeGroupSelectionModal.o -o /Users/sergejhlystov/Library/Developer/Xcode/DerivedData/ALADDIN-eahryzmutvtbyceygnlyjsmiiaha/Build/Intermediates.noindex/ALADDIN.build/Debug-iphonesimulator/ALADDIN.build/Objects-normal/x86_64/ALADDINApp.o -o /Users/sergejhlystov/Library/Developer/Xcode/DerivedData/ALADDIN-eahryzmutvtbyceygnlyjsmiiaha/Build/Intermediates.noindex/ALADDIN.build/Debug-iphonesimulator/ALADDIN.build/Objects-normal/x86_64/FunctionStatus.o -o /Users/sergejhlystov/Library/Developer/Xcode/DerivedData/ALADDIN-eahryzmutvtbyceygnlyjsmiiaha/Build/Intermediates.noindex/ALADDIN.build/Debug-iphonesimulator/ALADDIN.build/Objects-normal/x86_64/MainViewModel.o -o /Users/sergejhlystov/Library/Developer/Xcode/DerivedData/ALADDIN-eahryzmutvtbyceygnlyjsmiiaha/Build/Intermediates.noindex/ALADDIN.build/Debug-iphonesimulator/ALADDIN.build/Objects-normal/x86_64/PrimaryButton.o -o /Users/sergejhlystov/Library/Developer/Xcode/DerivedData/ALADDIN-eahryzmutvtbyceygnlyjsmiiaha/Build/Intermediates.noindex/ALADDIN.build/Debug-iphonesimulator/ALADDIN.build/Objects-normal/x86_64/NotificationSettingsScreen.o -o /Users/sergejhlystov/Library/Developer/Xcode/DerivedData/ALADDIN-eahryzmutvtbyceygnlyjsmiiaha/Build/Intermediates.noindex/ALADDIN.build/Debug-iphonesimulator/ALADDIN.build/Objects-normal/x86_64/ChildContentScreen.o -o /Users/sergejhlystov/Library/Developer/Xcode/DerivedData/ALADDIN-eahryzmutvtbyceygnlyjsmiiaha/Build/Intermediates.noindex/ALADDIN.build/Debug-iphonesimulator/ALADDIN.build/Objects-normal/x86_64/StatItem.o -index-store-path /Users/sergejhlystov/Library/Developer/Xcode/DerivedData/ALADDIN-eahryzmutvtbyceygnlyjsmiiaha/Index/DataStore -index-system-modules
/Users/sergejhlystov/ALADDIN_NEW/ALADDIN_NEW/mobile_apps/ALADDIN_iOS/ALADDINApp.swift:112:6: error: invalid redeclaration of 'FamilyRole'
enum FamilyRole: String {
     ^
/Users/sergejhlystov/ALADDIN_NEW/ALADDIN_NEW/mobile_apps/ALADDIN_iOS/ViewModels/FamilyRegistrationViewModel.swift:6:6: note: 'FamilyRole' previously declared here
enum FamilyRole: String, Codable, CaseIterable, Identifiable {
     ^
/Users/sergejhlystov/Library/Developer/Xcode/DerivedData/ALADDIN-eahryzmutvtbyceygnlyjsmiiaha/Build/Intermediates.noindex/ALADDIN.build/Debug-iphonesimulator/ALADDIN.build/Objects-normal/x86_64/FunctionStatus.dia:1:1: warning: Could not read serialized diagnostics file: error("Invalid diagnostics signature") (in target 'ALADDIN' from project 'ALADDIN')
Command CompileSwift failed with a nonzero exit code

CompileSwift normal x86_64 /Users/sergejhlystov/ALADDIN_NEW/ALADDIN_NEW/mobile_apps/ALADDIN_iOS/ViewModels/MainViewModel.swift (in target 'ALADDIN' from project 'ALADDIN')
    cd /Users/sergejhlystov/ALADDIN_NEW/ALADDIN_NEW/mobile_apps/ALADDIN_iOS
    /Applications/Xcode.app/Contents/Developer/Toolchains/XcodeDefault.xctoolchain/usr/bin/swift-frontend -frontend -c -primary-file /Users/sergejhlystov/ALADDIN_NEW/ALADDIN_NEW/mobile_apps/ALADDIN_iOS/Screens/RewardsQuickModal.swift -primary-file /Users/sergejhlystov/ALADDIN_NEW/ALADDIN_NEW/mobile_apps/ALADDIN_iOS/Screens/08_ChildInterfaceScreen.swift -primary-file /Users/sergejhlystov/ALADDIN_NEW/ALADDIN_NEW/mobile_apps/ALADDIN_iOS/ContentView.swift -primary-file /Users/sergejhlystov/ALADDIN_NEW/ALADDIN_NEW/mobile_apps/ALADDIN_iOS/Shared/Components/ALADDINToggle.swift -primary-file /Users/sergejhlystov/ALADDIN_NEW/ALADDIN_NEW/mobile_apps/ALADDIN_iOS/Components/Modals/AgeGroupSelectionModal.swift -primary-file /Users/sergejhlystov/ALADDIN_NEW/ALADDIN_NEW/mobile_apps/ALADDIN_iOS/ALADDINApp.swift -primary-file /Users/sergejhlystov/ALADDIN_NEW/ALADDIN_NEW/mobile_apps/ALADDIN_iOS/Shared/Models/FunctionStatus.swift -primary-file /Users/sergejhlystov/ALADDIN_NEW/ALADDIN_NEW/mobile_apps/ALADDIN_iOS/ViewModels/MainViewModel.swift -primary-file /Users/sergejhlystov/ALADDIN_NEW/ALADDIN_NEW/mobile_apps/ALADDIN_iOS/Shared/Components/Buttons/PrimaryButton.swift -primary-file /Users/sergejhlystov/ALADDIN_NEW/ALADDIN_NEW/mobile_apps/ALADDIN_iOS/Screens/NotificationSettingsScreen.swift -primary-file /Users/sergejhlystov/ALADDIN_NEW/ALADDIN_NEW/mobile_apps/ALADDIN_iOS/Screens/ChildContentScreen.swift -primary-file /Users/sergejhlystov/ALADDIN_NEW/ALADDIN_NEW/mobile_apps/ALADDIN_iOS/Shared/Components/StatItem.swift /Users/sergejhlystov/ALADDIN_NEW/ALADDIN_NEW/mobile_apps/ALADDIN_iOS/Shared/Components/Cards/FamilyMemberCard.swift /Users/sergejhlystov/ALADDIN_NEW/ALADDIN_NEW/mobile_apps/ALADDIN_iOS/ViewModels/VPNViewModel.swift /Users/sergejhlystov/ALADDIN_NEW/ALADDIN_NEW/mobile_apps/ALADDIN_iOS/Core/Models/APIModels.swift /Users/sergejhlystov/ALADDIN_NEW/ALADDIN_NEW/mobile_apps/ALADDIN_iOS/Core/VPN/VPNManager.swift /Users/sergejhlystov/ALADDIN_NEW/ALADDIN_NEW/mobile_apps/ALADDIN_iOS/Screens/UnicornPetView.swift /Users/sergejhlystov/ALADDIN_NEW/ALADDIN_NEW/mobile_apps/ALADDIN_iOS/Core/Network/APIService.swift /Users/sergejhlystov/ALADDIN_NEW/ALADDIN_NEW/mobile_apps/ALADDIN_iOS/Screens/18_PrivacyPolicyScreen.swift /Users/sergejhlystov/ALADDIN_NEW/ALADDIN_NEW/mobile_apps/ALADDIN_iOS/Screens/10_TariffsScreen.swift /Users/sergejhlystov/ALADDIN_NEW/ALADDIN_NEW/mobile_apps/ALADDIN_iOS/Screens/03_VPNScreen.swift /Users/sergejhlystov/ALADDIN_NEW/ALADDIN_NEW/mobile_apps/ALADDIN_iOS/Screens/09_ElderlyInterfaceScreen.swift /Users/sergejhlystov/ALADDIN_NEW/ALADDIN_NEW/mobile_apps/ALADDIN_iOS/Shared/Components/SecondaryButton.swift /Users/sergejhlystov/ALADDIN_NEW/ALADDIN_NEW/mobile_apps/ALADDIN_iOS/Screens/11_ProfileScreen.swift /Users/sergejhlystov/ALADDIN_NEW/ALADDIN_NEW/mobile_apps/ALADDIN_iOS/Core/Network/NetworkManager.swift /Users/sergejhlystov/ALADDIN_NEW/ALADDIN_NEW/mobile_apps/ALADDIN_iOS/Screens/19_TermsOfServiceScreen.swift /Users/sergejhlystov/ALADDIN_NEW/ALADDIN_NEW/mobile_apps/ALADDIN_iOS/Core/Config/AppConfig.swift /Users/sergejhlystov/ALADDIN_NEW/ALADDIN_NEW/mobile_apps/ALADDIN_iOS/ViewModels/FamilyViewModel.swift /Users/sergejhlystov/ALADDIN_NEW/ALADDIN_NEW/mobile_apps/ALADDIN_iOS/ViewModels/AIAssistantViewModel.swift /Users/sergejhlystov/ALADDIN_NEW/ALADDIN_NEW/mobile_apps/ALADDIN_iOS/Screens/22_DeviceDetailScreen.swift /Users/sergejhlystov/ALADDIN_NEW/ALADDIN_NEW/mobile_apps/ALADDIN_iOS/Screens/WidgetConfigurationScreen.swift /Users/sergejhlystov/ALADDIN_NEW/ALADDIN_NEW/mobile_apps/ALADDIN_iOS/Core/Security/KeychainManager.swift /Users/sergejhlystov/ALADDIN_NEW/ALADDIN_NEW/mobile_apps/ALADDIN_iOS/Shared/Components/Modals/MemberStatsModalView.swift /Users/sergejhlystov/ALADDIN_NEW/ALADDIN_NEW/mobile_apps/ALADDIN_iOS/Shared/Styles/Spacing.swift /Users/sergejhlystov/ALADDIN_NEW/ALADDIN_NEW/mobile_apps/ALADDIN_iOS/Shared/Components/RecoveryOptionsModal.swift /Users/sergejhlystov/ALADDIN_NEW/ALADDIN_NEW/mobile_apps/ALADDIN_iOS/ViewModels/SettingsViewModel.swift /Users/sergejhlystov/ALADDIN_NEW/ALADDIN_NEW/mobile_apps/ALADDIN_iOS/Shared/Components/InfoRow.swift /Users/sergejhlystov/ALADDIN_NEW/ALADDIN_NEW/mobile_apps/ALADDIN_iOS/Screens/25_PaymentQRScreen.swift /Users/sergejhlystov/ALADDIN_NEW/ALADDIN_NEW/mobile_apps/ALADDIN_iOS/Shared/Components/Modals/RoleSelectionModal.swift /Users/sergejhlystov/ALADDIN_NEW/ALADDIN_NEW/mobile_apps/ALADDIN_iOS/ViewModels/SupportViewModel.swift /Users/sergejhlystov/ALADDIN_NEW/ALADDIN_NEW/mobile_apps/ALADDIN_iOS/ViewModels/ChildInterfaceViewModel.swift /Users/sergejhlystov/ALADDIN_NEW/ALADDIN_NEW/mobile_apps/ALADDIN_iOS/Screens/12_NotificationsScreen.swift /Users/sergejhlystov/ALADDIN_NEW/ALADDIN_NEW/mobile_apps/ALADDIN_iOS/ViewModels/ElderlyInterfaceViewModel.swift /Users/sergejhlystov/ALADDIN_NEW/ALADDIN_NEW/mobile_apps/ALADDIN_iOS/ViewModels/AnalyticsViewModel.swift /Users/sergejhlystov/ALADDIN_NEW/ALADDIN_NEW/mobile_apps/ALADDIN_iOS/Core/Cache/CacheManager.swift /Users/sergejhlystov/ALADDIN_NEW/ALADDIN_NEW/mobile_apps/ALADDIN_iOS/ViewModels/NotificationsViewModel.swift /Users/sergejhlystov/ALADDIN_NEW/ALADDIN_NEW/mobile_apps/ALADDIN_iOS/Screens/06_AIAssistantScreen.swift /Users/sergejhlystov/ALADDIN_NEW/ALADDIN_NEW/mobile_apps/ALADDIN_iOS/ViewModels/ProfileViewModel.swift /Users/sergejhlystov/ALADDIN_NEW/ALADDIN_NEW/mobile_apps/ALADDIN_iOS/Components/Modals/ConsentModal.swift /Users/sergejhlystov/ALADDIN_NEW/ALADDIN_NEW/mobile_apps/ALADDIN_iOS/ViewModels/ParentalControlViewModel.swift /Users/sergejhlystov/ALADDIN_NEW/ALADDIN_NEW/mobile_apps/ALADDIN_iOS/ViewModels/OnboardingViewModel.swift /Users/sergejhlystov/ALADDIN_NEW/ALADDIN_NEW/mobile_apps/ALADDIN_iOS/Shared/Styles/Colors.swift /Users/sergejhlystov/ALADDIN_NEW/ALADDIN_NEW/mobile_apps/ALADDIN_iOS/Screens/ChildRewardsScreen.swift /Users/sergejhlystov/ALADDIN_NEW/ALADDIN_NEW/mobile_apps/ALADDIN_iOS/Screens/21_ReferralScreen.swift /Users/sergejhlystov/ALADDIN_NEW/ALADDIN_NEW/mobile_apps/ALADDIN_iOS/Shared/Components/AvatarSelector.swift /Users/sergejhlystov/ALADDIN_NEW/ALADDIN_NEW/mobile_apps/ALADDIN_iOS/Shared/Components/Navigation/ALADDINNavigationBar.swift /Users/sergejhlystov/ALADDIN_NEW/ALADDIN_NEW/mobile_apps/ALADDIN_iOS/Screens/14_OnboardingScreen.swift /Users/sergejhlystov/ALADDIN_NEW/ALADDIN_NEW/mobile_apps/ALADDIN_iOS/Components/Modals/FamilyCreatedModal.swift /Users/sergejhlystov/ALADDIN_NEW/ALADDIN_NEW/mobile_apps/ALADDIN_iOS/ViewModels/PaymentQRViewModel.swift /Users/sergejhlystov/ALADDIN_NEW/ALADDIN_NEW/mobile_apps/ALADDIN_iOS/Core/Navigation/NavigationManager.swift /Users/sergejhlystov/ALADDIN_NEW/ALADDIN_NEW/mobile_apps/ALADDIN_iOS/Core/Accessibility/AccessibilityManager.swift /Users/sergejhlystov/ALADDIN_NEW/ALADDIN_NEW/mobile_apps/ALADDIN_iOS/Core/Store/StoreManager.swift /Users/sergejhlystov/ALADDIN_NEW/ALADDIN_NEW/mobile_apps/ALADDIN_iOS/Screens/WheelOfFortuneView.swift /Users/sergejhlystov/ALADDIN_NEW/ALADDIN_NEW/mobile_apps/ALADDIN_iOS/Screens/UnicornUniverseView.swift /Users/sergejhlystov/ALADDIN_NEW/ALADDIN_NEW/mobile_apps/ALADDIN_iOS/Core/Localization/LocalizationManager.swift /Users/sergejhlystov/ALADDIN_NEW/ALADDIN_NEW/mobile_apps/ALADDIN_iOS/Screens/13_SupportScreen.swift /Users/sergejhlystov/ALADDIN_NEW/ALADDIN_NEW/mobile_apps/ALADDIN_iOS/Core/Analytics/AnalyticsManager.swift /Users/sergejhlystov/ALADDIN_NEW/ALADDIN_NEW/mobile_apps/ALADDIN_iOS/Screens/07_ParentalControlScreen.swift /Users/sergejhlystov/ALADDIN_NEW/ALADDIN_NEW/mobile_apps/ALADDIN_iOS/Screens/05_SettingsScreen.swift /Users/sergejhlystov/ALADDIN_NEW/ALADDIN_NEW/mobile_apps/ALADDIN_iOS/Screens/RewardsModalView.swift /Users/sergejhlystov/ALADDIN_NEW/ALADDIN_NEW/mobile_apps/ALADDIN_iOS/Screens/23_FamilyChatScreen.swift /Users/sergejhlystov/ALADDIN_NEW/ALADDIN_NEW/mobile_apps/ALADDIN_iOS/Screens/02_FamilyScreen.swift /Users/sergejhlystov/ALADDIN_NEW/ALADDIN_NEW/mobile_apps/ALADDIN_iOS/Screens/20_DevicesScreen.swift /Users/sergejhlystov/ALADDIN_NEW/ALADDIN_NEW/mobile_apps/ALADDIN_iOS/Shared/Components/ViewModifiers.swift /Users/sergejhlystov/ALADDIN_NEW/ALADDIN_NEW/mobile_apps/ALADDIN_iOS/Shared/Components/HapticFeedback.swift /Users/sergejhlystov/ALADDIN_NEW/ALADDIN_NEW/mobile_apps/ALADDIN_iOS/Screens/MainScreenWithRegistration.swift /Users/sergejhlystov/ALADDIN_NEW/ALADDIN_NEW/mobile_apps/ALADDIN_iOS/Core/Network/NetworkError.swift /Users/sergejhlystov/ALADDIN_NEW/ALADDIN_NEW/mobile_apps/ALADDIN_iOS/Screens/LanguageSettingsScreen.swift /Users/sergejhlystov/ALADDIN_NEW/ALADDIN_NEW/mobile_apps/ALADDIN_iOS/ViewModels/FamilyRegistrationViewModel.swift /Users/sergejhlystov/ALADDIN_NEW/ALADDIN_NEW/mobile_apps/ALADDIN_iOS/Shared/Styles/CornerRadius.swift /Users/sergejhlystov/ALADDIN_NEW/ALADDIN_NEW/mobile_apps/ALADDIN_iOS/Screens/01_MainScreen.swift /Users/sergejhlystov/ALADDIN_NEW/ALADDIN_NEW/mobile_apps/ALADDIN_iOS/Screens/FamilyTournamentView.swift /Users/sergejhlystov/ALADDIN_NEW/ALADDIN_NEW/mobile_apps/ALADDIN_iOS/Shared/Styles/Fonts.swift /Users/sergejhlystov/ALADDIN_NEW/ALADDIN_NEW/mobile_apps/ALADDIN_iOS/Screens/GamesParentalControlView.swift /Users/sergejhlystov/ALADDIN_NEW/ALADDIN_NEW/mobile_apps/ALADDIN_iOS/Shared/Components/QRScannerModal.swift /Users/sergejhlystov/ALADDIN_NEW/ALADDIN_NEW/mobile_apps/ALADDIN_iOS/Screens/04_AnalyticsScreen.swift /Users/sergejhlystov/ALADDIN_NEW/ALADDIN_NEW/mobile_apps/ALADDIN_iOS/Screens/24_VPNEnergyStatsScreen.swift /Users/sergejhlystov/ALADDIN_NEW/ALADDIN_NEW/mobile_apps/ALADDIN_iOS/Shared/Components/Modals/ProfileEditView.swift /Users/sergejhlystov/ALADDIN_NEW/ALADDIN_NEW/mobile_apps/ALADDIN_iOS/ViewModels/TariffsViewModel.swift /Users/sergejhlystov/ALADDIN_NEW/ALADDIN_NEW/mobile_apps/ALADDIN_iOS/Core/Notifications/NotificationManager.swift /Users/sergejhlystov/ALADDIN_NEW/ALADDIN_NEW/mobile_apps/ALADDIN_iOS/Core/Security/SecurityManager.swift -supplementary-output-file-map /var/folders/rf/6rxcyql17sz57_02ng7jd7pr0000gn/T/TemporaryDirectory.wFGpdC/supplementaryOutputs-1 -target x86_64-apple-ios15.0-simulator -enable-objc-interop -sdk /Applications/Xcode.app/Contents/Developer/Platforms/iPhoneSimulator.platform/Developer/SDKs/iPhoneSimulator15.2.sdk -I /Users/sergejhlystov/Library/Developer/Xcode/DerivedData/ALADDIN-eahryzmutvtbyceygnlyjsmiiaha/Build/Products/Debug-iphonesimulator -F /Users/sergejhlystov/Library/Developer/Xcode/DerivedData/ALADDIN-eahryzmutvtbyceygnlyjsmiiaha/Build/Products/Debug-iphonesimulator -enable-testing -g -module-cache-path /Users/sergejhlystov/Library/Developer/Xcode/DerivedData/ModuleCache.noindex -emit-localized-strings -emit-localized-strings-path /Users/sergejhlystov/Library/Developer/Xcode/DerivedData/ALADDIN-eahryzmutvtbyceygnlyjsmiiaha/Build/Intermediates.noindex/ALADDIN.build/Debug-iphonesimulator/ALADDIN.build/Objects-normal/x86_64 -swift-version 5 -enforce-exclusivity\=checked -Onone -D DEBUG -new-driver-path /Applications/Xcode.app/Contents/Developer/Toolchains/XcodeDefault.xctoolchain/usr/bin/swift-driver -serialize-debugging-options -Xcc -working-directory -Xcc /Users/sergejhlystov/ALADDIN_NEW/ALADDIN_NEW/mobile_apps/ALADDIN_iOS -resource-dir /Applications/Xcode.app/Contents/Developer/Toolchains/XcodeDefault.xctoolchain/usr/lib/swift -enable-anonymous-context-mangled-names -Xcc -I/Users/sergejhlystov/Library/Developer/Xcode/DerivedData/ALADDIN-eahryzmutvtbyceygnlyjsmiiaha/Build/Intermediates.noindex/ALADDIN.build/Debug-iphonesimulator/ALADDIN.build/swift-overrides.hmap -Xcc -iquote -Xcc /Users/sergejhlystov/Library/Developer/Xcode/DerivedData/ALADDIN-eahryzmutvtbyceygnlyjsmiiaha/Build/Intermediates.noindex/ALADDIN.build/Debug-iphonesimulator/ALADDIN.build/ALADDIN-generated-files.hmap -Xcc -I/Users/sergejhlystov/Library/Developer/Xcode/DerivedData/ALADDIN-eahryzmutvtbyceygnlyjsmiiaha/Build/Intermediates.noindex/ALADDIN.build/Debug-iphonesimulator/ALADDIN.build/ALADDIN-own-target-headers.hmap -Xcc -I/Users/sergejhlystov/Library/Developer/Xcode/DerivedData/ALADDIN-eahryzmutvtbyceygnlyjsmiiaha/Build/Intermediates.noindex/ALADDIN.build/Debug-iphonesimulator/ALADDIN.build/ALADDIN-all-target-headers.hmap -Xcc -iquote -Xcc /Users/sergejhlystov/Library/Developer/Xcode/DerivedData/ALADDIN-eahryzmutvtbyceygnlyjsmiiaha/Build/Intermediates.noindex/ALADDIN.build/Debug-iphonesimulator/ALADDIN.build/ALADDIN-project-headers.hmap -Xcc -I/Users/sergejhlystov/Library/Developer/Xcode/DerivedData/ALADDIN-eahryzmutvtbyceygnlyjsmiiaha/Build/Products/Debug-iphonesimulator/include -Xcc -I/Users/sergejhlystov/Library/Developer/Xcode/DerivedData/ALADDIN-eahryzmutvtbyceygnlyjsmiiaha/Build/Intermediates.noindex/ALADDIN.build/Debug-iphonesimulator/ALADDIN.build/DerivedSources-normal/x86_64 -Xcc -I/Users/sergejhlystov/Library/Developer/Xcode/DerivedData/ALADDIN-eahryzmutvtbyceygnlyjsmiiaha/Build/Intermediates.noindex/ALADDIN.build/Debug-iphonesimulator/ALADDIN.build/DerivedSources/x86_64 -Xcc -I/Users/sergejhlystov/Library/Developer/Xcode/DerivedData/ALADDIN-eahryzmutvtbyceygnlyjsmiiaha/Build/Intermediates.noindex/ALADDIN.build/Debug-iphonesimulator/ALADDIN.build/DerivedSources -Xcc -DDEBUG\=1 -module-name ALADDIN -target-sdk-version 15.2.0 -o /Users/sergejhlystov/Library/Developer/Xcode/DerivedData/ALADDIN-eahryzmutvtbyceygnlyjsmiiaha/Build/Intermediates.noindex/ALADDIN.build/Debug-iphonesimulator/ALADDIN.build/Objects-normal/x86_64/RewardsQuickModal.o -o /Users/sergejhlystov/Library/Developer/Xcode/DerivedData/ALADDIN-eahryzmutvtbyceygnlyjsmiiaha/Build/Intermediates.noindex/ALADDIN.build/Debug-iphonesimulator/ALADDIN.build/Objects-normal/x86_64/08_ChildInterfaceScreen.o -o /Users/sergejhlystov/Library/Developer/Xcode/DerivedData/ALADDIN-eahryzmutvtbyceygnlyjsmiiaha/Build/Intermediates.noindex/ALADDIN.build/Debug-iphonesimulator/ALADDIN.build/Objects-normal/x86_64/ContentView.o -o /Users/sergejhlystov/Library/Developer/Xcode/DerivedData/ALADDIN-eahryzmutvtbyceygnlyjsmiiaha/Build/Intermediates.noindex/ALADDIN.build/Debug-iphonesimulator/ALADDIN.build/Objects-normal/x86_64/ALADDINToggle.o -o /Users/sergejhlystov/Library/Developer/Xcode/DerivedData/ALADDIN-eahryzmutvtbyceygnlyjsmiiaha/Build/Intermediates.noindex/ALADDIN.build/Debug-iphonesimulator/ALADDIN.build/Objects-normal/x86_64/AgeGroupSelectionModal.o -o /Users/sergejhlystov/Library/Developer/Xcode/DerivedData/ALADDIN-eahryzmutvtbyceygnlyjsmiiaha/Build/Intermediates.noindex/ALADDIN.build/Debug-iphonesimulator/ALADDIN.build/Objects-normal/x86_64/ALADDINApp.o -o /Users/sergejhlystov/Library/Developer/Xcode/DerivedData/ALADDIN-eahryzmutvtbyceygnlyjsmiiaha/Build/Intermediates.noindex/ALADDIN.build/Debug-iphonesimulator/ALADDIN.build/Objects-normal/x86_64/FunctionStatus.o -o /Users/sergejhlystov/Library/Developer/Xcode/DerivedData/ALADDIN-eahryzmutvtbyceygnlyjsmiiaha/Build/Intermediates.noindex/ALADDIN.build/Debug-iphonesimulator/ALADDIN.build/Objects-normal/x86_64/MainViewModel.o -o /Users/sergejhlystov/Library/Developer/Xcode/DerivedData/ALADDIN-eahryzmutvtbyceygnlyjsmiiaha/Build/Intermediates.noindex/ALADDIN.build/Debug-iphonesimulator/ALADDIN.build/Objects-normal/x86_64/PrimaryButton.o -o /Users/sergejhlystov/Library/Developer/Xcode/DerivedData/ALADDIN-eahryzmutvtbyceygnlyjsmiiaha/Build/Intermediates.noindex/ALADDIN.build/Debug-iphonesimulator/ALADDIN.build/Objects-normal/x86_64/NotificationSettingsScreen.o -o /Users/sergejhlystov/Library/Developer/Xcode/DerivedData/ALADDIN-eahryzmutvtbyceygnlyjsmiiaha/Build/Intermediates.noindex/ALADDIN.build/Debug-iphonesimulator/ALADDIN.build/Objects-normal/x86_64/ChildContentScreen.o -o /Users/sergejhlystov/Library/Developer/Xcode/DerivedData/ALADDIN-eahryzmutvtbyceygnlyjsmiiaha/Build/Intermediates.noindex/ALADDIN.build/Debug-iphonesimulator/ALADDIN.build/Objects-normal/x86_64/StatItem.o -index-store-path /Users/sergejhlystov/Library/Developer/Xcode/DerivedData/ALADDIN-eahryzmutvtbyceygnlyjsmiiaha/Index/DataStore -index-system-modules
/Users/sergejhlystov/ALADDIN_NEW/ALADDIN_NEW/mobile_apps/ALADDIN_iOS/ALADDINApp.swift:112:6: error: invalid redeclaration of 'FamilyRole'
enum FamilyRole: String {
     ^
/Users/sergejhlystov/ALADDIN_NEW/ALADDIN_NEW/mobile_apps/ALADDIN_iOS/ViewModels/FamilyRegistrationViewModel.swift:6:6: note: 'FamilyRole' previously declared here
enum FamilyRole: String, Codable, CaseIterable, Identifiable {
     ^
/Users/sergejhlystov/Library/Developer/Xcode/DerivedData/ALADDIN-eahryzmutvtbyceygnlyjsmiiaha/Build/Intermediates.noindex/ALADDIN.build/Debug-iphonesimulator/ALADDIN.build/Objects-normal/x86_64/MainViewModel.dia:1:1: warning: Could not read serialized diagnostics file: error("Invalid diagnostics signature") (in target 'ALADDIN' from project 'ALADDIN')
Command CompileSwift failed with a nonzero exit code

CompileSwift normal x86_64 /Users/sergejhlystov/ALADDIN_NEW/ALADDIN_NEW/mobile_apps/ALADDIN_iOS/Shared/Components/Buttons/PrimaryButton.swift (in target 'ALADDIN' from project 'ALADDIN')
    cd /Users/sergejhlystov/ALADDIN_NEW/ALADDIN_NEW/mobile_apps/ALADDIN_iOS
    /Applications/Xcode.app/Contents/Developer/Toolchains/XcodeDefault.xctoolchain/usr/bin/swift-frontend -frontend -c -primary-file /Users/sergejhlystov/ALADDIN_NEW/ALADDIN_NEW/mobile_apps/ALADDIN_iOS/Screens/RewardsQuickModal.swift -primary-file /Users/sergejhlystov/ALADDIN_NEW/ALADDIN_NEW/mobile_apps/ALADDIN_iOS/Screens/08_ChildInterfaceScreen.swift -primary-file /Users/sergejhlystov/ALADDIN_NEW/ALADDIN_NEW/mobile_apps/ALADDIN_iOS/ContentView.swift -primary-file /Users/sergejhlystov/ALADDIN_NEW/ALADDIN_NEW/mobile_apps/ALADDIN_iOS/Shared/Components/ALADDINToggle.swift -primary-file /Users/sergejhlystov/ALADDIN_NEW/ALADDIN_NEW/mobile_apps/ALADDIN_iOS/Components/Modals/AgeGroupSelectionModal.swift -primary-file /Users/sergejhlystov/ALADDIN_NEW/ALADDIN_NEW/mobile_apps/ALADDIN_iOS/ALADDINApp.swift -primary-file /Users/sergejhlystov/ALADDIN_NEW/ALADDIN_NEW/mobile_apps/ALADDIN_iOS/Shared/Models/FunctionStatus.swift -primary-file /Users/sergejhlystov/ALADDIN_NEW/ALADDIN_NEW/mobile_apps/ALADDIN_iOS/ViewModels/MainViewModel.swift -primary-file /Users/sergejhlystov/ALADDIN_NEW/ALADDIN_NEW/mobile_apps/ALADDIN_iOS/Shared/Components/Buttons/PrimaryButton.swift -primary-file /Users/sergejhlystov/ALADDIN_NEW/ALADDIN_NEW/mobile_apps/ALADDIN_iOS/Screens/NotificationSettingsScreen.swift -primary-file /Users/sergejhlystov/ALADDIN_NEW/ALADDIN_NEW/mobile_apps/ALADDIN_iOS/Screens/ChildContentScreen.swift -primary-file /Users/sergejhlystov/ALADDIN_NEW/ALADDIN_NEW/mobile_apps/ALADDIN_iOS/Shared/Components/StatItem.swift /Users/sergejhlystov/ALADDIN_NEW/ALADDIN_NEW/mobile_apps/ALADDIN_iOS/Shared/Components/Cards/FamilyMemberCard.swift /Users/sergejhlystov/ALADDIN_NEW/ALADDIN_NEW/mobile_apps/ALADDIN_iOS/ViewModels/VPNViewModel.swift /Users/sergejhlystov/ALADDIN_NEW/ALADDIN_NEW/mobile_apps/ALADDIN_iOS/Core/Models/APIModels.swift /Users/sergejhlystov/ALADDIN_NEW/ALADDIN_NEW/mobile_apps/ALADDIN_iOS/Core/VPN/VPNManager.swift /Users/sergejhlystov/ALADDIN_NEW/ALADDIN_NEW/mobile_apps/ALADDIN_iOS/Screens/UnicornPetView.swift /Users/sergejhlystov/ALADDIN_NEW/ALADDIN_NEW/mobile_apps/ALADDIN_iOS/Core/Network/APIService.swift /Users/sergejhlystov/ALADDIN_NEW/ALADDIN_NEW/mobile_apps/ALADDIN_iOS/Screens/18_PrivacyPolicyScreen.swift /Users/sergejhlystov/ALADDIN_NEW/ALADDIN_NEW/mobile_apps/ALADDIN_iOS/Screens/10_TariffsScreen.swift /Users/sergejhlystov/ALADDIN_NEW/ALADDIN_NEW/mobile_apps/ALADDIN_iOS/Screens/03_VPNScreen.swift /Users/sergejhlystov/ALADDIN_NEW/ALADDIN_NEW/mobile_apps/ALADDIN_iOS/Screens/09_ElderlyInterfaceScreen.swift /Users/sergejhlystov/ALADDIN_NEW/ALADDIN_NEW/mobile_apps/ALADDIN_iOS/Shared/Components/SecondaryButton.swift /Users/sergejhlystov/ALADDIN_NEW/ALADDIN_NEW/mobile_apps/ALADDIN_iOS/Screens/11_ProfileScreen.swift /Users/sergejhlystov/ALADDIN_NEW/ALADDIN_NEW/mobile_apps/ALADDIN_iOS/Core/Network/NetworkManager.swift /Users/sergejhlystov/ALADDIN_NEW/ALADDIN_NEW/mobile_apps/ALADDIN_iOS/Screens/19_TermsOfServiceScreen.swift /Users/sergejhlystov/ALADDIN_NEW/ALADDIN_NEW/mobile_apps/ALADDIN_iOS/Core/Config/AppConfig.swift /Users/sergejhlystov/ALADDIN_NEW/ALADDIN_NEW/mobile_apps/ALADDIN_iOS/ViewModels/FamilyViewModel.swift /Users/sergejhlystov/ALADDIN_NEW/ALADDIN_NEW/mobile_apps/ALADDIN_iOS/ViewModels/AIAssistantViewModel.swift /Users/sergejhlystov/ALADDIN_NEW/ALADDIN_NEW/mobile_apps/ALADDIN_iOS/Screens/22_DeviceDetailScreen.swift /Users/sergejhlystov/ALADDIN_NEW/ALADDIN_NEW/mobile_apps/ALADDIN_iOS/Screens/WidgetConfigurationScreen.swift /Users/sergejhlystov/ALADDIN_NEW/ALADDIN_NEW/mobile_apps/ALADDIN_iOS/Core/Security/KeychainManager.swift /Users/sergejhlystov/ALADDIN_NEW/ALADDIN_NEW/mobile_apps/ALADDIN_iOS/Shared/Components/Modals/MemberStatsModalView.swift /Users/sergejhlystov/ALADDIN_NEW/ALADDIN_NEW/mobile_apps/ALADDIN_iOS/Shared/Styles/Spacing.swift /Users/sergejhlystov/ALADDIN_NEW/ALADDIN_NEW/mobile_apps/ALADDIN_iOS/Shared/Components/RecoveryOptionsModal.swift /Users/sergejhlystov/ALADDIN_NEW/ALADDIN_NEW/mobile_apps/ALADDIN_iOS/ViewModels/SettingsViewModel.swift /Users/sergejhlystov/ALADDIN_NEW/ALADDIN_NEW/mobile_apps/ALADDIN_iOS/Shared/Components/InfoRow.swift /Users/sergejhlystov/ALADDIN_NEW/ALADDIN_NEW/mobile_apps/ALADDIN_iOS/Screens/25_PaymentQRScreen.swift /Users/sergejhlystov/ALADDIN_NEW/ALADDIN_NEW/mobile_apps/ALADDIN_iOS/Shared/Components/Modals/RoleSelectionModal.swift /Users/sergejhlystov/ALADDIN_NEW/ALADDIN_NEW/mobile_apps/ALADDIN_iOS/ViewModels/SupportViewModel.swift /Users/sergejhlystov/ALADDIN_NEW/ALADDIN_NEW/mobile_apps/ALADDIN_iOS/ViewModels/ChildInterfaceViewModel.swift /Users/sergejhlystov/ALADDIN_NEW/ALADDIN_NEW/mobile_apps/ALADDIN_iOS/Screens/12_NotificationsScreen.swift /Users/sergejhlystov/ALADDIN_NEW/ALADDIN_NEW/mobile_apps/ALADDIN_iOS/ViewModels/ElderlyInterfaceViewModel.swift /Users/sergejhlystov/ALADDIN_NEW/ALADDIN_NEW/mobile_apps/ALADDIN_iOS/ViewModels/AnalyticsViewModel.swift /Users/sergejhlystov/ALADDIN_NEW/ALADDIN_NEW/mobile_apps/ALADDIN_iOS/Core/Cache/CacheManager.swift /Users/sergejhlystov/ALADDIN_NEW/ALADDIN_NEW/mobile_apps/ALADDIN_iOS/ViewModels/NotificationsViewModel.swift /Users/sergejhlystov/ALADDIN_NEW/ALADDIN_NEW/mobile_apps/ALADDIN_iOS/Screens/06_AIAssistantScreen.swift /Users/sergejhlystov/ALADDIN_NEW/ALADDIN_NEW/mobile_apps/ALADDIN_iOS/ViewModels/ProfileViewModel.swift /Users/sergejhlystov/ALADDIN_NEW/ALADDIN_NEW/mobile_apps/ALADDIN_iOS/Components/Modals/ConsentModal.swift /Users/sergejhlystov/ALADDIN_NEW/ALADDIN_NEW/mobile_apps/ALADDIN_iOS/ViewModels/ParentalControlViewModel.swift /Users/sergejhlystov/ALADDIN_NEW/ALADDIN_NEW/mobile_apps/ALADDIN_iOS/ViewModels/OnboardingViewModel.swift /Users/sergejhlystov/ALADDIN_NEW/ALADDIN_NEW/mobile_apps/ALADDIN_iOS/Shared/Styles/Colors.swift /Users/sergejhlystov/ALADDIN_NEW/ALADDIN_NEW/mobile_apps/ALADDIN_iOS/Screens/ChildRewardsScreen.swift /Users/sergejhlystov/ALADDIN_NEW/ALADDIN_NEW/mobile_apps/ALADDIN_iOS/Screens/21_ReferralScreen.swift /Users/sergejhlystov/ALADDIN_NEW/ALADDIN_NEW/mobile_apps/ALADDIN_iOS/Shared/Components/AvatarSelector.swift /Users/sergejhlystov/ALADDIN_NEW/ALADDIN_NEW/mobile_apps/ALADDIN_iOS/Shared/Components/Navigation/ALADDINNavigationBar.swift /Users/sergejhlystov/ALADDIN_NEW/ALADDIN_NEW/mobile_apps/ALADDIN_iOS/Screens/14_OnboardingScreen.swift /Users/sergejhlystov/ALADDIN_NEW/ALADDIN_NEW/mobile_apps/ALADDIN_iOS/Components/Modals/FamilyCreatedModal.swift /Users/sergejhlystov/ALADDIN_NEW/ALADDIN_NEW/mobile_apps/ALADDIN_iOS/ViewModels/PaymentQRViewModel.swift /Users/sergejhlystov/ALADDIN_NEW/ALADDIN_NEW/mobile_apps/ALADDIN_iOS/Core/Navigation/NavigationManager.swift /Users/sergejhlystov/ALADDIN_NEW/ALADDIN_NEW/mobile_apps/ALADDIN_iOS/Core/Accessibility/AccessibilityManager.swift /Users/sergejhlystov/ALADDIN_NEW/ALADDIN_NEW/mobile_apps/ALADDIN_iOS/Core/Store/StoreManager.swift /Users/sergejhlystov/ALADDIN_NEW/ALADDIN_NEW/mobile_apps/ALADDIN_iOS/Screens/WheelOfFortuneView.swift /Users/sergejhlystov/ALADDIN_NEW/ALADDIN_NEW/mobile_apps/ALADDIN_iOS/Screens/UnicornUniverseView.swift /Users/sergejhlystov/ALADDIN_NEW/ALADDIN_NEW/mobile_apps/ALADDIN_iOS/Core/Localization/LocalizationManager.swift /Users/sergejhlystov/ALADDIN_NEW/ALADDIN_NEW/mobile_apps/ALADDIN_iOS/Screens/13_SupportScreen.swift /Users/sergejhlystov/ALADDIN_NEW/ALADDIN_NEW/mobile_apps/ALADDIN_iOS/Core/Analytics/AnalyticsManager.swift /Users/sergejhlystov/ALADDIN_NEW/ALADDIN_NEW/mobile_apps/ALADDIN_iOS/Screens/07_ParentalControlScreen.swift /Users/sergejhlystov/ALADDIN_NEW/ALADDIN_NEW/mobile_apps/ALADDIN_iOS/Screens/05_SettingsScreen.swift /Users/sergejhlystov/ALADDIN_NEW/ALADDIN_NEW/mobile_apps/ALADDIN_iOS/Screens/RewardsModalView.swift /Users/sergejhlystov/ALADDIN_NEW/ALADDIN_NEW/mobile_apps/ALADDIN_iOS/Screens/23_FamilyChatScreen.swift /Users/sergejhlystov/ALADDIN_NEW/ALADDIN_NEW/mobile_apps/ALADDIN_iOS/Screens/02_FamilyScreen.swift /Users/sergejhlystov/ALADDIN_NEW/ALADDIN_NEW/mobile_apps/ALADDIN_iOS/Screens/20_DevicesScreen.swift /Users/sergejhlystov/ALADDIN_NEW/ALADDIN_NEW/mobile_apps/ALADDIN_iOS/Shared/Components/ViewModifiers.swift /Users/sergejhlystov/ALADDIN_NEW/ALADDIN_NEW/mobile_apps/ALADDIN_iOS/Shared/Components/HapticFeedback.swift /Users/sergejhlystov/ALADDIN_NEW/ALADDIN_NEW/mobile_apps/ALADDIN_iOS/Screens/MainScreenWithRegistration.swift /Users/sergejhlystov/ALADDIN_NEW/ALADDIN_NEW/mobile_apps/ALADDIN_iOS/Core/Network/NetworkError.swift /Users/sergejhlystov/ALADDIN_NEW/ALADDIN_NEW/mobile_apps/ALADDIN_iOS/Screens/LanguageSettingsScreen.swift /Users/sergejhlystov/ALADDIN_NEW/ALADDIN_NEW/mobile_apps/ALADDIN_iOS/ViewModels/FamilyRegistrationViewModel.swift /Users/sergejhlystov/ALADDIN_NEW/ALADDIN_NEW/mobile_apps/ALADDIN_iOS/Shared/Styles/CornerRadius.swift /Users/sergejhlystov/ALADDIN_NEW/ALADDIN_NEW/mobile_apps/ALADDIN_iOS/Screens/01_MainScreen.swift /Users/sergejhlystov/ALADDIN_NEW/ALADDIN_NEW/mobile_apps/ALADDIN_iOS/Screens/FamilyTournamentView.swift /Users/sergejhlystov/ALADDIN_NEW/ALADDIN_NEW/mobile_apps/ALADDIN_iOS/Shared/Styles/Fonts.swift /Users/sergejhlystov/ALADDIN_NEW/ALADDIN_NEW/mobile_apps/ALADDIN_iOS/Screens/GamesParentalControlView.swift /Users/sergejhlystov/ALADDIN_NEW/ALADDIN_NEW/mobile_apps/ALADDIN_iOS/Shared/Components/QRScannerModal.swift /Users/sergejhlystov/ALADDIN_NEW/ALADDIN_NEW/mobile_apps/ALADDIN_iOS/Screens/04_AnalyticsScreen.swift /Users/sergejhlystov/ALADDIN_NEW/ALADDIN_NEW/mobile_apps/ALADDIN_iOS/Screens/24_VPNEnergyStatsScreen.swift /Users/sergejhlystov/ALADDIN_NEW/ALADDIN_NEW/mobile_apps/ALADDIN_iOS/Shared/Components/Modals/ProfileEditView.swift /Users/sergejhlystov/ALADDIN_NEW/ALADDIN_NEW/mobile_apps/ALADDIN_iOS/ViewModels/TariffsViewModel.swift /Users/sergejhlystov/ALADDIN_NEW/ALADDIN_NEW/mobile_apps/ALADDIN_iOS/Core/Notifications/NotificationManager.swift /Users/sergejhlystov/ALADDIN_NEW/ALADDIN_NEW/mobile_apps/ALADDIN_iOS/Core/Security/SecurityManager.swift -supplementary-output-file-map /var/folders/rf/6rxcyql17sz57_02ng7jd7pr0000gn/T/TemporaryDirectory.wFGpdC/supplementaryOutputs-1 -target x86_64-apple-ios15.0-simulator -enable-objc-interop -sdk /Applications/Xcode.app/Contents/Developer/Platforms/iPhoneSimulator.platform/Developer/SDKs/iPhoneSimulator15.2.sdk -I /Users/sergejhlystov/Library/Developer/Xcode/DerivedData/ALADDIN-eahryzmutvtbyceygnlyjsmiiaha/Build/Products/Debug-iphonesimulator -F /Users/sergejhlystov/Library/Developer/Xcode/DerivedData/ALADDIN-eahryzmutvtbyceygnlyjsmiiaha/Build/Products/Debug-iphonesimulator -enable-testing -g -module-cache-path /Users/sergejhlystov/Library/Developer/Xcode/DerivedData/ModuleCache.noindex -emit-localized-strings -emit-localized-strings-path /Users/sergejhlystov/Library/Developer/Xcode/DerivedData/ALADDIN-eahryzmutvtbyceygnlyjsmiiaha/Build/Intermediates.noindex/ALADDIN.build/Debug-iphonesimulator/ALADDIN.build/Objects-normal/x86_64 -swift-version 5 -enforce-exclusivity\=checked -Onone -D DEBUG -new-driver-path /Applications/Xcode.app/Contents/Developer/Toolchains/XcodeDefault.xctoolchain/usr/bin/swift-driver -serialize-debugging-options -Xcc -working-directory -Xcc /Users/sergejhlystov/ALADDIN_NEW/ALADDIN_NEW/mobile_apps/ALADDIN_iOS -resource-dir /Applications/Xcode.app/Contents/Developer/Toolchains/XcodeDefault.xctoolchain/usr/lib/swift -enable-anonymous-context-mangled-names -Xcc -I/Users/sergejhlystov/Library/Developer/Xcode/DerivedData/ALADDIN-eahryzmutvtbyceygnlyjsmiiaha/Build/Intermediates.noindex/ALADDIN.build/Debug-iphonesimulator/ALADDIN.build/swift-overrides.hmap -Xcc -iquote -Xcc /Users/sergejhlystov/Library/Developer/Xcode/DerivedData/ALADDIN-eahryzmutvtbyceygnlyjsmiiaha/Build/Intermediates.noindex/ALADDIN.build/Debug-iphonesimulator/ALADDIN.build/ALADDIN-generated-files.hmap -Xcc -I/Users/sergejhlystov/Library/Developer/Xcode/DerivedData/ALADDIN-eahryzmutvtbyceygnlyjsmiiaha/Build/Intermediates.noindex/ALADDIN.build/Debug-iphonesimulator/ALADDIN.build/ALADDIN-own-target-headers.hmap -Xcc -I/Users/sergejhlystov/Library/Developer/Xcode/DerivedData/ALADDIN-eahryzmutvtbyceygnlyjsmiiaha/Build/Intermediates.noindex/ALADDIN.build/Debug-iphonesimulator/ALADDIN.build/ALADDIN-all-target-headers.hmap -Xcc -iquote -Xcc /Users/sergejhlystov/Library/Developer/Xcode/DerivedData/ALADDIN-eahryzmutvtbyceygnlyjsmiiaha/Build/Intermediates.noindex/ALADDIN.build/Debug-iphonesimulator/ALADDIN.build/ALADDIN-project-headers.hmap -Xcc -I/Users/sergejhlystov/Library/Developer/Xcode/DerivedData/ALADDIN-eahryzmutvtbyceygnlyjsmiiaha/Build/Products/Debug-iphonesimulator/include -Xcc -I/Users/sergejhlystov/Library/Developer/Xcode/DerivedData/ALADDIN-eahryzmutvtbyceygnlyjsmiiaha/Build/Intermediates.noindex/ALADDIN.build/Debug-iphonesimulator/ALADDIN.build/DerivedSources-normal/x86_64 -Xcc -I/Users/sergejhlystov/Library/Developer/Xcode/DerivedData/ALADDIN-eahryzmutvtbyceygnlyjsmiiaha/Build/Intermediates.noindex/ALADDIN.build/Debug-iphonesimulator/ALADDIN.build/DerivedSources/x86_64 -Xcc -I/Users/sergejhlystov/Library/Developer/Xcode/DerivedData/ALADDIN-eahryzmutvtbyceygnlyjsmiiaha/Build/Intermediates.noindex/ALADDIN.build/Debug-iphonesimulator/ALADDIN.build/DerivedSources -Xcc -DDEBUG\=1 -module-name ALADDIN -target-sdk-version 15.2.0 -o /Users/sergejhlystov/Library/Developer/Xcode/DerivedData/ALADDIN-eahryzmutvtbyceygnlyjsmiiaha/Build/Intermediates.noindex/ALADDIN.build/Debug-iphonesimulator/ALADDIN.build/Objects-normal/x86_64/RewardsQuickModal.o -o /Users/sergejhlystov/Library/Developer/Xcode/DerivedData/ALADDIN-eahryzmutvtbyceygnlyjsmiiaha/Build/Intermediates.noindex/ALADDIN.build/Debug-iphonesimulator/ALADDIN.build/Objects-normal/x86_64/08_ChildInterfaceScreen.o -o /Users/sergejhlystov/Library/Developer/Xcode/DerivedData/ALADDIN-eahryzmutvtbyceygnlyjsmiiaha/Build/Intermediates.noindex/ALADDIN.build/Debug-iphonesimulator/ALADDIN.build/Objects-normal/x86_64/ContentView.o -o /Users/sergejhlystov/Library/Developer/Xcode/DerivedData/ALADDIN-eahryzmutvtbyceygnlyjsmiiaha/Build/Intermediates.noindex/ALADDIN.build/Debug-iphonesimulator/ALADDIN.build/Objects-normal/x86_64/ALADDINToggle.o -o /Users/sergejhlystov/Library/Developer/Xcode/DerivedData/ALADDIN-eahryzmutvtbyceygnlyjsmiiaha/Build/Intermediates.noindex/ALADDIN.build/Debug-iphonesimulator/ALADDIN.build/Objects-normal/x86_64/AgeGroupSelectionModal.o -o /Users/sergejhlystov/Library/Developer/Xcode/DerivedData/ALADDIN-eahryzmutvtbyceygnlyjsmiiaha/Build/Intermediates.noindex/ALADDIN.build/Debug-iphonesimulator/ALADDIN.build/Objects-normal/x86_64/ALADDINApp.o -o /Users/sergejhlystov/Library/Developer/Xcode/DerivedData/ALADDIN-eahryzmutvtbyceygnlyjsmiiaha/Build/Intermediates.noindex/ALADDIN.build/Debug-iphonesimulator/ALADDIN.build/Objects-normal/x86_64/FunctionStatus.o -o /Users/sergejhlystov/Library/Developer/Xcode/DerivedData/ALADDIN-eahryzmutvtbyceygnlyjsmiiaha/Build/Intermediates.noindex/ALADDIN.build/Debug-iphonesimulator/ALADDIN.build/Objects-normal/x86_64/MainViewModel.o -o /Users/sergejhlystov/Library/Developer/Xcode/DerivedData/ALADDIN-eahryzmutvtbyceygnlyjsmiiaha/Build/Intermediates.noindex/ALADDIN.build/Debug-iphonesimulator/ALADDIN.build/Objects-normal/x86_64/PrimaryButton.o -o /Users/sergejhlystov/Library/Developer/Xcode/DerivedData/ALADDIN-eahryzmutvtbyceygnlyjsmiiaha/Build/Intermediates.noindex/ALADDIN.build/Debug-iphonesimulator/ALADDIN.build/Objects-normal/x86_64/NotificationSettingsScreen.o -o /Users/sergejhlystov/Library/Developer/Xcode/DerivedData/ALADDIN-eahryzmutvtbyceygnlyjsmiiaha/Build/Intermediates.noindex/ALADDIN.build/Debug-iphonesimulator/ALADDIN.build/Objects-normal/x86_64/ChildContentScreen.o -o /Users/sergejhlystov/Library/Developer/Xcode/DerivedData/ALADDIN-eahryzmutvtbyceygnlyjsmiiaha/Build/Intermediates.noindex/ALADDIN.build/Debug-iphonesimulator/ALADDIN.build/Objects-normal/x86_64/StatItem.o -index-store-path /Users/sergejhlystov/Library/Developer/Xcode/DerivedData/ALADDIN-eahryzmutvtbyceygnlyjsmiiaha/Index/DataStore -index-system-modules
/Users/sergejhlystov/ALADDIN_NEW/ALADDIN_NEW/mobile_apps/ALADDIN_iOS/ALADDINApp.swift:112:6: error: invalid redeclaration of 'FamilyRole'
enum FamilyRole: String {
     ^
/Users/sergejhlystov/ALADDIN_NEW/ALADDIN_NEW/mobile_apps/ALADDIN_iOS/ViewModels/FamilyRegistrationViewModel.swift:6:6: note: 'FamilyRole' previously declared here
enum FamilyRole: String, Codable, CaseIterable, Identifiable {
     ^
/Users/sergejhlystov/Library/Developer/Xcode/DerivedData/ALADDIN-eahryzmutvtbyceygnlyjsmiiaha/Build/Intermediates.noindex/ALADDIN.build/Debug-iphonesimulator/ALADDIN.build/Objects-normal/x86_64/PrimaryButton.dia:1:1: warning: Could not read serialized diagnostics file: error("Invalid diagnostics signature") (in target 'ALADDIN' from project 'ALADDIN')
Command CompileSwift failed with a nonzero exit code

CompileSwift normal x86_64 /Users/sergejhlystov/ALADDIN_NEW/ALADDIN_NEW/mobile_apps/ALADDIN_iOS/Screens/NotificationSettingsScreen.swift (in target 'ALADDIN' from project 'ALADDIN')
    cd /Users/sergejhlystov/ALADDIN_NEW/ALADDIN_NEW/mobile_apps/ALADDIN_iOS
    /Applications/Xcode.app/Contents/Developer/Toolchains/XcodeDefault.xctoolchain/usr/bin/swift-frontend -frontend -c -primary-file /Users/sergejhlystov/ALADDIN_NEW/ALADDIN_NEW/mobile_apps/ALADDIN_iOS/Screens/RewardsQuickModal.swift -primary-file /Users/sergejhlystov/ALADDIN_NEW/ALADDIN_NEW/mobile_apps/ALADDIN_iOS/Screens/08_ChildInterfaceScreen.swift -primary-file /Users/sergejhlystov/ALADDIN_NEW/ALADDIN_NEW/mobile_apps/ALADDIN_iOS/ContentView.swift -primary-file /Users/sergejhlystov/ALADDIN_NEW/ALADDIN_NEW/mobile_apps/ALADDIN_iOS/Shared/Components/ALADDINToggle.swift -primary-file /Users/sergejhlystov/ALADDIN_NEW/ALADDIN_NEW/mobile_apps/ALADDIN_iOS/Components/Modals/AgeGroupSelectionModal.swift -primary-file /Users/sergejhlystov/ALADDIN_NEW/ALADDIN_NEW/mobile_apps/ALADDIN_iOS/ALADDINApp.swift -primary-file /Users/sergejhlystov/ALADDIN_NEW/ALADDIN_NEW/mobile_apps/ALADDIN_iOS/Shared/Models/FunctionStatus.swift -primary-file /Users/sergejhlystov/ALADDIN_NEW/ALADDIN_NEW/mobile_apps/ALADDIN_iOS/ViewModels/MainViewModel.swift -primary-file /Users/sergejhlystov/ALADDIN_NEW/ALADDIN_NEW/mobile_apps/ALADDIN_iOS/Shared/Components/Buttons/PrimaryButton.swift -primary-file /Users/sergejhlystov/ALADDIN_NEW/ALADDIN_NEW/mobile_apps/ALADDIN_iOS/Screens/NotificationSettingsScreen.swift -primary-file /Users/sergejhlystov/ALADDIN_NEW/ALADDIN_NEW/mobile_apps/ALADDIN_iOS/Screens/ChildContentScreen.swift -primary-file /Users/sergejhlystov/ALADDIN_NEW/ALADDIN_NEW/mobile_apps/ALADDIN_iOS/Shared/Components/StatItem.swift /Users/sergejhlystov/ALADDIN_NEW/ALADDIN_NEW/mobile_apps/ALADDIN_iOS/Shared/Components/Cards/FamilyMemberCard.swift /Users/sergejhlystov/ALADDIN_NEW/ALADDIN_NEW/mobile_apps/ALADDIN_iOS/ViewModels/VPNViewModel.swift /Users/sergejhlystov/ALADDIN_NEW/ALADDIN_NEW/mobile_apps/ALADDIN_iOS/Core/Models/APIModels.swift /Users/sergejhlystov/ALADDIN_NEW/ALADDIN_NEW/mobile_apps/ALADDIN_iOS/Core/VPN/VPNManager.swift /Users/sergejhlystov/ALADDIN_NEW/ALADDIN_NEW/mobile_apps/ALADDIN_iOS/Screens/UnicornPetView.swift /Users/sergejhlystov/ALADDIN_NEW/ALADDIN_NEW/mobile_apps/ALADDIN_iOS/Core/Network/APIService.swift /Users/sergejhlystov/ALADDIN_NEW/ALADDIN_NEW/mobile_apps/ALADDIN_iOS/Screens/18_PrivacyPolicyScreen.swift /Users/sergejhlystov/ALADDIN_NEW/ALADDIN_NEW/mobile_apps/ALADDIN_iOS/Screens/10_TariffsScreen.swift /Users/sergejhlystov/ALADDIN_NEW/ALADDIN_NEW/mobile_apps/ALADDIN_iOS/Screens/03_VPNScreen.swift /Users/sergejhlystov/ALADDIN_NEW/ALADDIN_NEW/mobile_apps/ALADDIN_iOS/Screens/09_ElderlyInterfaceScreen.swift /Users/sergejhlystov/ALADDIN_NEW/ALADDIN_NEW/mobile_apps/ALADDIN_iOS/Shared/Components/SecondaryButton.swift /Users/sergejhlystov/ALADDIN_NEW/ALADDIN_NEW/mobile_apps/ALADDIN_iOS/Screens/11_ProfileScreen.swift /Users/sergejhlystov/ALADDIN_NEW/ALADDIN_NEW/mobile_apps/ALADDIN_iOS/Core/Network/NetworkManager.swift /Users/sergejhlystov/ALADDIN_NEW/ALADDIN_NEW/mobile_apps/ALADDIN_iOS/Screens/19_TermsOfServiceScreen.swift /Users/sergejhlystov/ALADDIN_NEW/ALADDIN_NEW/mobile_apps/ALADDIN_iOS/Core/Config/AppConfig.swift /Users/sergejhlystov/ALADDIN_NEW/ALADDIN_NEW/mobile_apps/ALADDIN_iOS/ViewModels/FamilyViewModel.swift /Users/sergejhlystov/ALADDIN_NEW/ALADDIN_NEW/mobile_apps/ALADDIN_iOS/ViewModels/AIAssistantViewModel.swift /Users/sergejhlystov/ALADDIN_NEW/ALADDIN_NEW/mobile_apps/ALADDIN_iOS/Screens/22_DeviceDetailScreen.swift /Users/sergejhlystov/ALADDIN_NEW/ALADDIN_NEW/mobile_apps/ALADDIN_iOS/Screens/WidgetConfigurationScreen.swift /Users/sergejhlystov/ALADDIN_NEW/ALADDIN_NEW/mobile_apps/ALADDIN_iOS/Core/Security/KeychainManager.swift /Users/sergejhlystov/ALADDIN_NEW/ALADDIN_NEW/mobile_apps/ALADDIN_iOS/Shared/Components/Modals/MemberStatsModalView.swift /Users/sergejhlystov/ALADDIN_NEW/ALADDIN_NEW/mobile_apps/ALADDIN_iOS/Shared/Styles/Spacing.swift /Users/sergejhlystov/ALADDIN_NEW/ALADDIN_NEW/mobile_apps/ALADDIN_iOS/Shared/Components/RecoveryOptionsModal.swift /Users/sergejhlystov/ALADDIN_NEW/ALADDIN_NEW/mobile_apps/ALADDIN_iOS/ViewModels/SettingsViewModel.swift /Users/sergejhlystov/ALADDIN_NEW/ALADDIN_NEW/mobile_apps/ALADDIN_iOS/Shared/Components/InfoRow.swift /Users/sergejhlystov/ALADDIN_NEW/ALADDIN_NEW/mobile_apps/ALADDIN_iOS/Screens/25_PaymentQRScreen.swift /Users/sergejhlystov/ALADDIN_NEW/ALADDIN_NEW/mobile_apps/ALADDIN_iOS/Shared/Components/Modals/RoleSelectionModal.swift /Users/sergejhlystov/ALADDIN_NEW/ALADDIN_NEW/mobile_apps/ALADDIN_iOS/ViewModels/SupportViewModel.swift /Users/sergejhlystov/ALADDIN_NEW/ALADDIN_NEW/mobile_apps/ALADDIN_iOS/ViewModels/ChildInterfaceViewModel.swift /Users/sergejhlystov/ALADDIN_NEW/ALADDIN_NEW/mobile_apps/ALADDIN_iOS/Screens/12_NotificationsScreen.swift /Users/sergejhlystov/ALADDIN_NEW/ALADDIN_NEW/mobile_apps/ALADDIN_iOS/ViewModels/ElderlyInterfaceViewModel.swift /Users/sergejhlystov/ALADDIN_NEW/ALADDIN_NEW/mobile_apps/ALADDIN_iOS/ViewModels/AnalyticsViewModel.swift /Users/sergejhlystov/ALADDIN_NEW/ALADDIN_NEW/mobile_apps/ALADDIN_iOS/Core/Cache/CacheManager.swift /Users/sergejhlystov/ALADDIN_NEW/ALADDIN_NEW/mobile_apps/ALADDIN_iOS/ViewModels/NotificationsViewModel.swift /Users/sergejhlystov/ALADDIN_NEW/ALADDIN_NEW/mobile_apps/ALADDIN_iOS/Screens/06_AIAssistantScreen.swift /Users/sergejhlystov/ALADDIN_NEW/ALADDIN_NEW/mobile_apps/ALADDIN_iOS/ViewModels/ProfileViewModel.swift /Users/sergejhlystov/ALADDIN_NEW/ALADDIN_NEW/mobile_apps/ALADDIN_iOS/Components/Modals/ConsentModal.swift /Users/sergejhlystov/ALADDIN_NEW/ALADDIN_NEW/mobile_apps/ALADDIN_iOS/ViewModels/ParentalControlViewModel.swift /Users/sergejhlystov/ALADDIN_NEW/ALADDIN_NEW/mobile_apps/ALADDIN_iOS/ViewModels/OnboardingViewModel.swift /Users/sergejhlystov/ALADDIN_NEW/ALADDIN_NEW/mobile_apps/ALADDIN_iOS/Shared/Styles/Colors.swift /Users/sergejhlystov/ALADDIN_NEW/ALADDIN_NEW/mobile_apps/ALADDIN_iOS/Screens/ChildRewardsScreen.swift /Users/sergejhlystov/ALADDIN_NEW/ALADDIN_NEW/mobile_apps/ALADDIN_iOS/Screens/21_ReferralScreen.swift /Users/sergejhlystov/ALADDIN_NEW/ALADDIN_NEW/mobile_apps/ALADDIN_iOS/Shared/Components/AvatarSelector.swift /Users/sergejhlystov/ALADDIN_NEW/ALADDIN_NEW/mobile_apps/ALADDIN_iOS/Shared/Components/Navigation/ALADDINNavigationBar.swift /Users/sergejhlystov/ALADDIN_NEW/ALADDIN_NEW/mobile_apps/ALADDIN_iOS/Screens/14_OnboardingScreen.swift /Users/sergejhlystov/ALADDIN_NEW/ALADDIN_NEW/mobile_apps/ALADDIN_iOS/Components/Modals/FamilyCreatedModal.swift /Users/sergejhlystov/ALADDIN_NEW/ALADDIN_NEW/mobile_apps/ALADDIN_iOS/ViewModels/PaymentQRViewModel.swift /Users/sergejhlystov/ALADDIN_NEW/ALADDIN_NEW/mobile_apps/ALADDIN_iOS/Core/Navigation/NavigationManager.swift /Users/sergejhlystov/ALADDIN_NEW/ALADDIN_NEW/mobile_apps/ALADDIN_iOS/Core/Accessibility/AccessibilityManager.swift /Users/sergejhlystov/ALADDIN_NEW/ALADDIN_NEW/mobile_apps/ALADDIN_iOS/Core/Store/StoreManager.swift /Users/sergejhlystov/ALADDIN_NEW/ALADDIN_NEW/mobile_apps/ALADDIN_iOS/Screens/WheelOfFortuneView.swift /Users/sergejhlystov/ALADDIN_NEW/ALADDIN_NEW/mobile_apps/ALADDIN_iOS/Screens/UnicornUniverseView.swift /Users/sergejhlystov/ALADDIN_NEW/ALADDIN_NEW/mobile_apps/ALADDIN_iOS/Core/Localization/LocalizationManager.swift /Users/sergejhlystov/ALADDIN_NEW/ALADDIN_NEW/mobile_apps/ALADDIN_iOS/Screens/13_SupportScreen.swift /Users/sergejhlystov/ALADDIN_NEW/ALADDIN_NEW/mobile_apps/ALADDIN_iOS/Core/Analytics/AnalyticsManager.swift /Users/sergejhlystov/ALADDIN_NEW/ALADDIN_NEW/mobile_apps/ALADDIN_iOS/Screens/07_ParentalControlScreen.swift /Users/sergejhlystov/ALADDIN_NEW/ALADDIN_NEW/mobile_apps/ALADDIN_iOS/Screens/05_SettingsScreen.swift /Users/sergejhlystov/ALADDIN_NEW/ALADDIN_NEW/mobile_apps/ALADDIN_iOS/Screens/RewardsModalView.swift /Users/sergejhlystov/ALADDIN_NEW/ALADDIN_NEW/mobile_apps/ALADDIN_iOS/Screens/23_FamilyChatScreen.swift /Users/sergejhlystov/ALADDIN_NEW/ALADDIN_NEW/mobile_apps/ALADDIN_iOS/Screens/02_FamilyScreen.swift /Users/sergejhlystov/ALADDIN_NEW/ALADDIN_NEW/mobile_apps/ALADDIN_iOS/Screens/20_DevicesScreen.swift /Users/sergejhlystov/ALADDIN_NEW/ALADDIN_NEW/mobile_apps/ALADDIN_iOS/Shared/Components/ViewModifiers.swift /Users/sergejhlystov/ALADDIN_NEW/ALADDIN_NEW/mobile_apps/ALADDIN_iOS/Shared/Components/HapticFeedback.swift /Users/sergejhlystov/ALADDIN_NEW/ALADDIN_NEW/mobile_apps/ALADDIN_iOS/Screens/MainScreenWithRegistration.swift /Users/sergejhlystov/ALADDIN_NEW/ALADDIN_NEW/mobile_apps/ALADDIN_iOS/Core/Network/NetworkError.swift /Users/sergejhlystov/ALADDIN_NEW/ALADDIN_NEW/mobile_apps/ALADDIN_iOS/Screens/LanguageSettingsScreen.swift /Users/sergejhlystov/ALADDIN_NEW/ALADDIN_NEW/mobile_apps/ALADDIN_iOS/ViewModels/FamilyRegistrationViewModel.swift /Users/sergejhlystov/ALADDIN_NEW/ALADDIN_NEW/mobile_apps/ALADDIN_iOS/Shared/Styles/CornerRadius.swift /Users/sergejhlystov/ALADDIN_NEW/ALADDIN_NEW/mobile_apps/ALADDIN_iOS/Screens/01_MainScreen.swift /Users/sergejhlystov/ALADDIN_NEW/ALADDIN_NEW/mobile_apps/ALADDIN_iOS/Screens/FamilyTournamentView.swift /Users/sergejhlystov/ALADDIN_NEW/ALADDIN_NEW/mobile_apps/ALADDIN_iOS/Shared/Styles/Fonts.swift /Users/sergejhlystov/ALADDIN_NEW/ALADDIN_NEW/mobile_apps/ALADDIN_iOS/Screens/GamesParentalControlView.swift /Users/sergejhlystov/ALADDIN_NEW/ALADDIN_NEW/mobile_apps/ALADDIN_iOS/Shared/Components/QRScannerModal.swift /Users/sergejhlystov/ALADDIN_NEW/ALADDIN_NEW/mobile_apps/ALADDIN_iOS/Screens/04_AnalyticsScreen.swift /Users/sergejhlystov/ALADDIN_NEW/ALADDIN_NEW/mobile_apps/ALADDIN_iOS/Screens/24_VPNEnergyStatsScreen.swift /Users/sergejhlystov/ALADDIN_NEW/ALADDIN_NEW/mobile_apps/ALADDIN_iOS/Shared/Components/Modals/ProfileEditView.swift /Users/sergejhlystov/ALADDIN_NEW/ALADDIN_NEW/mobile_apps/ALADDIN_iOS/ViewModels/TariffsViewModel.swift /Users/sergejhlystov/ALADDIN_NEW/ALADDIN_NEW/mobile_apps/ALADDIN_iOS/Core/Notifications/NotificationManager.swift /Users/sergejhlystov/ALADDIN_NEW/ALADDIN_NEW/mobile_apps/ALADDIN_iOS/Core/Security/SecurityManager.swift -supplementary-output-file-map /var/folders/rf/6rxcyql17sz57_02ng7jd7pr0000gn/T/TemporaryDirectory.wFGpdC/supplementaryOutputs-1 -target x86_64-apple-ios15.0-simulator -enable-objc-interop -sdk /Applications/Xcode.app/Contents/Developer/Platforms/iPhoneSimulator.platform/Developer/SDKs/iPhoneSimulator15.2.sdk -I /Users/sergejhlystov/Library/Developer/Xcode/DerivedData/ALADDIN-eahryzmutvtbyceygnlyjsmiiaha/Build/Products/Debug-iphonesimulator -F /Users/sergejhlystov/Library/Developer/Xcode/DerivedData/ALADDIN-eahryzmutvtbyceygnlyjsmiiaha/Build/Products/Debug-iphonesimulator -enable-testing -g -module-cache-path /Users/sergejhlystov/Library/Developer/Xcode/DerivedData/ModuleCache.noindex -emit-localized-strings -emit-localized-strings-path /Users/sergejhlystov/Library/Developer/Xcode/DerivedData/ALADDIN-eahryzmutvtbyceygnlyjsmiiaha/Build/Intermediates.noindex/ALADDIN.build/Debug-iphonesimulator/ALADDIN.build/Objects-normal/x86_64 -swift-version 5 -enforce-exclusivity\=checked -Onone -D DEBUG -new-driver-path /Applications/Xcode.app/Contents/Developer/Toolchains/XcodeDefault.xctoolchain/usr/bin/swift-driver -serialize-debugging-options -Xcc -working-directory -Xcc /Users/sergejhlystov/ALADDIN_NEW/ALADDIN_NEW/mobile_apps/ALADDIN_iOS -resource-dir /Applications/Xcode.app/Contents/Developer/Toolchains/XcodeDefault.xctoolchain/usr/lib/swift -enable-anonymous-context-mangled-names -Xcc -I/Users/sergejhlystov/Library/Developer/Xcode/DerivedData/ALADDIN-eahryzmutvtbyceygnlyjsmiiaha/Build/Intermediates.noindex/ALADDIN.build/Debug-iphonesimulator/ALADDIN.build/swift-overrides.hmap -Xcc -iquote -Xcc /Users/sergejhlystov/Library/Developer/Xcode/DerivedData/ALADDIN-eahryzmutvtbyceygnlyjsmiiaha/Build/Intermediates.noindex/ALADDIN.build/Debug-iphonesimulator/ALADDIN.build/ALADDIN-generated-files.hmap -Xcc -I/Users/sergejhlystov/Library/Developer/Xcode/DerivedData/ALADDIN-eahryzmutvtbyceygnlyjsmiiaha/Build/Intermediates.noindex/ALADDIN.build/Debug-iphonesimulator/ALADDIN.build/ALADDIN-own-target-headers.hmap -Xcc -I/Users/sergejhlystov/Library/Developer/Xcode/DerivedData/ALADDIN-eahryzmutvtbyceygnlyjsmiiaha/Build/Intermediates.noindex/ALADDIN.build/Debug-iphonesimulator/ALADDIN.build/ALADDIN-all-target-headers.hmap -Xcc -iquote -Xcc /Users/sergejhlystov/Library/Developer/Xcode/DerivedData/ALADDIN-eahryzmutvtbyceygnlyjsmiiaha/Build/Intermediates.noindex/ALADDIN.build/Debug-iphonesimulator/ALADDIN.build/ALADDIN-project-headers.hmap -Xcc -I/Users/sergejhlystov/Library/Developer/Xcode/DerivedData/ALADDIN-eahryzmutvtbyceygnlyjsmiiaha/Build/Products/Debug-iphonesimulator/include -Xcc -I/Users/sergejhlystov/Library/Developer/Xcode/DerivedData/ALADDIN-eahryzmutvtbyceygnlyjsmiiaha/Build/Intermediates.noindex/ALADDIN.build/Debug-iphonesimulator/ALADDIN.build/DerivedSources-normal/x86_64 -Xcc -I/Users/sergejhlystov/Library/Developer/Xcode/DerivedData/ALADDIN-eahryzmutvtbyceygnlyjsmiiaha/Build/Intermediates.noindex/ALADDIN.build/Debug-iphonesimulator/ALADDIN.build/DerivedSources/x86_64 -Xcc -I/Users/sergejhlystov/Library/Developer/Xcode/DerivedData/ALADDIN-eahryzmutvtbyceygnlyjsmiiaha/Build/Intermediates.noindex/ALADDIN.build/Debug-iphonesimulator/ALADDIN.build/DerivedSources -Xcc -DDEBUG\=1 -module-name ALADDIN -target-sdk-version 15.2.0 -o /Users/sergejhlystov/Library/Developer/Xcode/DerivedData/ALADDIN-eahryzmutvtbyceygnlyjsmiiaha/Build/Intermediates.noindex/ALADDIN.build/Debug-iphonesimulator/ALADDIN.build/Objects-normal/x86_64/RewardsQuickModal.o -o /Users/sergejhlystov/Library/Developer/Xcode/DerivedData/ALADDIN-eahryzmutvtbyceygnlyjsmiiaha/Build/Intermediates.noindex/ALADDIN.build/Debug-iphonesimulator/ALADDIN.build/Objects-normal/x86_64/08_ChildInterfaceScreen.o -o /Users/sergejhlystov/Library/Developer/Xcode/DerivedData/ALADDIN-eahryzmutvtbyceygnlyjsmiiaha/Build/Intermediates.noindex/ALADDIN.build/Debug-iphonesimulator/ALADDIN.build/Objects-normal/x86_64/ContentView.o -o /Users/sergejhlystov/Library/Developer/Xcode/DerivedData/ALADDIN-eahryzmutvtbyceygnlyjsmiiaha/Build/Intermediates.noindex/ALADDIN.build/Debug-iphonesimulator/ALADDIN.build/Objects-normal/x86_64/ALADDINToggle.o -o /Users/sergejhlystov/Library/Developer/Xcode/DerivedData/ALADDIN-eahryzmutvtbyceygnlyjsmiiaha/Build/Intermediates.noindex/ALADDIN.build/Debug-iphonesimulator/ALADDIN.build/Objects-normal/x86_64/AgeGroupSelectionModal.o -o /Users/sergejhlystov/Library/Developer/Xcode/DerivedData/ALADDIN-eahryzmutvtbyceygnlyjsmiiaha/Build/Intermediates.noindex/ALADDIN.build/Debug-iphonesimulator/ALADDIN.build/Objects-normal/x86_64/ALADDINApp.o -o /Users/sergejhlystov/Library/Developer/Xcode/DerivedData/ALADDIN-eahryzmutvtbyceygnlyjsmiiaha/Build/Intermediates.noindex/ALADDIN.build/Debug-iphonesimulator/ALADDIN.build/Objects-normal/x86_64/FunctionStatus.o -o /Users/sergejhlystov/Library/Developer/Xcode/DerivedData/ALADDIN-eahryzmutvtbyceygnlyjsmiiaha/Build/Intermediates.noindex/ALADDIN.build/Debug-iphonesimulator/ALADDIN.build/Objects-normal/x86_64/MainViewModel.o -o /Users/sergejhlystov/Library/Developer/Xcode/DerivedData/ALADDIN-eahryzmutvtbyceygnlyjsmiiaha/Build/Intermediates.noindex/ALADDIN.build/Debug-iphonesimulator/ALADDIN.build/Objects-normal/x86_64/PrimaryButton.o -o /Users/sergejhlystov/Library/Developer/Xcode/DerivedData/ALADDIN-eahryzmutvtbyceygnlyjsmiiaha/Build/Intermediates.noindex/ALADDIN.build/Debug-iphonesimulator/ALADDIN.build/Objects-normal/x86_64/NotificationSettingsScreen.o -o /Users/sergejhlystov/Library/Developer/Xcode/DerivedData/ALADDIN-eahryzmutvtbyceygnlyjsmiiaha/Build/Intermediates.noindex/ALADDIN.build/Debug-iphonesimulator/ALADDIN.build/Objects-normal/x86_64/ChildContentScreen.o -o /Users/sergejhlystov/Library/Developer/Xcode/DerivedData/ALADDIN-eahryzmutvtbyceygnlyjsmiiaha/Build/Intermediates.noindex/ALADDIN.build/Debug-iphonesimulator/ALADDIN.build/Objects-normal/x86_64/StatItem.o -index-store-path /Users/sergejhlystov/Library/Developer/Xcode/DerivedData/ALADDIN-eahryzmutvtbyceygnlyjsmiiaha/Index/DataStore -index-system-modules
/Users/sergejhlystov/ALADDIN_NEW/ALADDIN_NEW/mobile_apps/ALADDIN_iOS/ALADDINApp.swift:112:6: error: invalid redeclaration of 'FamilyRole'
enum FamilyRole: String {
     ^
/Users/sergejhlystov/ALADDIN_NEW/ALADDIN_NEW/mobile_apps/ALADDIN_iOS/ViewModels/FamilyRegistrationViewModel.swift:6:6: note: 'FamilyRole' previously declared here
enum FamilyRole: String, Codable, CaseIterable, Identifiable {
     ^
/Users/sergejhlystov/Library/Developer/Xcode/DerivedData/ALADDIN-eahryzmutvtbyceygnlyjsmiiaha/Build/Intermediates.noindex/ALADDIN.build/Debug-iphonesimulator/ALADDIN.build/Objects-normal/x86_64/NotificationSettingsScreen.dia:1:1: warning: Could not read serialized diagnostics file: error("Invalid diagnostics signature") (in target 'ALADDIN' from project 'ALADDIN')
Command CompileSwift failed with a nonzero exit code

CompileSwift normal x86_64 /Users/sergejhlystov/ALADDIN_NEW/ALADDIN_NEW/mobile_apps/ALADDIN_iOS/Screens/ChildContentScreen.swift (in target 'ALADDIN' from project 'ALADDIN')
    cd /Users/sergejhlystov/ALADDIN_NEW/ALADDIN_NEW/mobile_apps/ALADDIN_iOS
    /Applications/Xcode.app/Contents/Developer/Toolchains/XcodeDefault.xctoolchain/usr/bin/swift-frontend -frontend -c -primary-file /Users/sergejhlystov/ALADDIN_NEW/ALADDIN_NEW/mobile_apps/ALADDIN_iOS/Screens/RewardsQuickModal.swift -primary-file /Users/sergejhlystov/ALADDIN_NEW/ALADDIN_NEW/mobile_apps/ALADDIN_iOS/Screens/08_ChildInterfaceScreen.swift -primary-file /Users/sergejhlystov/ALADDIN_NEW/ALADDIN_NEW/mobile_apps/ALADDIN_iOS/ContentView.swift -primary-file /Users/sergejhlystov/ALADDIN_NEW/ALADDIN_NEW/mobile_apps/ALADDIN_iOS/Shared/Components/ALADDINToggle.swift -primary-file /Users/sergejhlystov/ALADDIN_NEW/ALADDIN_NEW/mobile_apps/ALADDIN_iOS/Components/Modals/AgeGroupSelectionModal.swift -primary-file /Users/sergejhlystov/ALADDIN_NEW/ALADDIN_NEW/mobile_apps/ALADDIN_iOS/ALADDINApp.swift -primary-file /Users/sergejhlystov/ALADDIN_NEW/ALADDIN_NEW/mobile_apps/ALADDIN_iOS/Shared/Models/FunctionStatus.swift -primary-file /Users/sergejhlystov/ALADDIN_NEW/ALADDIN_NEW/mobile_apps/ALADDIN_iOS/ViewModels/MainViewModel.swift -primary-file /Users/sergejhlystov/ALADDIN_NEW/ALADDIN_NEW/mobile_apps/ALADDIN_iOS/Shared/Components/Buttons/PrimaryButton.swift -primary-file /Users/sergejhlystov/ALADDIN_NEW/ALADDIN_NEW/mobile_apps/ALADDIN_iOS/Screens/NotificationSettingsScreen.swift -primary-file /Users/sergejhlystov/ALADDIN_NEW/ALADDIN_NEW/mobile_apps/ALADDIN_iOS/Screens/ChildContentScreen.swift -primary-file /Users/sergejhlystov/ALADDIN_NEW/ALADDIN_NEW/mobile_apps/ALADDIN_iOS/Shared/Components/StatItem.swift /Users/sergejhlystov/ALADDIN_NEW/ALADDIN_NEW/mobile_apps/ALADDIN_iOS/Shared/Components/Cards/FamilyMemberCard.swift /Users/sergejhlystov/ALADDIN_NEW/ALADDIN_NEW/mobile_apps/ALADDIN_iOS/ViewModels/VPNViewModel.swift /Users/sergejhlystov/ALADDIN_NEW/ALADDIN_NEW/mobile_apps/ALADDIN_iOS/Core/Models/APIModels.swift /Users/sergejhlystov/ALADDIN_NEW/ALADDIN_NEW/mobile_apps/ALADDIN_iOS/Core/VPN/VPNManager.swift /Users/sergejhlystov/ALADDIN_NEW/ALADDIN_NEW/mobile_apps/ALADDIN_iOS/Screens/UnicornPetView.swift /Users/sergejhlystov/ALADDIN_NEW/ALADDIN_NEW/mobile_apps/ALADDIN_iOS/Core/Network/APIService.swift /Users/sergejhlystov/ALADDIN_NEW/ALADDIN_NEW/mobile_apps/ALADDIN_iOS/Screens/18_PrivacyPolicyScreen.swift /Users/sergejhlystov/ALADDIN_NEW/ALADDIN_NEW/mobile_apps/ALADDIN_iOS/Screens/10_TariffsScreen.swift /Users/sergejhlystov/ALADDIN_NEW/ALADDIN_NEW/mobile_apps/ALADDIN_iOS/Screens/03_VPNScreen.swift /Users/sergejhlystov/ALADDIN_NEW/ALADDIN_NEW/mobile_apps/ALADDIN_iOS/Screens/09_ElderlyInterfaceScreen.swift /Users/sergejhlystov/ALADDIN_NEW/ALADDIN_NEW/mobile_apps/ALADDIN_iOS/Shared/Components/SecondaryButton.swift /Users/sergejhlystov/ALADDIN_NEW/ALADDIN_NEW/mobile_apps/ALADDIN_iOS/Screens/11_ProfileScreen.swift /Users/sergejhlystov/ALADDIN_NEW/ALADDIN_NEW/mobile_apps/ALADDIN_iOS/Core/Network/NetworkManager.swift /Users/sergejhlystov/ALADDIN_NEW/ALADDIN_NEW/mobile_apps/ALADDIN_iOS/Screens/19_TermsOfServiceScreen.swift /Users/sergejhlystov/ALADDIN_NEW/ALADDIN_NEW/mobile_apps/ALADDIN_iOS/Core/Config/AppConfig.swift /Users/sergejhlystov/ALADDIN_NEW/ALADDIN_NEW/mobile_apps/ALADDIN_iOS/ViewModels/FamilyViewModel.swift /Users/sergejhlystov/ALADDIN_NEW/ALADDIN_NEW/mobile_apps/ALADDIN_iOS/ViewModels/AIAssistantViewModel.swift /Users/sergejhlystov/ALADDIN_NEW/ALADDIN_NEW/mobile_apps/ALADDIN_iOS/Screens/22_DeviceDetailScreen.swift /Users/sergejhlystov/ALADDIN_NEW/ALADDIN_NEW/mobile_apps/ALADDIN_iOS/Screens/WidgetConfigurationScreen.swift /Users/sergejhlystov/ALADDIN_NEW/ALADDIN_NEW/mobile_apps/ALADDIN_iOS/Core/Security/KeychainManager.swift /Users/sergejhlystov/ALADDIN_NEW/ALADDIN_NEW/mobile_apps/ALADDIN_iOS/Shared/Components/Modals/MemberStatsModalView.swift /Users/sergejhlystov/ALADDIN_NEW/ALADDIN_NEW/mobile_apps/ALADDIN_iOS/Shared/Styles/Spacing.swift /Users/sergejhlystov/ALADDIN_NEW/ALADDIN_NEW/mobile_apps/ALADDIN_iOS/Shared/Components/RecoveryOptionsModal.swift /Users/sergejhlystov/ALADDIN_NEW/ALADDIN_NEW/mobile_apps/ALADDIN_iOS/ViewModels/SettingsViewModel.swift /Users/sergejhlystov/ALADDIN_NEW/ALADDIN_NEW/mobile_apps/ALADDIN_iOS/Shared/Components/InfoRow.swift /Users/sergejhlystov/ALADDIN_NEW/ALADDIN_NEW/mobile_apps/ALADDIN_iOS/Screens/25_PaymentQRScreen.swift /Users/sergejhlystov/ALADDIN_NEW/ALADDIN_NEW/mobile_apps/ALADDIN_iOS/Shared/Components/Modals/RoleSelectionModal.swift /Users/sergejhlystov/ALADDIN_NEW/ALADDIN_NEW/mobile_apps/ALADDIN_iOS/ViewModels/SupportViewModel.swift /Users/sergejhlystov/ALADDIN_NEW/ALADDIN_NEW/mobile_apps/ALADDIN_iOS/ViewModels/ChildInterfaceViewModel.swift /Users/sergejhlystov/ALADDIN_NEW/ALADDIN_NEW/mobile_apps/ALADDIN_iOS/Screens/12_NotificationsScreen.swift /Users/sergejhlystov/ALADDIN_NEW/ALADDIN_NEW/mobile_apps/ALADDIN_iOS/ViewModels/ElderlyInterfaceViewModel.swift /Users/sergejhlystov/ALADDIN_NEW/ALADDIN_NEW/mobile_apps/ALADDIN_iOS/ViewModels/AnalyticsViewModel.swift /Users/sergejhlystov/ALADDIN_NEW/ALADDIN_NEW/mobile_apps/ALADDIN_iOS/Core/Cache/CacheManager.swift /Users/sergejhlystov/ALADDIN_NEW/ALADDIN_NEW/mobile_apps/ALADDIN_iOS/ViewModels/NotificationsViewModel.swift /Users/sergejhlystov/ALADDIN_NEW/ALADDIN_NEW/mobile_apps/ALADDIN_iOS/Screens/06_AIAssistantScreen.swift /Users/sergejhlystov/ALADDIN_NEW/ALADDIN_NEW/mobile_apps/ALADDIN_iOS/ViewModels/ProfileViewModel.swift /Users/sergejhlystov/ALADDIN_NEW/ALADDIN_NEW/mobile_apps/ALADDIN_iOS/Components/Modals/ConsentModal.swift /Users/sergejhlystov/ALADDIN_NEW/ALADDIN_NEW/mobile_apps/ALADDIN_iOS/ViewModels/ParentalControlViewModel.swift /Users/sergejhlystov/ALADDIN_NEW/ALADDIN_NEW/mobile_apps/ALADDIN_iOS/ViewModels/OnboardingViewModel.swift /Users/sergejhlystov/ALADDIN_NEW/ALADDIN_NEW/mobile_apps/ALADDIN_iOS/Shared/Styles/Colors.swift /Users/sergejhlystov/ALADDIN_NEW/ALADDIN_NEW/mobile_apps/ALADDIN_iOS/Screens/ChildRewardsScreen.swift /Users/sergejhlystov/ALADDIN_NEW/ALADDIN_NEW/mobile_apps/ALADDIN_iOS/Screens/21_ReferralScreen.swift /Users/sergejhlystov/ALADDIN_NEW/ALADDIN_NEW/mobile_apps/ALADDIN_iOS/Shared/Components/AvatarSelector.swift /Users/sergejhlystov/ALADDIN_NEW/ALADDIN_NEW/mobile_apps/ALADDIN_iOS/Shared/Components/Navigation/ALADDINNavigationBar.swift /Users/sergejhlystov/ALADDIN_NEW/ALADDIN_NEW/mobile_apps/ALADDIN_iOS/Screens/14_OnboardingScreen.swift /Users/sergejhlystov/ALADDIN_NEW/ALADDIN_NEW/mobile_apps/ALADDIN_iOS/Components/Modals/FamilyCreatedModal.swift /Users/sergejhlystov/ALADDIN_NEW/ALADDIN_NEW/mobile_apps/ALADDIN_iOS/ViewModels/PaymentQRViewModel.swift /Users/sergejhlystov/ALADDIN_NEW/ALADDIN_NEW/mobile_apps/ALADDIN_iOS/Core/Navigation/NavigationManager.swift /Users/sergejhlystov/ALADDIN_NEW/ALADDIN_NEW/mobile_apps/ALADDIN_iOS/Core/Accessibility/AccessibilityManager.swift /Users/sergejhlystov/ALADDIN_NEW/ALADDIN_NEW/mobile_apps/ALADDIN_iOS/Core/Store/StoreManager.swift /Users/sergejhlystov/ALADDIN_NEW/ALADDIN_NEW/mobile_apps/ALADDIN_iOS/Screens/WheelOfFortuneView.swift /Users/sergejhlystov/ALADDIN_NEW/ALADDIN_NEW/mobile_apps/ALADDIN_iOS/Screens/UnicornUniverseView.swift /Users/sergejhlystov/ALADDIN_NEW/ALADDIN_NEW/mobile_apps/ALADDIN_iOS/Core/Localization/LocalizationManager.swift /Users/sergejhlystov/ALADDIN_NEW/ALADDIN_NEW/mobile_apps/ALADDIN_iOS/Screens/13_SupportScreen.swift /Users/sergejhlystov/ALADDIN_NEW/ALADDIN_NEW/mobile_apps/ALADDIN_iOS/Core/Analytics/AnalyticsManager.swift /Users/sergejhlystov/ALADDIN_NEW/ALADDIN_NEW/mobile_apps/ALADDIN_iOS/Screens/07_ParentalControlScreen.swift /Users/sergejhlystov/ALADDIN_NEW/ALADDIN_NEW/mobile_apps/ALADDIN_iOS/Screens/05_SettingsScreen.swift /Users/sergejhlystov/ALADDIN_NEW/ALADDIN_NEW/mobile_apps/ALADDIN_iOS/Screens/RewardsModalView.swift /Users/sergejhlystov/ALADDIN_NEW/ALADDIN_NEW/mobile_apps/ALADDIN_iOS/Screens/23_FamilyChatScreen.swift /Users/sergejhlystov/ALADDIN_NEW/ALADDIN_NEW/mobile_apps/ALADDIN_iOS/Screens/02_FamilyScreen.swift /Users/sergejhlystov/ALADDIN_NEW/ALADDIN_NEW/mobile_apps/ALADDIN_iOS/Screens/20_DevicesScreen.swift /Users/sergejhlystov/ALADDIN_NEW/ALADDIN_NEW/mobile_apps/ALADDIN_iOS/Shared/Components/ViewModifiers.swift /Users/sergejhlystov/ALADDIN_NEW/ALADDIN_NEW/mobile_apps/ALADDIN_iOS/Shared/Components/HapticFeedback.swift /Users/sergejhlystov/ALADDIN_NEW/ALADDIN_NEW/mobile_apps/ALADDIN_iOS/Screens/MainScreenWithRegistration.swift /Users/sergejhlystov/ALADDIN_NEW/ALADDIN_NEW/mobile_apps/ALADDIN_iOS/Core/Network/NetworkError.swift /Users/sergejhlystov/ALADDIN_NEW/ALADDIN_NEW/mobile_apps/ALADDIN_iOS/Screens/LanguageSettingsScreen.swift /Users/sergejhlystov/ALADDIN_NEW/ALADDIN_NEW/mobile_apps/ALADDIN_iOS/ViewModels/FamilyRegistrationViewModel.swift /Users/sergejhlystov/ALADDIN_NEW/ALADDIN_NEW/mobile_apps/ALADDIN_iOS/Shared/Styles/CornerRadius.swift /Users/sergejhlystov/ALADDIN_NEW/ALADDIN_NEW/mobile_apps/ALADDIN_iOS/Screens/01_MainScreen.swift /Users/sergejhlystov/ALADDIN_NEW/ALADDIN_NEW/mobile_apps/ALADDIN_iOS/Screens/FamilyTournamentView.swift /Users/sergejhlystov/ALADDIN_NEW/ALADDIN_NEW/mobile_apps/ALADDIN_iOS/Shared/Styles/Fonts.swift /Users/sergejhlystov/ALADDIN_NEW/ALADDIN_NEW/mobile_apps/ALADDIN_iOS/Screens/GamesParentalControlView.swift /Users/sergejhlystov/ALADDIN_NEW/ALADDIN_NEW/mobile_apps/ALADDIN_iOS/Shared/Components/QRScannerModal.swift /Users/sergejhlystov/ALADDIN_NEW/ALADDIN_NEW/mobile_apps/ALADDIN_iOS/Screens/04_AnalyticsScreen.swift /Users/sergejhlystov/ALADDIN_NEW/ALADDIN_NEW/mobile_apps/ALADDIN_iOS/Screens/24_VPNEnergyStatsScreen.swift /Users/sergejhlystov/ALADDIN_NEW/ALADDIN_NEW/mobile_apps/ALADDIN_iOS/Shared/Components/Modals/ProfileEditView.swift /Users/sergejhlystov/ALADDIN_NEW/ALADDIN_NEW/mobile_apps/ALADDIN_iOS/ViewModels/TariffsViewModel.swift /Users/sergejhlystov/ALADDIN_NEW/ALADDIN_NEW/mobile_apps/ALADDIN_iOS/Core/Notifications/NotificationManager.swift /Users/sergejhlystov/ALADDIN_NEW/ALADDIN_NEW/mobile_apps/ALADDIN_iOS/Core/Security/SecurityManager.swift -supplementary-output-file-map /var/folders/rf/6rxcyql17sz57_02ng7jd7pr0000gn/T/TemporaryDirectory.wFGpdC/supplementaryOutputs-1 -target x86_64-apple-ios15.0-simulator -enable-objc-interop -sdk /Applications/Xcode.app/Contents/Developer/Platforms/iPhoneSimulator.platform/Developer/SDKs/iPhoneSimulator15.2.sdk -I /Users/sergejhlystov/Library/Developer/Xcode/DerivedData/ALADDIN-eahryzmutvtbyceygnlyjsmiiaha/Build/Products/Debug-iphonesimulator -F /Users/sergejhlystov/Library/Developer/Xcode/DerivedData/ALADDIN-eahryzmutvtbyceygnlyjsmiiaha/Build/Products/Debug-iphonesimulator -enable-testing -g -module-cache-path /Users/sergejhlystov/Library/Developer/Xcode/DerivedData/ModuleCache.noindex -emit-localized-strings -emit-localized-strings-path /Users/sergejhlystov/Library/Developer/Xcode/DerivedData/ALADDIN-eahryzmutvtbyceygnlyjsmiiaha/Build/Intermediates.noindex/ALADDIN.build/Debug-iphonesimulator/ALADDIN.build/Objects-normal/x86_64 -swift-version 5 -enforce-exclusivity\=checked -Onone -D DEBUG -new-driver-path /Applications/Xcode.app/Contents/Developer/Toolchains/XcodeDefault.xctoolchain/usr/bin/swift-driver -serialize-debugging-options -Xcc -working-directory -Xcc /Users/sergejhlystov/ALADDIN_NEW/ALADDIN_NEW/mobile_apps/ALADDIN_iOS -resource-dir /Applications/Xcode.app/Contents/Developer/Toolchains/XcodeDefault.xctoolchain/usr/lib/swift -enable-anonymous-context-mangled-names -Xcc -I/Users/sergejhlystov/Library/Developer/Xcode/DerivedData/ALADDIN-eahryzmutvtbyceygnlyjsmiiaha/Build/Intermediates.noindex/ALADDIN.build/Debug-iphonesimulator/ALADDIN.build/swift-overrides.hmap -Xcc -iquote -Xcc /Users/sergejhlystov/Library/Developer/Xcode/DerivedData/ALADDIN-eahryzmutvtbyceygnlyjsmiiaha/Build/Intermediates.noindex/ALADDIN.build/Debug-iphonesimulator/ALADDIN.build/ALADDIN-generated-files.hmap -Xcc -I/Users/sergejhlystov/Library/Developer/Xcode/DerivedData/ALADDIN-eahryzmutvtbyceygnlyjsmiiaha/Build/Intermediates.noindex/ALADDIN.build/Debug-iphonesimulator/ALADDIN.build/ALADDIN-own-target-headers.hmap -Xcc -I/Users/sergejhlystov/Library/Developer/Xcode/DerivedData/ALADDIN-eahryzmutvtbyceygnlyjsmiiaha/Build/Intermediates.noindex/ALADDIN.build/Debug-iphonesimulator/ALADDIN.build/ALADDIN-all-target-headers.hmap -Xcc -iquote -Xcc /Users/sergejhlystov/Library/Developer/Xcode/DerivedData/ALADDIN-eahryzmutvtbyceygnlyjsmiiaha/Build/Intermediates.noindex/ALADDIN.build/Debug-iphonesimulator/ALADDIN.build/ALADDIN-project-headers.hmap -Xcc -I/Users/sergejhlystov/Library/Developer/Xcode/DerivedData/ALADDIN-eahryzmutvtbyceygnlyjsmiiaha/Build/Products/Debug-iphonesimulator/include -Xcc -I/Users/sergejhlystov/Library/Developer/Xcode/DerivedData/ALADDIN-eahryzmutvtbyceygnlyjsmiiaha/Build/Intermediates.noindex/ALADDIN.build/Debug-iphonesimulator/ALADDIN.build/DerivedSources-normal/x86_64 -Xcc -I/Users/sergejhlystov/Library/Developer/Xcode/DerivedData/ALADDIN-eahryzmutvtbyceygnlyjsmiiaha/Build/Intermediates.noindex/ALADDIN.build/Debug-iphonesimulator/ALADDIN.build/DerivedSources/x86_64 -Xcc -I/Users/sergejhlystov/Library/Developer/Xcode/DerivedData/ALADDIN-eahryzmutvtbyceygnlyjsmiiaha/Build/Intermediates.noindex/ALADDIN.build/Debug-iphonesimulator/ALADDIN.build/DerivedSources -Xcc -DDEBUG\=1 -module-name ALADDIN -target-sdk-version 15.2.0 -o /Users/sergejhlystov/Library/Developer/Xcode/DerivedData/ALADDIN-eahryzmutvtbyceygnlyjsmiiaha/Build/Intermediates.noindex/ALADDIN.build/Debug-iphonesimulator/ALADDIN.build/Objects-normal/x86_64/RewardsQuickModal.o -o /Users/sergejhlystov/Library/Developer/Xcode/DerivedData/ALADDIN-eahryzmutvtbyceygnlyjsmiiaha/Build/Intermediates.noindex/ALADDIN.build/Debug-iphonesimulator/ALADDIN.build/Objects-normal/x86_64/08_ChildInterfaceScreen.o -o /Users/sergejhlystov/Library/Developer/Xcode/DerivedData/ALADDIN-eahryzmutvtbyceygnlyjsmiiaha/Build/Intermediates.noindex/ALADDIN.build/Debug-iphonesimulator/ALADDIN.build/Objects-normal/x86_64/ContentView.o -o /Users/sergejhlystov/Library/Developer/Xcode/DerivedData/ALADDIN-eahryzmutvtbyceygnlyjsmiiaha/Build/Intermediates.noindex/ALADDIN.build/Debug-iphonesimulator/ALADDIN.build/Objects-normal/x86_64/ALADDINToggle.o -o /Users/sergejhlystov/Library/Developer/Xcode/DerivedData/ALADDIN-eahryzmutvtbyceygnlyjsmiiaha/Build/Intermediates.noindex/ALADDIN.build/Debug-iphonesimulator/ALADDIN.build/Objects-normal/x86_64/AgeGroupSelectionModal.o -o /Users/sergejhlystov/Library/Developer/Xcode/DerivedData/ALADDIN-eahryzmutvtbyceygnlyjsmiiaha/Build/Intermediates.noindex/ALADDIN.build/Debug-iphonesimulator/ALADDIN.build/Objects-normal/x86_64/ALADDINApp.o -o /Users/sergejhlystov/Library/Developer/Xcode/DerivedData/ALADDIN-eahryzmutvtbyceygnlyjsmiiaha/Build/Intermediates.noindex/ALADDIN.build/Debug-iphonesimulator/ALADDIN.build/Objects-normal/x86_64/FunctionStatus.o -o /Users/sergejhlystov/Library/Developer/Xcode/DerivedData/ALADDIN-eahryzmutvtbyceygnlyjsmiiaha/Build/Intermediates.noindex/ALADDIN.build/Debug-iphonesimulator/ALADDIN.build/Objects-normal/x86_64/MainViewModel.o -o /Users/sergejhlystov/Library/Developer/Xcode/DerivedData/ALADDIN-eahryzmutvtbyceygnlyjsmiiaha/Build/Intermediates.noindex/ALADDIN.build/Debug-iphonesimulator/ALADDIN.build/Objects-normal/x86_64/PrimaryButton.o -o /Users/sergejhlystov/Library/Developer/Xcode/DerivedData/ALADDIN-eahryzmutvtbyceygnlyjsmiiaha/Build/Intermediates.noindex/ALADDIN.build/Debug-iphonesimulator/ALADDIN.build/Objects-normal/x86_64/NotificationSettingsScreen.o -o /Users/sergejhlystov/Library/Developer/Xcode/DerivedData/ALADDIN-eahryzmutvtbyceygnlyjsmiiaha/Build/Intermediates.noindex/ALADDIN.build/Debug-iphonesimulator/ALADDIN.build/Objects-normal/x86_64/ChildContentScreen.o -o /Users/sergejhlystov/Library/Developer/Xcode/DerivedData/ALADDIN-eahryzmutvtbyceygnlyjsmiiaha/Build/Intermediates.noindex/ALADDIN.build/Debug-iphonesimulator/ALADDIN.build/Objects-normal/x86_64/StatItem.o -index-store-path /Users/sergejhlystov/Library/Developer/Xcode/DerivedData/ALADDIN-eahryzmutvtbyceygnlyjsmiiaha/Index/DataStore -index-system-modules
/Users/sergejhlystov/ALADDIN_NEW/ALADDIN_NEW/mobile_apps/ALADDIN_iOS/ALADDINApp.swift:112:6: error: invalid redeclaration of 'FamilyRole'
enum FamilyRole: String {
     ^
/Users/sergejhlystov/ALADDIN_NEW/ALADDIN_NEW/mobile_apps/ALADDIN_iOS/ViewModels/FamilyRegistrationViewModel.swift:6:6: note: 'FamilyRole' previously declared here
enum FamilyRole: String, Codable, CaseIterable, Identifiable {
     ^
/Users/sergejhlystov/Library/Developer/Xcode/DerivedData/ALADDIN-eahryzmutvtbyceygnlyjsmiiaha/Build/Intermediates.noindex/ALADDIN.build/Debug-iphonesimulator/ALADDIN.build/Objects-normal/x86_64/ChildContentScreen.dia:1:1: warning: Could not read serialized diagnostics file: error("Invalid diagnostics signature") (in target 'ALADDIN' from project 'ALADDIN')
Command CompileSwift failed with a nonzero exit code

CompileSwift normal x86_64 /Users/sergejhlystov/ALADDIN_NEW/ALADDIN_NEW/mobile_apps/ALADDIN_iOS/Shared/Components/StatItem.swift (in target 'ALADDIN' from project 'ALADDIN')
    cd /Users/sergejhlystov/ALADDIN_NEW/ALADDIN_NEW/mobile_apps/ALADDIN_iOS
    /Applications/Xcode.app/Contents/Developer/Toolchains/XcodeDefault.xctoolchain/usr/bin/swift-frontend -frontend -c -primary-file /Users/sergejhlystov/ALADDIN_NEW/ALADDIN_NEW/mobile_apps/ALADDIN_iOS/Screens/RewardsQuickModal.swift -primary-file /Users/sergejhlystov/ALADDIN_NEW/ALADDIN_NEW/mobile_apps/ALADDIN_iOS/Screens/08_ChildInterfaceScreen.swift -primary-file /Users/sergejhlystov/ALADDIN_NEW/ALADDIN_NEW/mobile_apps/ALADDIN_iOS/ContentView.swift -primary-file /Users/sergejhlystov/ALADDIN_NEW/ALADDIN_NEW/mobile_apps/ALADDIN_iOS/Shared/Components/ALADDINToggle.swift -primary-file /Users/sergejhlystov/ALADDIN_NEW/ALADDIN_NEW/mobile_apps/ALADDIN_iOS/Components/Modals/AgeGroupSelectionModal.swift -primary-file /Users/sergejhlystov/ALADDIN_NEW/ALADDIN_NEW/mobile_apps/ALADDIN_iOS/ALADDINApp.swift -primary-file /Users/sergejhlystov/ALADDIN_NEW/ALADDIN_NEW/mobile_apps/ALADDIN_iOS/Shared/Models/FunctionStatus.swift -primary-file /Users/sergejhlystov/ALADDIN_NEW/ALADDIN_NEW/mobile_apps/ALADDIN_iOS/ViewModels/MainViewModel.swift -primary-file /Users/sergejhlystov/ALADDIN_NEW/ALADDIN_NEW/mobile_apps/ALADDIN_iOS/Shared/Components/Buttons/PrimaryButton.swift -primary-file /Users/sergejhlystov/ALADDIN_NEW/ALADDIN_NEW/mobile_apps/ALADDIN_iOS/Screens/NotificationSettingsScreen.swift -primary-file /Users/sergejhlystov/ALADDIN_NEW/ALADDIN_NEW/mobile_apps/ALADDIN_iOS/Screens/ChildContentScreen.swift -primary-file /Users/sergejhlystov/ALADDIN_NEW/ALADDIN_NEW/mobile_apps/ALADDIN_iOS/Shared/Components/StatItem.swift /Users/sergejhlystov/ALADDIN_NEW/ALADDIN_NEW/mobile_apps/ALADDIN_iOS/Shared/Components/Cards/FamilyMemberCard.swift /Users/sergejhlystov/ALADDIN_NEW/ALADDIN_NEW/mobile_apps/ALADDIN_iOS/ViewModels/VPNViewModel.swift /Users/sergejhlystov/ALADDIN_NEW/ALADDIN_NEW/mobile_apps/ALADDIN_iOS/Core/Models/APIModels.swift /Users/sergejhlystov/ALADDIN_NEW/ALADDIN_NEW/mobile_apps/ALADDIN_iOS/Core/VPN/VPNManager.swift /Users/sergejhlystov/ALADDIN_NEW/ALADDIN_NEW/mobile_apps/ALADDIN_iOS/Screens/UnicornPetView.swift /Users/sergejhlystov/ALADDIN_NEW/ALADDIN_NEW/mobile_apps/ALADDIN_iOS/Core/Network/APIService.swift /Users/sergejhlystov/ALADDIN_NEW/ALADDIN_NEW/mobile_apps/ALADDIN_iOS/Screens/18_PrivacyPolicyScreen.swift /Users/sergejhlystov/ALADDIN_NEW/ALADDIN_NEW/mobile_apps/ALADDIN_iOS/Screens/10_TariffsScreen.swift /Users/sergejhlystov/ALADDIN_NEW/ALADDIN_NEW/mobile_apps/ALADDIN_iOS/Screens/03_VPNScreen.swift /Users/sergejhlystov/ALADDIN_NEW/ALADDIN_NEW/mobile_apps/ALADDIN_iOS/Screens/09_ElderlyInterfaceScreen.swift /Users/sergejhlystov/ALADDIN_NEW/ALADDIN_NEW/mobile_apps/ALADDIN_iOS/Shared/Components/SecondaryButton.swift /Users/sergejhlystov/ALADDIN_NEW/ALADDIN_NEW/mobile_apps/ALADDIN_iOS/Screens/11_ProfileScreen.swift /Users/sergejhlystov/ALADDIN_NEW/ALADDIN_NEW/mobile_apps/ALADDIN_iOS/Core/Network/NetworkManager.swift /Users/sergejhlystov/ALADDIN_NEW/ALADDIN_NEW/mobile_apps/ALADDIN_iOS/Screens/19_TermsOfServiceScreen.swift /Users/sergejhlystov/ALADDIN_NEW/ALADDIN_NEW/mobile_apps/ALADDIN_iOS/Core/Config/AppConfig.swift /Users/sergejhlystov/ALADDIN_NEW/ALADDIN_NEW/mobile_apps/ALADDIN_iOS/ViewModels/FamilyViewModel.swift /Users/sergejhlystov/ALADDIN_NEW/ALADDIN_NEW/mobile_apps/ALADDIN_iOS/ViewModels/AIAssistantViewModel.swift /Users/sergejhlystov/ALADDIN_NEW/ALADDIN_NEW/mobile_apps/ALADDIN_iOS/Screens/22_DeviceDetailScreen.swift /Users/sergejhlystov/ALADDIN_NEW/ALADDIN_NEW/mobile_apps/ALADDIN_iOS/Screens/WidgetConfigurationScreen.swift /Users/sergejhlystov/ALADDIN_NEW/ALADDIN_NEW/mobile_apps/ALADDIN_iOS/Core/Security/KeychainManager.swift /Users/sergejhlystov/ALADDIN_NEW/ALADDIN_NEW/mobile_apps/ALADDIN_iOS/Shared/Components/Modals/MemberStatsModalView.swift /Users/sergejhlystov/ALADDIN_NEW/ALADDIN_NEW/mobile_apps/ALADDIN_iOS/Shared/Styles/Spacing.swift /Users/sergejhlystov/ALADDIN_NEW/ALADDIN_NEW/mobile_apps/ALADDIN_iOS/Shared/Components/RecoveryOptionsModal.swift /Users/sergejhlystov/ALADDIN_NEW/ALADDIN_NEW/mobile_apps/ALADDIN_iOS/ViewModels/SettingsViewModel.swift /Users/sergejhlystov/ALADDIN_NEW/ALADDIN_NEW/mobile_apps/ALADDIN_iOS/Shared/Components/InfoRow.swift /Users/sergejhlystov/ALADDIN_NEW/ALADDIN_NEW/mobile_apps/ALADDIN_iOS/Screens/25_PaymentQRScreen.swift /Users/sergejhlystov/ALADDIN_NEW/ALADDIN_NEW/mobile_apps/ALADDIN_iOS/Shared/Components/Modals/RoleSelectionModal.swift /Users/sergejhlystov/ALADDIN_NEW/ALADDIN_NEW/mobile_apps/ALADDIN_iOS/ViewModels/SupportViewModel.swift /Users/sergejhlystov/ALADDIN_NEW/ALADDIN_NEW/mobile_apps/ALADDIN_iOS/ViewModels/ChildInterfaceViewModel.swift /Users/sergejhlystov/ALADDIN_NEW/ALADDIN_NEW/mobile_apps/ALADDIN_iOS/Screens/12_NotificationsScreen.swift /Users/sergejhlystov/ALADDIN_NEW/ALADDIN_NEW/mobile_apps/ALADDIN_iOS/ViewModels/ElderlyInterfaceViewModel.swift /Users/sergejhlystov/ALADDIN_NEW/ALADDIN_NEW/mobile_apps/ALADDIN_iOS/ViewModels/AnalyticsViewModel.swift /Users/sergejhlystov/ALADDIN_NEW/ALADDIN_NEW/mobile_apps/ALADDIN_iOS/Core/Cache/CacheManager.swift /Users/sergejhlystov/ALADDIN_NEW/ALADDIN_NEW/mobile_apps/ALADDIN_iOS/ViewModels/NotificationsViewModel.swift /Users/sergejhlystov/ALADDIN_NEW/ALADDIN_NEW/mobile_apps/ALADDIN_iOS/Screens/06_AIAssistantScreen.swift /Users/sergejhlystov/ALADDIN_NEW/ALADDIN_NEW/mobile_apps/ALADDIN_iOS/ViewModels/ProfileViewModel.swift /Users/sergejhlystov/ALADDIN_NEW/ALADDIN_NEW/mobile_apps/ALADDIN_iOS/Components/Modals/ConsentModal.swift /Users/sergejhlystov/ALADDIN_NEW/ALADDIN_NEW/mobile_apps/ALADDIN_iOS/ViewModels/ParentalControlViewModel.swift /Users/sergejhlystov/ALADDIN_NEW/ALADDIN_NEW/mobile_apps/ALADDIN_iOS/ViewModels/OnboardingViewModel.swift /Users/sergejhlystov/ALADDIN_NEW/ALADDIN_NEW/mobile_apps/ALADDIN_iOS/Shared/Styles/Colors.swift /Users/sergejhlystov/ALADDIN_NEW/ALADDIN_NEW/mobile_apps/ALADDIN_iOS/Screens/ChildRewardsScreen.swift /Users/sergejhlystov/ALADDIN_NEW/ALADDIN_NEW/mobile_apps/ALADDIN_iOS/Screens/21_ReferralScreen.swift /Users/sergejhlystov/ALADDIN_NEW/ALADDIN_NEW/mobile_apps/ALADDIN_iOS/Shared/Components/AvatarSelector.swift /Users/sergejhlystov/ALADDIN_NEW/ALADDIN_NEW/mobile_apps/ALADDIN_iOS/Shared/Components/Navigation/ALADDINNavigationBar.swift /Users/sergejhlystov/ALADDIN_NEW/ALADDIN_NEW/mobile_apps/ALADDIN_iOS/Screens/14_OnboardingScreen.swift /Users/sergejhlystov/ALADDIN_NEW/ALADDIN_NEW/mobile_apps/ALADDIN_iOS/Components/Modals/FamilyCreatedModal.swift /Users/sergejhlystov/ALADDIN_NEW/ALADDIN_NEW/mobile_apps/ALADDIN_iOS/ViewModels/PaymentQRViewModel.swift /Users/sergejhlystov/ALADDIN_NEW/ALADDIN_NEW/mobile_apps/ALADDIN_iOS/Core/Navigation/NavigationManager.swift /Users/sergejhlystov/ALADDIN_NEW/ALADDIN_NEW/mobile_apps/ALADDIN_iOS/Core/Accessibility/AccessibilityManager.swift /Users/sergejhlystov/ALADDIN_NEW/ALADDIN_NEW/mobile_apps/ALADDIN_iOS/Core/Store/StoreManager.swift /Users/sergejhlystov/ALADDIN_NEW/ALADDIN_NEW/mobile_apps/ALADDIN_iOS/Screens/WheelOfFortuneView.swift /Users/sergejhlystov/ALADDIN_NEW/ALADDIN_NEW/mobile_apps/ALADDIN_iOS/Screens/UnicornUniverseView.swift /Users/sergejhlystov/ALADDIN_NEW/ALADDIN_NEW/mobile_apps/ALADDIN_iOS/Core/Localization/LocalizationManager.swift /Users/sergejhlystov/ALADDIN_NEW/ALADDIN_NEW/mobile_apps/ALADDIN_iOS/Screens/13_SupportScreen.swift /Users/sergejhlystov/ALADDIN_NEW/ALADDIN_NEW/mobile_apps/ALADDIN_iOS/Core/Analytics/AnalyticsManager.swift /Users/sergejhlystov/ALADDIN_NEW/ALADDIN_NEW/mobile_apps/ALADDIN_iOS/Screens/07_ParentalControlScreen.swift /Users/sergejhlystov/ALADDIN_NEW/ALADDIN_NEW/mobile_apps/ALADDIN_iOS/Screens/05_SettingsScreen.swift /Users/sergejhlystov/ALADDIN_NEW/ALADDIN_NEW/mobile_apps/ALADDIN_iOS/Screens/RewardsModalView.swift /Users/sergejhlystov/ALADDIN_NEW/ALADDIN_NEW/mobile_apps/ALADDIN_iOS/Screens/23_FamilyChatScreen.swift /Users/sergejhlystov/ALADDIN_NEW/ALADDIN_NEW/mobile_apps/ALADDIN_iOS/Screens/02_FamilyScreen.swift /Users/sergejhlystov/ALADDIN_NEW/ALADDIN_NEW/mobile_apps/ALADDIN_iOS/Screens/20_DevicesScreen.swift /Users/sergejhlystov/ALADDIN_NEW/ALADDIN_NEW/mobile_apps/ALADDIN_iOS/Shared/Components/ViewModifiers.swift /Users/sergejhlystov/ALADDIN_NEW/ALADDIN_NEW/mobile_apps/ALADDIN_iOS/Shared/Components/HapticFeedback.swift /Users/sergejhlystov/ALADDIN_NEW/ALADDIN_NEW/mobile_apps/ALADDIN_iOS/Screens/MainScreenWithRegistration.swift /Users/sergejhlystov/ALADDIN_NEW/ALADDIN_NEW/mobile_apps/ALADDIN_iOS/Core/Network/NetworkError.swift /Users/sergejhlystov/ALADDIN_NEW/ALADDIN_NEW/mobile_apps/ALADDIN_iOS/Screens/LanguageSettingsScreen.swift /Users/sergejhlystov/ALADDIN_NEW/ALADDIN_NEW/mobile_apps/ALADDIN_iOS/ViewModels/FamilyRegistrationViewModel.swift /Users/sergejhlystov/ALADDIN_NEW/ALADDIN_NEW/mobile_apps/ALADDIN_iOS/Shared/Styles/CornerRadius.swift /Users/sergejhlystov/ALADDIN_NEW/ALADDIN_NEW/mobile_apps/ALADDIN_iOS/Screens/01_MainScreen.swift /Users/sergejhlystov/ALADDIN_NEW/ALADDIN_NEW/mobile_apps/ALADDIN_iOS/Screens/FamilyTournamentView.swift /Users/sergejhlystov/ALADDIN_NEW/ALADDIN_NEW/mobile_apps/ALADDIN_iOS/Shared/Styles/Fonts.swift /Users/sergejhlystov/ALADDIN_NEW/ALADDIN_NEW/mobile_apps/ALADDIN_iOS/Screens/GamesParentalControlView.swift /Users/sergejhlystov/ALADDIN_NEW/ALADDIN_NEW/mobile_apps/ALADDIN_iOS/Shared/Components/QRScannerModal.swift /Users/sergejhlystov/ALADDIN_NEW/ALADDIN_NEW/mobile_apps/ALADDIN_iOS/Screens/04_AnalyticsScreen.swift /Users/sergejhlystov/ALADDIN_NEW/ALADDIN_NEW/mobile_apps/ALADDIN_iOS/Screens/24_VPNEnergyStatsScreen.swift /Users/sergejhlystov/ALADDIN_NEW/ALADDIN_NEW/mobile_apps/ALADDIN_iOS/Shared/Components/Modals/ProfileEditView.swift /Users/sergejhlystov/ALADDIN_NEW/ALADDIN_NEW/mobile_apps/ALADDIN_iOS/ViewModels/TariffsViewModel.swift /Users/sergejhlystov/ALADDIN_NEW/ALADDIN_NEW/mobile_apps/ALADDIN_iOS/Core/Notifications/NotificationManager.swift /Users/sergejhlystov/ALADDIN_NEW/ALADDIN_NEW/mobile_apps/ALADDIN_iOS/Core/Security/SecurityManager.swift -supplementary-output-file-map /var/folders/rf/6rxcyql17sz57_02ng7jd7pr0000gn/T/TemporaryDirectory.wFGpdC/supplementaryOutputs-1 -target x86_64-apple-ios15.0-simulator -enable-objc-interop -sdk /Applications/Xcode.app/Contents/Developer/Platforms/iPhoneSimulator.platform/Developer/SDKs/iPhoneSimulator15.2.sdk -I /Users/sergejhlystov/Library/Developer/Xcode/DerivedData/ALADDIN-eahryzmutvtbyceygnlyjsmiiaha/Build/Products/Debug-iphonesimulator -F /Users/sergejhlystov/Library/Developer/Xcode/DerivedData/ALADDIN-eahryzmutvtbyceygnlyjsmiiaha/Build/Products/Debug-iphonesimulator -enable-testing -g -module-cache-path /Users/sergejhlystov/Library/Developer/Xcode/DerivedData/ModuleCache.noindex -emit-localized-strings -emit-localized-strings-path /Users/sergejhlystov/Library/Developer/Xcode/DerivedData/ALADDIN-eahryzmutvtbyceygnlyjsmiiaha/Build/Intermediates.noindex/ALADDIN.build/Debug-iphonesimulator/ALADDIN.build/Objects-normal/x86_64 -swift-version 5 -enforce-exclusivity\=checked -Onone -D DEBUG -new-driver-path /Applications/Xcode.app/Contents/Developer/Toolchains/XcodeDefault.xctoolchain/usr/bin/swift-driver -serialize-debugging-options -Xcc -working-directory -Xcc /Users/sergejhlystov/ALADDIN_NEW/ALADDIN_NEW/mobile_apps/ALADDIN_iOS -resource-dir /Applications/Xcode.app/Contents/Developer/Toolchains/XcodeDefault.xctoolchain/usr/lib/swift -enable-anonymous-context-mangled-names -Xcc -I/Users/sergejhlystov/Library/Developer/Xcode/DerivedData/ALADDIN-eahryzmutvtbyceygnlyjsmiiaha/Build/Intermediates.noindex/ALADDIN.build/Debug-iphonesimulator/ALADDIN.build/swift-overrides.hmap -Xcc -iquote -Xcc /Users/sergejhlystov/Library/Developer/Xcode/DerivedData/ALADDIN-eahryzmutvtbyceygnlyjsmiiaha/Build/Intermediates.noindex/ALADDIN.build/Debug-iphonesimulator/ALADDIN.build/ALADDIN-generated-files.hmap -Xcc -I/Users/sergejhlystov/Library/Developer/Xcode/DerivedData/ALADDIN-eahryzmutvtbyceygnlyjsmiiaha/Build/Intermediates.noindex/ALADDIN.build/Debug-iphonesimulator/ALADDIN.build/ALADDIN-own-target-headers.hmap -Xcc -I/Users/sergejhlystov/Library/Developer/Xcode/DerivedData/ALADDIN-eahryzmutvtbyceygnlyjsmiiaha/Build/Intermediates.noindex/ALADDIN.build/Debug-iphonesimulator/ALADDIN.build/ALADDIN-all-target-headers.hmap -Xcc -iquote -Xcc /Users/sergejhlystov/Library/Developer/Xcode/DerivedData/ALADDIN-eahryzmutvtbyceygnlyjsmiiaha/Build/Intermediates.noindex/ALADDIN.build/Debug-iphonesimulator/ALADDIN.build/ALADDIN-project-headers.hmap -Xcc -I/Users/sergejhlystov/Library/Developer/Xcode/DerivedData/ALADDIN-eahryzmutvtbyceygnlyjsmiiaha/Build/Products/Debug-iphonesimulator/include -Xcc -I/Users/sergejhlystov/Library/Developer/Xcode/DerivedData/ALADDIN-eahryzmutvtbyceygnlyjsmiiaha/Build/Intermediates.noindex/ALADDIN.build/Debug-iphonesimulator/ALADDIN.build/DerivedSources-normal/x86_64 -Xcc -I/Users/sergejhlystov/Library/Developer/Xcode/DerivedData/ALADDIN-eahryzmutvtbyceygnlyjsmiiaha/Build/Intermediates.noindex/ALADDIN.build/Debug-iphonesimulator/ALADDIN.build/DerivedSources/x86_64 -Xcc -I/Users/sergejhlystov/Library/Developer/Xcode/DerivedData/ALADDIN-eahryzmutvtbyceygnlyjsmiiaha/Build/Intermediates.noindex/ALADDIN.build/Debug-iphonesimulator/ALADDIN.build/DerivedSources -Xcc -DDEBUG\=1 -module-name ALADDIN -target-sdk-version 15.2.0 -o /Users/sergejhlystov/Library/Developer/Xcode/DerivedData/ALADDIN-eahryzmutvtbyceygnlyjsmiiaha/Build/Intermediates.noindex/ALADDIN.build/Debug-iphonesimulator/ALADDIN.build/Objects-normal/x86_64/RewardsQuickModal.o -o /Users/sergejhlystov/Library/Developer/Xcode/DerivedData/ALADDIN-eahryzmutvtbyceygnlyjsmiiaha/Build/Intermediates.noindex/ALADDIN.build/Debug-iphonesimulator/ALADDIN.build/Objects-normal/x86_64/08_ChildInterfaceScreen.o -o /Users/sergejhlystov/Library/Developer/Xcode/DerivedData/ALADDIN-eahryzmutvtbyceygnlyjsmiiaha/Build/Intermediates.noindex/ALADDIN.build/Debug-iphonesimulator/ALADDIN.build/Objects-normal/x86_64/ContentView.o -o /Users/sergejhlystov/Library/Developer/Xcode/DerivedData/ALADDIN-eahryzmutvtbyceygnlyjsmiiaha/Build/Intermediates.noindex/ALADDIN.build/Debug-iphonesimulator/ALADDIN.build/Objects-normal/x86_64/ALADDINToggle.o -o /Users/sergejhlystov/Library/Developer/Xcode/DerivedData/ALADDIN-eahryzmutvtbyceygnlyjsmiiaha/Build/Intermediates.noindex/ALADDIN.build/Debug-iphonesimulator/ALADDIN.build/Objects-normal/x86_64/AgeGroupSelectionModal.o -o /Users/sergejhlystov/Library/Developer/Xcode/DerivedData/ALADDIN-eahryzmutvtbyceygnlyjsmiiaha/Build/Intermediates.noindex/ALADDIN.build/Debug-iphonesimulator/ALADDIN.build/Objects-normal/x86_64/ALADDINApp.o -o /Users/sergejhlystov/Library/Developer/Xcode/DerivedData/ALADDIN-eahryzmutvtbyceygnlyjsmiiaha/Build/Intermediates.noindex/ALADDIN.build/Debug-iphonesimulator/ALADDIN.build/Objects-normal/x86_64/FunctionStatus.o -o /Users/sergejhlystov/Library/Developer/Xcode/DerivedData/ALADDIN-eahryzmutvtbyceygnlyjsmiiaha/Build/Intermediates.noindex/ALADDIN.build/Debug-iphonesimulator/ALADDIN.build/Objects-normal/x86_64/MainViewModel.o -o /Users/sergejhlystov/Library/Developer/Xcode/DerivedData/ALADDIN-eahryzmutvtbyceygnlyjsmiiaha/Build/Intermediates.noindex/ALADDIN.build/Debug-iphonesimulator/ALADDIN.build/Objects-normal/x86_64/PrimaryButton.o -o /Users/sergejhlystov/Library/Developer/Xcode/DerivedData/ALADDIN-eahryzmutvtbyceygnlyjsmiiaha/Build/Intermediates.noindex/ALADDIN.build/Debug-iphonesimulator/ALADDIN.build/Objects-normal/x86_64/NotificationSettingsScreen.o -o /Users/sergejhlystov/Library/Developer/Xcode/DerivedData/ALADDIN-eahryzmutvtbyceygnlyjsmiiaha/Build/Intermediates.noindex/ALADDIN.build/Debug-iphonesimulator/ALADDIN.build/Objects-normal/x86_64/ChildContentScreen.o -o /Users/sergejhlystov/Library/Developer/Xcode/DerivedData/ALADDIN-eahryzmutvtbyceygnlyjsmiiaha/Build/Intermediates.noindex/ALADDIN.build/Debug-iphonesimulator/ALADDIN.build/Objects-normal/x86_64/StatItem.o -index-store-path /Users/sergejhlystov/Library/Developer/Xcode/DerivedData/ALADDIN-eahryzmutvtbyceygnlyjsmiiaha/Index/DataStore -index-system-modules
/Users/sergejhlystov/ALADDIN_NEW/ALADDIN_NEW/mobile_apps/ALADDIN_iOS/ALADDINApp.swift:112:6: error: invalid redeclaration of 'FamilyRole'
enum FamilyRole: String {
     ^
/Users/sergejhlystov/ALADDIN_NEW/ALADDIN_NEW/mobile_apps/ALADDIN_iOS/ViewModels/FamilyRegistrationViewModel.swift:6:6: note: 'FamilyRole' previously declared here
enum FamilyRole: String, Codable, CaseIterable, Identifiable {
     ^
/Users/sergejhlystov/Library/Developer/Xcode/DerivedData/ALADDIN-eahryzmutvtbyceygnlyjsmiiaha/Build/Intermediates.noindex/ALADDIN.build/Debug-iphonesimulator/ALADDIN.build/Objects-normal/x86_64/StatItem.dia:1:1: warning: Could not read serialized diagnostics file: error("Invalid diagnostics signature") (in target 'ALADDIN' from project 'ALADDIN')
Command CompileSwift failed with a nonzero exit code

CompileSwift normal x86_64 /Users/sergejhlystov/ALADDIN_NEW/ALADDIN_NEW/mobile_apps/ALADDIN_iOS/Shared/Components/InfoRow.swift (in target 'ALADDIN' from project 'ALADDIN')
    cd /Users/sergejhlystov/ALADDIN_NEW/ALADDIN_NEW/mobile_apps/ALADDIN_iOS
    /Applications/Xcode.app/Contents/Developer/Toolchains/XcodeDefault.xctoolchain/usr/bin/swift-frontend -frontend -c /Users/sergejhlystov/ALADDIN_NEW/ALADDIN_NEW/mobile_apps/ALADDIN_iOS/Screens/RewardsQuickModal.swift /Users/sergejhlystov/ALADDIN_NEW/ALADDIN_NEW/mobile_apps/ALADDIN_iOS/Screens/08_ChildInterfaceScreen.swift /Users/sergejhlystov/ALADDIN_NEW/ALADDIN_NEW/mobile_apps/ALADDIN_iOS/ContentView.swift /Users/sergejhlystov/ALADDIN_NEW/ALADDIN_NEW/mobile_apps/ALADDIN_iOS/Shared/Components/ALADDINToggle.swift /Users/sergejhlystov/ALADDIN_NEW/ALADDIN_NEW/mobile_apps/ALADDIN_iOS/Components/Modals/AgeGroupSelectionModal.swift /Users/sergejhlystov/ALADDIN_NEW/ALADDIN_NEW/mobile_apps/ALADDIN_iOS/ALADDINApp.swift /Users/sergejhlystov/ALADDIN_NEW/ALADDIN_NEW/mobile_apps/ALADDIN_iOS/Shared/Models/FunctionStatus.swift /Users/sergejhlystov/ALADDIN_NEW/ALADDIN_NEW/mobile_apps/ALADDIN_iOS/ViewModels/MainViewModel.swift /Users/sergejhlystov/ALADDIN_NEW/ALADDIN_NEW/mobile_apps/ALADDIN_iOS/Shared/Components/Buttons/PrimaryButton.swift /Users/sergejhlystov/ALADDIN_NEW/ALADDIN_NEW/mobile_apps/ALADDIN_iOS/Screens/NotificationSettingsScreen.swift /Users/sergejhlystov/ALADDIN_NEW/ALADDIN_NEW/mobile_apps/ALADDIN_iOS/Screens/ChildContentScreen.swift /Users/sergejhlystov/ALADDIN_NEW/ALADDIN_NEW/mobile_apps/ALADDIN_iOS/Shared/Components/StatItem.swift /Users/sergejhlystov/ALADDIN_NEW/ALADDIN_NEW/mobile_apps/ALADDIN_iOS/Shared/Components/Cards/FamilyMemberCard.swift /Users/sergejhlystov/ALADDIN_NEW/ALADDIN_NEW/mobile_apps/ALADDIN_iOS/ViewModels/VPNViewModel.swift /Users/sergejhlystov/ALADDIN_NEW/ALADDIN_NEW/mobile_apps/ALADDIN_iOS/Core/Models/APIModels.swift /Users/sergejhlystov/ALADDIN_NEW/ALADDIN_NEW/mobile_apps/ALADDIN_iOS/Core/VPN/VPNManager.swift /Users/sergejhlystov/ALADDIN_NEW/ALADDIN_NEW/mobile_apps/ALADDIN_iOS/Screens/UnicornPetView.swift /Users/sergejhlystov/ALADDIN_NEW/ALADDIN_NEW/mobile_apps/ALADDIN_iOS/Core/Network/APIService.swift /Users/sergejhlystov/ALADDIN_NEW/ALADDIN_NEW/mobile_apps/ALADDIN_iOS/Screens/18_PrivacyPolicyScreen.swift /Users/sergejhlystov/ALADDIN_NEW/ALADDIN_NEW/mobile_apps/ALADDIN_iOS/Screens/10_TariffsScreen.swift /Users/sergejhlystov/ALADDIN_NEW/ALADDIN_NEW/mobile_apps/ALADDIN_iOS/Screens/03_VPNScreen.swift /Users/sergejhlystov/ALADDIN_NEW/ALADDIN_NEW/mobile_apps/ALADDIN_iOS/Screens/09_ElderlyInterfaceScreen.swift /Users/sergejhlystov/ALADDIN_NEW/ALADDIN_NEW/mobile_apps/ALADDIN_iOS/Shared/Components/SecondaryButton.swift /Users/sergejhlystov/ALADDIN_NEW/ALADDIN_NEW/mobile_apps/ALADDIN_iOS/Screens/11_ProfileScreen.swift /Users/sergejhlystov/ALADDIN_NEW/ALADDIN_NEW/mobile_apps/ALADDIN_iOS/Core/Network/NetworkManager.swift /Users/sergejhlystov/ALADDIN_NEW/ALADDIN_NEW/mobile_apps/ALADDIN_iOS/Screens/19_TermsOfServiceScreen.swift /Users/sergejhlystov/ALADDIN_NEW/ALADDIN_NEW/mobile_apps/ALADDIN_iOS/Core/Config/AppConfig.swift /Users/sergejhlystov/ALADDIN_NEW/ALADDIN_NEW/mobile_apps/ALADDIN_iOS/ViewModels/FamilyViewModel.swift /Users/sergejhlystov/ALADDIN_NEW/ALADDIN_NEW/mobile_apps/ALADDIN_iOS/ViewModels/AIAssistantViewModel.swift /Users/sergejhlystov/ALADDIN_NEW/ALADDIN_NEW/mobile_apps/ALADDIN_iOS/Screens/22_DeviceDetailScreen.swift /Users/sergejhlystov/ALADDIN_NEW/ALADDIN_NEW/mobile_apps/ALADDIN_iOS/Screens/WidgetConfigurationScreen.swift /Users/sergejhlystov/ALADDIN_NEW/ALADDIN_NEW/mobile_apps/ALADDIN_iOS/Core/Security/KeychainManager.swift /Users/sergejhlystov/ALADDIN_NEW/ALADDIN_NEW/mobile_apps/ALADDIN_iOS/Shared/Components/Modals/MemberStatsModalView.swift /Users/sergejhlystov/ALADDIN_NEW/ALADDIN_NEW/mobile_apps/ALADDIN_iOS/Shared/Styles/Spacing.swift /Users/sergejhlystov/ALADDIN_NEW/ALADDIN_NEW/mobile_apps/ALADDIN_iOS/Shared/Components/RecoveryOptionsModal.swift /Users/sergejhlystov/ALADDIN_NEW/ALADDIN_NEW/mobile_apps/ALADDIN_iOS/ViewModels/SettingsViewModel.swift -primary-file /Users/sergejhlystov/ALADDIN_NEW/ALADDIN_NEW/mobile_apps/ALADDIN_iOS/Shared/Components/InfoRow.swift -primary-file /Users/sergejhlystov/ALADDIN_NEW/ALADDIN_NEW/mobile_apps/ALADDIN_iOS/Screens/25_PaymentQRScreen.swift -primary-file /Users/sergejhlystov/ALADDIN_NEW/ALADDIN_NEW/mobile_apps/ALADDIN_iOS/Shared/Components/Modals/RoleSelectionModal.swift -primary-file /Users/sergejhlystov/ALADDIN_NEW/ALADDIN_NEW/mobile_apps/ALADDIN_iOS/ViewModels/SupportViewModel.swift -primary-file /Users/sergejhlystov/ALADDIN_NEW/ALADDIN_NEW/mobile_apps/ALADDIN_iOS/ViewModels/ChildInterfaceViewModel.swift -primary-file /Users/sergejhlystov/ALADDIN_NEW/ALADDIN_NEW/mobile_apps/ALADDIN_iOS/Screens/12_NotificationsScreen.swift -primary-file /Users/sergejhlystov/ALADDIN_NEW/ALADDIN_NEW/mobile_apps/ALADDIN_iOS/ViewModels/ElderlyInterfaceViewModel.swift -primary-file /Users/sergejhlystov/ALADDIN_NEW/ALADDIN_NEW/mobile_apps/ALADDIN_iOS/ViewModels/AnalyticsViewModel.swift -primary-file /Users/sergejhlystov/ALADDIN_NEW/ALADDIN_NEW/mobile_apps/ALADDIN_iOS/Core/Cache/CacheManager.swift -primary-file /Users/sergejhlystov/ALADDIN_NEW/ALADDIN_NEW/mobile_apps/ALADDIN_iOS/ViewModels/NotificationsViewModel.swift -primary-file /Users/sergejhlystov/ALADDIN_NEW/ALADDIN_NEW/mobile_apps/ALADDIN_iOS/Screens/06_AIAssistantScreen.swift /Users/sergejhlystov/ALADDIN_NEW/ALADDIN_NEW/mobile_apps/ALADDIN_iOS/ViewModels/ProfileViewModel.swift /Users/sergejhlystov/ALADDIN_NEW/ALADDIN_NEW/mobile_apps/ALADDIN_iOS/Components/Modals/ConsentModal.swift /Users/sergejhlystov/ALADDIN_NEW/ALADDIN_NEW/mobile_apps/ALADDIN_iOS/ViewModels/ParentalControlViewModel.swift /Users/sergejhlystov/ALADDIN_NEW/ALADDIN_NEW/mobile_apps/ALADDIN_iOS/ViewModels/OnboardingViewModel.swift /Users/sergejhlystov/ALADDIN_NEW/ALADDIN_NEW/mobile_apps/ALADDIN_iOS/Shared/Styles/Colors.swift /Users/sergejhlystov/ALADDIN_NEW/ALADDIN_NEW/mobile_apps/ALADDIN_iOS/Screens/ChildRewardsScreen.swift /Users/sergejhlystov/ALADDIN_NEW/ALADDIN_NEW/mobile_apps/ALADDIN_iOS/Screens/21_ReferralScreen.swift /Users/sergejhlystov/ALADDIN_NEW/ALADDIN_NEW/mobile_apps/ALADDIN_iOS/Shared/Components/AvatarSelector.swift /Users/sergejhlystov/ALADDIN_NEW/ALADDIN_NEW/mobile_apps/ALADDIN_iOS/Shared/Components/Navigation/ALADDINNavigationBar.swift /Users/sergejhlystov/ALADDIN_NEW/ALADDIN_NEW/mobile_apps/ALADDIN_iOS/Screens/14_OnboardingScreen.swift /Users/sergejhlystov/ALADDIN_NEW/ALADDIN_NEW/mobile_apps/ALADDIN_iOS/Components/Modals/FamilyCreatedModal.swift /Users/sergejhlystov/ALADDIN_NEW/ALADDIN_NEW/mobile_apps/ALADDIN_iOS/ViewModels/PaymentQRViewModel.swift /Users/sergejhlystov/ALADDIN_NEW/ALADDIN_NEW/mobile_apps/ALADDIN_iOS/Core/Navigation/NavigationManager.swift /Users/sergejhlystov/ALADDIN_NEW/ALADDIN_NEW/mobile_apps/ALADDIN_iOS/Core/Accessibility/AccessibilityManager.swift /Users/sergejhlystov/ALADDIN_NEW/ALADDIN_NEW/mobile_apps/ALADDIN_iOS/Core/Store/StoreManager.swift /Users/sergejhlystov/ALADDIN_NEW/ALADDIN_NEW/mobile_apps/ALADDIN_iOS/Screens/WheelOfFortuneView.swift /Users/sergejhlystov/ALADDIN_NEW/ALADDIN_NEW/mobile_apps/ALADDIN_iOS/Screens/UnicornUniverseView.swift /Users/sergejhlystov/ALADDIN_NEW/ALADDIN_NEW/mobile_apps/ALADDIN_iOS/Core/Localization/LocalizationManager.swift /Users/sergejhlystov/ALADDIN_NEW/ALADDIN_NEW/mobile_apps/ALADDIN_iOS/Screens/13_SupportScreen.swift /Users/sergejhlystov/ALADDIN_NEW/ALADDIN_NEW/mobile_apps/ALADDIN_iOS/Core/Analytics/AnalyticsManager.swift /Users/sergejhlystov/ALADDIN_NEW/ALADDIN_NEW/mobile_apps/ALADDIN_iOS/Screens/07_ParentalControlScreen.swift /Users/sergejhlystov/ALADDIN_NEW/ALADDIN_NEW/mobile_apps/ALADDIN_iOS/Screens/05_SettingsScreen.swift /Users/sergejhlystov/ALADDIN_NEW/ALADDIN_NEW/mobile_apps/ALADDIN_iOS/Screens/RewardsModalView.swift /Users/sergejhlystov/ALADDIN_NEW/ALADDIN_NEW/mobile_apps/ALADDIN_iOS/Screens/23_FamilyChatScreen.swift /Users/sergejhlystov/ALADDIN_NEW/ALADDIN_NEW/mobile_apps/ALADDIN_iOS/Screens/02_FamilyScreen.swift /Users/sergejhlystov/ALADDIN_NEW/ALADDIN_NEW/mobile_apps/ALADDIN_iOS/Screens/20_DevicesScreen.swift /Users/sergejhlystov/ALADDIN_NEW/ALADDIN_NEW/mobile_apps/ALADDIN_iOS/Shared/Components/ViewModifiers.swift /Users/sergejhlystov/ALADDIN_NEW/ALADDIN_NEW/mobile_apps/ALADDIN_iOS/Shared/Components/HapticFeedback.swift /Users/sergejhlystov/ALADDIN_NEW/ALADDIN_NEW/mobile_apps/ALADDIN_iOS/Screens/MainScreenWithRegistration.swift /Users/sergejhlystov/ALADDIN_NEW/ALADDIN_NEW/mobile_apps/ALADDIN_iOS/Core/Network/NetworkError.swift /Users/sergejhlystov/ALADDIN_NEW/ALADDIN_NEW/mobile_apps/ALADDIN_iOS/Screens/LanguageSettingsScreen.swift /Users/sergejhlystov/ALADDIN_NEW/ALADDIN_NEW/mobile_apps/ALADDIN_iOS/ViewModels/FamilyRegistrationViewModel.swift /Users/sergejhlystov/ALADDIN_NEW/ALADDIN_NEW/mobile_apps/ALADDIN_iOS/Shared/Styles/CornerRadius.swift /Users/sergejhlystov/ALADDIN_NEW/ALADDIN_NEW/mobile_apps/ALADDIN_iOS/Screens/01_MainScreen.swift /Users/sergejhlystov/ALADDIN_NEW/ALADDIN_NEW/mobile_apps/ALADDIN_iOS/Screens/FamilyTournamentView.swift /Users/sergejhlystov/ALADDIN_NEW/ALADDIN_NEW/mobile_apps/ALADDIN_iOS/Shared/Styles/Fonts.swift /Users/sergejhlystov/ALADDIN_NEW/ALADDIN_NEW/mobile_apps/ALADDIN_iOS/Screens/GamesParentalControlView.swift /Users/sergejhlystov/ALADDIN_NEW/ALADDIN_NEW/mobile_apps/ALADDIN_iOS/Shared/Components/QRScannerModal.swift /Users/sergejhlystov/ALADDIN_NEW/ALADDIN_NEW/mobile_apps/ALADDIN_iOS/Screens/04_AnalyticsScreen.swift /Users/sergejhlystov/ALADDIN_NEW/ALADDIN_NEW/mobile_apps/ALADDIN_iOS/Screens/24_VPNEnergyStatsScreen.swift /Users/sergejhlystov/ALADDIN_NEW/ALADDIN_NEW/mobile_apps/ALADDIN_iOS/Shared/Components/Modals/ProfileEditView.swift /Users/sergejhlystov/ALADDIN_NEW/ALADDIN_NEW/mobile_apps/ALADDIN_iOS/ViewModels/TariffsViewModel.swift /Users/sergejhlystov/ALADDIN_NEW/ALADDIN_NEW/mobile_apps/ALADDIN_iOS/Core/Notifications/NotificationManager.swift /Users/sergejhlystov/ALADDIN_NEW/ALADDIN_NEW/mobile_apps/ALADDIN_iOS/Core/Security/SecurityManager.swift -supplementary-output-file-map /var/folders/rf/6rxcyql17sz57_02ng7jd7pr0000gn/T/TemporaryDirectory.wFGpdC/supplementaryOutputs-4 -target x86_64-apple-ios15.0-simulator -enable-objc-interop -sdk /Applications/Xcode.app/Contents/Developer/Platforms/iPhoneSimulator.platform/Developer/SDKs/iPhoneSimulator15.2.sdk -I /Users/sergejhlystov/Library/Developer/Xcode/DerivedData/ALADDIN-eahryzmutvtbyceygnlyjsmiiaha/Build/Products/Debug-iphonesimulator -F /Users/sergejhlystov/Library/Developer/Xcode/DerivedData/ALADDIN-eahryzmutvtbyceygnlyjsmiiaha/Build/Products/Debug-iphonesimulator -enable-testing -g -module-cache-path /Users/sergejhlystov/Library/Developer/Xcode/DerivedData/ModuleCache.noindex -emit-localized-strings -emit-localized-strings-path /Users/sergejhlystov/Library/Developer/Xcode/DerivedData/ALADDIN-eahryzmutvtbyceygnlyjsmiiaha/Build/Intermediates.noindex/ALADDIN.build/Debug-iphonesimulator/ALADDIN.build/Objects-normal/x86_64 -swift-version 5 -enforce-exclusivity\=checked -Onone -D DEBUG -new-driver-path /Applications/Xcode.app/Contents/Developer/Toolchains/XcodeDefault.xctoolchain/usr/bin/swift-driver -serialize-debugging-options -Xcc -working-directory -Xcc /Users/sergejhlystov/ALADDIN_NEW/ALADDIN_NEW/mobile_apps/ALADDIN_iOS -resource-dir /Applications/Xcode.app/Contents/Developer/Toolchains/XcodeDefault.xctoolchain/usr/lib/swift -enable-anonymous-context-mangled-names -Xcc -I/Users/sergejhlystov/Library/Developer/Xcode/DerivedData/ALADDIN-eahryzmutvtbyceygnlyjsmiiaha/Build/Intermediates.noindex/ALADDIN.build/Debug-iphonesimulator/ALADDIN.build/swift-overrides.hmap -Xcc -iquote -Xcc /Users/sergejhlystov/Library/Developer/Xcode/DerivedData/ALADDIN-eahryzmutvtbyceygnlyjsmiiaha/Build/Intermediates.noindex/ALADDIN.build/Debug-iphonesimulator/ALADDIN.build/ALADDIN-generated-files.hmap -Xcc -I/Users/sergejhlystov/Library/Developer/Xcode/DerivedData/ALADDIN-eahryzmutvtbyceygnlyjsmiiaha/Build/Intermediates.noindex/ALADDIN.build/Debug-iphonesimulator/ALADDIN.build/ALADDIN-own-target-headers.hmap -Xcc -I/Users/sergejhlystov/Library/Developer/Xcode/DerivedData/ALADDIN-eahryzmutvtbyceygnlyjsmiiaha/Build/Intermediates.noindex/ALADDIN.build/Debug-iphonesimulator/ALADDIN.build/ALADDIN-all-target-headers.hmap -Xcc -iquote -Xcc /Users/sergejhlystov/Library/Developer/Xcode/DerivedData/ALADDIN-eahryzmutvtbyceygnlyjsmiiaha/Build/Intermediates.noindex/ALADDIN.build/Debug-iphonesimulator/ALADDIN.build/ALADDIN-project-headers.hmap -Xcc -I/Users/sergejhlystov/Library/Developer/Xcode/DerivedData/ALADDIN-eahryzmutvtbyceygnlyjsmiiaha/Build/Products/Debug-iphonesimulator/include -Xcc -I/Users/sergejhlystov/Library/Developer/Xcode/DerivedData/ALADDIN-eahryzmutvtbyceygnlyjsmiiaha/Build/Intermediates.noindex/ALADDIN.build/Debug-iphonesimulator/ALADDIN.build/DerivedSources-normal/x86_64 -Xcc -I/Users/sergejhlystov/Library/Developer/Xcode/DerivedData/ALADDIN-eahryzmutvtbyceygnlyjsmiiaha/Build/Intermediates.noindex/ALADDIN.build/Debug-iphonesimulator/ALADDIN.build/DerivedSources/x86_64 -Xcc -I/Users/sergejhlystov/Library/Developer/Xcode/DerivedData/ALADDIN-eahryzmutvtbyceygnlyjsmiiaha/Build/Intermediates.noindex/ALADDIN.build/Debug-iphonesimulator/ALADDIN.build/DerivedSources -Xcc -DDEBUG\=1 -module-name ALADDIN -target-sdk-version 15.2.0 -o /Users/sergejhlystov/Library/Developer/Xcode/DerivedData/ALADDIN-eahryzmutvtbyceygnlyjsmiiaha/Build/Intermediates.noindex/ALADDIN.build/Debug-iphonesimulator/ALADDIN.build/Objects-normal/x86_64/InfoRow.o -o /Users/sergejhlystov/Library/Developer/Xcode/DerivedData/ALADDIN-eahryzmutvtbyceygnlyjsmiiaha/Build/Intermediates.noindex/ALADDIN.build/Debug-iphonesimulator/ALADDIN.build/Objects-normal/x86_64/25_PaymentQRScreen.o -o /Users/sergejhlystov/Library/Developer/Xcode/DerivedData/ALADDIN-eahryzmutvtbyceygnlyjsmiiaha/Build/Intermediates.noindex/ALADDIN.build/Debug-iphonesimulator/ALADDIN.build/Objects-normal/x86_64/RoleSelectionModal.o -o /Users/sergejhlystov/Library/Developer/Xcode/DerivedData/ALADDIN-eahryzmutvtbyceygnlyjsmiiaha/Build/Intermediates.noindex/ALADDIN.build/Debug-iphonesimulator/ALADDIN.build/Objects-normal/x86_64/SupportViewModel.o -o /Users/sergejhlystov/Library/Developer/Xcode/DerivedData/ALADDIN-eahryzmutvtbyceygnlyjsmiiaha/Build/Intermediates.noindex/ALADDIN.build/Debug-iphonesimulator/ALADDIN.build/Objects-normal/x86_64/ChildInterfaceViewModel.o -o /Users/sergejhlystov/Library/Developer/Xcode/DerivedData/ALADDIN-eahryzmutvtbyceygnlyjsmiiaha/Build/Intermediates.noindex/ALADDIN.build/Debug-iphonesimulator/ALADDIN.build/Objects-normal/x86_64/12_NotificationsScreen.o -o /Users/sergejhlystov/Library/Developer/Xcode/DerivedData/ALADDIN-eahryzmutvtbyceygnlyjsmiiaha/Build/Intermediates.noindex/ALADDIN.build/Debug-iphonesimulator/ALADDIN.build/Objects-normal/x86_64/ElderlyInterfaceViewModel.o -o /Users/sergejhlystov/Library/Developer/Xcode/DerivedData/ALADDIN-eahryzmutvtbyceygnlyjsmiiaha/Build/Intermediates.noindex/ALADDIN.build/Debug-iphonesimulator/ALADDIN.build/Objects-normal/x86_64/AnalyticsViewModel.o -o /Users/sergejhlystov/Library/Developer/Xcode/DerivedData/ALADDIN-eahryzmutvtbyceygnlyjsmiiaha/Build/Intermediates.noindex/ALADDIN.build/Debug-iphonesimulator/ALADDIN.build/Objects-normal/x86_64/CacheManager.o -o /Users/sergejhlystov/Library/Developer/Xcode/DerivedData/ALADDIN-eahryzmutvtbyceygnlyjsmiiaha/Build/Intermediates.noindex/ALADDIN.build/Debug-iphonesimulator/ALADDIN.build/Objects-normal/x86_64/NotificationsViewModel.o -o /Users/sergejhlystov/Library/Developer/Xcode/DerivedData/ALADDIN-eahryzmutvtbyceygnlyjsmiiaha/Build/Intermediates.noindex/ALADDIN.build/Debug-iphonesimulator/ALADDIN.build/Objects-normal/x86_64/06_AIAssistantScreen.o -index-store-path /Users/sergejhlystov/Library/Developer/Xcode/DerivedData/ALADDIN-eahryzmutvtbyceygnlyjsmiiaha/Index/DataStore -index-system-modules
/Users/sergejhlystov/ALADDIN_NEW/ALADDIN_NEW/mobile_apps/ALADDIN_iOS/Shared/Components/Modals/RoleSelectionModal.swift:13:38: error: 'FamilyRole' is ambiguous for type lookup in this context
    @State private var selectedRole: FamilyRole = .parent
                                     ^~~~~~~~~~
/Users/sergejhlystov/ALADDIN_NEW/ALADDIN_NEW/mobile_apps/ALADDIN_iOS/ALADDINApp.swift:112:6: note: found this candidate
enum FamilyRole: String {
     ^
/Users/sergejhlystov/ALADDIN_NEW/ALADDIN_NEW/mobile_apps/ALADDIN_iOS/ViewModels/FamilyRegistrationViewModel.swift:6:6: note: found this candidate
enum FamilyRole: String, Codable, CaseIterable, Identifiable {
     ^
/Users/sergejhlystov/ALADDIN_NEW/ALADDIN_NEW/mobile_apps/ALADDIN_iOS/Shared/Components/Modals/RoleSelectionModal.swift:14:26: error: 'FamilyRole' is ambiguous for type lookup in this context
    let onRoleSelected: (FamilyRole) -> Void
                         ^~~~~~~~~~
/Users/sergejhlystov/ALADDIN_NEW/ALADDIN_NEW/mobile_apps/ALADDIN_iOS/ALADDINApp.swift:112:6: note: found this candidate
enum FamilyRole: String {
     ^
/Users/sergejhlystov/ALADDIN_NEW/ALADDIN_NEW/mobile_apps/ALADDIN_iOS/ViewModels/FamilyRegistrationViewModel.swift:6:6: note: found this candidate
enum FamilyRole: String, Codable, CaseIterable, Identifiable {
     ^
/Users/sergejhlystov/ALADDIN_NEW/ALADDIN_NEW/mobile_apps/ALADDIN_iOS/Shared/Components/Modals/RoleSelectionModal.swift:18:33: error: 'FamilyRole' is ambiguous for type lookup in this context
    private func icon(for role: FamilyRole) -> String {
                                ^~~~~~~~~~
/Users/sergejhlystov/ALADDIN_NEW/ALADDIN_NEW/mobile_apps/ALADDIN_iOS/ALADDINApp.swift:112:6: note: found this candidate
enum FamilyRole: String {
     ^
/Users/sergejhlystov/ALADDIN_NEW/ALADDIN_NEW/mobile_apps/ALADDIN_iOS/ViewModels/FamilyRegistrationViewModel.swift:6:6: note: found this candidate
enum FamilyRole: String, Codable, CaseIterable, Identifiable {
     ^
/Users/sergejhlystov/ALADDIN_NEW/ALADDIN_NEW/mobile_apps/ALADDIN_iOS/Shared/Components/Modals/RoleSelectionModal.swift:27:40: error: 'FamilyRole' is ambiguous for type lookup in this context
    private func description(for role: FamilyRole) -> String {
                                       ^~~~~~~~~~
/Users/sergejhlystov/ALADDIN_NEW/ALADDIN_NEW/mobile_apps/ALADDIN_iOS/ALADDINApp.swift:112:6: note: found this candidate
enum FamilyRole: String {
     ^
/Users/sergejhlystov/ALADDIN_NEW/ALADDIN_NEW/mobile_apps/ALADDIN_iOS/ViewModels/FamilyRegistrationViewModel.swift:6:6: note: found this candidate
enum FamilyRole: String, Codable, CaseIterable, Identifiable {
     ^
/Users/sergejhlystov/ALADDIN_NEW/ALADDIN_NEW/mobile_apps/ALADDIN_iOS/Shared/Components/Modals/RoleSelectionModal.swift:85:15: error: 'FamilyRole' is ambiguous for type lookup in this context
    let role: FamilyRole
              ^~~~~~~~~~
/Users/sergejhlystov/ALADDIN_NEW/ALADDIN_NEW/mobile_apps/ALADDIN_iOS/ALADDINApp.swift:112:6: note: found this candidate
enum FamilyRole: String {
     ^
/Users/sergejhlystov/ALADDIN_NEW/ALADDIN_NEW/mobile_apps/ALADDIN_iOS/ViewModels/FamilyRegistrationViewModel.swift:6:6: note: found this candidate
enum FamilyRole: String, Codable, CaseIterable, Identifiable {
     ^
/Users/sergejhlystov/ALADDIN_NEW/ALADDIN_NEW/mobile_apps/ALADDIN_iOS/Shared/Components/Modals/RoleSelectionModal.swift:89:33: error: 'FamilyRole' is ambiguous for type lookup in this context
    private func icon(for role: FamilyRole) -> String {
                                ^~~~~~~~~~
/Users/sergejhlystov/ALADDIN_NEW/ALADDIN_NEW/mobile_apps/ALADDIN_iOS/ALADDINApp.swift:112:6: note: found this candidate
enum FamilyRole: String {
     ^
/Users/sergejhlystov/ALADDIN_NEW/ALADDIN_NEW/mobile_apps/ALADDIN_iOS/ViewModels/FamilyRegistrationViewModel.swift:6:6: note: found this candidate
enum FamilyRole: String, Codable, CaseIterable, Identifiable {
     ^
/Users/sergejhlystov/ALADDIN_NEW/ALADDIN_NEW/mobile_apps/ALADDIN_iOS/Shared/Components/Modals/RoleSelectionModal.swift:98:40: error: 'FamilyRole' is ambiguous for type lookup in this context
    private func description(for role: FamilyRole) -> String {
                                       ^~~~~~~~~~
/Users/sergejhlystov/ALADDIN_NEW/ALADDIN_NEW/mobile_apps/ALADDIN_iOS/ALADDINApp.swift:112:6: note: found this candidate
enum FamilyRole: String {
     ^
/Users/sergejhlystov/ALADDIN_NEW/ALADDIN_NEW/mobile_apps/ALADDIN_iOS/ViewModels/FamilyRegistrationViewModel.swift:6:6: note: found this candidate
enum FamilyRole: String, Codable, CaseIterable, Identifiable {
     ^
/Users/sergejhlystov/Library/Developer/Xcode/DerivedData/ALADDIN-eahryzmutvtbyceygnlyjsmiiaha/Build/Intermediates.noindex/ALADDIN.build/Debug-iphonesimulator/ALADDIN.build/Objects-normal/x86_64/InfoRow.dia:1:1: warning: Could not read serialized diagnostics file: error("Invalid diagnostics signature") (in target 'ALADDIN' from project 'ALADDIN')
Command CompileSwift failed with a nonzero exit code

CompileSwift normal x86_64 /Users/sergejhlystov/ALADDIN_NEW/ALADDIN_NEW/mobile_apps/ALADDIN_iOS/Screens/25_PaymentQRScreen.swift (in target 'ALADDIN' from project 'ALADDIN')
    cd /Users/sergejhlystov/ALADDIN_NEW/ALADDIN_NEW/mobile_apps/ALADDIN_iOS
    /Applications/Xcode.app/Contents/Developer/Toolchains/XcodeDefault.xctoolchain/usr/bin/swift-frontend -frontend -c /Users/sergejhlystov/ALADDIN_NEW/ALADDIN_NEW/mobile_apps/ALADDIN_iOS/Screens/RewardsQuickModal.swift /Users/sergejhlystov/ALADDIN_NEW/ALADDIN_NEW/mobile_apps/ALADDIN_iOS/Screens/08_ChildInterfaceScreen.swift /Users/sergejhlystov/ALADDIN_NEW/ALADDIN_NEW/mobile_apps/ALADDIN_iOS/ContentView.swift /Users/sergejhlystov/ALADDIN_NEW/ALADDIN_NEW/mobile_apps/ALADDIN_iOS/Shared/Components/ALADDINToggle.swift /Users/sergejhlystov/ALADDIN_NEW/ALADDIN_NEW/mobile_apps/ALADDIN_iOS/Components/Modals/AgeGroupSelectionModal.swift /Users/sergejhlystov/ALADDIN_NEW/ALADDIN_NEW/mobile_apps/ALADDIN_iOS/ALADDINApp.swift /Users/sergejhlystov/ALADDIN_NEW/ALADDIN_NEW/mobile_apps/ALADDIN_iOS/Shared/Models/FunctionStatus.swift /Users/sergejhlystov/ALADDIN_NEW/ALADDIN_NEW/mobile_apps/ALADDIN_iOS/ViewModels/MainViewModel.swift /Users/sergejhlystov/ALADDIN_NEW/ALADDIN_NEW/mobile_apps/ALADDIN_iOS/Shared/Components/Buttons/PrimaryButton.swift /Users/sergejhlystov/ALADDIN_NEW/ALADDIN_NEW/mobile_apps/ALADDIN_iOS/Screens/NotificationSettingsScreen.swift /Users/sergejhlystov/ALADDIN_NEW/ALADDIN_NEW/mobile_apps/ALADDIN_iOS/Screens/ChildContentScreen.swift /Users/sergejhlystov/ALADDIN_NEW/ALADDIN_NEW/mobile_apps/ALADDIN_iOS/Shared/Components/StatItem.swift /Users/sergejhlystov/ALADDIN_NEW/ALADDIN_NEW/mobile_apps/ALADDIN_iOS/Shared/Components/Cards/FamilyMemberCard.swift /Users/sergejhlystov/ALADDIN_NEW/ALADDIN_NEW/mobile_apps/ALADDIN_iOS/ViewModels/VPNViewModel.swift /Users/sergejhlystov/ALADDIN_NEW/ALADDIN_NEW/mobile_apps/ALADDIN_iOS/Core/Models/APIModels.swift /Users/sergejhlystov/ALADDIN_NEW/ALADDIN_NEW/mobile_apps/ALADDIN_iOS/Core/VPN/VPNManager.swift /Users/sergejhlystov/ALADDIN_NEW/ALADDIN_NEW/mobile_apps/ALADDIN_iOS/Screens/UnicornPetView.swift /Users/sergejhlystov/ALADDIN_NEW/ALADDIN_NEW/mobile_apps/ALADDIN_iOS/Core/Network/APIService.swift /Users/sergejhlystov/ALADDIN_NEW/ALADDIN_NEW/mobile_apps/ALADDIN_iOS/Screens/18_PrivacyPolicyScreen.swift /Users/sergejhlystov/ALADDIN_NEW/ALADDIN_NEW/mobile_apps/ALADDIN_iOS/Screens/10_TariffsScreen.swift /Users/sergejhlystov/ALADDIN_NEW/ALADDIN_NEW/mobile_apps/ALADDIN_iOS/Screens/03_VPNScreen.swift /Users/sergejhlystov/ALADDIN_NEW/ALADDIN_NEW/mobile_apps/ALADDIN_iOS/Screens/09_ElderlyInterfaceScreen.swift /Users/sergejhlystov/ALADDIN_NEW/ALADDIN_NEW/mobile_apps/ALADDIN_iOS/Shared/Components/SecondaryButton.swift /Users/sergejhlystov/ALADDIN_NEW/ALADDIN_NEW/mobile_apps/ALADDIN_iOS/Screens/11_ProfileScreen.swift /Users/sergejhlystov/ALADDIN_NEW/ALADDIN_NEW/mobile_apps/ALADDIN_iOS/Core/Network/NetworkManager.swift /Users/sergejhlystov/ALADDIN_NEW/ALADDIN_NEW/mobile_apps/ALADDIN_iOS/Screens/19_TermsOfServiceScreen.swift /Users/sergejhlystov/ALADDIN_NEW/ALADDIN_NEW/mobile_apps/ALADDIN_iOS/Core/Config/AppConfig.swift /Users/sergejhlystov/ALADDIN_NEW/ALADDIN_NEW/mobile_apps/ALADDIN_iOS/ViewModels/FamilyViewModel.swift /Users/sergejhlystov/ALADDIN_NEW/ALADDIN_NEW/mobile_apps/ALADDIN_iOS/ViewModels/AIAssistantViewModel.swift /Users/sergejhlystov/ALADDIN_NEW/ALADDIN_NEW/mobile_apps/ALADDIN_iOS/Screens/22_DeviceDetailScreen.swift /Users/sergejhlystov/ALADDIN_NEW/ALADDIN_NEW/mobile_apps/ALADDIN_iOS/Screens/WidgetConfigurationScreen.swift /Users/sergejhlystov/ALADDIN_NEW/ALADDIN_NEW/mobile_apps/ALADDIN_iOS/Core/Security/KeychainManager.swift /Users/sergejhlystov/ALADDIN_NEW/ALADDIN_NEW/mobile_apps/ALADDIN_iOS/Shared/Components/Modals/MemberStatsModalView.swift /Users/sergejhlystov/ALADDIN_NEW/ALADDIN_NEW/mobile_apps/ALADDIN_iOS/Shared/Styles/Spacing.swift /Users/sergejhlystov/ALADDIN_NEW/ALADDIN_NEW/mobile_apps/ALADDIN_iOS/Shared/Components/RecoveryOptionsModal.swift /Users/sergejhlystov/ALADDIN_NEW/ALADDIN_NEW/mobile_apps/ALADDIN_iOS/ViewModels/SettingsViewModel.swift -primary-file /Users/sergejhlystov/ALADDIN_NEW/ALADDIN_NEW/mobile_apps/ALADDIN_iOS/Shared/Components/InfoRow.swift -primary-file /Users/sergejhlystov/ALADDIN_NEW/ALADDIN_NEW/mobile_apps/ALADDIN_iOS/Screens/25_PaymentQRScreen.swift -primary-file /Users/sergejhlystov/ALADDIN_NEW/ALADDIN_NEW/mobile_apps/ALADDIN_iOS/Shared/Components/Modals/RoleSelectionModal.swift -primary-file /Users/sergejhlystov/ALADDIN_NEW/ALADDIN_NEW/mobile_apps/ALADDIN_iOS/ViewModels/SupportViewModel.swift -primary-file /Users/sergejhlystov/ALADDIN_NEW/ALADDIN_NEW/mobile_apps/ALADDIN_iOS/ViewModels/ChildInterfaceViewModel.swift -primary-file /Users/sergejhlystov/ALADDIN_NEW/ALADDIN_NEW/mobile_apps/ALADDIN_iOS/Screens/12_NotificationsScreen.swift -primary-file /Users/sergejhlystov/ALADDIN_NEW/ALADDIN_NEW/mobile_apps/ALADDIN_iOS/ViewModels/ElderlyInterfaceViewModel.swift -primary-file /Users/sergejhlystov/ALADDIN_NEW/ALADDIN_NEW/mobile_apps/ALADDIN_iOS/ViewModels/AnalyticsViewModel.swift -primary-file /Users/sergejhlystov/ALADDIN_NEW/ALADDIN_NEW/mobile_apps/ALADDIN_iOS/Core/Cache/CacheManager.swift -primary-file /Users/sergejhlystov/ALADDIN_NEW/ALADDIN_NEW/mobile_apps/ALADDIN_iOS/ViewModels/NotificationsViewModel.swift -primary-file /Users/sergejhlystov/ALADDIN_NEW/ALADDIN_NEW/mobile_apps/ALADDIN_iOS/Screens/06_AIAssistantScreen.swift /Users/sergejhlystov/ALADDIN_NEW/ALADDIN_NEW/mobile_apps/ALADDIN_iOS/ViewModels/ProfileViewModel.swift /Users/sergejhlystov/ALADDIN_NEW/ALADDIN_NEW/mobile_apps/ALADDIN_iOS/Components/Modals/ConsentModal.swift /Users/sergejhlystov/ALADDIN_NEW/ALADDIN_NEW/mobile_apps/ALADDIN_iOS/ViewModels/ParentalControlViewModel.swift /Users/sergejhlystov/ALADDIN_NEW/ALADDIN_NEW/mobile_apps/ALADDIN_iOS/ViewModels/OnboardingViewModel.swift /Users/sergejhlystov/ALADDIN_NEW/ALADDIN_NEW/mobile_apps/ALADDIN_iOS/Shared/Styles/Colors.swift /Users/sergejhlystov/ALADDIN_NEW/ALADDIN_NEW/mobile_apps/ALADDIN_iOS/Screens/ChildRewardsScreen.swift /Users/sergejhlystov/ALADDIN_NEW/ALADDIN_NEW/mobile_apps/ALADDIN_iOS/Screens/21_ReferralScreen.swift /Users/sergejhlystov/ALADDIN_NEW/ALADDIN_NEW/mobile_apps/ALADDIN_iOS/Shared/Components/AvatarSelector.swift /Users/sergejhlystov/ALADDIN_NEW/ALADDIN_NEW/mobile_apps/ALADDIN_iOS/Shared/Components/Navigation/ALADDINNavigationBar.swift /Users/sergejhlystov/ALADDIN_NEW/ALADDIN_NEW/mobile_apps/ALADDIN_iOS/Screens/14_OnboardingScreen.swift /Users/sergejhlystov/ALADDIN_NEW/ALADDIN_NEW/mobile_apps/ALADDIN_iOS/Components/Modals/FamilyCreatedModal.swift /Users/sergejhlystov/ALADDIN_NEW/ALADDIN_NEW/mobile_apps/ALADDIN_iOS/ViewModels/PaymentQRViewModel.swift /Users/sergejhlystov/ALADDIN_NEW/ALADDIN_NEW/mobile_apps/ALADDIN_iOS/Core/Navigation/NavigationManager.swift /Users/sergejhlystov/ALADDIN_NEW/ALADDIN_NEW/mobile_apps/ALADDIN_iOS/Core/Accessibility/AccessibilityManager.swift /Users/sergejhlystov/ALADDIN_NEW/ALADDIN_NEW/mobile_apps/ALADDIN_iOS/Core/Store/StoreManager.swift /Users/sergejhlystov/ALADDIN_NEW/ALADDIN_NEW/mobile_apps/ALADDIN_iOS/Screens/WheelOfFortuneView.swift /Users/sergejhlystov/ALADDIN_NEW/ALADDIN_NEW/mobile_apps/ALADDIN_iOS/Screens/UnicornUniverseView.swift /Users/sergejhlystov/ALADDIN_NEW/ALADDIN_NEW/mobile_apps/ALADDIN_iOS/Core/Localization/LocalizationManager.swift /Users/sergejhlystov/ALADDIN_NEW/ALADDIN_NEW/mobile_apps/ALADDIN_iOS/Screens/13_SupportScreen.swift /Users/sergejhlystov/ALADDIN_NEW/ALADDIN_NEW/mobile_apps/ALADDIN_iOS/Core/Analytics/AnalyticsManager.swift /Users/sergejhlystov/ALADDIN_NEW/ALADDIN_NEW/mobile_apps/ALADDIN_iOS/Screens/07_ParentalControlScreen.swift /Users/sergejhlystov/ALADDIN_NEW/ALADDIN_NEW/mobile_apps/ALADDIN_iOS/Screens/05_SettingsScreen.swift /Users/sergejhlystov/ALADDIN_NEW/ALADDIN_NEW/mobile_apps/ALADDIN_iOS/Screens/RewardsModalView.swift /Users/sergejhlystov/ALADDIN_NEW/ALADDIN_NEW/mobile_apps/ALADDIN_iOS/Screens/23_FamilyChatScreen.swift /Users/sergejhlystov/ALADDIN_NEW/ALADDIN_NEW/mobile_apps/ALADDIN_iOS/Screens/02_FamilyScreen.swift /Users/sergejhlystov/ALADDIN_NEW/ALADDIN_NEW/mobile_apps/ALADDIN_iOS/Screens/20_DevicesScreen.swift /Users/sergejhlystov/ALADDIN_NEW/ALADDIN_NEW/mobile_apps/ALADDIN_iOS/Shared/Components/ViewModifiers.swift /Users/sergejhlystov/ALADDIN_NEW/ALADDIN_NEW/mobile_apps/ALADDIN_iOS/Shared/Components/HapticFeedback.swift /Users/sergejhlystov/ALADDIN_NEW/ALADDIN_NEW/mobile_apps/ALADDIN_iOS/Screens/MainScreenWithRegistration.swift /Users/sergejhlystov/ALADDIN_NEW/ALADDIN_NEW/mobile_apps/ALADDIN_iOS/Core/Network/NetworkError.swift /Users/sergejhlystov/ALADDIN_NEW/ALADDIN_NEW/mobile_apps/ALADDIN_iOS/Screens/LanguageSettingsScreen.swift /Users/sergejhlystov/ALADDIN_NEW/ALADDIN_NEW/mobile_apps/ALADDIN_iOS/ViewModels/FamilyRegistrationViewModel.swift /Users/sergejhlystov/ALADDIN_NEW/ALADDIN_NEW/mobile_apps/ALADDIN_iOS/Shared/Styles/CornerRadius.swift /Users/sergejhlystov/ALADDIN_NEW/ALADDIN_NEW/mobile_apps/ALADDIN_iOS/Screens/01_MainScreen.swift /Users/sergejhlystov/ALADDIN_NEW/ALADDIN_NEW/mobile_apps/ALADDIN_iOS/Screens/FamilyTournamentView.swift /Users/sergejhlystov/ALADDIN_NEW/ALADDIN_NEW/mobile_apps/ALADDIN_iOS/Shared/Styles/Fonts.swift /Users/sergejhlystov/ALADDIN_NEW/ALADDIN_NEW/mobile_apps/ALADDIN_iOS/Screens/GamesParentalControlView.swift /Users/sergejhlystov/ALADDIN_NEW/ALADDIN_NEW/mobile_apps/ALADDIN_iOS/Shared/Components/QRScannerModal.swift /Users/sergejhlystov/ALADDIN_NEW/ALADDIN_NEW/mobile_apps/ALADDIN_iOS/Screens/04_AnalyticsScreen.swift /Users/sergejhlystov/ALADDIN_NEW/ALADDIN_NEW/mobile_apps/ALADDIN_iOS/Screens/24_VPNEnergyStatsScreen.swift /Users/sergejhlystov/ALADDIN_NEW/ALADDIN_NEW/mobile_apps/ALADDIN_iOS/Shared/Components/Modals/ProfileEditView.swift /Users/sergejhlystov/ALADDIN_NEW/ALADDIN_NEW/mobile_apps/ALADDIN_iOS/ViewModels/TariffsViewModel.swift /Users/sergejhlystov/ALADDIN_NEW/ALADDIN_NEW/mobile_apps/ALADDIN_iOS/Core/Notifications/NotificationManager.swift /Users/sergejhlystov/ALADDIN_NEW/ALADDIN_NEW/mobile_apps/ALADDIN_iOS/Core/Security/SecurityManager.swift -supplementary-output-file-map /var/folders/rf/6rxcyql17sz57_02ng7jd7pr0000gn/T/TemporaryDirectory.wFGpdC/supplementaryOutputs-4 -target x86_64-apple-ios15.0-simulator -enable-objc-interop -sdk /Applications/Xcode.app/Contents/Developer/Platforms/iPhoneSimulator.platform/Developer/SDKs/iPhoneSimulator15.2.sdk -I /Users/sergejhlystov/Library/Developer/Xcode/DerivedData/ALADDIN-eahryzmutvtbyceygnlyjsmiiaha/Build/Products/Debug-iphonesimulator -F /Users/sergejhlystov/Library/Developer/Xcode/DerivedData/ALADDIN-eahryzmutvtbyceygnlyjsmiiaha/Build/Products/Debug-iphonesimulator -enable-testing -g -module-cache-path /Users/sergejhlystov/Library/Developer/Xcode/DerivedData/ModuleCache.noindex -emit-localized-strings -emit-localized-strings-path /Users/sergejhlystov/Library/Developer/Xcode/DerivedData/ALADDIN-eahryzmutvtbyceygnlyjsmiiaha/Build/Intermediates.noindex/ALADDIN.build/Debug-iphonesimulator/ALADDIN.build/Objects-normal/x86_64 -swift-version 5 -enforce-exclusivity\=checked -Onone -D DEBUG -new-driver-path /Applications/Xcode.app/Contents/Developer/Toolchains/XcodeDefault.xctoolchain/usr/bin/swift-driver -serialize-debugging-options -Xcc -working-directory -Xcc /Users/sergejhlystov/ALADDIN_NEW/ALADDIN_NEW/mobile_apps/ALADDIN_iOS -resource-dir /Applications/Xcode.app/Contents/Developer/Toolchains/XcodeDefault.xctoolchain/usr/lib/swift -enable-anonymous-context-mangled-names -Xcc -I/Users/sergejhlystov/Library/Developer/Xcode/DerivedData/ALADDIN-eahryzmutvtbyceygnlyjsmiiaha/Build/Intermediates.noindex/ALADDIN.build/Debug-iphonesimulator/ALADDIN.build/swift-overrides.hmap -Xcc -iquote -Xcc /Users/sergejhlystov/Library/Developer/Xcode/DerivedData/ALADDIN-eahryzmutvtbyceygnlyjsmiiaha/Build/Intermediates.noindex/ALADDIN.build/Debug-iphonesimulator/ALADDIN.build/ALADDIN-generated-files.hmap -Xcc -I/Users/sergejhlystov/Library/Developer/Xcode/DerivedData/ALADDIN-eahryzmutvtbyceygnlyjsmiiaha/Build/Intermediates.noindex/ALADDIN.build/Debug-iphonesimulator/ALADDIN.build/ALADDIN-own-target-headers.hmap -Xcc -I/Users/sergejhlystov/Library/Developer/Xcode/DerivedData/ALADDIN-eahryzmutvtbyceygnlyjsmiiaha/Build/Intermediates.noindex/ALADDIN.build/Debug-iphonesimulator/ALADDIN.build/ALADDIN-all-target-headers.hmap -Xcc -iquote -Xcc /Users/sergejhlystov/Library/Developer/Xcode/DerivedData/ALADDIN-eahryzmutvtbyceygnlyjsmiiaha/Build/Intermediates.noindex/ALADDIN.build/Debug-iphonesimulator/ALADDIN.build/ALADDIN-project-headers.hmap -Xcc -I/Users/sergejhlystov/Library/Developer/Xcode/DerivedData/ALADDIN-eahryzmutvtbyceygnlyjsmiiaha/Build/Products/Debug-iphonesimulator/include -Xcc -I/Users/sergejhlystov/Library/Developer/Xcode/DerivedData/ALADDIN-eahryzmutvtbyceygnlyjsmiiaha/Build/Intermediates.noindex/ALADDIN.build/Debug-iphonesimulator/ALADDIN.build/DerivedSources-normal/x86_64 -Xcc -I/Users/sergejhlystov/Library/Developer/Xcode/DerivedData/ALADDIN-eahryzmutvtbyceygnlyjsmiiaha/Build/Intermediates.noindex/ALADDIN.build/Debug-iphonesimulator/ALADDIN.build/DerivedSources/x86_64 -Xcc -I/Users/sergejhlystov/Library/Developer/Xcode/DerivedData/ALADDIN-eahryzmutvtbyceygnlyjsmiiaha/Build/Intermediates.noindex/ALADDIN.build/Debug-iphonesimulator/ALADDIN.build/DerivedSources -Xcc -DDEBUG\=1 -module-name ALADDIN -target-sdk-version 15.2.0 -o /Users/sergejhlystov/Library/Developer/Xcode/DerivedData/ALADDIN-eahryzmutvtbyceygnlyjsmiiaha/Build/Intermediates.noindex/ALADDIN.build/Debug-iphonesimulator/ALADDIN.build/Objects-normal/x86_64/InfoRow.o -o /Users/sergejhlystov/Library/Developer/Xcode/DerivedData/ALADDIN-eahryzmutvtbyceygnlyjsmiiaha/Build/Intermediates.noindex/ALADDIN.build/Debug-iphonesimulator/ALADDIN.build/Objects-normal/x86_64/25_PaymentQRScreen.o -o /Users/sergejhlystov/Library/Developer/Xcode/DerivedData/ALADDIN-eahryzmutvtbyceygnlyjsmiiaha/Build/Intermediates.noindex/ALADDIN.build/Debug-iphonesimulator/ALADDIN.build/Objects-normal/x86_64/RoleSelectionModal.o -o /Users/sergejhlystov/Library/Developer/Xcode/DerivedData/ALADDIN-eahryzmutvtbyceygnlyjsmiiaha/Build/Intermediates.noindex/ALADDIN.build/Debug-iphonesimulator/ALADDIN.build/Objects-normal/x86_64/SupportViewModel.o -o /Users/sergejhlystov/Library/Developer/Xcode/DerivedData/ALADDIN-eahryzmutvtbyceygnlyjsmiiaha/Build/Intermediates.noindex/ALADDIN.build/Debug-iphonesimulator/ALADDIN.build/Objects-normal/x86_64/ChildInterfaceViewModel.o -o /Users/sergejhlystov/Library/Developer/Xcode/DerivedData/ALADDIN-eahryzmutvtbyceygnlyjsmiiaha/Build/Intermediates.noindex/ALADDIN.build/Debug-iphonesimulator/ALADDIN.build/Objects-normal/x86_64/12_NotificationsScreen.o -o /Users/sergejhlystov/Library/Developer/Xcode/DerivedData/ALADDIN-eahryzmutvtbyceygnlyjsmiiaha/Build/Intermediates.noindex/ALADDIN.build/Debug-iphonesimulator/ALADDIN.build/Objects-normal/x86_64/ElderlyInterfaceViewModel.o -o /Users/sergejhlystov/Library/Developer/Xcode/DerivedData/ALADDIN-eahryzmutvtbyceygnlyjsmiiaha/Build/Intermediates.noindex/ALADDIN.build/Debug-iphonesimulator/ALADDIN.build/Objects-normal/x86_64/AnalyticsViewModel.o -o /Users/sergejhlystov/Library/Developer/Xcode/DerivedData/ALADDIN-eahryzmutvtbyceygnlyjsmiiaha/Build/Intermediates.noindex/ALADDIN.build/Debug-iphonesimulator/ALADDIN.build/Objects-normal/x86_64/CacheManager.o -o /Users/sergejhlystov/Library/Developer/Xcode/DerivedData/ALADDIN-eahryzmutvtbyceygnlyjsmiiaha/Build/Intermediates.noindex/ALADDIN.build/Debug-iphonesimulator/ALADDIN.build/Objects-normal/x86_64/NotificationsViewModel.o -o /Users/sergejhlystov/Library/Developer/Xcode/DerivedData/ALADDIN-eahryzmutvtbyceygnlyjsmiiaha/Build/Intermediates.noindex/ALADDIN.build/Debug-iphonesimulator/ALADDIN.build/Objects-normal/x86_64/06_AIAssistantScreen.o -index-store-path /Users/sergejhlystov/Library/Developer/Xcode/DerivedData/ALADDIN-eahryzmutvtbyceygnlyjsmiiaha/Index/DataStore -index-system-modules
/Users/sergejhlystov/ALADDIN_NEW/ALADDIN_NEW/mobile_apps/ALADDIN_iOS/Shared/Components/Modals/RoleSelectionModal.swift:13:38: error: 'FamilyRole' is ambiguous for type lookup in this context
    @State private var selectedRole: FamilyRole = .parent
                                     ^~~~~~~~~~
/Users/sergejhlystov/ALADDIN_NEW/ALADDIN_NEW/mobile_apps/ALADDIN_iOS/ALADDINApp.swift:112:6: note: found this candidate
enum FamilyRole: String {
     ^
/Users/sergejhlystov/ALADDIN_NEW/ALADDIN_NEW/mobile_apps/ALADDIN_iOS/ViewModels/FamilyRegistrationViewModel.swift:6:6: note: found this candidate
enum FamilyRole: String, Codable, CaseIterable, Identifiable {
     ^
/Users/sergejhlystov/ALADDIN_NEW/ALADDIN_NEW/mobile_apps/ALADDIN_iOS/Shared/Components/Modals/RoleSelectionModal.swift:14:26: error: 'FamilyRole' is ambiguous for type lookup in this context
    let onRoleSelected: (FamilyRole) -> Void
                         ^~~~~~~~~~
/Users/sergejhlystov/ALADDIN_NEW/ALADDIN_NEW/mobile_apps/ALADDIN_iOS/ALADDINApp.swift:112:6: note: found this candidate
enum FamilyRole: String {
     ^
/Users/sergejhlystov/ALADDIN_NEW/ALADDIN_NEW/mobile_apps/ALADDIN_iOS/ViewModels/FamilyRegistrationViewModel.swift:6:6: note: found this candidate
enum FamilyRole: String, Codable, CaseIterable, Identifiable {
     ^
/Users/sergejhlystov/ALADDIN_NEW/ALADDIN_NEW/mobile_apps/ALADDIN_iOS/Shared/Components/Modals/RoleSelectionModal.swift:18:33: error: 'FamilyRole' is ambiguous for type lookup in this context
    private func icon(for role: FamilyRole) -> String {
                                ^~~~~~~~~~
/Users/sergejhlystov/ALADDIN_NEW/ALADDIN_NEW/mobile_apps/ALADDIN_iOS/ALADDINApp.swift:112:6: note: found this candidate
enum FamilyRole: String {
     ^
/Users/sergejhlystov/ALADDIN_NEW/ALADDIN_NEW/mobile_apps/ALADDIN_iOS/ViewModels/FamilyRegistrationViewModel.swift:6:6: note: found this candidate
enum FamilyRole: String, Codable, CaseIterable, Identifiable {
     ^
/Users/sergejhlystov/ALADDIN_NEW/ALADDIN_NEW/mobile_apps/ALADDIN_iOS/Shared/Components/Modals/RoleSelectionModal.swift:27:40: error: 'FamilyRole' is ambiguous for type lookup in this context
    private func description(for role: FamilyRole) -> String {
                                       ^~~~~~~~~~
/Users/sergejhlystov/ALADDIN_NEW/ALADDIN_NEW/mobile_apps/ALADDIN_iOS/ALADDINApp.swift:112:6: note: found this candidate
enum FamilyRole: String {
     ^
/Users/sergejhlystov/ALADDIN_NEW/ALADDIN_NEW/mobile_apps/ALADDIN_iOS/ViewModels/FamilyRegistrationViewModel.swift:6:6: note: found this candidate
enum FamilyRole: String, Codable, CaseIterable, Identifiable {
     ^
/Users/sergejhlystov/ALADDIN_NEW/ALADDIN_NEW/mobile_apps/ALADDIN_iOS/Shared/Components/Modals/RoleSelectionModal.swift:85:15: error: 'FamilyRole' is ambiguous for type lookup in this context
    let role: FamilyRole
              ^~~~~~~~~~
/Users/sergejhlystov/ALADDIN_NEW/ALADDIN_NEW/mobile_apps/ALADDIN_iOS/ALADDINApp.swift:112:6: note: found this candidate
enum FamilyRole: String {
     ^
/Users/sergejhlystov/ALADDIN_NEW/ALADDIN_NEW/mobile_apps/ALADDIN_iOS/ViewModels/FamilyRegistrationViewModel.swift:6:6: note: found this candidate
enum FamilyRole: String, Codable, CaseIterable, Identifiable {
     ^
/Users/sergejhlystov/ALADDIN_NEW/ALADDIN_NEW/mobile_apps/ALADDIN_iOS/Shared/Components/Modals/RoleSelectionModal.swift:89:33: error: 'FamilyRole' is ambiguous for type lookup in this context
    private func icon(for role: FamilyRole) -> String {
                                ^~~~~~~~~~
/Users/sergejhlystov/ALADDIN_NEW/ALADDIN_NEW/mobile_apps/ALADDIN_iOS/ALADDINApp.swift:112:6: note: found this candidate
enum FamilyRole: String {
     ^
/Users/sergejhlystov/ALADDIN_NEW/ALADDIN_NEW/mobile_apps/ALADDIN_iOS/ViewModels/FamilyRegistrationViewModel.swift:6:6: note: found this candidate
enum FamilyRole: String, Codable, CaseIterable, Identifiable {
     ^
/Users/sergejhlystov/ALADDIN_NEW/ALADDIN_NEW/mobile_apps/ALADDIN_iOS/Shared/Components/Modals/RoleSelectionModal.swift:98:40: error: 'FamilyRole' is ambiguous for type lookup in this context
    private func description(for role: FamilyRole) -> String {
                                       ^~~~~~~~~~
/Users/sergejhlystov/ALADDIN_NEW/ALADDIN_NEW/mobile_apps/ALADDIN_iOS/ALADDINApp.swift:112:6: note: found this candidate
enum FamilyRole: String {
     ^
/Users/sergejhlystov/ALADDIN_NEW/ALADDIN_NEW/mobile_apps/ALADDIN_iOS/ViewModels/FamilyRegistrationViewModel.swift:6:6: note: found this candidate
enum FamilyRole: String, Codable, CaseIterable, Identifiable {
     ^
/Users/sergejhlystov/Library/Developer/Xcode/DerivedData/ALADDIN-eahryzmutvtbyceygnlyjsmiiaha/Build/Intermediates.noindex/ALADDIN.build/Debug-iphonesimulator/ALADDIN.build/Objects-normal/x86_64/25_PaymentQRScreen.dia:1:1: warning: Could not read serialized diagnostics file: error("Invalid diagnostics signature") (in target 'ALADDIN' from project 'ALADDIN')
Command CompileSwift failed with a nonzero exit code

CompileSwift normal x86_64 /Users/sergejhlystov/ALADDIN_NEW/ALADDIN_NEW/mobile_apps/ALADDIN_iOS/Shared/Components/Modals/RoleSelectionModal.swift (in target 'ALADDIN' from project 'ALADDIN')
    cd /Users/sergejhlystov/ALADDIN_NEW/ALADDIN_NEW/mobile_apps/ALADDIN_iOS
    /Applications/Xcode.app/Contents/Developer/Toolchains/XcodeDefault.xctoolchain/usr/bin/swift-frontend -frontend -c /Users/sergejhlystov/ALADDIN_NEW/ALADDIN_NEW/mobile_apps/ALADDIN_iOS/Screens/RewardsQuickModal.swift /Users/sergejhlystov/ALADDIN_NEW/ALADDIN_NEW/mobile_apps/ALADDIN_iOS/Screens/08_ChildInterfaceScreen.swift /Users/sergejhlystov/ALADDIN_NEW/ALADDIN_NEW/mobile_apps/ALADDIN_iOS/ContentView.swift /Users/sergejhlystov/ALADDIN_NEW/ALADDIN_NEW/mobile_apps/ALADDIN_iOS/Shared/Components/ALADDINToggle.swift /Users/sergejhlystov/ALADDIN_NEW/ALADDIN_NEW/mobile_apps/ALADDIN_iOS/Components/Modals/AgeGroupSelectionModal.swift /Users/sergejhlystov/ALADDIN_NEW/ALADDIN_NEW/mobile_apps/ALADDIN_iOS/ALADDINApp.swift /Users/sergejhlystov/ALADDIN_NEW/ALADDIN_NEW/mobile_apps/ALADDIN_iOS/Shared/Models/FunctionStatus.swift /Users/sergejhlystov/ALADDIN_NEW/ALADDIN_NEW/mobile_apps/ALADDIN_iOS/ViewModels/MainViewModel.swift /Users/sergejhlystov/ALADDIN_NEW/ALADDIN_NEW/mobile_apps/ALADDIN_iOS/Shared/Components/Buttons/PrimaryButton.swift /Users/sergejhlystov/ALADDIN_NEW/ALADDIN_NEW/mobile_apps/ALADDIN_iOS/Screens/NotificationSettingsScreen.swift /Users/sergejhlystov/ALADDIN_NEW/ALADDIN_NEW/mobile_apps/ALADDIN_iOS/Screens/ChildContentScreen.swift /Users/sergejhlystov/ALADDIN_NEW/ALADDIN_NEW/mobile_apps/ALADDIN_iOS/Shared/Components/StatItem.swift /Users/sergejhlystov/ALADDIN_NEW/ALADDIN_NEW/mobile_apps/ALADDIN_iOS/Shared/Components/Cards/FamilyMemberCard.swift /Users/sergejhlystov/ALADDIN_NEW/ALADDIN_NEW/mobile_apps/ALADDIN_iOS/ViewModels/VPNViewModel.swift /Users/sergejhlystov/ALADDIN_NEW/ALADDIN_NEW/mobile_apps/ALADDIN_iOS/Core/Models/APIModels.swift /Users/sergejhlystov/ALADDIN_NEW/ALADDIN_NEW/mobile_apps/ALADDIN_iOS/Core/VPN/VPNManager.swift /Users/sergejhlystov/ALADDIN_NEW/ALADDIN_NEW/mobile_apps/ALADDIN_iOS/Screens/UnicornPetView.swift /Users/sergejhlystov/ALADDIN_NEW/ALADDIN_NEW/mobile_apps/ALADDIN_iOS/Core/Network/APIService.swift /Users/sergejhlystov/ALADDIN_NEW/ALADDIN_NEW/mobile_apps/ALADDIN_iOS/Screens/18_PrivacyPolicyScreen.swift /Users/sergejhlystov/ALADDIN_NEW/ALADDIN_NEW/mobile_apps/ALADDIN_iOS/Screens/10_TariffsScreen.swift /Users/sergejhlystov/ALADDIN_NEW/ALADDIN_NEW/mobile_apps/ALADDIN_iOS/Screens/03_VPNScreen.swift /Users/sergejhlystov/ALADDIN_NEW/ALADDIN_NEW/mobile_apps/ALADDIN_iOS/Screens/09_ElderlyInterfaceScreen.swift /Users/sergejhlystov/ALADDIN_NEW/ALADDIN_NEW/mobile_apps/ALADDIN_iOS/Shared/Components/SecondaryButton.swift /Users/sergejhlystov/ALADDIN_NEW/ALADDIN_NEW/mobile_apps/ALADDIN_iOS/Screens/11_ProfileScreen.swift /Users/sergejhlystov/ALADDIN_NEW/ALADDIN_NEW/mobile_apps/ALADDIN_iOS/Core/Network/NetworkManager.swift /Users/sergejhlystov/ALADDIN_NEW/ALADDIN_NEW/mobile_apps/ALADDIN_iOS/Screens/19_TermsOfServiceScreen.swift /Users/sergejhlystov/ALADDIN_NEW/ALADDIN_NEW/mobile_apps/ALADDIN_iOS/Core/Config/AppConfig.swift /Users/sergejhlystov/ALADDIN_NEW/ALADDIN_NEW/mobile_apps/ALADDIN_iOS/ViewModels/FamilyViewModel.swift /Users/sergejhlystov/ALADDIN_NEW/ALADDIN_NEW/mobile_apps/ALADDIN_iOS/ViewModels/AIAssistantViewModel.swift /Users/sergejhlystov/ALADDIN_NEW/ALADDIN_NEW/mobile_apps/ALADDIN_iOS/Screens/22_DeviceDetailScreen.swift /Users/sergejhlystov/ALADDIN_NEW/ALADDIN_NEW/mobile_apps/ALADDIN_iOS/Screens/WidgetConfigurationScreen.swift /Users/sergejhlystov/ALADDIN_NEW/ALADDIN_NEW/mobile_apps/ALADDIN_iOS/Core/Security/KeychainManager.swift /Users/sergejhlystov/ALADDIN_NEW/ALADDIN_NEW/mobile_apps/ALADDIN_iOS/Shared/Components/Modals/MemberStatsModalView.swift /Users/sergejhlystov/ALADDIN_NEW/ALADDIN_NEW/mobile_apps/ALADDIN_iOS/Shared/Styles/Spacing.swift /Users/sergejhlystov/ALADDIN_NEW/ALADDIN_NEW/mobile_apps/ALADDIN_iOS/Shared/Components/RecoveryOptionsModal.swift /Users/sergejhlystov/ALADDIN_NEW/ALADDIN_NEW/mobile_apps/ALADDIN_iOS/ViewModels/SettingsViewModel.swift -primary-file /Users/sergejhlystov/ALADDIN_NEW/ALADDIN_NEW/mobile_apps/ALADDIN_iOS/Shared/Components/InfoRow.swift -primary-file /Users/sergejhlystov/ALADDIN_NEW/ALADDIN_NEW/mobile_apps/ALADDIN_iOS/Screens/25_PaymentQRScreen.swift -primary-file /Users/sergejhlystov/ALADDIN_NEW/ALADDIN_NEW/mobile_apps/ALADDIN_iOS/Shared/Components/Modals/RoleSelectionModal.swift -primary-file /Users/sergejhlystov/ALADDIN_NEW/ALADDIN_NEW/mobile_apps/ALADDIN_iOS/ViewModels/SupportViewModel.swift -primary-file /Users/sergejhlystov/ALADDIN_NEW/ALADDIN_NEW/mobile_apps/ALADDIN_iOS/ViewModels/ChildInterfaceViewModel.swift -primary-file /Users/sergejhlystov/ALADDIN_NEW/ALADDIN_NEW/mobile_apps/ALADDIN_iOS/Screens/12_NotificationsScreen.swift -primary-file /Users/sergejhlystov/ALADDIN_NEW/ALADDIN_NEW/mobile_apps/ALADDIN_iOS/ViewModels/ElderlyInterfaceViewModel.swift -primary-file /Users/sergejhlystov/ALADDIN_NEW/ALADDIN_NEW/mobile_apps/ALADDIN_iOS/ViewModels/AnalyticsViewModel.swift -primary-file /Users/sergejhlystov/ALADDIN_NEW/ALADDIN_NEW/mobile_apps/ALADDIN_iOS/Core/Cache/CacheManager.swift -primary-file /Users/sergejhlystov/ALADDIN_NEW/ALADDIN_NEW/mobile_apps/ALADDIN_iOS/ViewModels/NotificationsViewModel.swift -primary-file /Users/sergejhlystov/ALADDIN_NEW/ALADDIN_NEW/mobile_apps/ALADDIN_iOS/Screens/06_AIAssistantScreen.swift /Users/sergejhlystov/ALADDIN_NEW/ALADDIN_NEW/mobile_apps/ALADDIN_iOS/ViewModels/ProfileViewModel.swift /Users/sergejhlystov/ALADDIN_NEW/ALADDIN_NEW/mobile_apps/ALADDIN_iOS/Components/Modals/ConsentModal.swift /Users/sergejhlystov/ALADDIN_NEW/ALADDIN_NEW/mobile_apps/ALADDIN_iOS/ViewModels/ParentalControlViewModel.swift /Users/sergejhlystov/ALADDIN_NEW/ALADDIN_NEW/mobile_apps/ALADDIN_iOS/ViewModels/OnboardingViewModel.swift /Users/sergejhlystov/ALADDIN_NEW/ALADDIN_NEW/mobile_apps/ALADDIN_iOS/Shared/Styles/Colors.swift /Users/sergejhlystov/ALADDIN_NEW/ALADDIN_NEW/mobile_apps/ALADDIN_iOS/Screens/ChildRewardsScreen.swift /Users/sergejhlystov/ALADDIN_NEW/ALADDIN_NEW/mobile_apps/ALADDIN_iOS/Screens/21_ReferralScreen.swift /Users/sergejhlystov/ALADDIN_NEW/ALADDIN_NEW/mobile_apps/ALADDIN_iOS/Shared/Components/AvatarSelector.swift /Users/sergejhlystov/ALADDIN_NEW/ALADDIN_NEW/mobile_apps/ALADDIN_iOS/Shared/Components/Navigation/ALADDINNavigationBar.swift /Users/sergejhlystov/ALADDIN_NEW/ALADDIN_NEW/mobile_apps/ALADDIN_iOS/Screens/14_OnboardingScreen.swift /Users/sergejhlystov/ALADDIN_NEW/ALADDIN_NEW/mobile_apps/ALADDIN_iOS/Components/Modals/FamilyCreatedModal.swift /Users/sergejhlystov/ALADDIN_NEW/ALADDIN_NEW/mobile_apps/ALADDIN_iOS/ViewModels/PaymentQRViewModel.swift /Users/sergejhlystov/ALADDIN_NEW/ALADDIN_NEW/mobile_apps/ALADDIN_iOS/Core/Navigation/NavigationManager.swift /Users/sergejhlystov/ALADDIN_NEW/ALADDIN_NEW/mobile_apps/ALADDIN_iOS/Core/Accessibility/AccessibilityManager.swift /Users/sergejhlystov/ALADDIN_NEW/ALADDIN_NEW/mobile_apps/ALADDIN_iOS/Core/Store/StoreManager.swift /Users/sergejhlystov/ALADDIN_NEW/ALADDIN_NEW/mobile_apps/ALADDIN_iOS/Screens/WheelOfFortuneView.swift /Users/sergejhlystov/ALADDIN_NEW/ALADDIN_NEW/mobile_apps/ALADDIN_iOS/Screens/UnicornUniverseView.swift /Users/sergejhlystov/ALADDIN_NEW/ALADDIN_NEW/mobile_apps/ALADDIN_iOS/Core/Localization/LocalizationManager.swift /Users/sergejhlystov/ALADDIN_NEW/ALADDIN_NEW/mobile_apps/ALADDIN_iOS/Screens/13_SupportScreen.swift /Users/sergejhlystov/ALADDIN_NEW/ALADDIN_NEW/mobile_apps/ALADDIN_iOS/Core/Analytics/AnalyticsManager.swift /Users/sergejhlystov/ALADDIN_NEW/ALADDIN_NEW/mobile_apps/ALADDIN_iOS/Screens/07_ParentalControlScreen.swift /Users/sergejhlystov/ALADDIN_NEW/ALADDIN_NEW/mobile_apps/ALADDIN_iOS/Screens/05_SettingsScreen.swift /Users/sergejhlystov/ALADDIN_NEW/ALADDIN_NEW/mobile_apps/ALADDIN_iOS/Screens/RewardsModalView.swift /Users/sergejhlystov/ALADDIN_NEW/ALADDIN_NEW/mobile_apps/ALADDIN_iOS/Screens/23_FamilyChatScreen.swift /Users/sergejhlystov/ALADDIN_NEW/ALADDIN_NEW/mobile_apps/ALADDIN_iOS/Screens/02_FamilyScreen.swift /Users/sergejhlystov/ALADDIN_NEW/ALADDIN_NEW/mobile_apps/ALADDIN_iOS/Screens/20_DevicesScreen.swift /Users/sergejhlystov/ALADDIN_NEW/ALADDIN_NEW/mobile_apps/ALADDIN_iOS/Shared/Components/ViewModifiers.swift /Users/sergejhlystov/ALADDIN_NEW/ALADDIN_NEW/mobile_apps/ALADDIN_iOS/Shared/Components/HapticFeedback.swift /Users/sergejhlystov/ALADDIN_NEW/ALADDIN_NEW/mobile_apps/ALADDIN_iOS/Screens/MainScreenWithRegistration.swift /Users/sergejhlystov/ALADDIN_NEW/ALADDIN_NEW/mobile_apps/ALADDIN_iOS/Core/Network/NetworkError.swift /Users/sergejhlystov/ALADDIN_NEW/ALADDIN_NEW/mobile_apps/ALADDIN_iOS/Screens/LanguageSettingsScreen.swift /Users/sergejhlystov/ALADDIN_NEW/ALADDIN_NEW/mobile_apps/ALADDIN_iOS/ViewModels/FamilyRegistrationViewModel.swift /Users/sergejhlystov/ALADDIN_NEW/ALADDIN_NEW/mobile_apps/ALADDIN_iOS/Shared/Styles/CornerRadius.swift /Users/sergejhlystov/ALADDIN_NEW/ALADDIN_NEW/mobile_apps/ALADDIN_iOS/Screens/01_MainScreen.swift /Users/sergejhlystov/ALADDIN_NEW/ALADDIN_NEW/mobile_apps/ALADDIN_iOS/Screens/FamilyTournamentView.swift /Users/sergejhlystov/ALADDIN_NEW/ALADDIN_NEW/mobile_apps/ALADDIN_iOS/Shared/Styles/Fonts.swift /Users/sergejhlystov/ALADDIN_NEW/ALADDIN_NEW/mobile_apps/ALADDIN_iOS/Screens/GamesParentalControlView.swift /Users/sergejhlystov/ALADDIN_NEW/ALADDIN_NEW/mobile_apps/ALADDIN_iOS/Shared/Components/QRScannerModal.swift /Users/sergejhlystov/ALADDIN_NEW/ALADDIN_NEW/mobile_apps/ALADDIN_iOS/Screens/04_AnalyticsScreen.swift /Users/sergejhlystov/ALADDIN_NEW/ALADDIN_NEW/mobile_apps/ALADDIN_iOS/Screens/24_VPNEnergyStatsScreen.swift /Users/sergejhlystov/ALADDIN_NEW/ALADDIN_NEW/mobile_apps/ALADDIN_iOS/Shared/Components/Modals/ProfileEditView.swift /Users/sergejhlystov/ALADDIN_NEW/ALADDIN_NEW/mobile_apps/ALADDIN_iOS/ViewModels/TariffsViewModel.swift /Users/sergejhlystov/ALADDIN_NEW/ALADDIN_NEW/mobile_apps/ALADDIN_iOS/Core/Notifications/NotificationManager.swift /Users/sergejhlystov/ALADDIN_NEW/ALADDIN_NEW/mobile_apps/ALADDIN_iOS/Core/Security/SecurityManager.swift -supplementary-output-file-map /var/folders/rf/6rxcyql17sz57_02ng7jd7pr0000gn/T/TemporaryDirectory.wFGpdC/supplementaryOutputs-4 -target x86_64-apple-ios15.0-simulator -enable-objc-interop -sdk /Applications/Xcode.app/Contents/Developer/Platforms/iPhoneSimulator.platform/Developer/SDKs/iPhoneSimulator15.2.sdk -I /Users/sergejhlystov/Library/Developer/Xcode/DerivedData/ALADDIN-eahryzmutvtbyceygnlyjsmiiaha/Build/Products/Debug-iphonesimulator -F /Users/sergejhlystov/Library/Developer/Xcode/DerivedData/ALADDIN-eahryzmutvtbyceygnlyjsmiiaha/Build/Products/Debug-iphonesimulator -enable-testing -g -module-cache-path /Users/sergejhlystov/Library/Developer/Xcode/DerivedData/ModuleCache.noindex -emit-localized-strings -emit-localized-strings-path /Users/sergejhlystov/Library/Developer/Xcode/DerivedData/ALADDIN-eahryzmutvtbyceygnlyjsmiiaha/Build/Intermediates.noindex/ALADDIN.build/Debug-iphonesimulator/ALADDIN.build/Objects-normal/x86_64 -swift-version 5 -enforce-exclusivity\=checked -Onone -D DEBUG -new-driver-path /Applications/Xcode.app/Contents/Developer/Toolchains/XcodeDefault.xctoolchain/usr/bin/swift-driver -serialize-debugging-options -Xcc -working-directory -Xcc /Users/sergejhlystov/ALADDIN_NEW/ALADDIN_NEW/mobile_apps/ALADDIN_iOS -resource-dir /Applications/Xcode.app/Contents/Developer/Toolchains/XcodeDefault.xctoolchain/usr/lib/swift -enable-anonymous-context-mangled-names -Xcc -I/Users/sergejhlystov/Library/Developer/Xcode/DerivedData/ALADDIN-eahryzmutvtbyceygnlyjsmiiaha/Build/Intermediates.noindex/ALADDIN.build/Debug-iphonesimulator/ALADDIN.build/swift-overrides.hmap -Xcc -iquote -Xcc /Users/sergejhlystov/Library/Developer/Xcode/DerivedData/ALADDIN-eahryzmutvtbyceygnlyjsmiiaha/Build/Intermediates.noindex/ALADDIN.build/Debug-iphonesimulator/ALADDIN.build/ALADDIN-generated-files.hmap -Xcc -I/Users/sergejhlystov/Library/Developer/Xcode/DerivedData/ALADDIN-eahryzmutvtbyceygnlyjsmiiaha/Build/Intermediates.noindex/ALADDIN.build/Debug-iphonesimulator/ALADDIN.build/ALADDIN-own-target-headers.hmap -Xcc -I/Users/sergejhlystov/Library/Developer/Xcode/DerivedData/ALADDIN-eahryzmutvtbyceygnlyjsmiiaha/Build/Intermediates.noindex/ALADDIN.build/Debug-iphonesimulator/ALADDIN.build/ALADDIN-all-target-headers.hmap -Xcc -iquote -Xcc /Users/sergejhlystov/Library/Developer/Xcode/DerivedData/ALADDIN-eahryzmutvtbyceygnlyjsmiiaha/Build/Intermediates.noindex/ALADDIN.build/Debug-iphonesimulator/ALADDIN.build/ALADDIN-project-headers.hmap -Xcc -I/Users/sergejhlystov/Library/Developer/Xcode/DerivedData/ALADDIN-eahryzmutvtbyceygnlyjsmiiaha/Build/Products/Debug-iphonesimulator/include -Xcc -I/Users/sergejhlystov/Library/Developer/Xcode/DerivedData/ALADDIN-eahryzmutvtbyceygnlyjsmiiaha/Build/Intermediates.noindex/ALADDIN.build/Debug-iphonesimulator/ALADDIN.build/DerivedSources-normal/x86_64 -Xcc -I/Users/sergejhlystov/Library/Developer/Xcode/DerivedData/ALADDIN-eahryzmutvtbyceygnlyjsmiiaha/Build/Intermediates.noindex/ALADDIN.build/Debug-iphonesimulator/ALADDIN.build/DerivedSources/x86_64 -Xcc -I/Users/sergejhlystov/Library/Developer/Xcode/DerivedData/ALADDIN-eahryzmutvtbyceygnlyjsmiiaha/Build/Intermediates.noindex/ALADDIN.build/Debug-iphonesimulator/ALADDIN.build/DerivedSources -Xcc -DDEBUG\=1 -module-name ALADDIN -target-sdk-version 15.2.0 -o /Users/sergejhlystov/Library/Developer/Xcode/DerivedData/ALADDIN-eahryzmutvtbyceygnlyjsmiiaha/Build/Intermediates.noindex/ALADDIN.build/Debug-iphonesimulator/ALADDIN.build/Objects-normal/x86_64/InfoRow.o -o /Users/sergejhlystov/Library/Developer/Xcode/DerivedData/ALADDIN-eahryzmutvtbyceygnlyjsmiiaha/Build/Intermediates.noindex/ALADDIN.build/Debug-iphonesimulator/ALADDIN.build/Objects-normal/x86_64/25_PaymentQRScreen.o -o /Users/sergejhlystov/Library/Developer/Xcode/DerivedData/ALADDIN-eahryzmutvtbyceygnlyjsmiiaha/Build/Intermediates.noindex/ALADDIN.build/Debug-iphonesimulator/ALADDIN.build/Objects-normal/x86_64/RoleSelectionModal.o -o /Users/sergejhlystov/Library/Developer/Xcode/DerivedData/ALADDIN-eahryzmutvtbyceygnlyjsmiiaha/Build/Intermediates.noindex/ALADDIN.build/Debug-iphonesimulator/ALADDIN.build/Objects-normal/x86_64/SupportViewModel.o -o /Users/sergejhlystov/Library/Developer/Xcode/DerivedData/ALADDIN-eahryzmutvtbyceygnlyjsmiiaha/Build/Intermediates.noindex/ALADDIN.build/Debug-iphonesimulator/ALADDIN.build/Objects-normal/x86_64/ChildInterfaceViewModel.o -o /Users/sergejhlystov/Library/Developer/Xcode/DerivedData/ALADDIN-eahryzmutvtbyceygnlyjsmiiaha/Build/Intermediates.noindex/ALADDIN.build/Debug-iphonesimulator/ALADDIN.build/Objects-normal/x86_64/12_NotificationsScreen.o -o /Users/sergejhlystov/Library/Developer/Xcode/DerivedData/ALADDIN-eahryzmutvtbyceygnlyjsmiiaha/Build/Intermediates.noindex/ALADDIN.build/Debug-iphonesimulator/ALADDIN.build/Objects-normal/x86_64/ElderlyInterfaceViewModel.o -o /Users/sergejhlystov/Library/Developer/Xcode/DerivedData/ALADDIN-eahryzmutvtbyceygnlyjsmiiaha/Build/Intermediates.noindex/ALADDIN.build/Debug-iphonesimulator/ALADDIN.build/Objects-normal/x86_64/AnalyticsViewModel.o -o /Users/sergejhlystov/Library/Developer/Xcode/DerivedData/ALADDIN-eahryzmutvtbyceygnlyjsmiiaha/Build/Intermediates.noindex/ALADDIN.build/Debug-iphonesimulator/ALADDIN.build/Objects-normal/x86_64/CacheManager.o -o /Users/sergejhlystov/Library/Developer/Xcode/DerivedData/ALADDIN-eahryzmutvtbyceygnlyjsmiiaha/Build/Intermediates.noindex/ALADDIN.build/Debug-iphonesimulator/ALADDIN.build/Objects-normal/x86_64/NotificationsViewModel.o -o /Users/sergejhlystov/Library/Developer/Xcode/DerivedData/ALADDIN-eahryzmutvtbyceygnlyjsmiiaha/Build/Intermediates.noindex/ALADDIN.build/Debug-iphonesimulator/ALADDIN.build/Objects-normal/x86_64/06_AIAssistantScreen.o -index-store-path /Users/sergejhlystov/Library/Developer/Xcode/DerivedData/ALADDIN-eahryzmutvtbyceygnlyjsmiiaha/Index/DataStore -index-system-modules
/Users/sergejhlystov/ALADDIN_NEW/ALADDIN_NEW/mobile_apps/ALADDIN_iOS/Shared/Components/Modals/RoleSelectionModal.swift:13:38: error: 'FamilyRole' is ambiguous for type lookup in this context
    @State private var selectedRole: FamilyRole = .parent
                                     ^~~~~~~~~~
/Users/sergejhlystov/ALADDIN_NEW/ALADDIN_NEW/mobile_apps/ALADDIN_iOS/ALADDINApp.swift:112:6: note: found this candidate
enum FamilyRole: String {
     ^
/Users/sergejhlystov/ALADDIN_NEW/ALADDIN_NEW/mobile_apps/ALADDIN_iOS/ViewModels/FamilyRegistrationViewModel.swift:6:6: note: found this candidate
enum FamilyRole: String, Codable, CaseIterable, Identifiable {
     ^
/Users/sergejhlystov/ALADDIN_NEW/ALADDIN_NEW/mobile_apps/ALADDIN_iOS/Shared/Components/Modals/RoleSelectionModal.swift:14:26: error: 'FamilyRole' is ambiguous for type lookup in this context
    let onRoleSelected: (FamilyRole) -> Void
                         ^~~~~~~~~~
/Users/sergejhlystov/ALADDIN_NEW/ALADDIN_NEW/mobile_apps/ALADDIN_iOS/ALADDINApp.swift:112:6: note: found this candidate
enum FamilyRole: String {
     ^
/Users/sergejhlystov/ALADDIN_NEW/ALADDIN_NEW/mobile_apps/ALADDIN_iOS/ViewModels/FamilyRegistrationViewModel.swift:6:6: note: found this candidate
enum FamilyRole: String, Codable, CaseIterable, Identifiable {
     ^
/Users/sergejhlystov/ALADDIN_NEW/ALADDIN_NEW/mobile_apps/ALADDIN_iOS/Shared/Components/Modals/RoleSelectionModal.swift:18:33: error: 'FamilyRole' is ambiguous for type lookup in this context
    private func icon(for role: FamilyRole) -> String {
                                ^~~~~~~~~~
/Users/sergejhlystov/ALADDIN_NEW/ALADDIN_NEW/mobile_apps/ALADDIN_iOS/ALADDINApp.swift:112:6: note: found this candidate
enum FamilyRole: String {
     ^
/Users/sergejhlystov/ALADDIN_NEW/ALADDIN_NEW/mobile_apps/ALADDIN_iOS/ViewModels/FamilyRegistrationViewModel.swift:6:6: note: found this candidate
enum FamilyRole: String, Codable, CaseIterable, Identifiable {
     ^
/Users/sergejhlystov/ALADDIN_NEW/ALADDIN_NEW/mobile_apps/ALADDIN_iOS/Shared/Components/Modals/RoleSelectionModal.swift:27:40: error: 'FamilyRole' is ambiguous for type lookup in this context
    private func description(for role: FamilyRole) -> String {
                                       ^~~~~~~~~~
/Users/sergejhlystov/ALADDIN_NEW/ALADDIN_NEW/mobile_apps/ALADDIN_iOS/ALADDINApp.swift:112:6: note: found this candidate
enum FamilyRole: String {
     ^
/Users/sergejhlystov/ALADDIN_NEW/ALADDIN_NEW/mobile_apps/ALADDIN_iOS/ViewModels/FamilyRegistrationViewModel.swift:6:6: note: found this candidate
enum FamilyRole: String, Codable, CaseIterable, Identifiable {
     ^
/Users/sergejhlystov/ALADDIN_NEW/ALADDIN_NEW/mobile_apps/ALADDIN_iOS/Shared/Components/Modals/RoleSelectionModal.swift:85:15: error: 'FamilyRole' is ambiguous for type lookup in this context
    let role: FamilyRole
              ^~~~~~~~~~
/Users/sergejhlystov/ALADDIN_NEW/ALADDIN_NEW/mobile_apps/ALADDIN_iOS/ALADDINApp.swift:112:6: note: found this candidate
enum FamilyRole: String {
     ^
/Users/sergejhlystov/ALADDIN_NEW/ALADDIN_NEW/mobile_apps/ALADDIN_iOS/ViewModels/FamilyRegistrationViewModel.swift:6:6: note: found this candidate
enum FamilyRole: String, Codable, CaseIterable, Identifiable {
     ^
/Users/sergejhlystov/ALADDIN_NEW/ALADDIN_NEW/mobile_apps/ALADDIN_iOS/Shared/Components/Modals/RoleSelectionModal.swift:89:33: error: 'FamilyRole' is ambiguous for type lookup in this context
    private func icon(for role: FamilyRole) -> String {
                                ^~~~~~~~~~
/Users/sergejhlystov/ALADDIN_NEW/ALADDIN_NEW/mobile_apps/ALADDIN_iOS/ALADDINApp.swift:112:6: note: found this candidate
enum FamilyRole: String {
     ^
/Users/sergejhlystov/ALADDIN_NEW/ALADDIN_NEW/mobile_apps/ALADDIN_iOS/ViewModels/FamilyRegistrationViewModel.swift:6:6: note: found this candidate
enum FamilyRole: String, Codable, CaseIterable, Identifiable {
     ^
/Users/sergejhlystov/ALADDIN_NEW/ALADDIN_NEW/mobile_apps/ALADDIN_iOS/Shared/Components/Modals/RoleSelectionModal.swift:98:40: error: 'FamilyRole' is ambiguous for type lookup in this context
    private func description(for role: FamilyRole) -> String {
                                       ^~~~~~~~~~
/Users/sergejhlystov/ALADDIN_NEW/ALADDIN_NEW/mobile_apps/ALADDIN_iOS/ALADDINApp.swift:112:6: note: found this candidate
enum FamilyRole: String {
     ^
/Users/sergejhlystov/ALADDIN_NEW/ALADDIN_NEW/mobile_apps/ALADDIN_iOS/ViewModels/FamilyRegistrationViewModel.swift:6:6: note: found this candidate
enum FamilyRole: String, Codable, CaseIterable, Identifiable {
     ^

CompileSwift normal x86_64 /Users/sergejhlystov/ALADDIN_NEW/ALADDIN_NEW/mobile_apps/ALADDIN_iOS/ViewModels/SupportViewModel.swift (in target 'ALADDIN' from project 'ALADDIN')
    cd /Users/sergejhlystov/ALADDIN_NEW/ALADDIN_NEW/mobile_apps/ALADDIN_iOS
    /Applications/Xcode.app/Contents/Developer/Toolchains/XcodeDefault.xctoolchain/usr/bin/swift-frontend -frontend -c /Users/sergejhlystov/ALADDIN_NEW/ALADDIN_NEW/mobile_apps/ALADDIN_iOS/Screens/RewardsQuickModal.swift /Users/sergejhlystov/ALADDIN_NEW/ALADDIN_NEW/mobile_apps/ALADDIN_iOS/Screens/08_ChildInterfaceScreen.swift /Users/sergejhlystov/ALADDIN_NEW/ALADDIN_NEW/mobile_apps/ALADDIN_iOS/ContentView.swift /Users/sergejhlystov/ALADDIN_NEW/ALADDIN_NEW/mobile_apps/ALADDIN_iOS/Shared/Components/ALADDINToggle.swift /Users/sergejhlystov/ALADDIN_NEW/ALADDIN_NEW/mobile_apps/ALADDIN_iOS/Components/Modals/AgeGroupSelectionModal.swift /Users/sergejhlystov/ALADDIN_NEW/ALADDIN_NEW/mobile_apps/ALADDIN_iOS/ALADDINApp.swift /Users/sergejhlystov/ALADDIN_NEW/ALADDIN_NEW/mobile_apps/ALADDIN_iOS/Shared/Models/FunctionStatus.swift /Users/sergejhlystov/ALADDIN_NEW/ALADDIN_NEW/mobile_apps/ALADDIN_iOS/ViewModels/MainViewModel.swift /Users/sergejhlystov/ALADDIN_NEW/ALADDIN_NEW/mobile_apps/ALADDIN_iOS/Shared/Components/Buttons/PrimaryButton.swift /Users/sergejhlystov/ALADDIN_NEW/ALADDIN_NEW/mobile_apps/ALADDIN_iOS/Screens/NotificationSettingsScreen.swift /Users/sergejhlystov/ALADDIN_NEW/ALADDIN_NEW/mobile_apps/ALADDIN_iOS/Screens/ChildContentScreen.swift /Users/sergejhlystov/ALADDIN_NEW/ALADDIN_NEW/mobile_apps/ALADDIN_iOS/Shared/Components/StatItem.swift /Users/sergejhlystov/ALADDIN_NEW/ALADDIN_NEW/mobile_apps/ALADDIN_iOS/Shared/Components/Cards/FamilyMemberCard.swift /Users/sergejhlystov/ALADDIN_NEW/ALADDIN_NEW/mobile_apps/ALADDIN_iOS/ViewModels/VPNViewModel.swift /Users/sergejhlystov/ALADDIN_NEW/ALADDIN_NEW/mobile_apps/ALADDIN_iOS/Core/Models/APIModels.swift /Users/sergejhlystov/ALADDIN_NEW/ALADDIN_NEW/mobile_apps/ALADDIN_iOS/Core/VPN/VPNManager.swift /Users/sergejhlystov/ALADDIN_NEW/ALADDIN_NEW/mobile_apps/ALADDIN_iOS/Screens/UnicornPetView.swift /Users/sergejhlystov/ALADDIN_NEW/ALADDIN_NEW/mobile_apps/ALADDIN_iOS/Core/Network/APIService.swift /Users/sergejhlystov/ALADDIN_NEW/ALADDIN_NEW/mobile_apps/ALADDIN_iOS/Screens/18_PrivacyPolicyScreen.swift /Users/sergejhlystov/ALADDIN_NEW/ALADDIN_NEW/mobile_apps/ALADDIN_iOS/Screens/10_TariffsScreen.swift /Users/sergejhlystov/ALADDIN_NEW/ALADDIN_NEW/mobile_apps/ALADDIN_iOS/Screens/03_VPNScreen.swift /Users/sergejhlystov/ALADDIN_NEW/ALADDIN_NEW/mobile_apps/ALADDIN_iOS/Screens/09_ElderlyInterfaceScreen.swift /Users/sergejhlystov/ALADDIN_NEW/ALADDIN_NEW/mobile_apps/ALADDIN_iOS/Shared/Components/SecondaryButton.swift /Users/sergejhlystov/ALADDIN_NEW/ALADDIN_NEW/mobile_apps/ALADDIN_iOS/Screens/11_ProfileScreen.swift /Users/sergejhlystov/ALADDIN_NEW/ALADDIN_NEW/mobile_apps/ALADDIN_iOS/Core/Network/NetworkManager.swift /Users/sergejhlystov/ALADDIN_NEW/ALADDIN_NEW/mobile_apps/ALADDIN_iOS/Screens/19_TermsOfServiceScreen.swift /Users/sergejhlystov/ALADDIN_NEW/ALADDIN_NEW/mobile_apps/ALADDIN_iOS/Core/Config/AppConfig.swift /Users/sergejhlystov/ALADDIN_NEW/ALADDIN_NEW/mobile_apps/ALADDIN_iOS/ViewModels/FamilyViewModel.swift /Users/sergejhlystov/ALADDIN_NEW/ALADDIN_NEW/mobile_apps/ALADDIN_iOS/ViewModels/AIAssistantViewModel.swift /Users/sergejhlystov/ALADDIN_NEW/ALADDIN_NEW/mobile_apps/ALADDIN_iOS/Screens/22_DeviceDetailScreen.swift /Users/sergejhlystov/ALADDIN_NEW/ALADDIN_NEW/mobile_apps/ALADDIN_iOS/Screens/WidgetConfigurationScreen.swift /Users/sergejhlystov/ALADDIN_NEW/ALADDIN_NEW/mobile_apps/ALADDIN_iOS/Core/Security/KeychainManager.swift /Users/sergejhlystov/ALADDIN_NEW/ALADDIN_NEW/mobile_apps/ALADDIN_iOS/Shared/Components/Modals/MemberStatsModalView.swift /Users/sergejhlystov/ALADDIN_NEW/ALADDIN_NEW/mobile_apps/ALADDIN_iOS/Shared/Styles/Spacing.swift /Users/sergejhlystov/ALADDIN_NEW/ALADDIN_NEW/mobile_apps/ALADDIN_iOS/Shared/Components/RecoveryOptionsModal.swift /Users/sergejhlystov/ALADDIN_NEW/ALADDIN_NEW/mobile_apps/ALADDIN_iOS/ViewModels/SettingsViewModel.swift -primary-file /Users/sergejhlystov/ALADDIN_NEW/ALADDIN_NEW/mobile_apps/ALADDIN_iOS/Shared/Components/InfoRow.swift -primary-file /Users/sergejhlystov/ALADDIN_NEW/ALADDIN_NEW/mobile_apps/ALADDIN_iOS/Screens/25_PaymentQRScreen.swift -primary-file /Users/sergejhlystov/ALADDIN_NEW/ALADDIN_NEW/mobile_apps/ALADDIN_iOS/Shared/Components/Modals/RoleSelectionModal.swift -primary-file /Users/sergejhlystov/ALADDIN_NEW/ALADDIN_NEW/mobile_apps/ALADDIN_iOS/ViewModels/SupportViewModel.swift -primary-file /Users/sergejhlystov/ALADDIN_NEW/ALADDIN_NEW/mobile_apps/ALADDIN_iOS/ViewModels/ChildInterfaceViewModel.swift -primary-file /Users/sergejhlystov/ALADDIN_NEW/ALADDIN_NEW/mobile_apps/ALADDIN_iOS/Screens/12_NotificationsScreen.swift -primary-file /Users/sergejhlystov/ALADDIN_NEW/ALADDIN_NEW/mobile_apps/ALADDIN_iOS/ViewModels/ElderlyInterfaceViewModel.swift -primary-file /Users/sergejhlystov/ALADDIN_NEW/ALADDIN_NEW/mobile_apps/ALADDIN_iOS/ViewModels/AnalyticsViewModel.swift -primary-file /Users/sergejhlystov/ALADDIN_NEW/ALADDIN_NEW/mobile_apps/ALADDIN_iOS/Core/Cache/CacheManager.swift -primary-file /Users/sergejhlystov/ALADDIN_NEW/ALADDIN_NEW/mobile_apps/ALADDIN_iOS/ViewModels/NotificationsViewModel.swift -primary-file /Users/sergejhlystov/ALADDIN_NEW/ALADDIN_NEW/mobile_apps/ALADDIN_iOS/Screens/06_AIAssistantScreen.swift /Users/sergejhlystov/ALADDIN_NEW/ALADDIN_NEW/mobile_apps/ALADDIN_iOS/ViewModels/ProfileViewModel.swift /Users/sergejhlystov/ALADDIN_NEW/ALADDIN_NEW/mobile_apps/ALADDIN_iOS/Components/Modals/ConsentModal.swift /Users/sergejhlystov/ALADDIN_NEW/ALADDIN_NEW/mobile_apps/ALADDIN_iOS/ViewModels/ParentalControlViewModel.swift /Users/sergejhlystov/ALADDIN_NEW/ALADDIN_NEW/mobile_apps/ALADDIN_iOS/ViewModels/OnboardingViewModel.swift /Users/sergejhlystov/ALADDIN_NEW/ALADDIN_NEW/mobile_apps/ALADDIN_iOS/Shared/Styles/Colors.swift /Users/sergejhlystov/ALADDIN_NEW/ALADDIN_NEW/mobile_apps/ALADDIN_iOS/Screens/ChildRewardsScreen.swift /Users/sergejhlystov/ALADDIN_NEW/ALADDIN_NEW/mobile_apps/ALADDIN_iOS/Screens/21_ReferralScreen.swift /Users/sergejhlystov/ALADDIN_NEW/ALADDIN_NEW/mobile_apps/ALADDIN_iOS/Shared/Components/AvatarSelector.swift /Users/sergejhlystov/ALADDIN_NEW/ALADDIN_NEW/mobile_apps/ALADDIN_iOS/Shared/Components/Navigation/ALADDINNavigationBar.swift /Users/sergejhlystov/ALADDIN_NEW/ALADDIN_NEW/mobile_apps/ALADDIN_iOS/Screens/14_OnboardingScreen.swift /Users/sergejhlystov/ALADDIN_NEW/ALADDIN_NEW/mobile_apps/ALADDIN_iOS/Components/Modals/FamilyCreatedModal.swift /Users/sergejhlystov/ALADDIN_NEW/ALADDIN_NEW/mobile_apps/ALADDIN_iOS/ViewModels/PaymentQRViewModel.swift /Users/sergejhlystov/ALADDIN_NEW/ALADDIN_NEW/mobile_apps/ALADDIN_iOS/Core/Navigation/NavigationManager.swift /Users/sergejhlystov/ALADDIN_NEW/ALADDIN_NEW/mobile_apps/ALADDIN_iOS/Core/Accessibility/AccessibilityManager.swift /Users/sergejhlystov/ALADDIN_NEW/ALADDIN_NEW/mobile_apps/ALADDIN_iOS/Core/Store/StoreManager.swift /Users/sergejhlystov/ALADDIN_NEW/ALADDIN_NEW/mobile_apps/ALADDIN_iOS/Screens/WheelOfFortuneView.swift /Users/sergejhlystov/ALADDIN_NEW/ALADDIN_NEW/mobile_apps/ALADDIN_iOS/Screens/UnicornUniverseView.swift /Users/sergejhlystov/ALADDIN_NEW/ALADDIN_NEW/mobile_apps/ALADDIN_iOS/Core/Localization/LocalizationManager.swift /Users/sergejhlystov/ALADDIN_NEW/ALADDIN_NEW/mobile_apps/ALADDIN_iOS/Screens/13_SupportScreen.swift /Users/sergejhlystov/ALADDIN_NEW/ALADDIN_NEW/mobile_apps/ALADDIN_iOS/Core/Analytics/AnalyticsManager.swift /Users/sergejhlystov/ALADDIN_NEW/ALADDIN_NEW/mobile_apps/ALADDIN_iOS/Screens/07_ParentalControlScreen.swift /Users/sergejhlystov/ALADDIN_NEW/ALADDIN_NEW/mobile_apps/ALADDIN_iOS/Screens/05_SettingsScreen.swift /Users/sergejhlystov/ALADDIN_NEW/ALADDIN_NEW/mobile_apps/ALADDIN_iOS/Screens/RewardsModalView.swift /Users/sergejhlystov/ALADDIN_NEW/ALADDIN_NEW/mobile_apps/ALADDIN_iOS/Screens/23_FamilyChatScreen.swift /Users/sergejhlystov/ALADDIN_NEW/ALADDIN_NEW/mobile_apps/ALADDIN_iOS/Screens/02_FamilyScreen.swift /Users/sergejhlystov/ALADDIN_NEW/ALADDIN_NEW/mobile_apps/ALADDIN_iOS/Screens/20_DevicesScreen.swift /Users/sergejhlystov/ALADDIN_NEW/ALADDIN_NEW/mobile_apps/ALADDIN_iOS/Shared/Components/ViewModifiers.swift /Users/sergejhlystov/ALADDIN_NEW/ALADDIN_NEW/mobile_apps/ALADDIN_iOS/Shared/Components/HapticFeedback.swift /Users/sergejhlystov/ALADDIN_NEW/ALADDIN_NEW/mobile_apps/ALADDIN_iOS/Screens/MainScreenWithRegistration.swift /Users/sergejhlystov/ALADDIN_NEW/ALADDIN_NEW/mobile_apps/ALADDIN_iOS/Core/Network/NetworkError.swift /Users/sergejhlystov/ALADDIN_NEW/ALADDIN_NEW/mobile_apps/ALADDIN_iOS/Screens/LanguageSettingsScreen.swift /Users/sergejhlystov/ALADDIN_NEW/ALADDIN_NEW/mobile_apps/ALADDIN_iOS/ViewModels/FamilyRegistrationViewModel.swift /Users/sergejhlystov/ALADDIN_NEW/ALADDIN_NEW/mobile_apps/ALADDIN_iOS/Shared/Styles/CornerRadius.swift /Users/sergejhlystov/ALADDIN_NEW/ALADDIN_NEW/mobile_apps/ALADDIN_iOS/Screens/01_MainScreen.swift /Users/sergejhlystov/ALADDIN_NEW/ALADDIN_NEW/mobile_apps/ALADDIN_iOS/Screens/FamilyTournamentView.swift /Users/sergejhlystov/ALADDIN_NEW/ALADDIN_NEW/mobile_apps/ALADDIN_iOS/Shared/Styles/Fonts.swift /Users/sergejhlystov/ALADDIN_NEW/ALADDIN_NEW/mobile_apps/ALADDIN_iOS/Screens/GamesParentalControlView.swift /Users/sergejhlystov/ALADDIN_NEW/ALADDIN_NEW/mobile_apps/ALADDIN_iOS/Shared/Components/QRScannerModal.swift /Users/sergejhlystov/ALADDIN_NEW/ALADDIN_NEW/mobile_apps/ALADDIN_iOS/Screens/04_AnalyticsScreen.swift /Users/sergejhlystov/ALADDIN_NEW/ALADDIN_NEW/mobile_apps/ALADDIN_iOS/Screens/24_VPNEnergyStatsScreen.swift /Users/sergejhlystov/ALADDIN_NEW/ALADDIN_NEW/mobile_apps/ALADDIN_iOS/Shared/Components/Modals/ProfileEditView.swift /Users/sergejhlystov/ALADDIN_NEW/ALADDIN_NEW/mobile_apps/ALADDIN_iOS/ViewModels/TariffsViewModel.swift /Users/sergejhlystov/ALADDIN_NEW/ALADDIN_NEW/mobile_apps/ALADDIN_iOS/Core/Notifications/NotificationManager.swift /Users/sergejhlystov/ALADDIN_NEW/ALADDIN_NEW/mobile_apps/ALADDIN_iOS/Core/Security/SecurityManager.swift -supplementary-output-file-map /var/folders/rf/6rxcyql17sz57_02ng7jd7pr0000gn/T/TemporaryDirectory.wFGpdC/supplementaryOutputs-4 -target x86_64-apple-ios15.0-simulator -enable-objc-interop -sdk /Applications/Xcode.app/Contents/Developer/Platforms/iPhoneSimulator.platform/Developer/SDKs/iPhoneSimulator15.2.sdk -I /Users/sergejhlystov/Library/Developer/Xcode/DerivedData/ALADDIN-eahryzmutvtbyceygnlyjsmiiaha/Build/Products/Debug-iphonesimulator -F /Users/sergejhlystov/Library/Developer/Xcode/DerivedData/ALADDIN-eahryzmutvtbyceygnlyjsmiiaha/Build/Products/Debug-iphonesimulator -enable-testing -g -module-cache-path /Users/sergejhlystov/Library/Developer/Xcode/DerivedData/ModuleCache.noindex -emit-localized-strings -emit-localized-strings-path /Users/sergejhlystov/Library/Developer/Xcode/DerivedData/ALADDIN-eahryzmutvtbyceygnlyjsmiiaha/Build/Intermediates.noindex/ALADDIN.build/Debug-iphonesimulator/ALADDIN.build/Objects-normal/x86_64 -swift-version 5 -enforce-exclusivity\=checked -Onone -D DEBUG -new-driver-path /Applications/Xcode.app/Contents/Developer/Toolchains/XcodeDefault.xctoolchain/usr/bin/swift-driver -serialize-debugging-options -Xcc -working-directory -Xcc /Users/sergejhlystov/ALADDIN_NEW/ALADDIN_NEW/mobile_apps/ALADDIN_iOS -resource-dir /Applications/Xcode.app/Contents/Developer/Toolchains/XcodeDefault.xctoolchain/usr/lib/swift -enable-anonymous-context-mangled-names -Xcc -I/Users/sergejhlystov/Library/Developer/Xcode/DerivedData/ALADDIN-eahryzmutvtbyceygnlyjsmiiaha/Build/Intermediates.noindex/ALADDIN.build/Debug-iphonesimulator/ALADDIN.build/swift-overrides.hmap -Xcc -iquote -Xcc /Users/sergejhlystov/Library/Developer/Xcode/DerivedData/ALADDIN-eahryzmutvtbyceygnlyjsmiiaha/Build/Intermediates.noindex/ALADDIN.build/Debug-iphonesimulator/ALADDIN.build/ALADDIN-generated-files.hmap -Xcc -I/Users/sergejhlystov/Library/Developer/Xcode/DerivedData/ALADDIN-eahryzmutvtbyceygnlyjsmiiaha/Build/Intermediates.noindex/ALADDIN.build/Debug-iphonesimulator/ALADDIN.build/ALADDIN-own-target-headers.hmap -Xcc -I/Users/sergejhlystov/Library/Developer/Xcode/DerivedData/ALADDIN-eahryzmutvtbyceygnlyjsmiiaha/Build/Intermediates.noindex/ALADDIN.build/Debug-iphonesimulator/ALADDIN.build/ALADDIN-all-target-headers.hmap -Xcc -iquote -Xcc /Users/sergejhlystov/Library/Developer/Xcode/DerivedData/ALADDIN-eahryzmutvtbyceygnlyjsmiiaha/Build/Intermediates.noindex/ALADDIN.build/Debug-iphonesimulator/ALADDIN.build/ALADDIN-project-headers.hmap -Xcc -I/Users/sergejhlystov/Library/Developer/Xcode/DerivedData/ALADDIN-eahryzmutvtbyceygnlyjsmiiaha/Build/Products/Debug-iphonesimulator/include -Xcc -I/Users/sergejhlystov/Library/Developer/Xcode/DerivedData/ALADDIN-eahryzmutvtbyceygnlyjsmiiaha/Build/Intermediates.noindex/ALADDIN.build/Debug-iphonesimulator/ALADDIN.build/DerivedSources-normal/x86_64 -Xcc -I/Users/sergejhlystov/Library/Developer/Xcode/DerivedData/ALADDIN-eahryzmutvtbyceygnlyjsmiiaha/Build/Intermediates.noindex/ALADDIN.build/Debug-iphonesimulator/ALADDIN.build/DerivedSources/x86_64 -Xcc -I/Users/sergejhlystov/Library/Developer/Xcode/DerivedData/ALADDIN-eahryzmutvtbyceygnlyjsmiiaha/Build/Intermediates.noindex/ALADDIN.build/Debug-iphonesimulator/ALADDIN.build/DerivedSources -Xcc -DDEBUG\=1 -module-name ALADDIN -target-sdk-version 15.2.0 -o /Users/sergejhlystov/Library/Developer/Xcode/DerivedData/ALADDIN-eahryzmutvtbyceygnlyjsmiiaha/Build/Intermediates.noindex/ALADDIN.build/Debug-iphonesimulator/ALADDIN.build/Objects-normal/x86_64/InfoRow.o -o /Users/sergejhlystov/Library/Developer/Xcode/DerivedData/ALADDIN-eahryzmutvtbyceygnlyjsmiiaha/Build/Intermediates.noindex/ALADDIN.build/Debug-iphonesimulator/ALADDIN.build/Objects-normal/x86_64/25_PaymentQRScreen.o -o /Users/sergejhlystov/Library/Developer/Xcode/DerivedData/ALADDIN-eahryzmutvtbyceygnlyjsmiiaha/Build/Intermediates.noindex/ALADDIN.build/Debug-iphonesimulator/ALADDIN.build/Objects-normal/x86_64/RoleSelectionModal.o -o /Users/sergejhlystov/Library/Developer/Xcode/DerivedData/ALADDIN-eahryzmutvtbyceygnlyjsmiiaha/Build/Intermediates.noindex/ALADDIN.build/Debug-iphonesimulator/ALADDIN.build/Objects-normal/x86_64/SupportViewModel.o -o /Users/sergejhlystov/Library/Developer/Xcode/DerivedData/ALADDIN-eahryzmutvtbyceygnlyjsmiiaha/Build/Intermediates.noindex/ALADDIN.build/Debug-iphonesimulator/ALADDIN.build/Objects-normal/x86_64/ChildInterfaceViewModel.o -o /Users/sergejhlystov/Library/Developer/Xcode/DerivedData/ALADDIN-eahryzmutvtbyceygnlyjsmiiaha/Build/Intermediates.noindex/ALADDIN.build/Debug-iphonesimulator/ALADDIN.build/Objects-normal/x86_64/12_NotificationsScreen.o -o /Users/sergejhlystov/Library/Developer/Xcode/DerivedData/ALADDIN-eahryzmutvtbyceygnlyjsmiiaha/Build/Intermediates.noindex/ALADDIN.build/Debug-iphonesimulator/ALADDIN.build/Objects-normal/x86_64/ElderlyInterfaceViewModel.o -o /Users/sergejhlystov/Library/Developer/Xcode/DerivedData/ALADDIN-eahryzmutvtbyceygnlyjsmiiaha/Build/Intermediates.noindex/ALADDIN.build/Debug-iphonesimulator/ALADDIN.build/Objects-normal/x86_64/AnalyticsViewModel.o -o /Users/sergejhlystov/Library/Developer/Xcode/DerivedData/ALADDIN-eahryzmutvtbyceygnlyjsmiiaha/Build/Intermediates.noindex/ALADDIN.build/Debug-iphonesimulator/ALADDIN.build/Objects-normal/x86_64/CacheManager.o -o /Users/sergejhlystov/Library/Developer/Xcode/DerivedData/ALADDIN-eahryzmutvtbyceygnlyjsmiiaha/Build/Intermediates.noindex/ALADDIN.build/Debug-iphonesimulator/ALADDIN.build/Objects-normal/x86_64/NotificationsViewModel.o -o /Users/sergejhlystov/Library/Developer/Xcode/DerivedData/ALADDIN-eahryzmutvtbyceygnlyjsmiiaha/Build/Intermediates.noindex/ALADDIN.build/Debug-iphonesimulator/ALADDIN.build/Objects-normal/x86_64/06_AIAssistantScreen.o -index-store-path /Users/sergejhlystov/Library/Developer/Xcode/DerivedData/ALADDIN-eahryzmutvtbyceygnlyjsmiiaha/Index/DataStore -index-system-modules
/Users/sergejhlystov/ALADDIN_NEW/ALADDIN_NEW/mobile_apps/ALADDIN_iOS/Shared/Components/Modals/RoleSelectionModal.swift:13:38: error: 'FamilyRole' is ambiguous for type lookup in this context
    @State private var selectedRole: FamilyRole = .parent
                                     ^~~~~~~~~~
/Users/sergejhlystov/ALADDIN_NEW/ALADDIN_NEW/mobile_apps/ALADDIN_iOS/ALADDINApp.swift:112:6: note: found this candidate
enum FamilyRole: String {
     ^
/Users/sergejhlystov/ALADDIN_NEW/ALADDIN_NEW/mobile_apps/ALADDIN_iOS/ViewModels/FamilyRegistrationViewModel.swift:6:6: note: found this candidate
enum FamilyRole: String, Codable, CaseIterable, Identifiable {
     ^
/Users/sergejhlystov/ALADDIN_NEW/ALADDIN_NEW/mobile_apps/ALADDIN_iOS/Shared/Components/Modals/RoleSelectionModal.swift:14:26: error: 'FamilyRole' is ambiguous for type lookup in this context
    let onRoleSelected: (FamilyRole) -> Void
                         ^~~~~~~~~~
/Users/sergejhlystov/ALADDIN_NEW/ALADDIN_NEW/mobile_apps/ALADDIN_iOS/ALADDINApp.swift:112:6: note: found this candidate
enum FamilyRole: String {
     ^
/Users/sergejhlystov/ALADDIN_NEW/ALADDIN_NEW/mobile_apps/ALADDIN_iOS/ViewModels/FamilyRegistrationViewModel.swift:6:6: note: found this candidate
enum FamilyRole: String, Codable, CaseIterable, Identifiable {
     ^
/Users/sergejhlystov/ALADDIN_NEW/ALADDIN_NEW/mobile_apps/ALADDIN_iOS/Shared/Components/Modals/RoleSelectionModal.swift:18:33: error: 'FamilyRole' is ambiguous for type lookup in this context
    private func icon(for role: FamilyRole) -> String {
                                ^~~~~~~~~~
/Users/sergejhlystov/ALADDIN_NEW/ALADDIN_NEW/mobile_apps/ALADDIN_iOS/ALADDINApp.swift:112:6: note: found this candidate
enum FamilyRole: String {
     ^
/Users/sergejhlystov/ALADDIN_NEW/ALADDIN_NEW/mobile_apps/ALADDIN_iOS/ViewModels/FamilyRegistrationViewModel.swift:6:6: note: found this candidate
enum FamilyRole: String, Codable, CaseIterable, Identifiable {
     ^
/Users/sergejhlystov/ALADDIN_NEW/ALADDIN_NEW/mobile_apps/ALADDIN_iOS/Shared/Components/Modals/RoleSelectionModal.swift:27:40: error: 'FamilyRole' is ambiguous for type lookup in this context
    private func description(for role: FamilyRole) -> String {
                                       ^~~~~~~~~~
/Users/sergejhlystov/ALADDIN_NEW/ALADDIN_NEW/mobile_apps/ALADDIN_iOS/ALADDINApp.swift:112:6: note: found this candidate
enum FamilyRole: String {
     ^
/Users/sergejhlystov/ALADDIN_NEW/ALADDIN_NEW/mobile_apps/ALADDIN_iOS/ViewModels/FamilyRegistrationViewModel.swift:6:6: note: found this candidate
enum FamilyRole: String, Codable, CaseIterable, Identifiable {
     ^
/Users/sergejhlystov/ALADDIN_NEW/ALADDIN_NEW/mobile_apps/ALADDIN_iOS/Shared/Components/Modals/RoleSelectionModal.swift:85:15: error: 'FamilyRole' is ambiguous for type lookup in this context
    let role: FamilyRole
              ^~~~~~~~~~
/Users/sergejhlystov/ALADDIN_NEW/ALADDIN_NEW/mobile_apps/ALADDIN_iOS/ALADDINApp.swift:112:6: note: found this candidate
enum FamilyRole: String {
     ^
/Users/sergejhlystov/ALADDIN_NEW/ALADDIN_NEW/mobile_apps/ALADDIN_iOS/ViewModels/FamilyRegistrationViewModel.swift:6:6: note: found this candidate
enum FamilyRole: String, Codable, CaseIterable, Identifiable {
     ^
/Users/sergejhlystov/ALADDIN_NEW/ALADDIN_NEW/mobile_apps/ALADDIN_iOS/Shared/Components/Modals/RoleSelectionModal.swift:89:33: error: 'FamilyRole' is ambiguous for type lookup in this context
    private func icon(for role: FamilyRole) -> String {
                                ^~~~~~~~~~
/Users/sergejhlystov/ALADDIN_NEW/ALADDIN_NEW/mobile_apps/ALADDIN_iOS/ALADDINApp.swift:112:6: note: found this candidate
enum FamilyRole: String {
     ^
/Users/sergejhlystov/ALADDIN_NEW/ALADDIN_NEW/mobile_apps/ALADDIN_iOS/ViewModels/FamilyRegistrationViewModel.swift:6:6: note: found this candidate
enum FamilyRole: String, Codable, CaseIterable, Identifiable {
     ^
/Users/sergejhlystov/ALADDIN_NEW/ALADDIN_NEW/mobile_apps/ALADDIN_iOS/Shared/Components/Modals/RoleSelectionModal.swift:98:40: error: 'FamilyRole' is ambiguous for type lookup in this context
    private func description(for role: FamilyRole) -> String {
                                       ^~~~~~~~~~
/Users/sergejhlystov/ALADDIN_NEW/ALADDIN_NEW/mobile_apps/ALADDIN_iOS/ALADDINApp.swift:112:6: note: found this candidate
enum FamilyRole: String {
     ^
/Users/sergejhlystov/ALADDIN_NEW/ALADDIN_NEW/mobile_apps/ALADDIN_iOS/ViewModels/FamilyRegistrationViewModel.swift:6:6: note: found this candidate
enum FamilyRole: String, Codable, CaseIterable, Identifiable {
     ^
/Users/sergejhlystov/Library/Developer/Xcode/DerivedData/ALADDIN-eahryzmutvtbyceygnlyjsmiiaha/Build/Intermediates.noindex/ALADDIN.build/Debug-iphonesimulator/ALADDIN.build/Objects-normal/x86_64/SupportViewModel.dia:1:1: warning: Could not read serialized diagnostics file: error("Invalid diagnostics signature") (in target 'ALADDIN' from project 'ALADDIN')
Command CompileSwift failed with a nonzero exit code

CompileSwift normal x86_64 /Users/sergejhlystov/ALADDIN_NEW/ALADDIN_NEW/mobile_apps/ALADDIN_iOS/ViewModels/ChildInterfaceViewModel.swift (in target 'ALADDIN' from project 'ALADDIN')
    cd /Users/sergejhlystov/ALADDIN_NEW/ALADDIN_NEW/mobile_apps/ALADDIN_iOS
    /Applications/Xcode.app/Contents/Developer/Toolchains/XcodeDefault.xctoolchain/usr/bin/swift-frontend -frontend -c /Users/sergejhlystov/ALADDIN_NEW/ALADDIN_NEW/mobile_apps/ALADDIN_iOS/Screens/RewardsQuickModal.swift /Users/sergejhlystov/ALADDIN_NEW/ALADDIN_NEW/mobile_apps/ALADDIN_iOS/Screens/08_ChildInterfaceScreen.swift /Users/sergejhlystov/ALADDIN_NEW/ALADDIN_NEW/mobile_apps/ALADDIN_iOS/ContentView.swift /Users/sergejhlystov/ALADDIN_NEW/ALADDIN_NEW/mobile_apps/ALADDIN_iOS/Shared/Components/ALADDINToggle.swift /Users/sergejhlystov/ALADDIN_NEW/ALADDIN_NEW/mobile_apps/ALADDIN_iOS/Components/Modals/AgeGroupSelectionModal.swift /Users/sergejhlystov/ALADDIN_NEW/ALADDIN_NEW/mobile_apps/ALADDIN_iOS/ALADDINApp.swift /Users/sergejhlystov/ALADDIN_NEW/ALADDIN_NEW/mobile_apps/ALADDIN_iOS/Shared/Models/FunctionStatus.swift /Users/sergejhlystov/ALADDIN_NEW/ALADDIN_NEW/mobile_apps/ALADDIN_iOS/ViewModels/MainViewModel.swift /Users/sergejhlystov/ALADDIN_NEW/ALADDIN_NEW/mobile_apps/ALADDIN_iOS/Shared/Components/Buttons/PrimaryButton.swift /Users/sergejhlystov/ALADDIN_NEW/ALADDIN_NEW/mobile_apps/ALADDIN_iOS/Screens/NotificationSettingsScreen.swift /Users/sergejhlystov/ALADDIN_NEW/ALADDIN_NEW/mobile_apps/ALADDIN_iOS/Screens/ChildContentScreen.swift /Users/sergejhlystov/ALADDIN_NEW/ALADDIN_NEW/mobile_apps/ALADDIN_iOS/Shared/Components/StatItem.swift /Users/sergejhlystov/ALADDIN_NEW/ALADDIN_NEW/mobile_apps/ALADDIN_iOS/Shared/Components/Cards/FamilyMemberCard.swift /Users/sergejhlystov/ALADDIN_NEW/ALADDIN_NEW/mobile_apps/ALADDIN_iOS/ViewModels/VPNViewModel.swift /Users/sergejhlystov/ALADDIN_NEW/ALADDIN_NEW/mobile_apps/ALADDIN_iOS/Core/Models/APIModels.swift /Users/sergejhlystov/ALADDIN_NEW/ALADDIN_NEW/mobile_apps/ALADDIN_iOS/Core/VPN/VPNManager.swift /Users/sergejhlystov/ALADDIN_NEW/ALADDIN_NEW/mobile_apps/ALADDIN_iOS/Screens/UnicornPetView.swift /Users/sergejhlystov/ALADDIN_NEW/ALADDIN_NEW/mobile_apps/ALADDIN_iOS/Core/Network/APIService.swift /Users/sergejhlystov/ALADDIN_NEW/ALADDIN_NEW/mobile_apps/ALADDIN_iOS/Screens/18_PrivacyPolicyScreen.swift /Users/sergejhlystov/ALADDIN_NEW/ALADDIN_NEW/mobile_apps/ALADDIN_iOS/Screens/10_TariffsScreen.swift /Users/sergejhlystov/ALADDIN_NEW/ALADDIN_NEW/mobile_apps/ALADDIN_iOS/Screens/03_VPNScreen.swift /Users/sergejhlystov/ALADDIN_NEW/ALADDIN_NEW/mobile_apps/ALADDIN_iOS/Screens/09_ElderlyInterfaceScreen.swift /Users/sergejhlystov/ALADDIN_NEW/ALADDIN_NEW/mobile_apps/ALADDIN_iOS/Shared/Components/SecondaryButton.swift /Users/sergejhlystov/ALADDIN_NEW/ALADDIN_NEW/mobile_apps/ALADDIN_iOS/Screens/11_ProfileScreen.swift /Users/sergejhlystov/ALADDIN_NEW/ALADDIN_NEW/mobile_apps/ALADDIN_iOS/Core/Network/NetworkManager.swift /Users/sergejhlystov/ALADDIN_NEW/ALADDIN_NEW/mobile_apps/ALADDIN_iOS/Screens/19_TermsOfServiceScreen.swift /Users/sergejhlystov/ALADDIN_NEW/ALADDIN_NEW/mobile_apps/ALADDIN_iOS/Core/Config/AppConfig.swift /Users/sergejhlystov/ALADDIN_NEW/ALADDIN_NEW/mobile_apps/ALADDIN_iOS/ViewModels/FamilyViewModel.swift /Users/sergejhlystov/ALADDIN_NEW/ALADDIN_NEW/mobile_apps/ALADDIN_iOS/ViewModels/AIAssistantViewModel.swift /Users/sergejhlystov/ALADDIN_NEW/ALADDIN_NEW/mobile_apps/ALADDIN_iOS/Screens/22_DeviceDetailScreen.swift /Users/sergejhlystov/ALADDIN_NEW/ALADDIN_NEW/mobile_apps/ALADDIN_iOS/Screens/WidgetConfigurationScreen.swift /Users/sergejhlystov/ALADDIN_NEW/ALADDIN_NEW/mobile_apps/ALADDIN_iOS/Core/Security/KeychainManager.swift /Users/sergejhlystov/ALADDIN_NEW/ALADDIN_NEW/mobile_apps/ALADDIN_iOS/Shared/Components/Modals/MemberStatsModalView.swift /Users/sergejhlystov/ALADDIN_NEW/ALADDIN_NEW/mobile_apps/ALADDIN_iOS/Shared/Styles/Spacing.swift /Users/sergejhlystov/ALADDIN_NEW/ALADDIN_NEW/mobile_apps/ALADDIN_iOS/Shared/Components/RecoveryOptionsModal.swift /Users/sergejhlystov/ALADDIN_NEW/ALADDIN_NEW/mobile_apps/ALADDIN_iOS/ViewModels/SettingsViewModel.swift -primary-file /Users/sergejhlystov/ALADDIN_NEW/ALADDIN_NEW/mobile_apps/ALADDIN_iOS/Shared/Components/InfoRow.swift -primary-file /Users/sergejhlystov/ALADDIN_NEW/ALADDIN_NEW/mobile_apps/ALADDIN_iOS/Screens/25_PaymentQRScreen.swift -primary-file /Users/sergejhlystov/ALADDIN_NEW/ALADDIN_NEW/mobile_apps/ALADDIN_iOS/Shared/Components/Modals/RoleSelectionModal.swift -primary-file /Users/sergejhlystov/ALADDIN_NEW/ALADDIN_NEW/mobile_apps/ALADDIN_iOS/ViewModels/SupportViewModel.swift -primary-file /Users/sergejhlystov/ALADDIN_NEW/ALADDIN_NEW/mobile_apps/ALADDIN_iOS/ViewModels/ChildInterfaceViewModel.swift -primary-file /Users/sergejhlystov/ALADDIN_NEW/ALADDIN_NEW/mobile_apps/ALADDIN_iOS/Screens/12_NotificationsScreen.swift -primary-file /Users/sergejhlystov/ALADDIN_NEW/ALADDIN_NEW/mobile_apps/ALADDIN_iOS/ViewModels/ElderlyInterfaceViewModel.swift -primary-file /Users/sergejhlystov/ALADDIN_NEW/ALADDIN_NEW/mobile_apps/ALADDIN_iOS/ViewModels/AnalyticsViewModel.swift -primary-file /Users/sergejhlystov/ALADDIN_NEW/ALADDIN_NEW/mobile_apps/ALADDIN_iOS/Core/Cache/CacheManager.swift -primary-file /Users/sergejhlystov/ALADDIN_NEW/ALADDIN_NEW/mobile_apps/ALADDIN_iOS/ViewModels/NotificationsViewModel.swift -primary-file /Users/sergejhlystov/ALADDIN_NEW/ALADDIN_NEW/mobile_apps/ALADDIN_iOS/Screens/06_AIAssistantScreen.swift /Users/sergejhlystov/ALADDIN_NEW/ALADDIN_NEW/mobile_apps/ALADDIN_iOS/ViewModels/ProfileViewModel.swift /Users/sergejhlystov/ALADDIN_NEW/ALADDIN_NEW/mobile_apps/ALADDIN_iOS/Components/Modals/ConsentModal.swift /Users/sergejhlystov/ALADDIN_NEW/ALADDIN_NEW/mobile_apps/ALADDIN_iOS/ViewModels/ParentalControlViewModel.swift /Users/sergejhlystov/ALADDIN_NEW/ALADDIN_NEW/mobile_apps/ALADDIN_iOS/ViewModels/OnboardingViewModel.swift /Users/sergejhlystov/ALADDIN_NEW/ALADDIN_NEW/mobile_apps/ALADDIN_iOS/Shared/Styles/Colors.swift /Users/sergejhlystov/ALADDIN_NEW/ALADDIN_NEW/mobile_apps/ALADDIN_iOS/Screens/ChildRewardsScreen.swift /Users/sergejhlystov/ALADDIN_NEW/ALADDIN_NEW/mobile_apps/ALADDIN_iOS/Screens/21_ReferralScreen.swift /Users/sergejhlystov/ALADDIN_NEW/ALADDIN_NEW/mobile_apps/ALADDIN_iOS/Shared/Components/AvatarSelector.swift /Users/sergejhlystov/ALADDIN_NEW/ALADDIN_NEW/mobile_apps/ALADDIN_iOS/Shared/Components/Navigation/ALADDINNavigationBar.swift /Users/sergejhlystov/ALADDIN_NEW/ALADDIN_NEW/mobile_apps/ALADDIN_iOS/Screens/14_OnboardingScreen.swift /Users/sergejhlystov/ALADDIN_NEW/ALADDIN_NEW/mobile_apps/ALADDIN_iOS/Components/Modals/FamilyCreatedModal.swift /Users/sergejhlystov/ALADDIN_NEW/ALADDIN_NEW/mobile_apps/ALADDIN_iOS/ViewModels/PaymentQRViewModel.swift /Users/sergejhlystov/ALADDIN_NEW/ALADDIN_NEW/mobile_apps/ALADDIN_iOS/Core/Navigation/NavigationManager.swift /Users/sergejhlystov/ALADDIN_NEW/ALADDIN_NEW/mobile_apps/ALADDIN_iOS/Core/Accessibility/AccessibilityManager.swift /Users/sergejhlystov/ALADDIN_NEW/ALADDIN_NEW/mobile_apps/ALADDIN_iOS/Core/Store/StoreManager.swift /Users/sergejhlystov/ALADDIN_NEW/ALADDIN_NEW/mobile_apps/ALADDIN_iOS/Screens/WheelOfFortuneView.swift /Users/sergejhlystov/ALADDIN_NEW/ALADDIN_NEW/mobile_apps/ALADDIN_iOS/Screens/UnicornUniverseView.swift /Users/sergejhlystov/ALADDIN_NEW/ALADDIN_NEW/mobile_apps/ALADDIN_iOS/Core/Localization/LocalizationManager.swift /Users/sergejhlystov/ALADDIN_NEW/ALADDIN_NEW/mobile_apps/ALADDIN_iOS/Screens/13_SupportScreen.swift /Users/sergejhlystov/ALADDIN_NEW/ALADDIN_NEW/mobile_apps/ALADDIN_iOS/Core/Analytics/AnalyticsManager.swift /Users/sergejhlystov/ALADDIN_NEW/ALADDIN_NEW/mobile_apps/ALADDIN_iOS/Screens/07_ParentalControlScreen.swift /Users/sergejhlystov/ALADDIN_NEW/ALADDIN_NEW/mobile_apps/ALADDIN_iOS/Screens/05_SettingsScreen.swift /Users/sergejhlystov/ALADDIN_NEW/ALADDIN_NEW/mobile_apps/ALADDIN_iOS/Screens/RewardsModalView.swift /Users/sergejhlystov/ALADDIN_NEW/ALADDIN_NEW/mobile_apps/ALADDIN_iOS/Screens/23_FamilyChatScreen.swift /Users/sergejhlystov/ALADDIN_NEW/ALADDIN_NEW/mobile_apps/ALADDIN_iOS/Screens/02_FamilyScreen.swift /Users/sergejhlystov/ALADDIN_NEW/ALADDIN_NEW/mobile_apps/ALADDIN_iOS/Screens/20_DevicesScreen.swift /Users/sergejhlystov/ALADDIN_NEW/ALADDIN_NEW/mobile_apps/ALADDIN_iOS/Shared/Components/ViewModifiers.swift /Users/sergejhlystov/ALADDIN_NEW/ALADDIN_NEW/mobile_apps/ALADDIN_iOS/Shared/Components/HapticFeedback.swift /Users/sergejhlystov/ALADDIN_NEW/ALADDIN_NEW/mobile_apps/ALADDIN_iOS/Screens/MainScreenWithRegistration.swift /Users/sergejhlystov/ALADDIN_NEW/ALADDIN_NEW/mobile_apps/ALADDIN_iOS/Core/Network/NetworkError.swift /Users/sergejhlystov/ALADDIN_NEW/ALADDIN_NEW/mobile_apps/ALADDIN_iOS/Screens/LanguageSettingsScreen.swift /Users/sergejhlystov/ALADDIN_NEW/ALADDIN_NEW/mobile_apps/ALADDIN_iOS/ViewModels/FamilyRegistrationViewModel.swift /Users/sergejhlystov/ALADDIN_NEW/ALADDIN_NEW/mobile_apps/ALADDIN_iOS/Shared/Styles/CornerRadius.swift /Users/sergejhlystov/ALADDIN_NEW/ALADDIN_NEW/mobile_apps/ALADDIN_iOS/Screens/01_MainScreen.swift /Users/sergejhlystov/ALADDIN_NEW/ALADDIN_NEW/mobile_apps/ALADDIN_iOS/Screens/FamilyTournamentView.swift /Users/sergejhlystov/ALADDIN_NEW/ALADDIN_NEW/mobile_apps/ALADDIN_iOS/Shared/Styles/Fonts.swift /Users/sergejhlystov/ALADDIN_NEW/ALADDIN_NEW/mobile_apps/ALADDIN_iOS/Screens/GamesParentalControlView.swift /Users/sergejhlystov/ALADDIN_NEW/ALADDIN_NEW/mobile_apps/ALADDIN_iOS/Shared/Components/QRScannerModal.swift /Users/sergejhlystov/ALADDIN_NEW/ALADDIN_NEW/mobile_apps/ALADDIN_iOS/Screens/04_AnalyticsScreen.swift /Users/sergejhlystov/ALADDIN_NEW/ALADDIN_NEW/mobile_apps/ALADDIN_iOS/Screens/24_VPNEnergyStatsScreen.swift /Users/sergejhlystov/ALADDIN_NEW/ALADDIN_NEW/mobile_apps/ALADDIN_iOS/Shared/Components/Modals/ProfileEditView.swift /Users/sergejhlystov/ALADDIN_NEW/ALADDIN_NEW/mobile_apps/ALADDIN_iOS/ViewModels/TariffsViewModel.swift /Users/sergejhlystov/ALADDIN_NEW/ALADDIN_NEW/mobile_apps/ALADDIN_iOS/Core/Notifications/NotificationManager.swift /Users/sergejhlystov/ALADDIN_NEW/ALADDIN_NEW/mobile_apps/ALADDIN_iOS/Core/Security/SecurityManager.swift -supplementary-output-file-map /var/folders/rf/6rxcyql17sz57_02ng7jd7pr0000gn/T/TemporaryDirectory.wFGpdC/supplementaryOutputs-4 -target x86_64-apple-ios15.0-simulator -enable-objc-interop -sdk /Applications/Xcode.app/Contents/Developer/Platforms/iPhoneSimulator.platform/Developer/SDKs/iPhoneSimulator15.2.sdk -I /Users/sergejhlystov/Library/Developer/Xcode/DerivedData/ALADDIN-eahryzmutvtbyceygnlyjsmiiaha/Build/Products/Debug-iphonesimulator -F /Users/sergejhlystov/Library/Developer/Xcode/DerivedData/ALADDIN-eahryzmutvtbyceygnlyjsmiiaha/Build/Products/Debug-iphonesimulator -enable-testing -g -module-cache-path /Users/sergejhlystov/Library/Developer/Xcode/DerivedData/ModuleCache.noindex -emit-localized-strings -emit-localized-strings-path /Users/sergejhlystov/Library/Developer/Xcode/DerivedData/ALADDIN-eahryzmutvtbyceygnlyjsmiiaha/Build/Intermediates.noindex/ALADDIN.build/Debug-iphonesimulator/ALADDIN.build/Objects-normal/x86_64 -swift-version 5 -enforce-exclusivity\=checked -Onone -D DEBUG -new-driver-path /Applications/Xcode.app/Contents/Developer/Toolchains/XcodeDefault.xctoolchain/usr/bin/swift-driver -serialize-debugging-options -Xcc -working-directory -Xcc /Users/sergejhlystov/ALADDIN_NEW/ALADDIN_NEW/mobile_apps/ALADDIN_iOS -resource-dir /Applications/Xcode.app/Contents/Developer/Toolchains/XcodeDefault.xctoolchain/usr/lib/swift -enable-anonymous-context-mangled-names -Xcc -I/Users/sergejhlystov/Library/Developer/Xcode/DerivedData/ALADDIN-eahryzmutvtbyceygnlyjsmiiaha/Build/Intermediates.noindex/ALADDIN.build/Debug-iphonesimulator/ALADDIN.build/swift-overrides.hmap -Xcc -iquote -Xcc /Users/sergejhlystov/Library/Developer/Xcode/DerivedData/ALADDIN-eahryzmutvtbyceygnlyjsmiiaha/Build/Intermediates.noindex/ALADDIN.build/Debug-iphonesimulator/ALADDIN.build/ALADDIN-generated-files.hmap -Xcc -I/Users/sergejhlystov/Library/Developer/Xcode/DerivedData/ALADDIN-eahryzmutvtbyceygnlyjsmiiaha/Build/Intermediates.noindex/ALADDIN.build/Debug-iphonesimulator/ALADDIN.build/ALADDIN-own-target-headers.hmap -Xcc -I/Users/sergejhlystov/Library/Developer/Xcode/DerivedData/ALADDIN-eahryzmutvtbyceygnlyjsmiiaha/Build/Intermediates.noindex/ALADDIN.build/Debug-iphonesimulator/ALADDIN.build/ALADDIN-all-target-headers.hmap -Xcc -iquote -Xcc /Users/sergejhlystov/Library/Developer/Xcode/DerivedData/ALADDIN-eahryzmutvtbyceygnlyjsmiiaha/Build/Intermediates.noindex/ALADDIN.build/Debug-iphonesimulator/ALADDIN.build/ALADDIN-project-headers.hmap -Xcc -I/Users/sergejhlystov/Library/Developer/Xcode/DerivedData/ALADDIN-eahryzmutvtbyceygnlyjsmiiaha/Build/Products/Debug-iphonesimulator/include -Xcc -I/Users/sergejhlystov/Library/Developer/Xcode/DerivedData/ALADDIN-eahryzmutvtbyceygnlyjsmiiaha/Build/Intermediates.noindex/ALADDIN.build/Debug-iphonesimulator/ALADDIN.build/DerivedSources-normal/x86_64 -Xcc -I/Users/sergejhlystov/Library/Developer/Xcode/DerivedData/ALADDIN-eahryzmutvtbyceygnlyjsmiiaha/Build/Intermediates.noindex/ALADDIN.build/Debug-iphonesimulator/ALADDIN.build/DerivedSources/x86_64 -Xcc -I/Users/sergejhlystov/Library/Developer/Xcode/DerivedData/ALADDIN-eahryzmutvtbyceygnlyjsmiiaha/Build/Intermediates.noindex/ALADDIN.build/Debug-iphonesimulator/ALADDIN.build/DerivedSources -Xcc -DDEBUG\=1 -module-name ALADDIN -target-sdk-version 15.2.0 -o /Users/sergejhlystov/Library/Developer/Xcode/DerivedData/ALADDIN-eahryzmutvtbyceygnlyjsmiiaha/Build/Intermediates.noindex/ALADDIN.build/Debug-iphonesimulator/ALADDIN.build/Objects-normal/x86_64/InfoRow.o -o /Users/sergejhlystov/Library/Developer/Xcode/DerivedData/ALADDIN-eahryzmutvtbyceygnlyjsmiiaha/Build/Intermediates.noindex/ALADDIN.build/Debug-iphonesimulator/ALADDIN.build/Objects-normal/x86_64/25_PaymentQRScreen.o -o /Users/sergejhlystov/Library/Developer/Xcode/DerivedData/ALADDIN-eahryzmutvtbyceygnlyjsmiiaha/Build/Intermediates.noindex/ALADDIN.build/Debug-iphonesimulator/ALADDIN.build/Objects-normal/x86_64/RoleSelectionModal.o -o /Users/sergejhlystov/Library/Developer/Xcode/DerivedData/ALADDIN-eahryzmutvtbyceygnlyjsmiiaha/Build/Intermediates.noindex/ALADDIN.build/Debug-iphonesimulator/ALADDIN.build/Objects-normal/x86_64/SupportViewModel.o -o /Users/sergejhlystov/Library/Developer/Xcode/DerivedData/ALADDIN-eahryzmutvtbyceygnlyjsmiiaha/Build/Intermediates.noindex/ALADDIN.build/Debug-iphonesimulator/ALADDIN.build/Objects-normal/x86_64/ChildInterfaceViewModel.o -o /Users/sergejhlystov/Library/Developer/Xcode/DerivedData/ALADDIN-eahryzmutvtbyceygnlyjsmiiaha/Build/Intermediates.noindex/ALADDIN.build/Debug-iphonesimulator/ALADDIN.build/Objects-normal/x86_64/12_NotificationsScreen.o -o /Users/sergejhlystov/Library/Developer/Xcode/DerivedData/ALADDIN-eahryzmutvtbyceygnlyjsmiiaha/Build/Intermediates.noindex/ALADDIN.build/Debug-iphonesimulator/ALADDIN.build/Objects-normal/x86_64/ElderlyInterfaceViewModel.o -o /Users/sergejhlystov/Library/Developer/Xcode/DerivedData/ALADDIN-eahryzmutvtbyceygnlyjsmiiaha/Build/Intermediates.noindex/ALADDIN.build/Debug-iphonesimulator/ALADDIN.build/Objects-normal/x86_64/AnalyticsViewModel.o -o /Users/sergejhlystov/Library/Developer/Xcode/DerivedData/ALADDIN-eahryzmutvtbyceygnlyjsmiiaha/Build/Intermediates.noindex/ALADDIN.build/Debug-iphonesimulator/ALADDIN.build/Objects-normal/x86_64/CacheManager.o -o /Users/sergejhlystov/Library/Developer/Xcode/DerivedData/ALADDIN-eahryzmutvtbyceygnlyjsmiiaha/Build/Intermediates.noindex/ALADDIN.build/Debug-iphonesimulator/ALADDIN.build/Objects-normal/x86_64/NotificationsViewModel.o -o /Users/sergejhlystov/Library/Developer/Xcode/DerivedData/ALADDIN-eahryzmutvtbyceygnlyjsmiiaha/Build/Intermediates.noindex/ALADDIN.build/Debug-iphonesimulator/ALADDIN.build/Objects-normal/x86_64/06_AIAssistantScreen.o -index-store-path /Users/sergejhlystov/Library/Developer/Xcode/DerivedData/ALADDIN-eahryzmutvtbyceygnlyjsmiiaha/Index/DataStore -index-system-modules
/Users/sergejhlystov/ALADDIN_NEW/ALADDIN_NEW/mobile_apps/ALADDIN_iOS/Shared/Components/Modals/RoleSelectionModal.swift:13:38: error: 'FamilyRole' is ambiguous for type lookup in this context
    @State private var selectedRole: FamilyRole = .parent
                                     ^~~~~~~~~~
/Users/sergejhlystov/ALADDIN_NEW/ALADDIN_NEW/mobile_apps/ALADDIN_iOS/ALADDINApp.swift:112:6: note: found this candidate
enum FamilyRole: String {
     ^
/Users/sergejhlystov/ALADDIN_NEW/ALADDIN_NEW/mobile_apps/ALADDIN_iOS/ViewModels/FamilyRegistrationViewModel.swift:6:6: note: found this candidate
enum FamilyRole: String, Codable, CaseIterable, Identifiable {
     ^
/Users/sergejhlystov/ALADDIN_NEW/ALADDIN_NEW/mobile_apps/ALADDIN_iOS/Shared/Components/Modals/RoleSelectionModal.swift:14:26: error: 'FamilyRole' is ambiguous for type lookup in this context
    let onRoleSelected: (FamilyRole) -> Void
                         ^~~~~~~~~~
/Users/sergejhlystov/ALADDIN_NEW/ALADDIN_NEW/mobile_apps/ALADDIN_iOS/ALADDINApp.swift:112:6: note: found this candidate
enum FamilyRole: String {
     ^
/Users/sergejhlystov/ALADDIN_NEW/ALADDIN_NEW/mobile_apps/ALADDIN_iOS/ViewModels/FamilyRegistrationViewModel.swift:6:6: note: found this candidate
enum FamilyRole: String, Codable, CaseIterable, Identifiable {
     ^
/Users/sergejhlystov/ALADDIN_NEW/ALADDIN_NEW/mobile_apps/ALADDIN_iOS/Shared/Components/Modals/RoleSelectionModal.swift:18:33: error: 'FamilyRole' is ambiguous for type lookup in this context
    private func icon(for role: FamilyRole) -> String {
                                ^~~~~~~~~~
/Users/sergejhlystov/ALADDIN_NEW/ALADDIN_NEW/mobile_apps/ALADDIN_iOS/ALADDINApp.swift:112:6: note: found this candidate
enum FamilyRole: String {
     ^
/Users/sergejhlystov/ALADDIN_NEW/ALADDIN_NEW/mobile_apps/ALADDIN_iOS/ViewModels/FamilyRegistrationViewModel.swift:6:6: note: found this candidate
enum FamilyRole: String, Codable, CaseIterable, Identifiable {
     ^
/Users/sergejhlystov/ALADDIN_NEW/ALADDIN_NEW/mobile_apps/ALADDIN_iOS/Shared/Components/Modals/RoleSelectionModal.swift:27:40: error: 'FamilyRole' is ambiguous for type lookup in this context
    private func description(for role: FamilyRole) -> String {
                                       ^~~~~~~~~~
/Users/sergejhlystov/ALADDIN_NEW/ALADDIN_NEW/mobile_apps/ALADDIN_iOS/ALADDINApp.swift:112:6: note: found this candidate
enum FamilyRole: String {
     ^
/Users/sergejhlystov/ALADDIN_NEW/ALADDIN_NEW/mobile_apps/ALADDIN_iOS/ViewModels/FamilyRegistrationViewModel.swift:6:6: note: found this candidate
enum FamilyRole: String, Codable, CaseIterable, Identifiable {
     ^
/Users/sergejhlystov/ALADDIN_NEW/ALADDIN_NEW/mobile_apps/ALADDIN_iOS/Shared/Components/Modals/RoleSelectionModal.swift:85:15: error: 'FamilyRole' is ambiguous for type lookup in this context
    let role: FamilyRole
              ^~~~~~~~~~
/Users/sergejhlystov/ALADDIN_NEW/ALADDIN_NEW/mobile_apps/ALADDIN_iOS/ALADDINApp.swift:112:6: note: found this candidate
enum FamilyRole: String {
     ^
/Users/sergejhlystov/ALADDIN_NEW/ALADDIN_NEW/mobile_apps/ALADDIN_iOS/ViewModels/FamilyRegistrationViewModel.swift:6:6: note: found this candidate
enum FamilyRole: String, Codable, CaseIterable, Identifiable {
     ^
/Users/sergejhlystov/ALADDIN_NEW/ALADDIN_NEW/mobile_apps/ALADDIN_iOS/Shared/Components/Modals/RoleSelectionModal.swift:89:33: error: 'FamilyRole' is ambiguous for type lookup in this context
    private func icon(for role: FamilyRole) -> String {
                                ^~~~~~~~~~
/Users/sergejhlystov/ALADDIN_NEW/ALADDIN_NEW/mobile_apps/ALADDIN_iOS/ALADDINApp.swift:112:6: note: found this candidate
enum FamilyRole: String {
     ^
/Users/sergejhlystov/ALADDIN_NEW/ALADDIN_NEW/mobile_apps/ALADDIN_iOS/ViewModels/FamilyRegistrationViewModel.swift:6:6: note: found this candidate
enum FamilyRole: String, Codable, CaseIterable, Identifiable {
     ^
/Users/sergejhlystov/ALADDIN_NEW/ALADDIN_NEW/mobile_apps/ALADDIN_iOS/Shared/Components/Modals/RoleSelectionModal.swift:98:40: error: 'FamilyRole' is ambiguous for type lookup in this context
    private func description(for role: FamilyRole) -> String {
                                       ^~~~~~~~~~
/Users/sergejhlystov/ALADDIN_NEW/ALADDIN_NEW/mobile_apps/ALADDIN_iOS/ALADDINApp.swift:112:6: note: found this candidate
enum FamilyRole: String {
     ^
/Users/sergejhlystov/ALADDIN_NEW/ALADDIN_NEW/mobile_apps/ALADDIN_iOS/ViewModels/FamilyRegistrationViewModel.swift:6:6: note: found this candidate
enum FamilyRole: String, Codable, CaseIterable, Identifiable {
     ^
/Users/sergejhlystov/Library/Developer/Xcode/DerivedData/ALADDIN-eahryzmutvtbyceygnlyjsmiiaha/Build/Intermediates.noindex/ALADDIN.build/Debug-iphonesimulator/ALADDIN.build/Objects-normal/x86_64/ChildInterfaceViewModel.dia:1:1: warning: Could not read serialized diagnostics file: error("Invalid diagnostics signature") (in target 'ALADDIN' from project 'ALADDIN')
Command CompileSwift failed with a nonzero exit code

CompileSwift normal x86_64 /Users/sergejhlystov/ALADDIN_NEW/ALADDIN_NEW/mobile_apps/ALADDIN_iOS/Screens/12_NotificationsScreen.swift (in target 'ALADDIN' from project 'ALADDIN')
    cd /Users/sergejhlystov/ALADDIN_NEW/ALADDIN_NEW/mobile_apps/ALADDIN_iOS
    /Applications/Xcode.app/Contents/Developer/Toolchains/XcodeDefault.xctoolchain/usr/bin/swift-frontend -frontend -c /Users/sergejhlystov/ALADDIN_NEW/ALADDIN_NEW/mobile_apps/ALADDIN_iOS/Screens/RewardsQuickModal.swift /Users/sergejhlystov/ALADDIN_NEW/ALADDIN_NEW/mobile_apps/ALADDIN_iOS/Screens/08_ChildInterfaceScreen.swift /Users/sergejhlystov/ALADDIN_NEW/ALADDIN_NEW/mobile_apps/ALADDIN_iOS/ContentView.swift /Users/sergejhlystov/ALADDIN_NEW/ALADDIN_NEW/mobile_apps/ALADDIN_iOS/Shared/Components/ALADDINToggle.swift /Users/sergejhlystov/ALADDIN_NEW/ALADDIN_NEW/mobile_apps/ALADDIN_iOS/Components/Modals/AgeGroupSelectionModal.swift /Users/sergejhlystov/ALADDIN_NEW/ALADDIN_NEW/mobile_apps/ALADDIN_iOS/ALADDINApp.swift /Users/sergejhlystov/ALADDIN_NEW/ALADDIN_NEW/mobile_apps/ALADDIN_iOS/Shared/Models/FunctionStatus.swift /Users/sergejhlystov/ALADDIN_NEW/ALADDIN_NEW/mobile_apps/ALADDIN_iOS/ViewModels/MainViewModel.swift /Users/sergejhlystov/ALADDIN_NEW/ALADDIN_NEW/mobile_apps/ALADDIN_iOS/Shared/Components/Buttons/PrimaryButton.swift /Users/sergejhlystov/ALADDIN_NEW/ALADDIN_NEW/mobile_apps/ALADDIN_iOS/Screens/NotificationSettingsScreen.swift /Users/sergejhlystov/ALADDIN_NEW/ALADDIN_NEW/mobile_apps/ALADDIN_iOS/Screens/ChildContentScreen.swift /Users/sergejhlystov/ALADDIN_NEW/ALADDIN_NEW/mobile_apps/ALADDIN_iOS/Shared/Components/StatItem.swift /Users/sergejhlystov/ALADDIN_NEW/ALADDIN_NEW/mobile_apps/ALADDIN_iOS/Shared/Components/Cards/FamilyMemberCard.swift /Users/sergejhlystov/ALADDIN_NEW/ALADDIN_NEW/mobile_apps/ALADDIN_iOS/ViewModels/VPNViewModel.swift /Users/sergejhlystov/ALADDIN_NEW/ALADDIN_NEW/mobile_apps/ALADDIN_iOS/Core/Models/APIModels.swift /Users/sergejhlystov/ALADDIN_NEW/ALADDIN_NEW/mobile_apps/ALADDIN_iOS/Core/VPN/VPNManager.swift /Users/sergejhlystov/ALADDIN_NEW/ALADDIN_NEW/mobile_apps/ALADDIN_iOS/Screens/UnicornPetView.swift /Users/sergejhlystov/ALADDIN_NEW/ALADDIN_NEW/mobile_apps/ALADDIN_iOS/Core/Network/APIService.swift /Users/sergejhlystov/ALADDIN_NEW/ALADDIN_NEW/mobile_apps/ALADDIN_iOS/Screens/18_PrivacyPolicyScreen.swift /Users/sergejhlystov/ALADDIN_NEW/ALADDIN_NEW/mobile_apps/ALADDIN_iOS/Screens/10_TariffsScreen.swift /Users/sergejhlystov/ALADDIN_NEW/ALADDIN_NEW/mobile_apps/ALADDIN_iOS/Screens/03_VPNScreen.swift /Users/sergejhlystov/ALADDIN_NEW/ALADDIN_NEW/mobile_apps/ALADDIN_iOS/Screens/09_ElderlyInterfaceScreen.swift /Users/sergejhlystov/ALADDIN_NEW/ALADDIN_NEW/mobile_apps/ALADDIN_iOS/Shared/Components/SecondaryButton.swift /Users/sergejhlystov/ALADDIN_NEW/ALADDIN_NEW/mobile_apps/ALADDIN_iOS/Screens/11_ProfileScreen.swift /Users/sergejhlystov/ALADDIN_NEW/ALADDIN_NEW/mobile_apps/ALADDIN_iOS/Core/Network/NetworkManager.swift /Users/sergejhlystov/ALADDIN_NEW/ALADDIN_NEW/mobile_apps/ALADDIN_iOS/Screens/19_TermsOfServiceScreen.swift /Users/sergejhlystov/ALADDIN_NEW/ALADDIN_NEW/mobile_apps/ALADDIN_iOS/Core/Config/AppConfig.swift /Users/sergejhlystov/ALADDIN_NEW/ALADDIN_NEW/mobile_apps/ALADDIN_iOS/ViewModels/FamilyViewModel.swift /Users/sergejhlystov/ALADDIN_NEW/ALADDIN_NEW/mobile_apps/ALADDIN_iOS/ViewModels/AIAssistantViewModel.swift /Users/sergejhlystov/ALADDIN_NEW/ALADDIN_NEW/mobile_apps/ALADDIN_iOS/Screens/22_DeviceDetailScreen.swift /Users/sergejhlystov/ALADDIN_NEW/ALADDIN_NEW/mobile_apps/ALADDIN_iOS/Screens/WidgetConfigurationScreen.swift /Users/sergejhlystov/ALADDIN_NEW/ALADDIN_NEW/mobile_apps/ALADDIN_iOS/Core/Security/KeychainManager.swift /Users/sergejhlystov/ALADDIN_NEW/ALADDIN_NEW/mobile_apps/ALADDIN_iOS/Shared/Components/Modals/MemberStatsModalView.swift /Users/sergejhlystov/ALADDIN_NEW/ALADDIN_NEW/mobile_apps/ALADDIN_iOS/Shared/Styles/Spacing.swift /Users/sergejhlystov/ALADDIN_NEW/ALADDIN_NEW/mobile_apps/ALADDIN_iOS/Shared/Components/RecoveryOptionsModal.swift /Users/sergejhlystov/ALADDIN_NEW/ALADDIN_NEW/mobile_apps/ALADDIN_iOS/ViewModels/SettingsViewModel.swift -primary-file /Users/sergejhlystov/ALADDIN_NEW/ALADDIN_NEW/mobile_apps/ALADDIN_iOS/Shared/Components/InfoRow.swift -primary-file /Users/sergejhlystov/ALADDIN_NEW/ALADDIN_NEW/mobile_apps/ALADDIN_iOS/Screens/25_PaymentQRScreen.swift -primary-file /Users/sergejhlystov/ALADDIN_NEW/ALADDIN_NEW/mobile_apps/ALADDIN_iOS/Shared/Components/Modals/RoleSelectionModal.swift -primary-file /Users/sergejhlystov/ALADDIN_NEW/ALADDIN_NEW/mobile_apps/ALADDIN_iOS/ViewModels/SupportViewModel.swift -primary-file /Users/sergejhlystov/ALADDIN_NEW/ALADDIN_NEW/mobile_apps/ALADDIN_iOS/ViewModels/ChildInterfaceViewModel.swift -primary-file /Users/sergejhlystov/ALADDIN_NEW/ALADDIN_NEW/mobile_apps/ALADDIN_iOS/Screens/12_NotificationsScreen.swift -primary-file /Users/sergejhlystov/ALADDIN_NEW/ALADDIN_NEW/mobile_apps/ALADDIN_iOS/ViewModels/ElderlyInterfaceViewModel.swift -primary-file /Users/sergejhlystov/ALADDIN_NEW/ALADDIN_NEW/mobile_apps/ALADDIN_iOS/ViewModels/AnalyticsViewModel.swift -primary-file /Users/sergejhlystov/ALADDIN_NEW/ALADDIN_NEW/mobile_apps/ALADDIN_iOS/Core/Cache/CacheManager.swift -primary-file /Users/sergejhlystov/ALADDIN_NEW/ALADDIN_NEW/mobile_apps/ALADDIN_iOS/ViewModels/NotificationsViewModel.swift -primary-file /Users/sergejhlystov/ALADDIN_NEW/ALADDIN_NEW/mobile_apps/ALADDIN_iOS/Screens/06_AIAssistantScreen.swift /Users/sergejhlystov/ALADDIN_NEW/ALADDIN_NEW/mobile_apps/ALADDIN_iOS/ViewModels/ProfileViewModel.swift /Users/sergejhlystov/ALADDIN_NEW/ALADDIN_NEW/mobile_apps/ALADDIN_iOS/Components/Modals/ConsentModal.swift /Users/sergejhlystov/ALADDIN_NEW/ALADDIN_NEW/mobile_apps/ALADDIN_iOS/ViewModels/ParentalControlViewModel.swift /Users/sergejhlystov/ALADDIN_NEW/ALADDIN_NEW/mobile_apps/ALADDIN_iOS/ViewModels/OnboardingViewModel.swift /Users/sergejhlystov/ALADDIN_NEW/ALADDIN_NEW/mobile_apps/ALADDIN_iOS/Shared/Styles/Colors.swift /Users/sergejhlystov/ALADDIN_NEW/ALADDIN_NEW/mobile_apps/ALADDIN_iOS/Screens/ChildRewardsScreen.swift /Users/sergejhlystov/ALADDIN_NEW/ALADDIN_NEW/mobile_apps/ALADDIN_iOS/Screens/21_ReferralScreen.swift /Users/sergejhlystov/ALADDIN_NEW/ALADDIN_NEW/mobile_apps/ALADDIN_iOS/Shared/Components/AvatarSelector.swift /Users/sergejhlystov/ALADDIN_NEW/ALADDIN_NEW/mobile_apps/ALADDIN_iOS/Shared/Components/Navigation/ALADDINNavigationBar.swift /Users/sergejhlystov/ALADDIN_NEW/ALADDIN_NEW/mobile_apps/ALADDIN_iOS/Screens/14_OnboardingScreen.swift /Users/sergejhlystov/ALADDIN_NEW/ALADDIN_NEW/mobile_apps/ALADDIN_iOS/Components/Modals/FamilyCreatedModal.swift /Users/sergejhlystov/ALADDIN_NEW/ALADDIN_NEW/mobile_apps/ALADDIN_iOS/ViewModels/PaymentQRViewModel.swift /Users/sergejhlystov/ALADDIN_NEW/ALADDIN_NEW/mobile_apps/ALADDIN_iOS/Core/Navigation/NavigationManager.swift /Users/sergejhlystov/ALADDIN_NEW/ALADDIN_NEW/mobile_apps/ALADDIN_iOS/Core/Accessibility/AccessibilityManager.swift /Users/sergejhlystov/ALADDIN_NEW/ALADDIN_NEW/mobile_apps/ALADDIN_iOS/Core/Store/StoreManager.swift /Users/sergejhlystov/ALADDIN_NEW/ALADDIN_NEW/mobile_apps/ALADDIN_iOS/Screens/WheelOfFortuneView.swift /Users/sergejhlystov/ALADDIN_NEW/ALADDIN_NEW/mobile_apps/ALADDIN_iOS/Screens/UnicornUniverseView.swift /Users/sergejhlystov/ALADDIN_NEW/ALADDIN_NEW/mobile_apps/ALADDIN_iOS/Core/Localization/LocalizationManager.swift /Users/sergejhlystov/ALADDIN_NEW/ALADDIN_NEW/mobile_apps/ALADDIN_iOS/Screens/13_SupportScreen.swift /Users/sergejhlystov/ALADDIN_NEW/ALADDIN_NEW/mobile_apps/ALADDIN_iOS/Core/Analytics/AnalyticsManager.swift /Users/sergejhlystov/ALADDIN_NEW/ALADDIN_NEW/mobile_apps/ALADDIN_iOS/Screens/07_ParentalControlScreen.swift /Users/sergejhlystov/ALADDIN_NEW/ALADDIN_NEW/mobile_apps/ALADDIN_iOS/Screens/05_SettingsScreen.swift /Users/sergejhlystov/ALADDIN_NEW/ALADDIN_NEW/mobile_apps/ALADDIN_iOS/Screens/RewardsModalView.swift /Users/sergejhlystov/ALADDIN_NEW/ALADDIN_NEW/mobile_apps/ALADDIN_iOS/Screens/23_FamilyChatScreen.swift /Users/sergejhlystov/ALADDIN_NEW/ALADDIN_NEW/mobile_apps/ALADDIN_iOS/Screens/02_FamilyScreen.swift /Users/sergejhlystov/ALADDIN_NEW/ALADDIN_NEW/mobile_apps/ALADDIN_iOS/Screens/20_DevicesScreen.swift /Users/sergejhlystov/ALADDIN_NEW/ALADDIN_NEW/mobile_apps/ALADDIN_iOS/Shared/Components/ViewModifiers.swift /Users/sergejhlystov/ALADDIN_NEW/ALADDIN_NEW/mobile_apps/ALADDIN_iOS/Shared/Components/HapticFeedback.swift /Users/sergejhlystov/ALADDIN_NEW/ALADDIN_NEW/mobile_apps/ALADDIN_iOS/Screens/MainScreenWithRegistration.swift /Users/sergejhlystov/ALADDIN_NEW/ALADDIN_NEW/mobile_apps/ALADDIN_iOS/Core/Network/NetworkError.swift /Users/sergejhlystov/ALADDIN_NEW/ALADDIN_NEW/mobile_apps/ALADDIN_iOS/Screens/LanguageSettingsScreen.swift /Users/sergejhlystov/ALADDIN_NEW/ALADDIN_NEW/mobile_apps/ALADDIN_iOS/ViewModels/FamilyRegistrationViewModel.swift /Users/sergejhlystov/ALADDIN_NEW/ALADDIN_NEW/mobile_apps/ALADDIN_iOS/Shared/Styles/CornerRadius.swift /Users/sergejhlystov/ALADDIN_NEW/ALADDIN_NEW/mobile_apps/ALADDIN_iOS/Screens/01_MainScreen.swift /Users/sergejhlystov/ALADDIN_NEW/ALADDIN_NEW/mobile_apps/ALADDIN_iOS/Screens/FamilyTournamentView.swift /Users/sergejhlystov/ALADDIN_NEW/ALADDIN_NEW/mobile_apps/ALADDIN_iOS/Shared/Styles/Fonts.swift /Users/sergejhlystov/ALADDIN_NEW/ALADDIN_NEW/mobile_apps/ALADDIN_iOS/Screens/GamesParentalControlView.swift /Users/sergejhlystov/ALADDIN_NEW/ALADDIN_NEW/mobile_apps/ALADDIN_iOS/Shared/Components/QRScannerModal.swift /Users/sergejhlystov/ALADDIN_NEW/ALADDIN_NEW/mobile_apps/ALADDIN_iOS/Screens/04_AnalyticsScreen.swift /Users/sergejhlystov/ALADDIN_NEW/ALADDIN_NEW/mobile_apps/ALADDIN_iOS/Screens/24_VPNEnergyStatsScreen.swift /Users/sergejhlystov/ALADDIN_NEW/ALADDIN_NEW/mobile_apps/ALADDIN_iOS/Shared/Components/Modals/ProfileEditView.swift /Users/sergejhlystov/ALADDIN_NEW/ALADDIN_NEW/mobile_apps/ALADDIN_iOS/ViewModels/TariffsViewModel.swift /Users/sergejhlystov/ALADDIN_NEW/ALADDIN_NEW/mobile_apps/ALADDIN_iOS/Core/Notifications/NotificationManager.swift /Users/sergejhlystov/ALADDIN_NEW/ALADDIN_NEW/mobile_apps/ALADDIN_iOS/Core/Security/SecurityManager.swift -supplementary-output-file-map /var/folders/rf/6rxcyql17sz57_02ng7jd7pr0000gn/T/TemporaryDirectory.wFGpdC/supplementaryOutputs-4 -target x86_64-apple-ios15.0-simulator -enable-objc-interop -sdk /Applications/Xcode.app/Contents/Developer/Platforms/iPhoneSimulator.platform/Developer/SDKs/iPhoneSimulator15.2.sdk -I /Users/sergejhlystov/Library/Developer/Xcode/DerivedData/ALADDIN-eahryzmutvtbyceygnlyjsmiiaha/Build/Products/Debug-iphonesimulator -F /Users/sergejhlystov/Library/Developer/Xcode/DerivedData/ALADDIN-eahryzmutvtbyceygnlyjsmiiaha/Build/Products/Debug-iphonesimulator -enable-testing -g -module-cache-path /Users/sergejhlystov/Library/Developer/Xcode/DerivedData/ModuleCache.noindex -emit-localized-strings -emit-localized-strings-path /Users/sergejhlystov/Library/Developer/Xcode/DerivedData/ALADDIN-eahryzmutvtbyceygnlyjsmiiaha/Build/Intermediates.noindex/ALADDIN.build/Debug-iphonesimulator/ALADDIN.build/Objects-normal/x86_64 -swift-version 5 -enforce-exclusivity\=checked -Onone -D DEBUG -new-driver-path /Applications/Xcode.app/Contents/Developer/Toolchains/XcodeDefault.xctoolchain/usr/bin/swift-driver -serialize-debugging-options -Xcc -working-directory -Xcc /Users/sergejhlystov/ALADDIN_NEW/ALADDIN_NEW/mobile_apps/ALADDIN_iOS -resource-dir /Applications/Xcode.app/Contents/Developer/Toolchains/XcodeDefault.xctoolchain/usr/lib/swift -enable-anonymous-context-mangled-names -Xcc -I/Users/sergejhlystov/Library/Developer/Xcode/DerivedData/ALADDIN-eahryzmutvtbyceygnlyjsmiiaha/Build/Intermediates.noindex/ALADDIN.build/Debug-iphonesimulator/ALADDIN.build/swift-overrides.hmap -Xcc -iquote -Xcc /Users/sergejhlystov/Library/Developer/Xcode/DerivedData/ALADDIN-eahryzmutvtbyceygnlyjsmiiaha/Build/Intermediates.noindex/ALADDIN.build/Debug-iphonesimulator/ALADDIN.build/ALADDIN-generated-files.hmap -Xcc -I/Users/sergejhlystov/Library/Developer/Xcode/DerivedData/ALADDIN-eahryzmutvtbyceygnlyjsmiiaha/Build/Intermediates.noindex/ALADDIN.build/Debug-iphonesimulator/ALADDIN.build/ALADDIN-own-target-headers.hmap -Xcc -I/Users/sergejhlystov/Library/Developer/Xcode/DerivedData/ALADDIN-eahryzmutvtbyceygnlyjsmiiaha/Build/Intermediates.noindex/ALADDIN.build/Debug-iphonesimulator/ALADDIN.build/ALADDIN-all-target-headers.hmap -Xcc -iquote -Xcc /Users/sergejhlystov/Library/Developer/Xcode/DerivedData/ALADDIN-eahryzmutvtbyceygnlyjsmiiaha/Build/Intermediates.noindex/ALADDIN.build/Debug-iphonesimulator/ALADDIN.build/ALADDIN-project-headers.hmap -Xcc -I/Users/sergejhlystov/Library/Developer/Xcode/DerivedData/ALADDIN-eahryzmutvtbyceygnlyjsmiiaha/Build/Products/Debug-iphonesimulator/include -Xcc -I/Users/sergejhlystov/Library/Developer/Xcode/DerivedData/ALADDIN-eahryzmutvtbyceygnlyjsmiiaha/Build/Intermediates.noindex/ALADDIN.build/Debug-iphonesimulator/ALADDIN.build/DerivedSources-normal/x86_64 -Xcc -I/Users/sergejhlystov/Library/Developer/Xcode/DerivedData/ALADDIN-eahryzmutvtbyceygnlyjsmiiaha/Build/Intermediates.noindex/ALADDIN.build/Debug-iphonesimulator/ALADDIN.build/DerivedSources/x86_64 -Xcc -I/Users/sergejhlystov/Library/Developer/Xcode/DerivedData/ALADDIN-eahryzmutvtbyceygnlyjsmiiaha/Build/Intermediates.noindex/ALADDIN.build/Debug-iphonesimulator/ALADDIN.build/DerivedSources -Xcc -DDEBUG\=1 -module-name ALADDIN -target-sdk-version 15.2.0 -o /Users/sergejhlystov/Library/Developer/Xcode/DerivedData/ALADDIN-eahryzmutvtbyceygnlyjsmiiaha/Build/Intermediates.noindex/ALADDIN.build/Debug-iphonesimulator/ALADDIN.build/Objects-normal/x86_64/InfoRow.o -o /Users/sergejhlystov/Library/Developer/Xcode/DerivedData/ALADDIN-eahryzmutvtbyceygnlyjsmiiaha/Build/Intermediates.noindex/ALADDIN.build/Debug-iphonesimulator/ALADDIN.build/Objects-normal/x86_64/25_PaymentQRScreen.o -o /Users/sergejhlystov/Library/Developer/Xcode/DerivedData/ALADDIN-eahryzmutvtbyceygnlyjsmiiaha/Build/Intermediates.noindex/ALADDIN.build/Debug-iphonesimulator/ALADDIN.build/Objects-normal/x86_64/RoleSelectionModal.o -o /Users/sergejhlystov/Library/Developer/Xcode/DerivedData/ALADDIN-eahryzmutvtbyceygnlyjsmiiaha/Build/Intermediates.noindex/ALADDIN.build/Debug-iphonesimulator/ALADDIN.build/Objects-normal/x86_64/SupportViewModel.o -o /Users/sergejhlystov/Library/Developer/Xcode/DerivedData/ALADDIN-eahryzmutvtbyceygnlyjsmiiaha/Build/Intermediates.noindex/ALADDIN.build/Debug-iphonesimulator/ALADDIN.build/Objects-normal/x86_64/ChildInterfaceViewModel.o -o /Users/sergejhlystov/Library/Developer/Xcode/DerivedData/ALADDIN-eahryzmutvtbyceygnlyjsmiiaha/Build/Intermediates.noindex/ALADDIN.build/Debug-iphonesimulator/ALADDIN.build/Objects-normal/x86_64/12_NotificationsScreen.o -o /Users/sergejhlystov/Library/Developer/Xcode/DerivedData/ALADDIN-eahryzmutvtbyceygnlyjsmiiaha/Build/Intermediates.noindex/ALADDIN.build/Debug-iphonesimulator/ALADDIN.build/Objects-normal/x86_64/ElderlyInterfaceViewModel.o -o /Users/sergejhlystov/Library/Developer/Xcode/DerivedData/ALADDIN-eahryzmutvtbyceygnlyjsmiiaha/Build/Intermediates.noindex/ALADDIN.build/Debug-iphonesimulator/ALADDIN.build/Objects-normal/x86_64/AnalyticsViewModel.o -o /Users/sergejhlystov/Library/Developer/Xcode/DerivedData/ALADDIN-eahryzmutvtbyceygnlyjsmiiaha/Build/Intermediates.noindex/ALADDIN.build/Debug-iphonesimulator/ALADDIN.build/Objects-normal/x86_64/CacheManager.o -o /Users/sergejhlystov/Library/Developer/Xcode/DerivedData/ALADDIN-eahryzmutvtbyceygnlyjsmiiaha/Build/Intermediates.noindex/ALADDIN.build/Debug-iphonesimulator/ALADDIN.build/Objects-normal/x86_64/NotificationsViewModel.o -o /Users/sergejhlystov/Library/Developer/Xcode/DerivedData/ALADDIN-eahryzmutvtbyceygnlyjsmiiaha/Build/Intermediates.noindex/ALADDIN.build/Debug-iphonesimulator/ALADDIN.build/Objects-normal/x86_64/06_AIAssistantScreen.o -index-store-path /Users/sergejhlystov/Library/Developer/Xcode/DerivedData/ALADDIN-eahryzmutvtbyceygnlyjsmiiaha/Index/DataStore -index-system-modules
/Users/sergejhlystov/ALADDIN_NEW/ALADDIN_NEW/mobile_apps/ALADDIN_iOS/Shared/Components/Modals/RoleSelectionModal.swift:13:38: error: 'FamilyRole' is ambiguous for type lookup in this context
    @State private var selectedRole: FamilyRole = .parent
                                     ^~~~~~~~~~
/Users/sergejhlystov/ALADDIN_NEW/ALADDIN_NEW/mobile_apps/ALADDIN_iOS/ALADDINApp.swift:112:6: note: found this candidate
enum FamilyRole: String {
     ^
/Users/sergejhlystov/ALADDIN_NEW/ALADDIN_NEW/mobile_apps/ALADDIN_iOS/ViewModels/FamilyRegistrationViewModel.swift:6:6: note: found this candidate
enum FamilyRole: String, Codable, CaseIterable, Identifiable {
     ^
/Users/sergejhlystov/ALADDIN_NEW/ALADDIN_NEW/mobile_apps/ALADDIN_iOS/Shared/Components/Modals/RoleSelectionModal.swift:14:26: error: 'FamilyRole' is ambiguous for type lookup in this context
    let onRoleSelected: (FamilyRole) -> Void
                         ^~~~~~~~~~
/Users/sergejhlystov/ALADDIN_NEW/ALADDIN_NEW/mobile_apps/ALADDIN_iOS/ALADDINApp.swift:112:6: note: found this candidate
enum FamilyRole: String {
     ^
/Users/sergejhlystov/ALADDIN_NEW/ALADDIN_NEW/mobile_apps/ALADDIN_iOS/ViewModels/FamilyRegistrationViewModel.swift:6:6: note: found this candidate
enum FamilyRole: String, Codable, CaseIterable, Identifiable {
     ^
/Users/sergejhlystov/ALADDIN_NEW/ALADDIN_NEW/mobile_apps/ALADDIN_iOS/Shared/Components/Modals/RoleSelectionModal.swift:18:33: error: 'FamilyRole' is ambiguous for type lookup in this context
    private func icon(for role: FamilyRole) -> String {
                                ^~~~~~~~~~
/Users/sergejhlystov/ALADDIN_NEW/ALADDIN_NEW/mobile_apps/ALADDIN_iOS/ALADDINApp.swift:112:6: note: found this candidate
enum FamilyRole: String {
     ^
/Users/sergejhlystov/ALADDIN_NEW/ALADDIN_NEW/mobile_apps/ALADDIN_iOS/ViewModels/FamilyRegistrationViewModel.swift:6:6: note: found this candidate
enum FamilyRole: String, Codable, CaseIterable, Identifiable {
     ^
/Users/sergejhlystov/ALADDIN_NEW/ALADDIN_NEW/mobile_apps/ALADDIN_iOS/Shared/Components/Modals/RoleSelectionModal.swift:27:40: error: 'FamilyRole' is ambiguous for type lookup in this context
    private func description(for role: FamilyRole) -> String {
                                       ^~~~~~~~~~
/Users/sergejhlystov/ALADDIN_NEW/ALADDIN_NEW/mobile_apps/ALADDIN_iOS/ALADDINApp.swift:112:6: note: found this candidate
enum FamilyRole: String {
     ^
/Users/sergejhlystov/ALADDIN_NEW/ALADDIN_NEW/mobile_apps/ALADDIN_iOS/ViewModels/FamilyRegistrationViewModel.swift:6:6: note: found this candidate
enum FamilyRole: String, Codable, CaseIterable, Identifiable {
     ^
/Users/sergejhlystov/ALADDIN_NEW/ALADDIN_NEW/mobile_apps/ALADDIN_iOS/Shared/Components/Modals/RoleSelectionModal.swift:85:15: error: 'FamilyRole' is ambiguous for type lookup in this context
    let role: FamilyRole
              ^~~~~~~~~~
/Users/sergejhlystov/ALADDIN_NEW/ALADDIN_NEW/mobile_apps/ALADDIN_iOS/ALADDINApp.swift:112:6: note: found this candidate
enum FamilyRole: String {
     ^
/Users/sergejhlystov/ALADDIN_NEW/ALADDIN_NEW/mobile_apps/ALADDIN_iOS/ViewModels/FamilyRegistrationViewModel.swift:6:6: note: found this candidate
enum FamilyRole: String, Codable, CaseIterable, Identifiable {
     ^
/Users/sergejhlystov/ALADDIN_NEW/ALADDIN_NEW/mobile_apps/ALADDIN_iOS/Shared/Components/Modals/RoleSelectionModal.swift:89:33: error: 'FamilyRole' is ambiguous for type lookup in this context
    private func icon(for role: FamilyRole) -> String {
                                ^~~~~~~~~~
/Users/sergejhlystov/ALADDIN_NEW/ALADDIN_NEW/mobile_apps/ALADDIN_iOS/ALADDINApp.swift:112:6: note: found this candidate
enum FamilyRole: String {
     ^
/Users/sergejhlystov/ALADDIN_NEW/ALADDIN_NEW/mobile_apps/ALADDIN_iOS/ViewModels/FamilyRegistrationViewModel.swift:6:6: note: found this candidate
enum FamilyRole: String, Codable, CaseIterable, Identifiable {
     ^
/Users/sergejhlystov/ALADDIN_NEW/ALADDIN_NEW/mobile_apps/ALADDIN_iOS/Shared/Components/Modals/RoleSelectionModal.swift:98:40: error: 'FamilyRole' is ambiguous for type lookup in this context
    private func description(for role: FamilyRole) -> String {
                                       ^~~~~~~~~~
/Users/sergejhlystov/ALADDIN_NEW/ALADDIN_NEW/mobile_apps/ALADDIN_iOS/ALADDINApp.swift:112:6: note: found this candidate
enum FamilyRole: String {
     ^
/Users/sergejhlystov/ALADDIN_NEW/ALADDIN_NEW/mobile_apps/ALADDIN_iOS/ViewModels/FamilyRegistrationViewModel.swift:6:6: note: found this candidate
enum FamilyRole: String, Codable, CaseIterable, Identifiable {
     ^
/Users/sergejhlystov/Library/Developer/Xcode/DerivedData/ALADDIN-eahryzmutvtbyceygnlyjsmiiaha/Build/Intermediates.noindex/ALADDIN.build/Debug-iphonesimulator/ALADDIN.build/Objects-normal/x86_64/12_NotificationsScreen.dia:1:1: warning: Could not read serialized diagnostics file: error("Invalid diagnostics signature") (in target 'ALADDIN' from project 'ALADDIN')
Command CompileSwift failed with a nonzero exit code

CompileSwift normal x86_64 /Users/sergejhlystov/ALADDIN_NEW/ALADDIN_NEW/mobile_apps/ALADDIN_iOS/ViewModels/ElderlyInterfaceViewModel.swift (in target 'ALADDIN' from project 'ALADDIN')
    cd /Users/sergejhlystov/ALADDIN_NEW/ALADDIN_NEW/mobile_apps/ALADDIN_iOS
    /Applications/Xcode.app/Contents/Developer/Toolchains/XcodeDefault.xctoolchain/usr/bin/swift-frontend -frontend -c /Users/sergejhlystov/ALADDIN_NEW/ALADDIN_NEW/mobile_apps/ALADDIN_iOS/Screens/RewardsQuickModal.swift /Users/sergejhlystov/ALADDIN_NEW/ALADDIN_NEW/mobile_apps/ALADDIN_iOS/Screens/08_ChildInterfaceScreen.swift /Users/sergejhlystov/ALADDIN_NEW/ALADDIN_NEW/mobile_apps/ALADDIN_iOS/ContentView.swift /Users/sergejhlystov/ALADDIN_NEW/ALADDIN_NEW/mobile_apps/ALADDIN_iOS/Shared/Components/ALADDINToggle.swift /Users/sergejhlystov/ALADDIN_NEW/ALADDIN_NEW/mobile_apps/ALADDIN_iOS/Components/Modals/AgeGroupSelectionModal.swift /Users/sergejhlystov/ALADDIN_NEW/ALADDIN_NEW/mobile_apps/ALADDIN_iOS/ALADDINApp.swift /Users/sergejhlystov/ALADDIN_NEW/ALADDIN_NEW/mobile_apps/ALADDIN_iOS/Shared/Models/FunctionStatus.swift /Users/sergejhlystov/ALADDIN_NEW/ALADDIN_NEW/mobile_apps/ALADDIN_iOS/ViewModels/MainViewModel.swift /Users/sergejhlystov/ALADDIN_NEW/ALADDIN_NEW/mobile_apps/ALADDIN_iOS/Shared/Components/Buttons/PrimaryButton.swift /Users/sergejhlystov/ALADDIN_NEW/ALADDIN_NEW/mobile_apps/ALADDIN_iOS/Screens/NotificationSettingsScreen.swift /Users/sergejhlystov/ALADDIN_NEW/ALADDIN_NEW/mobile_apps/ALADDIN_iOS/Screens/ChildContentScreen.swift /Users/sergejhlystov/ALADDIN_NEW/ALADDIN_NEW/mobile_apps/ALADDIN_iOS/Shared/Components/StatItem.swift /Users/sergejhlystov/ALADDIN_NEW/ALADDIN_NEW/mobile_apps/ALADDIN_iOS/Shared/Components/Cards/FamilyMemberCard.swift /Users/sergejhlystov/ALADDIN_NEW/ALADDIN_NEW/mobile_apps/ALADDIN_iOS/ViewModels/VPNViewModel.swift /Users/sergejhlystov/ALADDIN_NEW/ALADDIN_NEW/mobile_apps/ALADDIN_iOS/Core/Models/APIModels.swift /Users/sergejhlystov/ALADDIN_NEW/ALADDIN_NEW/mobile_apps/ALADDIN_iOS/Core/VPN/VPNManager.swift /Users/sergejhlystov/ALADDIN_NEW/ALADDIN_NEW/mobile_apps/ALADDIN_iOS/Screens/UnicornPetView.swift /Users/sergejhlystov/ALADDIN_NEW/ALADDIN_NEW/mobile_apps/ALADDIN_iOS/Core/Network/APIService.swift /Users/sergejhlystov/ALADDIN_NEW/ALADDIN_NEW/mobile_apps/ALADDIN_iOS/Screens/18_PrivacyPolicyScreen.swift /Users/sergejhlystov/ALADDIN_NEW/ALADDIN_NEW/mobile_apps/ALADDIN_iOS/Screens/10_TariffsScreen.swift /Users/sergejhlystov/ALADDIN_NEW/ALADDIN_NEW/mobile_apps/ALADDIN_iOS/Screens/03_VPNScreen.swift /Users/sergejhlystov/ALADDIN_NEW/ALADDIN_NEW/mobile_apps/ALADDIN_iOS/Screens/09_ElderlyInterfaceScreen.swift /Users/sergejhlystov/ALADDIN_NEW/ALADDIN_NEW/mobile_apps/ALADDIN_iOS/Shared/Components/SecondaryButton.swift /Users/sergejhlystov/ALADDIN_NEW/ALADDIN_NEW/mobile_apps/ALADDIN_iOS/Screens/11_ProfileScreen.swift /Users/sergejhlystov/ALADDIN_NEW/ALADDIN_NEW/mobile_apps/ALADDIN_iOS/Core/Network/NetworkManager.swift /Users/sergejhlystov/ALADDIN_NEW/ALADDIN_NEW/mobile_apps/ALADDIN_iOS/Screens/19_TermsOfServiceScreen.swift /Users/sergejhlystov/ALADDIN_NEW/ALADDIN_NEW/mobile_apps/ALADDIN_iOS/Core/Config/AppConfig.swift /Users/sergejhlystov/ALADDIN_NEW/ALADDIN_NEW/mobile_apps/ALADDIN_iOS/ViewModels/FamilyViewModel.swift /Users/sergejhlystov/ALADDIN_NEW/ALADDIN_NEW/mobile_apps/ALADDIN_iOS/ViewModels/AIAssistantViewModel.swift /Users/sergejhlystov/ALADDIN_NEW/ALADDIN_NEW/mobile_apps/ALADDIN_iOS/Screens/22_DeviceDetailScreen.swift /Users/sergejhlystov/ALADDIN_NEW/ALADDIN_NEW/mobile_apps/ALADDIN_iOS/Screens/WidgetConfigurationScreen.swift /Users/sergejhlystov/ALADDIN_NEW/ALADDIN_NEW/mobile_apps/ALADDIN_iOS/Core/Security/KeychainManager.swift /Users/sergejhlystov/ALADDIN_NEW/ALADDIN_NEW/mobile_apps/ALADDIN_iOS/Shared/Components/Modals/MemberStatsModalView.swift /Users/sergejhlystov/ALADDIN_NEW/ALADDIN_NEW/mobile_apps/ALADDIN_iOS/Shared/Styles/Spacing.swift /Users/sergejhlystov/ALADDIN_NEW/ALADDIN_NEW/mobile_apps/ALADDIN_iOS/Shared/Components/RecoveryOptionsModal.swift /Users/sergejhlystov/ALADDIN_NEW/ALADDIN_NEW/mobile_apps/ALADDIN_iOS/ViewModels/SettingsViewModel.swift -primary-file /Users/sergejhlystov/ALADDIN_NEW/ALADDIN_NEW/mobile_apps/ALADDIN_iOS/Shared/Components/InfoRow.swift -primary-file /Users/sergejhlystov/ALADDIN_NEW/ALADDIN_NEW/mobile_apps/ALADDIN_iOS/Screens/25_PaymentQRScreen.swift -primary-file /Users/sergejhlystov/ALADDIN_NEW/ALADDIN_NEW/mobile_apps/ALADDIN_iOS/Shared/Components/Modals/RoleSelectionModal.swift -primary-file /Users/sergejhlystov/ALADDIN_NEW/ALADDIN_NEW/mobile_apps/ALADDIN_iOS/ViewModels/SupportViewModel.swift -primary-file /Users/sergejhlystov/ALADDIN_NEW/ALADDIN_NEW/mobile_apps/ALADDIN_iOS/ViewModels/ChildInterfaceViewModel.swift -primary-file /Users/sergejhlystov/ALADDIN_NEW/ALADDIN_NEW/mobile_apps/ALADDIN_iOS/Screens/12_NotificationsScreen.swift -primary-file /Users/sergejhlystov/ALADDIN_NEW/ALADDIN_NEW/mobile_apps/ALADDIN_iOS/ViewModels/ElderlyInterfaceViewModel.swift -primary-file /Users/sergejhlystov/ALADDIN_NEW/ALADDIN_NEW/mobile_apps/ALADDIN_iOS/ViewModels/AnalyticsViewModel.swift -primary-file /Users/sergejhlystov/ALADDIN_NEW/ALADDIN_NEW/mobile_apps/ALADDIN_iOS/Core/Cache/CacheManager.swift -primary-file /Users/sergejhlystov/ALADDIN_NEW/ALADDIN_NEW/mobile_apps/ALADDIN_iOS/ViewModels/NotificationsViewModel.swift -primary-file /Users/sergejhlystov/ALADDIN_NEW/ALADDIN_NEW/mobile_apps/ALADDIN_iOS/Screens/06_AIAssistantScreen.swift /Users/sergejhlystov/ALADDIN_NEW/ALADDIN_NEW/mobile_apps/ALADDIN_iOS/ViewModels/ProfileViewModel.swift /Users/sergejhlystov/ALADDIN_NEW/ALADDIN_NEW/mobile_apps/ALADDIN_iOS/Components/Modals/ConsentModal.swift /Users/sergejhlystov/ALADDIN_NEW/ALADDIN_NEW/mobile_apps/ALADDIN_iOS/ViewModels/ParentalControlViewModel.swift /Users/sergejhlystov/ALADDIN_NEW/ALADDIN_NEW/mobile_apps/ALADDIN_iOS/ViewModels/OnboardingViewModel.swift /Users/sergejhlystov/ALADDIN_NEW/ALADDIN_NEW/mobile_apps/ALADDIN_iOS/Shared/Styles/Colors.swift /Users/sergejhlystov/ALADDIN_NEW/ALADDIN_NEW/mobile_apps/ALADDIN_iOS/Screens/ChildRewardsScreen.swift /Users/sergejhlystov/ALADDIN_NEW/ALADDIN_NEW/mobile_apps/ALADDIN_iOS/Screens/21_ReferralScreen.swift /Users/sergejhlystov/ALADDIN_NEW/ALADDIN_NEW/mobile_apps/ALADDIN_iOS/Shared/Components/AvatarSelector.swift /Users/sergejhlystov/ALADDIN_NEW/ALADDIN_NEW/mobile_apps/ALADDIN_iOS/Shared/Components/Navigation/ALADDINNavigationBar.swift /Users/sergejhlystov/ALADDIN_NEW/ALADDIN_NEW/mobile_apps/ALADDIN_iOS/Screens/14_OnboardingScreen.swift /Users/sergejhlystov/ALADDIN_NEW/ALADDIN_NEW/mobile_apps/ALADDIN_iOS/Components/Modals/FamilyCreatedModal.swift /Users/sergejhlystov/ALADDIN_NEW/ALADDIN_NEW/mobile_apps/ALADDIN_iOS/ViewModels/PaymentQRViewModel.swift /Users/sergejhlystov/ALADDIN_NEW/ALADDIN_NEW/mobile_apps/ALADDIN_iOS/Core/Navigation/NavigationManager.swift /Users/sergejhlystov/ALADDIN_NEW/ALADDIN_NEW/mobile_apps/ALADDIN_iOS/Core/Accessibility/AccessibilityManager.swift /Users/sergejhlystov/ALADDIN_NEW/ALADDIN_NEW/mobile_apps/ALADDIN_iOS/Core/Store/StoreManager.swift /Users/sergejhlystov/ALADDIN_NEW/ALADDIN_NEW/mobile_apps/ALADDIN_iOS/Screens/WheelOfFortuneView.swift /Users/sergejhlystov/ALADDIN_NEW/ALADDIN_NEW/mobile_apps/ALADDIN_iOS/Screens/UnicornUniverseView.swift /Users/sergejhlystov/ALADDIN_NEW/ALADDIN_NEW/mobile_apps/ALADDIN_iOS/Core/Localization/LocalizationManager.swift /Users/sergejhlystov/ALADDIN_NEW/ALADDIN_NEW/mobile_apps/ALADDIN_iOS/Screens/13_SupportScreen.swift /Users/sergejhlystov/ALADDIN_NEW/ALADDIN_NEW/mobile_apps/ALADDIN_iOS/Core/Analytics/AnalyticsManager.swift /Users/sergejhlystov/ALADDIN_NEW/ALADDIN_NEW/mobile_apps/ALADDIN_iOS/Screens/07_ParentalControlScreen.swift /Users/sergejhlystov/ALADDIN_NEW/ALADDIN_NEW/mobile_apps/ALADDIN_iOS/Screens/05_SettingsScreen.swift /Users/sergejhlystov/ALADDIN_NEW/ALADDIN_NEW/mobile_apps/ALADDIN_iOS/Screens/RewardsModalView.swift /Users/sergejhlystov/ALADDIN_NEW/ALADDIN_NEW/mobile_apps/ALADDIN_iOS/Screens/23_FamilyChatScreen.swift /Users/sergejhlystov/ALADDIN_NEW/ALADDIN_NEW/mobile_apps/ALADDIN_iOS/Screens/02_FamilyScreen.swift /Users/sergejhlystov/ALADDIN_NEW/ALADDIN_NEW/mobile_apps/ALADDIN_iOS/Screens/20_DevicesScreen.swift /Users/sergejhlystov/ALADDIN_NEW/ALADDIN_NEW/mobile_apps/ALADDIN_iOS/Shared/Components/ViewModifiers.swift /Users/sergejhlystov/ALADDIN_NEW/ALADDIN_NEW/mobile_apps/ALADDIN_iOS/Shared/Components/HapticFeedback.swift /Users/sergejhlystov/ALADDIN_NEW/ALADDIN_NEW/mobile_apps/ALADDIN_iOS/Screens/MainScreenWithRegistration.swift /Users/sergejhlystov/ALADDIN_NEW/ALADDIN_NEW/mobile_apps/ALADDIN_iOS/Core/Network/NetworkError.swift /Users/sergejhlystov/ALADDIN_NEW/ALADDIN_NEW/mobile_apps/ALADDIN_iOS/Screens/LanguageSettingsScreen.swift /Users/sergejhlystov/ALADDIN_NEW/ALADDIN_NEW/mobile_apps/ALADDIN_iOS/ViewModels/FamilyRegistrationViewModel.swift /Users/sergejhlystov/ALADDIN_NEW/ALADDIN_NEW/mobile_apps/ALADDIN_iOS/Shared/Styles/CornerRadius.swift /Users/sergejhlystov/ALADDIN_NEW/ALADDIN_NEW/mobile_apps/ALADDIN_iOS/Screens/01_MainScreen.swift /Users/sergejhlystov/ALADDIN_NEW/ALADDIN_NEW/mobile_apps/ALADDIN_iOS/Screens/FamilyTournamentView.swift /Users/sergejhlystov/ALADDIN_NEW/ALADDIN_NEW/mobile_apps/ALADDIN_iOS/Shared/Styles/Fonts.swift /Users/sergejhlystov/ALADDIN_NEW/ALADDIN_NEW/mobile_apps/ALADDIN_iOS/Screens/GamesParentalControlView.swift /Users/sergejhlystov/ALADDIN_NEW/ALADDIN_NEW/mobile_apps/ALADDIN_iOS/Shared/Components/QRScannerModal.swift /Users/sergejhlystov/ALADDIN_NEW/ALADDIN_NEW/mobile_apps/ALADDIN_iOS/Screens/04_AnalyticsScreen.swift /Users/sergejhlystov/ALADDIN_NEW/ALADDIN_NEW/mobile_apps/ALADDIN_iOS/Screens/24_VPNEnergyStatsScreen.swift /Users/sergejhlystov/ALADDIN_NEW/ALADDIN_NEW/mobile_apps/ALADDIN_iOS/Shared/Components/Modals/ProfileEditView.swift /Users/sergejhlystov/ALADDIN_NEW/ALADDIN_NEW/mobile_apps/ALADDIN_iOS/ViewModels/TariffsViewModel.swift /Users/sergejhlystov/ALADDIN_NEW/ALADDIN_NEW/mobile_apps/ALADDIN_iOS/Core/Notifications/NotificationManager.swift /Users/sergejhlystov/ALADDIN_NEW/ALADDIN_NEW/mobile_apps/ALADDIN_iOS/Core/Security/SecurityManager.swift -supplementary-output-file-map /var/folders/rf/6rxcyql17sz57_02ng7jd7pr0000gn/T/TemporaryDirectory.wFGpdC/supplementaryOutputs-4 -target x86_64-apple-ios15.0-simulator -enable-objc-interop -sdk /Applications/Xcode.app/Contents/Developer/Platforms/iPhoneSimulator.platform/Developer/SDKs/iPhoneSimulator15.2.sdk -I /Users/sergejhlystov/Library/Developer/Xcode/DerivedData/ALADDIN-eahryzmutvtbyceygnlyjsmiiaha/Build/Products/Debug-iphonesimulator -F /Users/sergejhlystov/Library/Developer/Xcode/DerivedData/ALADDIN-eahryzmutvtbyceygnlyjsmiiaha/Build/Products/Debug-iphonesimulator -enable-testing -g -module-cache-path /Users/sergejhlystov/Library/Developer/Xcode/DerivedData/ModuleCache.noindex -emit-localized-strings -emit-localized-strings-path /Users/sergejhlystov/Library/Developer/Xcode/DerivedData/ALADDIN-eahryzmutvtbyceygnlyjsmiiaha/Build/Intermediates.noindex/ALADDIN.build/Debug-iphonesimulator/ALADDIN.build/Objects-normal/x86_64 -swift-version 5 -enforce-exclusivity\=checked -Onone -D DEBUG -new-driver-path /Applications/Xcode.app/Contents/Developer/Toolchains/XcodeDefault.xctoolchain/usr/bin/swift-driver -serialize-debugging-options -Xcc -working-directory -Xcc /Users/sergejhlystov/ALADDIN_NEW/ALADDIN_NEW/mobile_apps/ALADDIN_iOS -resource-dir /Applications/Xcode.app/Contents/Developer/Toolchains/XcodeDefault.xctoolchain/usr/lib/swift -enable-anonymous-context-mangled-names -Xcc -I/Users/sergejhlystov/Library/Developer/Xcode/DerivedData/ALADDIN-eahryzmutvtbyceygnlyjsmiiaha/Build/Intermediates.noindex/ALADDIN.build/Debug-iphonesimulator/ALADDIN.build/swift-overrides.hmap -Xcc -iquote -Xcc /Users/sergejhlystov/Library/Developer/Xcode/DerivedData/ALADDIN-eahryzmutvtbyceygnlyjsmiiaha/Build/Intermediates.noindex/ALADDIN.build/Debug-iphonesimulator/ALADDIN.build/ALADDIN-generated-files.hmap -Xcc -I/Users/sergejhlystov/Library/Developer/Xcode/DerivedData/ALADDIN-eahryzmutvtbyceygnlyjsmiiaha/Build/Intermediates.noindex/ALADDIN.build/Debug-iphonesimulator/ALADDIN.build/ALADDIN-own-target-headers.hmap -Xcc -I/Users/sergejhlystov/Library/Developer/Xcode/DerivedData/ALADDIN-eahryzmutvtbyceygnlyjsmiiaha/Build/Intermediates.noindex/ALADDIN.build/Debug-iphonesimulator/ALADDIN.build/ALADDIN-all-target-headers.hmap -Xcc -iquote -Xcc /Users/sergejhlystov/Library/Developer/Xcode/DerivedData/ALADDIN-eahryzmutvtbyceygnlyjsmiiaha/Build/Intermediates.noindex/ALADDIN.build/Debug-iphonesimulator/ALADDIN.build/ALADDIN-project-headers.hmap -Xcc -I/Users/sergejhlystov/Library/Developer/Xcode/DerivedData/ALADDIN-eahryzmutvtbyceygnlyjsmiiaha/Build/Products/Debug-iphonesimulator/include -Xcc -I/Users/sergejhlystov/Library/Developer/Xcode/DerivedData/ALADDIN-eahryzmutvtbyceygnlyjsmiiaha/Build/Intermediates.noindex/ALADDIN.build/Debug-iphonesimulator/ALADDIN.build/DerivedSources-normal/x86_64 -Xcc -I/Users/sergejhlystov/Library/Developer/Xcode/DerivedData/ALADDIN-eahryzmutvtbyceygnlyjsmiiaha/Build/Intermediates.noindex/ALADDIN.build/Debug-iphonesimulator/ALADDIN.build/DerivedSources/x86_64 -Xcc -I/Users/sergejhlystov/Library/Developer/Xcode/DerivedData/ALADDIN-eahryzmutvtbyceygnlyjsmiiaha/Build/Intermediates.noindex/ALADDIN.build/Debug-iphonesimulator/ALADDIN.build/DerivedSources -Xcc -DDEBUG\=1 -module-name ALADDIN -target-sdk-version 15.2.0 -o /Users/sergejhlystov/Library/Developer/Xcode/DerivedData/ALADDIN-eahryzmutvtbyceygnlyjsmiiaha/Build/Intermediates.noindex/ALADDIN.build/Debug-iphonesimulator/ALADDIN.build/Objects-normal/x86_64/InfoRow.o -o /Users/sergejhlystov/Library/Developer/Xcode/DerivedData/ALADDIN-eahryzmutvtbyceygnlyjsmiiaha/Build/Intermediates.noindex/ALADDIN.build/Debug-iphonesimulator/ALADDIN.build/Objects-normal/x86_64/25_PaymentQRScreen.o -o /Users/sergejhlystov/Library/Developer/Xcode/DerivedData/ALADDIN-eahryzmutvtbyceygnlyjsmiiaha/Build/Intermediates.noindex/ALADDIN.build/Debug-iphonesimulator/ALADDIN.build/Objects-normal/x86_64/RoleSelectionModal.o -o /Users/sergejhlystov/Library/Developer/Xcode/DerivedData/ALADDIN-eahryzmutvtbyceygnlyjsmiiaha/Build/Intermediates.noindex/ALADDIN.build/Debug-iphonesimulator/ALADDIN.build/Objects-normal/x86_64/SupportViewModel.o -o /Users/sergejhlystov/Library/Developer/Xcode/DerivedData/ALADDIN-eahryzmutvtbyceygnlyjsmiiaha/Build/Intermediates.noindex/ALADDIN.build/Debug-iphonesimulator/ALADDIN.build/Objects-normal/x86_64/ChildInterfaceViewModel.o -o /Users/sergejhlystov/Library/Developer/Xcode/DerivedData/ALADDIN-eahryzmutvtbyceygnlyjsmiiaha/Build/Intermediates.noindex/ALADDIN.build/Debug-iphonesimulator/ALADDIN.build/Objects-normal/x86_64/12_NotificationsScreen.o -o /Users/sergejhlystov/Library/Developer/Xcode/DerivedData/ALADDIN-eahryzmutvtbyceygnlyjsmiiaha/Build/Intermediates.noindex/ALADDIN.build/Debug-iphonesimulator/ALADDIN.build/Objects-normal/x86_64/ElderlyInterfaceViewModel.o -o /Users/sergejhlystov/Library/Developer/Xcode/DerivedData/ALADDIN-eahryzmutvtbyceygnlyjsmiiaha/Build/Intermediates.noindex/ALADDIN.build/Debug-iphonesimulator/ALADDIN.build/Objects-normal/x86_64/AnalyticsViewModel.o -o /Users/sergejhlystov/Library/Developer/Xcode/DerivedData/ALADDIN-eahryzmutvtbyceygnlyjsmiiaha/Build/Intermediates.noindex/ALADDIN.build/Debug-iphonesimulator/ALADDIN.build/Objects-normal/x86_64/CacheManager.o -o /Users/sergejhlystov/Library/Developer/Xcode/DerivedData/ALADDIN-eahryzmutvtbyceygnlyjsmiiaha/Build/Intermediates.noindex/ALADDIN.build/Debug-iphonesimulator/ALADDIN.build/Objects-normal/x86_64/NotificationsViewModel.o -o /Users/sergejhlystov/Library/Developer/Xcode/DerivedData/ALADDIN-eahryzmutvtbyceygnlyjsmiiaha/Build/Intermediates.noindex/ALADDIN.build/Debug-iphonesimulator/ALADDIN.build/Objects-normal/x86_64/06_AIAssistantScreen.o -index-store-path /Users/sergejhlystov/Library/Developer/Xcode/DerivedData/ALADDIN-eahryzmutvtbyceygnlyjsmiiaha/Index/DataStore -index-system-modules
/Users/sergejhlystov/ALADDIN_NEW/ALADDIN_NEW/mobile_apps/ALADDIN_iOS/Shared/Components/Modals/RoleSelectionModal.swift:13:38: error: 'FamilyRole' is ambiguous for type lookup in this context
    @State private var selectedRole: FamilyRole = .parent
                                     ^~~~~~~~~~
/Users/sergejhlystov/ALADDIN_NEW/ALADDIN_NEW/mobile_apps/ALADDIN_iOS/ALADDINApp.swift:112:6: note: found this candidate
enum FamilyRole: String {
     ^
/Users/sergejhlystov/ALADDIN_NEW/ALADDIN_NEW/mobile_apps/ALADDIN_iOS/ViewModels/FamilyRegistrationViewModel.swift:6:6: note: found this candidate
enum FamilyRole: String, Codable, CaseIterable, Identifiable {
     ^
/Users/sergejhlystov/ALADDIN_NEW/ALADDIN_NEW/mobile_apps/ALADDIN_iOS/Shared/Components/Modals/RoleSelectionModal.swift:14:26: error: 'FamilyRole' is ambiguous for type lookup in this context
    let onRoleSelected: (FamilyRole) -> Void
                         ^~~~~~~~~~
/Users/sergejhlystov/ALADDIN_NEW/ALADDIN_NEW/mobile_apps/ALADDIN_iOS/ALADDINApp.swift:112:6: note: found this candidate
enum FamilyRole: String {
     ^
/Users/sergejhlystov/ALADDIN_NEW/ALADDIN_NEW/mobile_apps/ALADDIN_iOS/ViewModels/FamilyRegistrationViewModel.swift:6:6: note: found this candidate
enum FamilyRole: String, Codable, CaseIterable, Identifiable {
     ^
/Users/sergejhlystov/ALADDIN_NEW/ALADDIN_NEW/mobile_apps/ALADDIN_iOS/Shared/Components/Modals/RoleSelectionModal.swift:18:33: error: 'FamilyRole' is ambiguous for type lookup in this context
    private func icon(for role: FamilyRole) -> String {
                                ^~~~~~~~~~
/Users/sergejhlystov/ALADDIN_NEW/ALADDIN_NEW/mobile_apps/ALADDIN_iOS/ALADDINApp.swift:112:6: note: found this candidate
enum FamilyRole: String {
     ^
/Users/sergejhlystov/ALADDIN_NEW/ALADDIN_NEW/mobile_apps/ALADDIN_iOS/ViewModels/FamilyRegistrationViewModel.swift:6:6: note: found this candidate
enum FamilyRole: String, Codable, CaseIterable, Identifiable {
     ^
/Users/sergejhlystov/ALADDIN_NEW/ALADDIN_NEW/mobile_apps/ALADDIN_iOS/Shared/Components/Modals/RoleSelectionModal.swift:27:40: error: 'FamilyRole' is ambiguous for type lookup in this context
    private func description(for role: FamilyRole) -> String {
                                       ^~~~~~~~~~
/Users/sergejhlystov/ALADDIN_NEW/ALADDIN_NEW/mobile_apps/ALADDIN_iOS/ALADDINApp.swift:112:6: note: found this candidate
enum FamilyRole: String {
     ^
/Users/sergejhlystov/ALADDIN_NEW/ALADDIN_NEW/mobile_apps/ALADDIN_iOS/ViewModels/FamilyRegistrationViewModel.swift:6:6: note: found this candidate
enum FamilyRole: String, Codable, CaseIterable, Identifiable {
     ^
/Users/sergejhlystov/ALADDIN_NEW/ALADDIN_NEW/mobile_apps/ALADDIN_iOS/Shared/Components/Modals/RoleSelectionModal.swift:85:15: error: 'FamilyRole' is ambiguous for type lookup in this context
    let role: FamilyRole
              ^~~~~~~~~~
/Users/sergejhlystov/ALADDIN_NEW/ALADDIN_NEW/mobile_apps/ALADDIN_iOS/ALADDINApp.swift:112:6: note: found this candidate
enum FamilyRole: String {
     ^
/Users/sergejhlystov/ALADDIN_NEW/ALADDIN_NEW/mobile_apps/ALADDIN_iOS/ViewModels/FamilyRegistrationViewModel.swift:6:6: note: found this candidate
enum FamilyRole: String, Codable, CaseIterable, Identifiable {
     ^
/Users/sergejhlystov/ALADDIN_NEW/ALADDIN_NEW/mobile_apps/ALADDIN_iOS/Shared/Components/Modals/RoleSelectionModal.swift:89:33: error: 'FamilyRole' is ambiguous for type lookup in this context
    private func icon(for role: FamilyRole) -> String {
                                ^~~~~~~~~~
/Users/sergejhlystov/ALADDIN_NEW/ALADDIN_NEW/mobile_apps/ALADDIN_iOS/ALADDINApp.swift:112:6: note: found this candidate
enum FamilyRole: String {
     ^
/Users/sergejhlystov/ALADDIN_NEW/ALADDIN_NEW/mobile_apps/ALADDIN_iOS/ViewModels/FamilyRegistrationViewModel.swift:6:6: note: found this candidate
enum FamilyRole: String, Codable, CaseIterable, Identifiable {
     ^
/Users/sergejhlystov/ALADDIN_NEW/ALADDIN_NEW/mobile_apps/ALADDIN_iOS/Shared/Components/Modals/RoleSelectionModal.swift:98:40: error: 'FamilyRole' is ambiguous for type lookup in this context
    private func description(for role: FamilyRole) -> String {
                                       ^~~~~~~~~~
/Users/sergejhlystov/ALADDIN_NEW/ALADDIN_NEW/mobile_apps/ALADDIN_iOS/ALADDINApp.swift:112:6: note: found this candidate
enum FamilyRole: String {
     ^
/Users/sergejhlystov/ALADDIN_NEW/ALADDIN_NEW/mobile_apps/ALADDIN_iOS/ViewModels/FamilyRegistrationViewModel.swift:6:6: note: found this candidate
enum FamilyRole: String, Codable, CaseIterable, Identifiable {
     ^
/Users/sergejhlystov/Library/Developer/Xcode/DerivedData/ALADDIN-eahryzmutvtbyceygnlyjsmiiaha/Build/Intermediates.noindex/ALADDIN.build/Debug-iphonesimulator/ALADDIN.build/Objects-normal/x86_64/ElderlyInterfaceViewModel.dia:1:1: warning: Could not read serialized diagnostics file: error("Invalid diagnostics signature") (in target 'ALADDIN' from project 'ALADDIN')
Command CompileSwift failed with a nonzero exit code

CompileSwift normal x86_64 /Users/sergejhlystov/ALADDIN_NEW/ALADDIN_NEW/mobile_apps/ALADDIN_iOS/ViewModels/AnalyticsViewModel.swift (in target 'ALADDIN' from project 'ALADDIN')
    cd /Users/sergejhlystov/ALADDIN_NEW/ALADDIN_NEW/mobile_apps/ALADDIN_iOS
    /Applications/Xcode.app/Contents/Developer/Toolchains/XcodeDefault.xctoolchain/usr/bin/swift-frontend -frontend -c /Users/sergejhlystov/ALADDIN_NEW/ALADDIN_NEW/mobile_apps/ALADDIN_iOS/Screens/RewardsQuickModal.swift /Users/sergejhlystov/ALADDIN_NEW/ALADDIN_NEW/mobile_apps/ALADDIN_iOS/Screens/08_ChildInterfaceScreen.swift /Users/sergejhlystov/ALADDIN_NEW/ALADDIN_NEW/mobile_apps/ALADDIN_iOS/ContentView.swift /Users/sergejhlystov/ALADDIN_NEW/ALADDIN_NEW/mobile_apps/ALADDIN_iOS/Shared/Components/ALADDINToggle.swift /Users/sergejhlystov/ALADDIN_NEW/ALADDIN_NEW/mobile_apps/ALADDIN_iOS/Components/Modals/AgeGroupSelectionModal.swift /Users/sergejhlystov/ALADDIN_NEW/ALADDIN_NEW/mobile_apps/ALADDIN_iOS/ALADDINApp.swift /Users/sergejhlystov/ALADDIN_NEW/ALADDIN_NEW/mobile_apps/ALADDIN_iOS/Shared/Models/FunctionStatus.swift /Users/sergejhlystov/ALADDIN_NEW/ALADDIN_NEW/mobile_apps/ALADDIN_iOS/ViewModels/MainViewModel.swift /Users/sergejhlystov/ALADDIN_NEW/ALADDIN_NEW/mobile_apps/ALADDIN_iOS/Shared/Components/Buttons/PrimaryButton.swift /Users/sergejhlystov/ALADDIN_NEW/ALADDIN_NEW/mobile_apps/ALADDIN_iOS/Screens/NotificationSettingsScreen.swift /Users/sergejhlystov/ALADDIN_NEW/ALADDIN_NEW/mobile_apps/ALADDIN_iOS/Screens/ChildContentScreen.swift /Users/sergejhlystov/ALADDIN_NEW/ALADDIN_NEW/mobile_apps/ALADDIN_iOS/Shared/Components/StatItem.swift /Users/sergejhlystov/ALADDIN_NEW/ALADDIN_NEW/mobile_apps/ALADDIN_iOS/Shared/Components/Cards/FamilyMemberCard.swift /Users/sergejhlystov/ALADDIN_NEW/ALADDIN_NEW/mobile_apps/ALADDIN_iOS/ViewModels/VPNViewModel.swift /Users/sergejhlystov/ALADDIN_NEW/ALADDIN_NEW/mobile_apps/ALADDIN_iOS/Core/Models/APIModels.swift /Users/sergejhlystov/ALADDIN_NEW/ALADDIN_NEW/mobile_apps/ALADDIN_iOS/Core/VPN/VPNManager.swift /Users/sergejhlystov/ALADDIN_NEW/ALADDIN_NEW/mobile_apps/ALADDIN_iOS/Screens/UnicornPetView.swift /Users/sergejhlystov/ALADDIN_NEW/ALADDIN_NEW/mobile_apps/ALADDIN_iOS/Core/Network/APIService.swift /Users/sergejhlystov/ALADDIN_NEW/ALADDIN_NEW/mobile_apps/ALADDIN_iOS/Screens/18_PrivacyPolicyScreen.swift /Users/sergejhlystov/ALADDIN_NEW/ALADDIN_NEW/mobile_apps/ALADDIN_iOS/Screens/10_TariffsScreen.swift /Users/sergejhlystov/ALADDIN_NEW/ALADDIN_NEW/mobile_apps/ALADDIN_iOS/Screens/03_VPNScreen.swift /Users/sergejhlystov/ALADDIN_NEW/ALADDIN_NEW/mobile_apps/ALADDIN_iOS/Screens/09_ElderlyInterfaceScreen.swift /Users/sergejhlystov/ALADDIN_NEW/ALADDIN_NEW/mobile_apps/ALADDIN_iOS/Shared/Components/SecondaryButton.swift /Users/sergejhlystov/ALADDIN_NEW/ALADDIN_NEW/mobile_apps/ALADDIN_iOS/Screens/11_ProfileScreen.swift /Users/sergejhlystov/ALADDIN_NEW/ALADDIN_NEW/mobile_apps/ALADDIN_iOS/Core/Network/NetworkManager.swift /Users/sergejhlystov/ALADDIN_NEW/ALADDIN_NEW/mobile_apps/ALADDIN_iOS/Screens/19_TermsOfServiceScreen.swift /Users/sergejhlystov/ALADDIN_NEW/ALADDIN_NEW/mobile_apps/ALADDIN_iOS/Core/Config/AppConfig.swift /Users/sergejhlystov/ALADDIN_NEW/ALADDIN_NEW/mobile_apps/ALADDIN_iOS/ViewModels/FamilyViewModel.swift /Users/sergejhlystov/ALADDIN_NEW/ALADDIN_NEW/mobile_apps/ALADDIN_iOS/ViewModels/AIAssistantViewModel.swift /Users/sergejhlystov/ALADDIN_NEW/ALADDIN_NEW/mobile_apps/ALADDIN_iOS/Screens/22_DeviceDetailScreen.swift /Users/sergejhlystov/ALADDIN_NEW/ALADDIN_NEW/mobile_apps/ALADDIN_iOS/Screens/WidgetConfigurationScreen.swift /Users/sergejhlystov/ALADDIN_NEW/ALADDIN_NEW/mobile_apps/ALADDIN_iOS/Core/Security/KeychainManager.swift /Users/sergejhlystov/ALADDIN_NEW/ALADDIN_NEW/mobile_apps/ALADDIN_iOS/Shared/Components/Modals/MemberStatsModalView.swift /Users/sergejhlystov/ALADDIN_NEW/ALADDIN_NEW/mobile_apps/ALADDIN_iOS/Shared/Styles/Spacing.swift /Users/sergejhlystov/ALADDIN_NEW/ALADDIN_NEW/mobile_apps/ALADDIN_iOS/Shared/Components/RecoveryOptionsModal.swift /Users/sergejhlystov/ALADDIN_NEW/ALADDIN_NEW/mobile_apps/ALADDIN_iOS/ViewModels/SettingsViewModel.swift -primary-file /Users/sergejhlystov/ALADDIN_NEW/ALADDIN_NEW/mobile_apps/ALADDIN_iOS/Shared/Components/InfoRow.swift -primary-file /Users/sergejhlystov/ALADDIN_NEW/ALADDIN_NEW/mobile_apps/ALADDIN_iOS/Screens/25_PaymentQRScreen.swift -primary-file /Users/sergejhlystov/ALADDIN_NEW/ALADDIN_NEW/mobile_apps/ALADDIN_iOS/Shared/Components/Modals/RoleSelectionModal.swift -primary-file /Users/sergejhlystov/ALADDIN_NEW/ALADDIN_NEW/mobile_apps/ALADDIN_iOS/ViewModels/SupportViewModel.swift -primary-file /Users/sergejhlystov/ALADDIN_NEW/ALADDIN_NEW/mobile_apps/ALADDIN_iOS/ViewModels/ChildInterfaceViewModel.swift -primary-file /Users/sergejhlystov/ALADDIN_NEW/ALADDIN_NEW/mobile_apps/ALADDIN_iOS/Screens/12_NotificationsScreen.swift -primary-file /Users/sergejhlystov/ALADDIN_NEW/ALADDIN_NEW/mobile_apps/ALADDIN_iOS/ViewModels/ElderlyInterfaceViewModel.swift -primary-file /Users/sergejhlystov/ALADDIN_NEW/ALADDIN_NEW/mobile_apps/ALADDIN_iOS/ViewModels/AnalyticsViewModel.swift -primary-file /Users/sergejhlystov/ALADDIN_NEW/ALADDIN_NEW/mobile_apps/ALADDIN_iOS/Core/Cache/CacheManager.swift -primary-file /Users/sergejhlystov/ALADDIN_NEW/ALADDIN_NEW/mobile_apps/ALADDIN_iOS/ViewModels/NotificationsViewModel.swift -primary-file /Users/sergejhlystov/ALADDIN_NEW/ALADDIN_NEW/mobile_apps/ALADDIN_iOS/Screens/06_AIAssistantScreen.swift /Users/sergejhlystov/ALADDIN_NEW/ALADDIN_NEW/mobile_apps/ALADDIN_iOS/ViewModels/ProfileViewModel.swift /Users/sergejhlystov/ALADDIN_NEW/ALADDIN_NEW/mobile_apps/ALADDIN_iOS/Components/Modals/ConsentModal.swift /Users/sergejhlystov/ALADDIN_NEW/ALADDIN_NEW/mobile_apps/ALADDIN_iOS/ViewModels/ParentalControlViewModel.swift /Users/sergejhlystov/ALADDIN_NEW/ALADDIN_NEW/mobile_apps/ALADDIN_iOS/ViewModels/OnboardingViewModel.swift /Users/sergejhlystov/ALADDIN_NEW/ALADDIN_NEW/mobile_apps/ALADDIN_iOS/Shared/Styles/Colors.swift /Users/sergejhlystov/ALADDIN_NEW/ALADDIN_NEW/mobile_apps/ALADDIN_iOS/Screens/ChildRewardsScreen.swift /Users/sergejhlystov/ALADDIN_NEW/ALADDIN_NEW/mobile_apps/ALADDIN_iOS/Screens/21_ReferralScreen.swift /Users/sergejhlystov/ALADDIN_NEW/ALADDIN_NEW/mobile_apps/ALADDIN_iOS/Shared/Components/AvatarSelector.swift /Users/sergejhlystov/ALADDIN_NEW/ALADDIN_NEW/mobile_apps/ALADDIN_iOS/Shared/Components/Navigation/ALADDINNavigationBar.swift /Users/sergejhlystov/ALADDIN_NEW/ALADDIN_NEW/mobile_apps/ALADDIN_iOS/Screens/14_OnboardingScreen.swift /Users/sergejhlystov/ALADDIN_NEW/ALADDIN_NEW/mobile_apps/ALADDIN_iOS/Components/Modals/FamilyCreatedModal.swift /Users/sergejhlystov/ALADDIN_NEW/ALADDIN_NEW/mobile_apps/ALADDIN_iOS/ViewModels/PaymentQRViewModel.swift /Users/sergejhlystov/ALADDIN_NEW/ALADDIN_NEW/mobile_apps/ALADDIN_iOS/Core/Navigation/NavigationManager.swift /Users/sergejhlystov/ALADDIN_NEW/ALADDIN_NEW/mobile_apps/ALADDIN_iOS/Core/Accessibility/AccessibilityManager.swift /Users/sergejhlystov/ALADDIN_NEW/ALADDIN_NEW/mobile_apps/ALADDIN_iOS/Core/Store/StoreManager.swift /Users/sergejhlystov/ALADDIN_NEW/ALADDIN_NEW/mobile_apps/ALADDIN_iOS/Screens/WheelOfFortuneView.swift /Users/sergejhlystov/ALADDIN_NEW/ALADDIN_NEW/mobile_apps/ALADDIN_iOS/Screens/UnicornUniverseView.swift /Users/sergejhlystov/ALADDIN_NEW/ALADDIN_NEW/mobile_apps/ALADDIN_iOS/Core/Localization/LocalizationManager.swift /Users/sergejhlystov/ALADDIN_NEW/ALADDIN_NEW/mobile_apps/ALADDIN_iOS/Screens/13_SupportScreen.swift /Users/sergejhlystov/ALADDIN_NEW/ALADDIN_NEW/mobile_apps/ALADDIN_iOS/Core/Analytics/AnalyticsManager.swift /Users/sergejhlystov/ALADDIN_NEW/ALADDIN_NEW/mobile_apps/ALADDIN_iOS/Screens/07_ParentalControlScreen.swift /Users/sergejhlystov/ALADDIN_NEW/ALADDIN_NEW/mobile_apps/ALADDIN_iOS/Screens/05_SettingsScreen.swift /Users/sergejhlystov/ALADDIN_NEW/ALADDIN_NEW/mobile_apps/ALADDIN_iOS/Screens/RewardsModalView.swift /Users/sergejhlystov/ALADDIN_NEW/ALADDIN_NEW/mobile_apps/ALADDIN_iOS/Screens/23_FamilyChatScreen.swift /Users/sergejhlystov/ALADDIN_NEW/ALADDIN_NEW/mobile_apps/ALADDIN_iOS/Screens/02_FamilyScreen.swift /Users/sergejhlystov/ALADDIN_NEW/ALADDIN_NEW/mobile_apps/ALADDIN_iOS/Screens/20_DevicesScreen.swift /Users/sergejhlystov/ALADDIN_NEW/ALADDIN_NEW/mobile_apps/ALADDIN_iOS/Shared/Components/ViewModifiers.swift /Users/sergejhlystov/ALADDIN_NEW/ALADDIN_NEW/mobile_apps/ALADDIN_iOS/Shared/Components/HapticFeedback.swift /Users/sergejhlystov/ALADDIN_NEW/ALADDIN_NEW/mobile_apps/ALADDIN_iOS/Screens/MainScreenWithRegistration.swift /Users/sergejhlystov/ALADDIN_NEW/ALADDIN_NEW/mobile_apps/ALADDIN_iOS/Core/Network/NetworkError.swift /Users/sergejhlystov/ALADDIN_NEW/ALADDIN_NEW/mobile_apps/ALADDIN_iOS/Screens/LanguageSettingsScreen.swift /Users/sergejhlystov/ALADDIN_NEW/ALADDIN_NEW/mobile_apps/ALADDIN_iOS/ViewModels/FamilyRegistrationViewModel.swift /Users/sergejhlystov/ALADDIN_NEW/ALADDIN_NEW/mobile_apps/ALADDIN_iOS/Shared/Styles/CornerRadius.swift /Users/sergejhlystov/ALADDIN_NEW/ALADDIN_NEW/mobile_apps/ALADDIN_iOS/Screens/01_MainScreen.swift /Users/sergejhlystov/ALADDIN_NEW/ALADDIN_NEW/mobile_apps/ALADDIN_iOS/Screens/FamilyTournamentView.swift /Users/sergejhlystov/ALADDIN_NEW/ALADDIN_NEW/mobile_apps/ALADDIN_iOS/Shared/Styles/Fonts.swift /Users/sergejhlystov/ALADDIN_NEW/ALADDIN_NEW/mobile_apps/ALADDIN_iOS/Screens/GamesParentalControlView.swift /Users/sergejhlystov/ALADDIN_NEW/ALADDIN_NEW/mobile_apps/ALADDIN_iOS/Shared/Components/QRScannerModal.swift /Users/sergejhlystov/ALADDIN_NEW/ALADDIN_NEW/mobile_apps/ALADDIN_iOS/Screens/04_AnalyticsScreen.swift /Users/sergejhlystov/ALADDIN_NEW/ALADDIN_NEW/mobile_apps/ALADDIN_iOS/Screens/24_VPNEnergyStatsScreen.swift /Users/sergejhlystov/ALADDIN_NEW/ALADDIN_NEW/mobile_apps/ALADDIN_iOS/Shared/Components/Modals/ProfileEditView.swift /Users/sergejhlystov/ALADDIN_NEW/ALADDIN_NEW/mobile_apps/ALADDIN_iOS/ViewModels/TariffsViewModel.swift /Users/sergejhlystov/ALADDIN_NEW/ALADDIN_NEW/mobile_apps/ALADDIN_iOS/Core/Notifications/NotificationManager.swift /Users/sergejhlystov/ALADDIN_NEW/ALADDIN_NEW/mobile_apps/ALADDIN_iOS/Core/Security/SecurityManager.swift -supplementary-output-file-map /var/folders/rf/6rxcyql17sz57_02ng7jd7pr0000gn/T/TemporaryDirectory.wFGpdC/supplementaryOutputs-4 -target x86_64-apple-ios15.0-simulator -enable-objc-interop -sdk /Applications/Xcode.app/Contents/Developer/Platforms/iPhoneSimulator.platform/Developer/SDKs/iPhoneSimulator15.2.sdk -I /Users/sergejhlystov/Library/Developer/Xcode/DerivedData/ALADDIN-eahryzmutvtbyceygnlyjsmiiaha/Build/Products/Debug-iphonesimulator -F /Users/sergejhlystov/Library/Developer/Xcode/DerivedData/ALADDIN-eahryzmutvtbyceygnlyjsmiiaha/Build/Products/Debug-iphonesimulator -enable-testing -g -module-cache-path /Users/sergejhlystov/Library/Developer/Xcode/DerivedData/ModuleCache.noindex -emit-localized-strings -emit-localized-strings-path /Users/sergejhlystov/Library/Developer/Xcode/DerivedData/ALADDIN-eahryzmutvtbyceygnlyjsmiiaha/Build/Intermediates.noindex/ALADDIN.build/Debug-iphonesimulator/ALADDIN.build/Objects-normal/x86_64 -swift-version 5 -enforce-exclusivity\=checked -Onone -D DEBUG -new-driver-path /Applications/Xcode.app/Contents/Developer/Toolchains/XcodeDefault.xctoolchain/usr/bin/swift-driver -serialize-debugging-options -Xcc -working-directory -Xcc /Users/sergejhlystov/ALADDIN_NEW/ALADDIN_NEW/mobile_apps/ALADDIN_iOS -resource-dir /Applications/Xcode.app/Contents/Developer/Toolchains/XcodeDefault.xctoolchain/usr/lib/swift -enable-anonymous-context-mangled-names -Xcc -I/Users/sergejhlystov/Library/Developer/Xcode/DerivedData/ALADDIN-eahryzmutvtbyceygnlyjsmiiaha/Build/Intermediates.noindex/ALADDIN.build/Debug-iphonesimulator/ALADDIN.build/swift-overrides.hmap -Xcc -iquote -Xcc /Users/sergejhlystov/Library/Developer/Xcode/DerivedData/ALADDIN-eahryzmutvtbyceygnlyjsmiiaha/Build/Intermediates.noindex/ALADDIN.build/Debug-iphonesimulator/ALADDIN.build/ALADDIN-generated-files.hmap -Xcc -I/Users/sergejhlystov/Library/Developer/Xcode/DerivedData/ALADDIN-eahryzmutvtbyceygnlyjsmiiaha/Build/Intermediates.noindex/ALADDIN.build/Debug-iphonesimulator/ALADDIN.build/ALADDIN-own-target-headers.hmap -Xcc -I/Users/sergejhlystov/Library/Developer/Xcode/DerivedData/ALADDIN-eahryzmutvtbyceygnlyjsmiiaha/Build/Intermediates.noindex/ALADDIN.build/Debug-iphonesimulator/ALADDIN.build/ALADDIN-all-target-headers.hmap -Xcc -iquote -Xcc /Users/sergejhlystov/Library/Developer/Xcode/DerivedData/ALADDIN-eahryzmutvtbyceygnlyjsmiiaha/Build/Intermediates.noindex/ALADDIN.build/Debug-iphonesimulator/ALADDIN.build/ALADDIN-project-headers.hmap -Xcc -I/Users/sergejhlystov/Library/Developer/Xcode/DerivedData/ALADDIN-eahryzmutvtbyceygnlyjsmiiaha/Build/Products/Debug-iphonesimulator/include -Xcc -I/Users/sergejhlystov/Library/Developer/Xcode/DerivedData/ALADDIN-eahryzmutvtbyceygnlyjsmiiaha/Build/Intermediates.noindex/ALADDIN.build/Debug-iphonesimulator/ALADDIN.build/DerivedSources-normal/x86_64 -Xcc -I/Users/sergejhlystov/Library/Developer/Xcode/DerivedData/ALADDIN-eahryzmutvtbyceygnlyjsmiiaha/Build/Intermediates.noindex/ALADDIN.build/Debug-iphonesimulator/ALADDIN.build/DerivedSources/x86_64 -Xcc -I/Users/sergejhlystov/Library/Developer/Xcode/DerivedData/ALADDIN-eahryzmutvtbyceygnlyjsmiiaha/Build/Intermediates.noindex/ALADDIN.build/Debug-iphonesimulator/ALADDIN.build/DerivedSources -Xcc -DDEBUG\=1 -module-name ALADDIN -target-sdk-version 15.2.0 -o /Users/sergejhlystov/Library/Developer/Xcode/DerivedData/ALADDIN-eahryzmutvtbyceygnlyjsmiiaha/Build/Intermediates.noindex/ALADDIN.build/Debug-iphonesimulator/ALADDIN.build/Objects-normal/x86_64/InfoRow.o -o /Users/sergejhlystov/Library/Developer/Xcode/DerivedData/ALADDIN-eahryzmutvtbyceygnlyjsmiiaha/Build/Intermediates.noindex/ALADDIN.build/Debug-iphonesimulator/ALADDIN.build/Objects-normal/x86_64/25_PaymentQRScreen.o -o /Users/sergejhlystov/Library/Developer/Xcode/DerivedData/ALADDIN-eahryzmutvtbyceygnlyjsmiiaha/Build/Intermediates.noindex/ALADDIN.build/Debug-iphonesimulator/ALADDIN.build/Objects-normal/x86_64/RoleSelectionModal.o -o /Users/sergejhlystov/Library/Developer/Xcode/DerivedData/ALADDIN-eahryzmutvtbyceygnlyjsmiiaha/Build/Intermediates.noindex/ALADDIN.build/Debug-iphonesimulator/ALADDIN.build/Objects-normal/x86_64/SupportViewModel.o -o /Users/sergejhlystov/Library/Developer/Xcode/DerivedData/ALADDIN-eahryzmutvtbyceygnlyjsmiiaha/Build/Intermediates.noindex/ALADDIN.build/Debug-iphonesimulator/ALADDIN.build/Objects-normal/x86_64/ChildInterfaceViewModel.o -o /Users/sergejhlystov/Library/Developer/Xcode/DerivedData/ALADDIN-eahryzmutvtbyceygnlyjsmiiaha/Build/Intermediates.noindex/ALADDIN.build/Debug-iphonesimulator/ALADDIN.build/Objects-normal/x86_64/12_NotificationsScreen.o -o /Users/sergejhlystov/Library/Developer/Xcode/DerivedData/ALADDIN-eahryzmutvtbyceygnlyjsmiiaha/Build/Intermediates.noindex/ALADDIN.build/Debug-iphonesimulator/ALADDIN.build/Objects-normal/x86_64/ElderlyInterfaceViewModel.o -o /Users/sergejhlystov/Library/Developer/Xcode/DerivedData/ALADDIN-eahryzmutvtbyceygnlyjsmiiaha/Build/Intermediates.noindex/ALADDIN.build/Debug-iphonesimulator/ALADDIN.build/Objects-normal/x86_64/AnalyticsViewModel.o -o /Users/sergejhlystov/Library/Developer/Xcode/DerivedData/ALADDIN-eahryzmutvtbyceygnlyjsmiiaha/Build/Intermediates.noindex/ALADDIN.build/Debug-iphonesimulator/ALADDIN.build/Objects-normal/x86_64/CacheManager.o -o /Users/sergejhlystov/Library/Developer/Xcode/DerivedData/ALADDIN-eahryzmutvtbyceygnlyjsmiiaha/Build/Intermediates.noindex/ALADDIN.build/Debug-iphonesimulator/ALADDIN.build/Objects-normal/x86_64/NotificationsViewModel.o -o /Users/sergejhlystov/Library/Developer/Xcode/DerivedData/ALADDIN-eahryzmutvtbyceygnlyjsmiiaha/Build/Intermediates.noindex/ALADDIN.build/Debug-iphonesimulator/ALADDIN.build/Objects-normal/x86_64/06_AIAssistantScreen.o -index-store-path /Users/sergejhlystov/Library/Developer/Xcode/DerivedData/ALADDIN-eahryzmutvtbyceygnlyjsmiiaha/Index/DataStore -index-system-modules
/Users/sergejhlystov/ALADDIN_NEW/ALADDIN_NEW/mobile_apps/ALADDIN_iOS/Shared/Components/Modals/RoleSelectionModal.swift:13:38: error: 'FamilyRole' is ambiguous for type lookup in this context
    @State private var selectedRole: FamilyRole = .parent
                                     ^~~~~~~~~~
/Users/sergejhlystov/ALADDIN_NEW/ALADDIN_NEW/mobile_apps/ALADDIN_iOS/ALADDINApp.swift:112:6: note: found this candidate
enum FamilyRole: String {
     ^
/Users/sergejhlystov/ALADDIN_NEW/ALADDIN_NEW/mobile_apps/ALADDIN_iOS/ViewModels/FamilyRegistrationViewModel.swift:6:6: note: found this candidate
enum FamilyRole: String, Codable, CaseIterable, Identifiable {
     ^
/Users/sergejhlystov/ALADDIN_NEW/ALADDIN_NEW/mobile_apps/ALADDIN_iOS/Shared/Components/Modals/RoleSelectionModal.swift:14:26: error: 'FamilyRole' is ambiguous for type lookup in this context
    let onRoleSelected: (FamilyRole) -> Void
                         ^~~~~~~~~~
/Users/sergejhlystov/ALADDIN_NEW/ALADDIN_NEW/mobile_apps/ALADDIN_iOS/ALADDINApp.swift:112:6: note: found this candidate
enum FamilyRole: String {
     ^
/Users/sergejhlystov/ALADDIN_NEW/ALADDIN_NEW/mobile_apps/ALADDIN_iOS/ViewModels/FamilyRegistrationViewModel.swift:6:6: note: found this candidate
enum FamilyRole: String, Codable, CaseIterable, Identifiable {
     ^
/Users/sergejhlystov/ALADDIN_NEW/ALADDIN_NEW/mobile_apps/ALADDIN_iOS/Shared/Components/Modals/RoleSelectionModal.swift:18:33: error: 'FamilyRole' is ambiguous for type lookup in this context
    private func icon(for role: FamilyRole) -> String {
                                ^~~~~~~~~~
/Users/sergejhlystov/ALADDIN_NEW/ALADDIN_NEW/mobile_apps/ALADDIN_iOS/ALADDINApp.swift:112:6: note: found this candidate
enum FamilyRole: String {
     ^
/Users/sergejhlystov/ALADDIN_NEW/ALADDIN_NEW/mobile_apps/ALADDIN_iOS/ViewModels/FamilyRegistrationViewModel.swift:6:6: note: found this candidate
enum FamilyRole: String, Codable, CaseIterable, Identifiable {
     ^
/Users/sergejhlystov/ALADDIN_NEW/ALADDIN_NEW/mobile_apps/ALADDIN_iOS/Shared/Components/Modals/RoleSelectionModal.swift:27:40: error: 'FamilyRole' is ambiguous for type lookup in this context
    private func description(for role: FamilyRole) -> String {
                                       ^~~~~~~~~~
/Users/sergejhlystov/ALADDIN_NEW/ALADDIN_NEW/mobile_apps/ALADDIN_iOS/ALADDINApp.swift:112:6: note: found this candidate
enum FamilyRole: String {
     ^
/Users/sergejhlystov/ALADDIN_NEW/ALADDIN_NEW/mobile_apps/ALADDIN_iOS/ViewModels/FamilyRegistrationViewModel.swift:6:6: note: found this candidate
enum FamilyRole: String, Codable, CaseIterable, Identifiable {
     ^
/Users/sergejhlystov/ALADDIN_NEW/ALADDIN_NEW/mobile_apps/ALADDIN_iOS/Shared/Components/Modals/RoleSelectionModal.swift:85:15: error: 'FamilyRole' is ambiguous for type lookup in this context
    let role: FamilyRole
              ^~~~~~~~~~
/Users/sergejhlystov/ALADDIN_NEW/ALADDIN_NEW/mobile_apps/ALADDIN_iOS/ALADDINApp.swift:112:6: note: found this candidate
enum FamilyRole: String {
     ^
/Users/sergejhlystov/ALADDIN_NEW/ALADDIN_NEW/mobile_apps/ALADDIN_iOS/ViewModels/FamilyRegistrationViewModel.swift:6:6: note: found this candidate
enum FamilyRole: String, Codable, CaseIterable, Identifiable {
     ^
/Users/sergejhlystov/ALADDIN_NEW/ALADDIN_NEW/mobile_apps/ALADDIN_iOS/Shared/Components/Modals/RoleSelectionModal.swift:89:33: error: 'FamilyRole' is ambiguous for type lookup in this context
    private func icon(for role: FamilyRole) -> String {
                                ^~~~~~~~~~
/Users/sergejhlystov/ALADDIN_NEW/ALADDIN_NEW/mobile_apps/ALADDIN_iOS/ALADDINApp.swift:112:6: note: found this candidate
enum FamilyRole: String {
     ^
/Users/sergejhlystov/ALADDIN_NEW/ALADDIN_NEW/mobile_apps/ALADDIN_iOS/ViewModels/FamilyRegistrationViewModel.swift:6:6: note: found this candidate
enum FamilyRole: String, Codable, CaseIterable, Identifiable {
     ^
/Users/sergejhlystov/ALADDIN_NEW/ALADDIN_NEW/mobile_apps/ALADDIN_iOS/Shared/Components/Modals/RoleSelectionModal.swift:98:40: error: 'FamilyRole' is ambiguous for type lookup in this context
    private func description(for role: FamilyRole) -> String {
                                       ^~~~~~~~~~
/Users/sergejhlystov/ALADDIN_NEW/ALADDIN_NEW/mobile_apps/ALADDIN_iOS/ALADDINApp.swift:112:6: note: found this candidate
enum FamilyRole: String {
     ^
/Users/sergejhlystov/ALADDIN_NEW/ALADDIN_NEW/mobile_apps/ALADDIN_iOS/ViewModels/FamilyRegistrationViewModel.swift:6:6: note: found this candidate
enum FamilyRole: String, Codable, CaseIterable, Identifiable {
     ^
/Users/sergejhlystov/Library/Developer/Xcode/DerivedData/ALADDIN-eahryzmutvtbyceygnlyjsmiiaha/Build/Intermediates.noindex/ALADDIN.build/Debug-iphonesimulator/ALADDIN.build/Objects-normal/x86_64/AnalyticsViewModel.dia:1:1: warning: Could not read serialized diagnostics file: error("Invalid diagnostics signature") (in target 'ALADDIN' from project 'ALADDIN')
Command CompileSwift failed with a nonzero exit code

CompileSwift normal x86_64 /Users/sergejhlystov/ALADDIN_NEW/ALADDIN_NEW/mobile_apps/ALADDIN_iOS/Core/Cache/CacheManager.swift (in target 'ALADDIN' from project 'ALADDIN')
    cd /Users/sergejhlystov/ALADDIN_NEW/ALADDIN_NEW/mobile_apps/ALADDIN_iOS
    /Applications/Xcode.app/Contents/Developer/Toolchains/XcodeDefault.xctoolchain/usr/bin/swift-frontend -frontend -c /Users/sergejhlystov/ALADDIN_NEW/ALADDIN_NEW/mobile_apps/ALADDIN_iOS/Screens/RewardsQuickModal.swift /Users/sergejhlystov/ALADDIN_NEW/ALADDIN_NEW/mobile_apps/ALADDIN_iOS/Screens/08_ChildInterfaceScreen.swift /Users/sergejhlystov/ALADDIN_NEW/ALADDIN_NEW/mobile_apps/ALADDIN_iOS/ContentView.swift /Users/sergejhlystov/ALADDIN_NEW/ALADDIN_NEW/mobile_apps/ALADDIN_iOS/Shared/Components/ALADDINToggle.swift /Users/sergejhlystov/ALADDIN_NEW/ALADDIN_NEW/mobile_apps/ALADDIN_iOS/Components/Modals/AgeGroupSelectionModal.swift /Users/sergejhlystov/ALADDIN_NEW/ALADDIN_NEW/mobile_apps/ALADDIN_iOS/ALADDINApp.swift /Users/sergejhlystov/ALADDIN_NEW/ALADDIN_NEW/mobile_apps/ALADDIN_iOS/Shared/Models/FunctionStatus.swift /Users/sergejhlystov/ALADDIN_NEW/ALADDIN_NEW/mobile_apps/ALADDIN_iOS/ViewModels/MainViewModel.swift /Users/sergejhlystov/ALADDIN_NEW/ALADDIN_NEW/mobile_apps/ALADDIN_iOS/Shared/Components/Buttons/PrimaryButton.swift /Users/sergejhlystov/ALADDIN_NEW/ALADDIN_NEW/mobile_apps/ALADDIN_iOS/Screens/NotificationSettingsScreen.swift /Users/sergejhlystov/ALADDIN_NEW/ALADDIN_NEW/mobile_apps/ALADDIN_iOS/Screens/ChildContentScreen.swift /Users/sergejhlystov/ALADDIN_NEW/ALADDIN_NEW/mobile_apps/ALADDIN_iOS/Shared/Components/StatItem.swift /Users/sergejhlystov/ALADDIN_NEW/ALADDIN_NEW/mobile_apps/ALADDIN_iOS/Shared/Components/Cards/FamilyMemberCard.swift /Users/sergejhlystov/ALADDIN_NEW/ALADDIN_NEW/mobile_apps/ALADDIN_iOS/ViewModels/VPNViewModel.swift /Users/sergejhlystov/ALADDIN_NEW/ALADDIN_NEW/mobile_apps/ALADDIN_iOS/Core/Models/APIModels.swift /Users/sergejhlystov/ALADDIN_NEW/ALADDIN_NEW/mobile_apps/ALADDIN_iOS/Core/VPN/VPNManager.swift /Users/sergejhlystov/ALADDIN_NEW/ALADDIN_NEW/mobile_apps/ALADDIN_iOS/Screens/UnicornPetView.swift /Users/sergejhlystov/ALADDIN_NEW/ALADDIN_NEW/mobile_apps/ALADDIN_iOS/Core/Network/APIService.swift /Users/sergejhlystov/ALADDIN_NEW/ALADDIN_NEW/mobile_apps/ALADDIN_iOS/Screens/18_PrivacyPolicyScreen.swift /Users/sergejhlystov/ALADDIN_NEW/ALADDIN_NEW/mobile_apps/ALADDIN_iOS/Screens/10_TariffsScreen.swift /Users/sergejhlystov/ALADDIN_NEW/ALADDIN_NEW/mobile_apps/ALADDIN_iOS/Screens/03_VPNScreen.swift /Users/sergejhlystov/ALADDIN_NEW/ALADDIN_NEW/mobile_apps/ALADDIN_iOS/Screens/09_ElderlyInterfaceScreen.swift /Users/sergejhlystov/ALADDIN_NEW/ALADDIN_NEW/mobile_apps/ALADDIN_iOS/Shared/Components/SecondaryButton.swift /Users/sergejhlystov/ALADDIN_NEW/ALADDIN_NEW/mobile_apps/ALADDIN_iOS/Screens/11_ProfileScreen.swift /Users/sergejhlystov/ALADDIN_NEW/ALADDIN_NEW/mobile_apps/ALADDIN_iOS/Core/Network/NetworkManager.swift /Users/sergejhlystov/ALADDIN_NEW/ALADDIN_NEW/mobile_apps/ALADDIN_iOS/Screens/19_TermsOfServiceScreen.swift /Users/sergejhlystov/ALADDIN_NEW/ALADDIN_NEW/mobile_apps/ALADDIN_iOS/Core/Config/AppConfig.swift /Users/sergejhlystov/ALADDIN_NEW/ALADDIN_NEW/mobile_apps/ALADDIN_iOS/ViewModels/FamilyViewModel.swift /Users/sergejhlystov/ALADDIN_NEW/ALADDIN_NEW/mobile_apps/ALADDIN_iOS/ViewModels/AIAssistantViewModel.swift /Users/sergejhlystov/ALADDIN_NEW/ALADDIN_NEW/mobile_apps/ALADDIN_iOS/Screens/22_DeviceDetailScreen.swift /Users/sergejhlystov/ALADDIN_NEW/ALADDIN_NEW/mobile_apps/ALADDIN_iOS/Screens/WidgetConfigurationScreen.swift /Users/sergejhlystov/ALADDIN_NEW/ALADDIN_NEW/mobile_apps/ALADDIN_iOS/Core/Security/KeychainManager.swift /Users/sergejhlystov/ALADDIN_NEW/ALADDIN_NEW/mobile_apps/ALADDIN_iOS/Shared/Components/Modals/MemberStatsModalView.swift /Users/sergejhlystov/ALADDIN_NEW/ALADDIN_NEW/mobile_apps/ALADDIN_iOS/Shared/Styles/Spacing.swift /Users/sergejhlystov/ALADDIN_NEW/ALADDIN_NEW/mobile_apps/ALADDIN_iOS/Shared/Components/RecoveryOptionsModal.swift /Users/sergejhlystov/ALADDIN_NEW/ALADDIN_NEW/mobile_apps/ALADDIN_iOS/ViewModels/SettingsViewModel.swift -primary-file /Users/sergejhlystov/ALADDIN_NEW/ALADDIN_NEW/mobile_apps/ALADDIN_iOS/Shared/Components/InfoRow.swift -primary-file /Users/sergejhlystov/ALADDIN_NEW/ALADDIN_NEW/mobile_apps/ALADDIN_iOS/Screens/25_PaymentQRScreen.swift -primary-file /Users/sergejhlystov/ALADDIN_NEW/ALADDIN_NEW/mobile_apps/ALADDIN_iOS/Shared/Components/Modals/RoleSelectionModal.swift -primary-file /Users/sergejhlystov/ALADDIN_NEW/ALADDIN_NEW/mobile_apps/ALADDIN_iOS/ViewModels/SupportViewModel.swift -primary-file /Users/sergejhlystov/ALADDIN_NEW/ALADDIN_NEW/mobile_apps/ALADDIN_iOS/ViewModels/ChildInterfaceViewModel.swift -primary-file /Users/sergejhlystov/ALADDIN_NEW/ALADDIN_NEW/mobile_apps/ALADDIN_iOS/Screens/12_NotificationsScreen.swift -primary-file /Users/sergejhlystov/ALADDIN_NEW/ALADDIN_NEW/mobile_apps/ALADDIN_iOS/ViewModels/ElderlyInterfaceViewModel.swift -primary-file /Users/sergejhlystov/ALADDIN_NEW/ALADDIN_NEW/mobile_apps/ALADDIN_iOS/ViewModels/AnalyticsViewModel.swift -primary-file /Users/sergejhlystov/ALADDIN_NEW/ALADDIN_NEW/mobile_apps/ALADDIN_iOS/Core/Cache/CacheManager.swift -primary-file /Users/sergejhlystov/ALADDIN_NEW/ALADDIN_NEW/mobile_apps/ALADDIN_iOS/ViewModels/NotificationsViewModel.swift -primary-file /Users/sergejhlystov/ALADDIN_NEW/ALADDIN_NEW/mobile_apps/ALADDIN_iOS/Screens/06_AIAssistantScreen.swift /Users/sergejhlystov/ALADDIN_NEW/ALADDIN_NEW/mobile_apps/ALADDIN_iOS/ViewModels/ProfileViewModel.swift /Users/sergejhlystov/ALADDIN_NEW/ALADDIN_NEW/mobile_apps/ALADDIN_iOS/Components/Modals/ConsentModal.swift /Users/sergejhlystov/ALADDIN_NEW/ALADDIN_NEW/mobile_apps/ALADDIN_iOS/ViewModels/ParentalControlViewModel.swift /Users/sergejhlystov/ALADDIN_NEW/ALADDIN_NEW/mobile_apps/ALADDIN_iOS/ViewModels/OnboardingViewModel.swift /Users/sergejhlystov/ALADDIN_NEW/ALADDIN_NEW/mobile_apps/ALADDIN_iOS/Shared/Styles/Colors.swift /Users/sergejhlystov/ALADDIN_NEW/ALADDIN_NEW/mobile_apps/ALADDIN_iOS/Screens/ChildRewardsScreen.swift /Users/sergejhlystov/ALADDIN_NEW/ALADDIN_NEW/mobile_apps/ALADDIN_iOS/Screens/21_ReferralScreen.swift /Users/sergejhlystov/ALADDIN_NEW/ALADDIN_NEW/mobile_apps/ALADDIN_iOS/Shared/Components/AvatarSelector.swift /Users/sergejhlystov/ALADDIN_NEW/ALADDIN_NEW/mobile_apps/ALADDIN_iOS/Shared/Components/Navigation/ALADDINNavigationBar.swift /Users/sergejhlystov/ALADDIN_NEW/ALADDIN_NEW/mobile_apps/ALADDIN_iOS/Screens/14_OnboardingScreen.swift /Users/sergejhlystov/ALADDIN_NEW/ALADDIN_NEW/mobile_apps/ALADDIN_iOS/Components/Modals/FamilyCreatedModal.swift /Users/sergejhlystov/ALADDIN_NEW/ALADDIN_NEW/mobile_apps/ALADDIN_iOS/ViewModels/PaymentQRViewModel.swift /Users/sergejhlystov/ALADDIN_NEW/ALADDIN_NEW/mobile_apps/ALADDIN_iOS/Core/Navigation/NavigationManager.swift /Users/sergejhlystov/ALADDIN_NEW/ALADDIN_NEW/mobile_apps/ALADDIN_iOS/Core/Accessibility/AccessibilityManager.swift /Users/sergejhlystov/ALADDIN_NEW/ALADDIN_NEW/mobile_apps/ALADDIN_iOS/Core/Store/StoreManager.swift /Users/sergejhlystov/ALADDIN_NEW/ALADDIN_NEW/mobile_apps/ALADDIN_iOS/Screens/WheelOfFortuneView.swift /Users/sergejhlystov/ALADDIN_NEW/ALADDIN_NEW/mobile_apps/ALADDIN_iOS/Screens/UnicornUniverseView.swift /Users/sergejhlystov/ALADDIN_NEW/ALADDIN_NEW/mobile_apps/ALADDIN_iOS/Core/Localization/LocalizationManager.swift /Users/sergejhlystov/ALADDIN_NEW/ALADDIN_NEW/mobile_apps/ALADDIN_iOS/Screens/13_SupportScreen.swift /Users/sergejhlystov/ALADDIN_NEW/ALADDIN_NEW/mobile_apps/ALADDIN_iOS/Core/Analytics/AnalyticsManager.swift /Users/sergejhlystov/ALADDIN_NEW/ALADDIN_NEW/mobile_apps/ALADDIN_iOS/Screens/07_ParentalControlScreen.swift /Users/sergejhlystov/ALADDIN_NEW/ALADDIN_NEW/mobile_apps/ALADDIN_iOS/Screens/05_SettingsScreen.swift /Users/sergejhlystov/ALADDIN_NEW/ALADDIN_NEW/mobile_apps/ALADDIN_iOS/Screens/RewardsModalView.swift /Users/sergejhlystov/ALADDIN_NEW/ALADDIN_NEW/mobile_apps/ALADDIN_iOS/Screens/23_FamilyChatScreen.swift /Users/sergejhlystov/ALADDIN_NEW/ALADDIN_NEW/mobile_apps/ALADDIN_iOS/Screens/02_FamilyScreen.swift /Users/sergejhlystov/ALADDIN_NEW/ALADDIN_NEW/mobile_apps/ALADDIN_iOS/Screens/20_DevicesScreen.swift /Users/sergejhlystov/ALADDIN_NEW/ALADDIN_NEW/mobile_apps/ALADDIN_iOS/Shared/Components/ViewModifiers.swift /Users/sergejhlystov/ALADDIN_NEW/ALADDIN_NEW/mobile_apps/ALADDIN_iOS/Shared/Components/HapticFeedback.swift /Users/sergejhlystov/ALADDIN_NEW/ALADDIN_NEW/mobile_apps/ALADDIN_iOS/Screens/MainScreenWithRegistration.swift /Users/sergejhlystov/ALADDIN_NEW/ALADDIN_NEW/mobile_apps/ALADDIN_iOS/Core/Network/NetworkError.swift /Users/sergejhlystov/ALADDIN_NEW/ALADDIN_NEW/mobile_apps/ALADDIN_iOS/Screens/LanguageSettingsScreen.swift /Users/sergejhlystov/ALADDIN_NEW/ALADDIN_NEW/mobile_apps/ALADDIN_iOS/ViewModels/FamilyRegistrationViewModel.swift /Users/sergejhlystov/ALADDIN_NEW/ALADDIN_NEW/mobile_apps/ALADDIN_iOS/Shared/Styles/CornerRadius.swift /Users/sergejhlystov/ALADDIN_NEW/ALADDIN_NEW/mobile_apps/ALADDIN_iOS/Screens/01_MainScreen.swift /Users/sergejhlystov/ALADDIN_NEW/ALADDIN_NEW/mobile_apps/ALADDIN_iOS/Screens/FamilyTournamentView.swift /Users/sergejhlystov/ALADDIN_NEW/ALADDIN_NEW/mobile_apps/ALADDIN_iOS/Shared/Styles/Fonts.swift /Users/sergejhlystov/ALADDIN_NEW/ALADDIN_NEW/mobile_apps/ALADDIN_iOS/Screens/GamesParentalControlView.swift /Users/sergejhlystov/ALADDIN_NEW/ALADDIN_NEW/mobile_apps/ALADDIN_iOS/Shared/Components/QRScannerModal.swift /Users/sergejhlystov/ALADDIN_NEW/ALADDIN_NEW/mobile_apps/ALADDIN_iOS/Screens/04_AnalyticsScreen.swift /Users/sergejhlystov/ALADDIN_NEW/ALADDIN_NEW/mobile_apps/ALADDIN_iOS/Screens/24_VPNEnergyStatsScreen.swift /Users/sergejhlystov/ALADDIN_NEW/ALADDIN_NEW/mobile_apps/ALADDIN_iOS/Shared/Components/Modals/ProfileEditView.swift /Users/sergejhlystov/ALADDIN_NEW/ALADDIN_NEW/mobile_apps/ALADDIN_iOS/ViewModels/TariffsViewModel.swift /Users/sergejhlystov/ALADDIN_NEW/ALADDIN_NEW/mobile_apps/ALADDIN_iOS/Core/Notifications/NotificationManager.swift /Users/sergejhlystov/ALADDIN_NEW/ALADDIN_NEW/mobile_apps/ALADDIN_iOS/Core/Security/SecurityManager.swift -supplementary-output-file-map /var/folders/rf/6rxcyql17sz57_02ng7jd7pr0000gn/T/TemporaryDirectory.wFGpdC/supplementaryOutputs-4 -target x86_64-apple-ios15.0-simulator -enable-objc-interop -sdk /Applications/Xcode.app/Contents/Developer/Platforms/iPhoneSimulator.platform/Developer/SDKs/iPhoneSimulator15.2.sdk -I /Users/sergejhlystov/Library/Developer/Xcode/DerivedData/ALADDIN-eahryzmutvtbyceygnlyjsmiiaha/Build/Products/Debug-iphonesimulator -F /Users/sergejhlystov/Library/Developer/Xcode/DerivedData/ALADDIN-eahryzmutvtbyceygnlyjsmiiaha/Build/Products/Debug-iphonesimulator -enable-testing -g -module-cache-path /Users/sergejhlystov/Library/Developer/Xcode/DerivedData/ModuleCache.noindex -emit-localized-strings -emit-localized-strings-path /Users/sergejhlystov/Library/Developer/Xcode/DerivedData/ALADDIN-eahryzmutvtbyceygnlyjsmiiaha/Build/Intermediates.noindex/ALADDIN.build/Debug-iphonesimulator/ALADDIN.build/Objects-normal/x86_64 -swift-version 5 -enforce-exclusivity\=checked -Onone -D DEBUG -new-driver-path /Applications/Xcode.app/Contents/Developer/Toolchains/XcodeDefault.xctoolchain/usr/bin/swift-driver -serialize-debugging-options -Xcc -working-directory -Xcc /Users/sergejhlystov/ALADDIN_NEW/ALADDIN_NEW/mobile_apps/ALADDIN_iOS -resource-dir /Applications/Xcode.app/Contents/Developer/Toolchains/XcodeDefault.xctoolchain/usr/lib/swift -enable-anonymous-context-mangled-names -Xcc -I/Users/sergejhlystov/Library/Developer/Xcode/DerivedData/ALADDIN-eahryzmutvtbyceygnlyjsmiiaha/Build/Intermediates.noindex/ALADDIN.build/Debug-iphonesimulator/ALADDIN.build/swift-overrides.hmap -Xcc -iquote -Xcc /Users/sergejhlystov/Library/Developer/Xcode/DerivedData/ALADDIN-eahryzmutvtbyceygnlyjsmiiaha/Build/Intermediates.noindex/ALADDIN.build/Debug-iphonesimulator/ALADDIN.build/ALADDIN-generated-files.hmap -Xcc -I/Users/sergejhlystov/Library/Developer/Xcode/DerivedData/ALADDIN-eahryzmutvtbyceygnlyjsmiiaha/Build/Intermediates.noindex/ALADDIN.build/Debug-iphonesimulator/ALADDIN.build/ALADDIN-own-target-headers.hmap -Xcc -I/Users/sergejhlystov/Library/Developer/Xcode/DerivedData/ALADDIN-eahryzmutvtbyceygnlyjsmiiaha/Build/Intermediates.noindex/ALADDIN.build/Debug-iphonesimulator/ALADDIN.build/ALADDIN-all-target-headers.hmap -Xcc -iquote -Xcc /Users/sergejhlystov/Library/Developer/Xcode/DerivedData/ALADDIN-eahryzmutvtbyceygnlyjsmiiaha/Build/Intermediates.noindex/ALADDIN.build/Debug-iphonesimulator/ALADDIN.build/ALADDIN-project-headers.hmap -Xcc -I/Users/sergejhlystov/Library/Developer/Xcode/DerivedData/ALADDIN-eahryzmutvtbyceygnlyjsmiiaha/Build/Products/Debug-iphonesimulator/include -Xcc -I/Users/sergejhlystov/Library/Developer/Xcode/DerivedData/ALADDIN-eahryzmutvtbyceygnlyjsmiiaha/Build/Intermediates.noindex/ALADDIN.build/Debug-iphonesimulator/ALADDIN.build/DerivedSources-normal/x86_64 -Xcc -I/Users/sergejhlystov/Library/Developer/Xcode/DerivedData/ALADDIN-eahryzmutvtbyceygnlyjsmiiaha/Build/Intermediates.noindex/ALADDIN.build/Debug-iphonesimulator/ALADDIN.build/DerivedSources/x86_64 -Xcc -I/Users/sergejhlystov/Library/Developer/Xcode/DerivedData/ALADDIN-eahryzmutvtbyceygnlyjsmiiaha/Build/Intermediates.noindex/ALADDIN.build/Debug-iphonesimulator/ALADDIN.build/DerivedSources -Xcc -DDEBUG\=1 -module-name ALADDIN -target-sdk-version 15.2.0 -o /Users/sergejhlystov/Library/Developer/Xcode/DerivedData/ALADDIN-eahryzmutvtbyceygnlyjsmiiaha/Build/Intermediates.noindex/ALADDIN.build/Debug-iphonesimulator/ALADDIN.build/Objects-normal/x86_64/InfoRow.o -o /Users/sergejhlystov/Library/Developer/Xcode/DerivedData/ALADDIN-eahryzmutvtbyceygnlyjsmiiaha/Build/Intermediates.noindex/ALADDIN.build/Debug-iphonesimulator/ALADDIN.build/Objects-normal/x86_64/25_PaymentQRScreen.o -o /Users/sergejhlystov/Library/Developer/Xcode/DerivedData/ALADDIN-eahryzmutvtbyceygnlyjsmiiaha/Build/Intermediates.noindex/ALADDIN.build/Debug-iphonesimulator/ALADDIN.build/Objects-normal/x86_64/RoleSelectionModal.o -o /Users/sergejhlystov/Library/Developer/Xcode/DerivedData/ALADDIN-eahryzmutvtbyceygnlyjsmiiaha/Build/Intermediates.noindex/ALADDIN.build/Debug-iphonesimulator/ALADDIN.build/Objects-normal/x86_64/SupportViewModel.o -o /Users/sergejhlystov/Library/Developer/Xcode/DerivedData/ALADDIN-eahryzmutvtbyceygnlyjsmiiaha/Build/Intermediates.noindex/ALADDIN.build/Debug-iphonesimulator/ALADDIN.build/Objects-normal/x86_64/ChildInterfaceViewModel.o -o /Users/sergejhlystov/Library/Developer/Xcode/DerivedData/ALADDIN-eahryzmutvtbyceygnlyjsmiiaha/Build/Intermediates.noindex/ALADDIN.build/Debug-iphonesimulator/ALADDIN.build/Objects-normal/x86_64/12_NotificationsScreen.o -o /Users/sergejhlystov/Library/Developer/Xcode/DerivedData/ALADDIN-eahryzmutvtbyceygnlyjsmiiaha/Build/Intermediates.noindex/ALADDIN.build/Debug-iphonesimulator/ALADDIN.build/Objects-normal/x86_64/ElderlyInterfaceViewModel.o -o /Users/sergejhlystov/Library/Developer/Xcode/DerivedData/ALADDIN-eahryzmutvtbyceygnlyjsmiiaha/Build/Intermediates.noindex/ALADDIN.build/Debug-iphonesimulator/ALADDIN.build/Objects-normal/x86_64/AnalyticsViewModel.o -o /Users/sergejhlystov/Library/Developer/Xcode/DerivedData/ALADDIN-eahryzmutvtbyceygnlyjsmiiaha/Build/Intermediates.noindex/ALADDIN.build/Debug-iphonesimulator/ALADDIN.build/Objects-normal/x86_64/CacheManager.o -o /Users/sergejhlystov/Library/Developer/Xcode/DerivedData/ALADDIN-eahryzmutvtbyceygnlyjsmiiaha/Build/Intermediates.noindex/ALADDIN.build/Debug-iphonesimulator/ALADDIN.build/Objects-normal/x86_64/NotificationsViewModel.o -o /Users/sergejhlystov/Library/Developer/Xcode/DerivedData/ALADDIN-eahryzmutvtbyceygnlyjsmiiaha/Build/Intermediates.noindex/ALADDIN.build/Debug-iphonesimulator/ALADDIN.build/Objects-normal/x86_64/06_AIAssistantScreen.o -index-store-path /Users/sergejhlystov/Library/Developer/Xcode/DerivedData/ALADDIN-eahryzmutvtbyceygnlyjsmiiaha/Index/DataStore -index-system-modules
/Users/sergejhlystov/ALADDIN_NEW/ALADDIN_NEW/mobile_apps/ALADDIN_iOS/Shared/Components/Modals/RoleSelectionModal.swift:13:38: error: 'FamilyRole' is ambiguous for type lookup in this context
    @State private var selectedRole: FamilyRole = .parent
                                     ^~~~~~~~~~
/Users/sergejhlystov/ALADDIN_NEW/ALADDIN_NEW/mobile_apps/ALADDIN_iOS/ALADDINApp.swift:112:6: note: found this candidate
enum FamilyRole: String {
     ^
/Users/sergejhlystov/ALADDIN_NEW/ALADDIN_NEW/mobile_apps/ALADDIN_iOS/ViewModels/FamilyRegistrationViewModel.swift:6:6: note: found this candidate
enum FamilyRole: String, Codable, CaseIterable, Identifiable {
     ^
/Users/sergejhlystov/ALADDIN_NEW/ALADDIN_NEW/mobile_apps/ALADDIN_iOS/Shared/Components/Modals/RoleSelectionModal.swift:14:26: error: 'FamilyRole' is ambiguous for type lookup in this context
    let onRoleSelected: (FamilyRole) -> Void
                         ^~~~~~~~~~
/Users/sergejhlystov/ALADDIN_NEW/ALADDIN_NEW/mobile_apps/ALADDIN_iOS/ALADDINApp.swift:112:6: note: found this candidate
enum FamilyRole: String {
     ^
/Users/sergejhlystov/ALADDIN_NEW/ALADDIN_NEW/mobile_apps/ALADDIN_iOS/ViewModels/FamilyRegistrationViewModel.swift:6:6: note: found this candidate
enum FamilyRole: String, Codable, CaseIterable, Identifiable {
     ^
/Users/sergejhlystov/ALADDIN_NEW/ALADDIN_NEW/mobile_apps/ALADDIN_iOS/Shared/Components/Modals/RoleSelectionModal.swift:18:33: error: 'FamilyRole' is ambiguous for type lookup in this context
    private func icon(for role: FamilyRole) -> String {
                                ^~~~~~~~~~
/Users/sergejhlystov/ALADDIN_NEW/ALADDIN_NEW/mobile_apps/ALADDIN_iOS/ALADDINApp.swift:112:6: note: found this candidate
enum FamilyRole: String {
     ^
/Users/sergejhlystov/ALADDIN_NEW/ALADDIN_NEW/mobile_apps/ALADDIN_iOS/ViewModels/FamilyRegistrationViewModel.swift:6:6: note: found this candidate
enum FamilyRole: String, Codable, CaseIterable, Identifiable {
     ^
/Users/sergejhlystov/ALADDIN_NEW/ALADDIN_NEW/mobile_apps/ALADDIN_iOS/Shared/Components/Modals/RoleSelectionModal.swift:27:40: error: 'FamilyRole' is ambiguous for type lookup in this context
    private func description(for role: FamilyRole) -> String {
                                       ^~~~~~~~~~
/Users/sergejhlystov/ALADDIN_NEW/ALADDIN_NEW/mobile_apps/ALADDIN_iOS/ALADDINApp.swift:112:6: note: found this candidate
enum FamilyRole: String {
     ^
/Users/sergejhlystov/ALADDIN_NEW/ALADDIN_NEW/mobile_apps/ALADDIN_iOS/ViewModels/FamilyRegistrationViewModel.swift:6:6: note: found this candidate
enum FamilyRole: String, Codable, CaseIterable, Identifiable {
     ^
/Users/sergejhlystov/ALADDIN_NEW/ALADDIN_NEW/mobile_apps/ALADDIN_iOS/Shared/Components/Modals/RoleSelectionModal.swift:85:15: error: 'FamilyRole' is ambiguous for type lookup in this context
    let role: FamilyRole
              ^~~~~~~~~~
/Users/sergejhlystov/ALADDIN_NEW/ALADDIN_NEW/mobile_apps/ALADDIN_iOS/ALADDINApp.swift:112:6: note: found this candidate
enum FamilyRole: String {
     ^
/Users/sergejhlystov/ALADDIN_NEW/ALADDIN_NEW/mobile_apps/ALADDIN_iOS/ViewModels/FamilyRegistrationViewModel.swift:6:6: note: found this candidate
enum FamilyRole: String, Codable, CaseIterable, Identifiable {
     ^
/Users/sergejhlystov/ALADDIN_NEW/ALADDIN_NEW/mobile_apps/ALADDIN_iOS/Shared/Components/Modals/RoleSelectionModal.swift:89:33: error: 'FamilyRole' is ambiguous for type lookup in this context
    private func icon(for role: FamilyRole) -> String {
                                ^~~~~~~~~~
/Users/sergejhlystov/ALADDIN_NEW/ALADDIN_NEW/mobile_apps/ALADDIN_iOS/ALADDINApp.swift:112:6: note: found this candidate
enum FamilyRole: String {
     ^
/Users/sergejhlystov/ALADDIN_NEW/ALADDIN_NEW/mobile_apps/ALADDIN_iOS/ViewModels/FamilyRegistrationViewModel.swift:6:6: note: found this candidate
enum FamilyRole: String, Codable, CaseIterable, Identifiable {
     ^
/Users/sergejhlystov/ALADDIN_NEW/ALADDIN_NEW/mobile_apps/ALADDIN_iOS/Shared/Components/Modals/RoleSelectionModal.swift:98:40: error: 'FamilyRole' is ambiguous for type lookup in this context
    private func description(for role: FamilyRole) -> String {
                                       ^~~~~~~~~~
/Users/sergejhlystov/ALADDIN_NEW/ALADDIN_NEW/mobile_apps/ALADDIN_iOS/ALADDINApp.swift:112:6: note: found this candidate
enum FamilyRole: String {
     ^
/Users/sergejhlystov/ALADDIN_NEW/ALADDIN_NEW/mobile_apps/ALADDIN_iOS/ViewModels/FamilyRegistrationViewModel.swift:6:6: note: found this candidate
enum FamilyRole: String, Codable, CaseIterable, Identifiable {
     ^
/Users/sergejhlystov/Library/Developer/Xcode/DerivedData/ALADDIN-eahryzmutvtbyceygnlyjsmiiaha/Build/Intermediates.noindex/ALADDIN.build/Debug-iphonesimulator/ALADDIN.build/Objects-normal/x86_64/CacheManager.dia:1:1: warning: Could not read serialized diagnostics file: error("Invalid diagnostics signature") (in target 'ALADDIN' from project 'ALADDIN')
Command CompileSwift failed with a nonzero exit code

CompileSwift normal x86_64 /Users/sergejhlystov/ALADDIN_NEW/ALADDIN_NEW/mobile_apps/ALADDIN_iOS/ViewModels/NotificationsViewModel.swift (in target 'ALADDIN' from project 'ALADDIN')
    cd /Users/sergejhlystov/ALADDIN_NEW/ALADDIN_NEW/mobile_apps/ALADDIN_iOS
    /Applications/Xcode.app/Contents/Developer/Toolchains/XcodeDefault.xctoolchain/usr/bin/swift-frontend -frontend -c /Users/sergejhlystov/ALADDIN_NEW/ALADDIN_NEW/mobile_apps/ALADDIN_iOS/Screens/RewardsQuickModal.swift /Users/sergejhlystov/ALADDIN_NEW/ALADDIN_NEW/mobile_apps/ALADDIN_iOS/Screens/08_ChildInterfaceScreen.swift /Users/sergejhlystov/ALADDIN_NEW/ALADDIN_NEW/mobile_apps/ALADDIN_iOS/ContentView.swift /Users/sergejhlystov/ALADDIN_NEW/ALADDIN_NEW/mobile_apps/ALADDIN_iOS/Shared/Components/ALADDINToggle.swift /Users/sergejhlystov/ALADDIN_NEW/ALADDIN_NEW/mobile_apps/ALADDIN_iOS/Components/Modals/AgeGroupSelectionModal.swift /Users/sergejhlystov/ALADDIN_NEW/ALADDIN_NEW/mobile_apps/ALADDIN_iOS/ALADDINApp.swift /Users/sergejhlystov/ALADDIN_NEW/ALADDIN_NEW/mobile_apps/ALADDIN_iOS/Shared/Models/FunctionStatus.swift /Users/sergejhlystov/ALADDIN_NEW/ALADDIN_NEW/mobile_apps/ALADDIN_iOS/ViewModels/MainViewModel.swift /Users/sergejhlystov/ALADDIN_NEW/ALADDIN_NEW/mobile_apps/ALADDIN_iOS/Shared/Components/Buttons/PrimaryButton.swift /Users/sergejhlystov/ALADDIN_NEW/ALADDIN_NEW/mobile_apps/ALADDIN_iOS/Screens/NotificationSettingsScreen.swift /Users/sergejhlystov/ALADDIN_NEW/ALADDIN_NEW/mobile_apps/ALADDIN_iOS/Screens/ChildContentScreen.swift /Users/sergejhlystov/ALADDIN_NEW/ALADDIN_NEW/mobile_apps/ALADDIN_iOS/Shared/Components/StatItem.swift /Users/sergejhlystov/ALADDIN_NEW/ALADDIN_NEW/mobile_apps/ALADDIN_iOS/Shared/Components/Cards/FamilyMemberCard.swift /Users/sergejhlystov/ALADDIN_NEW/ALADDIN_NEW/mobile_apps/ALADDIN_iOS/ViewModels/VPNViewModel.swift /Users/sergejhlystov/ALADDIN_NEW/ALADDIN_NEW/mobile_apps/ALADDIN_iOS/Core/Models/APIModels.swift /Users/sergejhlystov/ALADDIN_NEW/ALADDIN_NEW/mobile_apps/ALADDIN_iOS/Core/VPN/VPNManager.swift /Users/sergejhlystov/ALADDIN_NEW/ALADDIN_NEW/mobile_apps/ALADDIN_iOS/Screens/UnicornPetView.swift /Users/sergejhlystov/ALADDIN_NEW/ALADDIN_NEW/mobile_apps/ALADDIN_iOS/Core/Network/APIService.swift /Users/sergejhlystov/ALADDIN_NEW/ALADDIN_NEW/mobile_apps/ALADDIN_iOS/Screens/18_PrivacyPolicyScreen.swift /Users/sergejhlystov/ALADDIN_NEW/ALADDIN_NEW/mobile_apps/ALADDIN_iOS/Screens/10_TariffsScreen.swift /Users/sergejhlystov/ALADDIN_NEW/ALADDIN_NEW/mobile_apps/ALADDIN_iOS/Screens/03_VPNScreen.swift /Users/sergejhlystov/ALADDIN_NEW/ALADDIN_NEW/mobile_apps/ALADDIN_iOS/Screens/09_ElderlyInterfaceScreen.swift /Users/sergejhlystov/ALADDIN_NEW/ALADDIN_NEW/mobile_apps/ALADDIN_iOS/Shared/Components/SecondaryButton.swift /Users/sergejhlystov/ALADDIN_NEW/ALADDIN_NEW/mobile_apps/ALADDIN_iOS/Screens/11_ProfileScreen.swift /Users/sergejhlystov/ALADDIN_NEW/ALADDIN_NEW/mobile_apps/ALADDIN_iOS/Core/Network/NetworkManager.swift /Users/sergejhlystov/ALADDIN_NEW/ALADDIN_NEW/mobile_apps/ALADDIN_iOS/Screens/19_TermsOfServiceScreen.swift /Users/sergejhlystov/ALADDIN_NEW/ALADDIN_NEW/mobile_apps/ALADDIN_iOS/Core/Config/AppConfig.swift /Users/sergejhlystov/ALADDIN_NEW/ALADDIN_NEW/mobile_apps/ALADDIN_iOS/ViewModels/FamilyViewModel.swift /Users/sergejhlystov/ALADDIN_NEW/ALADDIN_NEW/mobile_apps/ALADDIN_iOS/ViewModels/AIAssistantViewModel.swift /Users/sergejhlystov/ALADDIN_NEW/ALADDIN_NEW/mobile_apps/ALADDIN_iOS/Screens/22_DeviceDetailScreen.swift /Users/sergejhlystov/ALADDIN_NEW/ALADDIN_NEW/mobile_apps/ALADDIN_iOS/Screens/WidgetConfigurationScreen.swift /Users/sergejhlystov/ALADDIN_NEW/ALADDIN_NEW/mobile_apps/ALADDIN_iOS/Core/Security/KeychainManager.swift /Users/sergejhlystov/ALADDIN_NEW/ALADDIN_NEW/mobile_apps/ALADDIN_iOS/Shared/Components/Modals/MemberStatsModalView.swift /Users/sergejhlystov/ALADDIN_NEW/ALADDIN_NEW/mobile_apps/ALADDIN_iOS/Shared/Styles/Spacing.swift /Users/sergejhlystov/ALADDIN_NEW/ALADDIN_NEW/mobile_apps/ALADDIN_iOS/Shared/Components/RecoveryOptionsModal.swift /Users/sergejhlystov/ALADDIN_NEW/ALADDIN_NEW/mobile_apps/ALADDIN_iOS/ViewModels/SettingsViewModel.swift -primary-file /Users/sergejhlystov/ALADDIN_NEW/ALADDIN_NEW/mobile_apps/ALADDIN_iOS/Shared/Components/InfoRow.swift -primary-file /Users/sergejhlystov/ALADDIN_NEW/ALADDIN_NEW/mobile_apps/ALADDIN_iOS/Screens/25_PaymentQRScreen.swift -primary-file /Users/sergejhlystov/ALADDIN_NEW/ALADDIN_NEW/mobile_apps/ALADDIN_iOS/Shared/Components/Modals/RoleSelectionModal.swift -primary-file /Users/sergejhlystov/ALADDIN_NEW/ALADDIN_NEW/mobile_apps/ALADDIN_iOS/ViewModels/SupportViewModel.swift -primary-file /Users/sergejhlystov/ALADDIN_NEW/ALADDIN_NEW/mobile_apps/ALADDIN_iOS/ViewModels/ChildInterfaceViewModel.swift -primary-file /Users/sergejhlystov/ALADDIN_NEW/ALADDIN_NEW/mobile_apps/ALADDIN_iOS/Screens/12_NotificationsScreen.swift -primary-file /Users/sergejhlystov/ALADDIN_NEW/ALADDIN_NEW/mobile_apps/ALADDIN_iOS/ViewModels/ElderlyInterfaceViewModel.swift -primary-file /Users/sergejhlystov/ALADDIN_NEW/ALADDIN_NEW/mobile_apps/ALADDIN_iOS/ViewModels/AnalyticsViewModel.swift -primary-file /Users/sergejhlystov/ALADDIN_NEW/ALADDIN_NEW/mobile_apps/ALADDIN_iOS/Core/Cache/CacheManager.swift -primary-file /Users/sergejhlystov/ALADDIN_NEW/ALADDIN_NEW/mobile_apps/ALADDIN_iOS/ViewModels/NotificationsViewModel.swift -primary-file /Users/sergejhlystov/ALADDIN_NEW/ALADDIN_NEW/mobile_apps/ALADDIN_iOS/Screens/06_AIAssistantScreen.swift /Users/sergejhlystov/ALADDIN_NEW/ALADDIN_NEW/mobile_apps/ALADDIN_iOS/ViewModels/ProfileViewModel.swift /Users/sergejhlystov/ALADDIN_NEW/ALADDIN_NEW/mobile_apps/ALADDIN_iOS/Components/Modals/ConsentModal.swift /Users/sergejhlystov/ALADDIN_NEW/ALADDIN_NEW/mobile_apps/ALADDIN_iOS/ViewModels/ParentalControlViewModel.swift /Users/sergejhlystov/ALADDIN_NEW/ALADDIN_NEW/mobile_apps/ALADDIN_iOS/ViewModels/OnboardingViewModel.swift /Users/sergejhlystov/ALADDIN_NEW/ALADDIN_NEW/mobile_apps/ALADDIN_iOS/Shared/Styles/Colors.swift /Users/sergejhlystov/ALADDIN_NEW/ALADDIN_NEW/mobile_apps/ALADDIN_iOS/Screens/ChildRewardsScreen.swift /Users/sergejhlystov/ALADDIN_NEW/ALADDIN_NEW/mobile_apps/ALADDIN_iOS/Screens/21_ReferralScreen.swift /Users/sergejhlystov/ALADDIN_NEW/ALADDIN_NEW/mobile_apps/ALADDIN_iOS/Shared/Components/AvatarSelector.swift /Users/sergejhlystov/ALADDIN_NEW/ALADDIN_NEW/mobile_apps/ALADDIN_iOS/Shared/Components/Navigation/ALADDINNavigationBar.swift /Users/sergejhlystov/ALADDIN_NEW/ALADDIN_NEW/mobile_apps/ALADDIN_iOS/Screens/14_OnboardingScreen.swift /Users/sergejhlystov/ALADDIN_NEW/ALADDIN_NEW/mobile_apps/ALADDIN_iOS/Components/Modals/FamilyCreatedModal.swift /Users/sergejhlystov/ALADDIN_NEW/ALADDIN_NEW/mobile_apps/ALADDIN_iOS/ViewModels/PaymentQRViewModel.swift /Users/sergejhlystov/ALADDIN_NEW/ALADDIN_NEW/mobile_apps/ALADDIN_iOS/Core/Navigation/NavigationManager.swift /Users/sergejhlystov/ALADDIN_NEW/ALADDIN_NEW/mobile_apps/ALADDIN_iOS/Core/Accessibility/AccessibilityManager.swift /Users/sergejhlystov/ALADDIN_NEW/ALADDIN_NEW/mobile_apps/ALADDIN_iOS/Core/Store/StoreManager.swift /Users/sergejhlystov/ALADDIN_NEW/ALADDIN_NEW/mobile_apps/ALADDIN_iOS/Screens/WheelOfFortuneView.swift /Users/sergejhlystov/ALADDIN_NEW/ALADDIN_NEW/mobile_apps/ALADDIN_iOS/Screens/UnicornUniverseView.swift /Users/sergejhlystov/ALADDIN_NEW/ALADDIN_NEW/mobile_apps/ALADDIN_iOS/Core/Localization/LocalizationManager.swift /Users/sergejhlystov/ALADDIN_NEW/ALADDIN_NEW/mobile_apps/ALADDIN_iOS/Screens/13_SupportScreen.swift /Users/sergejhlystov/ALADDIN_NEW/ALADDIN_NEW/mobile_apps/ALADDIN_iOS/Core/Analytics/AnalyticsManager.swift /Users/sergejhlystov/ALADDIN_NEW/ALADDIN_NEW/mobile_apps/ALADDIN_iOS/Screens/07_ParentalControlScreen.swift /Users/sergejhlystov/ALADDIN_NEW/ALADDIN_NEW/mobile_apps/ALADDIN_iOS/Screens/05_SettingsScreen.swift /Users/sergejhlystov/ALADDIN_NEW/ALADDIN_NEW/mobile_apps/ALADDIN_iOS/Screens/RewardsModalView.swift /Users/sergejhlystov/ALADDIN_NEW/ALADDIN_NEW/mobile_apps/ALADDIN_iOS/Screens/23_FamilyChatScreen.swift /Users/sergejhlystov/ALADDIN_NEW/ALADDIN_NEW/mobile_apps/ALADDIN_iOS/Screens/02_FamilyScreen.swift /Users/sergejhlystov/ALADDIN_NEW/ALADDIN_NEW/mobile_apps/ALADDIN_iOS/Screens/20_DevicesScreen.swift /Users/sergejhlystov/ALADDIN_NEW/ALADDIN_NEW/mobile_apps/ALADDIN_iOS/Shared/Components/ViewModifiers.swift /Users/sergejhlystov/ALADDIN_NEW/ALADDIN_NEW/mobile_apps/ALADDIN_iOS/Shared/Components/HapticFeedback.swift /Users/sergejhlystov/ALADDIN_NEW/ALADDIN_NEW/mobile_apps/ALADDIN_iOS/Screens/MainScreenWithRegistration.swift /Users/sergejhlystov/ALADDIN_NEW/ALADDIN_NEW/mobile_apps/ALADDIN_iOS/Core/Network/NetworkError.swift /Users/sergejhlystov/ALADDIN_NEW/ALADDIN_NEW/mobile_apps/ALADDIN_iOS/Screens/LanguageSettingsScreen.swift /Users/sergejhlystov/ALADDIN_NEW/ALADDIN_NEW/mobile_apps/ALADDIN_iOS/ViewModels/FamilyRegistrationViewModel.swift /Users/sergejhlystov/ALADDIN_NEW/ALADDIN_NEW/mobile_apps/ALADDIN_iOS/Shared/Styles/CornerRadius.swift /Users/sergejhlystov/ALADDIN_NEW/ALADDIN_NEW/mobile_apps/ALADDIN_iOS/Screens/01_MainScreen.swift /Users/sergejhlystov/ALADDIN_NEW/ALADDIN_NEW/mobile_apps/ALADDIN_iOS/Screens/FamilyTournamentView.swift /Users/sergejhlystov/ALADDIN_NEW/ALADDIN_NEW/mobile_apps/ALADDIN_iOS/Shared/Styles/Fonts.swift /Users/sergejhlystov/ALADDIN_NEW/ALADDIN_NEW/mobile_apps/ALADDIN_iOS/Screens/GamesParentalControlView.swift /Users/sergejhlystov/ALADDIN_NEW/ALADDIN_NEW/mobile_apps/ALADDIN_iOS/Shared/Components/QRScannerModal.swift /Users/sergejhlystov/ALADDIN_NEW/ALADDIN_NEW/mobile_apps/ALADDIN_iOS/Screens/04_AnalyticsScreen.swift /Users/sergejhlystov/ALADDIN_NEW/ALADDIN_NEW/mobile_apps/ALADDIN_iOS/Screens/24_VPNEnergyStatsScreen.swift /Users/sergejhlystov/ALADDIN_NEW/ALADDIN_NEW/mobile_apps/ALADDIN_iOS/Shared/Components/Modals/ProfileEditView.swift /Users/sergejhlystov/ALADDIN_NEW/ALADDIN_NEW/mobile_apps/ALADDIN_iOS/ViewModels/TariffsViewModel.swift /Users/sergejhlystov/ALADDIN_NEW/ALADDIN_NEW/mobile_apps/ALADDIN_iOS/Core/Notifications/NotificationManager.swift /Users/sergejhlystov/ALADDIN_NEW/ALADDIN_NEW/mobile_apps/ALADDIN_iOS/Core/Security/SecurityManager.swift -supplementary-output-file-map /var/folders/rf/6rxcyql17sz57_02ng7jd7pr0000gn/T/TemporaryDirectory.wFGpdC/supplementaryOutputs-4 -target x86_64-apple-ios15.0-simulator -enable-objc-interop -sdk /Applications/Xcode.app/Contents/Developer/Platforms/iPhoneSimulator.platform/Developer/SDKs/iPhoneSimulator15.2.sdk -I /Users/sergejhlystov/Library/Developer/Xcode/DerivedData/ALADDIN-eahryzmutvtbyceygnlyjsmiiaha/Build/Products/Debug-iphonesimulator -F /Users/sergejhlystov/Library/Developer/Xcode/DerivedData/ALADDIN-eahryzmutvtbyceygnlyjsmiiaha/Build/Products/Debug-iphonesimulator -enable-testing -g -module-cache-path /Users/sergejhlystov/Library/Developer/Xcode/DerivedData/ModuleCache.noindex -emit-localized-strings -emit-localized-strings-path /Users/sergejhlystov/Library/Developer/Xcode/DerivedData/ALADDIN-eahryzmutvtbyceygnlyjsmiiaha/Build/Intermediates.noindex/ALADDIN.build/Debug-iphonesimulator/ALADDIN.build/Objects-normal/x86_64 -swift-version 5 -enforce-exclusivity\=checked -Onone -D DEBUG -new-driver-path /Applications/Xcode.app/Contents/Developer/Toolchains/XcodeDefault.xctoolchain/usr/bin/swift-driver -serialize-debugging-options -Xcc -working-directory -Xcc /Users/sergejhlystov/ALADDIN_NEW/ALADDIN_NEW/mobile_apps/ALADDIN_iOS -resource-dir /Applications/Xcode.app/Contents/Developer/Toolchains/XcodeDefault.xctoolchain/usr/lib/swift -enable-anonymous-context-mangled-names -Xcc -I/Users/sergejhlystov/Library/Developer/Xcode/DerivedData/ALADDIN-eahryzmutvtbyceygnlyjsmiiaha/Build/Intermediates.noindex/ALADDIN.build/Debug-iphonesimulator/ALADDIN.build/swift-overrides.hmap -Xcc -iquote -Xcc /Users/sergejhlystov/Library/Developer/Xcode/DerivedData/ALADDIN-eahryzmutvtbyceygnlyjsmiiaha/Build/Intermediates.noindex/ALADDIN.build/Debug-iphonesimulator/ALADDIN.build/ALADDIN-generated-files.hmap -Xcc -I/Users/sergejhlystov/Library/Developer/Xcode/DerivedData/ALADDIN-eahryzmutvtbyceygnlyjsmiiaha/Build/Intermediates.noindex/ALADDIN.build/Debug-iphonesimulator/ALADDIN.build/ALADDIN-own-target-headers.hmap -Xcc -I/Users/sergejhlystov/Library/Developer/Xcode/DerivedData/ALADDIN-eahryzmutvtbyceygnlyjsmiiaha/Build/Intermediates.noindex/ALADDIN.build/Debug-iphonesimulator/ALADDIN.build/ALADDIN-all-target-headers.hmap -Xcc -iquote -Xcc /Users/sergejhlystov/Library/Developer/Xcode/DerivedData/ALADDIN-eahryzmutvtbyceygnlyjsmiiaha/Build/Intermediates.noindex/ALADDIN.build/Debug-iphonesimulator/ALADDIN.build/ALADDIN-project-headers.hmap -Xcc -I/Users/sergejhlystov/Library/Developer/Xcode/DerivedData/ALADDIN-eahryzmutvtbyceygnlyjsmiiaha/Build/Products/Debug-iphonesimulator/include -Xcc -I/Users/sergejhlystov/Library/Developer/Xcode/DerivedData/ALADDIN-eahryzmutvtbyceygnlyjsmiiaha/Build/Intermediates.noindex/ALADDIN.build/Debug-iphonesimulator/ALADDIN.build/DerivedSources-normal/x86_64 -Xcc -I/Users/sergejhlystov/Library/Developer/Xcode/DerivedData/ALADDIN-eahryzmutvtbyceygnlyjsmiiaha/Build/Intermediates.noindex/ALADDIN.build/Debug-iphonesimulator/ALADDIN.build/DerivedSources/x86_64 -Xcc -I/Users/sergejhlystov/Library/Developer/Xcode/DerivedData/ALADDIN-eahryzmutvtbyceygnlyjsmiiaha/Build/Intermediates.noindex/ALADDIN.build/Debug-iphonesimulator/ALADDIN.build/DerivedSources -Xcc -DDEBUG\=1 -module-name ALADDIN -target-sdk-version 15.2.0 -o /Users/sergejhlystov/Library/Developer/Xcode/DerivedData/ALADDIN-eahryzmutvtbyceygnlyjsmiiaha/Build/Intermediates.noindex/ALADDIN.build/Debug-iphonesimulator/ALADDIN.build/Objects-normal/x86_64/InfoRow.o -o /Users/sergejhlystov/Library/Developer/Xcode/DerivedData/ALADDIN-eahryzmutvtbyceygnlyjsmiiaha/Build/Intermediates.noindex/ALADDIN.build/Debug-iphonesimulator/ALADDIN.build/Objects-normal/x86_64/25_PaymentQRScreen.o -o /Users/sergejhlystov/Library/Developer/Xcode/DerivedData/ALADDIN-eahryzmutvtbyceygnlyjsmiiaha/Build/Intermediates.noindex/ALADDIN.build/Debug-iphonesimulator/ALADDIN.build/Objects-normal/x86_64/RoleSelectionModal.o -o /Users/sergejhlystov/Library/Developer/Xcode/DerivedData/ALADDIN-eahryzmutvtbyceygnlyjsmiiaha/Build/Intermediates.noindex/ALADDIN.build/Debug-iphonesimulator/ALADDIN.build/Objects-normal/x86_64/SupportViewModel.o -o /Users/sergejhlystov/Library/Developer/Xcode/DerivedData/ALADDIN-eahryzmutvtbyceygnlyjsmiiaha/Build/Intermediates.noindex/ALADDIN.build/Debug-iphonesimulator/ALADDIN.build/Objects-normal/x86_64/ChildInterfaceViewModel.o -o /Users/sergejhlystov/Library/Developer/Xcode/DerivedData/ALADDIN-eahryzmutvtbyceygnlyjsmiiaha/Build/Intermediates.noindex/ALADDIN.build/Debug-iphonesimulator/ALADDIN.build/Objects-normal/x86_64/12_NotificationsScreen.o -o /Users/sergejhlystov/Library/Developer/Xcode/DerivedData/ALADDIN-eahryzmutvtbyceygnlyjsmiiaha/Build/Intermediates.noindex/ALADDIN.build/Debug-iphonesimulator/ALADDIN.build/Objects-normal/x86_64/ElderlyInterfaceViewModel.o -o /Users/sergejhlystov/Library/Developer/Xcode/DerivedData/ALADDIN-eahryzmutvtbyceygnlyjsmiiaha/Build/Intermediates.noindex/ALADDIN.build/Debug-iphonesimulator/ALADDIN.build/Objects-normal/x86_64/AnalyticsViewModel.o -o /Users/sergejhlystov/Library/Developer/Xcode/DerivedData/ALADDIN-eahryzmutvtbyceygnlyjsmiiaha/Build/Intermediates.noindex/ALADDIN.build/Debug-iphonesimulator/ALADDIN.build/Objects-normal/x86_64/CacheManager.o -o /Users/sergejhlystov/Library/Developer/Xcode/DerivedData/ALADDIN-eahryzmutvtbyceygnlyjsmiiaha/Build/Intermediates.noindex/ALADDIN.build/Debug-iphonesimulator/ALADDIN.build/Objects-normal/x86_64/NotificationsViewModel.o -o /Users/sergejhlystov/Library/Developer/Xcode/DerivedData/ALADDIN-eahryzmutvtbyceygnlyjsmiiaha/Build/Intermediates.noindex/ALADDIN.build/Debug-iphonesimulator/ALADDIN.build/Objects-normal/x86_64/06_AIAssistantScreen.o -index-store-path /Users/sergejhlystov/Library/Developer/Xcode/DerivedData/ALADDIN-eahryzmutvtbyceygnlyjsmiiaha/Index/DataStore -index-system-modules
/Users/sergejhlystov/ALADDIN_NEW/ALADDIN_NEW/mobile_apps/ALADDIN_iOS/Shared/Components/Modals/RoleSelectionModal.swift:13:38: error: 'FamilyRole' is ambiguous for type lookup in this context
    @State private var selectedRole: FamilyRole = .parent
                                     ^~~~~~~~~~
/Users/sergejhlystov/ALADDIN_NEW/ALADDIN_NEW/mobile_apps/ALADDIN_iOS/ALADDINApp.swift:112:6: note: found this candidate
enum FamilyRole: String {
     ^
/Users/sergejhlystov/ALADDIN_NEW/ALADDIN_NEW/mobile_apps/ALADDIN_iOS/ViewModels/FamilyRegistrationViewModel.swift:6:6: note: found this candidate
enum FamilyRole: String, Codable, CaseIterable, Identifiable {
     ^
/Users/sergejhlystov/ALADDIN_NEW/ALADDIN_NEW/mobile_apps/ALADDIN_iOS/Shared/Components/Modals/RoleSelectionModal.swift:14:26: error: 'FamilyRole' is ambiguous for type lookup in this context
    let onRoleSelected: (FamilyRole) -> Void
                         ^~~~~~~~~~
/Users/sergejhlystov/ALADDIN_NEW/ALADDIN_NEW/mobile_apps/ALADDIN_iOS/ALADDINApp.swift:112:6: note: found this candidate
enum FamilyRole: String {
     ^
/Users/sergejhlystov/ALADDIN_NEW/ALADDIN_NEW/mobile_apps/ALADDIN_iOS/ViewModels/FamilyRegistrationViewModel.swift:6:6: note: found this candidate
enum FamilyRole: String, Codable, CaseIterable, Identifiable {
     ^
/Users/sergejhlystov/ALADDIN_NEW/ALADDIN_NEW/mobile_apps/ALADDIN_iOS/Shared/Components/Modals/RoleSelectionModal.swift:18:33: error: 'FamilyRole' is ambiguous for type lookup in this context
    private func icon(for role: FamilyRole) -> String {
                                ^~~~~~~~~~
/Users/sergejhlystov/ALADDIN_NEW/ALADDIN_NEW/mobile_apps/ALADDIN_iOS/ALADDINApp.swift:112:6: note: found this candidate
enum FamilyRole: String {
     ^
/Users/sergejhlystov/ALADDIN_NEW/ALADDIN_NEW/mobile_apps/ALADDIN_iOS/ViewModels/FamilyRegistrationViewModel.swift:6:6: note: found this candidate
enum FamilyRole: String, Codable, CaseIterable, Identifiable {
     ^
/Users/sergejhlystov/ALADDIN_NEW/ALADDIN_NEW/mobile_apps/ALADDIN_iOS/Shared/Components/Modals/RoleSelectionModal.swift:27:40: error: 'FamilyRole' is ambiguous for type lookup in this context
    private func description(for role: FamilyRole) -> String {
                                       ^~~~~~~~~~
/Users/sergejhlystov/ALADDIN_NEW/ALADDIN_NEW/mobile_apps/ALADDIN_iOS/ALADDINApp.swift:112:6: note: found this candidate
enum FamilyRole: String {
     ^
/Users/sergejhlystov/ALADDIN_NEW/ALADDIN_NEW/mobile_apps/ALADDIN_iOS/ViewModels/FamilyRegistrationViewModel.swift:6:6: note: found this candidate
enum FamilyRole: String, Codable, CaseIterable, Identifiable {
     ^
/Users/sergejhlystov/ALADDIN_NEW/ALADDIN_NEW/mobile_apps/ALADDIN_iOS/Shared/Components/Modals/RoleSelectionModal.swift:85:15: error: 'FamilyRole' is ambiguous for type lookup in this context
    let role: FamilyRole
              ^~~~~~~~~~
/Users/sergejhlystov/ALADDIN_NEW/ALADDIN_NEW/mobile_apps/ALADDIN_iOS/ALADDINApp.swift:112:6: note: found this candidate
enum FamilyRole: String {
     ^
/Users/sergejhlystov/ALADDIN_NEW/ALADDIN_NEW/mobile_apps/ALADDIN_iOS/ViewModels/FamilyRegistrationViewModel.swift:6:6: note: found this candidate
enum FamilyRole: String, Codable, CaseIterable, Identifiable {
     ^
/Users/sergejhlystov/ALADDIN_NEW/ALADDIN_NEW/mobile_apps/ALADDIN_iOS/Shared/Components/Modals/RoleSelectionModal.swift:89:33: error: 'FamilyRole' is ambiguous for type lookup in this context
    private func icon(for role: FamilyRole) -> String {
                                ^~~~~~~~~~
/Users/sergejhlystov/ALADDIN_NEW/ALADDIN_NEW/mobile_apps/ALADDIN_iOS/ALADDINApp.swift:112:6: note: found this candidate
enum FamilyRole: String {
     ^
/Users/sergejhlystov/ALADDIN_NEW/ALADDIN_NEW/mobile_apps/ALADDIN_iOS/ViewModels/FamilyRegistrationViewModel.swift:6:6: note: found this candidate
enum FamilyRole: String, Codable, CaseIterable, Identifiable {
     ^
/Users/sergejhlystov/ALADDIN_NEW/ALADDIN_NEW/mobile_apps/ALADDIN_iOS/Shared/Components/Modals/RoleSelectionModal.swift:98:40: error: 'FamilyRole' is ambiguous for type lookup in this context
    private func description(for role: FamilyRole) -> String {
                                       ^~~~~~~~~~
/Users/sergejhlystov/ALADDIN_NEW/ALADDIN_NEW/mobile_apps/ALADDIN_iOS/ALADDINApp.swift:112:6: note: found this candidate
enum FamilyRole: String {
     ^
/Users/sergejhlystov/ALADDIN_NEW/ALADDIN_NEW/mobile_apps/ALADDIN_iOS/ViewModels/FamilyRegistrationViewModel.swift:6:6: note: found this candidate
enum FamilyRole: String, Codable, CaseIterable, Identifiable {
     ^
/Users/sergejhlystov/Library/Developer/Xcode/DerivedData/ALADDIN-eahryzmutvtbyceygnlyjsmiiaha/Build/Intermediates.noindex/ALADDIN.build/Debug-iphonesimulator/ALADDIN.build/Objects-normal/x86_64/NotificationsViewModel.dia:1:1: warning: Could not read serialized diagnostics file: error("Invalid diagnostics signature") (in target 'ALADDIN' from project 'ALADDIN')
Command CompileSwift failed with a nonzero exit code

CompileSwift normal x86_64 /Users/sergejhlystov/ALADDIN_NEW/ALADDIN_NEW/mobile_apps/ALADDIN_iOS/Screens/06_AIAssistantScreen.swift (in target 'ALADDIN' from project 'ALADDIN')
    cd /Users/sergejhlystov/ALADDIN_NEW/ALADDIN_NEW/mobile_apps/ALADDIN_iOS
    /Applications/Xcode.app/Contents/Developer/Toolchains/XcodeDefault.xctoolchain/usr/bin/swift-frontend -frontend -c /Users/sergejhlystov/ALADDIN_NEW/ALADDIN_NEW/mobile_apps/ALADDIN_iOS/Screens/RewardsQuickModal.swift /Users/sergejhlystov/ALADDIN_NEW/ALADDIN_NEW/mobile_apps/ALADDIN_iOS/Screens/08_ChildInterfaceScreen.swift /Users/sergejhlystov/ALADDIN_NEW/ALADDIN_NEW/mobile_apps/ALADDIN_iOS/ContentView.swift /Users/sergejhlystov/ALADDIN_NEW/ALADDIN_NEW/mobile_apps/ALADDIN_iOS/Shared/Components/ALADDINToggle.swift /Users/sergejhlystov/ALADDIN_NEW/ALADDIN_NEW/mobile_apps/ALADDIN_iOS/Components/Modals/AgeGroupSelectionModal.swift /Users/sergejhlystov/ALADDIN_NEW/ALADDIN_NEW/mobile_apps/ALADDIN_iOS/ALADDINApp.swift /Users/sergejhlystov/ALADDIN_NEW/ALADDIN_NEW/mobile_apps/ALADDIN_iOS/Shared/Models/FunctionStatus.swift /Users/sergejhlystov/ALADDIN_NEW/ALADDIN_NEW/mobile_apps/ALADDIN_iOS/ViewModels/MainViewModel.swift /Users/sergejhlystov/ALADDIN_NEW/ALADDIN_NEW/mobile_apps/ALADDIN_iOS/Shared/Components/Buttons/PrimaryButton.swift /Users/sergejhlystov/ALADDIN_NEW/ALADDIN_NEW/mobile_apps/ALADDIN_iOS/Screens/NotificationSettingsScreen.swift /Users/sergejhlystov/ALADDIN_NEW/ALADDIN_NEW/mobile_apps/ALADDIN_iOS/Screens/ChildContentScreen.swift /Users/sergejhlystov/ALADDIN_NEW/ALADDIN_NEW/mobile_apps/ALADDIN_iOS/Shared/Components/StatItem.swift /Users/sergejhlystov/ALADDIN_NEW/ALADDIN_NEW/mobile_apps/ALADDIN_iOS/Shared/Components/Cards/FamilyMemberCard.swift /Users/sergejhlystov/ALADDIN_NEW/ALADDIN_NEW/mobile_apps/ALADDIN_iOS/ViewModels/VPNViewModel.swift /Users/sergejhlystov/ALADDIN_NEW/ALADDIN_NEW/mobile_apps/ALADDIN_iOS/Core/Models/APIModels.swift /Users/sergejhlystov/ALADDIN_NEW/ALADDIN_NEW/mobile_apps/ALADDIN_iOS/Core/VPN/VPNManager.swift /Users/sergejhlystov/ALADDIN_NEW/ALADDIN_NEW/mobile_apps/ALADDIN_iOS/Screens/UnicornPetView.swift /Users/sergejhlystov/ALADDIN_NEW/ALADDIN_NEW/mobile_apps/ALADDIN_iOS/Core/Network/APIService.swift /Users/sergejhlystov/ALADDIN_NEW/ALADDIN_NEW/mobile_apps/ALADDIN_iOS/Screens/18_PrivacyPolicyScreen.swift /Users/sergejhlystov/ALADDIN_NEW/ALADDIN_NEW/mobile_apps/ALADDIN_iOS/Screens/10_TariffsScreen.swift /Users/sergejhlystov/ALADDIN_NEW/ALADDIN_NEW/mobile_apps/ALADDIN_iOS/Screens/03_VPNScreen.swift /Users/sergejhlystov/ALADDIN_NEW/ALADDIN_NEW/mobile_apps/ALADDIN_iOS/Screens/09_ElderlyInterfaceScreen.swift /Users/sergejhlystov/ALADDIN_NEW/ALADDIN_NEW/mobile_apps/ALADDIN_iOS/Shared/Components/SecondaryButton.swift /Users/sergejhlystov/ALADDIN_NEW/ALADDIN_NEW/mobile_apps/ALADDIN_iOS/Screens/11_ProfileScreen.swift /Users/sergejhlystov/ALADDIN_NEW/ALADDIN_NEW/mobile_apps/ALADDIN_iOS/Core/Network/NetworkManager.swift /Users/sergejhlystov/ALADDIN_NEW/ALADDIN_NEW/mobile_apps/ALADDIN_iOS/Screens/19_TermsOfServiceScreen.swift /Users/sergejhlystov/ALADDIN_NEW/ALADDIN_NEW/mobile_apps/ALADDIN_iOS/Core/Config/AppConfig.swift /Users/sergejhlystov/ALADDIN_NEW/ALADDIN_NEW/mobile_apps/ALADDIN_iOS/ViewModels/FamilyViewModel.swift /Users/sergejhlystov/ALADDIN_NEW/ALADDIN_NEW/mobile_apps/ALADDIN_iOS/ViewModels/AIAssistantViewModel.swift /Users/sergejhlystov/ALADDIN_NEW/ALADDIN_NEW/mobile_apps/ALADDIN_iOS/Screens/22_DeviceDetailScreen.swift /Users/sergejhlystov/ALADDIN_NEW/ALADDIN_NEW/mobile_apps/ALADDIN_iOS/Screens/WidgetConfigurationScreen.swift /Users/sergejhlystov/ALADDIN_NEW/ALADDIN_NEW/mobile_apps/ALADDIN_iOS/Core/Security/KeychainManager.swift /Users/sergejhlystov/ALADDIN_NEW/ALADDIN_NEW/mobile_apps/ALADDIN_iOS/Shared/Components/Modals/MemberStatsModalView.swift /Users/sergejhlystov/ALADDIN_NEW/ALADDIN_NEW/mobile_apps/ALADDIN_iOS/Shared/Styles/Spacing.swift /Users/sergejhlystov/ALADDIN_NEW/ALADDIN_NEW/mobile_apps/ALADDIN_iOS/Shared/Components/RecoveryOptionsModal.swift /Users/sergejhlystov/ALADDIN_NEW/ALADDIN_NEW/mobile_apps/ALADDIN_iOS/ViewModels/SettingsViewModel.swift -primary-file /Users/sergejhlystov/ALADDIN_NEW/ALADDIN_NEW/mobile_apps/ALADDIN_iOS/Shared/Components/InfoRow.swift -primary-file /Users/sergejhlystov/ALADDIN_NEW/ALADDIN_NEW/mobile_apps/ALADDIN_iOS/Screens/25_PaymentQRScreen.swift -primary-file /Users/sergejhlystov/ALADDIN_NEW/ALADDIN_NEW/mobile_apps/ALADDIN_iOS/Shared/Components/Modals/RoleSelectionModal.swift -primary-file /Users/sergejhlystov/ALADDIN_NEW/ALADDIN_NEW/mobile_apps/ALADDIN_iOS/ViewModels/SupportViewModel.swift -primary-file /Users/sergejhlystov/ALADDIN_NEW/ALADDIN_NEW/mobile_apps/ALADDIN_iOS/ViewModels/ChildInterfaceViewModel.swift -primary-file /Users/sergejhlystov/ALADDIN_NEW/ALADDIN_NEW/mobile_apps/ALADDIN_iOS/Screens/12_NotificationsScreen.swift -primary-file /Users/sergejhlystov/ALADDIN_NEW/ALADDIN_NEW/mobile_apps/ALADDIN_iOS/ViewModels/ElderlyInterfaceViewModel.swift -primary-file /Users/sergejhlystov/ALADDIN_NEW/ALADDIN_NEW/mobile_apps/ALADDIN_iOS/ViewModels/AnalyticsViewModel.swift -primary-file /Users/sergejhlystov/ALADDIN_NEW/ALADDIN_NEW/mobile_apps/ALADDIN_iOS/Core/Cache/CacheManager.swift -primary-file /Users/sergejhlystov/ALADDIN_NEW/ALADDIN_NEW/mobile_apps/ALADDIN_iOS/ViewModels/NotificationsViewModel.swift -primary-file /Users/sergejhlystov/ALADDIN_NEW/ALADDIN_NEW/mobile_apps/ALADDIN_iOS/Screens/06_AIAssistantScreen.swift /Users/sergejhlystov/ALADDIN_NEW/ALADDIN_NEW/mobile_apps/ALADDIN_iOS/ViewModels/ProfileViewModel.swift /Users/sergejhlystov/ALADDIN_NEW/ALADDIN_NEW/mobile_apps/ALADDIN_iOS/Components/Modals/ConsentModal.swift /Users/sergejhlystov/ALADDIN_NEW/ALADDIN_NEW/mobile_apps/ALADDIN_iOS/ViewModels/ParentalControlViewModel.swift /Users/sergejhlystov/ALADDIN_NEW/ALADDIN_NEW/mobile_apps/ALADDIN_iOS/ViewModels/OnboardingViewModel.swift /Users/sergejhlystov/ALADDIN_NEW/ALADDIN_NEW/mobile_apps/ALADDIN_iOS/Shared/Styles/Colors.swift /Users/sergejhlystov/ALADDIN_NEW/ALADDIN_NEW/mobile_apps/ALADDIN_iOS/Screens/ChildRewardsScreen.swift /Users/sergejhlystov/ALADDIN_NEW/ALADDIN_NEW/mobile_apps/ALADDIN_iOS/Screens/21_ReferralScreen.swift /Users/sergejhlystov/ALADDIN_NEW/ALADDIN_NEW/mobile_apps/ALADDIN_iOS/Shared/Components/AvatarSelector.swift /Users/sergejhlystov/ALADDIN_NEW/ALADDIN_NEW/mobile_apps/ALADDIN_iOS/Shared/Components/Navigation/ALADDINNavigationBar.swift /Users/sergejhlystov/ALADDIN_NEW/ALADDIN_NEW/mobile_apps/ALADDIN_iOS/Screens/14_OnboardingScreen.swift /Users/sergejhlystov/ALADDIN_NEW/ALADDIN_NEW/mobile_apps/ALADDIN_iOS/Components/Modals/FamilyCreatedModal.swift /Users/sergejhlystov/ALADDIN_NEW/ALADDIN_NEW/mobile_apps/ALADDIN_iOS/ViewModels/PaymentQRViewModel.swift /Users/sergejhlystov/ALADDIN_NEW/ALADDIN_NEW/mobile_apps/ALADDIN_iOS/Core/Navigation/NavigationManager.swift /Users/sergejhlystov/ALADDIN_NEW/ALADDIN_NEW/mobile_apps/ALADDIN_iOS/Core/Accessibility/AccessibilityManager.swift /Users/sergejhlystov/ALADDIN_NEW/ALADDIN_NEW/mobile_apps/ALADDIN_iOS/Core/Store/StoreManager.swift /Users/sergejhlystov/ALADDIN_NEW/ALADDIN_NEW/mobile_apps/ALADDIN_iOS/Screens/WheelOfFortuneView.swift /Users/sergejhlystov/ALADDIN_NEW/ALADDIN_NEW/mobile_apps/ALADDIN_iOS/Screens/UnicornUniverseView.swift /Users/sergejhlystov/ALADDIN_NEW/ALADDIN_NEW/mobile_apps/ALADDIN_iOS/Core/Localization/LocalizationManager.swift /Users/sergejhlystov/ALADDIN_NEW/ALADDIN_NEW/mobile_apps/ALADDIN_iOS/Screens/13_SupportScreen.swift /Users/sergejhlystov/ALADDIN_NEW/ALADDIN_NEW/mobile_apps/ALADDIN_iOS/Core/Analytics/AnalyticsManager.swift /Users/sergejhlystov/ALADDIN_NEW/ALADDIN_NEW/mobile_apps/ALADDIN_iOS/Screens/07_ParentalControlScreen.swift /Users/sergejhlystov/ALADDIN_NEW/ALADDIN_NEW/mobile_apps/ALADDIN_iOS/Screens/05_SettingsScreen.swift /Users/sergejhlystov/ALADDIN_NEW/ALADDIN_NEW/mobile_apps/ALADDIN_iOS/Screens/RewardsModalView.swift /Users/sergejhlystov/ALADDIN_NEW/ALADDIN_NEW/mobile_apps/ALADDIN_iOS/Screens/23_FamilyChatScreen.swift /Users/sergejhlystov/ALADDIN_NEW/ALADDIN_NEW/mobile_apps/ALADDIN_iOS/Screens/02_FamilyScreen.swift /Users/sergejhlystov/ALADDIN_NEW/ALADDIN_NEW/mobile_apps/ALADDIN_iOS/Screens/20_DevicesScreen.swift /Users/sergejhlystov/ALADDIN_NEW/ALADDIN_NEW/mobile_apps/ALADDIN_iOS/Shared/Components/ViewModifiers.swift /Users/sergejhlystov/ALADDIN_NEW/ALADDIN_NEW/mobile_apps/ALADDIN_iOS/Shared/Components/HapticFeedback.swift /Users/sergejhlystov/ALADDIN_NEW/ALADDIN_NEW/mobile_apps/ALADDIN_iOS/Screens/MainScreenWithRegistration.swift /Users/sergejhlystov/ALADDIN_NEW/ALADDIN_NEW/mobile_apps/ALADDIN_iOS/Core/Network/NetworkError.swift /Users/sergejhlystov/ALADDIN_NEW/ALADDIN_NEW/mobile_apps/ALADDIN_iOS/Screens/LanguageSettingsScreen.swift /Users/sergejhlystov/ALADDIN_NEW/ALADDIN_NEW/mobile_apps/ALADDIN_iOS/ViewModels/FamilyRegistrationViewModel.swift /Users/sergejhlystov/ALADDIN_NEW/ALADDIN_NEW/mobile_apps/ALADDIN_iOS/Shared/Styles/CornerRadius.swift /Users/sergejhlystov/ALADDIN_NEW/ALADDIN_NEW/mobile_apps/ALADDIN_iOS/Screens/01_MainScreen.swift /Users/sergejhlystov/ALADDIN_NEW/ALADDIN_NEW/mobile_apps/ALADDIN_iOS/Screens/FamilyTournamentView.swift /Users/sergejhlystov/ALADDIN_NEW/ALADDIN_NEW/mobile_apps/ALADDIN_iOS/Shared/Styles/Fonts.swift /Users/sergejhlystov/ALADDIN_NEW/ALADDIN_NEW/mobile_apps/ALADDIN_iOS/Screens/GamesParentalControlView.swift /Users/sergejhlystov/ALADDIN_NEW/ALADDIN_NEW/mobile_apps/ALADDIN_iOS/Shared/Components/QRScannerModal.swift /Users/sergejhlystov/ALADDIN_NEW/ALADDIN_NEW/mobile_apps/ALADDIN_iOS/Screens/04_AnalyticsScreen.swift /Users/sergejhlystov/ALADDIN_NEW/ALADDIN_NEW/mobile_apps/ALADDIN_iOS/Screens/24_VPNEnergyStatsScreen.swift /Users/sergejhlystov/ALADDIN_NEW/ALADDIN_NEW/mobile_apps/ALADDIN_iOS/Shared/Components/Modals/ProfileEditView.swift /Users/sergejhlystov/ALADDIN_NEW/ALADDIN_NEW/mobile_apps/ALADDIN_iOS/ViewModels/TariffsViewModel.swift /Users/sergejhlystov/ALADDIN_NEW/ALADDIN_NEW/mobile_apps/ALADDIN_iOS/Core/Notifications/NotificationManager.swift /Users/sergejhlystov/ALADDIN_NEW/ALADDIN_NEW/mobile_apps/ALADDIN_iOS/Core/Security/SecurityManager.swift -supplementary-output-file-map /var/folders/rf/6rxcyql17sz57_02ng7jd7pr0000gn/T/TemporaryDirectory.wFGpdC/supplementaryOutputs-4 -target x86_64-apple-ios15.0-simulator -enable-objc-interop -sdk /Applications/Xcode.app/Contents/Developer/Platforms/iPhoneSimulator.platform/Developer/SDKs/iPhoneSimulator15.2.sdk -I /Users/sergejhlystov/Library/Developer/Xcode/DerivedData/ALADDIN-eahryzmutvtbyceygnlyjsmiiaha/Build/Products/Debug-iphonesimulator -F /Users/sergejhlystov/Library/Developer/Xcode/DerivedData/ALADDIN-eahryzmutvtbyceygnlyjsmiiaha/Build/Products/Debug-iphonesimulator -enable-testing -g -module-cache-path /Users/sergejhlystov/Library/Developer/Xcode/DerivedData/ModuleCache.noindex -emit-localized-strings -emit-localized-strings-path /Users/sergejhlystov/Library/Developer/Xcode/DerivedData/ALADDIN-eahryzmutvtbyceygnlyjsmiiaha/Build/Intermediates.noindex/ALADDIN.build/Debug-iphonesimulator/ALADDIN.build/Objects-normal/x86_64 -swift-version 5 -enforce-exclusivity\=checked -Onone -D DEBUG -new-driver-path /Applications/Xcode.app/Contents/Developer/Toolchains/XcodeDefault.xctoolchain/usr/bin/swift-driver -serialize-debugging-options -Xcc -working-directory -Xcc /Users/sergejhlystov/ALADDIN_NEW/ALADDIN_NEW/mobile_apps/ALADDIN_iOS -resource-dir /Applications/Xcode.app/Contents/Developer/Toolchains/XcodeDefault.xctoolchain/usr/lib/swift -enable-anonymous-context-mangled-names -Xcc -I/Users/sergejhlystov/Library/Developer/Xcode/DerivedData/ALADDIN-eahryzmutvtbyceygnlyjsmiiaha/Build/Intermediates.noindex/ALADDIN.build/Debug-iphonesimulator/ALADDIN.build/swift-overrides.hmap -Xcc -iquote -Xcc /Users/sergejhlystov/Library/Developer/Xcode/DerivedData/ALADDIN-eahryzmutvtbyceygnlyjsmiiaha/Build/Intermediates.noindex/ALADDIN.build/Debug-iphonesimulator/ALADDIN.build/ALADDIN-generated-files.hmap -Xcc -I/Users/sergejhlystov/Library/Developer/Xcode/DerivedData/ALADDIN-eahryzmutvtbyceygnlyjsmiiaha/Build/Intermediates.noindex/ALADDIN.build/Debug-iphonesimulator/ALADDIN.build/ALADDIN-own-target-headers.hmap -Xcc -I/Users/sergejhlystov/Library/Developer/Xcode/DerivedData/ALADDIN-eahryzmutvtbyceygnlyjsmiiaha/Build/Intermediates.noindex/ALADDIN.build/Debug-iphonesimulator/ALADDIN.build/ALADDIN-all-target-headers.hmap -Xcc -iquote -Xcc /Users/sergejhlystov/Library/Developer/Xcode/DerivedData/ALADDIN-eahryzmutvtbyceygnlyjsmiiaha/Build/Intermediates.noindex/ALADDIN.build/Debug-iphonesimulator/ALADDIN.build/ALADDIN-project-headers.hmap -Xcc -I/Users/sergejhlystov/Library/Developer/Xcode/DerivedData/ALADDIN-eahryzmutvtbyceygnlyjsmiiaha/Build/Products/Debug-iphonesimulator/include -Xcc -I/Users/sergejhlystov/Library/Developer/Xcode/DerivedData/ALADDIN-eahryzmutvtbyceygnlyjsmiiaha/Build/Intermediates.noindex/ALADDIN.build/Debug-iphonesimulator/ALADDIN.build/DerivedSources-normal/x86_64 -Xcc -I/Users/sergejhlystov/Library/Developer/Xcode/DerivedData/ALADDIN-eahryzmutvtbyceygnlyjsmiiaha/Build/Intermediates.noindex/ALADDIN.build/Debug-iphonesimulator/ALADDIN.build/DerivedSources/x86_64 -Xcc -I/Users/sergejhlystov/Library/Developer/Xcode/DerivedData/ALADDIN-eahryzmutvtbyceygnlyjsmiiaha/Build/Intermediates.noindex/ALADDIN.build/Debug-iphonesimulator/ALADDIN.build/DerivedSources -Xcc -DDEBUG\=1 -module-name ALADDIN -target-sdk-version 15.2.0 -o /Users/sergejhlystov/Library/Developer/Xcode/DerivedData/ALADDIN-eahryzmutvtbyceygnlyjsmiiaha/Build/Intermediates.noindex/ALADDIN.build/Debug-iphonesimulator/ALADDIN.build/Objects-normal/x86_64/InfoRow.o -o /Users/sergejhlystov/Library/Developer/Xcode/DerivedData/ALADDIN-eahryzmutvtbyceygnlyjsmiiaha/Build/Intermediates.noindex/ALADDIN.build/Debug-iphonesimulator/ALADDIN.build/Objects-normal/x86_64/25_PaymentQRScreen.o -o /Users/sergejhlystov/Library/Developer/Xcode/DerivedData/ALADDIN-eahryzmutvtbyceygnlyjsmiiaha/Build/Intermediates.noindex/ALADDIN.build/Debug-iphonesimulator/ALADDIN.build/Objects-normal/x86_64/RoleSelectionModal.o -o /Users/sergejhlystov/Library/Developer/Xcode/DerivedData/ALADDIN-eahryzmutvtbyceygnlyjsmiiaha/Build/Intermediates.noindex/ALADDIN.build/Debug-iphonesimulator/ALADDIN.build/Objects-normal/x86_64/SupportViewModel.o -o /Users/sergejhlystov/Library/Developer/Xcode/DerivedData/ALADDIN-eahryzmutvtbyceygnlyjsmiiaha/Build/Intermediates.noindex/ALADDIN.build/Debug-iphonesimulator/ALADDIN.build/Objects-normal/x86_64/ChildInterfaceViewModel.o -o /Users/sergejhlystov/Library/Developer/Xcode/DerivedData/ALADDIN-eahryzmutvtbyceygnlyjsmiiaha/Build/Intermediates.noindex/ALADDIN.build/Debug-iphonesimulator/ALADDIN.build/Objects-normal/x86_64/12_NotificationsScreen.o -o /Users/sergejhlystov/Library/Developer/Xcode/DerivedData/ALADDIN-eahryzmutvtbyceygnlyjsmiiaha/Build/Intermediates.noindex/ALADDIN.build/Debug-iphonesimulator/ALADDIN.build/Objects-normal/x86_64/ElderlyInterfaceViewModel.o -o /Users/sergejhlystov/Library/Developer/Xcode/DerivedData/ALADDIN-eahryzmutvtbyceygnlyjsmiiaha/Build/Intermediates.noindex/ALADDIN.build/Debug-iphonesimulator/ALADDIN.build/Objects-normal/x86_64/AnalyticsViewModel.o -o /Users/sergejhlystov/Library/Developer/Xcode/DerivedData/ALADDIN-eahryzmutvtbyceygnlyjsmiiaha/Build/Intermediates.noindex/ALADDIN.build/Debug-iphonesimulator/ALADDIN.build/Objects-normal/x86_64/CacheManager.o -o /Users/sergejhlystov/Library/Developer/Xcode/DerivedData/ALADDIN-eahryzmutvtbyceygnlyjsmiiaha/Build/Intermediates.noindex/ALADDIN.build/Debug-iphonesimulator/ALADDIN.build/Objects-normal/x86_64/NotificationsViewModel.o -o /Users/sergejhlystov/Library/Developer/Xcode/DerivedData/ALADDIN-eahryzmutvtbyceygnlyjsmiiaha/Build/Intermediates.noindex/ALADDIN.build/Debug-iphonesimulator/ALADDIN.build/Objects-normal/x86_64/06_AIAssistantScreen.o -index-store-path /Users/sergejhlystov/Library/Developer/Xcode/DerivedData/ALADDIN-eahryzmutvtbyceygnlyjsmiiaha/Index/DataStore -index-system-modules
/Users/sergejhlystov/ALADDIN_NEW/ALADDIN_NEW/mobile_apps/ALADDIN_iOS/Shared/Components/Modals/RoleSelectionModal.swift:13:38: error: 'FamilyRole' is ambiguous for type lookup in this context
    @State private var selectedRole: FamilyRole = .parent
                                     ^~~~~~~~~~
/Users/sergejhlystov/ALADDIN_NEW/ALADDIN_NEW/mobile_apps/ALADDIN_iOS/ALADDINApp.swift:112:6: note: found this candidate
enum FamilyRole: String {
     ^
/Users/sergejhlystov/ALADDIN_NEW/ALADDIN_NEW/mobile_apps/ALADDIN_iOS/ViewModels/FamilyRegistrationViewModel.swift:6:6: note: found this candidate
enum FamilyRole: String, Codable, CaseIterable, Identifiable {
     ^
/Users/sergejhlystov/ALADDIN_NEW/ALADDIN_NEW/mobile_apps/ALADDIN_iOS/Shared/Components/Modals/RoleSelectionModal.swift:14:26: error: 'FamilyRole' is ambiguous for type lookup in this context
    let onRoleSelected: (FamilyRole) -> Void
                         ^~~~~~~~~~
/Users/sergejhlystov/ALADDIN_NEW/ALADDIN_NEW/mobile_apps/ALADDIN_iOS/ALADDINApp.swift:112:6: note: found this candidate
enum FamilyRole: String {
     ^
/Users/sergejhlystov/ALADDIN_NEW/ALADDIN_NEW/mobile_apps/ALADDIN_iOS/ViewModels/FamilyRegistrationViewModel.swift:6:6: note: found this candidate
enum FamilyRole: String, Codable, CaseIterable, Identifiable {
     ^
/Users/sergejhlystov/ALADDIN_NEW/ALADDIN_NEW/mobile_apps/ALADDIN_iOS/Shared/Components/Modals/RoleSelectionModal.swift:18:33: error: 'FamilyRole' is ambiguous for type lookup in this context
    private func icon(for role: FamilyRole) -> String {
                                ^~~~~~~~~~
/Users/sergejhlystov/ALADDIN_NEW/ALADDIN_NEW/mobile_apps/ALADDIN_iOS/ALADDINApp.swift:112:6: note: found this candidate
enum FamilyRole: String {
     ^
/Users/sergejhlystov/ALADDIN_NEW/ALADDIN_NEW/mobile_apps/ALADDIN_iOS/ViewModels/FamilyRegistrationViewModel.swift:6:6: note: found this candidate
enum FamilyRole: String, Codable, CaseIterable, Identifiable {
     ^
/Users/sergejhlystov/ALADDIN_NEW/ALADDIN_NEW/mobile_apps/ALADDIN_iOS/Shared/Components/Modals/RoleSelectionModal.swift:27:40: error: 'FamilyRole' is ambiguous for type lookup in this context
    private func description(for role: FamilyRole) -> String {
                                       ^~~~~~~~~~
/Users/sergejhlystov/ALADDIN_NEW/ALADDIN_NEW/mobile_apps/ALADDIN_iOS/ALADDINApp.swift:112:6: note: found this candidate
enum FamilyRole: String {
     ^
/Users/sergejhlystov/ALADDIN_NEW/ALADDIN_NEW/mobile_apps/ALADDIN_iOS/ViewModels/FamilyRegistrationViewModel.swift:6:6: note: found this candidate
enum FamilyRole: String, Codable, CaseIterable, Identifiable {
     ^
/Users/sergejhlystov/ALADDIN_NEW/ALADDIN_NEW/mobile_apps/ALADDIN_iOS/Shared/Components/Modals/RoleSelectionModal.swift:85:15: error: 'FamilyRole' is ambiguous for type lookup in this context
    let role: FamilyRole
              ^~~~~~~~~~
/Users/sergejhlystov/ALADDIN_NEW/ALADDIN_NEW/mobile_apps/ALADDIN_iOS/ALADDINApp.swift:112:6: note: found this candidate
enum FamilyRole: String {
     ^
/Users/sergejhlystov/ALADDIN_NEW/ALADDIN_NEW/mobile_apps/ALADDIN_iOS/ViewModels/FamilyRegistrationViewModel.swift:6:6: note: found this candidate
enum FamilyRole: String, Codable, CaseIterable, Identifiable {
     ^
/Users/sergejhlystov/ALADDIN_NEW/ALADDIN_NEW/mobile_apps/ALADDIN_iOS/Shared/Components/Modals/RoleSelectionModal.swift:89:33: error: 'FamilyRole' is ambiguous for type lookup in this context
    private func icon(for role: FamilyRole) -> String {
                                ^~~~~~~~~~
/Users/sergejhlystov/ALADDIN_NEW/ALADDIN_NEW/mobile_apps/ALADDIN_iOS/ALADDINApp.swift:112:6: note: found this candidate
enum FamilyRole: String {
     ^
/Users/sergejhlystov/ALADDIN_NEW/ALADDIN_NEW/mobile_apps/ALADDIN_iOS/ViewModels/FamilyRegistrationViewModel.swift:6:6: note: found this candidate
enum FamilyRole: String, Codable, CaseIterable, Identifiable {
     ^
/Users/sergejhlystov/ALADDIN_NEW/ALADDIN_NEW/mobile_apps/ALADDIN_iOS/Shared/Components/Modals/RoleSelectionModal.swift:98:40: error: 'FamilyRole' is ambiguous for type lookup in this context
    private func description(for role: FamilyRole) -> String {
                                       ^~~~~~~~~~
/Users/sergejhlystov/ALADDIN_NEW/ALADDIN_NEW/mobile_apps/ALADDIN_iOS/ALADDINApp.swift:112:6: note: found this candidate
enum FamilyRole: String {
     ^
/Users/sergejhlystov/ALADDIN_NEW/ALADDIN_NEW/mobile_apps/ALADDIN_iOS/ViewModels/FamilyRegistrationViewModel.swift:6:6: note: found this candidate
enum FamilyRole: String, Codable, CaseIterable, Identifiable {
     ^
/Users/sergejhlystov/Library/Developer/Xcode/DerivedData/ALADDIN-eahryzmutvtbyceygnlyjsmiiaha/Build/Intermediates.noindex/ALADDIN.build/Debug-iphonesimulator/ALADDIN.build/Objects-normal/x86_64/06_AIAssistantScreen.dia:1:1: warning: Could not read serialized diagnostics file: error("Invalid diagnostics signature") (in target 'ALADDIN' from project 'ALADDIN')
Command CompileSwift failed with a nonzero exit code

CompileSwift normal x86_64 /Users/sergejhlystov/ALADDIN_NEW/ALADDIN_NEW/mobile_apps/ALADDIN_iOS/ViewModels/ProfileViewModel.swift (in target 'ALADDIN' from project 'ALADDIN')
    cd /Users/sergejhlystov/ALADDIN_NEW/ALADDIN_NEW/mobile_apps/ALADDIN_iOS
    /Applications/Xcode.app/Contents/Developer/Toolchains/XcodeDefault.xctoolchain/usr/bin/swift-frontend -frontend -c /Users/sergejhlystov/ALADDIN_NEW/ALADDIN_NEW/mobile_apps/ALADDIN_iOS/Screens/RewardsQuickModal.swift /Users/sergejhlystov/ALADDIN_NEW/ALADDIN_NEW/mobile_apps/ALADDIN_iOS/Screens/08_ChildInterfaceScreen.swift /Users/sergejhlystov/ALADDIN_NEW/ALADDIN_NEW/mobile_apps/ALADDIN_iOS/ContentView.swift /Users/sergejhlystov/ALADDIN_NEW/ALADDIN_NEW/mobile_apps/ALADDIN_iOS/Shared/Components/ALADDINToggle.swift /Users/sergejhlystov/ALADDIN_NEW/ALADDIN_NEW/mobile_apps/ALADDIN_iOS/Components/Modals/AgeGroupSelectionModal.swift /Users/sergejhlystov/ALADDIN_NEW/ALADDIN_NEW/mobile_apps/ALADDIN_iOS/ALADDINApp.swift /Users/sergejhlystov/ALADDIN_NEW/ALADDIN_NEW/mobile_apps/ALADDIN_iOS/Shared/Models/FunctionStatus.swift /Users/sergejhlystov/ALADDIN_NEW/ALADDIN_NEW/mobile_apps/ALADDIN_iOS/ViewModels/MainViewModel.swift /Users/sergejhlystov/ALADDIN_NEW/ALADDIN_NEW/mobile_apps/ALADDIN_iOS/Shared/Components/Buttons/PrimaryButton.swift /Users/sergejhlystov/ALADDIN_NEW/ALADDIN_NEW/mobile_apps/ALADDIN_iOS/Screens/NotificationSettingsScreen.swift /Users/sergejhlystov/ALADDIN_NEW/ALADDIN_NEW/mobile_apps/ALADDIN_iOS/Screens/ChildContentScreen.swift /Users/sergejhlystov/ALADDIN_NEW/ALADDIN_NEW/mobile_apps/ALADDIN_iOS/Shared/Components/StatItem.swift /Users/sergejhlystov/ALADDIN_NEW/ALADDIN_NEW/mobile_apps/ALADDIN_iOS/Shared/Components/Cards/FamilyMemberCard.swift /Users/sergejhlystov/ALADDIN_NEW/ALADDIN_NEW/mobile_apps/ALADDIN_iOS/ViewModels/VPNViewModel.swift /Users/sergejhlystov/ALADDIN_NEW/ALADDIN_NEW/mobile_apps/ALADDIN_iOS/Core/Models/APIModels.swift /Users/sergejhlystov/ALADDIN_NEW/ALADDIN_NEW/mobile_apps/ALADDIN_iOS/Core/VPN/VPNManager.swift /Users/sergejhlystov/ALADDIN_NEW/ALADDIN_NEW/mobile_apps/ALADDIN_iOS/Screens/UnicornPetView.swift /Users/sergejhlystov/ALADDIN_NEW/ALADDIN_NEW/mobile_apps/ALADDIN_iOS/Core/Network/APIService.swift /Users/sergejhlystov/ALADDIN_NEW/ALADDIN_NEW/mobile_apps/ALADDIN_iOS/Screens/18_PrivacyPolicyScreen.swift /Users/sergejhlystov/ALADDIN_NEW/ALADDIN_NEW/mobile_apps/ALADDIN_iOS/Screens/10_TariffsScreen.swift /Users/sergejhlystov/ALADDIN_NEW/ALADDIN_NEW/mobile_apps/ALADDIN_iOS/Screens/03_VPNScreen.swift /Users/sergejhlystov/ALADDIN_NEW/ALADDIN_NEW/mobile_apps/ALADDIN_iOS/Screens/09_ElderlyInterfaceScreen.swift /Users/sergejhlystov/ALADDIN_NEW/ALADDIN_NEW/mobile_apps/ALADDIN_iOS/Shared/Components/SecondaryButton.swift /Users/sergejhlystov/ALADDIN_NEW/ALADDIN_NEW/mobile_apps/ALADDIN_iOS/Screens/11_ProfileScreen.swift /Users/sergejhlystov/ALADDIN_NEW/ALADDIN_NEW/mobile_apps/ALADDIN_iOS/Core/Network/NetworkManager.swift /Users/sergejhlystov/ALADDIN_NEW/ALADDIN_NEW/mobile_apps/ALADDIN_iOS/Screens/19_TermsOfServiceScreen.swift /Users/sergejhlystov/ALADDIN_NEW/ALADDIN_NEW/mobile_apps/ALADDIN_iOS/Core/Config/AppConfig.swift /Users/sergejhlystov/ALADDIN_NEW/ALADDIN_NEW/mobile_apps/ALADDIN_iOS/ViewModels/FamilyViewModel.swift /Users/sergejhlystov/ALADDIN_NEW/ALADDIN_NEW/mobile_apps/ALADDIN_iOS/ViewModels/AIAssistantViewModel.swift /Users/sergejhlystov/ALADDIN_NEW/ALADDIN_NEW/mobile_apps/ALADDIN_iOS/Screens/22_DeviceDetailScreen.swift /Users/sergejhlystov/ALADDIN_NEW/ALADDIN_NEW/mobile_apps/ALADDIN_iOS/Screens/WidgetConfigurationScreen.swift /Users/sergejhlystov/ALADDIN_NEW/ALADDIN_NEW/mobile_apps/ALADDIN_iOS/Core/Security/KeychainManager.swift /Users/sergejhlystov/ALADDIN_NEW/ALADDIN_NEW/mobile_apps/ALADDIN_iOS/Shared/Components/Modals/MemberStatsModalView.swift /Users/sergejhlystov/ALADDIN_NEW/ALADDIN_NEW/mobile_apps/ALADDIN_iOS/Shared/Styles/Spacing.swift /Users/sergejhlystov/ALADDIN_NEW/ALADDIN_NEW/mobile_apps/ALADDIN_iOS/Shared/Components/RecoveryOptionsModal.swift /Users/sergejhlystov/ALADDIN_NEW/ALADDIN_NEW/mobile_apps/ALADDIN_iOS/ViewModels/SettingsViewModel.swift /Users/sergejhlystov/ALADDIN_NEW/ALADDIN_NEW/mobile_apps/ALADDIN_iOS/Shared/Components/InfoRow.swift /Users/sergejhlystov/ALADDIN_NEW/ALADDIN_NEW/mobile_apps/ALADDIN_iOS/Screens/25_PaymentQRScreen.swift /Users/sergejhlystov/ALADDIN_NEW/ALADDIN_NEW/mobile_apps/ALADDIN_iOS/Shared/Components/Modals/RoleSelectionModal.swift /Users/sergejhlystov/ALADDIN_NEW/ALADDIN_NEW/mobile_apps/ALADDIN_iOS/ViewModels/SupportViewModel.swift /Users/sergejhlystov/ALADDIN_NEW/ALADDIN_NEW/mobile_apps/ALADDIN_iOS/ViewModels/ChildInterfaceViewModel.swift /Users/sergejhlystov/ALADDIN_NEW/ALADDIN_NEW/mobile_apps/ALADDIN_iOS/Screens/12_NotificationsScreen.swift /Users/sergejhlystov/ALADDIN_NEW/ALADDIN_NEW/mobile_apps/ALADDIN_iOS/ViewModels/ElderlyInterfaceViewModel.swift /Users/sergejhlystov/ALADDIN_NEW/ALADDIN_NEW/mobile_apps/ALADDIN_iOS/ViewModels/AnalyticsViewModel.swift /Users/sergejhlystov/ALADDIN_NEW/ALADDIN_NEW/mobile_apps/ALADDIN_iOS/Core/Cache/CacheManager.swift /Users/sergejhlystov/ALADDIN_NEW/ALADDIN_NEW/mobile_apps/ALADDIN_iOS/ViewModels/NotificationsViewModel.swift /Users/sergejhlystov/ALADDIN_NEW/ALADDIN_NEW/mobile_apps/ALADDIN_iOS/Screens/06_AIAssistantScreen.swift -primary-file /Users/sergejhlystov/ALADDIN_NEW/ALADDIN_NEW/mobile_apps/ALADDIN_iOS/ViewModels/ProfileViewModel.swift -primary-file /Users/sergejhlystov/ALADDIN_NEW/ALADDIN_NEW/mobile_apps/ALADDIN_iOS/Components/Modals/ConsentModal.swift -primary-file /Users/sergejhlystov/ALADDIN_NEW/ALADDIN_NEW/mobile_apps/ALADDIN_iOS/ViewModels/ParentalControlViewModel.swift -primary-file /Users/sergejhlystov/ALADDIN_NEW/ALADDIN_NEW/mobile_apps/ALADDIN_iOS/ViewModels/OnboardingViewModel.swift -primary-file /Users/sergejhlystov/ALADDIN_NEW/ALADDIN_NEW/mobile_apps/ALADDIN_iOS/Shared/Styles/Colors.swift -primary-file /Users/sergejhlystov/ALADDIN_NEW/ALADDIN_NEW/mobile_apps/ALADDIN_iOS/Screens/ChildRewardsScreen.swift -primary-file /Users/sergejhlystov/ALADDIN_NEW/ALADDIN_NEW/mobile_apps/ALADDIN_iOS/Screens/21_ReferralScreen.swift -primary-file /Users/sergejhlystov/ALADDIN_NEW/ALADDIN_NEW/mobile_apps/ALADDIN_iOS/Shared/Components/AvatarSelector.swift -primary-file /Users/sergejhlystov/ALADDIN_NEW/ALADDIN_NEW/mobile_apps/ALADDIN_iOS/Shared/Components/Navigation/ALADDINNavigationBar.swift -primary-file /Users/sergejhlystov/ALADDIN_NEW/ALADDIN_NEW/mobile_apps/ALADDIN_iOS/Screens/14_OnboardingScreen.swift -primary-file /Users/sergejhlystov/ALADDIN_NEW/ALADDIN_NEW/mobile_apps/ALADDIN_iOS/Components/Modals/FamilyCreatedModal.swift /Users/sergejhlystov/ALADDIN_NEW/ALADDIN_NEW/mobile_apps/ALADDIN_iOS/ViewModels/PaymentQRViewModel.swift /Users/sergejhlystov/ALADDIN_NEW/ALADDIN_NEW/mobile_apps/ALADDIN_iOS/Core/Navigation/NavigationManager.swift /Users/sergejhlystov/ALADDIN_NEW/ALADDIN_NEW/mobile_apps/ALADDIN_iOS/Core/Accessibility/AccessibilityManager.swift /Users/sergejhlystov/ALADDIN_NEW/ALADDIN_NEW/mobile_apps/ALADDIN_iOS/Core/Store/StoreManager.swift /Users/sergejhlystov/ALADDIN_NEW/ALADDIN_NEW/mobile_apps/ALADDIN_iOS/Screens/WheelOfFortuneView.swift /Users/sergejhlystov/ALADDIN_NEW/ALADDIN_NEW/mobile_apps/ALADDIN_iOS/Screens/UnicornUniverseView.swift /Users/sergejhlystov/ALADDIN_NEW/ALADDIN_NEW/mobile_apps/ALADDIN_iOS/Core/Localization/LocalizationManager.swift /Users/sergejhlystov/ALADDIN_NEW/ALADDIN_NEW/mobile_apps/ALADDIN_iOS/Screens/13_SupportScreen.swift /Users/sergejhlystov/ALADDIN_NEW/ALADDIN_NEW/mobile_apps/ALADDIN_iOS/Core/Analytics/AnalyticsManager.swift /Users/sergejhlystov/ALADDIN_NEW/ALADDIN_NEW/mobile_apps/ALADDIN_iOS/Screens/07_ParentalControlScreen.swift /Users/sergejhlystov/ALADDIN_NEW/ALADDIN_NEW/mobile_apps/ALADDIN_iOS/Screens/05_SettingsScreen.swift /Users/sergejhlystov/ALADDIN_NEW/ALADDIN_NEW/mobile_apps/ALADDIN_iOS/Screens/RewardsModalView.swift /Users/sergejhlystov/ALADDIN_NEW/ALADDIN_NEW/mobile_apps/ALADDIN_iOS/Screens/23_FamilyChatScreen.swift /Users/sergejhlystov/ALADDIN_NEW/ALADDIN_NEW/mobile_apps/ALADDIN_iOS/Screens/02_FamilyScreen.swift /Users/sergejhlystov/ALADDIN_NEW/ALADDIN_NEW/mobile_apps/ALADDIN_iOS/Screens/20_DevicesScreen.swift /Users/sergejhlystov/ALADDIN_NEW/ALADDIN_NEW/mobile_apps/ALADDIN_iOS/Shared/Components/ViewModifiers.swift /Users/sergejhlystov/ALADDIN_NEW/ALADDIN_NEW/mobile_apps/ALADDIN_iOS/Shared/Components/HapticFeedback.swift /Users/sergejhlystov/ALADDIN_NEW/ALADDIN_NEW/mobile_apps/ALADDIN_iOS/Screens/MainScreenWithRegistration.swift /Users/sergejhlystov/ALADDIN_NEW/ALADDIN_NEW/mobile_apps/ALADDIN_iOS/Core/Network/NetworkError.swift /Users/sergejhlystov/ALADDIN_NEW/ALADDIN_NEW/mobile_apps/ALADDIN_iOS/Screens/LanguageSettingsScreen.swift /Users/sergejhlystov/ALADDIN_NEW/ALADDIN_NEW/mobile_apps/ALADDIN_iOS/ViewModels/FamilyRegistrationViewModel.swift /Users/sergejhlystov/ALADDIN_NEW/ALADDIN_NEW/mobile_apps/ALADDIN_iOS/Shared/Styles/CornerRadius.swift /Users/sergejhlystov/ALADDIN_NEW/ALADDIN_NEW/mobile_apps/ALADDIN_iOS/Screens/01_MainScreen.swift /Users/sergejhlystov/ALADDIN_NEW/ALADDIN_NEW/mobile_apps/ALADDIN_iOS/Screens/FamilyTournamentView.swift /Users/sergejhlystov/ALADDIN_NEW/ALADDIN_NEW/mobile_apps/ALADDIN_iOS/Shared/Styles/Fonts.swift /Users/sergejhlystov/ALADDIN_NEW/ALADDIN_NEW/mobile_apps/ALADDIN_iOS/Screens/GamesParentalControlView.swift /Users/sergejhlystov/ALADDIN_NEW/ALADDIN_NEW/mobile_apps/ALADDIN_iOS/Shared/Components/QRScannerModal.swift /Users/sergejhlystov/ALADDIN_NEW/ALADDIN_NEW/mobile_apps/ALADDIN_iOS/Screens/04_AnalyticsScreen.swift /Users/sergejhlystov/ALADDIN_NEW/ALADDIN_NEW/mobile_apps/ALADDIN_iOS/Screens/24_VPNEnergyStatsScreen.swift /Users/sergejhlystov/ALADDIN_NEW/ALADDIN_NEW/mobile_apps/ALADDIN_iOS/Shared/Components/Modals/ProfileEditView.swift /Users/sergejhlystov/ALADDIN_NEW/ALADDIN_NEW/mobile_apps/ALADDIN_iOS/ViewModels/TariffsViewModel.swift /Users/sergejhlystov/ALADDIN_NEW/ALADDIN_NEW/mobile_apps/ALADDIN_iOS/Core/Notifications/NotificationManager.swift /Users/sergejhlystov/ALADDIN_NEW/ALADDIN_NEW/mobile_apps/ALADDIN_iOS/Core/Security/SecurityManager.swift -supplementary-output-file-map /var/folders/rf/6rxcyql17sz57_02ng7jd7pr0000gn/T/TemporaryDirectory.wFGpdC/supplementaryOutputs-5 -target x86_64-apple-ios15.0-simulator -enable-objc-interop -sdk /Applications/Xcode.app/Contents/Developer/Platforms/iPhoneSimulator.platform/Developer/SDKs/iPhoneSimulator15.2.sdk -I /Users/sergejhlystov/Library/Developer/Xcode/DerivedData/ALADDIN-eahryzmutvtbyceygnlyjsmiiaha/Build/Products/Debug-iphonesimulator -F /Users/sergejhlystov/Library/Developer/Xcode/DerivedData/ALADDIN-eahryzmutvtbyceygnlyjsmiiaha/Build/Products/Debug-iphonesimulator -enable-testing -g -module-cache-path /Users/sergejhlystov/Library/Developer/Xcode/DerivedData/ModuleCache.noindex -emit-localized-strings -emit-localized-strings-path /Users/sergejhlystov/Library/Developer/Xcode/DerivedData/ALADDIN-eahryzmutvtbyceygnlyjsmiiaha/Build/Intermediates.noindex/ALADDIN.build/Debug-iphonesimulator/ALADDIN.build/Objects-normal/x86_64 -swift-version 5 -enforce-exclusivity\=checked -Onone -D DEBUG -new-driver-path /Applications/Xcode.app/Contents/Developer/Toolchains/XcodeDefault.xctoolchain/usr/bin/swift-driver -serialize-debugging-options -Xcc -working-directory -Xcc /Users/sergejhlystov/ALADDIN_NEW/ALADDIN_NEW/mobile_apps/ALADDIN_iOS -resource-dir /Applications/Xcode.app/Contents/Developer/Toolchains/XcodeDefault.xctoolchain/usr/lib/swift -enable-anonymous-context-mangled-names -Xcc -I/Users/sergejhlystov/Library/Developer/Xcode/DerivedData/ALADDIN-eahryzmutvtbyceygnlyjsmiiaha/Build/Intermediates.noindex/ALADDIN.build/Debug-iphonesimulator/ALADDIN.build/swift-overrides.hmap -Xcc -iquote -Xcc /Users/sergejhlystov/Library/Developer/Xcode/DerivedData/ALADDIN-eahryzmutvtbyceygnlyjsmiiaha/Build/Intermediates.noindex/ALADDIN.build/Debug-iphonesimulator/ALADDIN.build/ALADDIN-generated-files.hmap -Xcc -I/Users/sergejhlystov/Library/Developer/Xcode/DerivedData/ALADDIN-eahryzmutvtbyceygnlyjsmiiaha/Build/Intermediates.noindex/ALADDIN.build/Debug-iphonesimulator/ALADDIN.build/ALADDIN-own-target-headers.hmap -Xcc -I/Users/sergejhlystov/Library/Developer/Xcode/DerivedData/ALADDIN-eahryzmutvtbyceygnlyjsmiiaha/Build/Intermediates.noindex/ALADDIN.build/Debug-iphonesimulator/ALADDIN.build/ALADDIN-all-target-headers.hmap -Xcc -iquote -Xcc /Users/sergejhlystov/Library/Developer/Xcode/DerivedData/ALADDIN-eahryzmutvtbyceygnlyjsmiiaha/Build/Intermediates.noindex/ALADDIN.build/Debug-iphonesimulator/ALADDIN.build/ALADDIN-project-headers.hmap -Xcc -I/Users/sergejhlystov/Library/Developer/Xcode/DerivedData/ALADDIN-eahryzmutvtbyceygnlyjsmiiaha/Build/Products/Debug-iphonesimulator/include -Xcc -I/Users/sergejhlystov/Library/Developer/Xcode/DerivedData/ALADDIN-eahryzmutvtbyceygnlyjsmiiaha/Build/Intermediates.noindex/ALADDIN.build/Debug-iphonesimulator/ALADDIN.build/DerivedSources-normal/x86_64 -Xcc -I/Users/sergejhlystov/Library/Developer/Xcode/DerivedData/ALADDIN-eahryzmutvtbyceygnlyjsmiiaha/Build/Intermediates.noindex/ALADDIN.build/Debug-iphonesimulator/ALADDIN.build/DerivedSources/x86_64 -Xcc -I/Users/sergejhlystov/Library/Developer/Xcode/DerivedData/ALADDIN-eahryzmutvtbyceygnlyjsmiiaha/Build/Intermediates.noindex/ALADDIN.build/Debug-iphonesimulator/ALADDIN.build/DerivedSources -Xcc -DDEBUG\=1 -module-name ALADDIN -target-sdk-version 15.2.0 -o /Users/sergejhlystov/Library/Developer/Xcode/DerivedData/ALADDIN-eahryzmutvtbyceygnlyjsmiiaha/Build/Intermediates.noindex/ALADDIN.build/Debug-iphonesimulator/ALADDIN.build/Objects-normal/x86_64/ProfileViewModel.o -o /Users/sergejhlystov/Library/Developer/Xcode/DerivedData/ALADDIN-eahryzmutvtbyceygnlyjsmiiaha/Build/Intermediates.noindex/ALADDIN.build/Debug-iphonesimulator/ALADDIN.build/Objects-normal/x86_64/ConsentModal.o -o /Users/sergejhlystov/Library/Developer/Xcode/DerivedData/ALADDIN-eahryzmutvtbyceygnlyjsmiiaha/Build/Intermediates.noindex/ALADDIN.build/Debug-iphonesimulator/ALADDIN.build/Objects-normal/x86_64/ParentalControlViewModel.o -o /Users/sergejhlystov/Library/Developer/Xcode/DerivedData/ALADDIN-eahryzmutvtbyceygnlyjsmiiaha/Build/Intermediates.noindex/ALADDIN.build/Debug-iphonesimulator/ALADDIN.build/Objects-normal/x86_64/OnboardingViewModel.o -o /Users/sergejhlystov/Library/Developer/Xcode/DerivedData/ALADDIN-eahryzmutvtbyceygnlyjsmiiaha/Build/Intermediates.noindex/ALADDIN.build/Debug-iphonesimulator/ALADDIN.build/Objects-normal/x86_64/Colors.o -o /Users/sergejhlystov/Library/Developer/Xcode/DerivedData/ALADDIN-eahryzmutvtbyceygnlyjsmiiaha/Build/Intermediates.noindex/ALADDIN.build/Debug-iphonesimulator/ALADDIN.build/Objects-normal/x86_64/ChildRewardsScreen.o -o /Users/sergejhlystov/Library/Developer/Xcode/DerivedData/ALADDIN-eahryzmutvtbyceygnlyjsmiiaha/Build/Intermediates.noindex/ALADDIN.build/Debug-iphonesimulator/ALADDIN.build/Objects-normal/x86_64/21_ReferralScreen.o -o /Users/sergejhlystov/Library/Developer/Xcode/DerivedData/ALADDIN-eahryzmutvtbyceygnlyjsmiiaha/Build/Intermediates.noindex/ALADDIN.build/Debug-iphonesimulator/ALADDIN.build/Objects-normal/x86_64/AvatarSelector.o -o /Users/sergejhlystov/Library/Developer/Xcode/DerivedData/ALADDIN-eahryzmutvtbyceygnlyjsmiiaha/Build/Intermediates.noindex/ALADDIN.build/Debug-iphonesimulator/ALADDIN.build/Objects-normal/x86_64/ALADDINNavigationBar.o -o /Users/sergejhlystov/Library/Developer/Xcode/DerivedData/ALADDIN-eahryzmutvtbyceygnlyjsmiiaha/Build/Intermediates.noindex/ALADDIN.build/Debug-iphonesimulator/ALADDIN.build/Objects-normal/x86_64/14_OnboardingScreen-5371cb6ac3630fe50991897b0cdc2098.o -o /Users/sergejhlystov/Library/Developer/Xcode/DerivedData/ALADDIN-eahryzmutvtbyceygnlyjsmiiaha/Build/Intermediates.noindex/ALADDIN.build/Debug-iphonesimulator/ALADDIN.build/Objects-normal/x86_64/FamilyCreatedModal.o -index-store-path /Users/sergejhlystov/Library/Developer/Xcode/DerivedData/ALADDIN-eahryzmutvtbyceygnlyjsmiiaha/Index/DataStore -index-system-modules

CompileSwift normal x86_64 /Users/sergejhlystov/ALADDIN_NEW/ALADDIN_NEW/mobile_apps/ALADDIN_iOS/Components/Modals/ConsentModal.swift (in target 'ALADDIN' from project 'ALADDIN')
    cd /Users/sergejhlystov/ALADDIN_NEW/ALADDIN_NEW/mobile_apps/ALADDIN_iOS
    /Applications/Xcode.app/Contents/Developer/Toolchains/XcodeDefault.xctoolchain/usr/bin/swift-frontend -frontend -c /Users/sergejhlystov/ALADDIN_NEW/ALADDIN_NEW/mobile_apps/ALADDIN_iOS/Screens/RewardsQuickModal.swift /Users/sergejhlystov/ALADDIN_NEW/ALADDIN_NEW/mobile_apps/ALADDIN_iOS/Screens/08_ChildInterfaceScreen.swift /Users/sergejhlystov/ALADDIN_NEW/ALADDIN_NEW/mobile_apps/ALADDIN_iOS/ContentView.swift /Users/sergejhlystov/ALADDIN_NEW/ALADDIN_NEW/mobile_apps/ALADDIN_iOS/Shared/Components/ALADDINToggle.swift /Users/sergejhlystov/ALADDIN_NEW/ALADDIN_NEW/mobile_apps/ALADDIN_iOS/Components/Modals/AgeGroupSelectionModal.swift /Users/sergejhlystov/ALADDIN_NEW/ALADDIN_NEW/mobile_apps/ALADDIN_iOS/ALADDINApp.swift /Users/sergejhlystov/ALADDIN_NEW/ALADDIN_NEW/mobile_apps/ALADDIN_iOS/Shared/Models/FunctionStatus.swift /Users/sergejhlystov/ALADDIN_NEW/ALADDIN_NEW/mobile_apps/ALADDIN_iOS/ViewModels/MainViewModel.swift /Users/sergejhlystov/ALADDIN_NEW/ALADDIN_NEW/mobile_apps/ALADDIN_iOS/Shared/Components/Buttons/PrimaryButton.swift /Users/sergejhlystov/ALADDIN_NEW/ALADDIN_NEW/mobile_apps/ALADDIN_iOS/Screens/NotificationSettingsScreen.swift /Users/sergejhlystov/ALADDIN_NEW/ALADDIN_NEW/mobile_apps/ALADDIN_iOS/Screens/ChildContentScreen.swift /Users/sergejhlystov/ALADDIN_NEW/ALADDIN_NEW/mobile_apps/ALADDIN_iOS/Shared/Components/StatItem.swift /Users/sergejhlystov/ALADDIN_NEW/ALADDIN_NEW/mobile_apps/ALADDIN_iOS/Shared/Components/Cards/FamilyMemberCard.swift /Users/sergejhlystov/ALADDIN_NEW/ALADDIN_NEW/mobile_apps/ALADDIN_iOS/ViewModels/VPNViewModel.swift /Users/sergejhlystov/ALADDIN_NEW/ALADDIN_NEW/mobile_apps/ALADDIN_iOS/Core/Models/APIModels.swift /Users/sergejhlystov/ALADDIN_NEW/ALADDIN_NEW/mobile_apps/ALADDIN_iOS/Core/VPN/VPNManager.swift /Users/sergejhlystov/ALADDIN_NEW/ALADDIN_NEW/mobile_apps/ALADDIN_iOS/Screens/UnicornPetView.swift /Users/sergejhlystov/ALADDIN_NEW/ALADDIN_NEW/mobile_apps/ALADDIN_iOS/Core/Network/APIService.swift /Users/sergejhlystov/ALADDIN_NEW/ALADDIN_NEW/mobile_apps/ALADDIN_iOS/Screens/18_PrivacyPolicyScreen.swift /Users/sergejhlystov/ALADDIN_NEW/ALADDIN_NEW/mobile_apps/ALADDIN_iOS/Screens/10_TariffsScreen.swift /Users/sergejhlystov/ALADDIN_NEW/ALADDIN_NEW/mobile_apps/ALADDIN_iOS/Screens/03_VPNScreen.swift /Users/sergejhlystov/ALADDIN_NEW/ALADDIN_NEW/mobile_apps/ALADDIN_iOS/Screens/09_ElderlyInterfaceScreen.swift /Users/sergejhlystov/ALADDIN_NEW/ALADDIN_NEW/mobile_apps/ALADDIN_iOS/Shared/Components/SecondaryButton.swift /Users/sergejhlystov/ALADDIN_NEW/ALADDIN_NEW/mobile_apps/ALADDIN_iOS/Screens/11_ProfileScreen.swift /Users/sergejhlystov/ALADDIN_NEW/ALADDIN_NEW/mobile_apps/ALADDIN_iOS/Core/Network/NetworkManager.swift /Users/sergejhlystov/ALADDIN_NEW/ALADDIN_NEW/mobile_apps/ALADDIN_iOS/Screens/19_TermsOfServiceScreen.swift /Users/sergejhlystov/ALADDIN_NEW/ALADDIN_NEW/mobile_apps/ALADDIN_iOS/Core/Config/AppConfig.swift /Users/sergejhlystov/ALADDIN_NEW/ALADDIN_NEW/mobile_apps/ALADDIN_iOS/ViewModels/FamilyViewModel.swift /Users/sergejhlystov/ALADDIN_NEW/ALADDIN_NEW/mobile_apps/ALADDIN_iOS/ViewModels/AIAssistantViewModel.swift /Users/sergejhlystov/ALADDIN_NEW/ALADDIN_NEW/mobile_apps/ALADDIN_iOS/Screens/22_DeviceDetailScreen.swift /Users/sergejhlystov/ALADDIN_NEW/ALADDIN_NEW/mobile_apps/ALADDIN_iOS/Screens/WidgetConfigurationScreen.swift /Users/sergejhlystov/ALADDIN_NEW/ALADDIN_NEW/mobile_apps/ALADDIN_iOS/Core/Security/KeychainManager.swift /Users/sergejhlystov/ALADDIN_NEW/ALADDIN_NEW/mobile_apps/ALADDIN_iOS/Shared/Components/Modals/MemberStatsModalView.swift /Users/sergejhlystov/ALADDIN_NEW/ALADDIN_NEW/mobile_apps/ALADDIN_iOS/Shared/Styles/Spacing.swift /Users/sergejhlystov/ALADDIN_NEW/ALADDIN_NEW/mobile_apps/ALADDIN_iOS/Shared/Components/RecoveryOptionsModal.swift /Users/sergejhlystov/ALADDIN_NEW/ALADDIN_NEW/mobile_apps/ALADDIN_iOS/ViewModels/SettingsViewModel.swift /Users/sergejhlystov/ALADDIN_NEW/ALADDIN_NEW/mobile_apps/ALADDIN_iOS/Shared/Components/InfoRow.swift /Users/sergejhlystov/ALADDIN_NEW/ALADDIN_NEW/mobile_apps/ALADDIN_iOS/Screens/25_PaymentQRScreen.swift /Users/sergejhlystov/ALADDIN_NEW/ALADDIN_NEW/mobile_apps/ALADDIN_iOS/Shared/Components/Modals/RoleSelectionModal.swift /Users/sergejhlystov/ALADDIN_NEW/ALADDIN_NEW/mobile_apps/ALADDIN_iOS/ViewModels/SupportViewModel.swift /Users/sergejhlystov/ALADDIN_NEW/ALADDIN_NEW/mobile_apps/ALADDIN_iOS/ViewModels/ChildInterfaceViewModel.swift /Users/sergejhlystov/ALADDIN_NEW/ALADDIN_NEW/mobile_apps/ALADDIN_iOS/Screens/12_NotificationsScreen.swift /Users/sergejhlystov/ALADDIN_NEW/ALADDIN_NEW/mobile_apps/ALADDIN_iOS/ViewModels/ElderlyInterfaceViewModel.swift /Users/sergejhlystov/ALADDIN_NEW/ALADDIN_NEW/mobile_apps/ALADDIN_iOS/ViewModels/AnalyticsViewModel.swift /Users/sergejhlystov/ALADDIN_NEW/ALADDIN_NEW/mobile_apps/ALADDIN_iOS/Core/Cache/CacheManager.swift /Users/sergejhlystov/ALADDIN_NEW/ALADDIN_NEW/mobile_apps/ALADDIN_iOS/ViewModels/NotificationsViewModel.swift /Users/sergejhlystov/ALADDIN_NEW/ALADDIN_NEW/mobile_apps/ALADDIN_iOS/Screens/06_AIAssistantScreen.swift -primary-file /Users/sergejhlystov/ALADDIN_NEW/ALADDIN_NEW/mobile_apps/ALADDIN_iOS/ViewModels/ProfileViewModel.swift -primary-file /Users/sergejhlystov/ALADDIN_NEW/ALADDIN_NEW/mobile_apps/ALADDIN_iOS/Components/Modals/ConsentModal.swift -primary-file /Users/sergejhlystov/ALADDIN_NEW/ALADDIN_NEW/mobile_apps/ALADDIN_iOS/ViewModels/ParentalControlViewModel.swift -primary-file /Users/sergejhlystov/ALADDIN_NEW/ALADDIN_NEW/mobile_apps/ALADDIN_iOS/ViewModels/OnboardingViewModel.swift -primary-file /Users/sergejhlystov/ALADDIN_NEW/ALADDIN_NEW/mobile_apps/ALADDIN_iOS/Shared/Styles/Colors.swift -primary-file /Users/sergejhlystov/ALADDIN_NEW/ALADDIN_NEW/mobile_apps/ALADDIN_iOS/Screens/ChildRewardsScreen.swift -primary-file /Users/sergejhlystov/ALADDIN_NEW/ALADDIN_NEW/mobile_apps/ALADDIN_iOS/Screens/21_ReferralScreen.swift -primary-file /Users/sergejhlystov/ALADDIN_NEW/ALADDIN_NEW/mobile_apps/ALADDIN_iOS/Shared/Components/AvatarSelector.swift -primary-file /Users/sergejhlystov/ALADDIN_NEW/ALADDIN_NEW/mobile_apps/ALADDIN_iOS/Shared/Components/Navigation/ALADDINNavigationBar.swift -primary-file /Users/sergejhlystov/ALADDIN_NEW/ALADDIN_NEW/mobile_apps/ALADDIN_iOS/Screens/14_OnboardingScreen.swift -primary-file /Users/sergejhlystov/ALADDIN_NEW/ALADDIN_NEW/mobile_apps/ALADDIN_iOS/Components/Modals/FamilyCreatedModal.swift /Users/sergejhlystov/ALADDIN_NEW/ALADDIN_NEW/mobile_apps/ALADDIN_iOS/ViewModels/PaymentQRViewModel.swift /Users/sergejhlystov/ALADDIN_NEW/ALADDIN_NEW/mobile_apps/ALADDIN_iOS/Core/Navigation/NavigationManager.swift /Users/sergejhlystov/ALADDIN_NEW/ALADDIN_NEW/mobile_apps/ALADDIN_iOS/Core/Accessibility/AccessibilityManager.swift /Users/sergejhlystov/ALADDIN_NEW/ALADDIN_NEW/mobile_apps/ALADDIN_iOS/Core/Store/StoreManager.swift /Users/sergejhlystov/ALADDIN_NEW/ALADDIN_NEW/mobile_apps/ALADDIN_iOS/Screens/WheelOfFortuneView.swift /Users/sergejhlystov/ALADDIN_NEW/ALADDIN_NEW/mobile_apps/ALADDIN_iOS/Screens/UnicornUniverseView.swift /Users/sergejhlystov/ALADDIN_NEW/ALADDIN_NEW/mobile_apps/ALADDIN_iOS/Core/Localization/LocalizationManager.swift /Users/sergejhlystov/ALADDIN_NEW/ALADDIN_NEW/mobile_apps/ALADDIN_iOS/Screens/13_SupportScreen.swift /Users/sergejhlystov/ALADDIN_NEW/ALADDIN_NEW/mobile_apps/ALADDIN_iOS/Core/Analytics/AnalyticsManager.swift /Users/sergejhlystov/ALADDIN_NEW/ALADDIN_NEW/mobile_apps/ALADDIN_iOS/Screens/07_ParentalControlScreen.swift /Users/sergejhlystov/ALADDIN_NEW/ALADDIN_NEW/mobile_apps/ALADDIN_iOS/Screens/05_SettingsScreen.swift /Users/sergejhlystov/ALADDIN_NEW/ALADDIN_NEW/mobile_apps/ALADDIN_iOS/Screens/RewardsModalView.swift /Users/sergejhlystov/ALADDIN_NEW/ALADDIN_NEW/mobile_apps/ALADDIN_iOS/Screens/23_FamilyChatScreen.swift /Users/sergejhlystov/ALADDIN_NEW/ALADDIN_NEW/mobile_apps/ALADDIN_iOS/Screens/02_FamilyScreen.swift /Users/sergejhlystov/ALADDIN_NEW/ALADDIN_NEW/mobile_apps/ALADDIN_iOS/Screens/20_DevicesScreen.swift /Users/sergejhlystov/ALADDIN_NEW/ALADDIN_NEW/mobile_apps/ALADDIN_iOS/Shared/Components/ViewModifiers.swift /Users/sergejhlystov/ALADDIN_NEW/ALADDIN_NEW/mobile_apps/ALADDIN_iOS/Shared/Components/HapticFeedback.swift /Users/sergejhlystov/ALADDIN_NEW/ALADDIN_NEW/mobile_apps/ALADDIN_iOS/Screens/MainScreenWithRegistration.swift /Users/sergejhlystov/ALADDIN_NEW/ALADDIN_NEW/mobile_apps/ALADDIN_iOS/Core/Network/NetworkError.swift /Users/sergejhlystov/ALADDIN_NEW/ALADDIN_NEW/mobile_apps/ALADDIN_iOS/Screens/LanguageSettingsScreen.swift /Users/sergejhlystov/ALADDIN_NEW/ALADDIN_NEW/mobile_apps/ALADDIN_iOS/ViewModels/FamilyRegistrationViewModel.swift /Users/sergejhlystov/ALADDIN_NEW/ALADDIN_NEW/mobile_apps/ALADDIN_iOS/Shared/Styles/CornerRadius.swift /Users/sergejhlystov/ALADDIN_NEW/ALADDIN_NEW/mobile_apps/ALADDIN_iOS/Screens/01_MainScreen.swift /Users/sergejhlystov/ALADDIN_NEW/ALADDIN_NEW/mobile_apps/ALADDIN_iOS/Screens/FamilyTournamentView.swift /Users/sergejhlystov/ALADDIN_NEW/ALADDIN_NEW/mobile_apps/ALADDIN_iOS/Shared/Styles/Fonts.swift /Users/sergejhlystov/ALADDIN_NEW/ALADDIN_NEW/mobile_apps/ALADDIN_iOS/Screens/GamesParentalControlView.swift /Users/sergejhlystov/ALADDIN_NEW/ALADDIN_NEW/mobile_apps/ALADDIN_iOS/Shared/Components/QRScannerModal.swift /Users/sergejhlystov/ALADDIN_NEW/ALADDIN_NEW/mobile_apps/ALADDIN_iOS/Screens/04_AnalyticsScreen.swift /Users/sergejhlystov/ALADDIN_NEW/ALADDIN_NEW/mobile_apps/ALADDIN_iOS/Screens/24_VPNEnergyStatsScreen.swift /Users/sergejhlystov/ALADDIN_NEW/ALADDIN_NEW/mobile_apps/ALADDIN_iOS/Shared/Components/Modals/ProfileEditView.swift /Users/sergejhlystov/ALADDIN_NEW/ALADDIN_NEW/mobile_apps/ALADDIN_iOS/ViewModels/TariffsViewModel.swift /Users/sergejhlystov/ALADDIN_NEW/ALADDIN_NEW/mobile_apps/ALADDIN_iOS/Core/Notifications/NotificationManager.swift /Users/sergejhlystov/ALADDIN_NEW/ALADDIN_NEW/mobile_apps/ALADDIN_iOS/Core/Security/SecurityManager.swift -supplementary-output-file-map /var/folders/rf/6rxcyql17sz57_02ng7jd7pr0000gn/T/TemporaryDirectory.wFGpdC/supplementaryOutputs-5 -target x86_64-apple-ios15.0-simulator -enable-objc-interop -sdk /Applications/Xcode.app/Contents/Developer/Platforms/iPhoneSimulator.platform/Developer/SDKs/iPhoneSimulator15.2.sdk -I /Users/sergejhlystov/Library/Developer/Xcode/DerivedData/ALADDIN-eahryzmutvtbyceygnlyjsmiiaha/Build/Products/Debug-iphonesimulator -F /Users/sergejhlystov/Library/Developer/Xcode/DerivedData/ALADDIN-eahryzmutvtbyceygnlyjsmiiaha/Build/Products/Debug-iphonesimulator -enable-testing -g -module-cache-path /Users/sergejhlystov/Library/Developer/Xcode/DerivedData/ModuleCache.noindex -emit-localized-strings -emit-localized-strings-path /Users/sergejhlystov/Library/Developer/Xcode/DerivedData/ALADDIN-eahryzmutvtbyceygnlyjsmiiaha/Build/Intermediates.noindex/ALADDIN.build/Debug-iphonesimulator/ALADDIN.build/Objects-normal/x86_64 -swift-version 5 -enforce-exclusivity\=checked -Onone -D DEBUG -new-driver-path /Applications/Xcode.app/Contents/Developer/Toolchains/XcodeDefault.xctoolchain/usr/bin/swift-driver -serialize-debugging-options -Xcc -working-directory -Xcc /Users/sergejhlystov/ALADDIN_NEW/ALADDIN_NEW/mobile_apps/ALADDIN_iOS -resource-dir /Applications/Xcode.app/Contents/Developer/Toolchains/XcodeDefault.xctoolchain/usr/lib/swift -enable-anonymous-context-mangled-names -Xcc -I/Users/sergejhlystov/Library/Developer/Xcode/DerivedData/ALADDIN-eahryzmutvtbyceygnlyjsmiiaha/Build/Intermediates.noindex/ALADDIN.build/Debug-iphonesimulator/ALADDIN.build/swift-overrides.hmap -Xcc -iquote -Xcc /Users/sergejhlystov/Library/Developer/Xcode/DerivedData/ALADDIN-eahryzmutvtbyceygnlyjsmiiaha/Build/Intermediates.noindex/ALADDIN.build/Debug-iphonesimulator/ALADDIN.build/ALADDIN-generated-files.hmap -Xcc -I/Users/sergejhlystov/Library/Developer/Xcode/DerivedData/ALADDIN-eahryzmutvtbyceygnlyjsmiiaha/Build/Intermediates.noindex/ALADDIN.build/Debug-iphonesimulator/ALADDIN.build/ALADDIN-own-target-headers.hmap -Xcc -I/Users/sergejhlystov/Library/Developer/Xcode/DerivedData/ALADDIN-eahryzmutvtbyceygnlyjsmiiaha/Build/Intermediates.noindex/ALADDIN.build/Debug-iphonesimulator/ALADDIN.build/ALADDIN-all-target-headers.hmap -Xcc -iquote -Xcc /Users/sergejhlystov/Library/Developer/Xcode/DerivedData/ALADDIN-eahryzmutvtbyceygnlyjsmiiaha/Build/Intermediates.noindex/ALADDIN.build/Debug-iphonesimulator/ALADDIN.build/ALADDIN-project-headers.hmap -Xcc -I/Users/sergejhlystov/Library/Developer/Xcode/DerivedData/ALADDIN-eahryzmutvtbyceygnlyjsmiiaha/Build/Products/Debug-iphonesimulator/include -Xcc -I/Users/sergejhlystov/Library/Developer/Xcode/DerivedData/ALADDIN-eahryzmutvtbyceygnlyjsmiiaha/Build/Intermediates.noindex/ALADDIN.build/Debug-iphonesimulator/ALADDIN.build/DerivedSources-normal/x86_64 -Xcc -I/Users/sergejhlystov/Library/Developer/Xcode/DerivedData/ALADDIN-eahryzmutvtbyceygnlyjsmiiaha/Build/Intermediates.noindex/ALADDIN.build/Debug-iphonesimulator/ALADDIN.build/DerivedSources/x86_64 -Xcc -I/Users/sergejhlystov/Library/Developer/Xcode/DerivedData/ALADDIN-eahryzmutvtbyceygnlyjsmiiaha/Build/Intermediates.noindex/ALADDIN.build/Debug-iphonesimulator/ALADDIN.build/DerivedSources -Xcc -DDEBUG\=1 -module-name ALADDIN -target-sdk-version 15.2.0 -o /Users/sergejhlystov/Library/Developer/Xcode/DerivedData/ALADDIN-eahryzmutvtbyceygnlyjsmiiaha/Build/Intermediates.noindex/ALADDIN.build/Debug-iphonesimulator/ALADDIN.build/Objects-normal/x86_64/ProfileViewModel.o -o /Users/sergejhlystov/Library/Developer/Xcode/DerivedData/ALADDIN-eahryzmutvtbyceygnlyjsmiiaha/Build/Intermediates.noindex/ALADDIN.build/Debug-iphonesimulator/ALADDIN.build/Objects-normal/x86_64/ConsentModal.o -o /Users/sergejhlystov/Library/Developer/Xcode/DerivedData/ALADDIN-eahryzmutvtbyceygnlyjsmiiaha/Build/Intermediates.noindex/ALADDIN.build/Debug-iphonesimulator/ALADDIN.build/Objects-normal/x86_64/ParentalControlViewModel.o -o /Users/sergejhlystov/Library/Developer/Xcode/DerivedData/ALADDIN-eahryzmutvtbyceygnlyjsmiiaha/Build/Intermediates.noindex/ALADDIN.build/Debug-iphonesimulator/ALADDIN.build/Objects-normal/x86_64/OnboardingViewModel.o -o /Users/sergejhlystov/Library/Developer/Xcode/DerivedData/ALADDIN-eahryzmutvtbyceygnlyjsmiiaha/Build/Intermediates.noindex/ALADDIN.build/Debug-iphonesimulator/ALADDIN.build/Objects-normal/x86_64/Colors.o -o /Users/sergejhlystov/Library/Developer/Xcode/DerivedData/ALADDIN-eahryzmutvtbyceygnlyjsmiiaha/Build/Intermediates.noindex/ALADDIN.build/Debug-iphonesimulator/ALADDIN.build/Objects-normal/x86_64/ChildRewardsScreen.o -o /Users/sergejhlystov/Library/Developer/Xcode/DerivedData/ALADDIN-eahryzmutvtbyceygnlyjsmiiaha/Build/Intermediates.noindex/ALADDIN.build/Debug-iphonesimulator/ALADDIN.build/Objects-normal/x86_64/21_ReferralScreen.o -o /Users/sergejhlystov/Library/Developer/Xcode/DerivedData/ALADDIN-eahryzmutvtbyceygnlyjsmiiaha/Build/Intermediates.noindex/ALADDIN.build/Debug-iphonesimulator/ALADDIN.build/Objects-normal/x86_64/AvatarSelector.o -o /Users/sergejhlystov/Library/Developer/Xcode/DerivedData/ALADDIN-eahryzmutvtbyceygnlyjsmiiaha/Build/Intermediates.noindex/ALADDIN.build/Debug-iphonesimulator/ALADDIN.build/Objects-normal/x86_64/ALADDINNavigationBar.o -o /Users/sergejhlystov/Library/Developer/Xcode/DerivedData/ALADDIN-eahryzmutvtbyceygnlyjsmiiaha/Build/Intermediates.noindex/ALADDIN.build/Debug-iphonesimulator/ALADDIN.build/Objects-normal/x86_64/14_OnboardingScreen-5371cb6ac3630fe50991897b0cdc2098.o -o /Users/sergejhlystov/Library/Developer/Xcode/DerivedData/ALADDIN-eahryzmutvtbyceygnlyjsmiiaha/Build/Intermediates.noindex/ALADDIN.build/Debug-iphonesimulator/ALADDIN.build/Objects-normal/x86_64/FamilyCreatedModal.o -index-store-path /Users/sergejhlystov/Library/Developer/Xcode/DerivedData/ALADDIN-eahryzmutvtbyceygnlyjsmiiaha/Index/DataStore -index-system-modules

CompileSwift normal x86_64 /Users/sergejhlystov/ALADDIN_NEW/ALADDIN_NEW/mobile_apps/ALADDIN_iOS/ViewModels/ParentalControlViewModel.swift (in target 'ALADDIN' from project 'ALADDIN')
    cd /Users/sergejhlystov/ALADDIN_NEW/ALADDIN_NEW/mobile_apps/ALADDIN_iOS
    /Applications/Xcode.app/Contents/Developer/Toolchains/XcodeDefault.xctoolchain/usr/bin/swift-frontend -frontend -c /Users/sergejhlystov/ALADDIN_NEW/ALADDIN_NEW/mobile_apps/ALADDIN_iOS/Screens/RewardsQuickModal.swift /Users/sergejhlystov/ALADDIN_NEW/ALADDIN_NEW/mobile_apps/ALADDIN_iOS/Screens/08_ChildInterfaceScreen.swift /Users/sergejhlystov/ALADDIN_NEW/ALADDIN_NEW/mobile_apps/ALADDIN_iOS/ContentView.swift /Users/sergejhlystov/ALADDIN_NEW/ALADDIN_NEW/mobile_apps/ALADDIN_iOS/Shared/Components/ALADDINToggle.swift /Users/sergejhlystov/ALADDIN_NEW/ALADDIN_NEW/mobile_apps/ALADDIN_iOS/Components/Modals/AgeGroupSelectionModal.swift /Users/sergejhlystov/ALADDIN_NEW/ALADDIN_NEW/mobile_apps/ALADDIN_iOS/ALADDINApp.swift /Users/sergejhlystov/ALADDIN_NEW/ALADDIN_NEW/mobile_apps/ALADDIN_iOS/Shared/Models/FunctionStatus.swift /Users/sergejhlystov/ALADDIN_NEW/ALADDIN_NEW/mobile_apps/ALADDIN_iOS/ViewModels/MainViewModel.swift /Users/sergejhlystov/ALADDIN_NEW/ALADDIN_NEW/mobile_apps/ALADDIN_iOS/Shared/Components/Buttons/PrimaryButton.swift /Users/sergejhlystov/ALADDIN_NEW/ALADDIN_NEW/mobile_apps/ALADDIN_iOS/Screens/NotificationSettingsScreen.swift /Users/sergejhlystov/ALADDIN_NEW/ALADDIN_NEW/mobile_apps/ALADDIN_iOS/Screens/ChildContentScreen.swift /Users/sergejhlystov/ALADDIN_NEW/ALADDIN_NEW/mobile_apps/ALADDIN_iOS/Shared/Components/StatItem.swift /Users/sergejhlystov/ALADDIN_NEW/ALADDIN_NEW/mobile_apps/ALADDIN_iOS/Shared/Components/Cards/FamilyMemberCard.swift /Users/sergejhlystov/ALADDIN_NEW/ALADDIN_NEW/mobile_apps/ALADDIN_iOS/ViewModels/VPNViewModel.swift /Users/sergejhlystov/ALADDIN_NEW/ALADDIN_NEW/mobile_apps/ALADDIN_iOS/Core/Models/APIModels.swift /Users/sergejhlystov/ALADDIN_NEW/ALADDIN_NEW/mobile_apps/ALADDIN_iOS/Core/VPN/VPNManager.swift /Users/sergejhlystov/ALADDIN_NEW/ALADDIN_NEW/mobile_apps/ALADDIN_iOS/Screens/UnicornPetView.swift /Users/sergejhlystov/ALADDIN_NEW/ALADDIN_NEW/mobile_apps/ALADDIN_iOS/Core/Network/APIService.swift /Users/sergejhlystov/ALADDIN_NEW/ALADDIN_NEW/mobile_apps/ALADDIN_iOS/Screens/18_PrivacyPolicyScreen.swift /Users/sergejhlystov/ALADDIN_NEW/ALADDIN_NEW/mobile_apps/ALADDIN_iOS/Screens/10_TariffsScreen.swift /Users/sergejhlystov/ALADDIN_NEW/ALADDIN_NEW/mobile_apps/ALADDIN_iOS/Screens/03_VPNScreen.swift /Users/sergejhlystov/ALADDIN_NEW/ALADDIN_NEW/mobile_apps/ALADDIN_iOS/Screens/09_ElderlyInterfaceScreen.swift /Users/sergejhlystov/ALADDIN_NEW/ALADDIN_NEW/mobile_apps/ALADDIN_iOS/Shared/Components/SecondaryButton.swift /Users/sergejhlystov/ALADDIN_NEW/ALADDIN_NEW/mobile_apps/ALADDIN_iOS/Screens/11_ProfileScreen.swift /Users/sergejhlystov/ALADDIN_NEW/ALADDIN_NEW/mobile_apps/ALADDIN_iOS/Core/Network/NetworkManager.swift /Users/sergejhlystov/ALADDIN_NEW/ALADDIN_NEW/mobile_apps/ALADDIN_iOS/Screens/19_TermsOfServiceScreen.swift /Users/sergejhlystov/ALADDIN_NEW/ALADDIN_NEW/mobile_apps/ALADDIN_iOS/Core/Config/AppConfig.swift /Users/sergejhlystov/ALADDIN_NEW/ALADDIN_NEW/mobile_apps/ALADDIN_iOS/ViewModels/FamilyViewModel.swift /Users/sergejhlystov/ALADDIN_NEW/ALADDIN_NEW/mobile_apps/ALADDIN_iOS/ViewModels/AIAssistantViewModel.swift /Users/sergejhlystov/ALADDIN_NEW/ALADDIN_NEW/mobile_apps/ALADDIN_iOS/Screens/22_DeviceDetailScreen.swift /Users/sergejhlystov/ALADDIN_NEW/ALADDIN_NEW/mobile_apps/ALADDIN_iOS/Screens/WidgetConfigurationScreen.swift /Users/sergejhlystov/ALADDIN_NEW/ALADDIN_NEW/mobile_apps/ALADDIN_iOS/Core/Security/KeychainManager.swift /Users/sergejhlystov/ALADDIN_NEW/ALADDIN_NEW/mobile_apps/ALADDIN_iOS/Shared/Components/Modals/MemberStatsModalView.swift /Users/sergejhlystov/ALADDIN_NEW/ALADDIN_NEW/mobile_apps/ALADDIN_iOS/Shared/Styles/Spacing.swift /Users/sergejhlystov/ALADDIN_NEW/ALADDIN_NEW/mobile_apps/ALADDIN_iOS/Shared/Components/RecoveryOptionsModal.swift /Users/sergejhlystov/ALADDIN_NEW/ALADDIN_NEW/mobile_apps/ALADDIN_iOS/ViewModels/SettingsViewModel.swift /Users/sergejhlystov/ALADDIN_NEW/ALADDIN_NEW/mobile_apps/ALADDIN_iOS/Shared/Components/InfoRow.swift /Users/sergejhlystov/ALADDIN_NEW/ALADDIN_NEW/mobile_apps/ALADDIN_iOS/Screens/25_PaymentQRScreen.swift /Users/sergejhlystov/ALADDIN_NEW/ALADDIN_NEW/mobile_apps/ALADDIN_iOS/Shared/Components/Modals/RoleSelectionModal.swift /Users/sergejhlystov/ALADDIN_NEW/ALADDIN_NEW/mobile_apps/ALADDIN_iOS/ViewModels/SupportViewModel.swift /Users/sergejhlystov/ALADDIN_NEW/ALADDIN_NEW/mobile_apps/ALADDIN_iOS/ViewModels/ChildInterfaceViewModel.swift /Users/sergejhlystov/ALADDIN_NEW/ALADDIN_NEW/mobile_apps/ALADDIN_iOS/Screens/12_NotificationsScreen.swift /Users/sergejhlystov/ALADDIN_NEW/ALADDIN_NEW/mobile_apps/ALADDIN_iOS/ViewModels/ElderlyInterfaceViewModel.swift /Users/sergejhlystov/ALADDIN_NEW/ALADDIN_NEW/mobile_apps/ALADDIN_iOS/ViewModels/AnalyticsViewModel.swift /Users/sergejhlystov/ALADDIN_NEW/ALADDIN_NEW/mobile_apps/ALADDIN_iOS/Core/Cache/CacheManager.swift /Users/sergejhlystov/ALADDIN_NEW/ALADDIN_NEW/mobile_apps/ALADDIN_iOS/ViewModels/NotificationsViewModel.swift /Users/sergejhlystov/ALADDIN_NEW/ALADDIN_NEW/mobile_apps/ALADDIN_iOS/Screens/06_AIAssistantScreen.swift -primary-file /Users/sergejhlystov/ALADDIN_NEW/ALADDIN_NEW/mobile_apps/ALADDIN_iOS/ViewModels/ProfileViewModel.swift -primary-file /Users/sergejhlystov/ALADDIN_NEW/ALADDIN_NEW/mobile_apps/ALADDIN_iOS/Components/Modals/ConsentModal.swift -primary-file /Users/sergejhlystov/ALADDIN_NEW/ALADDIN_NEW/mobile_apps/ALADDIN_iOS/ViewModels/ParentalControlViewModel.swift -primary-file /Users/sergejhlystov/ALADDIN_NEW/ALADDIN_NEW/mobile_apps/ALADDIN_iOS/ViewModels/OnboardingViewModel.swift -primary-file /Users/sergejhlystov/ALADDIN_NEW/ALADDIN_NEW/mobile_apps/ALADDIN_iOS/Shared/Styles/Colors.swift -primary-file /Users/sergejhlystov/ALADDIN_NEW/ALADDIN_NEW/mobile_apps/ALADDIN_iOS/Screens/ChildRewardsScreen.swift -primary-file /Users/sergejhlystov/ALADDIN_NEW/ALADDIN_NEW/mobile_apps/ALADDIN_iOS/Screens/21_ReferralScreen.swift -primary-file /Users/sergejhlystov/ALADDIN_NEW/ALADDIN_NEW/mobile_apps/ALADDIN_iOS/Shared/Components/AvatarSelector.swift -primary-file /Users/sergejhlystov/ALADDIN_NEW/ALADDIN_NEW/mobile_apps/ALADDIN_iOS/Shared/Components/Navigation/ALADDINNavigationBar.swift -primary-file /Users/sergejhlystov/ALADDIN_NEW/ALADDIN_NEW/mobile_apps/ALADDIN_iOS/Screens/14_OnboardingScreen.swift -primary-file /Users/sergejhlystov/ALADDIN_NEW/ALADDIN_NEW/mobile_apps/ALADDIN_iOS/Components/Modals/FamilyCreatedModal.swift /Users/sergejhlystov/ALADDIN_NEW/ALADDIN_NEW/mobile_apps/ALADDIN_iOS/ViewModels/PaymentQRViewModel.swift /Users/sergejhlystov/ALADDIN_NEW/ALADDIN_NEW/mobile_apps/ALADDIN_iOS/Core/Navigation/NavigationManager.swift /Users/sergejhlystov/ALADDIN_NEW/ALADDIN_NEW/mobile_apps/ALADDIN_iOS/Core/Accessibility/AccessibilityManager.swift /Users/sergejhlystov/ALADDIN_NEW/ALADDIN_NEW/mobile_apps/ALADDIN_iOS/Core/Store/StoreManager.swift /Users/sergejhlystov/ALADDIN_NEW/ALADDIN_NEW/mobile_apps/ALADDIN_iOS/Screens/WheelOfFortuneView.swift /Users/sergejhlystov/ALADDIN_NEW/ALADDIN_NEW/mobile_apps/ALADDIN_iOS/Screens/UnicornUniverseView.swift /Users/sergejhlystov/ALADDIN_NEW/ALADDIN_NEW/mobile_apps/ALADDIN_iOS/Core/Localization/LocalizationManager.swift /Users/sergejhlystov/ALADDIN_NEW/ALADDIN_NEW/mobile_apps/ALADDIN_iOS/Screens/13_SupportScreen.swift /Users/sergejhlystov/ALADDIN_NEW/ALADDIN_NEW/mobile_apps/ALADDIN_iOS/Core/Analytics/AnalyticsManager.swift /Users/sergejhlystov/ALADDIN_NEW/ALADDIN_NEW/mobile_apps/ALADDIN_iOS/Screens/07_ParentalControlScreen.swift /Users/sergejhlystov/ALADDIN_NEW/ALADDIN_NEW/mobile_apps/ALADDIN_iOS/Screens/05_SettingsScreen.swift /Users/sergejhlystov/ALADDIN_NEW/ALADDIN_NEW/mobile_apps/ALADDIN_iOS/Screens/RewardsModalView.swift /Users/sergejhlystov/ALADDIN_NEW/ALADDIN_NEW/mobile_apps/ALADDIN_iOS/Screens/23_FamilyChatScreen.swift /Users/sergejhlystov/ALADDIN_NEW/ALADDIN_NEW/mobile_apps/ALADDIN_iOS/Screens/02_FamilyScreen.swift /Users/sergejhlystov/ALADDIN_NEW/ALADDIN_NEW/mobile_apps/ALADDIN_iOS/Screens/20_DevicesScreen.swift /Users/sergejhlystov/ALADDIN_NEW/ALADDIN_NEW/mobile_apps/ALADDIN_iOS/Shared/Components/ViewModifiers.swift /Users/sergejhlystov/ALADDIN_NEW/ALADDIN_NEW/mobile_apps/ALADDIN_iOS/Shared/Components/HapticFeedback.swift /Users/sergejhlystov/ALADDIN_NEW/ALADDIN_NEW/mobile_apps/ALADDIN_iOS/Screens/MainScreenWithRegistration.swift /Users/sergejhlystov/ALADDIN_NEW/ALADDIN_NEW/mobile_apps/ALADDIN_iOS/Core/Network/NetworkError.swift /Users/sergejhlystov/ALADDIN_NEW/ALADDIN_NEW/mobile_apps/ALADDIN_iOS/Screens/LanguageSettingsScreen.swift /Users/sergejhlystov/ALADDIN_NEW/ALADDIN_NEW/mobile_apps/ALADDIN_iOS/ViewModels/FamilyRegistrationViewModel.swift /Users/sergejhlystov/ALADDIN_NEW/ALADDIN_NEW/mobile_apps/ALADDIN_iOS/Shared/Styles/CornerRadius.swift /Users/sergejhlystov/ALADDIN_NEW/ALADDIN_NEW/mobile_apps/ALADDIN_iOS/Screens/01_MainScreen.swift /Users/sergejhlystov/ALADDIN_NEW/ALADDIN_NEW/mobile_apps/ALADDIN_iOS/Screens/FamilyTournamentView.swift /Users/sergejhlystov/ALADDIN_NEW/ALADDIN_NEW/mobile_apps/ALADDIN_iOS/Shared/Styles/Fonts.swift /Users/sergejhlystov/ALADDIN_NEW/ALADDIN_NEW/mobile_apps/ALADDIN_iOS/Screens/GamesParentalControlView.swift /Users/sergejhlystov/ALADDIN_NEW/ALADDIN_NEW/mobile_apps/ALADDIN_iOS/Shared/Components/QRScannerModal.swift /Users/sergejhlystov/ALADDIN_NEW/ALADDIN_NEW/mobile_apps/ALADDIN_iOS/Screens/04_AnalyticsScreen.swift /Users/sergejhlystov/ALADDIN_NEW/ALADDIN_NEW/mobile_apps/ALADDIN_iOS/Screens/24_VPNEnergyStatsScreen.swift /Users/sergejhlystov/ALADDIN_NEW/ALADDIN_NEW/mobile_apps/ALADDIN_iOS/Shared/Components/Modals/ProfileEditView.swift /Users/sergejhlystov/ALADDIN_NEW/ALADDIN_NEW/mobile_apps/ALADDIN_iOS/ViewModels/TariffsViewModel.swift /Users/sergejhlystov/ALADDIN_NEW/ALADDIN_NEW/mobile_apps/ALADDIN_iOS/Core/Notifications/NotificationManager.swift /Users/sergejhlystov/ALADDIN_NEW/ALADDIN_NEW/mobile_apps/ALADDIN_iOS/Core/Security/SecurityManager.swift -supplementary-output-file-map /var/folders/rf/6rxcyql17sz57_02ng7jd7pr0000gn/T/TemporaryDirectory.wFGpdC/supplementaryOutputs-5 -target x86_64-apple-ios15.0-simulator -enable-objc-interop -sdk /Applications/Xcode.app/Contents/Developer/Platforms/iPhoneSimulator.platform/Developer/SDKs/iPhoneSimulator15.2.sdk -I /Users/sergejhlystov/Library/Developer/Xcode/DerivedData/ALADDIN-eahryzmutvtbyceygnlyjsmiiaha/Build/Products/Debug-iphonesimulator -F /Users/sergejhlystov/Library/Developer/Xcode/DerivedData/ALADDIN-eahryzmutvtbyceygnlyjsmiiaha/Build/Products/Debug-iphonesimulator -enable-testing -g -module-cache-path /Users/sergejhlystov/Library/Developer/Xcode/DerivedData/ModuleCache.noindex -emit-localized-strings -emit-localized-strings-path /Users/sergejhlystov/Library/Developer/Xcode/DerivedData/ALADDIN-eahryzmutvtbyceygnlyjsmiiaha/Build/Intermediates.noindex/ALADDIN.build/Debug-iphonesimulator/ALADDIN.build/Objects-normal/x86_64 -swift-version 5 -enforce-exclusivity\=checked -Onone -D DEBUG -new-driver-path /Applications/Xcode.app/Contents/Developer/Toolchains/XcodeDefault.xctoolchain/usr/bin/swift-driver -serialize-debugging-options -Xcc -working-directory -Xcc /Users/sergejhlystov/ALADDIN_NEW/ALADDIN_NEW/mobile_apps/ALADDIN_iOS -resource-dir /Applications/Xcode.app/Contents/Developer/Toolchains/XcodeDefault.xctoolchain/usr/lib/swift -enable-anonymous-context-mangled-names -Xcc -I/Users/sergejhlystov/Library/Developer/Xcode/DerivedData/ALADDIN-eahryzmutvtbyceygnlyjsmiiaha/Build/Intermediates.noindex/ALADDIN.build/Debug-iphonesimulator/ALADDIN.build/swift-overrides.hmap -Xcc -iquote -Xcc /Users/sergejhlystov/Library/Developer/Xcode/DerivedData/ALADDIN-eahryzmutvtbyceygnlyjsmiiaha/Build/Intermediates.noindex/ALADDIN.build/Debug-iphonesimulator/ALADDIN.build/ALADDIN-generated-files.hmap -Xcc -I/Users/sergejhlystov/Library/Developer/Xcode/DerivedData/ALADDIN-eahryzmutvtbyceygnlyjsmiiaha/Build/Intermediates.noindex/ALADDIN.build/Debug-iphonesimulator/ALADDIN.build/ALADDIN-own-target-headers.hmap -Xcc -I/Users/sergejhlystov/Library/Developer/Xcode/DerivedData/ALADDIN-eahryzmutvtbyceygnlyjsmiiaha/Build/Intermediates.noindex/ALADDIN.build/Debug-iphonesimulator/ALADDIN.build/ALADDIN-all-target-headers.hmap -Xcc -iquote -Xcc /Users/sergejhlystov/Library/Developer/Xcode/DerivedData/ALADDIN-eahryzmutvtbyceygnlyjsmiiaha/Build/Intermediates.noindex/ALADDIN.build/Debug-iphonesimulator/ALADDIN.build/ALADDIN-project-headers.hmap -Xcc -I/Users/sergejhlystov/Library/Developer/Xcode/DerivedData/ALADDIN-eahryzmutvtbyceygnlyjsmiiaha/Build/Products/Debug-iphonesimulator/include -Xcc -I/Users/sergejhlystov/Library/Developer/Xcode/DerivedData/ALADDIN-eahryzmutvtbyceygnlyjsmiiaha/Build/Intermediates.noindex/ALADDIN.build/Debug-iphonesimulator/ALADDIN.build/DerivedSources-normal/x86_64 -Xcc -I/Users/sergejhlystov/Library/Developer/Xcode/DerivedData/ALADDIN-eahryzmutvtbyceygnlyjsmiiaha/Build/Intermediates.noindex/ALADDIN.build/Debug-iphonesimulator/ALADDIN.build/DerivedSources/x86_64 -Xcc -I/Users/sergejhlystov/Library/Developer/Xcode/DerivedData/ALADDIN-eahryzmutvtbyceygnlyjsmiiaha/Build/Intermediates.noindex/ALADDIN.build/Debug-iphonesimulator/ALADDIN.build/DerivedSources -Xcc -DDEBUG\=1 -module-name ALADDIN -target-sdk-version 15.2.0 -o /Users/sergejhlystov/Library/Developer/Xcode/DerivedData/ALADDIN-eahryzmutvtbyceygnlyjsmiiaha/Build/Intermediates.noindex/ALADDIN.build/Debug-iphonesimulator/ALADDIN.build/Objects-normal/x86_64/ProfileViewModel.o -o /Users/sergejhlystov/Library/Developer/Xcode/DerivedData/ALADDIN-eahryzmutvtbyceygnlyjsmiiaha/Build/Intermediates.noindex/ALADDIN.build/Debug-iphonesimulator/ALADDIN.build/Objects-normal/x86_64/ConsentModal.o -o /Users/sergejhlystov/Library/Developer/Xcode/DerivedData/ALADDIN-eahryzmutvtbyceygnlyjsmiiaha/Build/Intermediates.noindex/ALADDIN.build/Debug-iphonesimulator/ALADDIN.build/Objects-normal/x86_64/ParentalControlViewModel.o -o /Users/sergejhlystov/Library/Developer/Xcode/DerivedData/ALADDIN-eahryzmutvtbyceygnlyjsmiiaha/Build/Intermediates.noindex/ALADDIN.build/Debug-iphonesimulator/ALADDIN.build/Objects-normal/x86_64/OnboardingViewModel.o -o /Users/sergejhlystov/Library/Developer/Xcode/DerivedData/ALADDIN-eahryzmutvtbyceygnlyjsmiiaha/Build/Intermediates.noindex/ALADDIN.build/Debug-iphonesimulator/ALADDIN.build/Objects-normal/x86_64/Colors.o -o /Users/sergejhlystov/Library/Developer/Xcode/DerivedData/ALADDIN-eahryzmutvtbyceygnlyjsmiiaha/Build/Intermediates.noindex/ALADDIN.build/Debug-iphonesimulator/ALADDIN.build/Objects-normal/x86_64/ChildRewardsScreen.o -o /Users/sergejhlystov/Library/Developer/Xcode/DerivedData/ALADDIN-eahryzmutvtbyceygnlyjsmiiaha/Build/Intermediates.noindex/ALADDIN.build/Debug-iphonesimulator/ALADDIN.build/Objects-normal/x86_64/21_ReferralScreen.o -o /Users/sergejhlystov/Library/Developer/Xcode/DerivedData/ALADDIN-eahryzmutvtbyceygnlyjsmiiaha/Build/Intermediates.noindex/ALADDIN.build/Debug-iphonesimulator/ALADDIN.build/Objects-normal/x86_64/AvatarSelector.o -o /Users/sergejhlystov/Library/Developer/Xcode/DerivedData/ALADDIN-eahryzmutvtbyceygnlyjsmiiaha/Build/Intermediates.noindex/ALADDIN.build/Debug-iphonesimulator/ALADDIN.build/Objects-normal/x86_64/ALADDINNavigationBar.o -o /Users/sergejhlystov/Library/Developer/Xcode/DerivedData/ALADDIN-eahryzmutvtbyceygnlyjsmiiaha/Build/Intermediates.noindex/ALADDIN.build/Debug-iphonesimulator/ALADDIN.build/Objects-normal/x86_64/14_OnboardingScreen-5371cb6ac3630fe50991897b0cdc2098.o -o /Users/sergejhlystov/Library/Developer/Xcode/DerivedData/ALADDIN-eahryzmutvtbyceygnlyjsmiiaha/Build/Intermediates.noindex/ALADDIN.build/Debug-iphonesimulator/ALADDIN.build/Objects-normal/x86_64/FamilyCreatedModal.o -index-store-path /Users/sergejhlystov/Library/Developer/Xcode/DerivedData/ALADDIN-eahryzmutvtbyceygnlyjsmiiaha/Index/DataStore -index-system-modules

CompileSwift normal x86_64 /Users/sergejhlystov/ALADDIN_NEW/ALADDIN_NEW/mobile_apps/ALADDIN_iOS/ViewModels/OnboardingViewModel.swift (in target 'ALADDIN' from project 'ALADDIN')
    cd /Users/sergejhlystov/ALADDIN_NEW/ALADDIN_NEW/mobile_apps/ALADDIN_iOS
    /Applications/Xcode.app/Contents/Developer/Toolchains/XcodeDefault.xctoolchain/usr/bin/swift-frontend -frontend -c /Users/sergejhlystov/ALADDIN_NEW/ALADDIN_NEW/mobile_apps/ALADDIN_iOS/Screens/RewardsQuickModal.swift /Users/sergejhlystov/ALADDIN_NEW/ALADDIN_NEW/mobile_apps/ALADDIN_iOS/Screens/08_ChildInterfaceScreen.swift /Users/sergejhlystov/ALADDIN_NEW/ALADDIN_NEW/mobile_apps/ALADDIN_iOS/ContentView.swift /Users/sergejhlystov/ALADDIN_NEW/ALADDIN_NEW/mobile_apps/ALADDIN_iOS/Shared/Components/ALADDINToggle.swift /Users/sergejhlystov/ALADDIN_NEW/ALADDIN_NEW/mobile_apps/ALADDIN_iOS/Components/Modals/AgeGroupSelectionModal.swift /Users/sergejhlystov/ALADDIN_NEW/ALADDIN_NEW/mobile_apps/ALADDIN_iOS/ALADDINApp.swift /Users/sergejhlystov/ALADDIN_NEW/ALADDIN_NEW/mobile_apps/ALADDIN_iOS/Shared/Models/FunctionStatus.swift /Users/sergejhlystov/ALADDIN_NEW/ALADDIN_NEW/mobile_apps/ALADDIN_iOS/ViewModels/MainViewModel.swift /Users/sergejhlystov/ALADDIN_NEW/ALADDIN_NEW/mobile_apps/ALADDIN_iOS/Shared/Components/Buttons/PrimaryButton.swift /Users/sergejhlystov/ALADDIN_NEW/ALADDIN_NEW/mobile_apps/ALADDIN_iOS/Screens/NotificationSettingsScreen.swift /Users/sergejhlystov/ALADDIN_NEW/ALADDIN_NEW/mobile_apps/ALADDIN_iOS/Screens/ChildContentScreen.swift /Users/sergejhlystov/ALADDIN_NEW/ALADDIN_NEW/mobile_apps/ALADDIN_iOS/Shared/Components/StatItem.swift /Users/sergejhlystov/ALADDIN_NEW/ALADDIN_NEW/mobile_apps/ALADDIN_iOS/Shared/Components/Cards/FamilyMemberCard.swift /Users/sergejhlystov/ALADDIN_NEW/ALADDIN_NEW/mobile_apps/ALADDIN_iOS/ViewModels/VPNViewModel.swift /Users/sergejhlystov/ALADDIN_NEW/ALADDIN_NEW/mobile_apps/ALADDIN_iOS/Core/Models/APIModels.swift /Users/sergejhlystov/ALADDIN_NEW/ALADDIN_NEW/mobile_apps/ALADDIN_iOS/Core/VPN/VPNManager.swift /Users/sergejhlystov/ALADDIN_NEW/ALADDIN_NEW/mobile_apps/ALADDIN_iOS/Screens/UnicornPetView.swift /Users/sergejhlystov/ALADDIN_NEW/ALADDIN_NEW/mobile_apps/ALADDIN_iOS/Core/Network/APIService.swift /Users/sergejhlystov/ALADDIN_NEW/ALADDIN_NEW/mobile_apps/ALADDIN_iOS/Screens/18_PrivacyPolicyScreen.swift /Users/sergejhlystov/ALADDIN_NEW/ALADDIN_NEW/mobile_apps/ALADDIN_iOS/Screens/10_TariffsScreen.swift /Users/sergejhlystov/ALADDIN_NEW/ALADDIN_NEW/mobile_apps/ALADDIN_iOS/Screens/03_VPNScreen.swift /Users/sergejhlystov/ALADDIN_NEW/ALADDIN_NEW/mobile_apps/ALADDIN_iOS/Screens/09_ElderlyInterfaceScreen.swift /Users/sergejhlystov/ALADDIN_NEW/ALADDIN_NEW/mobile_apps/ALADDIN_iOS/Shared/Components/SecondaryButton.swift /Users/sergejhlystov/ALADDIN_NEW/ALADDIN_NEW/mobile_apps/ALADDIN_iOS/Screens/11_ProfileScreen.swift /Users/sergejhlystov/ALADDIN_NEW/ALADDIN_NEW/mobile_apps/ALADDIN_iOS/Core/Network/NetworkManager.swift /Users/sergejhlystov/ALADDIN_NEW/ALADDIN_NEW/mobile_apps/ALADDIN_iOS/Screens/19_TermsOfServiceScreen.swift /Users/sergejhlystov/ALADDIN_NEW/ALADDIN_NEW/mobile_apps/ALADDIN_iOS/Core/Config/AppConfig.swift /Users/sergejhlystov/ALADDIN_NEW/ALADDIN_NEW/mobile_apps/ALADDIN_iOS/ViewModels/FamilyViewModel.swift /Users/sergejhlystov/ALADDIN_NEW/ALADDIN_NEW/mobile_apps/ALADDIN_iOS/ViewModels/AIAssistantViewModel.swift /Users/sergejhlystov/ALADDIN_NEW/ALADDIN_NEW/mobile_apps/ALADDIN_iOS/Screens/22_DeviceDetailScreen.swift /Users/sergejhlystov/ALADDIN_NEW/ALADDIN_NEW/mobile_apps/ALADDIN_iOS/Screens/WidgetConfigurationScreen.swift /Users/sergejhlystov/ALADDIN_NEW/ALADDIN_NEW/mobile_apps/ALADDIN_iOS/Core/Security/KeychainManager.swift /Users/sergejhlystov/ALADDIN_NEW/ALADDIN_NEW/mobile_apps/ALADDIN_iOS/Shared/Components/Modals/MemberStatsModalView.swift /Users/sergejhlystov/ALADDIN_NEW/ALADDIN_NEW/mobile_apps/ALADDIN_iOS/Shared/Styles/Spacing.swift /Users/sergejhlystov/ALADDIN_NEW/ALADDIN_NEW/mobile_apps/ALADDIN_iOS/Shared/Components/RecoveryOptionsModal.swift /Users/sergejhlystov/ALADDIN_NEW/ALADDIN_NEW/mobile_apps/ALADDIN_iOS/ViewModels/SettingsViewModel.swift /Users/sergejhlystov/ALADDIN_NEW/ALADDIN_NEW/mobile_apps/ALADDIN_iOS/Shared/Components/InfoRow.swift /Users/sergejhlystov/ALADDIN_NEW/ALADDIN_NEW/mobile_apps/ALADDIN_iOS/Screens/25_PaymentQRScreen.swift /Users/sergejhlystov/ALADDIN_NEW/ALADDIN_NEW/mobile_apps/ALADDIN_iOS/Shared/Components/Modals/RoleSelectionModal.swift /Users/sergejhlystov/ALADDIN_NEW/ALADDIN_NEW/mobile_apps/ALADDIN_iOS/ViewModels/SupportViewModel.swift /Users/sergejhlystov/ALADDIN_NEW/ALADDIN_NEW/mobile_apps/ALADDIN_iOS/ViewModels/ChildInterfaceViewModel.swift /Users/sergejhlystov/ALADDIN_NEW/ALADDIN_NEW/mobile_apps/ALADDIN_iOS/Screens/12_NotificationsScreen.swift /Users/sergejhlystov/ALADDIN_NEW/ALADDIN_NEW/mobile_apps/ALADDIN_iOS/ViewModels/ElderlyInterfaceViewModel.swift /Users/sergejhlystov/ALADDIN_NEW/ALADDIN_NEW/mobile_apps/ALADDIN_iOS/ViewModels/AnalyticsViewModel.swift /Users/sergejhlystov/ALADDIN_NEW/ALADDIN_NEW/mobile_apps/ALADDIN_iOS/Core/Cache/CacheManager.swift /Users/sergejhlystov/ALADDIN_NEW/ALADDIN_NEW/mobile_apps/ALADDIN_iOS/ViewModels/NotificationsViewModel.swift /Users/sergejhlystov/ALADDIN_NEW/ALADDIN_NEW/mobile_apps/ALADDIN_iOS/Screens/06_AIAssistantScreen.swift -primary-file /Users/sergejhlystov/ALADDIN_NEW/ALADDIN_NEW/mobile_apps/ALADDIN_iOS/ViewModels/ProfileViewModel.swift -primary-file /Users/sergejhlystov/ALADDIN_NEW/ALADDIN_NEW/mobile_apps/ALADDIN_iOS/Components/Modals/ConsentModal.swift -primary-file /Users/sergejhlystov/ALADDIN_NEW/ALADDIN_NEW/mobile_apps/ALADDIN_iOS/ViewModels/ParentalControlViewModel.swift -primary-file /Users/sergejhlystov/ALADDIN_NEW/ALADDIN_NEW/mobile_apps/ALADDIN_iOS/ViewModels/OnboardingViewModel.swift -primary-file /Users/sergejhlystov/ALADDIN_NEW/ALADDIN_NEW/mobile_apps/ALADDIN_iOS/Shared/Styles/Colors.swift -primary-file /Users/sergejhlystov/ALADDIN_NEW/ALADDIN_NEW/mobile_apps/ALADDIN_iOS/Screens/ChildRewardsScreen.swift -primary-file /Users/sergejhlystov/ALADDIN_NEW/ALADDIN_NEW/mobile_apps/ALADDIN_iOS/Screens/21_ReferralScreen.swift -primary-file /Users/sergejhlystov/ALADDIN_NEW/ALADDIN_NEW/mobile_apps/ALADDIN_iOS/Shared/Components/AvatarSelector.swift -primary-file /Users/sergejhlystov/ALADDIN_NEW/ALADDIN_NEW/mobile_apps/ALADDIN_iOS/Shared/Components/Navigation/ALADDINNavigationBar.swift -primary-file /Users/sergejhlystov/ALADDIN_NEW/ALADDIN_NEW/mobile_apps/ALADDIN_iOS/Screens/14_OnboardingScreen.swift -primary-file /Users/sergejhlystov/ALADDIN_NEW/ALADDIN_NEW/mobile_apps/ALADDIN_iOS/Components/Modals/FamilyCreatedModal.swift /Users/sergejhlystov/ALADDIN_NEW/ALADDIN_NEW/mobile_apps/ALADDIN_iOS/ViewModels/PaymentQRViewModel.swift /Users/sergejhlystov/ALADDIN_NEW/ALADDIN_NEW/mobile_apps/ALADDIN_iOS/Core/Navigation/NavigationManager.swift /Users/sergejhlystov/ALADDIN_NEW/ALADDIN_NEW/mobile_apps/ALADDIN_iOS/Core/Accessibility/AccessibilityManager.swift /Users/sergejhlystov/ALADDIN_NEW/ALADDIN_NEW/mobile_apps/ALADDIN_iOS/Core/Store/StoreManager.swift /Users/sergejhlystov/ALADDIN_NEW/ALADDIN_NEW/mobile_apps/ALADDIN_iOS/Screens/WheelOfFortuneView.swift /Users/sergejhlystov/ALADDIN_NEW/ALADDIN_NEW/mobile_apps/ALADDIN_iOS/Screens/UnicornUniverseView.swift /Users/sergejhlystov/ALADDIN_NEW/ALADDIN_NEW/mobile_apps/ALADDIN_iOS/Core/Localization/LocalizationManager.swift /Users/sergejhlystov/ALADDIN_NEW/ALADDIN_NEW/mobile_apps/ALADDIN_iOS/Screens/13_SupportScreen.swift /Users/sergejhlystov/ALADDIN_NEW/ALADDIN_NEW/mobile_apps/ALADDIN_iOS/Core/Analytics/AnalyticsManager.swift /Users/sergejhlystov/ALADDIN_NEW/ALADDIN_NEW/mobile_apps/ALADDIN_iOS/Screens/07_ParentalControlScreen.swift /Users/sergejhlystov/ALADDIN_NEW/ALADDIN_NEW/mobile_apps/ALADDIN_iOS/Screens/05_SettingsScreen.swift /Users/sergejhlystov/ALADDIN_NEW/ALADDIN_NEW/mobile_apps/ALADDIN_iOS/Screens/RewardsModalView.swift /Users/sergejhlystov/ALADDIN_NEW/ALADDIN_NEW/mobile_apps/ALADDIN_iOS/Screens/23_FamilyChatScreen.swift /Users/sergejhlystov/ALADDIN_NEW/ALADDIN_NEW/mobile_apps/ALADDIN_iOS/Screens/02_FamilyScreen.swift /Users/sergejhlystov/ALADDIN_NEW/ALADDIN_NEW/mobile_apps/ALADDIN_iOS/Screens/20_DevicesScreen.swift /Users/sergejhlystov/ALADDIN_NEW/ALADDIN_NEW/mobile_apps/ALADDIN_iOS/Shared/Components/ViewModifiers.swift /Users/sergejhlystov/ALADDIN_NEW/ALADDIN_NEW/mobile_apps/ALADDIN_iOS/Shared/Components/HapticFeedback.swift /Users/sergejhlystov/ALADDIN_NEW/ALADDIN_NEW/mobile_apps/ALADDIN_iOS/Screens/MainScreenWithRegistration.swift /Users/sergejhlystov/ALADDIN_NEW/ALADDIN_NEW/mobile_apps/ALADDIN_iOS/Core/Network/NetworkError.swift /Users/sergejhlystov/ALADDIN_NEW/ALADDIN_NEW/mobile_apps/ALADDIN_iOS/Screens/LanguageSettingsScreen.swift /Users/sergejhlystov/ALADDIN_NEW/ALADDIN_NEW/mobile_apps/ALADDIN_iOS/ViewModels/FamilyRegistrationViewModel.swift /Users/sergejhlystov/ALADDIN_NEW/ALADDIN_NEW/mobile_apps/ALADDIN_iOS/Shared/Styles/CornerRadius.swift /Users/sergejhlystov/ALADDIN_NEW/ALADDIN_NEW/mobile_apps/ALADDIN_iOS/Screens/01_MainScreen.swift /Users/sergejhlystov/ALADDIN_NEW/ALADDIN_NEW/mobile_apps/ALADDIN_iOS/Screens/FamilyTournamentView.swift /Users/sergejhlystov/ALADDIN_NEW/ALADDIN_NEW/mobile_apps/ALADDIN_iOS/Shared/Styles/Fonts.swift /Users/sergejhlystov/ALADDIN_NEW/ALADDIN_NEW/mobile_apps/ALADDIN_iOS/Screens/GamesParentalControlView.swift /Users/sergejhlystov/ALADDIN_NEW/ALADDIN_NEW/mobile_apps/ALADDIN_iOS/Shared/Components/QRScannerModal.swift /Users/sergejhlystov/ALADDIN_NEW/ALADDIN_NEW/mobile_apps/ALADDIN_iOS/Screens/04_AnalyticsScreen.swift /Users/sergejhlystov/ALADDIN_NEW/ALADDIN_NEW/mobile_apps/ALADDIN_iOS/Screens/24_VPNEnergyStatsScreen.swift /Users/sergejhlystov/ALADDIN_NEW/ALADDIN_NEW/mobile_apps/ALADDIN_iOS/Shared/Components/Modals/ProfileEditView.swift /Users/sergejhlystov/ALADDIN_NEW/ALADDIN_NEW/mobile_apps/ALADDIN_iOS/ViewModels/TariffsViewModel.swift /Users/sergejhlystov/ALADDIN_NEW/ALADDIN_NEW/mobile_apps/ALADDIN_iOS/Core/Notifications/NotificationManager.swift /Users/sergejhlystov/ALADDIN_NEW/ALADDIN_NEW/mobile_apps/ALADDIN_iOS/Core/Security/SecurityManager.swift -supplementary-output-file-map /var/folders/rf/6rxcyql17sz57_02ng7jd7pr0000gn/T/TemporaryDirectory.wFGpdC/supplementaryOutputs-5 -target x86_64-apple-ios15.0-simulator -enable-objc-interop -sdk /Applications/Xcode.app/Contents/Developer/Platforms/iPhoneSimulator.platform/Developer/SDKs/iPhoneSimulator15.2.sdk -I /Users/sergejhlystov/Library/Developer/Xcode/DerivedData/ALADDIN-eahryzmutvtbyceygnlyjsmiiaha/Build/Products/Debug-iphonesimulator -F /Users/sergejhlystov/Library/Developer/Xcode/DerivedData/ALADDIN-eahryzmutvtbyceygnlyjsmiiaha/Build/Products/Debug-iphonesimulator -enable-testing -g -module-cache-path /Users/sergejhlystov/Library/Developer/Xcode/DerivedData/ModuleCache.noindex -emit-localized-strings -emit-localized-strings-path /Users/sergejhlystov/Library/Developer/Xcode/DerivedData/ALADDIN-eahryzmutvtbyceygnlyjsmiiaha/Build/Intermediates.noindex/ALADDIN.build/Debug-iphonesimulator/ALADDIN.build/Objects-normal/x86_64 -swift-version 5 -enforce-exclusivity\=checked -Onone -D DEBUG -new-driver-path /Applications/Xcode.app/Contents/Developer/Toolchains/XcodeDefault.xctoolchain/usr/bin/swift-driver -serialize-debugging-options -Xcc -working-directory -Xcc /Users/sergejhlystov/ALADDIN_NEW/ALADDIN_NEW/mobile_apps/ALADDIN_iOS -resource-dir /Applications/Xcode.app/Contents/Developer/Toolchains/XcodeDefault.xctoolchain/usr/lib/swift -enable-anonymous-context-mangled-names -Xcc -I/Users/sergejhlystov/Library/Developer/Xcode/DerivedData/ALADDIN-eahryzmutvtbyceygnlyjsmiiaha/Build/Intermediates.noindex/ALADDIN.build/Debug-iphonesimulator/ALADDIN.build/swift-overrides.hmap -Xcc -iquote -Xcc /Users/sergejhlystov/Library/Developer/Xcode/DerivedData/ALADDIN-eahryzmutvtbyceygnlyjsmiiaha/Build/Intermediates.noindex/ALADDIN.build/Debug-iphonesimulator/ALADDIN.build/ALADDIN-generated-files.hmap -Xcc -I/Users/sergejhlystov/Library/Developer/Xcode/DerivedData/ALADDIN-eahryzmutvtbyceygnlyjsmiiaha/Build/Intermediates.noindex/ALADDIN.build/Debug-iphonesimulator/ALADDIN.build/ALADDIN-own-target-headers.hmap -Xcc -I/Users/sergejhlystov/Library/Developer/Xcode/DerivedData/ALADDIN-eahryzmutvtbyceygnlyjsmiiaha/Build/Intermediates.noindex/ALADDIN.build/Debug-iphonesimulator/ALADDIN.build/ALADDIN-all-target-headers.hmap -Xcc -iquote -Xcc /Users/sergejhlystov/Library/Developer/Xcode/DerivedData/ALADDIN-eahryzmutvtbyceygnlyjsmiiaha/Build/Intermediates.noindex/ALADDIN.build/Debug-iphonesimulator/ALADDIN.build/ALADDIN-project-headers.hmap -Xcc -I/Users/sergejhlystov/Library/Developer/Xcode/DerivedData/ALADDIN-eahryzmutvtbyceygnlyjsmiiaha/Build/Products/Debug-iphonesimulator/include -Xcc -I/Users/sergejhlystov/Library/Developer/Xcode/DerivedData/ALADDIN-eahryzmutvtbyceygnlyjsmiiaha/Build/Intermediates.noindex/ALADDIN.build/Debug-iphonesimulator/ALADDIN.build/DerivedSources-normal/x86_64 -Xcc -I/Users/sergejhlystov/Library/Developer/Xcode/DerivedData/ALADDIN-eahryzmutvtbyceygnlyjsmiiaha/Build/Intermediates.noindex/ALADDIN.build/Debug-iphonesimulator/ALADDIN.build/DerivedSources/x86_64 -Xcc -I/Users/sergejhlystov/Library/Developer/Xcode/DerivedData/ALADDIN-eahryzmutvtbyceygnlyjsmiiaha/Build/Intermediates.noindex/ALADDIN.build/Debug-iphonesimulator/ALADDIN.build/DerivedSources -Xcc -DDEBUG\=1 -module-name ALADDIN -target-sdk-version 15.2.0 -o /Users/sergejhlystov/Library/Developer/Xcode/DerivedData/ALADDIN-eahryzmutvtbyceygnlyjsmiiaha/Build/Intermediates.noindex/ALADDIN.build/Debug-iphonesimulator/ALADDIN.build/Objects-normal/x86_64/ProfileViewModel.o -o /Users/sergejhlystov/Library/Developer/Xcode/DerivedData/ALADDIN-eahryzmutvtbyceygnlyjsmiiaha/Build/Intermediates.noindex/ALADDIN.build/Debug-iphonesimulator/ALADDIN.build/Objects-normal/x86_64/ConsentModal.o -o /Users/sergejhlystov/Library/Developer/Xcode/DerivedData/ALADDIN-eahryzmutvtbyceygnlyjsmiiaha/Build/Intermediates.noindex/ALADDIN.build/Debug-iphonesimulator/ALADDIN.build/Objects-normal/x86_64/ParentalControlViewModel.o -o /Users/sergejhlystov/Library/Developer/Xcode/DerivedData/ALADDIN-eahryzmutvtbyceygnlyjsmiiaha/Build/Intermediates.noindex/ALADDIN.build/Debug-iphonesimulator/ALADDIN.build/Objects-normal/x86_64/OnboardingViewModel.o -o /Users/sergejhlystov/Library/Developer/Xcode/DerivedData/ALADDIN-eahryzmutvtbyceygnlyjsmiiaha/Build/Intermediates.noindex/ALADDIN.build/Debug-iphonesimulator/ALADDIN.build/Objects-normal/x86_64/Colors.o -o /Users/sergejhlystov/Library/Developer/Xcode/DerivedData/ALADDIN-eahryzmutvtbyceygnlyjsmiiaha/Build/Intermediates.noindex/ALADDIN.build/Debug-iphonesimulator/ALADDIN.build/Objects-normal/x86_64/ChildRewardsScreen.o -o /Users/sergejhlystov/Library/Developer/Xcode/DerivedData/ALADDIN-eahryzmutvtbyceygnlyjsmiiaha/Build/Intermediates.noindex/ALADDIN.build/Debug-iphonesimulator/ALADDIN.build/Objects-normal/x86_64/21_ReferralScreen.o -o /Users/sergejhlystov/Library/Developer/Xcode/DerivedData/ALADDIN-eahryzmutvtbyceygnlyjsmiiaha/Build/Intermediates.noindex/ALADDIN.build/Debug-iphonesimulator/ALADDIN.build/Objects-normal/x86_64/AvatarSelector.o -o /Users/sergejhlystov/Library/Developer/Xcode/DerivedData/ALADDIN-eahryzmutvtbyceygnlyjsmiiaha/Build/Intermediates.noindex/ALADDIN.build/Debug-iphonesimulator/ALADDIN.build/Objects-normal/x86_64/ALADDINNavigationBar.o -o /Users/sergejhlystov/Library/Developer/Xcode/DerivedData/ALADDIN-eahryzmutvtbyceygnlyjsmiiaha/Build/Intermediates.noindex/ALADDIN.build/Debug-iphonesimulator/ALADDIN.build/Objects-normal/x86_64/14_OnboardingScreen-5371cb6ac3630fe50991897b0cdc2098.o -o /Users/sergejhlystov/Library/Developer/Xcode/DerivedData/ALADDIN-eahryzmutvtbyceygnlyjsmiiaha/Build/Intermediates.noindex/ALADDIN.build/Debug-iphonesimulator/ALADDIN.build/Objects-normal/x86_64/FamilyCreatedModal.o -index-store-path /Users/sergejhlystov/Library/Developer/Xcode/DerivedData/ALADDIN-eahryzmutvtbyceygnlyjsmiiaha/Index/DataStore -index-system-modules

CompileSwift normal x86_64 /Users/sergejhlystov/ALADDIN_NEW/ALADDIN_NEW/mobile_apps/ALADDIN_iOS/Shared/Styles/Colors.swift (in target 'ALADDIN' from project 'ALADDIN')
    cd /Users/sergejhlystov/ALADDIN_NEW/ALADDIN_NEW/mobile_apps/ALADDIN_iOS
    /Applications/Xcode.app/Contents/Developer/Toolchains/XcodeDefault.xctoolchain/usr/bin/swift-frontend -frontend -c /Users/sergejhlystov/ALADDIN_NEW/ALADDIN_NEW/mobile_apps/ALADDIN_iOS/Screens/RewardsQuickModal.swift /Users/sergejhlystov/ALADDIN_NEW/ALADDIN_NEW/mobile_apps/ALADDIN_iOS/Screens/08_ChildInterfaceScreen.swift /Users/sergejhlystov/ALADDIN_NEW/ALADDIN_NEW/mobile_apps/ALADDIN_iOS/ContentView.swift /Users/sergejhlystov/ALADDIN_NEW/ALADDIN_NEW/mobile_apps/ALADDIN_iOS/Shared/Components/ALADDINToggle.swift /Users/sergejhlystov/ALADDIN_NEW/ALADDIN_NEW/mobile_apps/ALADDIN_iOS/Components/Modals/AgeGroupSelectionModal.swift /Users/sergejhlystov/ALADDIN_NEW/ALADDIN_NEW/mobile_apps/ALADDIN_iOS/ALADDINApp.swift /Users/sergejhlystov/ALADDIN_NEW/ALADDIN_NEW/mobile_apps/ALADDIN_iOS/Shared/Models/FunctionStatus.swift /Users/sergejhlystov/ALADDIN_NEW/ALADDIN_NEW/mobile_apps/ALADDIN_iOS/ViewModels/MainViewModel.swift /Users/sergejhlystov/ALADDIN_NEW/ALADDIN_NEW/mobile_apps/ALADDIN_iOS/Shared/Components/Buttons/PrimaryButton.swift /Users/sergejhlystov/ALADDIN_NEW/ALADDIN_NEW/mobile_apps/ALADDIN_iOS/Screens/NotificationSettingsScreen.swift /Users/sergejhlystov/ALADDIN_NEW/ALADDIN_NEW/mobile_apps/ALADDIN_iOS/Screens/ChildContentScreen.swift /Users/sergejhlystov/ALADDIN_NEW/ALADDIN_NEW/mobile_apps/ALADDIN_iOS/Shared/Components/StatItem.swift /Users/sergejhlystov/ALADDIN_NEW/ALADDIN_NEW/mobile_apps/ALADDIN_iOS/Shared/Components/Cards/FamilyMemberCard.swift /Users/sergejhlystov/ALADDIN_NEW/ALADDIN_NEW/mobile_apps/ALADDIN_iOS/ViewModels/VPNViewModel.swift /Users/sergejhlystov/ALADDIN_NEW/ALADDIN_NEW/mobile_apps/ALADDIN_iOS/Core/Models/APIModels.swift /Users/sergejhlystov/ALADDIN_NEW/ALADDIN_NEW/mobile_apps/ALADDIN_iOS/Core/VPN/VPNManager.swift /Users/sergejhlystov/ALADDIN_NEW/ALADDIN_NEW/mobile_apps/ALADDIN_iOS/Screens/UnicornPetView.swift /Users/sergejhlystov/ALADDIN_NEW/ALADDIN_NEW/mobile_apps/ALADDIN_iOS/Core/Network/APIService.swift /Users/sergejhlystov/ALADDIN_NEW/ALADDIN_NEW/mobile_apps/ALADDIN_iOS/Screens/18_PrivacyPolicyScreen.swift /Users/sergejhlystov/ALADDIN_NEW/ALADDIN_NEW/mobile_apps/ALADDIN_iOS/Screens/10_TariffsScreen.swift /Users/sergejhlystov/ALADDIN_NEW/ALADDIN_NEW/mobile_apps/ALADDIN_iOS/Screens/03_VPNScreen.swift /Users/sergejhlystov/ALADDIN_NEW/ALADDIN_NEW/mobile_apps/ALADDIN_iOS/Screens/09_ElderlyInterfaceScreen.swift /Users/sergejhlystov/ALADDIN_NEW/ALADDIN_NEW/mobile_apps/ALADDIN_iOS/Shared/Components/SecondaryButton.swift /Users/sergejhlystov/ALADDIN_NEW/ALADDIN_NEW/mobile_apps/ALADDIN_iOS/Screens/11_ProfileScreen.swift /Users/sergejhlystov/ALADDIN_NEW/ALADDIN_NEW/mobile_apps/ALADDIN_iOS/Core/Network/NetworkManager.swift /Users/sergejhlystov/ALADDIN_NEW/ALADDIN_NEW/mobile_apps/ALADDIN_iOS/Screens/19_TermsOfServiceScreen.swift /Users/sergejhlystov/ALADDIN_NEW/ALADDIN_NEW/mobile_apps/ALADDIN_iOS/Core/Config/AppConfig.swift /Users/sergejhlystov/ALADDIN_NEW/ALADDIN_NEW/mobile_apps/ALADDIN_iOS/ViewModels/FamilyViewModel.swift /Users/sergejhlystov/ALADDIN_NEW/ALADDIN_NEW/mobile_apps/ALADDIN_iOS/ViewModels/AIAssistantViewModel.swift /Users/sergejhlystov/ALADDIN_NEW/ALADDIN_NEW/mobile_apps/ALADDIN_iOS/Screens/22_DeviceDetailScreen.swift /Users/sergejhlystov/ALADDIN_NEW/ALADDIN_NEW/mobile_apps/ALADDIN_iOS/Screens/WidgetConfigurationScreen.swift /Users/sergejhlystov/ALADDIN_NEW/ALADDIN_NEW/mobile_apps/ALADDIN_iOS/Core/Security/KeychainManager.swift /Users/sergejhlystov/ALADDIN_NEW/ALADDIN_NEW/mobile_apps/ALADDIN_iOS/Shared/Components/Modals/MemberStatsModalView.swift /Users/sergejhlystov/ALADDIN_NEW/ALADDIN_NEW/mobile_apps/ALADDIN_iOS/Shared/Styles/Spacing.swift /Users/sergejhlystov/ALADDIN_NEW/ALADDIN_NEW/mobile_apps/ALADDIN_iOS/Shared/Components/RecoveryOptionsModal.swift /Users/sergejhlystov/ALADDIN_NEW/ALADDIN_NEW/mobile_apps/ALADDIN_iOS/ViewModels/SettingsViewModel.swift /Users/sergejhlystov/ALADDIN_NEW/ALADDIN_NEW/mobile_apps/ALADDIN_iOS/Shared/Components/InfoRow.swift /Users/sergejhlystov/ALADDIN_NEW/ALADDIN_NEW/mobile_apps/ALADDIN_iOS/Screens/25_PaymentQRScreen.swift /Users/sergejhlystov/ALADDIN_NEW/ALADDIN_NEW/mobile_apps/ALADDIN_iOS/Shared/Components/Modals/RoleSelectionModal.swift /Users/sergejhlystov/ALADDIN_NEW/ALADDIN_NEW/mobile_apps/ALADDIN_iOS/ViewModels/SupportViewModel.swift /Users/sergejhlystov/ALADDIN_NEW/ALADDIN_NEW/mobile_apps/ALADDIN_iOS/ViewModels/ChildInterfaceViewModel.swift /Users/sergejhlystov/ALADDIN_NEW/ALADDIN_NEW/mobile_apps/ALADDIN_iOS/Screens/12_NotificationsScreen.swift /Users/sergejhlystov/ALADDIN_NEW/ALADDIN_NEW/mobile_apps/ALADDIN_iOS/ViewModels/ElderlyInterfaceViewModel.swift /Users/sergejhlystov/ALADDIN_NEW/ALADDIN_NEW/mobile_apps/ALADDIN_iOS/ViewModels/AnalyticsViewModel.swift /Users/sergejhlystov/ALADDIN_NEW/ALADDIN_NEW/mobile_apps/ALADDIN_iOS/Core/Cache/CacheManager.swift /Users/sergejhlystov/ALADDIN_NEW/ALADDIN_NEW/mobile_apps/ALADDIN_iOS/ViewModels/NotificationsViewModel.swift /Users/sergejhlystov/ALADDIN_NEW/ALADDIN_NEW/mobile_apps/ALADDIN_iOS/Screens/06_AIAssistantScreen.swift -primary-file /Users/sergejhlystov/ALADDIN_NEW/ALADDIN_NEW/mobile_apps/ALADDIN_iOS/ViewModels/ProfileViewModel.swift -primary-file /Users/sergejhlystov/ALADDIN_NEW/ALADDIN_NEW/mobile_apps/ALADDIN_iOS/Components/Modals/ConsentModal.swift -primary-file /Users/sergejhlystov/ALADDIN_NEW/ALADDIN_NEW/mobile_apps/ALADDIN_iOS/ViewModels/ParentalControlViewModel.swift -primary-file /Users/sergejhlystov/ALADDIN_NEW/ALADDIN_NEW/mobile_apps/ALADDIN_iOS/ViewModels/OnboardingViewModel.swift -primary-file /Users/sergejhlystov/ALADDIN_NEW/ALADDIN_NEW/mobile_apps/ALADDIN_iOS/Shared/Styles/Colors.swift -primary-file /Users/sergejhlystov/ALADDIN_NEW/ALADDIN_NEW/mobile_apps/ALADDIN_iOS/Screens/ChildRewardsScreen.swift -primary-file /Users/sergejhlystov/ALADDIN_NEW/ALADDIN_NEW/mobile_apps/ALADDIN_iOS/Screens/21_ReferralScreen.swift -primary-file /Users/sergejhlystov/ALADDIN_NEW/ALADDIN_NEW/mobile_apps/ALADDIN_iOS/Shared/Components/AvatarSelector.swift -primary-file /Users/sergejhlystov/ALADDIN_NEW/ALADDIN_NEW/mobile_apps/ALADDIN_iOS/Shared/Components/Navigation/ALADDINNavigationBar.swift -primary-file /Users/sergejhlystov/ALADDIN_NEW/ALADDIN_NEW/mobile_apps/ALADDIN_iOS/Screens/14_OnboardingScreen.swift -primary-file /Users/sergejhlystov/ALADDIN_NEW/ALADDIN_NEW/mobile_apps/ALADDIN_iOS/Components/Modals/FamilyCreatedModal.swift /Users/sergejhlystov/ALADDIN_NEW/ALADDIN_NEW/mobile_apps/ALADDIN_iOS/ViewModels/PaymentQRViewModel.swift /Users/sergejhlystov/ALADDIN_NEW/ALADDIN_NEW/mobile_apps/ALADDIN_iOS/Core/Navigation/NavigationManager.swift /Users/sergejhlystov/ALADDIN_NEW/ALADDIN_NEW/mobile_apps/ALADDIN_iOS/Core/Accessibility/AccessibilityManager.swift /Users/sergejhlystov/ALADDIN_NEW/ALADDIN_NEW/mobile_apps/ALADDIN_iOS/Core/Store/StoreManager.swift /Users/sergejhlystov/ALADDIN_NEW/ALADDIN_NEW/mobile_apps/ALADDIN_iOS/Screens/WheelOfFortuneView.swift /Users/sergejhlystov/ALADDIN_NEW/ALADDIN_NEW/mobile_apps/ALADDIN_iOS/Screens/UnicornUniverseView.swift /Users/sergejhlystov/ALADDIN_NEW/ALADDIN_NEW/mobile_apps/ALADDIN_iOS/Core/Localization/LocalizationManager.swift /Users/sergejhlystov/ALADDIN_NEW/ALADDIN_NEW/mobile_apps/ALADDIN_iOS/Screens/13_SupportScreen.swift /Users/sergejhlystov/ALADDIN_NEW/ALADDIN_NEW/mobile_apps/ALADDIN_iOS/Core/Analytics/AnalyticsManager.swift /Users/sergejhlystov/ALADDIN_NEW/ALADDIN_NEW/mobile_apps/ALADDIN_iOS/Screens/07_ParentalControlScreen.swift /Users/sergejhlystov/ALADDIN_NEW/ALADDIN_NEW/mobile_apps/ALADDIN_iOS/Screens/05_SettingsScreen.swift /Users/sergejhlystov/ALADDIN_NEW/ALADDIN_NEW/mobile_apps/ALADDIN_iOS/Screens/RewardsModalView.swift /Users/sergejhlystov/ALADDIN_NEW/ALADDIN_NEW/mobile_apps/ALADDIN_iOS/Screens/23_FamilyChatScreen.swift /Users/sergejhlystov/ALADDIN_NEW/ALADDIN_NEW/mobile_apps/ALADDIN_iOS/Screens/02_FamilyScreen.swift /Users/sergejhlystov/ALADDIN_NEW/ALADDIN_NEW/mobile_apps/ALADDIN_iOS/Screens/20_DevicesScreen.swift /Users/sergejhlystov/ALADDIN_NEW/ALADDIN_NEW/mobile_apps/ALADDIN_iOS/Shared/Components/ViewModifiers.swift /Users/sergejhlystov/ALADDIN_NEW/ALADDIN_NEW/mobile_apps/ALADDIN_iOS/Shared/Components/HapticFeedback.swift /Users/sergejhlystov/ALADDIN_NEW/ALADDIN_NEW/mobile_apps/ALADDIN_iOS/Screens/MainScreenWithRegistration.swift /Users/sergejhlystov/ALADDIN_NEW/ALADDIN_NEW/mobile_apps/ALADDIN_iOS/Core/Network/NetworkError.swift /Users/sergejhlystov/ALADDIN_NEW/ALADDIN_NEW/mobile_apps/ALADDIN_iOS/Screens/LanguageSettingsScreen.swift /Users/sergejhlystov/ALADDIN_NEW/ALADDIN_NEW/mobile_apps/ALADDIN_iOS/ViewModels/FamilyRegistrationViewModel.swift /Users/sergejhlystov/ALADDIN_NEW/ALADDIN_NEW/mobile_apps/ALADDIN_iOS/Shared/Styles/CornerRadius.swift /Users/sergejhlystov/ALADDIN_NEW/ALADDIN_NEW/mobile_apps/ALADDIN_iOS/Screens/01_MainScreen.swift /Users/sergejhlystov/ALADDIN_NEW/ALADDIN_NEW/mobile_apps/ALADDIN_iOS/Screens/FamilyTournamentView.swift /Users/sergejhlystov/ALADDIN_NEW/ALADDIN_NEW/mobile_apps/ALADDIN_iOS/Shared/Styles/Fonts.swift /Users/sergejhlystov/ALADDIN_NEW/ALADDIN_NEW/mobile_apps/ALADDIN_iOS/Screens/GamesParentalControlView.swift /Users/sergejhlystov/ALADDIN_NEW/ALADDIN_NEW/mobile_apps/ALADDIN_iOS/Shared/Components/QRScannerModal.swift /Users/sergejhlystov/ALADDIN_NEW/ALADDIN_NEW/mobile_apps/ALADDIN_iOS/Screens/04_AnalyticsScreen.swift /Users/sergejhlystov/ALADDIN_NEW/ALADDIN_NEW/mobile_apps/ALADDIN_iOS/Screens/24_VPNEnergyStatsScreen.swift /Users/sergejhlystov/ALADDIN_NEW/ALADDIN_NEW/mobile_apps/ALADDIN_iOS/Shared/Components/Modals/ProfileEditView.swift /Users/sergejhlystov/ALADDIN_NEW/ALADDIN_NEW/mobile_apps/ALADDIN_iOS/ViewModels/TariffsViewModel.swift /Users/sergejhlystov/ALADDIN_NEW/ALADDIN_NEW/mobile_apps/ALADDIN_iOS/Core/Notifications/NotificationManager.swift /Users/sergejhlystov/ALADDIN_NEW/ALADDIN_NEW/mobile_apps/ALADDIN_iOS/Core/Security/SecurityManager.swift -supplementary-output-file-map /var/folders/rf/6rxcyql17sz57_02ng7jd7pr0000gn/T/TemporaryDirectory.wFGpdC/supplementaryOutputs-5 -target x86_64-apple-ios15.0-simulator -enable-objc-interop -sdk /Applications/Xcode.app/Contents/Developer/Platforms/iPhoneSimulator.platform/Developer/SDKs/iPhoneSimulator15.2.sdk -I /Users/sergejhlystov/Library/Developer/Xcode/DerivedData/ALADDIN-eahryzmutvtbyceygnlyjsmiiaha/Build/Products/Debug-iphonesimulator -F /Users/sergejhlystov/Library/Developer/Xcode/DerivedData/ALADDIN-eahryzmutvtbyceygnlyjsmiiaha/Build/Products/Debug-iphonesimulator -enable-testing -g -module-cache-path /Users/sergejhlystov/Library/Developer/Xcode/DerivedData/ModuleCache.noindex -emit-localized-strings -emit-localized-strings-path /Users/sergejhlystov/Library/Developer/Xcode/DerivedData/ALADDIN-eahryzmutvtbyceygnlyjsmiiaha/Build/Intermediates.noindex/ALADDIN.build/Debug-iphonesimulator/ALADDIN.build/Objects-normal/x86_64 -swift-version 5 -enforce-exclusivity\=checked -Onone -D DEBUG -new-driver-path /Applications/Xcode.app/Contents/Developer/Toolchains/XcodeDefault.xctoolchain/usr/bin/swift-driver -serialize-debugging-options -Xcc -working-directory -Xcc /Users/sergejhlystov/ALADDIN_NEW/ALADDIN_NEW/mobile_apps/ALADDIN_iOS -resource-dir /Applications/Xcode.app/Contents/Developer/Toolchains/XcodeDefault.xctoolchain/usr/lib/swift -enable-anonymous-context-mangled-names -Xcc -I/Users/sergejhlystov/Library/Developer/Xcode/DerivedData/ALADDIN-eahryzmutvtbyceygnlyjsmiiaha/Build/Intermediates.noindex/ALADDIN.build/Debug-iphonesimulator/ALADDIN.build/swift-overrides.hmap -Xcc -iquote -Xcc /Users/sergejhlystov/Library/Developer/Xcode/DerivedData/ALADDIN-eahryzmutvtbyceygnlyjsmiiaha/Build/Intermediates.noindex/ALADDIN.build/Debug-iphonesimulator/ALADDIN.build/ALADDIN-generated-files.hmap -Xcc -I/Users/sergejhlystov/Library/Developer/Xcode/DerivedData/ALADDIN-eahryzmutvtbyceygnlyjsmiiaha/Build/Intermediates.noindex/ALADDIN.build/Debug-iphonesimulator/ALADDIN.build/ALADDIN-own-target-headers.hmap -Xcc -I/Users/sergejhlystov/Library/Developer/Xcode/DerivedData/ALADDIN-eahryzmutvtbyceygnlyjsmiiaha/Build/Intermediates.noindex/ALADDIN.build/Debug-iphonesimulator/ALADDIN.build/ALADDIN-all-target-headers.hmap -Xcc -iquote -Xcc /Users/sergejhlystov/Library/Developer/Xcode/DerivedData/ALADDIN-eahryzmutvtbyceygnlyjsmiiaha/Build/Intermediates.noindex/ALADDIN.build/Debug-iphonesimulator/ALADDIN.build/ALADDIN-project-headers.hmap -Xcc -I/Users/sergejhlystov/Library/Developer/Xcode/DerivedData/ALADDIN-eahryzmutvtbyceygnlyjsmiiaha/Build/Products/Debug-iphonesimulator/include -Xcc -I/Users/sergejhlystov/Library/Developer/Xcode/DerivedData/ALADDIN-eahryzmutvtbyceygnlyjsmiiaha/Build/Intermediates.noindex/ALADDIN.build/Debug-iphonesimulator/ALADDIN.build/DerivedSources-normal/x86_64 -Xcc -I/Users/sergejhlystov/Library/Developer/Xcode/DerivedData/ALADDIN-eahryzmutvtbyceygnlyjsmiiaha/Build/Intermediates.noindex/ALADDIN.build/Debug-iphonesimulator/ALADDIN.build/DerivedSources/x86_64 -Xcc -I/Users/sergejhlystov/Library/Developer/Xcode/DerivedData/ALADDIN-eahryzmutvtbyceygnlyjsmiiaha/Build/Intermediates.noindex/ALADDIN.build/Debug-iphonesimulator/ALADDIN.build/DerivedSources -Xcc -DDEBUG\=1 -module-name ALADDIN -target-sdk-version 15.2.0 -o /Users/sergejhlystov/Library/Developer/Xcode/DerivedData/ALADDIN-eahryzmutvtbyceygnlyjsmiiaha/Build/Intermediates.noindex/ALADDIN.build/Debug-iphonesimulator/ALADDIN.build/Objects-normal/x86_64/ProfileViewModel.o -o /Users/sergejhlystov/Library/Developer/Xcode/DerivedData/ALADDIN-eahryzmutvtbyceygnlyjsmiiaha/Build/Intermediates.noindex/ALADDIN.build/Debug-iphonesimulator/ALADDIN.build/Objects-normal/x86_64/ConsentModal.o -o /Users/sergejhlystov/Library/Developer/Xcode/DerivedData/ALADDIN-eahryzmutvtbyceygnlyjsmiiaha/Build/Intermediates.noindex/ALADDIN.build/Debug-iphonesimulator/ALADDIN.build/Objects-normal/x86_64/ParentalControlViewModel.o -o /Users/sergejhlystov/Library/Developer/Xcode/DerivedData/ALADDIN-eahryzmutvtbyceygnlyjsmiiaha/Build/Intermediates.noindex/ALADDIN.build/Debug-iphonesimulator/ALADDIN.build/Objects-normal/x86_64/OnboardingViewModel.o -o /Users/sergejhlystov/Library/Developer/Xcode/DerivedData/ALADDIN-eahryzmutvtbyceygnlyjsmiiaha/Build/Intermediates.noindex/ALADDIN.build/Debug-iphonesimulator/ALADDIN.build/Objects-normal/x86_64/Colors.o -o /Users/sergejhlystov/Library/Developer/Xcode/DerivedData/ALADDIN-eahryzmutvtbyceygnlyjsmiiaha/Build/Intermediates.noindex/ALADDIN.build/Debug-iphonesimulator/ALADDIN.build/Objects-normal/x86_64/ChildRewardsScreen.o -o /Users/sergejhlystov/Library/Developer/Xcode/DerivedData/ALADDIN-eahryzmutvtbyceygnlyjsmiiaha/Build/Intermediates.noindex/ALADDIN.build/Debug-iphonesimulator/ALADDIN.build/Objects-normal/x86_64/21_ReferralScreen.o -o /Users/sergejhlystov/Library/Developer/Xcode/DerivedData/ALADDIN-eahryzmutvtbyceygnlyjsmiiaha/Build/Intermediates.noindex/ALADDIN.build/Debug-iphonesimulator/ALADDIN.build/Objects-normal/x86_64/AvatarSelector.o -o /Users/sergejhlystov/Library/Developer/Xcode/DerivedData/ALADDIN-eahryzmutvtbyceygnlyjsmiiaha/Build/Intermediates.noindex/ALADDIN.build/Debug-iphonesimulator/ALADDIN.build/Objects-normal/x86_64/ALADDINNavigationBar.o -o /Users/sergejhlystov/Library/Developer/Xcode/DerivedData/ALADDIN-eahryzmutvtbyceygnlyjsmiiaha/Build/Intermediates.noindex/ALADDIN.build/Debug-iphonesimulator/ALADDIN.build/Objects-normal/x86_64/14_OnboardingScreen-5371cb6ac3630fe50991897b0cdc2098.o -o /Users/sergejhlystov/Library/Developer/Xcode/DerivedData/ALADDIN-eahryzmutvtbyceygnlyjsmiiaha/Build/Intermediates.noindex/ALADDIN.build/Debug-iphonesimulator/ALADDIN.build/Objects-normal/x86_64/FamilyCreatedModal.o -index-store-path /Users/sergejhlystov/Library/Developer/Xcode/DerivedData/ALADDIN-eahryzmutvtbyceygnlyjsmiiaha/Index/DataStore -index-system-modules

CompileSwift normal x86_64 /Users/sergejhlystov/ALADDIN_NEW/ALADDIN_NEW/mobile_apps/ALADDIN_iOS/Screens/ChildRewardsScreen.swift (in target 'ALADDIN' from project 'ALADDIN')
    cd /Users/sergejhlystov/ALADDIN_NEW/ALADDIN_NEW/mobile_apps/ALADDIN_iOS
    /Applications/Xcode.app/Contents/Developer/Toolchains/XcodeDefault.xctoolchain/usr/bin/swift-frontend -frontend -c /Users/sergejhlystov/ALADDIN_NEW/ALADDIN_NEW/mobile_apps/ALADDIN_iOS/Screens/RewardsQuickModal.swift /Users/sergejhlystov/ALADDIN_NEW/ALADDIN_NEW/mobile_apps/ALADDIN_iOS/Screens/08_ChildInterfaceScreen.swift /Users/sergejhlystov/ALADDIN_NEW/ALADDIN_NEW/mobile_apps/ALADDIN_iOS/ContentView.swift /Users/sergejhlystov/ALADDIN_NEW/ALADDIN_NEW/mobile_apps/ALADDIN_iOS/Shared/Components/ALADDINToggle.swift /Users/sergejhlystov/ALADDIN_NEW/ALADDIN_NEW/mobile_apps/ALADDIN_iOS/Components/Modals/AgeGroupSelectionModal.swift /Users/sergejhlystov/ALADDIN_NEW/ALADDIN_NEW/mobile_apps/ALADDIN_iOS/ALADDINApp.swift /Users/sergejhlystov/ALADDIN_NEW/ALADDIN_NEW/mobile_apps/ALADDIN_iOS/Shared/Models/FunctionStatus.swift /Users/sergejhlystov/ALADDIN_NEW/ALADDIN_NEW/mobile_apps/ALADDIN_iOS/ViewModels/MainViewModel.swift /Users/sergejhlystov/ALADDIN_NEW/ALADDIN_NEW/mobile_apps/ALADDIN_iOS/Shared/Components/Buttons/PrimaryButton.swift /Users/sergejhlystov/ALADDIN_NEW/ALADDIN_NEW/mobile_apps/ALADDIN_iOS/Screens/NotificationSettingsScreen.swift /Users/sergejhlystov/ALADDIN_NEW/ALADDIN_NEW/mobile_apps/ALADDIN_iOS/Screens/ChildContentScreen.swift /Users/sergejhlystov/ALADDIN_NEW/ALADDIN_NEW/mobile_apps/ALADDIN_iOS/Shared/Components/StatItem.swift /Users/sergejhlystov/ALADDIN_NEW/ALADDIN_NEW/mobile_apps/ALADDIN_iOS/Shared/Components/Cards/FamilyMemberCard.swift /Users/sergejhlystov/ALADDIN_NEW/ALADDIN_NEW/mobile_apps/ALADDIN_iOS/ViewModels/VPNViewModel.swift /Users/sergejhlystov/ALADDIN_NEW/ALADDIN_NEW/mobile_apps/ALADDIN_iOS/Core/Models/APIModels.swift /Users/sergejhlystov/ALADDIN_NEW/ALADDIN_NEW/mobile_apps/ALADDIN_iOS/Core/VPN/VPNManager.swift /Users/sergejhlystov/ALADDIN_NEW/ALADDIN_NEW/mobile_apps/ALADDIN_iOS/Screens/UnicornPetView.swift /Users/sergejhlystov/ALADDIN_NEW/ALADDIN_NEW/mobile_apps/ALADDIN_iOS/Core/Network/APIService.swift /Users/sergejhlystov/ALADDIN_NEW/ALADDIN_NEW/mobile_apps/ALADDIN_iOS/Screens/18_PrivacyPolicyScreen.swift /Users/sergejhlystov/ALADDIN_NEW/ALADDIN_NEW/mobile_apps/ALADDIN_iOS/Screens/10_TariffsScreen.swift /Users/sergejhlystov/ALADDIN_NEW/ALADDIN_NEW/mobile_apps/ALADDIN_iOS/Screens/03_VPNScreen.swift /Users/sergejhlystov/ALADDIN_NEW/ALADDIN_NEW/mobile_apps/ALADDIN_iOS/Screens/09_ElderlyInterfaceScreen.swift /Users/sergejhlystov/ALADDIN_NEW/ALADDIN_NEW/mobile_apps/ALADDIN_iOS/Shared/Components/SecondaryButton.swift /Users/sergejhlystov/ALADDIN_NEW/ALADDIN_NEW/mobile_apps/ALADDIN_iOS/Screens/11_ProfileScreen.swift /Users/sergejhlystov/ALADDIN_NEW/ALADDIN_NEW/mobile_apps/ALADDIN_iOS/Core/Network/NetworkManager.swift /Users/sergejhlystov/ALADDIN_NEW/ALADDIN_NEW/mobile_apps/ALADDIN_iOS/Screens/19_TermsOfServiceScreen.swift /Users/sergejhlystov/ALADDIN_NEW/ALADDIN_NEW/mobile_apps/ALADDIN_iOS/Core/Config/AppConfig.swift /Users/sergejhlystov/ALADDIN_NEW/ALADDIN_NEW/mobile_apps/ALADDIN_iOS/ViewModels/FamilyViewModel.swift /Users/sergejhlystov/ALADDIN_NEW/ALADDIN_NEW/mobile_apps/ALADDIN_iOS/ViewModels/AIAssistantViewModel.swift /Users/sergejhlystov/ALADDIN_NEW/ALADDIN_NEW/mobile_apps/ALADDIN_iOS/Screens/22_DeviceDetailScreen.swift /Users/sergejhlystov/ALADDIN_NEW/ALADDIN_NEW/mobile_apps/ALADDIN_iOS/Screens/WidgetConfigurationScreen.swift /Users/sergejhlystov/ALADDIN_NEW/ALADDIN_NEW/mobile_apps/ALADDIN_iOS/Core/Security/KeychainManager.swift /Users/sergejhlystov/ALADDIN_NEW/ALADDIN_NEW/mobile_apps/ALADDIN_iOS/Shared/Components/Modals/MemberStatsModalView.swift /Users/sergejhlystov/ALADDIN_NEW/ALADDIN_NEW/mobile_apps/ALADDIN_iOS/Shared/Styles/Spacing.swift /Users/sergejhlystov/ALADDIN_NEW/ALADDIN_NEW/mobile_apps/ALADDIN_iOS/Shared/Components/RecoveryOptionsModal.swift /Users/sergejhlystov/ALADDIN_NEW/ALADDIN_NEW/mobile_apps/ALADDIN_iOS/ViewModels/SettingsViewModel.swift /Users/sergejhlystov/ALADDIN_NEW/ALADDIN_NEW/mobile_apps/ALADDIN_iOS/Shared/Components/InfoRow.swift /Users/sergejhlystov/ALADDIN_NEW/ALADDIN_NEW/mobile_apps/ALADDIN_iOS/Screens/25_PaymentQRScreen.swift /Users/sergejhlystov/ALADDIN_NEW/ALADDIN_NEW/mobile_apps/ALADDIN_iOS/Shared/Components/Modals/RoleSelectionModal.swift /Users/sergejhlystov/ALADDIN_NEW/ALADDIN_NEW/mobile_apps/ALADDIN_iOS/ViewModels/SupportViewModel.swift /Users/sergejhlystov/ALADDIN_NEW/ALADDIN_NEW/mobile_apps/ALADDIN_iOS/ViewModels/ChildInterfaceViewModel.swift /Users/sergejhlystov/ALADDIN_NEW/ALADDIN_NEW/mobile_apps/ALADDIN_iOS/Screens/12_NotificationsScreen.swift /Users/sergejhlystov/ALADDIN_NEW/ALADDIN_NEW/mobile_apps/ALADDIN_iOS/ViewModels/ElderlyInterfaceViewModel.swift /Users/sergejhlystov/ALADDIN_NEW/ALADDIN_NEW/mobile_apps/ALADDIN_iOS/ViewModels/AnalyticsViewModel.swift /Users/sergejhlystov/ALADDIN_NEW/ALADDIN_NEW/mobile_apps/ALADDIN_iOS/Core/Cache/CacheManager.swift /Users/sergejhlystov/ALADDIN_NEW/ALADDIN_NEW/mobile_apps/ALADDIN_iOS/ViewModels/NotificationsViewModel.swift /Users/sergejhlystov/ALADDIN_NEW/ALADDIN_NEW/mobile_apps/ALADDIN_iOS/Screens/06_AIAssistantScreen.swift -primary-file /Users/sergejhlystov/ALADDIN_NEW/ALADDIN_NEW/mobile_apps/ALADDIN_iOS/ViewModels/ProfileViewModel.swift -primary-file /Users/sergejhlystov/ALADDIN_NEW/ALADDIN_NEW/mobile_apps/ALADDIN_iOS/Components/Modals/ConsentModal.swift -primary-file /Users/sergejhlystov/ALADDIN_NEW/ALADDIN_NEW/mobile_apps/ALADDIN_iOS/ViewModels/ParentalControlViewModel.swift -primary-file /Users/sergejhlystov/ALADDIN_NEW/ALADDIN_NEW/mobile_apps/ALADDIN_iOS/ViewModels/OnboardingViewModel.swift -primary-file /Users/sergejhlystov/ALADDIN_NEW/ALADDIN_NEW/mobile_apps/ALADDIN_iOS/Shared/Styles/Colors.swift -primary-file /Users/sergejhlystov/ALADDIN_NEW/ALADDIN_NEW/mobile_apps/ALADDIN_iOS/Screens/ChildRewardsScreen.swift -primary-file /Users/sergejhlystov/ALADDIN_NEW/ALADDIN_NEW/mobile_apps/ALADDIN_iOS/Screens/21_ReferralScreen.swift -primary-file /Users/sergejhlystov/ALADDIN_NEW/ALADDIN_NEW/mobile_apps/ALADDIN_iOS/Shared/Components/AvatarSelector.swift -primary-file /Users/sergejhlystov/ALADDIN_NEW/ALADDIN_NEW/mobile_apps/ALADDIN_iOS/Shared/Components/Navigation/ALADDINNavigationBar.swift -primary-file /Users/sergejhlystov/ALADDIN_NEW/ALADDIN_NEW/mobile_apps/ALADDIN_iOS/Screens/14_OnboardingScreen.swift -primary-file /Users/sergejhlystov/ALADDIN_NEW/ALADDIN_NEW/mobile_apps/ALADDIN_iOS/Components/Modals/FamilyCreatedModal.swift /Users/sergejhlystov/ALADDIN_NEW/ALADDIN_NEW/mobile_apps/ALADDIN_iOS/ViewModels/PaymentQRViewModel.swift /Users/sergejhlystov/ALADDIN_NEW/ALADDIN_NEW/mobile_apps/ALADDIN_iOS/Core/Navigation/NavigationManager.swift /Users/sergejhlystov/ALADDIN_NEW/ALADDIN_NEW/mobile_apps/ALADDIN_iOS/Core/Accessibility/AccessibilityManager.swift /Users/sergejhlystov/ALADDIN_NEW/ALADDIN_NEW/mobile_apps/ALADDIN_iOS/Core/Store/StoreManager.swift /Users/sergejhlystov/ALADDIN_NEW/ALADDIN_NEW/mobile_apps/ALADDIN_iOS/Screens/WheelOfFortuneView.swift /Users/sergejhlystov/ALADDIN_NEW/ALADDIN_NEW/mobile_apps/ALADDIN_iOS/Screens/UnicornUniverseView.swift /Users/sergejhlystov/ALADDIN_NEW/ALADDIN_NEW/mobile_apps/ALADDIN_iOS/Core/Localization/LocalizationManager.swift /Users/sergejhlystov/ALADDIN_NEW/ALADDIN_NEW/mobile_apps/ALADDIN_iOS/Screens/13_SupportScreen.swift /Users/sergejhlystov/ALADDIN_NEW/ALADDIN_NEW/mobile_apps/ALADDIN_iOS/Core/Analytics/AnalyticsManager.swift /Users/sergejhlystov/ALADDIN_NEW/ALADDIN_NEW/mobile_apps/ALADDIN_iOS/Screens/07_ParentalControlScreen.swift /Users/sergejhlystov/ALADDIN_NEW/ALADDIN_NEW/mobile_apps/ALADDIN_iOS/Screens/05_SettingsScreen.swift /Users/sergejhlystov/ALADDIN_NEW/ALADDIN_NEW/mobile_apps/ALADDIN_iOS/Screens/RewardsModalView.swift /Users/sergejhlystov/ALADDIN_NEW/ALADDIN_NEW/mobile_apps/ALADDIN_iOS/Screens/23_FamilyChatScreen.swift /Users/sergejhlystov/ALADDIN_NEW/ALADDIN_NEW/mobile_apps/ALADDIN_iOS/Screens/02_FamilyScreen.swift /Users/sergejhlystov/ALADDIN_NEW/ALADDIN_NEW/mobile_apps/ALADDIN_iOS/Screens/20_DevicesScreen.swift /Users/sergejhlystov/ALADDIN_NEW/ALADDIN_NEW/mobile_apps/ALADDIN_iOS/Shared/Components/ViewModifiers.swift /Users/sergejhlystov/ALADDIN_NEW/ALADDIN_NEW/mobile_apps/ALADDIN_iOS/Shared/Components/HapticFeedback.swift /Users/sergejhlystov/ALADDIN_NEW/ALADDIN_NEW/mobile_apps/ALADDIN_iOS/Screens/MainScreenWithRegistration.swift /Users/sergejhlystov/ALADDIN_NEW/ALADDIN_NEW/mobile_apps/ALADDIN_iOS/Core/Network/NetworkError.swift /Users/sergejhlystov/ALADDIN_NEW/ALADDIN_NEW/mobile_apps/ALADDIN_iOS/Screens/LanguageSettingsScreen.swift /Users/sergejhlystov/ALADDIN_NEW/ALADDIN_NEW/mobile_apps/ALADDIN_iOS/ViewModels/FamilyRegistrationViewModel.swift /Users/sergejhlystov/ALADDIN_NEW/ALADDIN_NEW/mobile_apps/ALADDIN_iOS/Shared/Styles/CornerRadius.swift /Users/sergejhlystov/ALADDIN_NEW/ALADDIN_NEW/mobile_apps/ALADDIN_iOS/Screens/01_MainScreen.swift /Users/sergejhlystov/ALADDIN_NEW/ALADDIN_NEW/mobile_apps/ALADDIN_iOS/Screens/FamilyTournamentView.swift /Users/sergejhlystov/ALADDIN_NEW/ALADDIN_NEW/mobile_apps/ALADDIN_iOS/Shared/Styles/Fonts.swift /Users/sergejhlystov/ALADDIN_NEW/ALADDIN_NEW/mobile_apps/ALADDIN_iOS/Screens/GamesParentalControlView.swift /Users/sergejhlystov/ALADDIN_NEW/ALADDIN_NEW/mobile_apps/ALADDIN_iOS/Shared/Components/QRScannerModal.swift /Users/sergejhlystov/ALADDIN_NEW/ALADDIN_NEW/mobile_apps/ALADDIN_iOS/Screens/04_AnalyticsScreen.swift /Users/sergejhlystov/ALADDIN_NEW/ALADDIN_NEW/mobile_apps/ALADDIN_iOS/Screens/24_VPNEnergyStatsScreen.swift /Users/sergejhlystov/ALADDIN_NEW/ALADDIN_NEW/mobile_apps/ALADDIN_iOS/Shared/Components/Modals/ProfileEditView.swift /Users/sergejhlystov/ALADDIN_NEW/ALADDIN_NEW/mobile_apps/ALADDIN_iOS/ViewModels/TariffsViewModel.swift /Users/sergejhlystov/ALADDIN_NEW/ALADDIN_NEW/mobile_apps/ALADDIN_iOS/Core/Notifications/NotificationManager.swift /Users/sergejhlystov/ALADDIN_NEW/ALADDIN_NEW/mobile_apps/ALADDIN_iOS/Core/Security/SecurityManager.swift -supplementary-output-file-map /var/folders/rf/6rxcyql17sz57_02ng7jd7pr0000gn/T/TemporaryDirectory.wFGpdC/supplementaryOutputs-5 -target x86_64-apple-ios15.0-simulator -enable-objc-interop -sdk /Applications/Xcode.app/Contents/Developer/Platforms/iPhoneSimulator.platform/Developer/SDKs/iPhoneSimulator15.2.sdk -I /Users/sergejhlystov/Library/Developer/Xcode/DerivedData/ALADDIN-eahryzmutvtbyceygnlyjsmiiaha/Build/Products/Debug-iphonesimulator -F /Users/sergejhlystov/Library/Developer/Xcode/DerivedData/ALADDIN-eahryzmutvtbyceygnlyjsmiiaha/Build/Products/Debug-iphonesimulator -enable-testing -g -module-cache-path /Users/sergejhlystov/Library/Developer/Xcode/DerivedData/ModuleCache.noindex -emit-localized-strings -emit-localized-strings-path /Users/sergejhlystov/Library/Developer/Xcode/DerivedData/ALADDIN-eahryzmutvtbyceygnlyjsmiiaha/Build/Intermediates.noindex/ALADDIN.build/Debug-iphonesimulator/ALADDIN.build/Objects-normal/x86_64 -swift-version 5 -enforce-exclusivity\=checked -Onone -D DEBUG -new-driver-path /Applications/Xcode.app/Contents/Developer/Toolchains/XcodeDefault.xctoolchain/usr/bin/swift-driver -serialize-debugging-options -Xcc -working-directory -Xcc /Users/sergejhlystov/ALADDIN_NEW/ALADDIN_NEW/mobile_apps/ALADDIN_iOS -resource-dir /Applications/Xcode.app/Contents/Developer/Toolchains/XcodeDefault.xctoolchain/usr/lib/swift -enable-anonymous-context-mangled-names -Xcc -I/Users/sergejhlystov/Library/Developer/Xcode/DerivedData/ALADDIN-eahryzmutvtbyceygnlyjsmiiaha/Build/Intermediates.noindex/ALADDIN.build/Debug-iphonesimulator/ALADDIN.build/swift-overrides.hmap -Xcc -iquote -Xcc /Users/sergejhlystov/Library/Developer/Xcode/DerivedData/ALADDIN-eahryzmutvtbyceygnlyjsmiiaha/Build/Intermediates.noindex/ALADDIN.build/Debug-iphonesimulator/ALADDIN.build/ALADDIN-generated-files.hmap -Xcc -I/Users/sergejhlystov/Library/Developer/Xcode/DerivedData/ALADDIN-eahryzmutvtbyceygnlyjsmiiaha/Build/Intermediates.noindex/ALADDIN.build/Debug-iphonesimulator/ALADDIN.build/ALADDIN-own-target-headers.hmap -Xcc -I/Users/sergejhlystov/Library/Developer/Xcode/DerivedData/ALADDIN-eahryzmutvtbyceygnlyjsmiiaha/Build/Intermediates.noindex/ALADDIN.build/Debug-iphonesimulator/ALADDIN.build/ALADDIN-all-target-headers.hmap -Xcc -iquote -Xcc /Users/sergejhlystov/Library/Developer/Xcode/DerivedData/ALADDIN-eahryzmutvtbyceygnlyjsmiiaha/Build/Intermediates.noindex/ALADDIN.build/Debug-iphonesimulator/ALADDIN.build/ALADDIN-project-headers.hmap -Xcc -I/Users/sergejhlystov/Library/Developer/Xcode/DerivedData/ALADDIN-eahryzmutvtbyceygnlyjsmiiaha/Build/Products/Debug-iphonesimulator/include -Xcc -I/Users/sergejhlystov/Library/Developer/Xcode/DerivedData/ALADDIN-eahryzmutvtbyceygnlyjsmiiaha/Build/Intermediates.noindex/ALADDIN.build/Debug-iphonesimulator/ALADDIN.build/DerivedSources-normal/x86_64 -Xcc -I/Users/sergejhlystov/Library/Developer/Xcode/DerivedData/ALADDIN-eahryzmutvtbyceygnlyjsmiiaha/Build/Intermediates.noindex/ALADDIN.build/Debug-iphonesimulator/ALADDIN.build/DerivedSources/x86_64 -Xcc -I/Users/sergejhlystov/Library/Developer/Xcode/DerivedData/ALADDIN-eahryzmutvtbyceygnlyjsmiiaha/Build/Intermediates.noindex/ALADDIN.build/Debug-iphonesimulator/ALADDIN.build/DerivedSources -Xcc -DDEBUG\=1 -module-name ALADDIN -target-sdk-version 15.2.0 -o /Users/sergejhlystov/Library/Developer/Xcode/DerivedData/ALADDIN-eahryzmutvtbyceygnlyjsmiiaha/Build/Intermediates.noindex/ALADDIN.build/Debug-iphonesimulator/ALADDIN.build/Objects-normal/x86_64/ProfileViewModel.o -o /Users/sergejhlystov/Library/Developer/Xcode/DerivedData/ALADDIN-eahryzmutvtbyceygnlyjsmiiaha/Build/Intermediates.noindex/ALADDIN.build/Debug-iphonesimulator/ALADDIN.build/Objects-normal/x86_64/ConsentModal.o -o /Users/sergejhlystov/Library/Developer/Xcode/DerivedData/ALADDIN-eahryzmutvtbyceygnlyjsmiiaha/Build/Intermediates.noindex/ALADDIN.build/Debug-iphonesimulator/ALADDIN.build/Objects-normal/x86_64/ParentalControlViewModel.o -o /Users/sergejhlystov/Library/Developer/Xcode/DerivedData/ALADDIN-eahryzmutvtbyceygnlyjsmiiaha/Build/Intermediates.noindex/ALADDIN.build/Debug-iphonesimulator/ALADDIN.build/Objects-normal/x86_64/OnboardingViewModel.o -o /Users/sergejhlystov/Library/Developer/Xcode/DerivedData/ALADDIN-eahryzmutvtbyceygnlyjsmiiaha/Build/Intermediates.noindex/ALADDIN.build/Debug-iphonesimulator/ALADDIN.build/Objects-normal/x86_64/Colors.o -o /Users/sergejhlystov/Library/Developer/Xcode/DerivedData/ALADDIN-eahryzmutvtbyceygnlyjsmiiaha/Build/Intermediates.noindex/ALADDIN.build/Debug-iphonesimulator/ALADDIN.build/Objects-normal/x86_64/ChildRewardsScreen.o -o /Users/sergejhlystov/Library/Developer/Xcode/DerivedData/ALADDIN-eahryzmutvtbyceygnlyjsmiiaha/Build/Intermediates.noindex/ALADDIN.build/Debug-iphonesimulator/ALADDIN.build/Objects-normal/x86_64/21_ReferralScreen.o -o /Users/sergejhlystov/Library/Developer/Xcode/DerivedData/ALADDIN-eahryzmutvtbyceygnlyjsmiiaha/Build/Intermediates.noindex/ALADDIN.build/Debug-iphonesimulator/ALADDIN.build/Objects-normal/x86_64/AvatarSelector.o -o /Users/sergejhlystov/Library/Developer/Xcode/DerivedData/ALADDIN-eahryzmutvtbyceygnlyjsmiiaha/Build/Intermediates.noindex/ALADDIN.build/Debug-iphonesimulator/ALADDIN.build/Objects-normal/x86_64/ALADDINNavigationBar.o -o /Users/sergejhlystov/Library/Developer/Xcode/DerivedData/ALADDIN-eahryzmutvtbyceygnlyjsmiiaha/Build/Intermediates.noindex/ALADDIN.build/Debug-iphonesimulator/ALADDIN.build/Objects-normal/x86_64/14_OnboardingScreen-5371cb6ac3630fe50991897b0cdc2098.o -o /Users/sergejhlystov/Library/Developer/Xcode/DerivedData/ALADDIN-eahryzmutvtbyceygnlyjsmiiaha/Build/Intermediates.noindex/ALADDIN.build/Debug-iphonesimulator/ALADDIN.build/Objects-normal/x86_64/FamilyCreatedModal.o -index-store-path /Users/sergejhlystov/Library/Developer/Xcode/DerivedData/ALADDIN-eahryzmutvtbyceygnlyjsmiiaha/Index/DataStore -index-system-modules

CompileSwift normal x86_64 /Users/sergejhlystov/ALADDIN_NEW/ALADDIN_NEW/mobile_apps/ALADDIN_iOS/Screens/21_ReferralScreen.swift (in target 'ALADDIN' from project 'ALADDIN')
    cd /Users/sergejhlystov/ALADDIN_NEW/ALADDIN_NEW/mobile_apps/ALADDIN_iOS
    /Applications/Xcode.app/Contents/Developer/Toolchains/XcodeDefault.xctoolchain/usr/bin/swift-frontend -frontend -c /Users/sergejhlystov/ALADDIN_NEW/ALADDIN_NEW/mobile_apps/ALADDIN_iOS/Screens/RewardsQuickModal.swift /Users/sergejhlystov/ALADDIN_NEW/ALADDIN_NEW/mobile_apps/ALADDIN_iOS/Screens/08_ChildInterfaceScreen.swift /Users/sergejhlystov/ALADDIN_NEW/ALADDIN_NEW/mobile_apps/ALADDIN_iOS/ContentView.swift /Users/sergejhlystov/ALADDIN_NEW/ALADDIN_NEW/mobile_apps/ALADDIN_iOS/Shared/Components/ALADDINToggle.swift /Users/sergejhlystov/ALADDIN_NEW/ALADDIN_NEW/mobile_apps/ALADDIN_iOS/Components/Modals/AgeGroupSelectionModal.swift /Users/sergejhlystov/ALADDIN_NEW/ALADDIN_NEW/mobile_apps/ALADDIN_iOS/ALADDINApp.swift /Users/sergejhlystov/ALADDIN_NEW/ALADDIN_NEW/mobile_apps/ALADDIN_iOS/Shared/Models/FunctionStatus.swift /Users/sergejhlystov/ALADDIN_NEW/ALADDIN_NEW/mobile_apps/ALADDIN_iOS/ViewModels/MainViewModel.swift /Users/sergejhlystov/ALADDIN_NEW/ALADDIN_NEW/mobile_apps/ALADDIN_iOS/Shared/Components/Buttons/PrimaryButton.swift /Users/sergejhlystov/ALADDIN_NEW/ALADDIN_NEW/mobile_apps/ALADDIN_iOS/Screens/NotificationSettingsScreen.swift /Users/sergejhlystov/ALADDIN_NEW/ALADDIN_NEW/mobile_apps/ALADDIN_iOS/Screens/ChildContentScreen.swift /Users/sergejhlystov/ALADDIN_NEW/ALADDIN_NEW/mobile_apps/ALADDIN_iOS/Shared/Components/StatItem.swift /Users/sergejhlystov/ALADDIN_NEW/ALADDIN_NEW/mobile_apps/ALADDIN_iOS/Shared/Components/Cards/FamilyMemberCard.swift /Users/sergejhlystov/ALADDIN_NEW/ALADDIN_NEW/mobile_apps/ALADDIN_iOS/ViewModels/VPNViewModel.swift /Users/sergejhlystov/ALADDIN_NEW/ALADDIN_NEW/mobile_apps/ALADDIN_iOS/Core/Models/APIModels.swift /Users/sergejhlystov/ALADDIN_NEW/ALADDIN_NEW/mobile_apps/ALADDIN_iOS/Core/VPN/VPNManager.swift /Users/sergejhlystov/ALADDIN_NEW/ALADDIN_NEW/mobile_apps/ALADDIN_iOS/Screens/UnicornPetView.swift /Users/sergejhlystov/ALADDIN_NEW/ALADDIN_NEW/mobile_apps/ALADDIN_iOS/Core/Network/APIService.swift /Users/sergejhlystov/ALADDIN_NEW/ALADDIN_NEW/mobile_apps/ALADDIN_iOS/Screens/18_PrivacyPolicyScreen.swift /Users/sergejhlystov/ALADDIN_NEW/ALADDIN_NEW/mobile_apps/ALADDIN_iOS/Screens/10_TariffsScreen.swift /Users/sergejhlystov/ALADDIN_NEW/ALADDIN_NEW/mobile_apps/ALADDIN_iOS/Screens/03_VPNScreen.swift /Users/sergejhlystov/ALADDIN_NEW/ALADDIN_NEW/mobile_apps/ALADDIN_iOS/Screens/09_ElderlyInterfaceScreen.swift /Users/sergejhlystov/ALADDIN_NEW/ALADDIN_NEW/mobile_apps/ALADDIN_iOS/Shared/Components/SecondaryButton.swift /Users/sergejhlystov/ALADDIN_NEW/ALADDIN_NEW/mobile_apps/ALADDIN_iOS/Screens/11_ProfileScreen.swift /Users/sergejhlystov/ALADDIN_NEW/ALADDIN_NEW/mobile_apps/ALADDIN_iOS/Core/Network/NetworkManager.swift /Users/sergejhlystov/ALADDIN_NEW/ALADDIN_NEW/mobile_apps/ALADDIN_iOS/Screens/19_TermsOfServiceScreen.swift /Users/sergejhlystov/ALADDIN_NEW/ALADDIN_NEW/mobile_apps/ALADDIN_iOS/Core/Config/AppConfig.swift /Users/sergejhlystov/ALADDIN_NEW/ALADDIN_NEW/mobile_apps/ALADDIN_iOS/ViewModels/FamilyViewModel.swift /Users/sergejhlystov/ALADDIN_NEW/ALADDIN_NEW/mobile_apps/ALADDIN_iOS/ViewModels/AIAssistantViewModel.swift /Users/sergejhlystov/ALADDIN_NEW/ALADDIN_NEW/mobile_apps/ALADDIN_iOS/Screens/22_DeviceDetailScreen.swift /Users/sergejhlystov/ALADDIN_NEW/ALADDIN_NEW/mobile_apps/ALADDIN_iOS/Screens/WidgetConfigurationScreen.swift /Users/sergejhlystov/ALADDIN_NEW/ALADDIN_NEW/mobile_apps/ALADDIN_iOS/Core/Security/KeychainManager.swift /Users/sergejhlystov/ALADDIN_NEW/ALADDIN_NEW/mobile_apps/ALADDIN_iOS/Shared/Components/Modals/MemberStatsModalView.swift /Users/sergejhlystov/ALADDIN_NEW/ALADDIN_NEW/mobile_apps/ALADDIN_iOS/Shared/Styles/Spacing.swift /Users/sergejhlystov/ALADDIN_NEW/ALADDIN_NEW/mobile_apps/ALADDIN_iOS/Shared/Components/RecoveryOptionsModal.swift /Users/sergejhlystov/ALADDIN_NEW/ALADDIN_NEW/mobile_apps/ALADDIN_iOS/ViewModels/SettingsViewModel.swift /Users/sergejhlystov/ALADDIN_NEW/ALADDIN_NEW/mobile_apps/ALADDIN_iOS/Shared/Components/InfoRow.swift /Users/sergejhlystov/ALADDIN_NEW/ALADDIN_NEW/mobile_apps/ALADDIN_iOS/Screens/25_PaymentQRScreen.swift /Users/sergejhlystov/ALADDIN_NEW/ALADDIN_NEW/mobile_apps/ALADDIN_iOS/Shared/Components/Modals/RoleSelectionModal.swift /Users/sergejhlystov/ALADDIN_NEW/ALADDIN_NEW/mobile_apps/ALADDIN_iOS/ViewModels/SupportViewModel.swift /Users/sergejhlystov/ALADDIN_NEW/ALADDIN_NEW/mobile_apps/ALADDIN_iOS/ViewModels/ChildInterfaceViewModel.swift /Users/sergejhlystov/ALADDIN_NEW/ALADDIN_NEW/mobile_apps/ALADDIN_iOS/Screens/12_NotificationsScreen.swift /Users/sergejhlystov/ALADDIN_NEW/ALADDIN_NEW/mobile_apps/ALADDIN_iOS/ViewModels/ElderlyInterfaceViewModel.swift /Users/sergejhlystov/ALADDIN_NEW/ALADDIN_NEW/mobile_apps/ALADDIN_iOS/ViewModels/AnalyticsViewModel.swift /Users/sergejhlystov/ALADDIN_NEW/ALADDIN_NEW/mobile_apps/ALADDIN_iOS/Core/Cache/CacheManager.swift /Users/sergejhlystov/ALADDIN_NEW/ALADDIN_NEW/mobile_apps/ALADDIN_iOS/ViewModels/NotificationsViewModel.swift /Users/sergejhlystov/ALADDIN_NEW/ALADDIN_NEW/mobile_apps/ALADDIN_iOS/Screens/06_AIAssistantScreen.swift -primary-file /Users/sergejhlystov/ALADDIN_NEW/ALADDIN_NEW/mobile_apps/ALADDIN_iOS/ViewModels/ProfileViewModel.swift -primary-file /Users/sergejhlystov/ALADDIN_NEW/ALADDIN_NEW/mobile_apps/ALADDIN_iOS/Components/Modals/ConsentModal.swift -primary-file /Users/sergejhlystov/ALADDIN_NEW/ALADDIN_NEW/mobile_apps/ALADDIN_iOS/ViewModels/ParentalControlViewModel.swift -primary-file /Users/sergejhlystov/ALADDIN_NEW/ALADDIN_NEW/mobile_apps/ALADDIN_iOS/ViewModels/OnboardingViewModel.swift -primary-file /Users/sergejhlystov/ALADDIN_NEW/ALADDIN_NEW/mobile_apps/ALADDIN_iOS/Shared/Styles/Colors.swift -primary-file /Users/sergejhlystov/ALADDIN_NEW/ALADDIN_NEW/mobile_apps/ALADDIN_iOS/Screens/ChildRewardsScreen.swift -primary-file /Users/sergejhlystov/ALADDIN_NEW/ALADDIN_NEW/mobile_apps/ALADDIN_iOS/Screens/21_ReferralScreen.swift -primary-file /Users/sergejhlystov/ALADDIN_NEW/ALADDIN_NEW/mobile_apps/ALADDIN_iOS/Shared/Components/AvatarSelector.swift -primary-file /Users/sergejhlystov/ALADDIN_NEW/ALADDIN_NEW/mobile_apps/ALADDIN_iOS/Shared/Components/Navigation/ALADDINNavigationBar.swift -primary-file /Users/sergejhlystov/ALADDIN_NEW/ALADDIN_NEW/mobile_apps/ALADDIN_iOS/Screens/14_OnboardingScreen.swift -primary-file /Users/sergejhlystov/ALADDIN_NEW/ALADDIN_NEW/mobile_apps/ALADDIN_iOS/Components/Modals/FamilyCreatedModal.swift /Users/sergejhlystov/ALADDIN_NEW/ALADDIN_NEW/mobile_apps/ALADDIN_iOS/ViewModels/PaymentQRViewModel.swift /Users/sergejhlystov/ALADDIN_NEW/ALADDIN_NEW/mobile_apps/ALADDIN_iOS/Core/Navigation/NavigationManager.swift /Users/sergejhlystov/ALADDIN_NEW/ALADDIN_NEW/mobile_apps/ALADDIN_iOS/Core/Accessibility/AccessibilityManager.swift /Users/sergejhlystov/ALADDIN_NEW/ALADDIN_NEW/mobile_apps/ALADDIN_iOS/Core/Store/StoreManager.swift /Users/sergejhlystov/ALADDIN_NEW/ALADDIN_NEW/mobile_apps/ALADDIN_iOS/Screens/WheelOfFortuneView.swift /Users/sergejhlystov/ALADDIN_NEW/ALADDIN_NEW/mobile_apps/ALADDIN_iOS/Screens/UnicornUniverseView.swift /Users/sergejhlystov/ALADDIN_NEW/ALADDIN_NEW/mobile_apps/ALADDIN_iOS/Core/Localization/LocalizationManager.swift /Users/sergejhlystov/ALADDIN_NEW/ALADDIN_NEW/mobile_apps/ALADDIN_iOS/Screens/13_SupportScreen.swift /Users/sergejhlystov/ALADDIN_NEW/ALADDIN_NEW/mobile_apps/ALADDIN_iOS/Core/Analytics/AnalyticsManager.swift /Users/sergejhlystov/ALADDIN_NEW/ALADDIN_NEW/mobile_apps/ALADDIN_iOS/Screens/07_ParentalControlScreen.swift /Users/sergejhlystov/ALADDIN_NEW/ALADDIN_NEW/mobile_apps/ALADDIN_iOS/Screens/05_SettingsScreen.swift /Users/sergejhlystov/ALADDIN_NEW/ALADDIN_NEW/mobile_apps/ALADDIN_iOS/Screens/RewardsModalView.swift /Users/sergejhlystov/ALADDIN_NEW/ALADDIN_NEW/mobile_apps/ALADDIN_iOS/Screens/23_FamilyChatScreen.swift /Users/sergejhlystov/ALADDIN_NEW/ALADDIN_NEW/mobile_apps/ALADDIN_iOS/Screens/02_FamilyScreen.swift /Users/sergejhlystov/ALADDIN_NEW/ALADDIN_NEW/mobile_apps/ALADDIN_iOS/Screens/20_DevicesScreen.swift /Users/sergejhlystov/ALADDIN_NEW/ALADDIN_NEW/mobile_apps/ALADDIN_iOS/Shared/Components/ViewModifiers.swift /Users/sergejhlystov/ALADDIN_NEW/ALADDIN_NEW/mobile_apps/ALADDIN_iOS/Shared/Components/HapticFeedback.swift /Users/sergejhlystov/ALADDIN_NEW/ALADDIN_NEW/mobile_apps/ALADDIN_iOS/Screens/MainScreenWithRegistration.swift /Users/sergejhlystov/ALADDIN_NEW/ALADDIN_NEW/mobile_apps/ALADDIN_iOS/Core/Network/NetworkError.swift /Users/sergejhlystov/ALADDIN_NEW/ALADDIN_NEW/mobile_apps/ALADDIN_iOS/Screens/LanguageSettingsScreen.swift /Users/sergejhlystov/ALADDIN_NEW/ALADDIN_NEW/mobile_apps/ALADDIN_iOS/ViewModels/FamilyRegistrationViewModel.swift /Users/sergejhlystov/ALADDIN_NEW/ALADDIN_NEW/mobile_apps/ALADDIN_iOS/Shared/Styles/CornerRadius.swift /Users/sergejhlystov/ALADDIN_NEW/ALADDIN_NEW/mobile_apps/ALADDIN_iOS/Screens/01_MainScreen.swift /Users/sergejhlystov/ALADDIN_NEW/ALADDIN_NEW/mobile_apps/ALADDIN_iOS/Screens/FamilyTournamentView.swift /Users/sergejhlystov/ALADDIN_NEW/ALADDIN_NEW/mobile_apps/ALADDIN_iOS/Shared/Styles/Fonts.swift /Users/sergejhlystov/ALADDIN_NEW/ALADDIN_NEW/mobile_apps/ALADDIN_iOS/Screens/GamesParentalControlView.swift /Users/sergejhlystov/ALADDIN_NEW/ALADDIN_NEW/mobile_apps/ALADDIN_iOS/Shared/Components/QRScannerModal.swift /Users/sergejhlystov/ALADDIN_NEW/ALADDIN_NEW/mobile_apps/ALADDIN_iOS/Screens/04_AnalyticsScreen.swift /Users/sergejhlystov/ALADDIN_NEW/ALADDIN_NEW/mobile_apps/ALADDIN_iOS/Screens/24_VPNEnergyStatsScreen.swift /Users/sergejhlystov/ALADDIN_NEW/ALADDIN_NEW/mobile_apps/ALADDIN_iOS/Shared/Components/Modals/ProfileEditView.swift /Users/sergejhlystov/ALADDIN_NEW/ALADDIN_NEW/mobile_apps/ALADDIN_iOS/ViewModels/TariffsViewModel.swift /Users/sergejhlystov/ALADDIN_NEW/ALADDIN_NEW/mobile_apps/ALADDIN_iOS/Core/Notifications/NotificationManager.swift /Users/sergejhlystov/ALADDIN_NEW/ALADDIN_NEW/mobile_apps/ALADDIN_iOS/Core/Security/SecurityManager.swift -supplementary-output-file-map /var/folders/rf/6rxcyql17sz57_02ng7jd7pr0000gn/T/TemporaryDirectory.wFGpdC/supplementaryOutputs-5 -target x86_64-apple-ios15.0-simulator -enable-objc-interop -sdk /Applications/Xcode.app/Contents/Developer/Platforms/iPhoneSimulator.platform/Developer/SDKs/iPhoneSimulator15.2.sdk -I /Users/sergejhlystov/Library/Developer/Xcode/DerivedData/ALADDIN-eahryzmutvtbyceygnlyjsmiiaha/Build/Products/Debug-iphonesimulator -F /Users/sergejhlystov/Library/Developer/Xcode/DerivedData/ALADDIN-eahryzmutvtbyceygnlyjsmiiaha/Build/Products/Debug-iphonesimulator -enable-testing -g -module-cache-path /Users/sergejhlystov/Library/Developer/Xcode/DerivedData/ModuleCache.noindex -emit-localized-strings -emit-localized-strings-path /Users/sergejhlystov/Library/Developer/Xcode/DerivedData/ALADDIN-eahryzmutvtbyceygnlyjsmiiaha/Build/Intermediates.noindex/ALADDIN.build/Debug-iphonesimulator/ALADDIN.build/Objects-normal/x86_64 -swift-version 5 -enforce-exclusivity\=checked -Onone -D DEBUG -new-driver-path /Applications/Xcode.app/Contents/Developer/Toolchains/XcodeDefault.xctoolchain/usr/bin/swift-driver -serialize-debugging-options -Xcc -working-directory -Xcc /Users/sergejhlystov/ALADDIN_NEW/ALADDIN_NEW/mobile_apps/ALADDIN_iOS -resource-dir /Applications/Xcode.app/Contents/Developer/Toolchains/XcodeDefault.xctoolchain/usr/lib/swift -enable-anonymous-context-mangled-names -Xcc -I/Users/sergejhlystov/Library/Developer/Xcode/DerivedData/ALADDIN-eahryzmutvtbyceygnlyjsmiiaha/Build/Intermediates.noindex/ALADDIN.build/Debug-iphonesimulator/ALADDIN.build/swift-overrides.hmap -Xcc -iquote -Xcc /Users/sergejhlystov/Library/Developer/Xcode/DerivedData/ALADDIN-eahryzmutvtbyceygnlyjsmiiaha/Build/Intermediates.noindex/ALADDIN.build/Debug-iphonesimulator/ALADDIN.build/ALADDIN-generated-files.hmap -Xcc -I/Users/sergejhlystov/Library/Developer/Xcode/DerivedData/ALADDIN-eahryzmutvtbyceygnlyjsmiiaha/Build/Intermediates.noindex/ALADDIN.build/Debug-iphonesimulator/ALADDIN.build/ALADDIN-own-target-headers.hmap -Xcc -I/Users/sergejhlystov/Library/Developer/Xcode/DerivedData/ALADDIN-eahryzmutvtbyceygnlyjsmiiaha/Build/Intermediates.noindex/ALADDIN.build/Debug-iphonesimulator/ALADDIN.build/ALADDIN-all-target-headers.hmap -Xcc -iquote -Xcc /Users/sergejhlystov/Library/Developer/Xcode/DerivedData/ALADDIN-eahryzmutvtbyceygnlyjsmiiaha/Build/Intermediates.noindex/ALADDIN.build/Debug-iphonesimulator/ALADDIN.build/ALADDIN-project-headers.hmap -Xcc -I/Users/sergejhlystov/Library/Developer/Xcode/DerivedData/ALADDIN-eahryzmutvtbyceygnlyjsmiiaha/Build/Products/Debug-iphonesimulator/include -Xcc -I/Users/sergejhlystov/Library/Developer/Xcode/DerivedData/ALADDIN-eahryzmutvtbyceygnlyjsmiiaha/Build/Intermediates.noindex/ALADDIN.build/Debug-iphonesimulator/ALADDIN.build/DerivedSources-normal/x86_64 -Xcc -I/Users/sergejhlystov/Library/Developer/Xcode/DerivedData/ALADDIN-eahryzmutvtbyceygnlyjsmiiaha/Build/Intermediates.noindex/ALADDIN.build/Debug-iphonesimulator/ALADDIN.build/DerivedSources/x86_64 -Xcc -I/Users/sergejhlystov/Library/Developer/Xcode/DerivedData/ALADDIN-eahryzmutvtbyceygnlyjsmiiaha/Build/Intermediates.noindex/ALADDIN.build/Debug-iphonesimulator/ALADDIN.build/DerivedSources -Xcc -DDEBUG\=1 -module-name ALADDIN -target-sdk-version 15.2.0 -o /Users/sergejhlystov/Library/Developer/Xcode/DerivedData/ALADDIN-eahryzmutvtbyceygnlyjsmiiaha/Build/Intermediates.noindex/ALADDIN.build/Debug-iphonesimulator/ALADDIN.build/Objects-normal/x86_64/ProfileViewModel.o -o /Users/sergejhlystov/Library/Developer/Xcode/DerivedData/ALADDIN-eahryzmutvtbyceygnlyjsmiiaha/Build/Intermediates.noindex/ALADDIN.build/Debug-iphonesimulator/ALADDIN.build/Objects-normal/x86_64/ConsentModal.o -o /Users/sergejhlystov/Library/Developer/Xcode/DerivedData/ALADDIN-eahryzmutvtbyceygnlyjsmiiaha/Build/Intermediates.noindex/ALADDIN.build/Debug-iphonesimulator/ALADDIN.build/Objects-normal/x86_64/ParentalControlViewModel.o -o /Users/sergejhlystov/Library/Developer/Xcode/DerivedData/ALADDIN-eahryzmutvtbyceygnlyjsmiiaha/Build/Intermediates.noindex/ALADDIN.build/Debug-iphonesimulator/ALADDIN.build/Objects-normal/x86_64/OnboardingViewModel.o -o /Users/sergejhlystov/Library/Developer/Xcode/DerivedData/ALADDIN-eahryzmutvtbyceygnlyjsmiiaha/Build/Intermediates.noindex/ALADDIN.build/Debug-iphonesimulator/ALADDIN.build/Objects-normal/x86_64/Colors.o -o /Users/sergejhlystov/Library/Developer/Xcode/DerivedData/ALADDIN-eahryzmutvtbyceygnlyjsmiiaha/Build/Intermediates.noindex/ALADDIN.build/Debug-iphonesimulator/ALADDIN.build/Objects-normal/x86_64/ChildRewardsScreen.o -o /Users/sergejhlystov/Library/Developer/Xcode/DerivedData/ALADDIN-eahryzmutvtbyceygnlyjsmiiaha/Build/Intermediates.noindex/ALADDIN.build/Debug-iphonesimulator/ALADDIN.build/Objects-normal/x86_64/21_ReferralScreen.o -o /Users/sergejhlystov/Library/Developer/Xcode/DerivedData/ALADDIN-eahryzmutvtbyceygnlyjsmiiaha/Build/Intermediates.noindex/ALADDIN.build/Debug-iphonesimulator/ALADDIN.build/Objects-normal/x86_64/AvatarSelector.o -o /Users/sergejhlystov/Library/Developer/Xcode/DerivedData/ALADDIN-eahryzmutvtbyceygnlyjsmiiaha/Build/Intermediates.noindex/ALADDIN.build/Debug-iphonesimulator/ALADDIN.build/Objects-normal/x86_64/ALADDINNavigationBar.o -o /Users/sergejhlystov/Library/Developer/Xcode/DerivedData/ALADDIN-eahryzmutvtbyceygnlyjsmiiaha/Build/Intermediates.noindex/ALADDIN.build/Debug-iphonesimulator/ALADDIN.build/Objects-normal/x86_64/14_OnboardingScreen-5371cb6ac3630fe50991897b0cdc2098.o -o /Users/sergejhlystov/Library/Developer/Xcode/DerivedData/ALADDIN-eahryzmutvtbyceygnlyjsmiiaha/Build/Intermediates.noindex/ALADDIN.build/Debug-iphonesimulator/ALADDIN.build/Objects-normal/x86_64/FamilyCreatedModal.o -index-store-path /Users/sergejhlystov/Library/Developer/Xcode/DerivedData/ALADDIN-eahryzmutvtbyceygnlyjsmiiaha/Index/DataStore -index-system-modules

CompileSwift normal x86_64 /Users/sergejhlystov/ALADDIN_NEW/ALADDIN_NEW/mobile_apps/ALADDIN_iOS/Shared/Components/AvatarSelector.swift (in target 'ALADDIN' from project 'ALADDIN')
    cd /Users/sergejhlystov/ALADDIN_NEW/ALADDIN_NEW/mobile_apps/ALADDIN_iOS
    /Applications/Xcode.app/Contents/Developer/Toolchains/XcodeDefault.xctoolchain/usr/bin/swift-frontend -frontend -c /Users/sergejhlystov/ALADDIN_NEW/ALADDIN_NEW/mobile_apps/ALADDIN_iOS/Screens/RewardsQuickModal.swift /Users/sergejhlystov/ALADDIN_NEW/ALADDIN_NEW/mobile_apps/ALADDIN_iOS/Screens/08_ChildInterfaceScreen.swift /Users/sergejhlystov/ALADDIN_NEW/ALADDIN_NEW/mobile_apps/ALADDIN_iOS/ContentView.swift /Users/sergejhlystov/ALADDIN_NEW/ALADDIN_NEW/mobile_apps/ALADDIN_iOS/Shared/Components/ALADDINToggle.swift /Users/sergejhlystov/ALADDIN_NEW/ALADDIN_NEW/mobile_apps/ALADDIN_iOS/Components/Modals/AgeGroupSelectionModal.swift /Users/sergejhlystov/ALADDIN_NEW/ALADDIN_NEW/mobile_apps/ALADDIN_iOS/ALADDINApp.swift /Users/sergejhlystov/ALADDIN_NEW/ALADDIN_NEW/mobile_apps/ALADDIN_iOS/Shared/Models/FunctionStatus.swift /Users/sergejhlystov/ALADDIN_NEW/ALADDIN_NEW/mobile_apps/ALADDIN_iOS/ViewModels/MainViewModel.swift /Users/sergejhlystov/ALADDIN_NEW/ALADDIN_NEW/mobile_apps/ALADDIN_iOS/Shared/Components/Buttons/PrimaryButton.swift /Users/sergejhlystov/ALADDIN_NEW/ALADDIN_NEW/mobile_apps/ALADDIN_iOS/Screens/NotificationSettingsScreen.swift /Users/sergejhlystov/ALADDIN_NEW/ALADDIN_NEW/mobile_apps/ALADDIN_iOS/Screens/ChildContentScreen.swift /Users/sergejhlystov/ALADDIN_NEW/ALADDIN_NEW/mobile_apps/ALADDIN_iOS/Shared/Components/StatItem.swift /Users/sergejhlystov/ALADDIN_NEW/ALADDIN_NEW/mobile_apps/ALADDIN_iOS/Shared/Components/Cards/FamilyMemberCard.swift /Users/sergejhlystov/ALADDIN_NEW/ALADDIN_NEW/mobile_apps/ALADDIN_iOS/ViewModels/VPNViewModel.swift /Users/sergejhlystov/ALADDIN_NEW/ALADDIN_NEW/mobile_apps/ALADDIN_iOS/Core/Models/APIModels.swift /Users/sergejhlystov/ALADDIN_NEW/ALADDIN_NEW/mobile_apps/ALADDIN_iOS/Core/VPN/VPNManager.swift /Users/sergejhlystov/ALADDIN_NEW/ALADDIN_NEW/mobile_apps/ALADDIN_iOS/Screens/UnicornPetView.swift /Users/sergejhlystov/ALADDIN_NEW/ALADDIN_NEW/mobile_apps/ALADDIN_iOS/Core/Network/APIService.swift /Users/sergejhlystov/ALADDIN_NEW/ALADDIN_NEW/mobile_apps/ALADDIN_iOS/Screens/18_PrivacyPolicyScreen.swift /Users/sergejhlystov/ALADDIN_NEW/ALADDIN_NEW/mobile_apps/ALADDIN_iOS/Screens/10_TariffsScreen.swift /Users/sergejhlystov/ALADDIN_NEW/ALADDIN_NEW/mobile_apps/ALADDIN_iOS/Screens/03_VPNScreen.swift /Users/sergejhlystov/ALADDIN_NEW/ALADDIN_NEW/mobile_apps/ALADDIN_iOS/Screens/09_ElderlyInterfaceScreen.swift /Users/sergejhlystov/ALADDIN_NEW/ALADDIN_NEW/mobile_apps/ALADDIN_iOS/Shared/Components/SecondaryButton.swift /Users/sergejhlystov/ALADDIN_NEW/ALADDIN_NEW/mobile_apps/ALADDIN_iOS/Screens/11_ProfileScreen.swift /Users/sergejhlystov/ALADDIN_NEW/ALADDIN_NEW/mobile_apps/ALADDIN_iOS/Core/Network/NetworkManager.swift /Users/sergejhlystov/ALADDIN_NEW/ALADDIN_NEW/mobile_apps/ALADDIN_iOS/Screens/19_TermsOfServiceScreen.swift /Users/sergejhlystov/ALADDIN_NEW/ALADDIN_NEW/mobile_apps/ALADDIN_iOS/Core/Config/AppConfig.swift /Users/sergejhlystov/ALADDIN_NEW/ALADDIN_NEW/mobile_apps/ALADDIN_iOS/ViewModels/FamilyViewModel.swift /Users/sergejhlystov/ALADDIN_NEW/ALADDIN_NEW/mobile_apps/ALADDIN_iOS/ViewModels/AIAssistantViewModel.swift /Users/sergejhlystov/ALADDIN_NEW/ALADDIN_NEW/mobile_apps/ALADDIN_iOS/Screens/22_DeviceDetailScreen.swift /Users/sergejhlystov/ALADDIN_NEW/ALADDIN_NEW/mobile_apps/ALADDIN_iOS/Screens/WidgetConfigurationScreen.swift /Users/sergejhlystov/ALADDIN_NEW/ALADDIN_NEW/mobile_apps/ALADDIN_iOS/Core/Security/KeychainManager.swift /Users/sergejhlystov/ALADDIN_NEW/ALADDIN_NEW/mobile_apps/ALADDIN_iOS/Shared/Components/Modals/MemberStatsModalView.swift /Users/sergejhlystov/ALADDIN_NEW/ALADDIN_NEW/mobile_apps/ALADDIN_iOS/Shared/Styles/Spacing.swift /Users/sergejhlystov/ALADDIN_NEW/ALADDIN_NEW/mobile_apps/ALADDIN_iOS/Shared/Components/RecoveryOptionsModal.swift /Users/sergejhlystov/ALADDIN_NEW/ALADDIN_NEW/mobile_apps/ALADDIN_iOS/ViewModels/SettingsViewModel.swift /Users/sergejhlystov/ALADDIN_NEW/ALADDIN_NEW/mobile_apps/ALADDIN_iOS/Shared/Components/InfoRow.swift /Users/sergejhlystov/ALADDIN_NEW/ALADDIN_NEW/mobile_apps/ALADDIN_iOS/Screens/25_PaymentQRScreen.swift /Users/sergejhlystov/ALADDIN_NEW/ALADDIN_NEW/mobile_apps/ALADDIN_iOS/Shared/Components/Modals/RoleSelectionModal.swift /Users/sergejhlystov/ALADDIN_NEW/ALADDIN_NEW/mobile_apps/ALADDIN_iOS/ViewModels/SupportViewModel.swift /Users/sergejhlystov/ALADDIN_NEW/ALADDIN_NEW/mobile_apps/ALADDIN_iOS/ViewModels/ChildInterfaceViewModel.swift /Users/sergejhlystov/ALADDIN_NEW/ALADDIN_NEW/mobile_apps/ALADDIN_iOS/Screens/12_NotificationsScreen.swift /Users/sergejhlystov/ALADDIN_NEW/ALADDIN_NEW/mobile_apps/ALADDIN_iOS/ViewModels/ElderlyInterfaceViewModel.swift /Users/sergejhlystov/ALADDIN_NEW/ALADDIN_NEW/mobile_apps/ALADDIN_iOS/ViewModels/AnalyticsViewModel.swift /Users/sergejhlystov/ALADDIN_NEW/ALADDIN_NEW/mobile_apps/ALADDIN_iOS/Core/Cache/CacheManager.swift /Users/sergejhlystov/ALADDIN_NEW/ALADDIN_NEW/mobile_apps/ALADDIN_iOS/ViewModels/NotificationsViewModel.swift /Users/sergejhlystov/ALADDIN_NEW/ALADDIN_NEW/mobile_apps/ALADDIN_iOS/Screens/06_AIAssistantScreen.swift -primary-file /Users/sergejhlystov/ALADDIN_NEW/ALADDIN_NEW/mobile_apps/ALADDIN_iOS/ViewModels/ProfileViewModel.swift -primary-file /Users/sergejhlystov/ALADDIN_NEW/ALADDIN_NEW/mobile_apps/ALADDIN_iOS/Components/Modals/ConsentModal.swift -primary-file /Users/sergejhlystov/ALADDIN_NEW/ALADDIN_NEW/mobile_apps/ALADDIN_iOS/ViewModels/ParentalControlViewModel.swift -primary-file /Users/sergejhlystov/ALADDIN_NEW/ALADDIN_NEW/mobile_apps/ALADDIN_iOS/ViewModels/OnboardingViewModel.swift -primary-file /Users/sergejhlystov/ALADDIN_NEW/ALADDIN_NEW/mobile_apps/ALADDIN_iOS/Shared/Styles/Colors.swift -primary-file /Users/sergejhlystov/ALADDIN_NEW/ALADDIN_NEW/mobile_apps/ALADDIN_iOS/Screens/ChildRewardsScreen.swift -primary-file /Users/sergejhlystov/ALADDIN_NEW/ALADDIN_NEW/mobile_apps/ALADDIN_iOS/Screens/21_ReferralScreen.swift -primary-file /Users/sergejhlystov/ALADDIN_NEW/ALADDIN_NEW/mobile_apps/ALADDIN_iOS/Shared/Components/AvatarSelector.swift -primary-file /Users/sergejhlystov/ALADDIN_NEW/ALADDIN_NEW/mobile_apps/ALADDIN_iOS/Shared/Components/Navigation/ALADDINNavigationBar.swift -primary-file /Users/sergejhlystov/ALADDIN_NEW/ALADDIN_NEW/mobile_apps/ALADDIN_iOS/Screens/14_OnboardingScreen.swift -primary-file /Users/sergejhlystov/ALADDIN_NEW/ALADDIN_NEW/mobile_apps/ALADDIN_iOS/Components/Modals/FamilyCreatedModal.swift /Users/sergejhlystov/ALADDIN_NEW/ALADDIN_NEW/mobile_apps/ALADDIN_iOS/ViewModels/PaymentQRViewModel.swift /Users/sergejhlystov/ALADDIN_NEW/ALADDIN_NEW/mobile_apps/ALADDIN_iOS/Core/Navigation/NavigationManager.swift /Users/sergejhlystov/ALADDIN_NEW/ALADDIN_NEW/mobile_apps/ALADDIN_iOS/Core/Accessibility/AccessibilityManager.swift /Users/sergejhlystov/ALADDIN_NEW/ALADDIN_NEW/mobile_apps/ALADDIN_iOS/Core/Store/StoreManager.swift /Users/sergejhlystov/ALADDIN_NEW/ALADDIN_NEW/mobile_apps/ALADDIN_iOS/Screens/WheelOfFortuneView.swift /Users/sergejhlystov/ALADDIN_NEW/ALADDIN_NEW/mobile_apps/ALADDIN_iOS/Screens/UnicornUniverseView.swift /Users/sergejhlystov/ALADDIN_NEW/ALADDIN_NEW/mobile_apps/ALADDIN_iOS/Core/Localization/LocalizationManager.swift /Users/sergejhlystov/ALADDIN_NEW/ALADDIN_NEW/mobile_apps/ALADDIN_iOS/Screens/13_SupportScreen.swift /Users/sergejhlystov/ALADDIN_NEW/ALADDIN_NEW/mobile_apps/ALADDIN_iOS/Core/Analytics/AnalyticsManager.swift /Users/sergejhlystov/ALADDIN_NEW/ALADDIN_NEW/mobile_apps/ALADDIN_iOS/Screens/07_ParentalControlScreen.swift /Users/sergejhlystov/ALADDIN_NEW/ALADDIN_NEW/mobile_apps/ALADDIN_iOS/Screens/05_SettingsScreen.swift /Users/sergejhlystov/ALADDIN_NEW/ALADDIN_NEW/mobile_apps/ALADDIN_iOS/Screens/RewardsModalView.swift /Users/sergejhlystov/ALADDIN_NEW/ALADDIN_NEW/mobile_apps/ALADDIN_iOS/Screens/23_FamilyChatScreen.swift /Users/sergejhlystov/ALADDIN_NEW/ALADDIN_NEW/mobile_apps/ALADDIN_iOS/Screens/02_FamilyScreen.swift /Users/sergejhlystov/ALADDIN_NEW/ALADDIN_NEW/mobile_apps/ALADDIN_iOS/Screens/20_DevicesScreen.swift /Users/sergejhlystov/ALADDIN_NEW/ALADDIN_NEW/mobile_apps/ALADDIN_iOS/Shared/Components/ViewModifiers.swift /Users/sergejhlystov/ALADDIN_NEW/ALADDIN_NEW/mobile_apps/ALADDIN_iOS/Shared/Components/HapticFeedback.swift /Users/sergejhlystov/ALADDIN_NEW/ALADDIN_NEW/mobile_apps/ALADDIN_iOS/Screens/MainScreenWithRegistration.swift /Users/sergejhlystov/ALADDIN_NEW/ALADDIN_NEW/mobile_apps/ALADDIN_iOS/Core/Network/NetworkError.swift /Users/sergejhlystov/ALADDIN_NEW/ALADDIN_NEW/mobile_apps/ALADDIN_iOS/Screens/LanguageSettingsScreen.swift /Users/sergejhlystov/ALADDIN_NEW/ALADDIN_NEW/mobile_apps/ALADDIN_iOS/ViewModels/FamilyRegistrationViewModel.swift /Users/sergejhlystov/ALADDIN_NEW/ALADDIN_NEW/mobile_apps/ALADDIN_iOS/Shared/Styles/CornerRadius.swift /Users/sergejhlystov/ALADDIN_NEW/ALADDIN_NEW/mobile_apps/ALADDIN_iOS/Screens/01_MainScreen.swift /Users/sergejhlystov/ALADDIN_NEW/ALADDIN_NEW/mobile_apps/ALADDIN_iOS/Screens/FamilyTournamentView.swift /Users/sergejhlystov/ALADDIN_NEW/ALADDIN_NEW/mobile_apps/ALADDIN_iOS/Shared/Styles/Fonts.swift /Users/sergejhlystov/ALADDIN_NEW/ALADDIN_NEW/mobile_apps/ALADDIN_iOS/Screens/GamesParentalControlView.swift /Users/sergejhlystov/ALADDIN_NEW/ALADDIN_NEW/mobile_apps/ALADDIN_iOS/Shared/Components/QRScannerModal.swift /Users/sergejhlystov/ALADDIN_NEW/ALADDIN_NEW/mobile_apps/ALADDIN_iOS/Screens/04_AnalyticsScreen.swift /Users/sergejhlystov/ALADDIN_NEW/ALADDIN_NEW/mobile_apps/ALADDIN_iOS/Screens/24_VPNEnergyStatsScreen.swift /Users/sergejhlystov/ALADDIN_NEW/ALADDIN_NEW/mobile_apps/ALADDIN_iOS/Shared/Components/Modals/ProfileEditView.swift /Users/sergejhlystov/ALADDIN_NEW/ALADDIN_NEW/mobile_apps/ALADDIN_iOS/ViewModels/TariffsViewModel.swift /Users/sergejhlystov/ALADDIN_NEW/ALADDIN_NEW/mobile_apps/ALADDIN_iOS/Core/Notifications/NotificationManager.swift /Users/sergejhlystov/ALADDIN_NEW/ALADDIN_NEW/mobile_apps/ALADDIN_iOS/Core/Security/SecurityManager.swift -supplementary-output-file-map /var/folders/rf/6rxcyql17sz57_02ng7jd7pr0000gn/T/TemporaryDirectory.wFGpdC/supplementaryOutputs-5 -target x86_64-apple-ios15.0-simulator -enable-objc-interop -sdk /Applications/Xcode.app/Contents/Developer/Platforms/iPhoneSimulator.platform/Developer/SDKs/iPhoneSimulator15.2.sdk -I /Users/sergejhlystov/Library/Developer/Xcode/DerivedData/ALADDIN-eahryzmutvtbyceygnlyjsmiiaha/Build/Products/Debug-iphonesimulator -F /Users/sergejhlystov/Library/Developer/Xcode/DerivedData/ALADDIN-eahryzmutvtbyceygnlyjsmiiaha/Build/Products/Debug-iphonesimulator -enable-testing -g -module-cache-path /Users/sergejhlystov/Library/Developer/Xcode/DerivedData/ModuleCache.noindex -emit-localized-strings -emit-localized-strings-path /Users/sergejhlystov/Library/Developer/Xcode/DerivedData/ALADDIN-eahryzmutvtbyceygnlyjsmiiaha/Build/Intermediates.noindex/ALADDIN.build/Debug-iphonesimulator/ALADDIN.build/Objects-normal/x86_64 -swift-version 5 -enforce-exclusivity\=checked -Onone -D DEBUG -new-driver-path /Applications/Xcode.app/Contents/Developer/Toolchains/XcodeDefault.xctoolchain/usr/bin/swift-driver -serialize-debugging-options -Xcc -working-directory -Xcc /Users/sergejhlystov/ALADDIN_NEW/ALADDIN_NEW/mobile_apps/ALADDIN_iOS -resource-dir /Applications/Xcode.app/Contents/Developer/Toolchains/XcodeDefault.xctoolchain/usr/lib/swift -enable-anonymous-context-mangled-names -Xcc -I/Users/sergejhlystov/Library/Developer/Xcode/DerivedData/ALADDIN-eahryzmutvtbyceygnlyjsmiiaha/Build/Intermediates.noindex/ALADDIN.build/Debug-iphonesimulator/ALADDIN.build/swift-overrides.hmap -Xcc -iquote -Xcc /Users/sergejhlystov/Library/Developer/Xcode/DerivedData/ALADDIN-eahryzmutvtbyceygnlyjsmiiaha/Build/Intermediates.noindex/ALADDIN.build/Debug-iphonesimulator/ALADDIN.build/ALADDIN-generated-files.hmap -Xcc -I/Users/sergejhlystov/Library/Developer/Xcode/DerivedData/ALADDIN-eahryzmutvtbyceygnlyjsmiiaha/Build/Intermediates.noindex/ALADDIN.build/Debug-iphonesimulator/ALADDIN.build/ALADDIN-own-target-headers.hmap -Xcc -I/Users/sergejhlystov/Library/Developer/Xcode/DerivedData/ALADDIN-eahryzmutvtbyceygnlyjsmiiaha/Build/Intermediates.noindex/ALADDIN.build/Debug-iphonesimulator/ALADDIN.build/ALADDIN-all-target-headers.hmap -Xcc -iquote -Xcc /Users/sergejhlystov/Library/Developer/Xcode/DerivedData/ALADDIN-eahryzmutvtbyceygnlyjsmiiaha/Build/Intermediates.noindex/ALADDIN.build/Debug-iphonesimulator/ALADDIN.build/ALADDIN-project-headers.hmap -Xcc -I/Users/sergejhlystov/Library/Developer/Xcode/DerivedData/ALADDIN-eahryzmutvtbyceygnlyjsmiiaha/Build/Products/Debug-iphonesimulator/include -Xcc -I/Users/sergejhlystov/Library/Developer/Xcode/DerivedData/ALADDIN-eahryzmutvtbyceygnlyjsmiiaha/Build/Intermediates.noindex/ALADDIN.build/Debug-iphonesimulator/ALADDIN.build/DerivedSources-normal/x86_64 -Xcc -I/Users/sergejhlystov/Library/Developer/Xcode/DerivedData/ALADDIN-eahryzmutvtbyceygnlyjsmiiaha/Build/Intermediates.noindex/ALADDIN.build/Debug-iphonesimulator/ALADDIN.build/DerivedSources/x86_64 -Xcc -I/Users/sergejhlystov/Library/Developer/Xcode/DerivedData/ALADDIN-eahryzmutvtbyceygnlyjsmiiaha/Build/Intermediates.noindex/ALADDIN.build/Debug-iphonesimulator/ALADDIN.build/DerivedSources -Xcc -DDEBUG\=1 -module-name ALADDIN -target-sdk-version 15.2.0 -o /Users/sergejhlystov/Library/Developer/Xcode/DerivedData/ALADDIN-eahryzmutvtbyceygnlyjsmiiaha/Build/Intermediates.noindex/ALADDIN.build/Debug-iphonesimulator/ALADDIN.build/Objects-normal/x86_64/ProfileViewModel.o -o /Users/sergejhlystov/Library/Developer/Xcode/DerivedData/ALADDIN-eahryzmutvtbyceygnlyjsmiiaha/Build/Intermediates.noindex/ALADDIN.build/Debug-iphonesimulator/ALADDIN.build/Objects-normal/x86_64/ConsentModal.o -o /Users/sergejhlystov/Library/Developer/Xcode/DerivedData/ALADDIN-eahryzmutvtbyceygnlyjsmiiaha/Build/Intermediates.noindex/ALADDIN.build/Debug-iphonesimulator/ALADDIN.build/Objects-normal/x86_64/ParentalControlViewModel.o -o /Users/sergejhlystov/Library/Developer/Xcode/DerivedData/ALADDIN-eahryzmutvtbyceygnlyjsmiiaha/Build/Intermediates.noindex/ALADDIN.build/Debug-iphonesimulator/ALADDIN.build/Objects-normal/x86_64/OnboardingViewModel.o -o /Users/sergejhlystov/Library/Developer/Xcode/DerivedData/ALADDIN-eahryzmutvtbyceygnlyjsmiiaha/Build/Intermediates.noindex/ALADDIN.build/Debug-iphonesimulator/ALADDIN.build/Objects-normal/x86_64/Colors.o -o /Users/sergejhlystov/Library/Developer/Xcode/DerivedData/ALADDIN-eahryzmutvtbyceygnlyjsmiiaha/Build/Intermediates.noindex/ALADDIN.build/Debug-iphonesimulator/ALADDIN.build/Objects-normal/x86_64/ChildRewardsScreen.o -o /Users/sergejhlystov/Library/Developer/Xcode/DerivedData/ALADDIN-eahryzmutvtbyceygnlyjsmiiaha/Build/Intermediates.noindex/ALADDIN.build/Debug-iphonesimulator/ALADDIN.build/Objects-normal/x86_64/21_ReferralScreen.o -o /Users/sergejhlystov/Library/Developer/Xcode/DerivedData/ALADDIN-eahryzmutvtbyceygnlyjsmiiaha/Build/Intermediates.noindex/ALADDIN.build/Debug-iphonesimulator/ALADDIN.build/Objects-normal/x86_64/AvatarSelector.o -o /Users/sergejhlystov/Library/Developer/Xcode/DerivedData/ALADDIN-eahryzmutvtbyceygnlyjsmiiaha/Build/Intermediates.noindex/ALADDIN.build/Debug-iphonesimulator/ALADDIN.build/Objects-normal/x86_64/ALADDINNavigationBar.o -o /Users/sergejhlystov/Library/Developer/Xcode/DerivedData/ALADDIN-eahryzmutvtbyceygnlyjsmiiaha/Build/Intermediates.noindex/ALADDIN.build/Debug-iphonesimulator/ALADDIN.build/Objects-normal/x86_64/14_OnboardingScreen-5371cb6ac3630fe50991897b0cdc2098.o -o /Users/sergejhlystov/Library/Developer/Xcode/DerivedData/ALADDIN-eahryzmutvtbyceygnlyjsmiiaha/Build/Intermediates.noindex/ALADDIN.build/Debug-iphonesimulator/ALADDIN.build/Objects-normal/x86_64/FamilyCreatedModal.o -index-store-path /Users/sergejhlystov/Library/Developer/Xcode/DerivedData/ALADDIN-eahryzmutvtbyceygnlyjsmiiaha/Index/DataStore -index-system-modules

CompileSwift normal x86_64 /Users/sergejhlystov/ALADDIN_NEW/ALADDIN_NEW/mobile_apps/ALADDIN_iOS/Shared/Components/Navigation/ALADDINNavigationBar.swift (in target 'ALADDIN' from project 'ALADDIN')
    cd /Users/sergejhlystov/ALADDIN_NEW/ALADDIN_NEW/mobile_apps/ALADDIN_iOS
    /Applications/Xcode.app/Contents/Developer/Toolchains/XcodeDefault.xctoolchain/usr/bin/swift-frontend -frontend -c /Users/sergejhlystov/ALADDIN_NEW/ALADDIN_NEW/mobile_apps/ALADDIN_iOS/Screens/RewardsQuickModal.swift /Users/sergejhlystov/ALADDIN_NEW/ALADDIN_NEW/mobile_apps/ALADDIN_iOS/Screens/08_ChildInterfaceScreen.swift /Users/sergejhlystov/ALADDIN_NEW/ALADDIN_NEW/mobile_apps/ALADDIN_iOS/ContentView.swift /Users/sergejhlystov/ALADDIN_NEW/ALADDIN_NEW/mobile_apps/ALADDIN_iOS/Shared/Components/ALADDINToggle.swift /Users/sergejhlystov/ALADDIN_NEW/ALADDIN_NEW/mobile_apps/ALADDIN_iOS/Components/Modals/AgeGroupSelectionModal.swift /Users/sergejhlystov/ALADDIN_NEW/ALADDIN_NEW/mobile_apps/ALADDIN_iOS/ALADDINApp.swift /Users/sergejhlystov/ALADDIN_NEW/ALADDIN_NEW/mobile_apps/ALADDIN_iOS/Shared/Models/FunctionStatus.swift /Users/sergejhlystov/ALADDIN_NEW/ALADDIN_NEW/mobile_apps/ALADDIN_iOS/ViewModels/MainViewModel.swift /Users/sergejhlystov/ALADDIN_NEW/ALADDIN_NEW/mobile_apps/ALADDIN_iOS/Shared/Components/Buttons/PrimaryButton.swift /Users/sergejhlystov/ALADDIN_NEW/ALADDIN_NEW/mobile_apps/ALADDIN_iOS/Screens/NotificationSettingsScreen.swift /Users/sergejhlystov/ALADDIN_NEW/ALADDIN_NEW/mobile_apps/ALADDIN_iOS/Screens/ChildContentScreen.swift /Users/sergejhlystov/ALADDIN_NEW/ALADDIN_NEW/mobile_apps/ALADDIN_iOS/Shared/Components/StatItem.swift /Users/sergejhlystov/ALADDIN_NEW/ALADDIN_NEW/mobile_apps/ALADDIN_iOS/Shared/Components/Cards/FamilyMemberCard.swift /Users/sergejhlystov/ALADDIN_NEW/ALADDIN_NEW/mobile_apps/ALADDIN_iOS/ViewModels/VPNViewModel.swift /Users/sergejhlystov/ALADDIN_NEW/ALADDIN_NEW/mobile_apps/ALADDIN_iOS/Core/Models/APIModels.swift /Users/sergejhlystov/ALADDIN_NEW/ALADDIN_NEW/mobile_apps/ALADDIN_iOS/Core/VPN/VPNManager.swift /Users/sergejhlystov/ALADDIN_NEW/ALADDIN_NEW/mobile_apps/ALADDIN_iOS/Screens/UnicornPetView.swift /Users/sergejhlystov/ALADDIN_NEW/ALADDIN_NEW/mobile_apps/ALADDIN_iOS/Core/Network/APIService.swift /Users/sergejhlystov/ALADDIN_NEW/ALADDIN_NEW/mobile_apps/ALADDIN_iOS/Screens/18_PrivacyPolicyScreen.swift /Users/sergejhlystov/ALADDIN_NEW/ALADDIN_NEW/mobile_apps/ALADDIN_iOS/Screens/10_TariffsScreen.swift /Users/sergejhlystov/ALADDIN_NEW/ALADDIN_NEW/mobile_apps/ALADDIN_iOS/Screens/03_VPNScreen.swift /Users/sergejhlystov/ALADDIN_NEW/ALADDIN_NEW/mobile_apps/ALADDIN_iOS/Screens/09_ElderlyInterfaceScreen.swift /Users/sergejhlystov/ALADDIN_NEW/ALADDIN_NEW/mobile_apps/ALADDIN_iOS/Shared/Components/SecondaryButton.swift /Users/sergejhlystov/ALADDIN_NEW/ALADDIN_NEW/mobile_apps/ALADDIN_iOS/Screens/11_ProfileScreen.swift /Users/sergejhlystov/ALADDIN_NEW/ALADDIN_NEW/mobile_apps/ALADDIN_iOS/Core/Network/NetworkManager.swift /Users/sergejhlystov/ALADDIN_NEW/ALADDIN_NEW/mobile_apps/ALADDIN_iOS/Screens/19_TermsOfServiceScreen.swift /Users/sergejhlystov/ALADDIN_NEW/ALADDIN_NEW/mobile_apps/ALADDIN_iOS/Core/Config/AppConfig.swift /Users/sergejhlystov/ALADDIN_NEW/ALADDIN_NEW/mobile_apps/ALADDIN_iOS/ViewModels/FamilyViewModel.swift /Users/sergejhlystov/ALADDIN_NEW/ALADDIN_NEW/mobile_apps/ALADDIN_iOS/ViewModels/AIAssistantViewModel.swift /Users/sergejhlystov/ALADDIN_NEW/ALADDIN_NEW/mobile_apps/ALADDIN_iOS/Screens/22_DeviceDetailScreen.swift /Users/sergejhlystov/ALADDIN_NEW/ALADDIN_NEW/mobile_apps/ALADDIN_iOS/Screens/WidgetConfigurationScreen.swift /Users/sergejhlystov/ALADDIN_NEW/ALADDIN_NEW/mobile_apps/ALADDIN_iOS/Core/Security/KeychainManager.swift /Users/sergejhlystov/ALADDIN_NEW/ALADDIN_NEW/mobile_apps/ALADDIN_iOS/Shared/Components/Modals/MemberStatsModalView.swift /Users/sergejhlystov/ALADDIN_NEW/ALADDIN_NEW/mobile_apps/ALADDIN_iOS/Shared/Styles/Spacing.swift /Users/sergejhlystov/ALADDIN_NEW/ALADDIN_NEW/mobile_apps/ALADDIN_iOS/Shared/Components/RecoveryOptionsModal.swift /Users/sergejhlystov/ALADDIN_NEW/ALADDIN_NEW/mobile_apps/ALADDIN_iOS/ViewModels/SettingsViewModel.swift /Users/sergejhlystov/ALADDIN_NEW/ALADDIN_NEW/mobile_apps/ALADDIN_iOS/Shared/Components/InfoRow.swift /Users/sergejhlystov/ALADDIN_NEW/ALADDIN_NEW/mobile_apps/ALADDIN_iOS/Screens/25_PaymentQRScreen.swift /Users/sergejhlystov/ALADDIN_NEW/ALADDIN_NEW/mobile_apps/ALADDIN_iOS/Shared/Components/Modals/RoleSelectionModal.swift /Users/sergejhlystov/ALADDIN_NEW/ALADDIN_NEW/mobile_apps/ALADDIN_iOS/ViewModels/SupportViewModel.swift /Users/sergejhlystov/ALADDIN_NEW/ALADDIN_NEW/mobile_apps/ALADDIN_iOS/ViewModels/ChildInterfaceViewModel.swift /Users/sergejhlystov/ALADDIN_NEW/ALADDIN_NEW/mobile_apps/ALADDIN_iOS/Screens/12_NotificationsScreen.swift /Users/sergejhlystov/ALADDIN_NEW/ALADDIN_NEW/mobile_apps/ALADDIN_iOS/ViewModels/ElderlyInterfaceViewModel.swift /Users/sergejhlystov/ALADDIN_NEW/ALADDIN_NEW/mobile_apps/ALADDIN_iOS/ViewModels/AnalyticsViewModel.swift /Users/sergejhlystov/ALADDIN_NEW/ALADDIN_NEW/mobile_apps/ALADDIN_iOS/Core/Cache/CacheManager.swift /Users/sergejhlystov/ALADDIN_NEW/ALADDIN_NEW/mobile_apps/ALADDIN_iOS/ViewModels/NotificationsViewModel.swift /Users/sergejhlystov/ALADDIN_NEW/ALADDIN_NEW/mobile_apps/ALADDIN_iOS/Screens/06_AIAssistantScreen.swift -primary-file /Users/sergejhlystov/ALADDIN_NEW/ALADDIN_NEW/mobile_apps/ALADDIN_iOS/ViewModels/ProfileViewModel.swift -primary-file /Users/sergejhlystov/ALADDIN_NEW/ALADDIN_NEW/mobile_apps/ALADDIN_iOS/Components/Modals/ConsentModal.swift -primary-file /Users/sergejhlystov/ALADDIN_NEW/ALADDIN_NEW/mobile_apps/ALADDIN_iOS/ViewModels/ParentalControlViewModel.swift -primary-file /Users/sergejhlystov/ALADDIN_NEW/ALADDIN_NEW/mobile_apps/ALADDIN_iOS/ViewModels/OnboardingViewModel.swift -primary-file /Users/sergejhlystov/ALADDIN_NEW/ALADDIN_NEW/mobile_apps/ALADDIN_iOS/Shared/Styles/Colors.swift -primary-file /Users/sergejhlystov/ALADDIN_NEW/ALADDIN_NEW/mobile_apps/ALADDIN_iOS/Screens/ChildRewardsScreen.swift -primary-file /Users/sergejhlystov/ALADDIN_NEW/ALADDIN_NEW/mobile_apps/ALADDIN_iOS/Screens/21_ReferralScreen.swift -primary-file /Users/sergejhlystov/ALADDIN_NEW/ALADDIN_NEW/mobile_apps/ALADDIN_iOS/Shared/Components/AvatarSelector.swift -primary-file /Users/sergejhlystov/ALADDIN_NEW/ALADDIN_NEW/mobile_apps/ALADDIN_iOS/Shared/Components/Navigation/ALADDINNavigationBar.swift -primary-file /Users/sergejhlystov/ALADDIN_NEW/ALADDIN_NEW/mobile_apps/ALADDIN_iOS/Screens/14_OnboardingScreen.swift -primary-file /Users/sergejhlystov/ALADDIN_NEW/ALADDIN_NEW/mobile_apps/ALADDIN_iOS/Components/Modals/FamilyCreatedModal.swift /Users/sergejhlystov/ALADDIN_NEW/ALADDIN_NEW/mobile_apps/ALADDIN_iOS/ViewModels/PaymentQRViewModel.swift /Users/sergejhlystov/ALADDIN_NEW/ALADDIN_NEW/mobile_apps/ALADDIN_iOS/Core/Navigation/NavigationManager.swift /Users/sergejhlystov/ALADDIN_NEW/ALADDIN_NEW/mobile_apps/ALADDIN_iOS/Core/Accessibility/AccessibilityManager.swift /Users/sergejhlystov/ALADDIN_NEW/ALADDIN_NEW/mobile_apps/ALADDIN_iOS/Core/Store/StoreManager.swift /Users/sergejhlystov/ALADDIN_NEW/ALADDIN_NEW/mobile_apps/ALADDIN_iOS/Screens/WheelOfFortuneView.swift /Users/sergejhlystov/ALADDIN_NEW/ALADDIN_NEW/mobile_apps/ALADDIN_iOS/Screens/UnicornUniverseView.swift /Users/sergejhlystov/ALADDIN_NEW/ALADDIN_NEW/mobile_apps/ALADDIN_iOS/Core/Localization/LocalizationManager.swift /Users/sergejhlystov/ALADDIN_NEW/ALADDIN_NEW/mobile_apps/ALADDIN_iOS/Screens/13_SupportScreen.swift /Users/sergejhlystov/ALADDIN_NEW/ALADDIN_NEW/mobile_apps/ALADDIN_iOS/Core/Analytics/AnalyticsManager.swift /Users/sergejhlystov/ALADDIN_NEW/ALADDIN_NEW/mobile_apps/ALADDIN_iOS/Screens/07_ParentalControlScreen.swift /Users/sergejhlystov/ALADDIN_NEW/ALADDIN_NEW/mobile_apps/ALADDIN_iOS/Screens/05_SettingsScreen.swift /Users/sergejhlystov/ALADDIN_NEW/ALADDIN_NEW/mobile_apps/ALADDIN_iOS/Screens/RewardsModalView.swift /Users/sergejhlystov/ALADDIN_NEW/ALADDIN_NEW/mobile_apps/ALADDIN_iOS/Screens/23_FamilyChatScreen.swift /Users/sergejhlystov/ALADDIN_NEW/ALADDIN_NEW/mobile_apps/ALADDIN_iOS/Screens/02_FamilyScreen.swift /Users/sergejhlystov/ALADDIN_NEW/ALADDIN_NEW/mobile_apps/ALADDIN_iOS/Screens/20_DevicesScreen.swift /Users/sergejhlystov/ALADDIN_NEW/ALADDIN_NEW/mobile_apps/ALADDIN_iOS/Shared/Components/ViewModifiers.swift /Users/sergejhlystov/ALADDIN_NEW/ALADDIN_NEW/mobile_apps/ALADDIN_iOS/Shared/Components/HapticFeedback.swift /Users/sergejhlystov/ALADDIN_NEW/ALADDIN_NEW/mobile_apps/ALADDIN_iOS/Screens/MainScreenWithRegistration.swift /Users/sergejhlystov/ALADDIN_NEW/ALADDIN_NEW/mobile_apps/ALADDIN_iOS/Core/Network/NetworkError.swift /Users/sergejhlystov/ALADDIN_NEW/ALADDIN_NEW/mobile_apps/ALADDIN_iOS/Screens/LanguageSettingsScreen.swift /Users/sergejhlystov/ALADDIN_NEW/ALADDIN_NEW/mobile_apps/ALADDIN_iOS/ViewModels/FamilyRegistrationViewModel.swift /Users/sergejhlystov/ALADDIN_NEW/ALADDIN_NEW/mobile_apps/ALADDIN_iOS/Shared/Styles/CornerRadius.swift /Users/sergejhlystov/ALADDIN_NEW/ALADDIN_NEW/mobile_apps/ALADDIN_iOS/Screens/01_MainScreen.swift /Users/sergejhlystov/ALADDIN_NEW/ALADDIN_NEW/mobile_apps/ALADDIN_iOS/Screens/FamilyTournamentView.swift /Users/sergejhlystov/ALADDIN_NEW/ALADDIN_NEW/mobile_apps/ALADDIN_iOS/Shared/Styles/Fonts.swift /Users/sergejhlystov/ALADDIN_NEW/ALADDIN_NEW/mobile_apps/ALADDIN_iOS/Screens/GamesParentalControlView.swift /Users/sergejhlystov/ALADDIN_NEW/ALADDIN_NEW/mobile_apps/ALADDIN_iOS/Shared/Components/QRScannerModal.swift /Users/sergejhlystov/ALADDIN_NEW/ALADDIN_NEW/mobile_apps/ALADDIN_iOS/Screens/04_AnalyticsScreen.swift /Users/sergejhlystov/ALADDIN_NEW/ALADDIN_NEW/mobile_apps/ALADDIN_iOS/Screens/24_VPNEnergyStatsScreen.swift /Users/sergejhlystov/ALADDIN_NEW/ALADDIN_NEW/mobile_apps/ALADDIN_iOS/Shared/Components/Modals/ProfileEditView.swift /Users/sergejhlystov/ALADDIN_NEW/ALADDIN_NEW/mobile_apps/ALADDIN_iOS/ViewModels/TariffsViewModel.swift /Users/sergejhlystov/ALADDIN_NEW/ALADDIN_NEW/mobile_apps/ALADDIN_iOS/Core/Notifications/NotificationManager.swift /Users/sergejhlystov/ALADDIN_NEW/ALADDIN_NEW/mobile_apps/ALADDIN_iOS/Core/Security/SecurityManager.swift -supplementary-output-file-map /var/folders/rf/6rxcyql17sz57_02ng7jd7pr0000gn/T/TemporaryDirectory.wFGpdC/supplementaryOutputs-5 -target x86_64-apple-ios15.0-simulator -enable-objc-interop -sdk /Applications/Xcode.app/Contents/Developer/Platforms/iPhoneSimulator.platform/Developer/SDKs/iPhoneSimulator15.2.sdk -I /Users/sergejhlystov/Library/Developer/Xcode/DerivedData/ALADDIN-eahryzmutvtbyceygnlyjsmiiaha/Build/Products/Debug-iphonesimulator -F /Users/sergejhlystov/Library/Developer/Xcode/DerivedData/ALADDIN-eahryzmutvtbyceygnlyjsmiiaha/Build/Products/Debug-iphonesimulator -enable-testing -g -module-cache-path /Users/sergejhlystov/Library/Developer/Xcode/DerivedData/ModuleCache.noindex -emit-localized-strings -emit-localized-strings-path /Users/sergejhlystov/Library/Developer/Xcode/DerivedData/ALADDIN-eahryzmutvtbyceygnlyjsmiiaha/Build/Intermediates.noindex/ALADDIN.build/Debug-iphonesimulator/ALADDIN.build/Objects-normal/x86_64 -swift-version 5 -enforce-exclusivity\=checked -Onone -D DEBUG -new-driver-path /Applications/Xcode.app/Contents/Developer/Toolchains/XcodeDefault.xctoolchain/usr/bin/swift-driver -serialize-debugging-options -Xcc -working-directory -Xcc /Users/sergejhlystov/ALADDIN_NEW/ALADDIN_NEW/mobile_apps/ALADDIN_iOS -resource-dir /Applications/Xcode.app/Contents/Developer/Toolchains/XcodeDefault.xctoolchain/usr/lib/swift -enable-anonymous-context-mangled-names -Xcc -I/Users/sergejhlystov/Library/Developer/Xcode/DerivedData/ALADDIN-eahryzmutvtbyceygnlyjsmiiaha/Build/Intermediates.noindex/ALADDIN.build/Debug-iphonesimulator/ALADDIN.build/swift-overrides.hmap -Xcc -iquote -Xcc /Users/sergejhlystov/Library/Developer/Xcode/DerivedData/ALADDIN-eahryzmutvtbyceygnlyjsmiiaha/Build/Intermediates.noindex/ALADDIN.build/Debug-iphonesimulator/ALADDIN.build/ALADDIN-generated-files.hmap -Xcc -I/Users/sergejhlystov/Library/Developer/Xcode/DerivedData/ALADDIN-eahryzmutvtbyceygnlyjsmiiaha/Build/Intermediates.noindex/ALADDIN.build/Debug-iphonesimulator/ALADDIN.build/ALADDIN-own-target-headers.hmap -Xcc -I/Users/sergejhlystov/Library/Developer/Xcode/DerivedData/ALADDIN-eahryzmutvtbyceygnlyjsmiiaha/Build/Intermediates.noindex/ALADDIN.build/Debug-iphonesimulator/ALADDIN.build/ALADDIN-all-target-headers.hmap -Xcc -iquote -Xcc /Users/sergejhlystov/Library/Developer/Xcode/DerivedData/ALADDIN-eahryzmutvtbyceygnlyjsmiiaha/Build/Intermediates.noindex/ALADDIN.build/Debug-iphonesimulator/ALADDIN.build/ALADDIN-project-headers.hmap -Xcc -I/Users/sergejhlystov/Library/Developer/Xcode/DerivedData/ALADDIN-eahryzmutvtbyceygnlyjsmiiaha/Build/Products/Debug-iphonesimulator/include -Xcc -I/Users/sergejhlystov/Library/Developer/Xcode/DerivedData/ALADDIN-eahryzmutvtbyceygnlyjsmiiaha/Build/Intermediates.noindex/ALADDIN.build/Debug-iphonesimulator/ALADDIN.build/DerivedSources-normal/x86_64 -Xcc -I/Users/sergejhlystov/Library/Developer/Xcode/DerivedData/ALADDIN-eahryzmutvtbyceygnlyjsmiiaha/Build/Intermediates.noindex/ALADDIN.build/Debug-iphonesimulator/ALADDIN.build/DerivedSources/x86_64 -Xcc -I/Users/sergejhlystov/Library/Developer/Xcode/DerivedData/ALADDIN-eahryzmutvtbyceygnlyjsmiiaha/Build/Intermediates.noindex/ALADDIN.build/Debug-iphonesimulator/ALADDIN.build/DerivedSources -Xcc -DDEBUG\=1 -module-name ALADDIN -target-sdk-version 15.2.0 -o /Users/sergejhlystov/Library/Developer/Xcode/DerivedData/ALADDIN-eahryzmutvtbyceygnlyjsmiiaha/Build/Intermediates.noindex/ALADDIN.build/Debug-iphonesimulator/ALADDIN.build/Objects-normal/x86_64/ProfileViewModel.o -o /Users/sergejhlystov/Library/Developer/Xcode/DerivedData/ALADDIN-eahryzmutvtbyceygnlyjsmiiaha/Build/Intermediates.noindex/ALADDIN.build/Debug-iphonesimulator/ALADDIN.build/Objects-normal/x86_64/ConsentModal.o -o /Users/sergejhlystov/Library/Developer/Xcode/DerivedData/ALADDIN-eahryzmutvtbyceygnlyjsmiiaha/Build/Intermediates.noindex/ALADDIN.build/Debug-iphonesimulator/ALADDIN.build/Objects-normal/x86_64/ParentalControlViewModel.o -o /Users/sergejhlystov/Library/Developer/Xcode/DerivedData/ALADDIN-eahryzmutvtbyceygnlyjsmiiaha/Build/Intermediates.noindex/ALADDIN.build/Debug-iphonesimulator/ALADDIN.build/Objects-normal/x86_64/OnboardingViewModel.o -o /Users/sergejhlystov/Library/Developer/Xcode/DerivedData/ALADDIN-eahryzmutvtbyceygnlyjsmiiaha/Build/Intermediates.noindex/ALADDIN.build/Debug-iphonesimulator/ALADDIN.build/Objects-normal/x86_64/Colors.o -o /Users/sergejhlystov/Library/Developer/Xcode/DerivedData/ALADDIN-eahryzmutvtbyceygnlyjsmiiaha/Build/Intermediates.noindex/ALADDIN.build/Debug-iphonesimulator/ALADDIN.build/Objects-normal/x86_64/ChildRewardsScreen.o -o /Users/sergejhlystov/Library/Developer/Xcode/DerivedData/ALADDIN-eahryzmutvtbyceygnlyjsmiiaha/Build/Intermediates.noindex/ALADDIN.build/Debug-iphonesimulator/ALADDIN.build/Objects-normal/x86_64/21_ReferralScreen.o -o /Users/sergejhlystov/Library/Developer/Xcode/DerivedData/ALADDIN-eahryzmutvtbyceygnlyjsmiiaha/Build/Intermediates.noindex/ALADDIN.build/Debug-iphonesimulator/ALADDIN.build/Objects-normal/x86_64/AvatarSelector.o -o /Users/sergejhlystov/Library/Developer/Xcode/DerivedData/ALADDIN-eahryzmutvtbyceygnlyjsmiiaha/Build/Intermediates.noindex/ALADDIN.build/Debug-iphonesimulator/ALADDIN.build/Objects-normal/x86_64/ALADDINNavigationBar.o -o /Users/sergejhlystov/Library/Developer/Xcode/DerivedData/ALADDIN-eahryzmutvtbyceygnlyjsmiiaha/Build/Intermediates.noindex/ALADDIN.build/Debug-iphonesimulator/ALADDIN.build/Objects-normal/x86_64/14_OnboardingScreen-5371cb6ac3630fe50991897b0cdc2098.o -o /Users/sergejhlystov/Library/Developer/Xcode/DerivedData/ALADDIN-eahryzmutvtbyceygnlyjsmiiaha/Build/Intermediates.noindex/ALADDIN.build/Debug-iphonesimulator/ALADDIN.build/Objects-normal/x86_64/FamilyCreatedModal.o -index-store-path /Users/sergejhlystov/Library/Developer/Xcode/DerivedData/ALADDIN-eahryzmutvtbyceygnlyjsmiiaha/Index/DataStore -index-system-modules

CompileSwift normal x86_64 /Users/sergejhlystov/ALADDIN_NEW/ALADDIN_NEW/mobile_apps/ALADDIN_iOS/Screens/14_OnboardingScreen.swift (in target 'ALADDIN' from project 'ALADDIN')
    cd /Users/sergejhlystov/ALADDIN_NEW/ALADDIN_NEW/mobile_apps/ALADDIN_iOS
    /Applications/Xcode.app/Contents/Developer/Toolchains/XcodeDefault.xctoolchain/usr/bin/swift-frontend -frontend -c /Users/sergejhlystov/ALADDIN_NEW/ALADDIN_NEW/mobile_apps/ALADDIN_iOS/Screens/RewardsQuickModal.swift /Users/sergejhlystov/ALADDIN_NEW/ALADDIN_NEW/mobile_apps/ALADDIN_iOS/Screens/08_ChildInterfaceScreen.swift /Users/sergejhlystov/ALADDIN_NEW/ALADDIN_NEW/mobile_apps/ALADDIN_iOS/ContentView.swift /Users/sergejhlystov/ALADDIN_NEW/ALADDIN_NEW/mobile_apps/ALADDIN_iOS/Shared/Components/ALADDINToggle.swift /Users/sergejhlystov/ALADDIN_NEW/ALADDIN_NEW/mobile_apps/ALADDIN_iOS/Components/Modals/AgeGroupSelectionModal.swift /Users/sergejhlystov/ALADDIN_NEW/ALADDIN_NEW/mobile_apps/ALADDIN_iOS/ALADDINApp.swift /Users/sergejhlystov/ALADDIN_NEW/ALADDIN_NEW/mobile_apps/ALADDIN_iOS/Shared/Models/FunctionStatus.swift /Users/sergejhlystov/ALADDIN_NEW/ALADDIN_NEW/mobile_apps/ALADDIN_iOS/ViewModels/MainViewModel.swift /Users/sergejhlystov/ALADDIN_NEW/ALADDIN_NEW/mobile_apps/ALADDIN_iOS/Shared/Components/Buttons/PrimaryButton.swift /Users/sergejhlystov/ALADDIN_NEW/ALADDIN_NEW/mobile_apps/ALADDIN_iOS/Screens/NotificationSettingsScreen.swift /Users/sergejhlystov/ALADDIN_NEW/ALADDIN_NEW/mobile_apps/ALADDIN_iOS/Screens/ChildContentScreen.swift /Users/sergejhlystov/ALADDIN_NEW/ALADDIN_NEW/mobile_apps/ALADDIN_iOS/Shared/Components/StatItem.swift /Users/sergejhlystov/ALADDIN_NEW/ALADDIN_NEW/mobile_apps/ALADDIN_iOS/Shared/Components/Cards/FamilyMemberCard.swift /Users/sergejhlystov/ALADDIN_NEW/ALADDIN_NEW/mobile_apps/ALADDIN_iOS/ViewModels/VPNViewModel.swift /Users/sergejhlystov/ALADDIN_NEW/ALADDIN_NEW/mobile_apps/ALADDIN_iOS/Core/Models/APIModels.swift /Users/sergejhlystov/ALADDIN_NEW/ALADDIN_NEW/mobile_apps/ALADDIN_iOS/Core/VPN/VPNManager.swift /Users/sergejhlystov/ALADDIN_NEW/ALADDIN_NEW/mobile_apps/ALADDIN_iOS/Screens/UnicornPetView.swift /Users/sergejhlystov/ALADDIN_NEW/ALADDIN_NEW/mobile_apps/ALADDIN_iOS/Core/Network/APIService.swift /Users/sergejhlystov/ALADDIN_NEW/ALADDIN_NEW/mobile_apps/ALADDIN_iOS/Screens/18_PrivacyPolicyScreen.swift /Users/sergejhlystov/ALADDIN_NEW/ALADDIN_NEW/mobile_apps/ALADDIN_iOS/Screens/10_TariffsScreen.swift /Users/sergejhlystov/ALADDIN_NEW/ALADDIN_NEW/mobile_apps/ALADDIN_iOS/Screens/03_VPNScreen.swift /Users/sergejhlystov/ALADDIN_NEW/ALADDIN_NEW/mobile_apps/ALADDIN_iOS/Screens/09_ElderlyInterfaceScreen.swift /Users/sergejhlystov/ALADDIN_NEW/ALADDIN_NEW/mobile_apps/ALADDIN_iOS/Shared/Components/SecondaryButton.swift /Users/sergejhlystov/ALADDIN_NEW/ALADDIN_NEW/mobile_apps/ALADDIN_iOS/Screens/11_ProfileScreen.swift /Users/sergejhlystov/ALADDIN_NEW/ALADDIN_NEW/mobile_apps/ALADDIN_iOS/Core/Network/NetworkManager.swift /Users/sergejhlystov/ALADDIN_NEW/ALADDIN_NEW/mobile_apps/ALADDIN_iOS/Screens/19_TermsOfServiceScreen.swift /Users/sergejhlystov/ALADDIN_NEW/ALADDIN_NEW/mobile_apps/ALADDIN_iOS/Core/Config/AppConfig.swift /Users/sergejhlystov/ALADDIN_NEW/ALADDIN_NEW/mobile_apps/ALADDIN_iOS/ViewModels/FamilyViewModel.swift /Users/sergejhlystov/ALADDIN_NEW/ALADDIN_NEW/mobile_apps/ALADDIN_iOS/ViewModels/AIAssistantViewModel.swift /Users/sergejhlystov/ALADDIN_NEW/ALADDIN_NEW/mobile_apps/ALADDIN_iOS/Screens/22_DeviceDetailScreen.swift /Users/sergejhlystov/ALADDIN_NEW/ALADDIN_NEW/mobile_apps/ALADDIN_iOS/Screens/WidgetConfigurationScreen.swift /Users/sergejhlystov/ALADDIN_NEW/ALADDIN_NEW/mobile_apps/ALADDIN_iOS/Core/Security/KeychainManager.swift /Users/sergejhlystov/ALADDIN_NEW/ALADDIN_NEW/mobile_apps/ALADDIN_iOS/Shared/Components/Modals/MemberStatsModalView.swift /Users/sergejhlystov/ALADDIN_NEW/ALADDIN_NEW/mobile_apps/ALADDIN_iOS/Shared/Styles/Spacing.swift /Users/sergejhlystov/ALADDIN_NEW/ALADDIN_NEW/mobile_apps/ALADDIN_iOS/Shared/Components/RecoveryOptionsModal.swift /Users/sergejhlystov/ALADDIN_NEW/ALADDIN_NEW/mobile_apps/ALADDIN_iOS/ViewModels/SettingsViewModel.swift /Users/sergejhlystov/ALADDIN_NEW/ALADDIN_NEW/mobile_apps/ALADDIN_iOS/Shared/Components/InfoRow.swift /Users/sergejhlystov/ALADDIN_NEW/ALADDIN_NEW/mobile_apps/ALADDIN_iOS/Screens/25_PaymentQRScreen.swift /Users/sergejhlystov/ALADDIN_NEW/ALADDIN_NEW/mobile_apps/ALADDIN_iOS/Shared/Components/Modals/RoleSelectionModal.swift /Users/sergejhlystov/ALADDIN_NEW/ALADDIN_NEW/mobile_apps/ALADDIN_iOS/ViewModels/SupportViewModel.swift /Users/sergejhlystov/ALADDIN_NEW/ALADDIN_NEW/mobile_apps/ALADDIN_iOS/ViewModels/ChildInterfaceViewModel.swift /Users/sergejhlystov/ALADDIN_NEW/ALADDIN_NEW/mobile_apps/ALADDIN_iOS/Screens/12_NotificationsScreen.swift /Users/sergejhlystov/ALADDIN_NEW/ALADDIN_NEW/mobile_apps/ALADDIN_iOS/ViewModels/ElderlyInterfaceViewModel.swift /Users/sergejhlystov/ALADDIN_NEW/ALADDIN_NEW/mobile_apps/ALADDIN_iOS/ViewModels/AnalyticsViewModel.swift /Users/sergejhlystov/ALADDIN_NEW/ALADDIN_NEW/mobile_apps/ALADDIN_iOS/Core/Cache/CacheManager.swift /Users/sergejhlystov/ALADDIN_NEW/ALADDIN_NEW/mobile_apps/ALADDIN_iOS/ViewModels/NotificationsViewModel.swift /Users/sergejhlystov/ALADDIN_NEW/ALADDIN_NEW/mobile_apps/ALADDIN_iOS/Screens/06_AIAssistantScreen.swift -primary-file /Users/sergejhlystov/ALADDIN_NEW/ALADDIN_NEW/mobile_apps/ALADDIN_iOS/ViewModels/ProfileViewModel.swift -primary-file /Users/sergejhlystov/ALADDIN_NEW/ALADDIN_NEW/mobile_apps/ALADDIN_iOS/Components/Modals/ConsentModal.swift -primary-file /Users/sergejhlystov/ALADDIN_NEW/ALADDIN_NEW/mobile_apps/ALADDIN_iOS/ViewModels/ParentalControlViewModel.swift -primary-file /Users/sergejhlystov/ALADDIN_NEW/ALADDIN_NEW/mobile_apps/ALADDIN_iOS/ViewModels/OnboardingViewModel.swift -primary-file /Users/sergejhlystov/ALADDIN_NEW/ALADDIN_NEW/mobile_apps/ALADDIN_iOS/Shared/Styles/Colors.swift -primary-file /Users/sergejhlystov/ALADDIN_NEW/ALADDIN_NEW/mobile_apps/ALADDIN_iOS/Screens/ChildRewardsScreen.swift -primary-file /Users/sergejhlystov/ALADDIN_NEW/ALADDIN_NEW/mobile_apps/ALADDIN_iOS/Screens/21_ReferralScreen.swift -primary-file /Users/sergejhlystov/ALADDIN_NEW/ALADDIN_NEW/mobile_apps/ALADDIN_iOS/Shared/Components/AvatarSelector.swift -primary-file /Users/sergejhlystov/ALADDIN_NEW/ALADDIN_NEW/mobile_apps/ALADDIN_iOS/Shared/Components/Navigation/ALADDINNavigationBar.swift -primary-file /Users/sergejhlystov/ALADDIN_NEW/ALADDIN_NEW/mobile_apps/ALADDIN_iOS/Screens/14_OnboardingScreen.swift -primary-file /Users/sergejhlystov/ALADDIN_NEW/ALADDIN_NEW/mobile_apps/ALADDIN_iOS/Components/Modals/FamilyCreatedModal.swift /Users/sergejhlystov/ALADDIN_NEW/ALADDIN_NEW/mobile_apps/ALADDIN_iOS/ViewModels/PaymentQRViewModel.swift /Users/sergejhlystov/ALADDIN_NEW/ALADDIN_NEW/mobile_apps/ALADDIN_iOS/Core/Navigation/NavigationManager.swift /Users/sergejhlystov/ALADDIN_NEW/ALADDIN_NEW/mobile_apps/ALADDIN_iOS/Core/Accessibility/AccessibilityManager.swift /Users/sergejhlystov/ALADDIN_NEW/ALADDIN_NEW/mobile_apps/ALADDIN_iOS/Core/Store/StoreManager.swift /Users/sergejhlystov/ALADDIN_NEW/ALADDIN_NEW/mobile_apps/ALADDIN_iOS/Screens/WheelOfFortuneView.swift /Users/sergejhlystov/ALADDIN_NEW/ALADDIN_NEW/mobile_apps/ALADDIN_iOS/Screens/UnicornUniverseView.swift /Users/sergejhlystov/ALADDIN_NEW/ALADDIN_NEW/mobile_apps/ALADDIN_iOS/Core/Localization/LocalizationManager.swift /Users/sergejhlystov/ALADDIN_NEW/ALADDIN_NEW/mobile_apps/ALADDIN_iOS/Screens/13_SupportScreen.swift /Users/sergejhlystov/ALADDIN_NEW/ALADDIN_NEW/mobile_apps/ALADDIN_iOS/Core/Analytics/AnalyticsManager.swift /Users/sergejhlystov/ALADDIN_NEW/ALADDIN_NEW/mobile_apps/ALADDIN_iOS/Screens/07_ParentalControlScreen.swift /Users/sergejhlystov/ALADDIN_NEW/ALADDIN_NEW/mobile_apps/ALADDIN_iOS/Screens/05_SettingsScreen.swift /Users/sergejhlystov/ALADDIN_NEW/ALADDIN_NEW/mobile_apps/ALADDIN_iOS/Screens/RewardsModalView.swift /Users/sergejhlystov/ALADDIN_NEW/ALADDIN_NEW/mobile_apps/ALADDIN_iOS/Screens/23_FamilyChatScreen.swift /Users/sergejhlystov/ALADDIN_NEW/ALADDIN_NEW/mobile_apps/ALADDIN_iOS/Screens/02_FamilyScreen.swift /Users/sergejhlystov/ALADDIN_NEW/ALADDIN_NEW/mobile_apps/ALADDIN_iOS/Screens/20_DevicesScreen.swift /Users/sergejhlystov/ALADDIN_NEW/ALADDIN_NEW/mobile_apps/ALADDIN_iOS/Shared/Components/ViewModifiers.swift /Users/sergejhlystov/ALADDIN_NEW/ALADDIN_NEW/mobile_apps/ALADDIN_iOS/Shared/Components/HapticFeedback.swift /Users/sergejhlystov/ALADDIN_NEW/ALADDIN_NEW/mobile_apps/ALADDIN_iOS/Screens/MainScreenWithRegistration.swift /Users/sergejhlystov/ALADDIN_NEW/ALADDIN_NEW/mobile_apps/ALADDIN_iOS/Core/Network/NetworkError.swift /Users/sergejhlystov/ALADDIN_NEW/ALADDIN_NEW/mobile_apps/ALADDIN_iOS/Screens/LanguageSettingsScreen.swift /Users/sergejhlystov/ALADDIN_NEW/ALADDIN_NEW/mobile_apps/ALADDIN_iOS/ViewModels/FamilyRegistrationViewModel.swift /Users/sergejhlystov/ALADDIN_NEW/ALADDIN_NEW/mobile_apps/ALADDIN_iOS/Shared/Styles/CornerRadius.swift /Users/sergejhlystov/ALADDIN_NEW/ALADDIN_NEW/mobile_apps/ALADDIN_iOS/Screens/01_MainScreen.swift /Users/sergejhlystov/ALADDIN_NEW/ALADDIN_NEW/mobile_apps/ALADDIN_iOS/Screens/FamilyTournamentView.swift /Users/sergejhlystov/ALADDIN_NEW/ALADDIN_NEW/mobile_apps/ALADDIN_iOS/Shared/Styles/Fonts.swift /Users/sergejhlystov/ALADDIN_NEW/ALADDIN_NEW/mobile_apps/ALADDIN_iOS/Screens/GamesParentalControlView.swift /Users/sergejhlystov/ALADDIN_NEW/ALADDIN_NEW/mobile_apps/ALADDIN_iOS/Shared/Components/QRScannerModal.swift /Users/sergejhlystov/ALADDIN_NEW/ALADDIN_NEW/mobile_apps/ALADDIN_iOS/Screens/04_AnalyticsScreen.swift /Users/sergejhlystov/ALADDIN_NEW/ALADDIN_NEW/mobile_apps/ALADDIN_iOS/Screens/24_VPNEnergyStatsScreen.swift /Users/sergejhlystov/ALADDIN_NEW/ALADDIN_NEW/mobile_apps/ALADDIN_iOS/Shared/Components/Modals/ProfileEditView.swift /Users/sergejhlystov/ALADDIN_NEW/ALADDIN_NEW/mobile_apps/ALADDIN_iOS/ViewModels/TariffsViewModel.swift /Users/sergejhlystov/ALADDIN_NEW/ALADDIN_NEW/mobile_apps/ALADDIN_iOS/Core/Notifications/NotificationManager.swift /Users/sergejhlystov/ALADDIN_NEW/ALADDIN_NEW/mobile_apps/ALADDIN_iOS/Core/Security/SecurityManager.swift -supplementary-output-file-map /var/folders/rf/6rxcyql17sz57_02ng7jd7pr0000gn/T/TemporaryDirectory.wFGpdC/supplementaryOutputs-5 -target x86_64-apple-ios15.0-simulator -enable-objc-interop -sdk /Applications/Xcode.app/Contents/Developer/Platforms/iPhoneSimulator.platform/Developer/SDKs/iPhoneSimulator15.2.sdk -I /Users/sergejhlystov/Library/Developer/Xcode/DerivedData/ALADDIN-eahryzmutvtbyceygnlyjsmiiaha/Build/Products/Debug-iphonesimulator -F /Users/sergejhlystov/Library/Developer/Xcode/DerivedData/ALADDIN-eahryzmutvtbyceygnlyjsmiiaha/Build/Products/Debug-iphonesimulator -enable-testing -g -module-cache-path /Users/sergejhlystov/Library/Developer/Xcode/DerivedData/ModuleCache.noindex -emit-localized-strings -emit-localized-strings-path /Users/sergejhlystov/Library/Developer/Xcode/DerivedData/ALADDIN-eahryzmutvtbyceygnlyjsmiiaha/Build/Intermediates.noindex/ALADDIN.build/Debug-iphonesimulator/ALADDIN.build/Objects-normal/x86_64 -swift-version 5 -enforce-exclusivity\=checked -Onone -D DEBUG -new-driver-path /Applications/Xcode.app/Contents/Developer/Toolchains/XcodeDefault.xctoolchain/usr/bin/swift-driver -serialize-debugging-options -Xcc -working-directory -Xcc /Users/sergejhlystov/ALADDIN_NEW/ALADDIN_NEW/mobile_apps/ALADDIN_iOS -resource-dir /Applications/Xcode.app/Contents/Developer/Toolchains/XcodeDefault.xctoolchain/usr/lib/swift -enable-anonymous-context-mangled-names -Xcc -I/Users/sergejhlystov/Library/Developer/Xcode/DerivedData/ALADDIN-eahryzmutvtbyceygnlyjsmiiaha/Build/Intermediates.noindex/ALADDIN.build/Debug-iphonesimulator/ALADDIN.build/swift-overrides.hmap -Xcc -iquote -Xcc /Users/sergejhlystov/Library/Developer/Xcode/DerivedData/ALADDIN-eahryzmutvtbyceygnlyjsmiiaha/Build/Intermediates.noindex/ALADDIN.build/Debug-iphonesimulator/ALADDIN.build/ALADDIN-generated-files.hmap -Xcc -I/Users/sergejhlystov/Library/Developer/Xcode/DerivedData/ALADDIN-eahryzmutvtbyceygnlyjsmiiaha/Build/Intermediates.noindex/ALADDIN.build/Debug-iphonesimulator/ALADDIN.build/ALADDIN-own-target-headers.hmap -Xcc -I/Users/sergejhlystov/Library/Developer/Xcode/DerivedData/ALADDIN-eahryzmutvtbyceygnlyjsmiiaha/Build/Intermediates.noindex/ALADDIN.build/Debug-iphonesimulator/ALADDIN.build/ALADDIN-all-target-headers.hmap -Xcc -iquote -Xcc /Users/sergejhlystov/Library/Developer/Xcode/DerivedData/ALADDIN-eahryzmutvtbyceygnlyjsmiiaha/Build/Intermediates.noindex/ALADDIN.build/Debug-iphonesimulator/ALADDIN.build/ALADDIN-project-headers.hmap -Xcc -I/Users/sergejhlystov/Library/Developer/Xcode/DerivedData/ALADDIN-eahryzmutvtbyceygnlyjsmiiaha/Build/Products/Debug-iphonesimulator/include -Xcc -I/Users/sergejhlystov/Library/Developer/Xcode/DerivedData/ALADDIN-eahryzmutvtbyceygnlyjsmiiaha/Build/Intermediates.noindex/ALADDIN.build/Debug-iphonesimulator/ALADDIN.build/DerivedSources-normal/x86_64 -Xcc -I/Users/sergejhlystov/Library/Developer/Xcode/DerivedData/ALADDIN-eahryzmutvtbyceygnlyjsmiiaha/Build/Intermediates.noindex/ALADDIN.build/Debug-iphonesimulator/ALADDIN.build/DerivedSources/x86_64 -Xcc -I/Users/sergejhlystov/Library/Developer/Xcode/DerivedData/ALADDIN-eahryzmutvtbyceygnlyjsmiiaha/Build/Intermediates.noindex/ALADDIN.build/Debug-iphonesimulator/ALADDIN.build/DerivedSources -Xcc -DDEBUG\=1 -module-name ALADDIN -target-sdk-version 15.2.0 -o /Users/sergejhlystov/Library/Developer/Xcode/DerivedData/ALADDIN-eahryzmutvtbyceygnlyjsmiiaha/Build/Intermediates.noindex/ALADDIN.build/Debug-iphonesimulator/ALADDIN.build/Objects-normal/x86_64/ProfileViewModel.o -o /Users/sergejhlystov/Library/Developer/Xcode/DerivedData/ALADDIN-eahryzmutvtbyceygnlyjsmiiaha/Build/Intermediates.noindex/ALADDIN.build/Debug-iphonesimulator/ALADDIN.build/Objects-normal/x86_64/ConsentModal.o -o /Users/sergejhlystov/Library/Developer/Xcode/DerivedData/ALADDIN-eahryzmutvtbyceygnlyjsmiiaha/Build/Intermediates.noindex/ALADDIN.build/Debug-iphonesimulator/ALADDIN.build/Objects-normal/x86_64/ParentalControlViewModel.o -o /Users/sergejhlystov/Library/Developer/Xcode/DerivedData/ALADDIN-eahryzmutvtbyceygnlyjsmiiaha/Build/Intermediates.noindex/ALADDIN.build/Debug-iphonesimulator/ALADDIN.build/Objects-normal/x86_64/OnboardingViewModel.o -o /Users/sergejhlystov/Library/Developer/Xcode/DerivedData/ALADDIN-eahryzmutvtbyceygnlyjsmiiaha/Build/Intermediates.noindex/ALADDIN.build/Debug-iphonesimulator/ALADDIN.build/Objects-normal/x86_64/Colors.o -o /Users/sergejhlystov/Library/Developer/Xcode/DerivedData/ALADDIN-eahryzmutvtbyceygnlyjsmiiaha/Build/Intermediates.noindex/ALADDIN.build/Debug-iphonesimulator/ALADDIN.build/Objects-normal/x86_64/ChildRewardsScreen.o -o /Users/sergejhlystov/Library/Developer/Xcode/DerivedData/ALADDIN-eahryzmutvtbyceygnlyjsmiiaha/Build/Intermediates.noindex/ALADDIN.build/Debug-iphonesimulator/ALADDIN.build/Objects-normal/x86_64/21_ReferralScreen.o -o /Users/sergejhlystov/Library/Developer/Xcode/DerivedData/ALADDIN-eahryzmutvtbyceygnlyjsmiiaha/Build/Intermediates.noindex/ALADDIN.build/Debug-iphonesimulator/ALADDIN.build/Objects-normal/x86_64/AvatarSelector.o -o /Users/sergejhlystov/Library/Developer/Xcode/DerivedData/ALADDIN-eahryzmutvtbyceygnlyjsmiiaha/Build/Intermediates.noindex/ALADDIN.build/Debug-iphonesimulator/ALADDIN.build/Objects-normal/x86_64/ALADDINNavigationBar.o -o /Users/sergejhlystov/Library/Developer/Xcode/DerivedData/ALADDIN-eahryzmutvtbyceygnlyjsmiiaha/Build/Intermediates.noindex/ALADDIN.build/Debug-iphonesimulator/ALADDIN.build/Objects-normal/x86_64/14_OnboardingScreen-5371cb6ac3630fe50991897b0cdc2098.o -o /Users/sergejhlystov/Library/Developer/Xcode/DerivedData/ALADDIN-eahryzmutvtbyceygnlyjsmiiaha/Build/Intermediates.noindex/ALADDIN.build/Debug-iphonesimulator/ALADDIN.build/Objects-normal/x86_64/FamilyCreatedModal.o -index-store-path /Users/sergejhlystov/Library/Developer/Xcode/DerivedData/ALADDIN-eahryzmutvtbyceygnlyjsmiiaha/Index/DataStore -index-system-modules

CompileSwift normal x86_64 /Users/sergejhlystov/ALADDIN_NEW/ALADDIN_NEW/mobile_apps/ALADDIN_iOS/Components/Modals/FamilyCreatedModal.swift (in target 'ALADDIN' from project 'ALADDIN')
    cd /Users/sergejhlystov/ALADDIN_NEW/ALADDIN_NEW/mobile_apps/ALADDIN_iOS
    /Applications/Xcode.app/Contents/Developer/Toolchains/XcodeDefault.xctoolchain/usr/bin/swift-frontend -frontend -c /Users/sergejhlystov/ALADDIN_NEW/ALADDIN_NEW/mobile_apps/ALADDIN_iOS/Screens/RewardsQuickModal.swift /Users/sergejhlystov/ALADDIN_NEW/ALADDIN_NEW/mobile_apps/ALADDIN_iOS/Screens/08_ChildInterfaceScreen.swift /Users/sergejhlystov/ALADDIN_NEW/ALADDIN_NEW/mobile_apps/ALADDIN_iOS/ContentView.swift /Users/sergejhlystov/ALADDIN_NEW/ALADDIN_NEW/mobile_apps/ALADDIN_iOS/Shared/Components/ALADDINToggle.swift /Users/sergejhlystov/ALADDIN_NEW/ALADDIN_NEW/mobile_apps/ALADDIN_iOS/Components/Modals/AgeGroupSelectionModal.swift /Users/sergejhlystov/ALADDIN_NEW/ALADDIN_NEW/mobile_apps/ALADDIN_iOS/ALADDINApp.swift /Users/sergejhlystov/ALADDIN_NEW/ALADDIN_NEW/mobile_apps/ALADDIN_iOS/Shared/Models/FunctionStatus.swift /Users/sergejhlystov/ALADDIN_NEW/ALADDIN_NEW/mobile_apps/ALADDIN_iOS/ViewModels/MainViewModel.swift /Users/sergejhlystov/ALADDIN_NEW/ALADDIN_NEW/mobile_apps/ALADDIN_iOS/Shared/Components/Buttons/PrimaryButton.swift /Users/sergejhlystov/ALADDIN_NEW/ALADDIN_NEW/mobile_apps/ALADDIN_iOS/Screens/NotificationSettingsScreen.swift /Users/sergejhlystov/ALADDIN_NEW/ALADDIN_NEW/mobile_apps/ALADDIN_iOS/Screens/ChildContentScreen.swift /Users/sergejhlystov/ALADDIN_NEW/ALADDIN_NEW/mobile_apps/ALADDIN_iOS/Shared/Components/StatItem.swift /Users/sergejhlystov/ALADDIN_NEW/ALADDIN_NEW/mobile_apps/ALADDIN_iOS/Shared/Components/Cards/FamilyMemberCard.swift /Users/sergejhlystov/ALADDIN_NEW/ALADDIN_NEW/mobile_apps/ALADDIN_iOS/ViewModels/VPNViewModel.swift /Users/sergejhlystov/ALADDIN_NEW/ALADDIN_NEW/mobile_apps/ALADDIN_iOS/Core/Models/APIModels.swift /Users/sergejhlystov/ALADDIN_NEW/ALADDIN_NEW/mobile_apps/ALADDIN_iOS/Core/VPN/VPNManager.swift /Users/sergejhlystov/ALADDIN_NEW/ALADDIN_NEW/mobile_apps/ALADDIN_iOS/Screens/UnicornPetView.swift /Users/sergejhlystov/ALADDIN_NEW/ALADDIN_NEW/mobile_apps/ALADDIN_iOS/Core/Network/APIService.swift /Users/sergejhlystov/ALADDIN_NEW/ALADDIN_NEW/mobile_apps/ALADDIN_iOS/Screens/18_PrivacyPolicyScreen.swift /Users/sergejhlystov/ALADDIN_NEW/ALADDIN_NEW/mobile_apps/ALADDIN_iOS/Screens/10_TariffsScreen.swift /Users/sergejhlystov/ALADDIN_NEW/ALADDIN_NEW/mobile_apps/ALADDIN_iOS/Screens/03_VPNScreen.swift /Users/sergejhlystov/ALADDIN_NEW/ALADDIN_NEW/mobile_apps/ALADDIN_iOS/Screens/09_ElderlyInterfaceScreen.swift /Users/sergejhlystov/ALADDIN_NEW/ALADDIN_NEW/mobile_apps/ALADDIN_iOS/Shared/Components/SecondaryButton.swift /Users/sergejhlystov/ALADDIN_NEW/ALADDIN_NEW/mobile_apps/ALADDIN_iOS/Screens/11_ProfileScreen.swift /Users/sergejhlystov/ALADDIN_NEW/ALADDIN_NEW/mobile_apps/ALADDIN_iOS/Core/Network/NetworkManager.swift /Users/sergejhlystov/ALADDIN_NEW/ALADDIN_NEW/mobile_apps/ALADDIN_iOS/Screens/19_TermsOfServiceScreen.swift /Users/sergejhlystov/ALADDIN_NEW/ALADDIN_NEW/mobile_apps/ALADDIN_iOS/Core/Config/AppConfig.swift /Users/sergejhlystov/ALADDIN_NEW/ALADDIN_NEW/mobile_apps/ALADDIN_iOS/ViewModels/FamilyViewModel.swift /Users/sergejhlystov/ALADDIN_NEW/ALADDIN_NEW/mobile_apps/ALADDIN_iOS/ViewModels/AIAssistantViewModel.swift /Users/sergejhlystov/ALADDIN_NEW/ALADDIN_NEW/mobile_apps/ALADDIN_iOS/Screens/22_DeviceDetailScreen.swift /Users/sergejhlystov/ALADDIN_NEW/ALADDIN_NEW/mobile_apps/ALADDIN_iOS/Screens/WidgetConfigurationScreen.swift /Users/sergejhlystov/ALADDIN_NEW/ALADDIN_NEW/mobile_apps/ALADDIN_iOS/Core/Security/KeychainManager.swift /Users/sergejhlystov/ALADDIN_NEW/ALADDIN_NEW/mobile_apps/ALADDIN_iOS/Shared/Components/Modals/MemberStatsModalView.swift /Users/sergejhlystov/ALADDIN_NEW/ALADDIN_NEW/mobile_apps/ALADDIN_iOS/Shared/Styles/Spacing.swift /Users/sergejhlystov/ALADDIN_NEW/ALADDIN_NEW/mobile_apps/ALADDIN_iOS/Shared/Components/RecoveryOptionsModal.swift /Users/sergejhlystov/ALADDIN_NEW/ALADDIN_NEW/mobile_apps/ALADDIN_iOS/ViewModels/SettingsViewModel.swift /Users/sergejhlystov/ALADDIN_NEW/ALADDIN_NEW/mobile_apps/ALADDIN_iOS/Shared/Components/InfoRow.swift /Users/sergejhlystov/ALADDIN_NEW/ALADDIN_NEW/mobile_apps/ALADDIN_iOS/Screens/25_PaymentQRScreen.swift /Users/sergejhlystov/ALADDIN_NEW/ALADDIN_NEW/mobile_apps/ALADDIN_iOS/Shared/Components/Modals/RoleSelectionModal.swift /Users/sergejhlystov/ALADDIN_NEW/ALADDIN_NEW/mobile_apps/ALADDIN_iOS/ViewModels/SupportViewModel.swift /Users/sergejhlystov/ALADDIN_NEW/ALADDIN_NEW/mobile_apps/ALADDIN_iOS/ViewModels/ChildInterfaceViewModel.swift /Users/sergejhlystov/ALADDIN_NEW/ALADDIN_NEW/mobile_apps/ALADDIN_iOS/Screens/12_NotificationsScreen.swift /Users/sergejhlystov/ALADDIN_NEW/ALADDIN_NEW/mobile_apps/ALADDIN_iOS/ViewModels/ElderlyInterfaceViewModel.swift /Users/sergejhlystov/ALADDIN_NEW/ALADDIN_NEW/mobile_apps/ALADDIN_iOS/ViewModels/AnalyticsViewModel.swift /Users/sergejhlystov/ALADDIN_NEW/ALADDIN_NEW/mobile_apps/ALADDIN_iOS/Core/Cache/CacheManager.swift /Users/sergejhlystov/ALADDIN_NEW/ALADDIN_NEW/mobile_apps/ALADDIN_iOS/ViewModels/NotificationsViewModel.swift /Users/sergejhlystov/ALADDIN_NEW/ALADDIN_NEW/mobile_apps/ALADDIN_iOS/Screens/06_AIAssistantScreen.swift -primary-file /Users/sergejhlystov/ALADDIN_NEW/ALADDIN_NEW/mobile_apps/ALADDIN_iOS/ViewModels/ProfileViewModel.swift -primary-file /Users/sergejhlystov/ALADDIN_NEW/ALADDIN_NEW/mobile_apps/ALADDIN_iOS/Components/Modals/ConsentModal.swift -primary-file /Users/sergejhlystov/ALADDIN_NEW/ALADDIN_NEW/mobile_apps/ALADDIN_iOS/ViewModels/ParentalControlViewModel.swift -primary-file /Users/sergejhlystov/ALADDIN_NEW/ALADDIN_NEW/mobile_apps/ALADDIN_iOS/ViewModels/OnboardingViewModel.swift -primary-file /Users/sergejhlystov/ALADDIN_NEW/ALADDIN_NEW/mobile_apps/ALADDIN_iOS/Shared/Styles/Colors.swift -primary-file /Users/sergejhlystov/ALADDIN_NEW/ALADDIN_NEW/mobile_apps/ALADDIN_iOS/Screens/ChildRewardsScreen.swift -primary-file /Users/sergejhlystov/ALADDIN_NEW/ALADDIN_NEW/mobile_apps/ALADDIN_iOS/Screens/21_ReferralScreen.swift -primary-file /Users/sergejhlystov/ALADDIN_NEW/ALADDIN_NEW/mobile_apps/ALADDIN_iOS/Shared/Components/AvatarSelector.swift -primary-file /Users/sergejhlystov/ALADDIN_NEW/ALADDIN_NEW/mobile_apps/ALADDIN_iOS/Shared/Components/Navigation/ALADDINNavigationBar.swift -primary-file /Users/sergejhlystov/ALADDIN_NEW/ALADDIN_NEW/mobile_apps/ALADDIN_iOS/Screens/14_OnboardingScreen.swift -primary-file /Users/sergejhlystov/ALADDIN_NEW/ALADDIN_NEW/mobile_apps/ALADDIN_iOS/Components/Modals/FamilyCreatedModal.swift /Users/sergejhlystov/ALADDIN_NEW/ALADDIN_NEW/mobile_apps/ALADDIN_iOS/ViewModels/PaymentQRViewModel.swift /Users/sergejhlystov/ALADDIN_NEW/ALADDIN_NEW/mobile_apps/ALADDIN_iOS/Core/Navigation/NavigationManager.swift /Users/sergejhlystov/ALADDIN_NEW/ALADDIN_NEW/mobile_apps/ALADDIN_iOS/Core/Accessibility/AccessibilityManager.swift /Users/sergejhlystov/ALADDIN_NEW/ALADDIN_NEW/mobile_apps/ALADDIN_iOS/Core/Store/StoreManager.swift /Users/sergejhlystov/ALADDIN_NEW/ALADDIN_NEW/mobile_apps/ALADDIN_iOS/Screens/WheelOfFortuneView.swift /Users/sergejhlystov/ALADDIN_NEW/ALADDIN_NEW/mobile_apps/ALADDIN_iOS/Screens/UnicornUniverseView.swift /Users/sergejhlystov/ALADDIN_NEW/ALADDIN_NEW/mobile_apps/ALADDIN_iOS/Core/Localization/LocalizationManager.swift /Users/sergejhlystov/ALADDIN_NEW/ALADDIN_NEW/mobile_apps/ALADDIN_iOS/Screens/13_SupportScreen.swift /Users/sergejhlystov/ALADDIN_NEW/ALADDIN_NEW/mobile_apps/ALADDIN_iOS/Core/Analytics/AnalyticsManager.swift /Users/sergejhlystov/ALADDIN_NEW/ALADDIN_NEW/mobile_apps/ALADDIN_iOS/Screens/07_ParentalControlScreen.swift /Users/sergejhlystov/ALADDIN_NEW/ALADDIN_NEW/mobile_apps/ALADDIN_iOS/Screens/05_SettingsScreen.swift /Users/sergejhlystov/ALADDIN_NEW/ALADDIN_NEW/mobile_apps/ALADDIN_iOS/Screens/RewardsModalView.swift /Users/sergejhlystov/ALADDIN_NEW/ALADDIN_NEW/mobile_apps/ALADDIN_iOS/Screens/23_FamilyChatScreen.swift /Users/sergejhlystov/ALADDIN_NEW/ALADDIN_NEW/mobile_apps/ALADDIN_iOS/Screens/02_FamilyScreen.swift /Users/sergejhlystov/ALADDIN_NEW/ALADDIN_NEW/mobile_apps/ALADDIN_iOS/Screens/20_DevicesScreen.swift /Users/sergejhlystov/ALADDIN_NEW/ALADDIN_NEW/mobile_apps/ALADDIN_iOS/Shared/Components/ViewModifiers.swift /Users/sergejhlystov/ALADDIN_NEW/ALADDIN_NEW/mobile_apps/ALADDIN_iOS/Shared/Components/HapticFeedback.swift /Users/sergejhlystov/ALADDIN_NEW/ALADDIN_NEW/mobile_apps/ALADDIN_iOS/Screens/MainScreenWithRegistration.swift /Users/sergejhlystov/ALADDIN_NEW/ALADDIN_NEW/mobile_apps/ALADDIN_iOS/Core/Network/NetworkError.swift /Users/sergejhlystov/ALADDIN_NEW/ALADDIN_NEW/mobile_apps/ALADDIN_iOS/Screens/LanguageSettingsScreen.swift /Users/sergejhlystov/ALADDIN_NEW/ALADDIN_NEW/mobile_apps/ALADDIN_iOS/ViewModels/FamilyRegistrationViewModel.swift /Users/sergejhlystov/ALADDIN_NEW/ALADDIN_NEW/mobile_apps/ALADDIN_iOS/Shared/Styles/CornerRadius.swift /Users/sergejhlystov/ALADDIN_NEW/ALADDIN_NEW/mobile_apps/ALADDIN_iOS/Screens/01_MainScreen.swift /Users/sergejhlystov/ALADDIN_NEW/ALADDIN_NEW/mobile_apps/ALADDIN_iOS/Screens/FamilyTournamentView.swift /Users/sergejhlystov/ALADDIN_NEW/ALADDIN_NEW/mobile_apps/ALADDIN_iOS/Shared/Styles/Fonts.swift /Users/sergejhlystov/ALADDIN_NEW/ALADDIN_NEW/mobile_apps/ALADDIN_iOS/Screens/GamesParentalControlView.swift /Users/sergejhlystov/ALADDIN_NEW/ALADDIN_NEW/mobile_apps/ALADDIN_iOS/Shared/Components/QRScannerModal.swift /Users/sergejhlystov/ALADDIN_NEW/ALADDIN_NEW/mobile_apps/ALADDIN_iOS/Screens/04_AnalyticsScreen.swift /Users/sergejhlystov/ALADDIN_NEW/ALADDIN_NEW/mobile_apps/ALADDIN_iOS/Screens/24_VPNEnergyStatsScreen.swift /Users/sergejhlystov/ALADDIN_NEW/ALADDIN_NEW/mobile_apps/ALADDIN_iOS/Shared/Components/Modals/ProfileEditView.swift /Users/sergejhlystov/ALADDIN_NEW/ALADDIN_NEW/mobile_apps/ALADDIN_iOS/ViewModels/TariffsViewModel.swift /Users/sergejhlystov/ALADDIN_NEW/ALADDIN_NEW/mobile_apps/ALADDIN_iOS/Core/Notifications/NotificationManager.swift /Users/sergejhlystov/ALADDIN_NEW/ALADDIN_NEW/mobile_apps/ALADDIN_iOS/Core/Security/SecurityManager.swift -supplementary-output-file-map /var/folders/rf/6rxcyql17sz57_02ng7jd7pr0000gn/T/TemporaryDirectory.wFGpdC/supplementaryOutputs-5 -target x86_64-apple-ios15.0-simulator -enable-objc-interop -sdk /Applications/Xcode.app/Contents/Developer/Platforms/iPhoneSimulator.platform/Developer/SDKs/iPhoneSimulator15.2.sdk -I /Users/sergejhlystov/Library/Developer/Xcode/DerivedData/ALADDIN-eahryzmutvtbyceygnlyjsmiiaha/Build/Products/Debug-iphonesimulator -F /Users/sergejhlystov/Library/Developer/Xcode/DerivedData/ALADDIN-eahryzmutvtbyceygnlyjsmiiaha/Build/Products/Debug-iphonesimulator -enable-testing -g -module-cache-path /Users/sergejhlystov/Library/Developer/Xcode/DerivedData/ModuleCache.noindex -emit-localized-strings -emit-localized-strings-path /Users/sergejhlystov/Library/Developer/Xcode/DerivedData/ALADDIN-eahryzmutvtbyceygnlyjsmiiaha/Build/Intermediates.noindex/ALADDIN.build/Debug-iphonesimulator/ALADDIN.build/Objects-normal/x86_64 -swift-version 5 -enforce-exclusivity\=checked -Onone -D DEBUG -new-driver-path /Applications/Xcode.app/Contents/Developer/Toolchains/XcodeDefault.xctoolchain/usr/bin/swift-driver -serialize-debugging-options -Xcc -working-directory -Xcc /Users/sergejhlystov/ALADDIN_NEW/ALADDIN_NEW/mobile_apps/ALADDIN_iOS -resource-dir /Applications/Xcode.app/Contents/Developer/Toolchains/XcodeDefault.xctoolchain/usr/lib/swift -enable-anonymous-context-mangled-names -Xcc -I/Users/sergejhlystov/Library/Developer/Xcode/DerivedData/ALADDIN-eahryzmutvtbyceygnlyjsmiiaha/Build/Intermediates.noindex/ALADDIN.build/Debug-iphonesimulator/ALADDIN.build/swift-overrides.hmap -Xcc -iquote -Xcc /Users/sergejhlystov/Library/Developer/Xcode/DerivedData/ALADDIN-eahryzmutvtbyceygnlyjsmiiaha/Build/Intermediates.noindex/ALADDIN.build/Debug-iphonesimulator/ALADDIN.build/ALADDIN-generated-files.hmap -Xcc -I/Users/sergejhlystov/Library/Developer/Xcode/DerivedData/ALADDIN-eahryzmutvtbyceygnlyjsmiiaha/Build/Intermediates.noindex/ALADDIN.build/Debug-iphonesimulator/ALADDIN.build/ALADDIN-own-target-headers.hmap -Xcc -I/Users/sergejhlystov/Library/Developer/Xcode/DerivedData/ALADDIN-eahryzmutvtbyceygnlyjsmiiaha/Build/Intermediates.noindex/ALADDIN.build/Debug-iphonesimulator/ALADDIN.build/ALADDIN-all-target-headers.hmap -Xcc -iquote -Xcc /Users/sergejhlystov/Library/Developer/Xcode/DerivedData/ALADDIN-eahryzmutvtbyceygnlyjsmiiaha/Build/Intermediates.noindex/ALADDIN.build/Debug-iphonesimulator/ALADDIN.build/ALADDIN-project-headers.hmap -Xcc -I/Users/sergejhlystov/Library/Developer/Xcode/DerivedData/ALADDIN-eahryzmutvtbyceygnlyjsmiiaha/Build/Products/Debug-iphonesimulator/include -Xcc -I/Users/sergejhlystov/Library/Developer/Xcode/DerivedData/ALADDIN-eahryzmutvtbyceygnlyjsmiiaha/Build/Intermediates.noindex/ALADDIN.build/Debug-iphonesimulator/ALADDIN.build/DerivedSources-normal/x86_64 -Xcc -I/Users/sergejhlystov/Library/Developer/Xcode/DerivedData/ALADDIN-eahryzmutvtbyceygnlyjsmiiaha/Build/Intermediates.noindex/ALADDIN.build/Debug-iphonesimulator/ALADDIN.build/DerivedSources/x86_64 -Xcc -I/Users/sergejhlystov/Library/Developer/Xcode/DerivedData/ALADDIN-eahryzmutvtbyceygnlyjsmiiaha/Build/Intermediates.noindex/ALADDIN.build/Debug-iphonesimulator/ALADDIN.build/DerivedSources -Xcc -DDEBUG\=1 -module-name ALADDIN -target-sdk-version 15.2.0 -o /Users/sergejhlystov/Library/Developer/Xcode/DerivedData/ALADDIN-eahryzmutvtbyceygnlyjsmiiaha/Build/Intermediates.noindex/ALADDIN.build/Debug-iphonesimulator/ALADDIN.build/Objects-normal/x86_64/ProfileViewModel.o -o /Users/sergejhlystov/Library/Developer/Xcode/DerivedData/ALADDIN-eahryzmutvtbyceygnlyjsmiiaha/Build/Intermediates.noindex/ALADDIN.build/Debug-iphonesimulator/ALADDIN.build/Objects-normal/x86_64/ConsentModal.o -o /Users/sergejhlystov/Library/Developer/Xcode/DerivedData/ALADDIN-eahryzmutvtbyceygnlyjsmiiaha/Build/Intermediates.noindex/ALADDIN.build/Debug-iphonesimulator/ALADDIN.build/Objects-normal/x86_64/ParentalControlViewModel.o -o /Users/sergejhlystov/Library/Developer/Xcode/DerivedData/ALADDIN-eahryzmutvtbyceygnlyjsmiiaha/Build/Intermediates.noindex/ALADDIN.build/Debug-iphonesimulator/ALADDIN.build/Objects-normal/x86_64/OnboardingViewModel.o -o /Users/sergejhlystov/Library/Developer/Xcode/DerivedData/ALADDIN-eahryzmutvtbyceygnlyjsmiiaha/Build/Intermediates.noindex/ALADDIN.build/Debug-iphonesimulator/ALADDIN.build/Objects-normal/x86_64/Colors.o -o /Users/sergejhlystov/Library/Developer/Xcode/DerivedData/ALADDIN-eahryzmutvtbyceygnlyjsmiiaha/Build/Intermediates.noindex/ALADDIN.build/Debug-iphonesimulator/ALADDIN.build/Objects-normal/x86_64/ChildRewardsScreen.o -o /Users/sergejhlystov/Library/Developer/Xcode/DerivedData/ALADDIN-eahryzmutvtbyceygnlyjsmiiaha/Build/Intermediates.noindex/ALADDIN.build/Debug-iphonesimulator/ALADDIN.build/Objects-normal/x86_64/21_ReferralScreen.o -o /Users/sergejhlystov/Library/Developer/Xcode/DerivedData/ALADDIN-eahryzmutvtbyceygnlyjsmiiaha/Build/Intermediates.noindex/ALADDIN.build/Debug-iphonesimulator/ALADDIN.build/Objects-normal/x86_64/AvatarSelector.o -o /Users/sergejhlystov/Library/Developer/Xcode/DerivedData/ALADDIN-eahryzmutvtbyceygnlyjsmiiaha/Build/Intermediates.noindex/ALADDIN.build/Debug-iphonesimulator/ALADDIN.build/Objects-normal/x86_64/ALADDINNavigationBar.o -o /Users/sergejhlystov/Library/Developer/Xcode/DerivedData/ALADDIN-eahryzmutvtbyceygnlyjsmiiaha/Build/Intermediates.noindex/ALADDIN.build/Debug-iphonesimulator/ALADDIN.build/Objects-normal/x86_64/14_OnboardingScreen-5371cb6ac3630fe50991897b0cdc2098.o -o /Users/sergejhlystov/Library/Developer/Xcode/DerivedData/ALADDIN-eahryzmutvtbyceygnlyjsmiiaha/Build/Intermediates.noindex/ALADDIN.build/Debug-iphonesimulator/ALADDIN.build/Objects-normal/x86_64/FamilyCreatedModal.o -index-store-path /Users/sergejhlystov/Library/Developer/Xcode/DerivedData/ALADDIN-eahryzmutvtbyceygnlyjsmiiaha/Index/DataStore -index-system-modules

CompileSwift normal x86_64 /Users/sergejhlystov/ALADDIN_NEW/ALADDIN_NEW/mobile_apps/ALADDIN_iOS/Shared/Components/Cards/FamilyMemberCard.swift (in target 'ALADDIN' from project 'ALADDIN')
    cd /Users/sergejhlystov/ALADDIN_NEW/ALADDIN_NEW/mobile_apps/ALADDIN_iOS
    /Applications/Xcode.app/Contents/Developer/Toolchains/XcodeDefault.xctoolchain/usr/bin/swift-frontend -frontend -c /Users/sergejhlystov/ALADDIN_NEW/ALADDIN_NEW/mobile_apps/ALADDIN_iOS/Screens/RewardsQuickModal.swift /Users/sergejhlystov/ALADDIN_NEW/ALADDIN_NEW/mobile_apps/ALADDIN_iOS/Screens/08_ChildInterfaceScreen.swift /Users/sergejhlystov/ALADDIN_NEW/ALADDIN_NEW/mobile_apps/ALADDIN_iOS/ContentView.swift /Users/sergejhlystov/ALADDIN_NEW/ALADDIN_NEW/mobile_apps/ALADDIN_iOS/Shared/Components/ALADDINToggle.swift /Users/sergejhlystov/ALADDIN_NEW/ALADDIN_NEW/mobile_apps/ALADDIN_iOS/Components/Modals/AgeGroupSelectionModal.swift /Users/sergejhlystov/ALADDIN_NEW/ALADDIN_NEW/mobile_apps/ALADDIN_iOS/ALADDINApp.swift /Users/sergejhlystov/ALADDIN_NEW/ALADDIN_NEW/mobile_apps/ALADDIN_iOS/Shared/Models/FunctionStatus.swift /Users/sergejhlystov/ALADDIN_NEW/ALADDIN_NEW/mobile_apps/ALADDIN_iOS/ViewModels/MainViewModel.swift /Users/sergejhlystov/ALADDIN_NEW/ALADDIN_NEW/mobile_apps/ALADDIN_iOS/Shared/Components/Buttons/PrimaryButton.swift /Users/sergejhlystov/ALADDIN_NEW/ALADDIN_NEW/mobile_apps/ALADDIN_iOS/Screens/NotificationSettingsScreen.swift /Users/sergejhlystov/ALADDIN_NEW/ALADDIN_NEW/mobile_apps/ALADDIN_iOS/Screens/ChildContentScreen.swift /Users/sergejhlystov/ALADDIN_NEW/ALADDIN_NEW/mobile_apps/ALADDIN_iOS/Shared/Components/StatItem.swift -primary-file /Users/sergejhlystov/ALADDIN_NEW/ALADDIN_NEW/mobile_apps/ALADDIN_iOS/Shared/Components/Cards/FamilyMemberCard.swift -primary-file /Users/sergejhlystov/ALADDIN_NEW/ALADDIN_NEW/mobile_apps/ALADDIN_iOS/ViewModels/VPNViewModel.swift -primary-file /Users/sergejhlystov/ALADDIN_NEW/ALADDIN_NEW/mobile_apps/ALADDIN_iOS/Core/Models/APIModels.swift -primary-file /Users/sergejhlystov/ALADDIN_NEW/ALADDIN_NEW/mobile_apps/ALADDIN_iOS/Core/VPN/VPNManager.swift -primary-file /Users/sergejhlystov/ALADDIN_NEW/ALADDIN_NEW/mobile_apps/ALADDIN_iOS/Screens/UnicornPetView.swift -primary-file /Users/sergejhlystov/ALADDIN_NEW/ALADDIN_NEW/mobile_apps/ALADDIN_iOS/Core/Network/APIService.swift -primary-file /Users/sergejhlystov/ALADDIN_NEW/ALADDIN_NEW/mobile_apps/ALADDIN_iOS/Screens/18_PrivacyPolicyScreen.swift -primary-file /Users/sergejhlystov/ALADDIN_NEW/ALADDIN_NEW/mobile_apps/ALADDIN_iOS/Screens/10_TariffsScreen.swift -primary-file /Users/sergejhlystov/ALADDIN_NEW/ALADDIN_NEW/mobile_apps/ALADDIN_iOS/Screens/03_VPNScreen.swift -primary-file /Users/sergejhlystov/ALADDIN_NEW/ALADDIN_NEW/mobile_apps/ALADDIN_iOS/Screens/09_ElderlyInterfaceScreen.swift -primary-file /Users/sergejhlystov/ALADDIN_NEW/ALADDIN_NEW/mobile_apps/ALADDIN_iOS/Shared/Components/SecondaryButton.swift -primary-file /Users/sergejhlystov/ALADDIN_NEW/ALADDIN_NEW/mobile_apps/ALADDIN_iOS/Screens/11_ProfileScreen.swift /Users/sergejhlystov/ALADDIN_NEW/ALADDIN_NEW/mobile_apps/ALADDIN_iOS/Core/Network/NetworkManager.swift /Users/sergejhlystov/ALADDIN_NEW/ALADDIN_NEW/mobile_apps/ALADDIN_iOS/Screens/19_TermsOfServiceScreen.swift /Users/sergejhlystov/ALADDIN_NEW/ALADDIN_NEW/mobile_apps/ALADDIN_iOS/Core/Config/AppConfig.swift /Users/sergejhlystov/ALADDIN_NEW/ALADDIN_NEW/mobile_apps/ALADDIN_iOS/ViewModels/FamilyViewModel.swift /Users/sergejhlystov/ALADDIN_NEW/ALADDIN_NEW/mobile_apps/ALADDIN_iOS/ViewModels/AIAssistantViewModel.swift /Users/sergejhlystov/ALADDIN_NEW/ALADDIN_NEW/mobile_apps/ALADDIN_iOS/Screens/22_DeviceDetailScreen.swift /Users/sergejhlystov/ALADDIN_NEW/ALADDIN_NEW/mobile_apps/ALADDIN_iOS/Screens/WidgetConfigurationScreen.swift /Users/sergejhlystov/ALADDIN_NEW/ALADDIN_NEW/mobile_apps/ALADDIN_iOS/Core/Security/KeychainManager.swift /Users/sergejhlystov/ALADDIN_NEW/ALADDIN_NEW/mobile_apps/ALADDIN_iOS/Shared/Components/Modals/MemberStatsModalView.swift /Users/sergejhlystov/ALADDIN_NEW/ALADDIN_NEW/mobile_apps/ALADDIN_iOS/Shared/Styles/Spacing.swift /Users/sergejhlystov/ALADDIN_NEW/ALADDIN_NEW/mobile_apps/ALADDIN_iOS/Shared/Components/RecoveryOptionsModal.swift /Users/sergejhlystov/ALADDIN_NEW/ALADDIN_NEW/mobile_apps/ALADDIN_iOS/ViewModels/SettingsViewModel.swift /Users/sergejhlystov/ALADDIN_NEW/ALADDIN_NEW/mobile_apps/ALADDIN_iOS/Shared/Components/InfoRow.swift /Users/sergejhlystov/ALADDIN_NEW/ALADDIN_NEW/mobile_apps/ALADDIN_iOS/Screens/25_PaymentQRScreen.swift /Users/sergejhlystov/ALADDIN_NEW/ALADDIN_NEW/mobile_apps/ALADDIN_iOS/Shared/Components/Modals/RoleSelectionModal.swift /Users/sergejhlystov/ALADDIN_NEW/ALADDIN_NEW/mobile_apps/ALADDIN_iOS/ViewModels/SupportViewModel.swift /Users/sergejhlystov/ALADDIN_NEW/ALADDIN_NEW/mobile_apps/ALADDIN_iOS/ViewModels/ChildInterfaceViewModel.swift /Users/sergejhlystov/ALADDIN_NEW/ALADDIN_NEW/mobile_apps/ALADDIN_iOS/Screens/12_NotificationsScreen.swift /Users/sergejhlystov/ALADDIN_NEW/ALADDIN_NEW/mobile_apps/ALADDIN_iOS/ViewModels/ElderlyInterfaceViewModel.swift /Users/sergejhlystov/ALADDIN_NEW/ALADDIN_NEW/mobile_apps/ALADDIN_iOS/ViewModels/AnalyticsViewModel.swift /Users/sergejhlystov/ALADDIN_NEW/ALADDIN_NEW/mobile_apps/ALADDIN_iOS/Core/Cache/CacheManager.swift /Users/sergejhlystov/ALADDIN_NEW/ALADDIN_NEW/mobile_apps/ALADDIN_iOS/ViewModels/NotificationsViewModel.swift /Users/sergejhlystov/ALADDIN_NEW/ALADDIN_NEW/mobile_apps/ALADDIN_iOS/Screens/06_AIAssistantScreen.swift /Users/sergejhlystov/ALADDIN_NEW/ALADDIN_NEW/mobile_apps/ALADDIN_iOS/ViewModels/ProfileViewModel.swift /Users/sergejhlystov/ALADDIN_NEW/ALADDIN_NEW/mobile_apps/ALADDIN_iOS/Components/Modals/ConsentModal.swift /Users/sergejhlystov/ALADDIN_NEW/ALADDIN_NEW/mobile_apps/ALADDIN_iOS/ViewModels/ParentalControlViewModel.swift /Users/sergejhlystov/ALADDIN_NEW/ALADDIN_NEW/mobile_apps/ALADDIN_iOS/ViewModels/OnboardingViewModel.swift /Users/sergejhlystov/ALADDIN_NEW/ALADDIN_NEW/mobile_apps/ALADDIN_iOS/Shared/Styles/Colors.swift /Users/sergejhlystov/ALADDIN_NEW/ALADDIN_NEW/mobile_apps/ALADDIN_iOS/Screens/ChildRewardsScreen.swift /Users/sergejhlystov/ALADDIN_NEW/ALADDIN_NEW/mobile_apps/ALADDIN_iOS/Screens/21_ReferralScreen.swift /Users/sergejhlystov/ALADDIN_NEW/ALADDIN_NEW/mobile_apps/ALADDIN_iOS/Shared/Components/AvatarSelector.swift /Users/sergejhlystov/ALADDIN_NEW/ALADDIN_NEW/mobile_apps/ALADDIN_iOS/Shared/Components/Navigation/ALADDINNavigationBar.swift /Users/sergejhlystov/ALADDIN_NEW/ALADDIN_NEW/mobile_apps/ALADDIN_iOS/Screens/14_OnboardingScreen.swift /Users/sergejhlystov/ALADDIN_NEW/ALADDIN_NEW/mobile_apps/ALADDIN_iOS/Components/Modals/FamilyCreatedModal.swift /Users/sergejhlystov/ALADDIN_NEW/ALADDIN_NEW/mobile_apps/ALADDIN_iOS/ViewModels/PaymentQRViewModel.swift /Users/sergejhlystov/ALADDIN_NEW/ALADDIN_NEW/mobile_apps/ALADDIN_iOS/Core/Navigation/NavigationManager.swift /Users/sergejhlystov/ALADDIN_NEW/ALADDIN_NEW/mobile_apps/ALADDIN_iOS/Core/Accessibility/AccessibilityManager.swift /Users/sergejhlystov/ALADDIN_NEW/ALADDIN_NEW/mobile_apps/ALADDIN_iOS/Core/Store/StoreManager.swift /Users/sergejhlystov/ALADDIN_NEW/ALADDIN_NEW/mobile_apps/ALADDIN_iOS/Screens/WheelOfFortuneView.swift /Users/sergejhlystov/ALADDIN_NEW/ALADDIN_NEW/mobile_apps/ALADDIN_iOS/Screens/UnicornUniverseView.swift /Users/sergejhlystov/ALADDIN_NEW/ALADDIN_NEW/mobile_apps/ALADDIN_iOS/Core/Localization/LocalizationManager.swift /Users/sergejhlystov/ALADDIN_NEW/ALADDIN_NEW/mobile_apps/ALADDIN_iOS/Screens/13_SupportScreen.swift /Users/sergejhlystov/ALADDIN_NEW/ALADDIN_NEW/mobile_apps/ALADDIN_iOS/Core/Analytics/AnalyticsManager.swift /Users/sergejhlystov/ALADDIN_NEW/ALADDIN_NEW/mobile_apps/ALADDIN_iOS/Screens/07_ParentalControlScreen.swift /Users/sergejhlystov/ALADDIN_NEW/ALADDIN_NEW/mobile_apps/ALADDIN_iOS/Screens/05_SettingsScreen.swift /Users/sergejhlystov/ALADDIN_NEW/ALADDIN_NEW/mobile_apps/ALADDIN_iOS/Screens/RewardsModalView.swift /Users/sergejhlystov/ALADDIN_NEW/ALADDIN_NEW/mobile_apps/ALADDIN_iOS/Screens/23_FamilyChatScreen.swift /Users/sergejhlystov/ALADDIN_NEW/ALADDIN_NEW/mobile_apps/ALADDIN_iOS/Screens/02_FamilyScreen.swift /Users/sergejhlystov/ALADDIN_NEW/ALADDIN_NEW/mobile_apps/ALADDIN_iOS/Screens/20_DevicesScreen.swift /Users/sergejhlystov/ALADDIN_NEW/ALADDIN_NEW/mobile_apps/ALADDIN_iOS/Shared/Components/ViewModifiers.swift /Users/sergejhlystov/ALADDIN_NEW/ALADDIN_NEW/mobile_apps/ALADDIN_iOS/Shared/Components/HapticFeedback.swift /Users/sergejhlystov/ALADDIN_NEW/ALADDIN_NEW/mobile_apps/ALADDIN_iOS/Screens/MainScreenWithRegistration.swift /Users/sergejhlystov/ALADDIN_NEW/ALADDIN_NEW/mobile_apps/ALADDIN_iOS/Core/Network/NetworkError.swift /Users/sergejhlystov/ALADDIN_NEW/ALADDIN_NEW/mobile_apps/ALADDIN_iOS/Screens/LanguageSettingsScreen.swift /Users/sergejhlystov/ALADDIN_NEW/ALADDIN_NEW/mobile_apps/ALADDIN_iOS/ViewModels/FamilyRegistrationViewModel.swift /Users/sergejhlystov/ALADDIN_NEW/ALADDIN_NEW/mobile_apps/ALADDIN_iOS/Shared/Styles/CornerRadius.swift /Users/sergejhlystov/ALADDIN_NEW/ALADDIN_NEW/mobile_apps/ALADDIN_iOS/Screens/01_MainScreen.swift /Users/sergejhlystov/ALADDIN_NEW/ALADDIN_NEW/mobile_apps/ALADDIN_iOS/Screens/FamilyTournamentView.swift /Users/sergejhlystov/ALADDIN_NEW/ALADDIN_NEW/mobile_apps/ALADDIN_iOS/Shared/Styles/Fonts.swift /Users/sergejhlystov/ALADDIN_NEW/ALADDIN_NEW/mobile_apps/ALADDIN_iOS/Screens/GamesParentalControlView.swift /Users/sergejhlystov/ALADDIN_NEW/ALADDIN_NEW/mobile_apps/ALADDIN_iOS/Shared/Components/QRScannerModal.swift /Users/sergejhlystov/ALADDIN_NEW/ALADDIN_NEW/mobile_apps/ALADDIN_iOS/Screens/04_AnalyticsScreen.swift /Users/sergejhlystov/ALADDIN_NEW/ALADDIN_NEW/mobile_apps/ALADDIN_iOS/Screens/24_VPNEnergyStatsScreen.swift /Users/sergejhlystov/ALADDIN_NEW/ALADDIN_NEW/mobile_apps/ALADDIN_iOS/Shared/Components/Modals/ProfileEditView.swift /Users/sergejhlystov/ALADDIN_NEW/ALADDIN_NEW/mobile_apps/ALADDIN_iOS/ViewModels/TariffsViewModel.swift /Users/sergejhlystov/ALADDIN_NEW/ALADDIN_NEW/mobile_apps/ALADDIN_iOS/Core/Notifications/NotificationManager.swift /Users/sergejhlystov/ALADDIN_NEW/ALADDIN_NEW/mobile_apps/ALADDIN_iOS/Core/Security/SecurityManager.swift -supplementary-output-file-map /var/folders/rf/6rxcyql17sz57_02ng7jd7pr0000gn/T/TemporaryDirectory.wFGpdC/supplementaryOutputs-2 -target x86_64-apple-ios15.0-simulator -enable-objc-interop -sdk /Applications/Xcode.app/Contents/Developer/Platforms/iPhoneSimulator.platform/Developer/SDKs/iPhoneSimulator15.2.sdk -I /Users/sergejhlystov/Library/Developer/Xcode/DerivedData/ALADDIN-eahryzmutvtbyceygnlyjsmiiaha/Build/Products/Debug-iphonesimulator -F /Users/sergejhlystov/Library/Developer/Xcode/DerivedData/ALADDIN-eahryzmutvtbyceygnlyjsmiiaha/Build/Products/Debug-iphonesimulator -enable-testing -g -module-cache-path /Users/sergejhlystov/Library/Developer/Xcode/DerivedData/ModuleCache.noindex -emit-localized-strings -emit-localized-strings-path /Users/sergejhlystov/Library/Developer/Xcode/DerivedData/ALADDIN-eahryzmutvtbyceygnlyjsmiiaha/Build/Intermediates.noindex/ALADDIN.build/Debug-iphonesimulator/ALADDIN.build/Objects-normal/x86_64 -swift-version 5 -enforce-exclusivity\=checked -Onone -D DEBUG -new-driver-path /Applications/Xcode.app/Contents/Developer/Toolchains/XcodeDefault.xctoolchain/usr/bin/swift-driver -serialize-debugging-options -Xcc -working-directory -Xcc /Users/sergejhlystov/ALADDIN_NEW/ALADDIN_NEW/mobile_apps/ALADDIN_iOS -resource-dir /Applications/Xcode.app/Contents/Developer/Toolchains/XcodeDefault.xctoolchain/usr/lib/swift -enable-anonymous-context-mangled-names -Xcc -I/Users/sergejhlystov/Library/Developer/Xcode/DerivedData/ALADDIN-eahryzmutvtbyceygnlyjsmiiaha/Build/Intermediates.noindex/ALADDIN.build/Debug-iphonesimulator/ALADDIN.build/swift-overrides.hmap -Xcc -iquote -Xcc /Users/sergejhlystov/Library/Developer/Xcode/DerivedData/ALADDIN-eahryzmutvtbyceygnlyjsmiiaha/Build/Intermediates.noindex/ALADDIN.build/Debug-iphonesimulator/ALADDIN.build/ALADDIN-generated-files.hmap -Xcc -I/Users/sergejhlystov/Library/Developer/Xcode/DerivedData/ALADDIN-eahryzmutvtbyceygnlyjsmiiaha/Build/Intermediates.noindex/ALADDIN.build/Debug-iphonesimulator/ALADDIN.build/ALADDIN-own-target-headers.hmap -Xcc -I/Users/sergejhlystov/Library/Developer/Xcode/DerivedData/ALADDIN-eahryzmutvtbyceygnlyjsmiiaha/Build/Intermediates.noindex/ALADDIN.build/Debug-iphonesimulator/ALADDIN.build/ALADDIN-all-target-headers.hmap -Xcc -iquote -Xcc /Users/sergejhlystov/Library/Developer/Xcode/DerivedData/ALADDIN-eahryzmutvtbyceygnlyjsmiiaha/Build/Intermediates.noindex/ALADDIN.build/Debug-iphonesimulator/ALADDIN.build/ALADDIN-project-headers.hmap -Xcc -I/Users/sergejhlystov/Library/Developer/Xcode/DerivedData/ALADDIN-eahryzmutvtbyceygnlyjsmiiaha/Build/Products/Debug-iphonesimulator/include -Xcc -I/Users/sergejhlystov/Library/Developer/Xcode/DerivedData/ALADDIN-eahryzmutvtbyceygnlyjsmiiaha/Build/Intermediates.noindex/ALADDIN.build/Debug-iphonesimulator/ALADDIN.build/DerivedSources-normal/x86_64 -Xcc -I/Users/sergejhlystov/Library/Developer/Xcode/DerivedData/ALADDIN-eahryzmutvtbyceygnlyjsmiiaha/Build/Intermediates.noindex/ALADDIN.build/Debug-iphonesimulator/ALADDIN.build/DerivedSources/x86_64 -Xcc -I/Users/sergejhlystov/Library/Developer/Xcode/DerivedData/ALADDIN-eahryzmutvtbyceygnlyjsmiiaha/Build/Intermediates.noindex/ALADDIN.build/Debug-iphonesimulator/ALADDIN.build/DerivedSources -Xcc -DDEBUG\=1 -module-name ALADDIN -target-sdk-version 15.2.0 -o /Users/sergejhlystov/Library/Developer/Xcode/DerivedData/ALADDIN-eahryzmutvtbyceygnlyjsmiiaha/Build/Intermediates.noindex/ALADDIN.build/Debug-iphonesimulator/ALADDIN.build/Objects-normal/x86_64/FamilyMemberCard.o -o /Users/sergejhlystov/Library/Developer/Xcode/DerivedData/ALADDIN-eahryzmutvtbyceygnlyjsmiiaha/Build/Intermediates.noindex/ALADDIN.build/Debug-iphonesimulator/ALADDIN.build/Objects-normal/x86_64/VPNViewModel.o -o /Users/sergejhlystov/Library/Developer/Xcode/DerivedData/ALADDIN-eahryzmutvtbyceygnlyjsmiiaha/Build/Intermediates.noindex/ALADDIN.build/Debug-iphonesimulator/ALADDIN.build/Objects-normal/x86_64/APIModels.o -o /Users/sergejhlystov/Library/Developer/Xcode/DerivedData/ALADDIN-eahryzmutvtbyceygnlyjsmiiaha/Build/Intermediates.noindex/ALADDIN.build/Debug-iphonesimulator/ALADDIN.build/Objects-normal/x86_64/VPNManager.o -o /Users/sergejhlystov/Library/Developer/Xcode/DerivedData/ALADDIN-eahryzmutvtbyceygnlyjsmiiaha/Build/Intermediates.noindex/ALADDIN.build/Debug-iphonesimulator/ALADDIN.build/Objects-normal/x86_64/UnicornPetView.o -o /Users/sergejhlystov/Library/Developer/Xcode/DerivedData/ALADDIN-eahryzmutvtbyceygnlyjsmiiaha/Build/Intermediates.noindex/ALADDIN.build/Debug-iphonesimulator/ALADDIN.build/Objects-normal/x86_64/APIService.o -o /Users/sergejhlystov/Library/Developer/Xcode/DerivedData/ALADDIN-eahryzmutvtbyceygnlyjsmiiaha/Build/Intermediates.noindex/ALADDIN.build/Debug-iphonesimulator/ALADDIN.build/Objects-normal/x86_64/18_PrivacyPolicyScreen.o -o /Users/sergejhlystov/Library/Developer/Xcode/DerivedData/ALADDIN-eahryzmutvtbyceygnlyjsmiiaha/Build/Intermediates.noindex/ALADDIN.build/Debug-iphonesimulator/ALADDIN.build/Objects-normal/x86_64/10_TariffsScreen.o -o /Users/sergejhlystov/Library/Developer/Xcode/DerivedData/ALADDIN-eahryzmutvtbyceygnlyjsmiiaha/Build/Intermediates.noindex/ALADDIN.build/Debug-iphonesimulator/ALADDIN.build/Objects-normal/x86_64/03_VPNScreen.o -o /Users/sergejhlystov/Library/Developer/Xcode/DerivedData/ALADDIN-eahryzmutvtbyceygnlyjsmiiaha/Build/Intermediates.noindex/ALADDIN.build/Debug-iphonesimulator/ALADDIN.build/Objects-normal/x86_64/09_ElderlyInterfaceScreen.o -o /Users/sergejhlystov/Library/Developer/Xcode/DerivedData/ALADDIN-eahryzmutvtbyceygnlyjsmiiaha/Build/Intermediates.noindex/ALADDIN.build/Debug-iphonesimulator/ALADDIN.build/Objects-normal/x86_64/SecondaryButton.o -o /Users/sergejhlystov/Library/Developer/Xcode/DerivedData/ALADDIN-eahryzmutvtbyceygnlyjsmiiaha/Build/Intermediates.noindex/ALADDIN.build/Debug-iphonesimulator/ALADDIN.build/Objects-normal/x86_64/11_ProfileScreen.o -index-store-path /Users/sergejhlystov/Library/Developer/Xcode/DerivedData/ALADDIN-eahryzmutvtbyceygnlyjsmiiaha/Index/DataStore -index-system-modules

CompileSwift normal x86_64 /Users/sergejhlystov/ALADDIN_NEW/ALADDIN_NEW/mobile_apps/ALADDIN_iOS/ViewModels/VPNViewModel.swift (in target 'ALADDIN' from project 'ALADDIN')
    cd /Users/sergejhlystov/ALADDIN_NEW/ALADDIN_NEW/mobile_apps/ALADDIN_iOS
    /Applications/Xcode.app/Contents/Developer/Toolchains/XcodeDefault.xctoolchain/usr/bin/swift-frontend -frontend -c /Users/sergejhlystov/ALADDIN_NEW/ALADDIN_NEW/mobile_apps/ALADDIN_iOS/Screens/RewardsQuickModal.swift /Users/sergejhlystov/ALADDIN_NEW/ALADDIN_NEW/mobile_apps/ALADDIN_iOS/Screens/08_ChildInterfaceScreen.swift /Users/sergejhlystov/ALADDIN_NEW/ALADDIN_NEW/mobile_apps/ALADDIN_iOS/ContentView.swift /Users/sergejhlystov/ALADDIN_NEW/ALADDIN_NEW/mobile_apps/ALADDIN_iOS/Shared/Components/ALADDINToggle.swift /Users/sergejhlystov/ALADDIN_NEW/ALADDIN_NEW/mobile_apps/ALADDIN_iOS/Components/Modals/AgeGroupSelectionModal.swift /Users/sergejhlystov/ALADDIN_NEW/ALADDIN_NEW/mobile_apps/ALADDIN_iOS/ALADDINApp.swift /Users/sergejhlystov/ALADDIN_NEW/ALADDIN_NEW/mobile_apps/ALADDIN_iOS/Shared/Models/FunctionStatus.swift /Users/sergejhlystov/ALADDIN_NEW/ALADDIN_NEW/mobile_apps/ALADDIN_iOS/ViewModels/MainViewModel.swift /Users/sergejhlystov/ALADDIN_NEW/ALADDIN_NEW/mobile_apps/ALADDIN_iOS/Shared/Components/Buttons/PrimaryButton.swift /Users/sergejhlystov/ALADDIN_NEW/ALADDIN_NEW/mobile_apps/ALADDIN_iOS/Screens/NotificationSettingsScreen.swift /Users/sergejhlystov/ALADDIN_NEW/ALADDIN_NEW/mobile_apps/ALADDIN_iOS/Screens/ChildContentScreen.swift /Users/sergejhlystov/ALADDIN_NEW/ALADDIN_NEW/mobile_apps/ALADDIN_iOS/Shared/Components/StatItem.swift -primary-file /Users/sergejhlystov/ALADDIN_NEW/ALADDIN_NEW/mobile_apps/ALADDIN_iOS/Shared/Components/Cards/FamilyMemberCard.swift -primary-file /Users/sergejhlystov/ALADDIN_NEW/ALADDIN_NEW/mobile_apps/ALADDIN_iOS/ViewModels/VPNViewModel.swift -primary-file /Users/sergejhlystov/ALADDIN_NEW/ALADDIN_NEW/mobile_apps/ALADDIN_iOS/Core/Models/APIModels.swift -primary-file /Users/sergejhlystov/ALADDIN_NEW/ALADDIN_NEW/mobile_apps/ALADDIN_iOS/Core/VPN/VPNManager.swift -primary-file /Users/sergejhlystov/ALADDIN_NEW/ALADDIN_NEW/mobile_apps/ALADDIN_iOS/Screens/UnicornPetView.swift -primary-file /Users/sergejhlystov/ALADDIN_NEW/ALADDIN_NEW/mobile_apps/ALADDIN_iOS/Core/Network/APIService.swift -primary-file /Users/sergejhlystov/ALADDIN_NEW/ALADDIN_NEW/mobile_apps/ALADDIN_iOS/Screens/18_PrivacyPolicyScreen.swift -primary-file /Users/sergejhlystov/ALADDIN_NEW/ALADDIN_NEW/mobile_apps/ALADDIN_iOS/Screens/10_TariffsScreen.swift -primary-file /Users/sergejhlystov/ALADDIN_NEW/ALADDIN_NEW/mobile_apps/ALADDIN_iOS/Screens/03_VPNScreen.swift -primary-file /Users/sergejhlystov/ALADDIN_NEW/ALADDIN_NEW/mobile_apps/ALADDIN_iOS/Screens/09_ElderlyInterfaceScreen.swift -primary-file /Users/sergejhlystov/ALADDIN_NEW/ALADDIN_NEW/mobile_apps/ALADDIN_iOS/Shared/Components/SecondaryButton.swift -primary-file /Users/sergejhlystov/ALADDIN_NEW/ALADDIN_NEW/mobile_apps/ALADDIN_iOS/Screens/11_ProfileScreen.swift /Users/sergejhlystov/ALADDIN_NEW/ALADDIN_NEW/mobile_apps/ALADDIN_iOS/Core/Network/NetworkManager.swift /Users/sergejhlystov/ALADDIN_NEW/ALADDIN_NEW/mobile_apps/ALADDIN_iOS/Screens/19_TermsOfServiceScreen.swift /Users/sergejhlystov/ALADDIN_NEW/ALADDIN_NEW/mobile_apps/ALADDIN_iOS/Core/Config/AppConfig.swift /Users/sergejhlystov/ALADDIN_NEW/ALADDIN_NEW/mobile_apps/ALADDIN_iOS/ViewModels/FamilyViewModel.swift /Users/sergejhlystov/ALADDIN_NEW/ALADDIN_NEW/mobile_apps/ALADDIN_iOS/ViewModels/AIAssistantViewModel.swift /Users/sergejhlystov/ALADDIN_NEW/ALADDIN_NEW/mobile_apps/ALADDIN_iOS/Screens/22_DeviceDetailScreen.swift /Users/sergejhlystov/ALADDIN_NEW/ALADDIN_NEW/mobile_apps/ALADDIN_iOS/Screens/WidgetConfigurationScreen.swift /Users/sergejhlystov/ALADDIN_NEW/ALADDIN_NEW/mobile_apps/ALADDIN_iOS/Core/Security/KeychainManager.swift /Users/sergejhlystov/ALADDIN_NEW/ALADDIN_NEW/mobile_apps/ALADDIN_iOS/Shared/Components/Modals/MemberStatsModalView.swift /Users/sergejhlystov/ALADDIN_NEW/ALADDIN_NEW/mobile_apps/ALADDIN_iOS/Shared/Styles/Spacing.swift /Users/sergejhlystov/ALADDIN_NEW/ALADDIN_NEW/mobile_apps/ALADDIN_iOS/Shared/Components/RecoveryOptionsModal.swift /Users/sergejhlystov/ALADDIN_NEW/ALADDIN_NEW/mobile_apps/ALADDIN_iOS/ViewModels/SettingsViewModel.swift /Users/sergejhlystov/ALADDIN_NEW/ALADDIN_NEW/mobile_apps/ALADDIN_iOS/Shared/Components/InfoRow.swift /Users/sergejhlystov/ALADDIN_NEW/ALADDIN_NEW/mobile_apps/ALADDIN_iOS/Screens/25_PaymentQRScreen.swift /Users/sergejhlystov/ALADDIN_NEW/ALADDIN_NEW/mobile_apps/ALADDIN_iOS/Shared/Components/Modals/RoleSelectionModal.swift /Users/sergejhlystov/ALADDIN_NEW/ALADDIN_NEW/mobile_apps/ALADDIN_iOS/ViewModels/SupportViewModel.swift /Users/sergejhlystov/ALADDIN_NEW/ALADDIN_NEW/mobile_apps/ALADDIN_iOS/ViewModels/ChildInterfaceViewModel.swift /Users/sergejhlystov/ALADDIN_NEW/ALADDIN_NEW/mobile_apps/ALADDIN_iOS/Screens/12_NotificationsScreen.swift /Users/sergejhlystov/ALADDIN_NEW/ALADDIN_NEW/mobile_apps/ALADDIN_iOS/ViewModels/ElderlyInterfaceViewModel.swift /Users/sergejhlystov/ALADDIN_NEW/ALADDIN_NEW/mobile_apps/ALADDIN_iOS/ViewModels/AnalyticsViewModel.swift /Users/sergejhlystov/ALADDIN_NEW/ALADDIN_NEW/mobile_apps/ALADDIN_iOS/Core/Cache/CacheManager.swift /Users/sergejhlystov/ALADDIN_NEW/ALADDIN_NEW/mobile_apps/ALADDIN_iOS/ViewModels/NotificationsViewModel.swift /Users/sergejhlystov/ALADDIN_NEW/ALADDIN_NEW/mobile_apps/ALADDIN_iOS/Screens/06_AIAssistantScreen.swift /Users/sergejhlystov/ALADDIN_NEW/ALADDIN_NEW/mobile_apps/ALADDIN_iOS/ViewModels/ProfileViewModel.swift /Users/sergejhlystov/ALADDIN_NEW/ALADDIN_NEW/mobile_apps/ALADDIN_iOS/Components/Modals/ConsentModal.swift /Users/sergejhlystov/ALADDIN_NEW/ALADDIN_NEW/mobile_apps/ALADDIN_iOS/ViewModels/ParentalControlViewModel.swift /Users/sergejhlystov/ALADDIN_NEW/ALADDIN_NEW/mobile_apps/ALADDIN_iOS/ViewModels/OnboardingViewModel.swift /Users/sergejhlystov/ALADDIN_NEW/ALADDIN_NEW/mobile_apps/ALADDIN_iOS/Shared/Styles/Colors.swift /Users/sergejhlystov/ALADDIN_NEW/ALADDIN_NEW/mobile_apps/ALADDIN_iOS/Screens/ChildRewardsScreen.swift /Users/sergejhlystov/ALADDIN_NEW/ALADDIN_NEW/mobile_apps/ALADDIN_iOS/Screens/21_ReferralScreen.swift /Users/sergejhlystov/ALADDIN_NEW/ALADDIN_NEW/mobile_apps/ALADDIN_iOS/Shared/Components/AvatarSelector.swift /Users/sergejhlystov/ALADDIN_NEW/ALADDIN_NEW/mobile_apps/ALADDIN_iOS/Shared/Components/Navigation/ALADDINNavigationBar.swift /Users/sergejhlystov/ALADDIN_NEW/ALADDIN_NEW/mobile_apps/ALADDIN_iOS/Screens/14_OnboardingScreen.swift /Users/sergejhlystov/ALADDIN_NEW/ALADDIN_NEW/mobile_apps/ALADDIN_iOS/Components/Modals/FamilyCreatedModal.swift /Users/sergejhlystov/ALADDIN_NEW/ALADDIN_NEW/mobile_apps/ALADDIN_iOS/ViewModels/PaymentQRViewModel.swift /Users/sergejhlystov/ALADDIN_NEW/ALADDIN_NEW/mobile_apps/ALADDIN_iOS/Core/Navigation/NavigationManager.swift /Users/sergejhlystov/ALADDIN_NEW/ALADDIN_NEW/mobile_apps/ALADDIN_iOS/Core/Accessibility/AccessibilityManager.swift /Users/sergejhlystov/ALADDIN_NEW/ALADDIN_NEW/mobile_apps/ALADDIN_iOS/Core/Store/StoreManager.swift /Users/sergejhlystov/ALADDIN_NEW/ALADDIN_NEW/mobile_apps/ALADDIN_iOS/Screens/WheelOfFortuneView.swift /Users/sergejhlystov/ALADDIN_NEW/ALADDIN_NEW/mobile_apps/ALADDIN_iOS/Screens/UnicornUniverseView.swift /Users/sergejhlystov/ALADDIN_NEW/ALADDIN_NEW/mobile_apps/ALADDIN_iOS/Core/Localization/LocalizationManager.swift /Users/sergejhlystov/ALADDIN_NEW/ALADDIN_NEW/mobile_apps/ALADDIN_iOS/Screens/13_SupportScreen.swift /Users/sergejhlystov/ALADDIN_NEW/ALADDIN_NEW/mobile_apps/ALADDIN_iOS/Core/Analytics/AnalyticsManager.swift /Users/sergejhlystov/ALADDIN_NEW/ALADDIN_NEW/mobile_apps/ALADDIN_iOS/Screens/07_ParentalControlScreen.swift /Users/sergejhlystov/ALADDIN_NEW/ALADDIN_NEW/mobile_apps/ALADDIN_iOS/Screens/05_SettingsScreen.swift /Users/sergejhlystov/ALADDIN_NEW/ALADDIN_NEW/mobile_apps/ALADDIN_iOS/Screens/RewardsModalView.swift /Users/sergejhlystov/ALADDIN_NEW/ALADDIN_NEW/mobile_apps/ALADDIN_iOS/Screens/23_FamilyChatScreen.swift /Users/sergejhlystov/ALADDIN_NEW/ALADDIN_NEW/mobile_apps/ALADDIN_iOS/Screens/02_FamilyScreen.swift /Users/sergejhlystov/ALADDIN_NEW/ALADDIN_NEW/mobile_apps/ALADDIN_iOS/Screens/20_DevicesScreen.swift /Users/sergejhlystov/ALADDIN_NEW/ALADDIN_NEW/mobile_apps/ALADDIN_iOS/Shared/Components/ViewModifiers.swift /Users/sergejhlystov/ALADDIN_NEW/ALADDIN_NEW/mobile_apps/ALADDIN_iOS/Shared/Components/HapticFeedback.swift /Users/sergejhlystov/ALADDIN_NEW/ALADDIN_NEW/mobile_apps/ALADDIN_iOS/Screens/MainScreenWithRegistration.swift /Users/sergejhlystov/ALADDIN_NEW/ALADDIN_NEW/mobile_apps/ALADDIN_iOS/Core/Network/NetworkError.swift /Users/sergejhlystov/ALADDIN_NEW/ALADDIN_NEW/mobile_apps/ALADDIN_iOS/Screens/LanguageSettingsScreen.swift /Users/sergejhlystov/ALADDIN_NEW/ALADDIN_NEW/mobile_apps/ALADDIN_iOS/ViewModels/FamilyRegistrationViewModel.swift /Users/sergejhlystov/ALADDIN_NEW/ALADDIN_NEW/mobile_apps/ALADDIN_iOS/Shared/Styles/CornerRadius.swift /Users/sergejhlystov/ALADDIN_NEW/ALADDIN_NEW/mobile_apps/ALADDIN_iOS/Screens/01_MainScreen.swift /Users/sergejhlystov/ALADDIN_NEW/ALADDIN_NEW/mobile_apps/ALADDIN_iOS/Screens/FamilyTournamentView.swift /Users/sergejhlystov/ALADDIN_NEW/ALADDIN_NEW/mobile_apps/ALADDIN_iOS/Shared/Styles/Fonts.swift /Users/sergejhlystov/ALADDIN_NEW/ALADDIN_NEW/mobile_apps/ALADDIN_iOS/Screens/GamesParentalControlView.swift /Users/sergejhlystov/ALADDIN_NEW/ALADDIN_NEW/mobile_apps/ALADDIN_iOS/Shared/Components/QRScannerModal.swift /Users/sergejhlystov/ALADDIN_NEW/ALADDIN_NEW/mobile_apps/ALADDIN_iOS/Screens/04_AnalyticsScreen.swift /Users/sergejhlystov/ALADDIN_NEW/ALADDIN_NEW/mobile_apps/ALADDIN_iOS/Screens/24_VPNEnergyStatsScreen.swift /Users/sergejhlystov/ALADDIN_NEW/ALADDIN_NEW/mobile_apps/ALADDIN_iOS/Shared/Components/Modals/ProfileEditView.swift /Users/sergejhlystov/ALADDIN_NEW/ALADDIN_NEW/mobile_apps/ALADDIN_iOS/ViewModels/TariffsViewModel.swift /Users/sergejhlystov/ALADDIN_NEW/ALADDIN_NEW/mobile_apps/ALADDIN_iOS/Core/Notifications/NotificationManager.swift /Users/sergejhlystov/ALADDIN_NEW/ALADDIN_NEW/mobile_apps/ALADDIN_iOS/Core/Security/SecurityManager.swift -supplementary-output-file-map /var/folders/rf/6rxcyql17sz57_02ng7jd7pr0000gn/T/TemporaryDirectory.wFGpdC/supplementaryOutputs-2 -target x86_64-apple-ios15.0-simulator -enable-objc-interop -sdk /Applications/Xcode.app/Contents/Developer/Platforms/iPhoneSimulator.platform/Developer/SDKs/iPhoneSimulator15.2.sdk -I /Users/sergejhlystov/Library/Developer/Xcode/DerivedData/ALADDIN-eahryzmutvtbyceygnlyjsmiiaha/Build/Products/Debug-iphonesimulator -F /Users/sergejhlystov/Library/Developer/Xcode/DerivedData/ALADDIN-eahryzmutvtbyceygnlyjsmiiaha/Build/Products/Debug-iphonesimulator -enable-testing -g -module-cache-path /Users/sergejhlystov/Library/Developer/Xcode/DerivedData/ModuleCache.noindex -emit-localized-strings -emit-localized-strings-path /Users/sergejhlystov/Library/Developer/Xcode/DerivedData/ALADDIN-eahryzmutvtbyceygnlyjsmiiaha/Build/Intermediates.noindex/ALADDIN.build/Debug-iphonesimulator/ALADDIN.build/Objects-normal/x86_64 -swift-version 5 -enforce-exclusivity\=checked -Onone -D DEBUG -new-driver-path /Applications/Xcode.app/Contents/Developer/Toolchains/XcodeDefault.xctoolchain/usr/bin/swift-driver -serialize-debugging-options -Xcc -working-directory -Xcc /Users/sergejhlystov/ALADDIN_NEW/ALADDIN_NEW/mobile_apps/ALADDIN_iOS -resource-dir /Applications/Xcode.app/Contents/Developer/Toolchains/XcodeDefault.xctoolchain/usr/lib/swift -enable-anonymous-context-mangled-names -Xcc -I/Users/sergejhlystov/Library/Developer/Xcode/DerivedData/ALADDIN-eahryzmutvtbyceygnlyjsmiiaha/Build/Intermediates.noindex/ALADDIN.build/Debug-iphonesimulator/ALADDIN.build/swift-overrides.hmap -Xcc -iquote -Xcc /Users/sergejhlystov/Library/Developer/Xcode/DerivedData/ALADDIN-eahryzmutvtbyceygnlyjsmiiaha/Build/Intermediates.noindex/ALADDIN.build/Debug-iphonesimulator/ALADDIN.build/ALADDIN-generated-files.hmap -Xcc -I/Users/sergejhlystov/Library/Developer/Xcode/DerivedData/ALADDIN-eahryzmutvtbyceygnlyjsmiiaha/Build/Intermediates.noindex/ALADDIN.build/Debug-iphonesimulator/ALADDIN.build/ALADDIN-own-target-headers.hmap -Xcc -I/Users/sergejhlystov/Library/Developer/Xcode/DerivedData/ALADDIN-eahryzmutvtbyceygnlyjsmiiaha/Build/Intermediates.noindex/ALADDIN.build/Debug-iphonesimulator/ALADDIN.build/ALADDIN-all-target-headers.hmap -Xcc -iquote -Xcc /Users/sergejhlystov/Library/Developer/Xcode/DerivedData/ALADDIN-eahryzmutvtbyceygnlyjsmiiaha/Build/Intermediates.noindex/ALADDIN.build/Debug-iphonesimulator/ALADDIN.build/ALADDIN-project-headers.hmap -Xcc -I/Users/sergejhlystov/Library/Developer/Xcode/DerivedData/ALADDIN-eahryzmutvtbyceygnlyjsmiiaha/Build/Products/Debug-iphonesimulator/include -Xcc -I/Users/sergejhlystov/Library/Developer/Xcode/DerivedData/ALADDIN-eahryzmutvtbyceygnlyjsmiiaha/Build/Intermediates.noindex/ALADDIN.build/Debug-iphonesimulator/ALADDIN.build/DerivedSources-normal/x86_64 -Xcc -I/Users/sergejhlystov/Library/Developer/Xcode/DerivedData/ALADDIN-eahryzmutvtbyceygnlyjsmiiaha/Build/Intermediates.noindex/ALADDIN.build/Debug-iphonesimulator/ALADDIN.build/DerivedSources/x86_64 -Xcc -I/Users/sergejhlystov/Library/Developer/Xcode/DerivedData/ALADDIN-eahryzmutvtbyceygnlyjsmiiaha/Build/Intermediates.noindex/ALADDIN.build/Debug-iphonesimulator/ALADDIN.build/DerivedSources -Xcc -DDEBUG\=1 -module-name ALADDIN -target-sdk-version 15.2.0 -o /Users/sergejhlystov/Library/Developer/Xcode/DerivedData/ALADDIN-eahryzmutvtbyceygnlyjsmiiaha/Build/Intermediates.noindex/ALADDIN.build/Debug-iphonesimulator/ALADDIN.build/Objects-normal/x86_64/FamilyMemberCard.o -o /Users/sergejhlystov/Library/Developer/Xcode/DerivedData/ALADDIN-eahryzmutvtbyceygnlyjsmiiaha/Build/Intermediates.noindex/ALADDIN.build/Debug-iphonesimulator/ALADDIN.build/Objects-normal/x86_64/VPNViewModel.o -o /Users/sergejhlystov/Library/Developer/Xcode/DerivedData/ALADDIN-eahryzmutvtbyceygnlyjsmiiaha/Build/Intermediates.noindex/ALADDIN.build/Debug-iphonesimulator/ALADDIN.build/Objects-normal/x86_64/APIModels.o -o /Users/sergejhlystov/Library/Developer/Xcode/DerivedData/ALADDIN-eahryzmutvtbyceygnlyjsmiiaha/Build/Intermediates.noindex/ALADDIN.build/Debug-iphonesimulator/ALADDIN.build/Objects-normal/x86_64/VPNManager.o -o /Users/sergejhlystov/Library/Developer/Xcode/DerivedData/ALADDIN-eahryzmutvtbyceygnlyjsmiiaha/Build/Intermediates.noindex/ALADDIN.build/Debug-iphonesimulator/ALADDIN.build/Objects-normal/x86_64/UnicornPetView.o -o /Users/sergejhlystov/Library/Developer/Xcode/DerivedData/ALADDIN-eahryzmutvtbyceygnlyjsmiiaha/Build/Intermediates.noindex/ALADDIN.build/Debug-iphonesimulator/ALADDIN.build/Objects-normal/x86_64/APIService.o -o /Users/sergejhlystov/Library/Developer/Xcode/DerivedData/ALADDIN-eahryzmutvtbyceygnlyjsmiiaha/Build/Intermediates.noindex/ALADDIN.build/Debug-iphonesimulator/ALADDIN.build/Objects-normal/x86_64/18_PrivacyPolicyScreen.o -o /Users/sergejhlystov/Library/Developer/Xcode/DerivedData/ALADDIN-eahryzmutvtbyceygnlyjsmiiaha/Build/Intermediates.noindex/ALADDIN.build/Debug-iphonesimulator/ALADDIN.build/Objects-normal/x86_64/10_TariffsScreen.o -o /Users/sergejhlystov/Library/Developer/Xcode/DerivedData/ALADDIN-eahryzmutvtbyceygnlyjsmiiaha/Build/Intermediates.noindex/ALADDIN.build/Debug-iphonesimulator/ALADDIN.build/Objects-normal/x86_64/03_VPNScreen.o -o /Users/sergejhlystov/Library/Developer/Xcode/DerivedData/ALADDIN-eahryzmutvtbyceygnlyjsmiiaha/Build/Intermediates.noindex/ALADDIN.build/Debug-iphonesimulator/ALADDIN.build/Objects-normal/x86_64/09_ElderlyInterfaceScreen.o -o /Users/sergejhlystov/Library/Developer/Xcode/DerivedData/ALADDIN-eahryzmutvtbyceygnlyjsmiiaha/Build/Intermediates.noindex/ALADDIN.build/Debug-iphonesimulator/ALADDIN.build/Objects-normal/x86_64/SecondaryButton.o -o /Users/sergejhlystov/Library/Developer/Xcode/DerivedData/ALADDIN-eahryzmutvtbyceygnlyjsmiiaha/Build/Intermediates.noindex/ALADDIN.build/Debug-iphonesimulator/ALADDIN.build/Objects-normal/x86_64/11_ProfileScreen.o -index-store-path /Users/sergejhlystov/Library/Developer/Xcode/DerivedData/ALADDIN-eahryzmutvtbyceygnlyjsmiiaha/Index/DataStore -index-system-modules

CompileSwift normal x86_64 /Users/sergejhlystov/ALADDIN_NEW/ALADDIN_NEW/mobile_apps/ALADDIN_iOS/Core/Models/APIModels.swift (in target 'ALADDIN' from project 'ALADDIN')
    cd /Users/sergejhlystov/ALADDIN_NEW/ALADDIN_NEW/mobile_apps/ALADDIN_iOS
    /Applications/Xcode.app/Contents/Developer/Toolchains/XcodeDefault.xctoolchain/usr/bin/swift-frontend -frontend -c /Users/sergejhlystov/ALADDIN_NEW/ALADDIN_NEW/mobile_apps/ALADDIN_iOS/Screens/RewardsQuickModal.swift /Users/sergejhlystov/ALADDIN_NEW/ALADDIN_NEW/mobile_apps/ALADDIN_iOS/Screens/08_ChildInterfaceScreen.swift /Users/sergejhlystov/ALADDIN_NEW/ALADDIN_NEW/mobile_apps/ALADDIN_iOS/ContentView.swift /Users/sergejhlystov/ALADDIN_NEW/ALADDIN_NEW/mobile_apps/ALADDIN_iOS/Shared/Components/ALADDINToggle.swift /Users/sergejhlystov/ALADDIN_NEW/ALADDIN_NEW/mobile_apps/ALADDIN_iOS/Components/Modals/AgeGroupSelectionModal.swift /Users/sergejhlystov/ALADDIN_NEW/ALADDIN_NEW/mobile_apps/ALADDIN_iOS/ALADDINApp.swift /Users/sergejhlystov/ALADDIN_NEW/ALADDIN_NEW/mobile_apps/ALADDIN_iOS/Shared/Models/FunctionStatus.swift /Users/sergejhlystov/ALADDIN_NEW/ALADDIN_NEW/mobile_apps/ALADDIN_iOS/ViewModels/MainViewModel.swift /Users/sergejhlystov/ALADDIN_NEW/ALADDIN_NEW/mobile_apps/ALADDIN_iOS/Shared/Components/Buttons/PrimaryButton.swift /Users/sergejhlystov/ALADDIN_NEW/ALADDIN_NEW/mobile_apps/ALADDIN_iOS/Screens/NotificationSettingsScreen.swift /Users/sergejhlystov/ALADDIN_NEW/ALADDIN_NEW/mobile_apps/ALADDIN_iOS/Screens/ChildContentScreen.swift /Users/sergejhlystov/ALADDIN_NEW/ALADDIN_NEW/mobile_apps/ALADDIN_iOS/Shared/Components/StatItem.swift -primary-file /Users/sergejhlystov/ALADDIN_NEW/ALADDIN_NEW/mobile_apps/ALADDIN_iOS/Shared/Components/Cards/FamilyMemberCard.swift -primary-file /Users/sergejhlystov/ALADDIN_NEW/ALADDIN_NEW/mobile_apps/ALADDIN_iOS/ViewModels/VPNViewModel.swift -primary-file /Users/sergejhlystov/ALADDIN_NEW/ALADDIN_NEW/mobile_apps/ALADDIN_iOS/Core/Models/APIModels.swift -primary-file /Users/sergejhlystov/ALADDIN_NEW/ALADDIN_NEW/mobile_apps/ALADDIN_iOS/Core/VPN/VPNManager.swift -primary-file /Users/sergejhlystov/ALADDIN_NEW/ALADDIN_NEW/mobile_apps/ALADDIN_iOS/Screens/UnicornPetView.swift -primary-file /Users/sergejhlystov/ALADDIN_NEW/ALADDIN_NEW/mobile_apps/ALADDIN_iOS/Core/Network/APIService.swift -primary-file /Users/sergejhlystov/ALADDIN_NEW/ALADDIN_NEW/mobile_apps/ALADDIN_iOS/Screens/18_PrivacyPolicyScreen.swift -primary-file /Users/sergejhlystov/ALADDIN_NEW/ALADDIN_NEW/mobile_apps/ALADDIN_iOS/Screens/10_TariffsScreen.swift -primary-file /Users/sergejhlystov/ALADDIN_NEW/ALADDIN_NEW/mobile_apps/ALADDIN_iOS/Screens/03_VPNScreen.swift -primary-file /Users/sergejhlystov/ALADDIN_NEW/ALADDIN_NEW/mobile_apps/ALADDIN_iOS/Screens/09_ElderlyInterfaceScreen.swift -primary-file /Users/sergejhlystov/ALADDIN_NEW/ALADDIN_NEW/mobile_apps/ALADDIN_iOS/Shared/Components/SecondaryButton.swift -primary-file /Users/sergejhlystov/ALADDIN_NEW/ALADDIN_NEW/mobile_apps/ALADDIN_iOS/Screens/11_ProfileScreen.swift /Users/sergejhlystov/ALADDIN_NEW/ALADDIN_NEW/mobile_apps/ALADDIN_iOS/Core/Network/NetworkManager.swift /Users/sergejhlystov/ALADDIN_NEW/ALADDIN_NEW/mobile_apps/ALADDIN_iOS/Screens/19_TermsOfServiceScreen.swift /Users/sergejhlystov/ALADDIN_NEW/ALADDIN_NEW/mobile_apps/ALADDIN_iOS/Core/Config/AppConfig.swift /Users/sergejhlystov/ALADDIN_NEW/ALADDIN_NEW/mobile_apps/ALADDIN_iOS/ViewModels/FamilyViewModel.swift /Users/sergejhlystov/ALADDIN_NEW/ALADDIN_NEW/mobile_apps/ALADDIN_iOS/ViewModels/AIAssistantViewModel.swift /Users/sergejhlystov/ALADDIN_NEW/ALADDIN_NEW/mobile_apps/ALADDIN_iOS/Screens/22_DeviceDetailScreen.swift /Users/sergejhlystov/ALADDIN_NEW/ALADDIN_NEW/mobile_apps/ALADDIN_iOS/Screens/WidgetConfigurationScreen.swift /Users/sergejhlystov/ALADDIN_NEW/ALADDIN_NEW/mobile_apps/ALADDIN_iOS/Core/Security/KeychainManager.swift /Users/sergejhlystov/ALADDIN_NEW/ALADDIN_NEW/mobile_apps/ALADDIN_iOS/Shared/Components/Modals/MemberStatsModalView.swift /Users/sergejhlystov/ALADDIN_NEW/ALADDIN_NEW/mobile_apps/ALADDIN_iOS/Shared/Styles/Spacing.swift /Users/sergejhlystov/ALADDIN_NEW/ALADDIN_NEW/mobile_apps/ALADDIN_iOS/Shared/Components/RecoveryOptionsModal.swift /Users/sergejhlystov/ALADDIN_NEW/ALADDIN_NEW/mobile_apps/ALADDIN_iOS/ViewModels/SettingsViewModel.swift /Users/sergejhlystov/ALADDIN_NEW/ALADDIN_NEW/mobile_apps/ALADDIN_iOS/Shared/Components/InfoRow.swift /Users/sergejhlystov/ALADDIN_NEW/ALADDIN_NEW/mobile_apps/ALADDIN_iOS/Screens/25_PaymentQRScreen.swift /Users/sergejhlystov/ALADDIN_NEW/ALADDIN_NEW/mobile_apps/ALADDIN_iOS/Shared/Components/Modals/RoleSelectionModal.swift /Users/sergejhlystov/ALADDIN_NEW/ALADDIN_NEW/mobile_apps/ALADDIN_iOS/ViewModels/SupportViewModel.swift /Users/sergejhlystov/ALADDIN_NEW/ALADDIN_NEW/mobile_apps/ALADDIN_iOS/ViewModels/ChildInterfaceViewModel.swift /Users/sergejhlystov/ALADDIN_NEW/ALADDIN_NEW/mobile_apps/ALADDIN_iOS/Screens/12_NotificationsScreen.swift /Users/sergejhlystov/ALADDIN_NEW/ALADDIN_NEW/mobile_apps/ALADDIN_iOS/ViewModels/ElderlyInterfaceViewModel.swift /Users/sergejhlystov/ALADDIN_NEW/ALADDIN_NEW/mobile_apps/ALADDIN_iOS/ViewModels/AnalyticsViewModel.swift /Users/sergejhlystov/ALADDIN_NEW/ALADDIN_NEW/mobile_apps/ALADDIN_iOS/Core/Cache/CacheManager.swift /Users/sergejhlystov/ALADDIN_NEW/ALADDIN_NEW/mobile_apps/ALADDIN_iOS/ViewModels/NotificationsViewModel.swift /Users/sergejhlystov/ALADDIN_NEW/ALADDIN_NEW/mobile_apps/ALADDIN_iOS/Screens/06_AIAssistantScreen.swift /Users/sergejhlystov/ALADDIN_NEW/ALADDIN_NEW/mobile_apps/ALADDIN_iOS/ViewModels/ProfileViewModel.swift /Users/sergejhlystov/ALADDIN_NEW/ALADDIN_NEW/mobile_apps/ALADDIN_iOS/Components/Modals/ConsentModal.swift /Users/sergejhlystov/ALADDIN_NEW/ALADDIN_NEW/mobile_apps/ALADDIN_iOS/ViewModels/ParentalControlViewModel.swift /Users/sergejhlystov/ALADDIN_NEW/ALADDIN_NEW/mobile_apps/ALADDIN_iOS/ViewModels/OnboardingViewModel.swift /Users/sergejhlystov/ALADDIN_NEW/ALADDIN_NEW/mobile_apps/ALADDIN_iOS/Shared/Styles/Colors.swift /Users/sergejhlystov/ALADDIN_NEW/ALADDIN_NEW/mobile_apps/ALADDIN_iOS/Screens/ChildRewardsScreen.swift /Users/sergejhlystov/ALADDIN_NEW/ALADDIN_NEW/mobile_apps/ALADDIN_iOS/Screens/21_ReferralScreen.swift /Users/sergejhlystov/ALADDIN_NEW/ALADDIN_NEW/mobile_apps/ALADDIN_iOS/Shared/Components/AvatarSelector.swift /Users/sergejhlystov/ALADDIN_NEW/ALADDIN_NEW/mobile_apps/ALADDIN_iOS/Shared/Components/Navigation/ALADDINNavigationBar.swift /Users/sergejhlystov/ALADDIN_NEW/ALADDIN_NEW/mobile_apps/ALADDIN_iOS/Screens/14_OnboardingScreen.swift /Users/sergejhlystov/ALADDIN_NEW/ALADDIN_NEW/mobile_apps/ALADDIN_iOS/Components/Modals/FamilyCreatedModal.swift /Users/sergejhlystov/ALADDIN_NEW/ALADDIN_NEW/mobile_apps/ALADDIN_iOS/ViewModels/PaymentQRViewModel.swift /Users/sergejhlystov/ALADDIN_NEW/ALADDIN_NEW/mobile_apps/ALADDIN_iOS/Core/Navigation/NavigationManager.swift /Users/sergejhlystov/ALADDIN_NEW/ALADDIN_NEW/mobile_apps/ALADDIN_iOS/Core/Accessibility/AccessibilityManager.swift /Users/sergejhlystov/ALADDIN_NEW/ALADDIN_NEW/mobile_apps/ALADDIN_iOS/Core/Store/StoreManager.swift /Users/sergejhlystov/ALADDIN_NEW/ALADDIN_NEW/mobile_apps/ALADDIN_iOS/Screens/WheelOfFortuneView.swift /Users/sergejhlystov/ALADDIN_NEW/ALADDIN_NEW/mobile_apps/ALADDIN_iOS/Screens/UnicornUniverseView.swift /Users/sergejhlystov/ALADDIN_NEW/ALADDIN_NEW/mobile_apps/ALADDIN_iOS/Core/Localization/LocalizationManager.swift /Users/sergejhlystov/ALADDIN_NEW/ALADDIN_NEW/mobile_apps/ALADDIN_iOS/Screens/13_SupportScreen.swift /Users/sergejhlystov/ALADDIN_NEW/ALADDIN_NEW/mobile_apps/ALADDIN_iOS/Core/Analytics/AnalyticsManager.swift /Users/sergejhlystov/ALADDIN_NEW/ALADDIN_NEW/mobile_apps/ALADDIN_iOS/Screens/07_ParentalControlScreen.swift /Users/sergejhlystov/ALADDIN_NEW/ALADDIN_NEW/mobile_apps/ALADDIN_iOS/Screens/05_SettingsScreen.swift /Users/sergejhlystov/ALADDIN_NEW/ALADDIN_NEW/mobile_apps/ALADDIN_iOS/Screens/RewardsModalView.swift /Users/sergejhlystov/ALADDIN_NEW/ALADDIN_NEW/mobile_apps/ALADDIN_iOS/Screens/23_FamilyChatScreen.swift /Users/sergejhlystov/ALADDIN_NEW/ALADDIN_NEW/mobile_apps/ALADDIN_iOS/Screens/02_FamilyScreen.swift /Users/sergejhlystov/ALADDIN_NEW/ALADDIN_NEW/mobile_apps/ALADDIN_iOS/Screens/20_DevicesScreen.swift /Users/sergejhlystov/ALADDIN_NEW/ALADDIN_NEW/mobile_apps/ALADDIN_iOS/Shared/Components/ViewModifiers.swift /Users/sergejhlystov/ALADDIN_NEW/ALADDIN_NEW/mobile_apps/ALADDIN_iOS/Shared/Components/HapticFeedback.swift /Users/sergejhlystov/ALADDIN_NEW/ALADDIN_NEW/mobile_apps/ALADDIN_iOS/Screens/MainScreenWithRegistration.swift /Users/sergejhlystov/ALADDIN_NEW/ALADDIN_NEW/mobile_apps/ALADDIN_iOS/Core/Network/NetworkError.swift /Users/sergejhlystov/ALADDIN_NEW/ALADDIN_NEW/mobile_apps/ALADDIN_iOS/Screens/LanguageSettingsScreen.swift /Users/sergejhlystov/ALADDIN_NEW/ALADDIN_NEW/mobile_apps/ALADDIN_iOS/ViewModels/FamilyRegistrationViewModel.swift /Users/sergejhlystov/ALADDIN_NEW/ALADDIN_NEW/mobile_apps/ALADDIN_iOS/Shared/Styles/CornerRadius.swift /Users/sergejhlystov/ALADDIN_NEW/ALADDIN_NEW/mobile_apps/ALADDIN_iOS/Screens/01_MainScreen.swift /Users/sergejhlystov/ALADDIN_NEW/ALADDIN_NEW/mobile_apps/ALADDIN_iOS/Screens/FamilyTournamentView.swift /Users/sergejhlystov/ALADDIN_NEW/ALADDIN_NEW/mobile_apps/ALADDIN_iOS/Shared/Styles/Fonts.swift /Users/sergejhlystov/ALADDIN_NEW/ALADDIN_NEW/mobile_apps/ALADDIN_iOS/Screens/GamesParentalControlView.swift /Users/sergejhlystov/ALADDIN_NEW/ALADDIN_NEW/mobile_apps/ALADDIN_iOS/Shared/Components/QRScannerModal.swift /Users/sergejhlystov/ALADDIN_NEW/ALADDIN_NEW/mobile_apps/ALADDIN_iOS/Screens/04_AnalyticsScreen.swift /Users/sergejhlystov/ALADDIN_NEW/ALADDIN_NEW/mobile_apps/ALADDIN_iOS/Screens/24_VPNEnergyStatsScreen.swift /Users/sergejhlystov/ALADDIN_NEW/ALADDIN_NEW/mobile_apps/ALADDIN_iOS/Shared/Components/Modals/ProfileEditView.swift /Users/sergejhlystov/ALADDIN_NEW/ALADDIN_NEW/mobile_apps/ALADDIN_iOS/ViewModels/TariffsViewModel.swift /Users/sergejhlystov/ALADDIN_NEW/ALADDIN_NEW/mobile_apps/ALADDIN_iOS/Core/Notifications/NotificationManager.swift /Users/sergejhlystov/ALADDIN_NEW/ALADDIN_NEW/mobile_apps/ALADDIN_iOS/Core/Security/SecurityManager.swift -supplementary-output-file-map /var/folders/rf/6rxcyql17sz57_02ng7jd7pr0000gn/T/TemporaryDirectory.wFGpdC/supplementaryOutputs-2 -target x86_64-apple-ios15.0-simulator -enable-objc-interop -sdk /Applications/Xcode.app/Contents/Developer/Platforms/iPhoneSimulator.platform/Developer/SDKs/iPhoneSimulator15.2.sdk -I /Users/sergejhlystov/Library/Developer/Xcode/DerivedData/ALADDIN-eahryzmutvtbyceygnlyjsmiiaha/Build/Products/Debug-iphonesimulator -F /Users/sergejhlystov/Library/Developer/Xcode/DerivedData/ALADDIN-eahryzmutvtbyceygnlyjsmiiaha/Build/Products/Debug-iphonesimulator -enable-testing -g -module-cache-path /Users/sergejhlystov/Library/Developer/Xcode/DerivedData/ModuleCache.noindex -emit-localized-strings -emit-localized-strings-path /Users/sergejhlystov/Library/Developer/Xcode/DerivedData/ALADDIN-eahryzmutvtbyceygnlyjsmiiaha/Build/Intermediates.noindex/ALADDIN.build/Debug-iphonesimulator/ALADDIN.build/Objects-normal/x86_64 -swift-version 5 -enforce-exclusivity\=checked -Onone -D DEBUG -new-driver-path /Applications/Xcode.app/Contents/Developer/Toolchains/XcodeDefault.xctoolchain/usr/bin/swift-driver -serialize-debugging-options -Xcc -working-directory -Xcc /Users/sergejhlystov/ALADDIN_NEW/ALADDIN_NEW/mobile_apps/ALADDIN_iOS -resource-dir /Applications/Xcode.app/Contents/Developer/Toolchains/XcodeDefault.xctoolchain/usr/lib/swift -enable-anonymous-context-mangled-names -Xcc -I/Users/sergejhlystov/Library/Developer/Xcode/DerivedData/ALADDIN-eahryzmutvtbyceygnlyjsmiiaha/Build/Intermediates.noindex/ALADDIN.build/Debug-iphonesimulator/ALADDIN.build/swift-overrides.hmap -Xcc -iquote -Xcc /Users/sergejhlystov/Library/Developer/Xcode/DerivedData/ALADDIN-eahryzmutvtbyceygnlyjsmiiaha/Build/Intermediates.noindex/ALADDIN.build/Debug-iphonesimulator/ALADDIN.build/ALADDIN-generated-files.hmap -Xcc -I/Users/sergejhlystov/Library/Developer/Xcode/DerivedData/ALADDIN-eahryzmutvtbyceygnlyjsmiiaha/Build/Intermediates.noindex/ALADDIN.build/Debug-iphonesimulator/ALADDIN.build/ALADDIN-own-target-headers.hmap -Xcc -I/Users/sergejhlystov/Library/Developer/Xcode/DerivedData/ALADDIN-eahryzmutvtbyceygnlyjsmiiaha/Build/Intermediates.noindex/ALADDIN.build/Debug-iphonesimulator/ALADDIN.build/ALADDIN-all-target-headers.hmap -Xcc -iquote -Xcc /Users/sergejhlystov/Library/Developer/Xcode/DerivedData/ALADDIN-eahryzmutvtbyceygnlyjsmiiaha/Build/Intermediates.noindex/ALADDIN.build/Debug-iphonesimulator/ALADDIN.build/ALADDIN-project-headers.hmap -Xcc -I/Users/sergejhlystov/Library/Developer/Xcode/DerivedData/ALADDIN-eahryzmutvtbyceygnlyjsmiiaha/Build/Products/Debug-iphonesimulator/include -Xcc -I/Users/sergejhlystov/Library/Developer/Xcode/DerivedData/ALADDIN-eahryzmutvtbyceygnlyjsmiiaha/Build/Intermediates.noindex/ALADDIN.build/Debug-iphonesimulator/ALADDIN.build/DerivedSources-normal/x86_64 -Xcc -I/Users/sergejhlystov/Library/Developer/Xcode/DerivedData/ALADDIN-eahryzmutvtbyceygnlyjsmiiaha/Build/Intermediates.noindex/ALADDIN.build/Debug-iphonesimulator/ALADDIN.build/DerivedSources/x86_64 -Xcc -I/Users/sergejhlystov/Library/Developer/Xcode/DerivedData/ALADDIN-eahryzmutvtbyceygnlyjsmiiaha/Build/Intermediates.noindex/ALADDIN.build/Debug-iphonesimulator/ALADDIN.build/DerivedSources -Xcc -DDEBUG\=1 -module-name ALADDIN -target-sdk-version 15.2.0 -o /Users/sergejhlystov/Library/Developer/Xcode/DerivedData/ALADDIN-eahryzmutvtbyceygnlyjsmiiaha/Build/Intermediates.noindex/ALADDIN.build/Debug-iphonesimulator/ALADDIN.build/Objects-normal/x86_64/FamilyMemberCard.o -o /Users/sergejhlystov/Library/Developer/Xcode/DerivedData/ALADDIN-eahryzmutvtbyceygnlyjsmiiaha/Build/Intermediates.noindex/ALADDIN.build/Debug-iphonesimulator/ALADDIN.build/Objects-normal/x86_64/VPNViewModel.o -o /Users/sergejhlystov/Library/Developer/Xcode/DerivedData/ALADDIN-eahryzmutvtbyceygnlyjsmiiaha/Build/Intermediates.noindex/ALADDIN.build/Debug-iphonesimulator/ALADDIN.build/Objects-normal/x86_64/APIModels.o -o /Users/sergejhlystov/Library/Developer/Xcode/DerivedData/ALADDIN-eahryzmutvtbyceygnlyjsmiiaha/Build/Intermediates.noindex/ALADDIN.build/Debug-iphonesimulator/ALADDIN.build/Objects-normal/x86_64/VPNManager.o -o /Users/sergejhlystov/Library/Developer/Xcode/DerivedData/ALADDIN-eahryzmutvtbyceygnlyjsmiiaha/Build/Intermediates.noindex/ALADDIN.build/Debug-iphonesimulator/ALADDIN.build/Objects-normal/x86_64/UnicornPetView.o -o /Users/sergejhlystov/Library/Developer/Xcode/DerivedData/ALADDIN-eahryzmutvtbyceygnlyjsmiiaha/Build/Intermediates.noindex/ALADDIN.build/Debug-iphonesimulator/ALADDIN.build/Objects-normal/x86_64/APIService.o -o /Users/sergejhlystov/Library/Developer/Xcode/DerivedData/ALADDIN-eahryzmutvtbyceygnlyjsmiiaha/Build/Intermediates.noindex/ALADDIN.build/Debug-iphonesimulator/ALADDIN.build/Objects-normal/x86_64/18_PrivacyPolicyScreen.o -o /Users/sergejhlystov/Library/Developer/Xcode/DerivedData/ALADDIN-eahryzmutvtbyceygnlyjsmiiaha/Build/Intermediates.noindex/ALADDIN.build/Debug-iphonesimulator/ALADDIN.build/Objects-normal/x86_64/10_TariffsScreen.o -o /Users/sergejhlystov/Library/Developer/Xcode/DerivedData/ALADDIN-eahryzmutvtbyceygnlyjsmiiaha/Build/Intermediates.noindex/ALADDIN.build/Debug-iphonesimulator/ALADDIN.build/Objects-normal/x86_64/03_VPNScreen.o -o /Users/sergejhlystov/Library/Developer/Xcode/DerivedData/ALADDIN-eahryzmutvtbyceygnlyjsmiiaha/Build/Intermediates.noindex/ALADDIN.build/Debug-iphonesimulator/ALADDIN.build/Objects-normal/x86_64/09_ElderlyInterfaceScreen.o -o /Users/sergejhlystov/Library/Developer/Xcode/DerivedData/ALADDIN-eahryzmutvtbyceygnlyjsmiiaha/Build/Intermediates.noindex/ALADDIN.build/Debug-iphonesimulator/ALADDIN.build/Objects-normal/x86_64/SecondaryButton.o -o /Users/sergejhlystov/Library/Developer/Xcode/DerivedData/ALADDIN-eahryzmutvtbyceygnlyjsmiiaha/Build/Intermediates.noindex/ALADDIN.build/Debug-iphonesimulator/ALADDIN.build/Objects-normal/x86_64/11_ProfileScreen.o -index-store-path /Users/sergejhlystov/Library/Developer/Xcode/DerivedData/ALADDIN-eahryzmutvtbyceygnlyjsmiiaha/Index/DataStore -index-system-modules

CompileSwift normal x86_64 /Users/sergejhlystov/ALADDIN_NEW/ALADDIN_NEW/mobile_apps/ALADDIN_iOS/Core/VPN/VPNManager.swift (in target 'ALADDIN' from project 'ALADDIN')
    cd /Users/sergejhlystov/ALADDIN_NEW/ALADDIN_NEW/mobile_apps/ALADDIN_iOS
    /Applications/Xcode.app/Contents/Developer/Toolchains/XcodeDefault.xctoolchain/usr/bin/swift-frontend -frontend -c /Users/sergejhlystov/ALADDIN_NEW/ALADDIN_NEW/mobile_apps/ALADDIN_iOS/Screens/RewardsQuickModal.swift /Users/sergejhlystov/ALADDIN_NEW/ALADDIN_NEW/mobile_apps/ALADDIN_iOS/Screens/08_ChildInterfaceScreen.swift /Users/sergejhlystov/ALADDIN_NEW/ALADDIN_NEW/mobile_apps/ALADDIN_iOS/ContentView.swift /Users/sergejhlystov/ALADDIN_NEW/ALADDIN_NEW/mobile_apps/ALADDIN_iOS/Shared/Components/ALADDINToggle.swift /Users/sergejhlystov/ALADDIN_NEW/ALADDIN_NEW/mobile_apps/ALADDIN_iOS/Components/Modals/AgeGroupSelectionModal.swift /Users/sergejhlystov/ALADDIN_NEW/ALADDIN_NEW/mobile_apps/ALADDIN_iOS/ALADDINApp.swift /Users/sergejhlystov/ALADDIN_NEW/ALADDIN_NEW/mobile_apps/ALADDIN_iOS/Shared/Models/FunctionStatus.swift /Users/sergejhlystov/ALADDIN_NEW/ALADDIN_NEW/mobile_apps/ALADDIN_iOS/ViewModels/MainViewModel.swift /Users/sergejhlystov/ALADDIN_NEW/ALADDIN_NEW/mobile_apps/ALADDIN_iOS/Shared/Components/Buttons/PrimaryButton.swift /Users/sergejhlystov/ALADDIN_NEW/ALADDIN_NEW/mobile_apps/ALADDIN_iOS/Screens/NotificationSettingsScreen.swift /Users/sergejhlystov/ALADDIN_NEW/ALADDIN_NEW/mobile_apps/ALADDIN_iOS/Screens/ChildContentScreen.swift /Users/sergejhlystov/ALADDIN_NEW/ALADDIN_NEW/mobile_apps/ALADDIN_iOS/Shared/Components/StatItem.swift -primary-file /Users/sergejhlystov/ALADDIN_NEW/ALADDIN_NEW/mobile_apps/ALADDIN_iOS/Shared/Components/Cards/FamilyMemberCard.swift -primary-file /Users/sergejhlystov/ALADDIN_NEW/ALADDIN_NEW/mobile_apps/ALADDIN_iOS/ViewModels/VPNViewModel.swift -primary-file /Users/sergejhlystov/ALADDIN_NEW/ALADDIN_NEW/mobile_apps/ALADDIN_iOS/Core/Models/APIModels.swift -primary-file /Users/sergejhlystov/ALADDIN_NEW/ALADDIN_NEW/mobile_apps/ALADDIN_iOS/Core/VPN/VPNManager.swift -primary-file /Users/sergejhlystov/ALADDIN_NEW/ALADDIN_NEW/mobile_apps/ALADDIN_iOS/Screens/UnicornPetView.swift -primary-file /Users/sergejhlystov/ALADDIN_NEW/ALADDIN_NEW/mobile_apps/ALADDIN_iOS/Core/Network/APIService.swift -primary-file /Users/sergejhlystov/ALADDIN_NEW/ALADDIN_NEW/mobile_apps/ALADDIN_iOS/Screens/18_PrivacyPolicyScreen.swift -primary-file /Users/sergejhlystov/ALADDIN_NEW/ALADDIN_NEW/mobile_apps/ALADDIN_iOS/Screens/10_TariffsScreen.swift -primary-file /Users/sergejhlystov/ALADDIN_NEW/ALADDIN_NEW/mobile_apps/ALADDIN_iOS/Screens/03_VPNScreen.swift -primary-file /Users/sergejhlystov/ALADDIN_NEW/ALADDIN_NEW/mobile_apps/ALADDIN_iOS/Screens/09_ElderlyInterfaceScreen.swift -primary-file /Users/sergejhlystov/ALADDIN_NEW/ALADDIN_NEW/mobile_apps/ALADDIN_iOS/Shared/Components/SecondaryButton.swift -primary-file /Users/sergejhlystov/ALADDIN_NEW/ALADDIN_NEW/mobile_apps/ALADDIN_iOS/Screens/11_ProfileScreen.swift /Users/sergejhlystov/ALADDIN_NEW/ALADDIN_NEW/mobile_apps/ALADDIN_iOS/Core/Network/NetworkManager.swift /Users/sergejhlystov/ALADDIN_NEW/ALADDIN_NEW/mobile_apps/ALADDIN_iOS/Screens/19_TermsOfServiceScreen.swift /Users/sergejhlystov/ALADDIN_NEW/ALADDIN_NEW/mobile_apps/ALADDIN_iOS/Core/Config/AppConfig.swift /Users/sergejhlystov/ALADDIN_NEW/ALADDIN_NEW/mobile_apps/ALADDIN_iOS/ViewModels/FamilyViewModel.swift /Users/sergejhlystov/ALADDIN_NEW/ALADDIN_NEW/mobile_apps/ALADDIN_iOS/ViewModels/AIAssistantViewModel.swift /Users/sergejhlystov/ALADDIN_NEW/ALADDIN_NEW/mobile_apps/ALADDIN_iOS/Screens/22_DeviceDetailScreen.swift /Users/sergejhlystov/ALADDIN_NEW/ALADDIN_NEW/mobile_apps/ALADDIN_iOS/Screens/WidgetConfigurationScreen.swift /Users/sergejhlystov/ALADDIN_NEW/ALADDIN_NEW/mobile_apps/ALADDIN_iOS/Core/Security/KeychainManager.swift /Users/sergejhlystov/ALADDIN_NEW/ALADDIN_NEW/mobile_apps/ALADDIN_iOS/Shared/Components/Modals/MemberStatsModalView.swift /Users/sergejhlystov/ALADDIN_NEW/ALADDIN_NEW/mobile_apps/ALADDIN_iOS/Shared/Styles/Spacing.swift /Users/sergejhlystov/ALADDIN_NEW/ALADDIN_NEW/mobile_apps/ALADDIN_iOS/Shared/Components/RecoveryOptionsModal.swift /Users/sergejhlystov/ALADDIN_NEW/ALADDIN_NEW/mobile_apps/ALADDIN_iOS/ViewModels/SettingsViewModel.swift /Users/sergejhlystov/ALADDIN_NEW/ALADDIN_NEW/mobile_apps/ALADDIN_iOS/Shared/Components/InfoRow.swift /Users/sergejhlystov/ALADDIN_NEW/ALADDIN_NEW/mobile_apps/ALADDIN_iOS/Screens/25_PaymentQRScreen.swift /Users/sergejhlystov/ALADDIN_NEW/ALADDIN_NEW/mobile_apps/ALADDIN_iOS/Shared/Components/Modals/RoleSelectionModal.swift /Users/sergejhlystov/ALADDIN_NEW/ALADDIN_NEW/mobile_apps/ALADDIN_iOS/ViewModels/SupportViewModel.swift /Users/sergejhlystov/ALADDIN_NEW/ALADDIN_NEW/mobile_apps/ALADDIN_iOS/ViewModels/ChildInterfaceViewModel.swift /Users/sergejhlystov/ALADDIN_NEW/ALADDIN_NEW/mobile_apps/ALADDIN_iOS/Screens/12_NotificationsScreen.swift /Users/sergejhlystov/ALADDIN_NEW/ALADDIN_NEW/mobile_apps/ALADDIN_iOS/ViewModels/ElderlyInterfaceViewModel.swift /Users/sergejhlystov/ALADDIN_NEW/ALADDIN_NEW/mobile_apps/ALADDIN_iOS/ViewModels/AnalyticsViewModel.swift /Users/sergejhlystov/ALADDIN_NEW/ALADDIN_NEW/mobile_apps/ALADDIN_iOS/Core/Cache/CacheManager.swift /Users/sergejhlystov/ALADDIN_NEW/ALADDIN_NEW/mobile_apps/ALADDIN_iOS/ViewModels/NotificationsViewModel.swift /Users/sergejhlystov/ALADDIN_NEW/ALADDIN_NEW/mobile_apps/ALADDIN_iOS/Screens/06_AIAssistantScreen.swift /Users/sergejhlystov/ALADDIN_NEW/ALADDIN_NEW/mobile_apps/ALADDIN_iOS/ViewModels/ProfileViewModel.swift /Users/sergejhlystov/ALADDIN_NEW/ALADDIN_NEW/mobile_apps/ALADDIN_iOS/Components/Modals/ConsentModal.swift /Users/sergejhlystov/ALADDIN_NEW/ALADDIN_NEW/mobile_apps/ALADDIN_iOS/ViewModels/ParentalControlViewModel.swift /Users/sergejhlystov/ALADDIN_NEW/ALADDIN_NEW/mobile_apps/ALADDIN_iOS/ViewModels/OnboardingViewModel.swift /Users/sergejhlystov/ALADDIN_NEW/ALADDIN_NEW/mobile_apps/ALADDIN_iOS/Shared/Styles/Colors.swift /Users/sergejhlystov/ALADDIN_NEW/ALADDIN_NEW/mobile_apps/ALADDIN_iOS/Screens/ChildRewardsScreen.swift /Users/sergejhlystov/ALADDIN_NEW/ALADDIN_NEW/mobile_apps/ALADDIN_iOS/Screens/21_ReferralScreen.swift /Users/sergejhlystov/ALADDIN_NEW/ALADDIN_NEW/mobile_apps/ALADDIN_iOS/Shared/Components/AvatarSelector.swift /Users/sergejhlystov/ALADDIN_NEW/ALADDIN_NEW/mobile_apps/ALADDIN_iOS/Shared/Components/Navigation/ALADDINNavigationBar.swift /Users/sergejhlystov/ALADDIN_NEW/ALADDIN_NEW/mobile_apps/ALADDIN_iOS/Screens/14_OnboardingScreen.swift /Users/sergejhlystov/ALADDIN_NEW/ALADDIN_NEW/mobile_apps/ALADDIN_iOS/Components/Modals/FamilyCreatedModal.swift /Users/sergejhlystov/ALADDIN_NEW/ALADDIN_NEW/mobile_apps/ALADDIN_iOS/ViewModels/PaymentQRViewModel.swift /Users/sergejhlystov/ALADDIN_NEW/ALADDIN_NEW/mobile_apps/ALADDIN_iOS/Core/Navigation/NavigationManager.swift /Users/sergejhlystov/ALADDIN_NEW/ALADDIN_NEW/mobile_apps/ALADDIN_iOS/Core/Accessibility/AccessibilityManager.swift /Users/sergejhlystov/ALADDIN_NEW/ALADDIN_NEW/mobile_apps/ALADDIN_iOS/Core/Store/StoreManager.swift /Users/sergejhlystov/ALADDIN_NEW/ALADDIN_NEW/mobile_apps/ALADDIN_iOS/Screens/WheelOfFortuneView.swift /Users/sergejhlystov/ALADDIN_NEW/ALADDIN_NEW/mobile_apps/ALADDIN_iOS/Screens/UnicornUniverseView.swift /Users/sergejhlystov/ALADDIN_NEW/ALADDIN_NEW/mobile_apps/ALADDIN_iOS/Core/Localization/LocalizationManager.swift /Users/sergejhlystov/ALADDIN_NEW/ALADDIN_NEW/mobile_apps/ALADDIN_iOS/Screens/13_SupportScreen.swift /Users/sergejhlystov/ALADDIN_NEW/ALADDIN_NEW/mobile_apps/ALADDIN_iOS/Core/Analytics/AnalyticsManager.swift /Users/sergejhlystov/ALADDIN_NEW/ALADDIN_NEW/mobile_apps/ALADDIN_iOS/Screens/07_ParentalControlScreen.swift /Users/sergejhlystov/ALADDIN_NEW/ALADDIN_NEW/mobile_apps/ALADDIN_iOS/Screens/05_SettingsScreen.swift /Users/sergejhlystov/ALADDIN_NEW/ALADDIN_NEW/mobile_apps/ALADDIN_iOS/Screens/RewardsModalView.swift /Users/sergejhlystov/ALADDIN_NEW/ALADDIN_NEW/mobile_apps/ALADDIN_iOS/Screens/23_FamilyChatScreen.swift /Users/sergejhlystov/ALADDIN_NEW/ALADDIN_NEW/mobile_apps/ALADDIN_iOS/Screens/02_FamilyScreen.swift /Users/sergejhlystov/ALADDIN_NEW/ALADDIN_NEW/mobile_apps/ALADDIN_iOS/Screens/20_DevicesScreen.swift /Users/sergejhlystov/ALADDIN_NEW/ALADDIN_NEW/mobile_apps/ALADDIN_iOS/Shared/Components/ViewModifiers.swift /Users/sergejhlystov/ALADDIN_NEW/ALADDIN_NEW/mobile_apps/ALADDIN_iOS/Shared/Components/HapticFeedback.swift /Users/sergejhlystov/ALADDIN_NEW/ALADDIN_NEW/mobile_apps/ALADDIN_iOS/Screens/MainScreenWithRegistration.swift /Users/sergejhlystov/ALADDIN_NEW/ALADDIN_NEW/mobile_apps/ALADDIN_iOS/Core/Network/NetworkError.swift /Users/sergejhlystov/ALADDIN_NEW/ALADDIN_NEW/mobile_apps/ALADDIN_iOS/Screens/LanguageSettingsScreen.swift /Users/sergejhlystov/ALADDIN_NEW/ALADDIN_NEW/mobile_apps/ALADDIN_iOS/ViewModels/FamilyRegistrationViewModel.swift /Users/sergejhlystov/ALADDIN_NEW/ALADDIN_NEW/mobile_apps/ALADDIN_iOS/Shared/Styles/CornerRadius.swift /Users/sergejhlystov/ALADDIN_NEW/ALADDIN_NEW/mobile_apps/ALADDIN_iOS/Screens/01_MainScreen.swift /Users/sergejhlystov/ALADDIN_NEW/ALADDIN_NEW/mobile_apps/ALADDIN_iOS/Screens/FamilyTournamentView.swift /Users/sergejhlystov/ALADDIN_NEW/ALADDIN_NEW/mobile_apps/ALADDIN_iOS/Shared/Styles/Fonts.swift /Users/sergejhlystov/ALADDIN_NEW/ALADDIN_NEW/mobile_apps/ALADDIN_iOS/Screens/GamesParentalControlView.swift /Users/sergejhlystov/ALADDIN_NEW/ALADDIN_NEW/mobile_apps/ALADDIN_iOS/Shared/Components/QRScannerModal.swift /Users/sergejhlystov/ALADDIN_NEW/ALADDIN_NEW/mobile_apps/ALADDIN_iOS/Screens/04_AnalyticsScreen.swift /Users/sergejhlystov/ALADDIN_NEW/ALADDIN_NEW/mobile_apps/ALADDIN_iOS/Screens/24_VPNEnergyStatsScreen.swift /Users/sergejhlystov/ALADDIN_NEW/ALADDIN_NEW/mobile_apps/ALADDIN_iOS/Shared/Components/Modals/ProfileEditView.swift /Users/sergejhlystov/ALADDIN_NEW/ALADDIN_NEW/mobile_apps/ALADDIN_iOS/ViewModels/TariffsViewModel.swift /Users/sergejhlystov/ALADDIN_NEW/ALADDIN_NEW/mobile_apps/ALADDIN_iOS/Core/Notifications/NotificationManager.swift /Users/sergejhlystov/ALADDIN_NEW/ALADDIN_NEW/mobile_apps/ALADDIN_iOS/Core/Security/SecurityManager.swift -supplementary-output-file-map /var/folders/rf/6rxcyql17sz57_02ng7jd7pr0000gn/T/TemporaryDirectory.wFGpdC/supplementaryOutputs-2 -target x86_64-apple-ios15.0-simulator -enable-objc-interop -sdk /Applications/Xcode.app/Contents/Developer/Platforms/iPhoneSimulator.platform/Developer/SDKs/iPhoneSimulator15.2.sdk -I /Users/sergejhlystov/Library/Developer/Xcode/DerivedData/ALADDIN-eahryzmutvtbyceygnlyjsmiiaha/Build/Products/Debug-iphonesimulator -F /Users/sergejhlystov/Library/Developer/Xcode/DerivedData/ALADDIN-eahryzmutvtbyceygnlyjsmiiaha/Build/Products/Debug-iphonesimulator -enable-testing -g -module-cache-path /Users/sergejhlystov/Library/Developer/Xcode/DerivedData/ModuleCache.noindex -emit-localized-strings -emit-localized-strings-path /Users/sergejhlystov/Library/Developer/Xcode/DerivedData/ALADDIN-eahryzmutvtbyceygnlyjsmiiaha/Build/Intermediates.noindex/ALADDIN.build/Debug-iphonesimulator/ALADDIN.build/Objects-normal/x86_64 -swift-version 5 -enforce-exclusivity\=checked -Onone -D DEBUG -new-driver-path /Applications/Xcode.app/Contents/Developer/Toolchains/XcodeDefault.xctoolchain/usr/bin/swift-driver -serialize-debugging-options -Xcc -working-directory -Xcc /Users/sergejhlystov/ALADDIN_NEW/ALADDIN_NEW/mobile_apps/ALADDIN_iOS -resource-dir /Applications/Xcode.app/Contents/Developer/Toolchains/XcodeDefault.xctoolchain/usr/lib/swift -enable-anonymous-context-mangled-names -Xcc -I/Users/sergejhlystov/Library/Developer/Xcode/DerivedData/ALADDIN-eahryzmutvtbyceygnlyjsmiiaha/Build/Intermediates.noindex/ALADDIN.build/Debug-iphonesimulator/ALADDIN.build/swift-overrides.hmap -Xcc -iquote -Xcc /Users/sergejhlystov/Library/Developer/Xcode/DerivedData/ALADDIN-eahryzmutvtbyceygnlyjsmiiaha/Build/Intermediates.noindex/ALADDIN.build/Debug-iphonesimulator/ALADDIN.build/ALADDIN-generated-files.hmap -Xcc -I/Users/sergejhlystov/Library/Developer/Xcode/DerivedData/ALADDIN-eahryzmutvtbyceygnlyjsmiiaha/Build/Intermediates.noindex/ALADDIN.build/Debug-iphonesimulator/ALADDIN.build/ALADDIN-own-target-headers.hmap -Xcc -I/Users/sergejhlystov/Library/Developer/Xcode/DerivedData/ALADDIN-eahryzmutvtbyceygnlyjsmiiaha/Build/Intermediates.noindex/ALADDIN.build/Debug-iphonesimulator/ALADDIN.build/ALADDIN-all-target-headers.hmap -Xcc -iquote -Xcc /Users/sergejhlystov/Library/Developer/Xcode/DerivedData/ALADDIN-eahryzmutvtbyceygnlyjsmiiaha/Build/Intermediates.noindex/ALADDIN.build/Debug-iphonesimulator/ALADDIN.build/ALADDIN-project-headers.hmap -Xcc -I/Users/sergejhlystov/Library/Developer/Xcode/DerivedData/ALADDIN-eahryzmutvtbyceygnlyjsmiiaha/Build/Products/Debug-iphonesimulator/include -Xcc -I/Users/sergejhlystov/Library/Developer/Xcode/DerivedData/ALADDIN-eahryzmutvtbyceygnlyjsmiiaha/Build/Intermediates.noindex/ALADDIN.build/Debug-iphonesimulator/ALADDIN.build/DerivedSources-normal/x86_64 -Xcc -I/Users/sergejhlystov/Library/Developer/Xcode/DerivedData/ALADDIN-eahryzmutvtbyceygnlyjsmiiaha/Build/Intermediates.noindex/ALADDIN.build/Debug-iphonesimulator/ALADDIN.build/DerivedSources/x86_64 -Xcc -I/Users/sergejhlystov/Library/Developer/Xcode/DerivedData/ALADDIN-eahryzmutvtbyceygnlyjsmiiaha/Build/Intermediates.noindex/ALADDIN.build/Debug-iphonesimulator/ALADDIN.build/DerivedSources -Xcc -DDEBUG\=1 -module-name ALADDIN -target-sdk-version 15.2.0 -o /Users/sergejhlystov/Library/Developer/Xcode/DerivedData/ALADDIN-eahryzmutvtbyceygnlyjsmiiaha/Build/Intermediates.noindex/ALADDIN.build/Debug-iphonesimulator/ALADDIN.build/Objects-normal/x86_64/FamilyMemberCard.o -o /Users/sergejhlystov/Library/Developer/Xcode/DerivedData/ALADDIN-eahryzmutvtbyceygnlyjsmiiaha/Build/Intermediates.noindex/ALADDIN.build/Debug-iphonesimulator/ALADDIN.build/Objects-normal/x86_64/VPNViewModel.o -o /Users/sergejhlystov/Library/Developer/Xcode/DerivedData/ALADDIN-eahryzmutvtbyceygnlyjsmiiaha/Build/Intermediates.noindex/ALADDIN.build/Debug-iphonesimulator/ALADDIN.build/Objects-normal/x86_64/APIModels.o -o /Users/sergejhlystov/Library/Developer/Xcode/DerivedData/ALADDIN-eahryzmutvtbyceygnlyjsmiiaha/Build/Intermediates.noindex/ALADDIN.build/Debug-iphonesimulator/ALADDIN.build/Objects-normal/x86_64/VPNManager.o -o /Users/sergejhlystov/Library/Developer/Xcode/DerivedData/ALADDIN-eahryzmutvtbyceygnlyjsmiiaha/Build/Intermediates.noindex/ALADDIN.build/Debug-iphonesimulator/ALADDIN.build/Objects-normal/x86_64/UnicornPetView.o -o /Users/sergejhlystov/Library/Developer/Xcode/DerivedData/ALADDIN-eahryzmutvtbyceygnlyjsmiiaha/Build/Intermediates.noindex/ALADDIN.build/Debug-iphonesimulator/ALADDIN.build/Objects-normal/x86_64/APIService.o -o /Users/sergejhlystov/Library/Developer/Xcode/DerivedData/ALADDIN-eahryzmutvtbyceygnlyjsmiiaha/Build/Intermediates.noindex/ALADDIN.build/Debug-iphonesimulator/ALADDIN.build/Objects-normal/x86_64/18_PrivacyPolicyScreen.o -o /Users/sergejhlystov/Library/Developer/Xcode/DerivedData/ALADDIN-eahryzmutvtbyceygnlyjsmiiaha/Build/Intermediates.noindex/ALADDIN.build/Debug-iphonesimulator/ALADDIN.build/Objects-normal/x86_64/10_TariffsScreen.o -o /Users/sergejhlystov/Library/Developer/Xcode/DerivedData/ALADDIN-eahryzmutvtbyceygnlyjsmiiaha/Build/Intermediates.noindex/ALADDIN.build/Debug-iphonesimulator/ALADDIN.build/Objects-normal/x86_64/03_VPNScreen.o -o /Users/sergejhlystov/Library/Developer/Xcode/DerivedData/ALADDIN-eahryzmutvtbyceygnlyjsmiiaha/Build/Intermediates.noindex/ALADDIN.build/Debug-iphonesimulator/ALADDIN.build/Objects-normal/x86_64/09_ElderlyInterfaceScreen.o -o /Users/sergejhlystov/Library/Developer/Xcode/DerivedData/ALADDIN-eahryzmutvtbyceygnlyjsmiiaha/Build/Intermediates.noindex/ALADDIN.build/Debug-iphonesimulator/ALADDIN.build/Objects-normal/x86_64/SecondaryButton.o -o /Users/sergejhlystov/Library/Developer/Xcode/DerivedData/ALADDIN-eahryzmutvtbyceygnlyjsmiiaha/Build/Intermediates.noindex/ALADDIN.build/Debug-iphonesimulator/ALADDIN.build/Objects-normal/x86_64/11_ProfileScreen.o -index-store-path /Users/sergejhlystov/Library/Developer/Xcode/DerivedData/ALADDIN-eahryzmutvtbyceygnlyjsmiiaha/Index/DataStore -index-system-modules

CompileSwift normal x86_64 /Users/sergejhlystov/ALADDIN_NEW/ALADDIN_NEW/mobile_apps/ALADDIN_iOS/Screens/UnicornPetView.swift (in target 'ALADDIN' from project 'ALADDIN')
    cd /Users/sergejhlystov/ALADDIN_NEW/ALADDIN_NEW/mobile_apps/ALADDIN_iOS
    /Applications/Xcode.app/Contents/Developer/Toolchains/XcodeDefault.xctoolchain/usr/bin/swift-frontend -frontend -c /Users/sergejhlystov/ALADDIN_NEW/ALADDIN_NEW/mobile_apps/ALADDIN_iOS/Screens/RewardsQuickModal.swift /Users/sergejhlystov/ALADDIN_NEW/ALADDIN_NEW/mobile_apps/ALADDIN_iOS/Screens/08_ChildInterfaceScreen.swift /Users/sergejhlystov/ALADDIN_NEW/ALADDIN_NEW/mobile_apps/ALADDIN_iOS/ContentView.swift /Users/sergejhlystov/ALADDIN_NEW/ALADDIN_NEW/mobile_apps/ALADDIN_iOS/Shared/Components/ALADDINToggle.swift /Users/sergejhlystov/ALADDIN_NEW/ALADDIN_NEW/mobile_apps/ALADDIN_iOS/Components/Modals/AgeGroupSelectionModal.swift /Users/sergejhlystov/ALADDIN_NEW/ALADDIN_NEW/mobile_apps/ALADDIN_iOS/ALADDINApp.swift /Users/sergejhlystov/ALADDIN_NEW/ALADDIN_NEW/mobile_apps/ALADDIN_iOS/Shared/Models/FunctionStatus.swift /Users/sergejhlystov/ALADDIN_NEW/ALADDIN_NEW/mobile_apps/ALADDIN_iOS/ViewModels/MainViewModel.swift /Users/sergejhlystov/ALADDIN_NEW/ALADDIN_NEW/mobile_apps/ALADDIN_iOS/Shared/Components/Buttons/PrimaryButton.swift /Users/sergejhlystov/ALADDIN_NEW/ALADDIN_NEW/mobile_apps/ALADDIN_iOS/Screens/NotificationSettingsScreen.swift /Users/sergejhlystov/ALADDIN_NEW/ALADDIN_NEW/mobile_apps/ALADDIN_iOS/Screens/ChildContentScreen.swift /Users/sergejhlystov/ALADDIN_NEW/ALADDIN_NEW/mobile_apps/ALADDIN_iOS/Shared/Components/StatItem.swift -primary-file /Users/sergejhlystov/ALADDIN_NEW/ALADDIN_NEW/mobile_apps/ALADDIN_iOS/Shared/Components/Cards/FamilyMemberCard.swift -primary-file /Users/sergejhlystov/ALADDIN_NEW/ALADDIN_NEW/mobile_apps/ALADDIN_iOS/ViewModels/VPNViewModel.swift -primary-file /Users/sergejhlystov/ALADDIN_NEW/ALADDIN_NEW/mobile_apps/ALADDIN_iOS/Core/Models/APIModels.swift -primary-file /Users/sergejhlystov/ALADDIN_NEW/ALADDIN_NEW/mobile_apps/ALADDIN_iOS/Core/VPN/VPNManager.swift -primary-file /Users/sergejhlystov/ALADDIN_NEW/ALADDIN_NEW/mobile_apps/ALADDIN_iOS/Screens/UnicornPetView.swift -primary-file /Users/sergejhlystov/ALADDIN_NEW/ALADDIN_NEW/mobile_apps/ALADDIN_iOS/Core/Network/APIService.swift -primary-file /Users/sergejhlystov/ALADDIN_NEW/ALADDIN_NEW/mobile_apps/ALADDIN_iOS/Screens/18_PrivacyPolicyScreen.swift -primary-file /Users/sergejhlystov/ALADDIN_NEW/ALADDIN_NEW/mobile_apps/ALADDIN_iOS/Screens/10_TariffsScreen.swift -primary-file /Users/sergejhlystov/ALADDIN_NEW/ALADDIN_NEW/mobile_apps/ALADDIN_iOS/Screens/03_VPNScreen.swift -primary-file /Users/sergejhlystov/ALADDIN_NEW/ALADDIN_NEW/mobile_apps/ALADDIN_iOS/Screens/09_ElderlyInterfaceScreen.swift -primary-file /Users/sergejhlystov/ALADDIN_NEW/ALADDIN_NEW/mobile_apps/ALADDIN_iOS/Shared/Components/SecondaryButton.swift -primary-file /Users/sergejhlystov/ALADDIN_NEW/ALADDIN_NEW/mobile_apps/ALADDIN_iOS/Screens/11_ProfileScreen.swift /Users/sergejhlystov/ALADDIN_NEW/ALADDIN_NEW/mobile_apps/ALADDIN_iOS/Core/Network/NetworkManager.swift /Users/sergejhlystov/ALADDIN_NEW/ALADDIN_NEW/mobile_apps/ALADDIN_iOS/Screens/19_TermsOfServiceScreen.swift /Users/sergejhlystov/ALADDIN_NEW/ALADDIN_NEW/mobile_apps/ALADDIN_iOS/Core/Config/AppConfig.swift /Users/sergejhlystov/ALADDIN_NEW/ALADDIN_NEW/mobile_apps/ALADDIN_iOS/ViewModels/FamilyViewModel.swift /Users/sergejhlystov/ALADDIN_NEW/ALADDIN_NEW/mobile_apps/ALADDIN_iOS/ViewModels/AIAssistantViewModel.swift /Users/sergejhlystov/ALADDIN_NEW/ALADDIN_NEW/mobile_apps/ALADDIN_iOS/Screens/22_DeviceDetailScreen.swift /Users/sergejhlystov/ALADDIN_NEW/ALADDIN_NEW/mobile_apps/ALADDIN_iOS/Screens/WidgetConfigurationScreen.swift /Users/sergejhlystov/ALADDIN_NEW/ALADDIN_NEW/mobile_apps/ALADDIN_iOS/Core/Security/KeychainManager.swift /Users/sergejhlystov/ALADDIN_NEW/ALADDIN_NEW/mobile_apps/ALADDIN_iOS/Shared/Components/Modals/MemberStatsModalView.swift /Users/sergejhlystov/ALADDIN_NEW/ALADDIN_NEW/mobile_apps/ALADDIN_iOS/Shared/Styles/Spacing.swift /Users/sergejhlystov/ALADDIN_NEW/ALADDIN_NEW/mobile_apps/ALADDIN_iOS/Shared/Components/RecoveryOptionsModal.swift /Users/sergejhlystov/ALADDIN_NEW/ALADDIN_NEW/mobile_apps/ALADDIN_iOS/ViewModels/SettingsViewModel.swift /Users/sergejhlystov/ALADDIN_NEW/ALADDIN_NEW/mobile_apps/ALADDIN_iOS/Shared/Components/InfoRow.swift /Users/sergejhlystov/ALADDIN_NEW/ALADDIN_NEW/mobile_apps/ALADDIN_iOS/Screens/25_PaymentQRScreen.swift /Users/sergejhlystov/ALADDIN_NEW/ALADDIN_NEW/mobile_apps/ALADDIN_iOS/Shared/Components/Modals/RoleSelectionModal.swift /Users/sergejhlystov/ALADDIN_NEW/ALADDIN_NEW/mobile_apps/ALADDIN_iOS/ViewModels/SupportViewModel.swift /Users/sergejhlystov/ALADDIN_NEW/ALADDIN_NEW/mobile_apps/ALADDIN_iOS/ViewModels/ChildInterfaceViewModel.swift /Users/sergejhlystov/ALADDIN_NEW/ALADDIN_NEW/mobile_apps/ALADDIN_iOS/Screens/12_NotificationsScreen.swift /Users/sergejhlystov/ALADDIN_NEW/ALADDIN_NEW/mobile_apps/ALADDIN_iOS/ViewModels/ElderlyInterfaceViewModel.swift /Users/sergejhlystov/ALADDIN_NEW/ALADDIN_NEW/mobile_apps/ALADDIN_iOS/ViewModels/AnalyticsViewModel.swift /Users/sergejhlystov/ALADDIN_NEW/ALADDIN_NEW/mobile_apps/ALADDIN_iOS/Core/Cache/CacheManager.swift /Users/sergejhlystov/ALADDIN_NEW/ALADDIN_NEW/mobile_apps/ALADDIN_iOS/ViewModels/NotificationsViewModel.swift /Users/sergejhlystov/ALADDIN_NEW/ALADDIN_NEW/mobile_apps/ALADDIN_iOS/Screens/06_AIAssistantScreen.swift /Users/sergejhlystov/ALADDIN_NEW/ALADDIN_NEW/mobile_apps/ALADDIN_iOS/ViewModels/ProfileViewModel.swift /Users/sergejhlystov/ALADDIN_NEW/ALADDIN_NEW/mobile_apps/ALADDIN_iOS/Components/Modals/ConsentModal.swift /Users/sergejhlystov/ALADDIN_NEW/ALADDIN_NEW/mobile_apps/ALADDIN_iOS/ViewModels/ParentalControlViewModel.swift /Users/sergejhlystov/ALADDIN_NEW/ALADDIN_NEW/mobile_apps/ALADDIN_iOS/ViewModels/OnboardingViewModel.swift /Users/sergejhlystov/ALADDIN_NEW/ALADDIN_NEW/mobile_apps/ALADDIN_iOS/Shared/Styles/Colors.swift /Users/sergejhlystov/ALADDIN_NEW/ALADDIN_NEW/mobile_apps/ALADDIN_iOS/Screens/ChildRewardsScreen.swift /Users/sergejhlystov/ALADDIN_NEW/ALADDIN_NEW/mobile_apps/ALADDIN_iOS/Screens/21_ReferralScreen.swift /Users/sergejhlystov/ALADDIN_NEW/ALADDIN_NEW/mobile_apps/ALADDIN_iOS/Shared/Components/AvatarSelector.swift /Users/sergejhlystov/ALADDIN_NEW/ALADDIN_NEW/mobile_apps/ALADDIN_iOS/Shared/Components/Navigation/ALADDINNavigationBar.swift /Users/sergejhlystov/ALADDIN_NEW/ALADDIN_NEW/mobile_apps/ALADDIN_iOS/Screens/14_OnboardingScreen.swift /Users/sergejhlystov/ALADDIN_NEW/ALADDIN_NEW/mobile_apps/ALADDIN_iOS/Components/Modals/FamilyCreatedModal.swift /Users/sergejhlystov/ALADDIN_NEW/ALADDIN_NEW/mobile_apps/ALADDIN_iOS/ViewModels/PaymentQRViewModel.swift /Users/sergejhlystov/ALADDIN_NEW/ALADDIN_NEW/mobile_apps/ALADDIN_iOS/Core/Navigation/NavigationManager.swift /Users/sergejhlystov/ALADDIN_NEW/ALADDIN_NEW/mobile_apps/ALADDIN_iOS/Core/Accessibility/AccessibilityManager.swift /Users/sergejhlystov/ALADDIN_NEW/ALADDIN_NEW/mobile_apps/ALADDIN_iOS/Core/Store/StoreManager.swift /Users/sergejhlystov/ALADDIN_NEW/ALADDIN_NEW/mobile_apps/ALADDIN_iOS/Screens/WheelOfFortuneView.swift /Users/sergejhlystov/ALADDIN_NEW/ALADDIN_NEW/mobile_apps/ALADDIN_iOS/Screens/UnicornUniverseView.swift /Users/sergejhlystov/ALADDIN_NEW/ALADDIN_NEW/mobile_apps/ALADDIN_iOS/Core/Localization/LocalizationManager.swift /Users/sergejhlystov/ALADDIN_NEW/ALADDIN_NEW/mobile_apps/ALADDIN_iOS/Screens/13_SupportScreen.swift /Users/sergejhlystov/ALADDIN_NEW/ALADDIN_NEW/mobile_apps/ALADDIN_iOS/Core/Analytics/AnalyticsManager.swift /Users/sergejhlystov/ALADDIN_NEW/ALADDIN_NEW/mobile_apps/ALADDIN_iOS/Screens/07_ParentalControlScreen.swift /Users/sergejhlystov/ALADDIN_NEW/ALADDIN_NEW/mobile_apps/ALADDIN_iOS/Screens/05_SettingsScreen.swift /Users/sergejhlystov/ALADDIN_NEW/ALADDIN_NEW/mobile_apps/ALADDIN_iOS/Screens/RewardsModalView.swift /Users/sergejhlystov/ALADDIN_NEW/ALADDIN_NEW/mobile_apps/ALADDIN_iOS/Screens/23_FamilyChatScreen.swift /Users/sergejhlystov/ALADDIN_NEW/ALADDIN_NEW/mobile_apps/ALADDIN_iOS/Screens/02_FamilyScreen.swift /Users/sergejhlystov/ALADDIN_NEW/ALADDIN_NEW/mobile_apps/ALADDIN_iOS/Screens/20_DevicesScreen.swift /Users/sergejhlystov/ALADDIN_NEW/ALADDIN_NEW/mobile_apps/ALADDIN_iOS/Shared/Components/ViewModifiers.swift /Users/sergejhlystov/ALADDIN_NEW/ALADDIN_NEW/mobile_apps/ALADDIN_iOS/Shared/Components/HapticFeedback.swift /Users/sergejhlystov/ALADDIN_NEW/ALADDIN_NEW/mobile_apps/ALADDIN_iOS/Screens/MainScreenWithRegistration.swift /Users/sergejhlystov/ALADDIN_NEW/ALADDIN_NEW/mobile_apps/ALADDIN_iOS/Core/Network/NetworkError.swift /Users/sergejhlystov/ALADDIN_NEW/ALADDIN_NEW/mobile_apps/ALADDIN_iOS/Screens/LanguageSettingsScreen.swift /Users/sergejhlystov/ALADDIN_NEW/ALADDIN_NEW/mobile_apps/ALADDIN_iOS/ViewModels/FamilyRegistrationViewModel.swift /Users/sergejhlystov/ALADDIN_NEW/ALADDIN_NEW/mobile_apps/ALADDIN_iOS/Shared/Styles/CornerRadius.swift /Users/sergejhlystov/ALADDIN_NEW/ALADDIN_NEW/mobile_apps/ALADDIN_iOS/Screens/01_MainScreen.swift /Users/sergejhlystov/ALADDIN_NEW/ALADDIN_NEW/mobile_apps/ALADDIN_iOS/Screens/FamilyTournamentView.swift /Users/sergejhlystov/ALADDIN_NEW/ALADDIN_NEW/mobile_apps/ALADDIN_iOS/Shared/Styles/Fonts.swift /Users/sergejhlystov/ALADDIN_NEW/ALADDIN_NEW/mobile_apps/ALADDIN_iOS/Screens/GamesParentalControlView.swift /Users/sergejhlystov/ALADDIN_NEW/ALADDIN_NEW/mobile_apps/ALADDIN_iOS/Shared/Components/QRScannerModal.swift /Users/sergejhlystov/ALADDIN_NEW/ALADDIN_NEW/mobile_apps/ALADDIN_iOS/Screens/04_AnalyticsScreen.swift /Users/sergejhlystov/ALADDIN_NEW/ALADDIN_NEW/mobile_apps/ALADDIN_iOS/Screens/24_VPNEnergyStatsScreen.swift /Users/sergejhlystov/ALADDIN_NEW/ALADDIN_NEW/mobile_apps/ALADDIN_iOS/Shared/Components/Modals/ProfileEditView.swift /Users/sergejhlystov/ALADDIN_NEW/ALADDIN_NEW/mobile_apps/ALADDIN_iOS/ViewModels/TariffsViewModel.swift /Users/sergejhlystov/ALADDIN_NEW/ALADDIN_NEW/mobile_apps/ALADDIN_iOS/Core/Notifications/NotificationManager.swift /Users/sergejhlystov/ALADDIN_NEW/ALADDIN_NEW/mobile_apps/ALADDIN_iOS/Core/Security/SecurityManager.swift -supplementary-output-file-map /var/folders/rf/6rxcyql17sz57_02ng7jd7pr0000gn/T/TemporaryDirectory.wFGpdC/supplementaryOutputs-2 -target x86_64-apple-ios15.0-simulator -enable-objc-interop -sdk /Applications/Xcode.app/Contents/Developer/Platforms/iPhoneSimulator.platform/Developer/SDKs/iPhoneSimulator15.2.sdk -I /Users/sergejhlystov/Library/Developer/Xcode/DerivedData/ALADDIN-eahryzmutvtbyceygnlyjsmiiaha/Build/Products/Debug-iphonesimulator -F /Users/sergejhlystov/Library/Developer/Xcode/DerivedData/ALADDIN-eahryzmutvtbyceygnlyjsmiiaha/Build/Products/Debug-iphonesimulator -enable-testing -g -module-cache-path /Users/sergejhlystov/Library/Developer/Xcode/DerivedData/ModuleCache.noindex -emit-localized-strings -emit-localized-strings-path /Users/sergejhlystov/Library/Developer/Xcode/DerivedData/ALADDIN-eahryzmutvtbyceygnlyjsmiiaha/Build/Intermediates.noindex/ALADDIN.build/Debug-iphonesimulator/ALADDIN.build/Objects-normal/x86_64 -swift-version 5 -enforce-exclusivity\=checked -Onone -D DEBUG -new-driver-path /Applications/Xcode.app/Contents/Developer/Toolchains/XcodeDefault.xctoolchain/usr/bin/swift-driver -serialize-debugging-options -Xcc -working-directory -Xcc /Users/sergejhlystov/ALADDIN_NEW/ALADDIN_NEW/mobile_apps/ALADDIN_iOS -resource-dir /Applications/Xcode.app/Contents/Developer/Toolchains/XcodeDefault.xctoolchain/usr/lib/swift -enable-anonymous-context-mangled-names -Xcc -I/Users/sergejhlystov/Library/Developer/Xcode/DerivedData/ALADDIN-eahryzmutvtbyceygnlyjsmiiaha/Build/Intermediates.noindex/ALADDIN.build/Debug-iphonesimulator/ALADDIN.build/swift-overrides.hmap -Xcc -iquote -Xcc /Users/sergejhlystov/Library/Developer/Xcode/DerivedData/ALADDIN-eahryzmutvtbyceygnlyjsmiiaha/Build/Intermediates.noindex/ALADDIN.build/Debug-iphonesimulator/ALADDIN.build/ALADDIN-generated-files.hmap -Xcc -I/Users/sergejhlystov/Library/Developer/Xcode/DerivedData/ALADDIN-eahryzmutvtbyceygnlyjsmiiaha/Build/Intermediates.noindex/ALADDIN.build/Debug-iphonesimulator/ALADDIN.build/ALADDIN-own-target-headers.hmap -Xcc -I/Users/sergejhlystov/Library/Developer/Xcode/DerivedData/ALADDIN-eahryzmutvtbyceygnlyjsmiiaha/Build/Intermediates.noindex/ALADDIN.build/Debug-iphonesimulator/ALADDIN.build/ALADDIN-all-target-headers.hmap -Xcc -iquote -Xcc /Users/sergejhlystov/Library/Developer/Xcode/DerivedData/ALADDIN-eahryzmutvtbyceygnlyjsmiiaha/Build/Intermediates.noindex/ALADDIN.build/Debug-iphonesimulator/ALADDIN.build/ALADDIN-project-headers.hmap -Xcc -I/Users/sergejhlystov/Library/Developer/Xcode/DerivedData/ALADDIN-eahryzmutvtbyceygnlyjsmiiaha/Build/Products/Debug-iphonesimulator/include -Xcc -I/Users/sergejhlystov/Library/Developer/Xcode/DerivedData/ALADDIN-eahryzmutvtbyceygnlyjsmiiaha/Build/Intermediates.noindex/ALADDIN.build/Debug-iphonesimulator/ALADDIN.build/DerivedSources-normal/x86_64 -Xcc -I/Users/sergejhlystov/Library/Developer/Xcode/DerivedData/ALADDIN-eahryzmutvtbyceygnlyjsmiiaha/Build/Intermediates.noindex/ALADDIN.build/Debug-iphonesimulator/ALADDIN.build/DerivedSources/x86_64 -Xcc -I/Users/sergejhlystov/Library/Developer/Xcode/DerivedData/ALADDIN-eahryzmutvtbyceygnlyjsmiiaha/Build/Intermediates.noindex/ALADDIN.build/Debug-iphonesimulator/ALADDIN.build/DerivedSources -Xcc -DDEBUG\=1 -module-name ALADDIN -target-sdk-version 15.2.0 -o /Users/sergejhlystov/Library/Developer/Xcode/DerivedData/ALADDIN-eahryzmutvtbyceygnlyjsmiiaha/Build/Intermediates.noindex/ALADDIN.build/Debug-iphonesimulator/ALADDIN.build/Objects-normal/x86_64/FamilyMemberCard.o -o /Users/sergejhlystov/Library/Developer/Xcode/DerivedData/ALADDIN-eahryzmutvtbyceygnlyjsmiiaha/Build/Intermediates.noindex/ALADDIN.build/Debug-iphonesimulator/ALADDIN.build/Objects-normal/x86_64/VPNViewModel.o -o /Users/sergejhlystov/Library/Developer/Xcode/DerivedData/ALADDIN-eahryzmutvtbyceygnlyjsmiiaha/Build/Intermediates.noindex/ALADDIN.build/Debug-iphonesimulator/ALADDIN.build/Objects-normal/x86_64/APIModels.o -o /Users/sergejhlystov/Library/Developer/Xcode/DerivedData/ALADDIN-eahryzmutvtbyceygnlyjsmiiaha/Build/Intermediates.noindex/ALADDIN.build/Debug-iphonesimulator/ALADDIN.build/Objects-normal/x86_64/VPNManager.o -o /Users/sergejhlystov/Library/Developer/Xcode/DerivedData/ALADDIN-eahryzmutvtbyceygnlyjsmiiaha/Build/Intermediates.noindex/ALADDIN.build/Debug-iphonesimulator/ALADDIN.build/Objects-normal/x86_64/UnicornPetView.o -o /Users/sergejhlystov/Library/Developer/Xcode/DerivedData/ALADDIN-eahryzmutvtbyceygnlyjsmiiaha/Build/Intermediates.noindex/ALADDIN.build/Debug-iphonesimulator/ALADDIN.build/Objects-normal/x86_64/APIService.o -o /Users/sergejhlystov/Library/Developer/Xcode/DerivedData/ALADDIN-eahryzmutvtbyceygnlyjsmiiaha/Build/Intermediates.noindex/ALADDIN.build/Debug-iphonesimulator/ALADDIN.build/Objects-normal/x86_64/18_PrivacyPolicyScreen.o -o /Users/sergejhlystov/Library/Developer/Xcode/DerivedData/ALADDIN-eahryzmutvtbyceygnlyjsmiiaha/Build/Intermediates.noindex/ALADDIN.build/Debug-iphonesimulator/ALADDIN.build/Objects-normal/x86_64/10_TariffsScreen.o -o /Users/sergejhlystov/Library/Developer/Xcode/DerivedData/ALADDIN-eahryzmutvtbyceygnlyjsmiiaha/Build/Intermediates.noindex/ALADDIN.build/Debug-iphonesimulator/ALADDIN.build/Objects-normal/x86_64/03_VPNScreen.o -o /Users/sergejhlystov/Library/Developer/Xcode/DerivedData/ALADDIN-eahryzmutvtbyceygnlyjsmiiaha/Build/Intermediates.noindex/ALADDIN.build/Debug-iphonesimulator/ALADDIN.build/Objects-normal/x86_64/09_ElderlyInterfaceScreen.o -o /Users/sergejhlystov/Library/Developer/Xcode/DerivedData/ALADDIN-eahryzmutvtbyceygnlyjsmiiaha/Build/Intermediates.noindex/ALADDIN.build/Debug-iphonesimulator/ALADDIN.build/Objects-normal/x86_64/SecondaryButton.o -o /Users/sergejhlystov/Library/Developer/Xcode/DerivedData/ALADDIN-eahryzmutvtbyceygnlyjsmiiaha/Build/Intermediates.noindex/ALADDIN.build/Debug-iphonesimulator/ALADDIN.build/Objects-normal/x86_64/11_ProfileScreen.o -index-store-path /Users/sergejhlystov/Library/Developer/Xcode/DerivedData/ALADDIN-eahryzmutvtbyceygnlyjsmiiaha/Index/DataStore -index-system-modules

CompileSwift normal x86_64 /Users/sergejhlystov/ALADDIN_NEW/ALADDIN_NEW/mobile_apps/ALADDIN_iOS/Core/Network/APIService.swift (in target 'ALADDIN' from project 'ALADDIN')
    cd /Users/sergejhlystov/ALADDIN_NEW/ALADDIN_NEW/mobile_apps/ALADDIN_iOS
    /Applications/Xcode.app/Contents/Developer/Toolchains/XcodeDefault.xctoolchain/usr/bin/swift-frontend -frontend -c /Users/sergejhlystov/ALADDIN_NEW/ALADDIN_NEW/mobile_apps/ALADDIN_iOS/Screens/RewardsQuickModal.swift /Users/sergejhlystov/ALADDIN_NEW/ALADDIN_NEW/mobile_apps/ALADDIN_iOS/Screens/08_ChildInterfaceScreen.swift /Users/sergejhlystov/ALADDIN_NEW/ALADDIN_NEW/mobile_apps/ALADDIN_iOS/ContentView.swift /Users/sergejhlystov/ALADDIN_NEW/ALADDIN_NEW/mobile_apps/ALADDIN_iOS/Shared/Components/ALADDINToggle.swift /Users/sergejhlystov/ALADDIN_NEW/ALADDIN_NEW/mobile_apps/ALADDIN_iOS/Components/Modals/AgeGroupSelectionModal.swift /Users/sergejhlystov/ALADDIN_NEW/ALADDIN_NEW/mobile_apps/ALADDIN_iOS/ALADDINApp.swift /Users/sergejhlystov/ALADDIN_NEW/ALADDIN_NEW/mobile_apps/ALADDIN_iOS/Shared/Models/FunctionStatus.swift /Users/sergejhlystov/ALADDIN_NEW/ALADDIN_NEW/mobile_apps/ALADDIN_iOS/ViewModels/MainViewModel.swift /Users/sergejhlystov/ALADDIN_NEW/ALADDIN_NEW/mobile_apps/ALADDIN_iOS/Shared/Components/Buttons/PrimaryButton.swift /Users/sergejhlystov/ALADDIN_NEW/ALADDIN_NEW/mobile_apps/ALADDIN_iOS/Screens/NotificationSettingsScreen.swift /Users/sergejhlystov/ALADDIN_NEW/ALADDIN_NEW/mobile_apps/ALADDIN_iOS/Screens/ChildContentScreen.swift /Users/sergejhlystov/ALADDIN_NEW/ALADDIN_NEW/mobile_apps/ALADDIN_iOS/Shared/Components/StatItem.swift -primary-file /Users/sergejhlystov/ALADDIN_NEW/ALADDIN_NEW/mobile_apps/ALADDIN_iOS/Shared/Components/Cards/FamilyMemberCard.swift -primary-file /Users/sergejhlystov/ALADDIN_NEW/ALADDIN_NEW/mobile_apps/ALADDIN_iOS/ViewModels/VPNViewModel.swift -primary-file /Users/sergejhlystov/ALADDIN_NEW/ALADDIN_NEW/mobile_apps/ALADDIN_iOS/Core/Models/APIModels.swift -primary-file /Users/sergejhlystov/ALADDIN_NEW/ALADDIN_NEW/mobile_apps/ALADDIN_iOS/Core/VPN/VPNManager.swift -primary-file /Users/sergejhlystov/ALADDIN_NEW/ALADDIN_NEW/mobile_apps/ALADDIN_iOS/Screens/UnicornPetView.swift -primary-file /Users/sergejhlystov/ALADDIN_NEW/ALADDIN_NEW/mobile_apps/ALADDIN_iOS/Core/Network/APIService.swift -primary-file /Users/sergejhlystov/ALADDIN_NEW/ALADDIN_NEW/mobile_apps/ALADDIN_iOS/Screens/18_PrivacyPolicyScreen.swift -primary-file /Users/sergejhlystov/ALADDIN_NEW/ALADDIN_NEW/mobile_apps/ALADDIN_iOS/Screens/10_TariffsScreen.swift -primary-file /Users/sergejhlystov/ALADDIN_NEW/ALADDIN_NEW/mobile_apps/ALADDIN_iOS/Screens/03_VPNScreen.swift -primary-file /Users/sergejhlystov/ALADDIN_NEW/ALADDIN_NEW/mobile_apps/ALADDIN_iOS/Screens/09_ElderlyInterfaceScreen.swift -primary-file /Users/sergejhlystov/ALADDIN_NEW/ALADDIN_NEW/mobile_apps/ALADDIN_iOS/Shared/Components/SecondaryButton.swift -primary-file /Users/sergejhlystov/ALADDIN_NEW/ALADDIN_NEW/mobile_apps/ALADDIN_iOS/Screens/11_ProfileScreen.swift /Users/sergejhlystov/ALADDIN_NEW/ALADDIN_NEW/mobile_apps/ALADDIN_iOS/Core/Network/NetworkManager.swift /Users/sergejhlystov/ALADDIN_NEW/ALADDIN_NEW/mobile_apps/ALADDIN_iOS/Screens/19_TermsOfServiceScreen.swift /Users/sergejhlystov/ALADDIN_NEW/ALADDIN_NEW/mobile_apps/ALADDIN_iOS/Core/Config/AppConfig.swift /Users/sergejhlystov/ALADDIN_NEW/ALADDIN_NEW/mobile_apps/ALADDIN_iOS/ViewModels/FamilyViewModel.swift /Users/sergejhlystov/ALADDIN_NEW/ALADDIN_NEW/mobile_apps/ALADDIN_iOS/ViewModels/AIAssistantViewModel.swift /Users/sergejhlystov/ALADDIN_NEW/ALADDIN_NEW/mobile_apps/ALADDIN_iOS/Screens/22_DeviceDetailScreen.swift /Users/sergejhlystov/ALADDIN_NEW/ALADDIN_NEW/mobile_apps/ALADDIN_iOS/Screens/WidgetConfigurationScreen.swift /Users/sergejhlystov/ALADDIN_NEW/ALADDIN_NEW/mobile_apps/ALADDIN_iOS/Core/Security/KeychainManager.swift /Users/sergejhlystov/ALADDIN_NEW/ALADDIN_NEW/mobile_apps/ALADDIN_iOS/Shared/Components/Modals/MemberStatsModalView.swift /Users/sergejhlystov/ALADDIN_NEW/ALADDIN_NEW/mobile_apps/ALADDIN_iOS/Shared/Styles/Spacing.swift /Users/sergejhlystov/ALADDIN_NEW/ALADDIN_NEW/mobile_apps/ALADDIN_iOS/Shared/Components/RecoveryOptionsModal.swift /Users/sergejhlystov/ALADDIN_NEW/ALADDIN_NEW/mobile_apps/ALADDIN_iOS/ViewModels/SettingsViewModel.swift /Users/sergejhlystov/ALADDIN_NEW/ALADDIN_NEW/mobile_apps/ALADDIN_iOS/Shared/Components/InfoRow.swift /Users/sergejhlystov/ALADDIN_NEW/ALADDIN_NEW/mobile_apps/ALADDIN_iOS/Screens/25_PaymentQRScreen.swift /Users/sergejhlystov/ALADDIN_NEW/ALADDIN_NEW/mobile_apps/ALADDIN_iOS/Shared/Components/Modals/RoleSelectionModal.swift /Users/sergejhlystov/ALADDIN_NEW/ALADDIN_NEW/mobile_apps/ALADDIN_iOS/ViewModels/SupportViewModel.swift /Users/sergejhlystov/ALADDIN_NEW/ALADDIN_NEW/mobile_apps/ALADDIN_iOS/ViewModels/ChildInterfaceViewModel.swift /Users/sergejhlystov/ALADDIN_NEW/ALADDIN_NEW/mobile_apps/ALADDIN_iOS/Screens/12_NotificationsScreen.swift /Users/sergejhlystov/ALADDIN_NEW/ALADDIN_NEW/mobile_apps/ALADDIN_iOS/ViewModels/ElderlyInterfaceViewModel.swift /Users/sergejhlystov/ALADDIN_NEW/ALADDIN_NEW/mobile_apps/ALADDIN_iOS/ViewModels/AnalyticsViewModel.swift /Users/sergejhlystov/ALADDIN_NEW/ALADDIN_NEW/mobile_apps/ALADDIN_iOS/Core/Cache/CacheManager.swift /Users/sergejhlystov/ALADDIN_NEW/ALADDIN_NEW/mobile_apps/ALADDIN_iOS/ViewModels/NotificationsViewModel.swift /Users/sergejhlystov/ALADDIN_NEW/ALADDIN_NEW/mobile_apps/ALADDIN_iOS/Screens/06_AIAssistantScreen.swift /Users/sergejhlystov/ALADDIN_NEW/ALADDIN_NEW/mobile_apps/ALADDIN_iOS/ViewModels/ProfileViewModel.swift /Users/sergejhlystov/ALADDIN_NEW/ALADDIN_NEW/mobile_apps/ALADDIN_iOS/Components/Modals/ConsentModal.swift /Users/sergejhlystov/ALADDIN_NEW/ALADDIN_NEW/mobile_apps/ALADDIN_iOS/ViewModels/ParentalControlViewModel.swift /Users/sergejhlystov/ALADDIN_NEW/ALADDIN_NEW/mobile_apps/ALADDIN_iOS/ViewModels/OnboardingViewModel.swift /Users/sergejhlystov/ALADDIN_NEW/ALADDIN_NEW/mobile_apps/ALADDIN_iOS/Shared/Styles/Colors.swift /Users/sergejhlystov/ALADDIN_NEW/ALADDIN_NEW/mobile_apps/ALADDIN_iOS/Screens/ChildRewardsScreen.swift /Users/sergejhlystov/ALADDIN_NEW/ALADDIN_NEW/mobile_apps/ALADDIN_iOS/Screens/21_ReferralScreen.swift /Users/sergejhlystov/ALADDIN_NEW/ALADDIN_NEW/mobile_apps/ALADDIN_iOS/Shared/Components/AvatarSelector.swift /Users/sergejhlystov/ALADDIN_NEW/ALADDIN_NEW/mobile_apps/ALADDIN_iOS/Shared/Components/Navigation/ALADDINNavigationBar.swift /Users/sergejhlystov/ALADDIN_NEW/ALADDIN_NEW/mobile_apps/ALADDIN_iOS/Screens/14_OnboardingScreen.swift /Users/sergejhlystov/ALADDIN_NEW/ALADDIN_NEW/mobile_apps/ALADDIN_iOS/Components/Modals/FamilyCreatedModal.swift /Users/sergejhlystov/ALADDIN_NEW/ALADDIN_NEW/mobile_apps/ALADDIN_iOS/ViewModels/PaymentQRViewModel.swift /Users/sergejhlystov/ALADDIN_NEW/ALADDIN_NEW/mobile_apps/ALADDIN_iOS/Core/Navigation/NavigationManager.swift /Users/sergejhlystov/ALADDIN_NEW/ALADDIN_NEW/mobile_apps/ALADDIN_iOS/Core/Accessibility/AccessibilityManager.swift /Users/sergejhlystov/ALADDIN_NEW/ALADDIN_NEW/mobile_apps/ALADDIN_iOS/Core/Store/StoreManager.swift /Users/sergejhlystov/ALADDIN_NEW/ALADDIN_NEW/mobile_apps/ALADDIN_iOS/Screens/WheelOfFortuneView.swift /Users/sergejhlystov/ALADDIN_NEW/ALADDIN_NEW/mobile_apps/ALADDIN_iOS/Screens/UnicornUniverseView.swift /Users/sergejhlystov/ALADDIN_NEW/ALADDIN_NEW/mobile_apps/ALADDIN_iOS/Core/Localization/LocalizationManager.swift /Users/sergejhlystov/ALADDIN_NEW/ALADDIN_NEW/mobile_apps/ALADDIN_iOS/Screens/13_SupportScreen.swift /Users/sergejhlystov/ALADDIN_NEW/ALADDIN_NEW/mobile_apps/ALADDIN_iOS/Core/Analytics/AnalyticsManager.swift /Users/sergejhlystov/ALADDIN_NEW/ALADDIN_NEW/mobile_apps/ALADDIN_iOS/Screens/07_ParentalControlScreen.swift /Users/sergejhlystov/ALADDIN_NEW/ALADDIN_NEW/mobile_apps/ALADDIN_iOS/Screens/05_SettingsScreen.swift /Users/sergejhlystov/ALADDIN_NEW/ALADDIN_NEW/mobile_apps/ALADDIN_iOS/Screens/RewardsModalView.swift /Users/sergejhlystov/ALADDIN_NEW/ALADDIN_NEW/mobile_apps/ALADDIN_iOS/Screens/23_FamilyChatScreen.swift /Users/sergejhlystov/ALADDIN_NEW/ALADDIN_NEW/mobile_apps/ALADDIN_iOS/Screens/02_FamilyScreen.swift /Users/sergejhlystov/ALADDIN_NEW/ALADDIN_NEW/mobile_apps/ALADDIN_iOS/Screens/20_DevicesScreen.swift /Users/sergejhlystov/ALADDIN_NEW/ALADDIN_NEW/mobile_apps/ALADDIN_iOS/Shared/Components/ViewModifiers.swift /Users/sergejhlystov/ALADDIN_NEW/ALADDIN_NEW/mobile_apps/ALADDIN_iOS/Shared/Components/HapticFeedback.swift /Users/sergejhlystov/ALADDIN_NEW/ALADDIN_NEW/mobile_apps/ALADDIN_iOS/Screens/MainScreenWithRegistration.swift /Users/sergejhlystov/ALADDIN_NEW/ALADDIN_NEW/mobile_apps/ALADDIN_iOS/Core/Network/NetworkError.swift /Users/sergejhlystov/ALADDIN_NEW/ALADDIN_NEW/mobile_apps/ALADDIN_iOS/Screens/LanguageSettingsScreen.swift /Users/sergejhlystov/ALADDIN_NEW/ALADDIN_NEW/mobile_apps/ALADDIN_iOS/ViewModels/FamilyRegistrationViewModel.swift /Users/sergejhlystov/ALADDIN_NEW/ALADDIN_NEW/mobile_apps/ALADDIN_iOS/Shared/Styles/CornerRadius.swift /Users/sergejhlystov/ALADDIN_NEW/ALADDIN_NEW/mobile_apps/ALADDIN_iOS/Screens/01_MainScreen.swift /Users/sergejhlystov/ALADDIN_NEW/ALADDIN_NEW/mobile_apps/ALADDIN_iOS/Screens/FamilyTournamentView.swift /Users/sergejhlystov/ALADDIN_NEW/ALADDIN_NEW/mobile_apps/ALADDIN_iOS/Shared/Styles/Fonts.swift /Users/sergejhlystov/ALADDIN_NEW/ALADDIN_NEW/mobile_apps/ALADDIN_iOS/Screens/GamesParentalControlView.swift /Users/sergejhlystov/ALADDIN_NEW/ALADDIN_NEW/mobile_apps/ALADDIN_iOS/Shared/Components/QRScannerModal.swift /Users/sergejhlystov/ALADDIN_NEW/ALADDIN_NEW/mobile_apps/ALADDIN_iOS/Screens/04_AnalyticsScreen.swift /Users/sergejhlystov/ALADDIN_NEW/ALADDIN_NEW/mobile_apps/ALADDIN_iOS/Screens/24_VPNEnergyStatsScreen.swift /Users/sergejhlystov/ALADDIN_NEW/ALADDIN_NEW/mobile_apps/ALADDIN_iOS/Shared/Components/Modals/ProfileEditView.swift /Users/sergejhlystov/ALADDIN_NEW/ALADDIN_NEW/mobile_apps/ALADDIN_iOS/ViewModels/TariffsViewModel.swift /Users/sergejhlystov/ALADDIN_NEW/ALADDIN_NEW/mobile_apps/ALADDIN_iOS/Core/Notifications/NotificationManager.swift /Users/sergejhlystov/ALADDIN_NEW/ALADDIN_NEW/mobile_apps/ALADDIN_iOS/Core/Security/SecurityManager.swift -supplementary-output-file-map /var/folders/rf/6rxcyql17sz57_02ng7jd7pr0000gn/T/TemporaryDirectory.wFGpdC/supplementaryOutputs-2 -target x86_64-apple-ios15.0-simulator -enable-objc-interop -sdk /Applications/Xcode.app/Contents/Developer/Platforms/iPhoneSimulator.platform/Developer/SDKs/iPhoneSimulator15.2.sdk -I /Users/sergejhlystov/Library/Developer/Xcode/DerivedData/ALADDIN-eahryzmutvtbyceygnlyjsmiiaha/Build/Products/Debug-iphonesimulator -F /Users/sergejhlystov/Library/Developer/Xcode/DerivedData/ALADDIN-eahryzmutvtbyceygnlyjsmiiaha/Build/Products/Debug-iphonesimulator -enable-testing -g -module-cache-path /Users/sergejhlystov/Library/Developer/Xcode/DerivedData/ModuleCache.noindex -emit-localized-strings -emit-localized-strings-path /Users/sergejhlystov/Library/Developer/Xcode/DerivedData/ALADDIN-eahryzmutvtbyceygnlyjsmiiaha/Build/Intermediates.noindex/ALADDIN.build/Debug-iphonesimulator/ALADDIN.build/Objects-normal/x86_64 -swift-version 5 -enforce-exclusivity\=checked -Onone -D DEBUG -new-driver-path /Applications/Xcode.app/Contents/Developer/Toolchains/XcodeDefault.xctoolchain/usr/bin/swift-driver -serialize-debugging-options -Xcc -working-directory -Xcc /Users/sergejhlystov/ALADDIN_NEW/ALADDIN_NEW/mobile_apps/ALADDIN_iOS -resource-dir /Applications/Xcode.app/Contents/Developer/Toolchains/XcodeDefault.xctoolchain/usr/lib/swift -enable-anonymous-context-mangled-names -Xcc -I/Users/sergejhlystov/Library/Developer/Xcode/DerivedData/ALADDIN-eahryzmutvtbyceygnlyjsmiiaha/Build/Intermediates.noindex/ALADDIN.build/Debug-iphonesimulator/ALADDIN.build/swift-overrides.hmap -Xcc -iquote -Xcc /Users/sergejhlystov/Library/Developer/Xcode/DerivedData/ALADDIN-eahryzmutvtbyceygnlyjsmiiaha/Build/Intermediates.noindex/ALADDIN.build/Debug-iphonesimulator/ALADDIN.build/ALADDIN-generated-files.hmap -Xcc -I/Users/sergejhlystov/Library/Developer/Xcode/DerivedData/ALADDIN-eahryzmutvtbyceygnlyjsmiiaha/Build/Intermediates.noindex/ALADDIN.build/Debug-iphonesimulator/ALADDIN.build/ALADDIN-own-target-headers.hmap -Xcc -I/Users/sergejhlystov/Library/Developer/Xcode/DerivedData/ALADDIN-eahryzmutvtbyceygnlyjsmiiaha/Build/Intermediates.noindex/ALADDIN.build/Debug-iphonesimulator/ALADDIN.build/ALADDIN-all-target-headers.hmap -Xcc -iquote -Xcc /Users/sergejhlystov/Library/Developer/Xcode/DerivedData/ALADDIN-eahryzmutvtbyceygnlyjsmiiaha/Build/Intermediates.noindex/ALADDIN.build/Debug-iphonesimulator/ALADDIN.build/ALADDIN-project-headers.hmap -Xcc -I/Users/sergejhlystov/Library/Developer/Xcode/DerivedData/ALADDIN-eahryzmutvtbyceygnlyjsmiiaha/Build/Products/Debug-iphonesimulator/include -Xcc -I/Users/sergejhlystov/Library/Developer/Xcode/DerivedData/ALADDIN-eahryzmutvtbyceygnlyjsmiiaha/Build/Intermediates.noindex/ALADDIN.build/Debug-iphonesimulator/ALADDIN.build/DerivedSources-normal/x86_64 -Xcc -I/Users/sergejhlystov/Library/Developer/Xcode/DerivedData/ALADDIN-eahryzmutvtbyceygnlyjsmiiaha/Build/Intermediates.noindex/ALADDIN.build/Debug-iphonesimulator/ALADDIN.build/DerivedSources/x86_64 -Xcc -I/Users/sergejhlystov/Library/Developer/Xcode/DerivedData/ALADDIN-eahryzmutvtbyceygnlyjsmiiaha/Build/Intermediates.noindex/ALADDIN.build/Debug-iphonesimulator/ALADDIN.build/DerivedSources -Xcc -DDEBUG\=1 -module-name ALADDIN -target-sdk-version 15.2.0 -o /Users/sergejhlystov/Library/Developer/Xcode/DerivedData/ALADDIN-eahryzmutvtbyceygnlyjsmiiaha/Build/Intermediates.noindex/ALADDIN.build/Debug-iphonesimulator/ALADDIN.build/Objects-normal/x86_64/FamilyMemberCard.o -o /Users/sergejhlystov/Library/Developer/Xcode/DerivedData/ALADDIN-eahryzmutvtbyceygnlyjsmiiaha/Build/Intermediates.noindex/ALADDIN.build/Debug-iphonesimulator/ALADDIN.build/Objects-normal/x86_64/VPNViewModel.o -o /Users/sergejhlystov/Library/Developer/Xcode/DerivedData/ALADDIN-eahryzmutvtbyceygnlyjsmiiaha/Build/Intermediates.noindex/ALADDIN.build/Debug-iphonesimulator/ALADDIN.build/Objects-normal/x86_64/APIModels.o -o /Users/sergejhlystov/Library/Developer/Xcode/DerivedData/ALADDIN-eahryzmutvtbyceygnlyjsmiiaha/Build/Intermediates.noindex/ALADDIN.build/Debug-iphonesimulator/ALADDIN.build/Objects-normal/x86_64/VPNManager.o -o /Users/sergejhlystov/Library/Developer/Xcode/DerivedData/ALADDIN-eahryzmutvtbyceygnlyjsmiiaha/Build/Intermediates.noindex/ALADDIN.build/Debug-iphonesimulator/ALADDIN.build/Objects-normal/x86_64/UnicornPetView.o -o /Users/sergejhlystov/Library/Developer/Xcode/DerivedData/ALADDIN-eahryzmutvtbyceygnlyjsmiiaha/Build/Intermediates.noindex/ALADDIN.build/Debug-iphonesimulator/ALADDIN.build/Objects-normal/x86_64/APIService.o -o /Users/sergejhlystov/Library/Developer/Xcode/DerivedData/ALADDIN-eahryzmutvtbyceygnlyjsmiiaha/Build/Intermediates.noindex/ALADDIN.build/Debug-iphonesimulator/ALADDIN.build/Objects-normal/x86_64/18_PrivacyPolicyScreen.o -o /Users/sergejhlystov/Library/Developer/Xcode/DerivedData/ALADDIN-eahryzmutvtbyceygnlyjsmiiaha/Build/Intermediates.noindex/ALADDIN.build/Debug-iphonesimulator/ALADDIN.build/Objects-normal/x86_64/10_TariffsScreen.o -o /Users/sergejhlystov/Library/Developer/Xcode/DerivedData/ALADDIN-eahryzmutvtbyceygnlyjsmiiaha/Build/Intermediates.noindex/ALADDIN.build/Debug-iphonesimulator/ALADDIN.build/Objects-normal/x86_64/03_VPNScreen.o -o /Users/sergejhlystov/Library/Developer/Xcode/DerivedData/ALADDIN-eahryzmutvtbyceygnlyjsmiiaha/Build/Intermediates.noindex/ALADDIN.build/Debug-iphonesimulator/ALADDIN.build/Objects-normal/x86_64/09_ElderlyInterfaceScreen.o -o /Users/sergejhlystov/Library/Developer/Xcode/DerivedData/ALADDIN-eahryzmutvtbyceygnlyjsmiiaha/Build/Intermediates.noindex/ALADDIN.build/Debug-iphonesimulator/ALADDIN.build/Objects-normal/x86_64/SecondaryButton.o -o /Users/sergejhlystov/Library/Developer/Xcode/DerivedData/ALADDIN-eahryzmutvtbyceygnlyjsmiiaha/Build/Intermediates.noindex/ALADDIN.build/Debug-iphonesimulator/ALADDIN.build/Objects-normal/x86_64/11_ProfileScreen.o -index-store-path /Users/sergejhlystov/Library/Developer/Xcode/DerivedData/ALADDIN-eahryzmutvtbyceygnlyjsmiiaha/Index/DataStore -index-system-modules

CompileSwift normal x86_64 /Users/sergejhlystov/ALADDIN_NEW/ALADDIN_NEW/mobile_apps/ALADDIN_iOS/Screens/18_PrivacyPolicyScreen.swift (in target 'ALADDIN' from project 'ALADDIN')
    cd /Users/sergejhlystov/ALADDIN_NEW/ALADDIN_NEW/mobile_apps/ALADDIN_iOS
    /Applications/Xcode.app/Contents/Developer/Toolchains/XcodeDefault.xctoolchain/usr/bin/swift-frontend -frontend -c /Users/sergejhlystov/ALADDIN_NEW/ALADDIN_NEW/mobile_apps/ALADDIN_iOS/Screens/RewardsQuickModal.swift /Users/sergejhlystov/ALADDIN_NEW/ALADDIN_NEW/mobile_apps/ALADDIN_iOS/Screens/08_ChildInterfaceScreen.swift /Users/sergejhlystov/ALADDIN_NEW/ALADDIN_NEW/mobile_apps/ALADDIN_iOS/ContentView.swift /Users/sergejhlystov/ALADDIN_NEW/ALADDIN_NEW/mobile_apps/ALADDIN_iOS/Shared/Components/ALADDINToggle.swift /Users/sergejhlystov/ALADDIN_NEW/ALADDIN_NEW/mobile_apps/ALADDIN_iOS/Components/Modals/AgeGroupSelectionModal.swift /Users/sergejhlystov/ALADDIN_NEW/ALADDIN_NEW/mobile_apps/ALADDIN_iOS/ALADDINApp.swift /Users/sergejhlystov/ALADDIN_NEW/ALADDIN_NEW/mobile_apps/ALADDIN_iOS/Shared/Models/FunctionStatus.swift /Users/sergejhlystov/ALADDIN_NEW/ALADDIN_NEW/mobile_apps/ALADDIN_iOS/ViewModels/MainViewModel.swift /Users/sergejhlystov/ALADDIN_NEW/ALADDIN_NEW/mobile_apps/ALADDIN_iOS/Shared/Components/Buttons/PrimaryButton.swift /Users/sergejhlystov/ALADDIN_NEW/ALADDIN_NEW/mobile_apps/ALADDIN_iOS/Screens/NotificationSettingsScreen.swift /Users/sergejhlystov/ALADDIN_NEW/ALADDIN_NEW/mobile_apps/ALADDIN_iOS/Screens/ChildContentScreen.swift /Users/sergejhlystov/ALADDIN_NEW/ALADDIN_NEW/mobile_apps/ALADDIN_iOS/Shared/Components/StatItem.swift -primary-file /Users/sergejhlystov/ALADDIN_NEW/ALADDIN_NEW/mobile_apps/ALADDIN_iOS/Shared/Components/Cards/FamilyMemberCard.swift -primary-file /Users/sergejhlystov/ALADDIN_NEW/ALADDIN_NEW/mobile_apps/ALADDIN_iOS/ViewModels/VPNViewModel.swift -primary-file /Users/sergejhlystov/ALADDIN_NEW/ALADDIN_NEW/mobile_apps/ALADDIN_iOS/Core/Models/APIModels.swift -primary-file /Users/sergejhlystov/ALADDIN_NEW/ALADDIN_NEW/mobile_apps/ALADDIN_iOS/Core/VPN/VPNManager.swift -primary-file /Users/sergejhlystov/ALADDIN_NEW/ALADDIN_NEW/mobile_apps/ALADDIN_iOS/Screens/UnicornPetView.swift -primary-file /Users/sergejhlystov/ALADDIN_NEW/ALADDIN_NEW/mobile_apps/ALADDIN_iOS/Core/Network/APIService.swift -primary-file /Users/sergejhlystov/ALADDIN_NEW/ALADDIN_NEW/mobile_apps/ALADDIN_iOS/Screens/18_PrivacyPolicyScreen.swift -primary-file /Users/sergejhlystov/ALADDIN_NEW/ALADDIN_NEW/mobile_apps/ALADDIN_iOS/Screens/10_TariffsScreen.swift -primary-file /Users/sergejhlystov/ALADDIN_NEW/ALADDIN_NEW/mobile_apps/ALADDIN_iOS/Screens/03_VPNScreen.swift -primary-file /Users/sergejhlystov/ALADDIN_NEW/ALADDIN_NEW/mobile_apps/ALADDIN_iOS/Screens/09_ElderlyInterfaceScreen.swift -primary-file /Users/sergejhlystov/ALADDIN_NEW/ALADDIN_NEW/mobile_apps/ALADDIN_iOS/Shared/Components/SecondaryButton.swift -primary-file /Users/sergejhlystov/ALADDIN_NEW/ALADDIN_NEW/mobile_apps/ALADDIN_iOS/Screens/11_ProfileScreen.swift /Users/sergejhlystov/ALADDIN_NEW/ALADDIN_NEW/mobile_apps/ALADDIN_iOS/Core/Network/NetworkManager.swift /Users/sergejhlystov/ALADDIN_NEW/ALADDIN_NEW/mobile_apps/ALADDIN_iOS/Screens/19_TermsOfServiceScreen.swift /Users/sergejhlystov/ALADDIN_NEW/ALADDIN_NEW/mobile_apps/ALADDIN_iOS/Core/Config/AppConfig.swift /Users/sergejhlystov/ALADDIN_NEW/ALADDIN_NEW/mobile_apps/ALADDIN_iOS/ViewModels/FamilyViewModel.swift /Users/sergejhlystov/ALADDIN_NEW/ALADDIN_NEW/mobile_apps/ALADDIN_iOS/ViewModels/AIAssistantViewModel.swift /Users/sergejhlystov/ALADDIN_NEW/ALADDIN_NEW/mobile_apps/ALADDIN_iOS/Screens/22_DeviceDetailScreen.swift /Users/sergejhlystov/ALADDIN_NEW/ALADDIN_NEW/mobile_apps/ALADDIN_iOS/Screens/WidgetConfigurationScreen.swift /Users/sergejhlystov/ALADDIN_NEW/ALADDIN_NEW/mobile_apps/ALADDIN_iOS/Core/Security/KeychainManager.swift /Users/sergejhlystov/ALADDIN_NEW/ALADDIN_NEW/mobile_apps/ALADDIN_iOS/Shared/Components/Modals/MemberStatsModalView.swift /Users/sergejhlystov/ALADDIN_NEW/ALADDIN_NEW/mobile_apps/ALADDIN_iOS/Shared/Styles/Spacing.swift /Users/sergejhlystov/ALADDIN_NEW/ALADDIN_NEW/mobile_apps/ALADDIN_iOS/Shared/Components/RecoveryOptionsModal.swift /Users/sergejhlystov/ALADDIN_NEW/ALADDIN_NEW/mobile_apps/ALADDIN_iOS/ViewModels/SettingsViewModel.swift /Users/sergejhlystov/ALADDIN_NEW/ALADDIN_NEW/mobile_apps/ALADDIN_iOS/Shared/Components/InfoRow.swift /Users/sergejhlystov/ALADDIN_NEW/ALADDIN_NEW/mobile_apps/ALADDIN_iOS/Screens/25_PaymentQRScreen.swift /Users/sergejhlystov/ALADDIN_NEW/ALADDIN_NEW/mobile_apps/ALADDIN_iOS/Shared/Components/Modals/RoleSelectionModal.swift /Users/sergejhlystov/ALADDIN_NEW/ALADDIN_NEW/mobile_apps/ALADDIN_iOS/ViewModels/SupportViewModel.swift /Users/sergejhlystov/ALADDIN_NEW/ALADDIN_NEW/mobile_apps/ALADDIN_iOS/ViewModels/ChildInterfaceViewModel.swift /Users/sergejhlystov/ALADDIN_NEW/ALADDIN_NEW/mobile_apps/ALADDIN_iOS/Screens/12_NotificationsScreen.swift /Users/sergejhlystov/ALADDIN_NEW/ALADDIN_NEW/mobile_apps/ALADDIN_iOS/ViewModels/ElderlyInterfaceViewModel.swift /Users/sergejhlystov/ALADDIN_NEW/ALADDIN_NEW/mobile_apps/ALADDIN_iOS/ViewModels/AnalyticsViewModel.swift /Users/sergejhlystov/ALADDIN_NEW/ALADDIN_NEW/mobile_apps/ALADDIN_iOS/Core/Cache/CacheManager.swift /Users/sergejhlystov/ALADDIN_NEW/ALADDIN_NEW/mobile_apps/ALADDIN_iOS/ViewModels/NotificationsViewModel.swift /Users/sergejhlystov/ALADDIN_NEW/ALADDIN_NEW/mobile_apps/ALADDIN_iOS/Screens/06_AIAssistantScreen.swift /Users/sergejhlystov/ALADDIN_NEW/ALADDIN_NEW/mobile_apps/ALADDIN_iOS/ViewModels/ProfileViewModel.swift /Users/sergejhlystov/ALADDIN_NEW/ALADDIN_NEW/mobile_apps/ALADDIN_iOS/Components/Modals/ConsentModal.swift /Users/sergejhlystov/ALADDIN_NEW/ALADDIN_NEW/mobile_apps/ALADDIN_iOS/ViewModels/ParentalControlViewModel.swift /Users/sergejhlystov/ALADDIN_NEW/ALADDIN_NEW/mobile_apps/ALADDIN_iOS/ViewModels/OnboardingViewModel.swift /Users/sergejhlystov/ALADDIN_NEW/ALADDIN_NEW/mobile_apps/ALADDIN_iOS/Shared/Styles/Colors.swift /Users/sergejhlystov/ALADDIN_NEW/ALADDIN_NEW/mobile_apps/ALADDIN_iOS/Screens/ChildRewardsScreen.swift /Users/sergejhlystov/ALADDIN_NEW/ALADDIN_NEW/mobile_apps/ALADDIN_iOS/Screens/21_ReferralScreen.swift /Users/sergejhlystov/ALADDIN_NEW/ALADDIN_NEW/mobile_apps/ALADDIN_iOS/Shared/Components/AvatarSelector.swift /Users/sergejhlystov/ALADDIN_NEW/ALADDIN_NEW/mobile_apps/ALADDIN_iOS/Shared/Components/Navigation/ALADDINNavigationBar.swift /Users/sergejhlystov/ALADDIN_NEW/ALADDIN_NEW/mobile_apps/ALADDIN_iOS/Screens/14_OnboardingScreen.swift /Users/sergejhlystov/ALADDIN_NEW/ALADDIN_NEW/mobile_apps/ALADDIN_iOS/Components/Modals/FamilyCreatedModal.swift /Users/sergejhlystov/ALADDIN_NEW/ALADDIN_NEW/mobile_apps/ALADDIN_iOS/ViewModels/PaymentQRViewModel.swift /Users/sergejhlystov/ALADDIN_NEW/ALADDIN_NEW/mobile_apps/ALADDIN_iOS/Core/Navigation/NavigationManager.swift /Users/sergejhlystov/ALADDIN_NEW/ALADDIN_NEW/mobile_apps/ALADDIN_iOS/Core/Accessibility/AccessibilityManager.swift /Users/sergejhlystov/ALADDIN_NEW/ALADDIN_NEW/mobile_apps/ALADDIN_iOS/Core/Store/StoreManager.swift /Users/sergejhlystov/ALADDIN_NEW/ALADDIN_NEW/mobile_apps/ALADDIN_iOS/Screens/WheelOfFortuneView.swift /Users/sergejhlystov/ALADDIN_NEW/ALADDIN_NEW/mobile_apps/ALADDIN_iOS/Screens/UnicornUniverseView.swift /Users/sergejhlystov/ALADDIN_NEW/ALADDIN_NEW/mobile_apps/ALADDIN_iOS/Core/Localization/LocalizationManager.swift /Users/sergejhlystov/ALADDIN_NEW/ALADDIN_NEW/mobile_apps/ALADDIN_iOS/Screens/13_SupportScreen.swift /Users/sergejhlystov/ALADDIN_NEW/ALADDIN_NEW/mobile_apps/ALADDIN_iOS/Core/Analytics/AnalyticsManager.swift /Users/sergejhlystov/ALADDIN_NEW/ALADDIN_NEW/mobile_apps/ALADDIN_iOS/Screens/07_ParentalControlScreen.swift /Users/sergejhlystov/ALADDIN_NEW/ALADDIN_NEW/mobile_apps/ALADDIN_iOS/Screens/05_SettingsScreen.swift /Users/sergejhlystov/ALADDIN_NEW/ALADDIN_NEW/mobile_apps/ALADDIN_iOS/Screens/RewardsModalView.swift /Users/sergejhlystov/ALADDIN_NEW/ALADDIN_NEW/mobile_apps/ALADDIN_iOS/Screens/23_FamilyChatScreen.swift /Users/sergejhlystov/ALADDIN_NEW/ALADDIN_NEW/mobile_apps/ALADDIN_iOS/Screens/02_FamilyScreen.swift /Users/sergejhlystov/ALADDIN_NEW/ALADDIN_NEW/mobile_apps/ALADDIN_iOS/Screens/20_DevicesScreen.swift /Users/sergejhlystov/ALADDIN_NEW/ALADDIN_NEW/mobile_apps/ALADDIN_iOS/Shared/Components/ViewModifiers.swift /Users/sergejhlystov/ALADDIN_NEW/ALADDIN_NEW/mobile_apps/ALADDIN_iOS/Shared/Components/HapticFeedback.swift /Users/sergejhlystov/ALADDIN_NEW/ALADDIN_NEW/mobile_apps/ALADDIN_iOS/Screens/MainScreenWithRegistration.swift /Users/sergejhlystov/ALADDIN_NEW/ALADDIN_NEW/mobile_apps/ALADDIN_iOS/Core/Network/NetworkError.swift /Users/sergejhlystov/ALADDIN_NEW/ALADDIN_NEW/mobile_apps/ALADDIN_iOS/Screens/LanguageSettingsScreen.swift /Users/sergejhlystov/ALADDIN_NEW/ALADDIN_NEW/mobile_apps/ALADDIN_iOS/ViewModels/FamilyRegistrationViewModel.swift /Users/sergejhlystov/ALADDIN_NEW/ALADDIN_NEW/mobile_apps/ALADDIN_iOS/Shared/Styles/CornerRadius.swift /Users/sergejhlystov/ALADDIN_NEW/ALADDIN_NEW/mobile_apps/ALADDIN_iOS/Screens/01_MainScreen.swift /Users/sergejhlystov/ALADDIN_NEW/ALADDIN_NEW/mobile_apps/ALADDIN_iOS/Screens/FamilyTournamentView.swift /Users/sergejhlystov/ALADDIN_NEW/ALADDIN_NEW/mobile_apps/ALADDIN_iOS/Shared/Styles/Fonts.swift /Users/sergejhlystov/ALADDIN_NEW/ALADDIN_NEW/mobile_apps/ALADDIN_iOS/Screens/GamesParentalControlView.swift /Users/sergejhlystov/ALADDIN_NEW/ALADDIN_NEW/mobile_apps/ALADDIN_iOS/Shared/Components/QRScannerModal.swift /Users/sergejhlystov/ALADDIN_NEW/ALADDIN_NEW/mobile_apps/ALADDIN_iOS/Screens/04_AnalyticsScreen.swift /Users/sergejhlystov/ALADDIN_NEW/ALADDIN_NEW/mobile_apps/ALADDIN_iOS/Screens/24_VPNEnergyStatsScreen.swift /Users/sergejhlystov/ALADDIN_NEW/ALADDIN_NEW/mobile_apps/ALADDIN_iOS/Shared/Components/Modals/ProfileEditView.swift /Users/sergejhlystov/ALADDIN_NEW/ALADDIN_NEW/mobile_apps/ALADDIN_iOS/ViewModels/TariffsViewModel.swift /Users/sergejhlystov/ALADDIN_NEW/ALADDIN_NEW/mobile_apps/ALADDIN_iOS/Core/Notifications/NotificationManager.swift /Users/sergejhlystov/ALADDIN_NEW/ALADDIN_NEW/mobile_apps/ALADDIN_iOS/Core/Security/SecurityManager.swift -supplementary-output-file-map /var/folders/rf/6rxcyql17sz57_02ng7jd7pr0000gn/T/TemporaryDirectory.wFGpdC/supplementaryOutputs-2 -target x86_64-apple-ios15.0-simulator -enable-objc-interop -sdk /Applications/Xcode.app/Contents/Developer/Platforms/iPhoneSimulator.platform/Developer/SDKs/iPhoneSimulator15.2.sdk -I /Users/sergejhlystov/Library/Developer/Xcode/DerivedData/ALADDIN-eahryzmutvtbyceygnlyjsmiiaha/Build/Products/Debug-iphonesimulator -F /Users/sergejhlystov/Library/Developer/Xcode/DerivedData/ALADDIN-eahryzmutvtbyceygnlyjsmiiaha/Build/Products/Debug-iphonesimulator -enable-testing -g -module-cache-path /Users/sergejhlystov/Library/Developer/Xcode/DerivedData/ModuleCache.noindex -emit-localized-strings -emit-localized-strings-path /Users/sergejhlystov/Library/Developer/Xcode/DerivedData/ALADDIN-eahryzmutvtbyceygnlyjsmiiaha/Build/Intermediates.noindex/ALADDIN.build/Debug-iphonesimulator/ALADDIN.build/Objects-normal/x86_64 -swift-version 5 -enforce-exclusivity\=checked -Onone -D DEBUG -new-driver-path /Applications/Xcode.app/Contents/Developer/Toolchains/XcodeDefault.xctoolchain/usr/bin/swift-driver -serialize-debugging-options -Xcc -working-directory -Xcc /Users/sergejhlystov/ALADDIN_NEW/ALADDIN_NEW/mobile_apps/ALADDIN_iOS -resource-dir /Applications/Xcode.app/Contents/Developer/Toolchains/XcodeDefault.xctoolchain/usr/lib/swift -enable-anonymous-context-mangled-names -Xcc -I/Users/sergejhlystov/Library/Developer/Xcode/DerivedData/ALADDIN-eahryzmutvtbyceygnlyjsmiiaha/Build/Intermediates.noindex/ALADDIN.build/Debug-iphonesimulator/ALADDIN.build/swift-overrides.hmap -Xcc -iquote -Xcc /Users/sergejhlystov/Library/Developer/Xcode/DerivedData/ALADDIN-eahryzmutvtbyceygnlyjsmiiaha/Build/Intermediates.noindex/ALADDIN.build/Debug-iphonesimulator/ALADDIN.build/ALADDIN-generated-files.hmap -Xcc -I/Users/sergejhlystov/Library/Developer/Xcode/DerivedData/ALADDIN-eahryzmutvtbyceygnlyjsmiiaha/Build/Intermediates.noindex/ALADDIN.build/Debug-iphonesimulator/ALADDIN.build/ALADDIN-own-target-headers.hmap -Xcc -I/Users/sergejhlystov/Library/Developer/Xcode/DerivedData/ALADDIN-eahryzmutvtbyceygnlyjsmiiaha/Build/Intermediates.noindex/ALADDIN.build/Debug-iphonesimulator/ALADDIN.build/ALADDIN-all-target-headers.hmap -Xcc -iquote -Xcc /Users/sergejhlystov/Library/Developer/Xcode/DerivedData/ALADDIN-eahryzmutvtbyceygnlyjsmiiaha/Build/Intermediates.noindex/ALADDIN.build/Debug-iphonesimulator/ALADDIN.build/ALADDIN-project-headers.hmap -Xcc -I/Users/sergejhlystov/Library/Developer/Xcode/DerivedData/ALADDIN-eahryzmutvtbyceygnlyjsmiiaha/Build/Products/Debug-iphonesimulator/include -Xcc -I/Users/sergejhlystov/Library/Developer/Xcode/DerivedData/ALADDIN-eahryzmutvtbyceygnlyjsmiiaha/Build/Intermediates.noindex/ALADDIN.build/Debug-iphonesimulator/ALADDIN.build/DerivedSources-normal/x86_64 -Xcc -I/Users/sergejhlystov/Library/Developer/Xcode/DerivedData/ALADDIN-eahryzmutvtbyceygnlyjsmiiaha/Build/Intermediates.noindex/ALADDIN.build/Debug-iphonesimulator/ALADDIN.build/DerivedSources/x86_64 -Xcc -I/Users/sergejhlystov/Library/Developer/Xcode/DerivedData/ALADDIN-eahryzmutvtbyceygnlyjsmiiaha/Build/Intermediates.noindex/ALADDIN.build/Debug-iphonesimulator/ALADDIN.build/DerivedSources -Xcc -DDEBUG\=1 -module-name ALADDIN -target-sdk-version 15.2.0 -o /Users/sergejhlystov/Library/Developer/Xcode/DerivedData/ALADDIN-eahryzmutvtbyceygnlyjsmiiaha/Build/Intermediates.noindex/ALADDIN.build/Debug-iphonesimulator/ALADDIN.build/Objects-normal/x86_64/FamilyMemberCard.o -o /Users/sergejhlystov/Library/Developer/Xcode/DerivedData/ALADDIN-eahryzmutvtbyceygnlyjsmiiaha/Build/Intermediates.noindex/ALADDIN.build/Debug-iphonesimulator/ALADDIN.build/Objects-normal/x86_64/VPNViewModel.o -o /Users/sergejhlystov/Library/Developer/Xcode/DerivedData/ALADDIN-eahryzmutvtbyceygnlyjsmiiaha/Build/Intermediates.noindex/ALADDIN.build/Debug-iphonesimulator/ALADDIN.build/Objects-normal/x86_64/APIModels.o -o /Users/sergejhlystov/Library/Developer/Xcode/DerivedData/ALADDIN-eahryzmutvtbyceygnlyjsmiiaha/Build/Intermediates.noindex/ALADDIN.build/Debug-iphonesimulator/ALADDIN.build/Objects-normal/x86_64/VPNManager.o -o /Users/sergejhlystov/Library/Developer/Xcode/DerivedData/ALADDIN-eahryzmutvtbyceygnlyjsmiiaha/Build/Intermediates.noindex/ALADDIN.build/Debug-iphonesimulator/ALADDIN.build/Objects-normal/x86_64/UnicornPetView.o -o /Users/sergejhlystov/Library/Developer/Xcode/DerivedData/ALADDIN-eahryzmutvtbyceygnlyjsmiiaha/Build/Intermediates.noindex/ALADDIN.build/Debug-iphonesimulator/ALADDIN.build/Objects-normal/x86_64/APIService.o -o /Users/sergejhlystov/Library/Developer/Xcode/DerivedData/ALADDIN-eahryzmutvtbyceygnlyjsmiiaha/Build/Intermediates.noindex/ALADDIN.build/Debug-iphonesimulator/ALADDIN.build/Objects-normal/x86_64/18_PrivacyPolicyScreen.o -o /Users/sergejhlystov/Library/Developer/Xcode/DerivedData/ALADDIN-eahryzmutvtbyceygnlyjsmiiaha/Build/Intermediates.noindex/ALADDIN.build/Debug-iphonesimulator/ALADDIN.build/Objects-normal/x86_64/10_TariffsScreen.o -o /Users/sergejhlystov/Library/Developer/Xcode/DerivedData/ALADDIN-eahryzmutvtbyceygnlyjsmiiaha/Build/Intermediates.noindex/ALADDIN.build/Debug-iphonesimulator/ALADDIN.build/Objects-normal/x86_64/03_VPNScreen.o -o /Users/sergejhlystov/Library/Developer/Xcode/DerivedData/ALADDIN-eahryzmutvtbyceygnlyjsmiiaha/Build/Intermediates.noindex/ALADDIN.build/Debug-iphonesimulator/ALADDIN.build/Objects-normal/x86_64/09_ElderlyInterfaceScreen.o -o /Users/sergejhlystov/Library/Developer/Xcode/DerivedData/ALADDIN-eahryzmutvtbyceygnlyjsmiiaha/Build/Intermediates.noindex/ALADDIN.build/Debug-iphonesimulator/ALADDIN.build/Objects-normal/x86_64/SecondaryButton.o -o /Users/sergejhlystov/Library/Developer/Xcode/DerivedData/ALADDIN-eahryzmutvtbyceygnlyjsmiiaha/Build/Intermediates.noindex/ALADDIN.build/Debug-iphonesimulator/ALADDIN.build/Objects-normal/x86_64/11_ProfileScreen.o -index-store-path /Users/sergejhlystov/Library/Developer/Xcode/DerivedData/ALADDIN-eahryzmutvtbyceygnlyjsmiiaha/Index/DataStore -index-system-modules

CompileSwift normal x86_64 /Users/sergejhlystov/ALADDIN_NEW/ALADDIN_NEW/mobile_apps/ALADDIN_iOS/Screens/10_TariffsScreen.swift (in target 'ALADDIN' from project 'ALADDIN')
    cd /Users/sergejhlystov/ALADDIN_NEW/ALADDIN_NEW/mobile_apps/ALADDIN_iOS
    /Applications/Xcode.app/Contents/Developer/Toolchains/XcodeDefault.xctoolchain/usr/bin/swift-frontend -frontend -c /Users/sergejhlystov/ALADDIN_NEW/ALADDIN_NEW/mobile_apps/ALADDIN_iOS/Screens/RewardsQuickModal.swift /Users/sergejhlystov/ALADDIN_NEW/ALADDIN_NEW/mobile_apps/ALADDIN_iOS/Screens/08_ChildInterfaceScreen.swift /Users/sergejhlystov/ALADDIN_NEW/ALADDIN_NEW/mobile_apps/ALADDIN_iOS/ContentView.swift /Users/sergejhlystov/ALADDIN_NEW/ALADDIN_NEW/mobile_apps/ALADDIN_iOS/Shared/Components/ALADDINToggle.swift /Users/sergejhlystov/ALADDIN_NEW/ALADDIN_NEW/mobile_apps/ALADDIN_iOS/Components/Modals/AgeGroupSelectionModal.swift /Users/sergejhlystov/ALADDIN_NEW/ALADDIN_NEW/mobile_apps/ALADDIN_iOS/ALADDINApp.swift /Users/sergejhlystov/ALADDIN_NEW/ALADDIN_NEW/mobile_apps/ALADDIN_iOS/Shared/Models/FunctionStatus.swift /Users/sergejhlystov/ALADDIN_NEW/ALADDIN_NEW/mobile_apps/ALADDIN_iOS/ViewModels/MainViewModel.swift /Users/sergejhlystov/ALADDIN_NEW/ALADDIN_NEW/mobile_apps/ALADDIN_iOS/Shared/Components/Buttons/PrimaryButton.swift /Users/sergejhlystov/ALADDIN_NEW/ALADDIN_NEW/mobile_apps/ALADDIN_iOS/Screens/NotificationSettingsScreen.swift /Users/sergejhlystov/ALADDIN_NEW/ALADDIN_NEW/mobile_apps/ALADDIN_iOS/Screens/ChildContentScreen.swift /Users/sergejhlystov/ALADDIN_NEW/ALADDIN_NEW/mobile_apps/ALADDIN_iOS/Shared/Components/StatItem.swift -primary-file /Users/sergejhlystov/ALADDIN_NEW/ALADDIN_NEW/mobile_apps/ALADDIN_iOS/Shared/Components/Cards/FamilyMemberCard.swift -primary-file /Users/sergejhlystov/ALADDIN_NEW/ALADDIN_NEW/mobile_apps/ALADDIN_iOS/ViewModels/VPNViewModel.swift -primary-file /Users/sergejhlystov/ALADDIN_NEW/ALADDIN_NEW/mobile_apps/ALADDIN_iOS/Core/Models/APIModels.swift -primary-file /Users/sergejhlystov/ALADDIN_NEW/ALADDIN_NEW/mobile_apps/ALADDIN_iOS/Core/VPN/VPNManager.swift -primary-file /Users/sergejhlystov/ALADDIN_NEW/ALADDIN_NEW/mobile_apps/ALADDIN_iOS/Screens/UnicornPetView.swift -primary-file /Users/sergejhlystov/ALADDIN_NEW/ALADDIN_NEW/mobile_apps/ALADDIN_iOS/Core/Network/APIService.swift -primary-file /Users/sergejhlystov/ALADDIN_NEW/ALADDIN_NEW/mobile_apps/ALADDIN_iOS/Screens/18_PrivacyPolicyScreen.swift -primary-file /Users/sergejhlystov/ALADDIN_NEW/ALADDIN_NEW/mobile_apps/ALADDIN_iOS/Screens/10_TariffsScreen.swift -primary-file /Users/sergejhlystov/ALADDIN_NEW/ALADDIN_NEW/mobile_apps/ALADDIN_iOS/Screens/03_VPNScreen.swift -primary-file /Users/sergejhlystov/ALADDIN_NEW/ALADDIN_NEW/mobile_apps/ALADDIN_iOS/Screens/09_ElderlyInterfaceScreen.swift -primary-file /Users/sergejhlystov/ALADDIN_NEW/ALADDIN_NEW/mobile_apps/ALADDIN_iOS/Shared/Components/SecondaryButton.swift -primary-file /Users/sergejhlystov/ALADDIN_NEW/ALADDIN_NEW/mobile_apps/ALADDIN_iOS/Screens/11_ProfileScreen.swift /Users/sergejhlystov/ALADDIN_NEW/ALADDIN_NEW/mobile_apps/ALADDIN_iOS/Core/Network/NetworkManager.swift /Users/sergejhlystov/ALADDIN_NEW/ALADDIN_NEW/mobile_apps/ALADDIN_iOS/Screens/19_TermsOfServiceScreen.swift /Users/sergejhlystov/ALADDIN_NEW/ALADDIN_NEW/mobile_apps/ALADDIN_iOS/Core/Config/AppConfig.swift /Users/sergejhlystov/ALADDIN_NEW/ALADDIN_NEW/mobile_apps/ALADDIN_iOS/ViewModels/FamilyViewModel.swift /Users/sergejhlystov/ALADDIN_NEW/ALADDIN_NEW/mobile_apps/ALADDIN_iOS/ViewModels/AIAssistantViewModel.swift /Users/sergejhlystov/ALADDIN_NEW/ALADDIN_NEW/mobile_apps/ALADDIN_iOS/Screens/22_DeviceDetailScreen.swift /Users/sergejhlystov/ALADDIN_NEW/ALADDIN_NEW/mobile_apps/ALADDIN_iOS/Screens/WidgetConfigurationScreen.swift /Users/sergejhlystov/ALADDIN_NEW/ALADDIN_NEW/mobile_apps/ALADDIN_iOS/Core/Security/KeychainManager.swift /Users/sergejhlystov/ALADDIN_NEW/ALADDIN_NEW/mobile_apps/ALADDIN_iOS/Shared/Components/Modals/MemberStatsModalView.swift /Users/sergejhlystov/ALADDIN_NEW/ALADDIN_NEW/mobile_apps/ALADDIN_iOS/Shared/Styles/Spacing.swift /Users/sergejhlystov/ALADDIN_NEW/ALADDIN_NEW/mobile_apps/ALADDIN_iOS/Shared/Components/RecoveryOptionsModal.swift /Users/sergejhlystov/ALADDIN_NEW/ALADDIN_NEW/mobile_apps/ALADDIN_iOS/ViewModels/SettingsViewModel.swift /Users/sergejhlystov/ALADDIN_NEW/ALADDIN_NEW/mobile_apps/ALADDIN_iOS/Shared/Components/InfoRow.swift /Users/sergejhlystov/ALADDIN_NEW/ALADDIN_NEW/mobile_apps/ALADDIN_iOS/Screens/25_PaymentQRScreen.swift /Users/sergejhlystov/ALADDIN_NEW/ALADDIN_NEW/mobile_apps/ALADDIN_iOS/Shared/Components/Modals/RoleSelectionModal.swift /Users/sergejhlystov/ALADDIN_NEW/ALADDIN_NEW/mobile_apps/ALADDIN_iOS/ViewModels/SupportViewModel.swift /Users/sergejhlystov/ALADDIN_NEW/ALADDIN_NEW/mobile_apps/ALADDIN_iOS/ViewModels/ChildInterfaceViewModel.swift /Users/sergejhlystov/ALADDIN_NEW/ALADDIN_NEW/mobile_apps/ALADDIN_iOS/Screens/12_NotificationsScreen.swift /Users/sergejhlystov/ALADDIN_NEW/ALADDIN_NEW/mobile_apps/ALADDIN_iOS/ViewModels/ElderlyInterfaceViewModel.swift /Users/sergejhlystov/ALADDIN_NEW/ALADDIN_NEW/mobile_apps/ALADDIN_iOS/ViewModels/AnalyticsViewModel.swift /Users/sergejhlystov/ALADDIN_NEW/ALADDIN_NEW/mobile_apps/ALADDIN_iOS/Core/Cache/CacheManager.swift /Users/sergejhlystov/ALADDIN_NEW/ALADDIN_NEW/mobile_apps/ALADDIN_iOS/ViewModels/NotificationsViewModel.swift /Users/sergejhlystov/ALADDIN_NEW/ALADDIN_NEW/mobile_apps/ALADDIN_iOS/Screens/06_AIAssistantScreen.swift /Users/sergejhlystov/ALADDIN_NEW/ALADDIN_NEW/mobile_apps/ALADDIN_iOS/ViewModels/ProfileViewModel.swift /Users/sergejhlystov/ALADDIN_NEW/ALADDIN_NEW/mobile_apps/ALADDIN_iOS/Components/Modals/ConsentModal.swift /Users/sergejhlystov/ALADDIN_NEW/ALADDIN_NEW/mobile_apps/ALADDIN_iOS/ViewModels/ParentalControlViewModel.swift /Users/sergejhlystov/ALADDIN_NEW/ALADDIN_NEW/mobile_apps/ALADDIN_iOS/ViewModels/OnboardingViewModel.swift /Users/sergejhlystov/ALADDIN_NEW/ALADDIN_NEW/mobile_apps/ALADDIN_iOS/Shared/Styles/Colors.swift /Users/sergejhlystov/ALADDIN_NEW/ALADDIN_NEW/mobile_apps/ALADDIN_iOS/Screens/ChildRewardsScreen.swift /Users/sergejhlystov/ALADDIN_NEW/ALADDIN_NEW/mobile_apps/ALADDIN_iOS/Screens/21_ReferralScreen.swift /Users/sergejhlystov/ALADDIN_NEW/ALADDIN_NEW/mobile_apps/ALADDIN_iOS/Shared/Components/AvatarSelector.swift /Users/sergejhlystov/ALADDIN_NEW/ALADDIN_NEW/mobile_apps/ALADDIN_iOS/Shared/Components/Navigation/ALADDINNavigationBar.swift /Users/sergejhlystov/ALADDIN_NEW/ALADDIN_NEW/mobile_apps/ALADDIN_iOS/Screens/14_OnboardingScreen.swift /Users/sergejhlystov/ALADDIN_NEW/ALADDIN_NEW/mobile_apps/ALADDIN_iOS/Components/Modals/FamilyCreatedModal.swift /Users/sergejhlystov/ALADDIN_NEW/ALADDIN_NEW/mobile_apps/ALADDIN_iOS/ViewModels/PaymentQRViewModel.swift /Users/sergejhlystov/ALADDIN_NEW/ALADDIN_NEW/mobile_apps/ALADDIN_iOS/Core/Navigation/NavigationManager.swift /Users/sergejhlystov/ALADDIN_NEW/ALADDIN_NEW/mobile_apps/ALADDIN_iOS/Core/Accessibility/AccessibilityManager.swift /Users/sergejhlystov/ALADDIN_NEW/ALADDIN_NEW/mobile_apps/ALADDIN_iOS/Core/Store/StoreManager.swift /Users/sergejhlystov/ALADDIN_NEW/ALADDIN_NEW/mobile_apps/ALADDIN_iOS/Screens/WheelOfFortuneView.swift /Users/sergejhlystov/ALADDIN_NEW/ALADDIN_NEW/mobile_apps/ALADDIN_iOS/Screens/UnicornUniverseView.swift /Users/sergejhlystov/ALADDIN_NEW/ALADDIN_NEW/mobile_apps/ALADDIN_iOS/Core/Localization/LocalizationManager.swift /Users/sergejhlystov/ALADDIN_NEW/ALADDIN_NEW/mobile_apps/ALADDIN_iOS/Screens/13_SupportScreen.swift /Users/sergejhlystov/ALADDIN_NEW/ALADDIN_NEW/mobile_apps/ALADDIN_iOS/Core/Analytics/AnalyticsManager.swift /Users/sergejhlystov/ALADDIN_NEW/ALADDIN_NEW/mobile_apps/ALADDIN_iOS/Screens/07_ParentalControlScreen.swift /Users/sergejhlystov/ALADDIN_NEW/ALADDIN_NEW/mobile_apps/ALADDIN_iOS/Screens/05_SettingsScreen.swift /Users/sergejhlystov/ALADDIN_NEW/ALADDIN_NEW/mobile_apps/ALADDIN_iOS/Screens/RewardsModalView.swift /Users/sergejhlystov/ALADDIN_NEW/ALADDIN_NEW/mobile_apps/ALADDIN_iOS/Screens/23_FamilyChatScreen.swift /Users/sergejhlystov/ALADDIN_NEW/ALADDIN_NEW/mobile_apps/ALADDIN_iOS/Screens/02_FamilyScreen.swift /Users/sergejhlystov/ALADDIN_NEW/ALADDIN_NEW/mobile_apps/ALADDIN_iOS/Screens/20_DevicesScreen.swift /Users/sergejhlystov/ALADDIN_NEW/ALADDIN_NEW/mobile_apps/ALADDIN_iOS/Shared/Components/ViewModifiers.swift /Users/sergejhlystov/ALADDIN_NEW/ALADDIN_NEW/mobile_apps/ALADDIN_iOS/Shared/Components/HapticFeedback.swift /Users/sergejhlystov/ALADDIN_NEW/ALADDIN_NEW/mobile_apps/ALADDIN_iOS/Screens/MainScreenWithRegistration.swift /Users/sergejhlystov/ALADDIN_NEW/ALADDIN_NEW/mobile_apps/ALADDIN_iOS/Core/Network/NetworkError.swift /Users/sergejhlystov/ALADDIN_NEW/ALADDIN_NEW/mobile_apps/ALADDIN_iOS/Screens/LanguageSettingsScreen.swift /Users/sergejhlystov/ALADDIN_NEW/ALADDIN_NEW/mobile_apps/ALADDIN_iOS/ViewModels/FamilyRegistrationViewModel.swift /Users/sergejhlystov/ALADDIN_NEW/ALADDIN_NEW/mobile_apps/ALADDIN_iOS/Shared/Styles/CornerRadius.swift /Users/sergejhlystov/ALADDIN_NEW/ALADDIN_NEW/mobile_apps/ALADDIN_iOS/Screens/01_MainScreen.swift /Users/sergejhlystov/ALADDIN_NEW/ALADDIN_NEW/mobile_apps/ALADDIN_iOS/Screens/FamilyTournamentView.swift /Users/sergejhlystov/ALADDIN_NEW/ALADDIN_NEW/mobile_apps/ALADDIN_iOS/Shared/Styles/Fonts.swift /Users/sergejhlystov/ALADDIN_NEW/ALADDIN_NEW/mobile_apps/ALADDIN_iOS/Screens/GamesParentalControlView.swift /Users/sergejhlystov/ALADDIN_NEW/ALADDIN_NEW/mobile_apps/ALADDIN_iOS/Shared/Components/QRScannerModal.swift /Users/sergejhlystov/ALADDIN_NEW/ALADDIN_NEW/mobile_apps/ALADDIN_iOS/Screens/04_AnalyticsScreen.swift /Users/sergejhlystov/ALADDIN_NEW/ALADDIN_NEW/mobile_apps/ALADDIN_iOS/Screens/24_VPNEnergyStatsScreen.swift /Users/sergejhlystov/ALADDIN_NEW/ALADDIN_NEW/mobile_apps/ALADDIN_iOS/Shared/Components/Modals/ProfileEditView.swift /Users/sergejhlystov/ALADDIN_NEW/ALADDIN_NEW/mobile_apps/ALADDIN_iOS/ViewModels/TariffsViewModel.swift /Users/sergejhlystov/ALADDIN_NEW/ALADDIN_NEW/mobile_apps/ALADDIN_iOS/Core/Notifications/NotificationManager.swift /Users/sergejhlystov/ALADDIN_NEW/ALADDIN_NEW/mobile_apps/ALADDIN_iOS/Core/Security/SecurityManager.swift -supplementary-output-file-map /var/folders/rf/6rxcyql17sz57_02ng7jd7pr0000gn/T/TemporaryDirectory.wFGpdC/supplementaryOutputs-2 -target x86_64-apple-ios15.0-simulator -enable-objc-interop -sdk /Applications/Xcode.app/Contents/Developer/Platforms/iPhoneSimulator.platform/Developer/SDKs/iPhoneSimulator15.2.sdk -I /Users/sergejhlystov/Library/Developer/Xcode/DerivedData/ALADDIN-eahryzmutvtbyceygnlyjsmiiaha/Build/Products/Debug-iphonesimulator -F /Users/sergejhlystov/Library/Developer/Xcode/DerivedData/ALADDIN-eahryzmutvtbyceygnlyjsmiiaha/Build/Products/Debug-iphonesimulator -enable-testing -g -module-cache-path /Users/sergejhlystov/Library/Developer/Xcode/DerivedData/ModuleCache.noindex -emit-localized-strings -emit-localized-strings-path /Users/sergejhlystov/Library/Developer/Xcode/DerivedData/ALADDIN-eahryzmutvtbyceygnlyjsmiiaha/Build/Intermediates.noindex/ALADDIN.build/Debug-iphonesimulator/ALADDIN.build/Objects-normal/x86_64 -swift-version 5 -enforce-exclusivity\=checked -Onone -D DEBUG -new-driver-path /Applications/Xcode.app/Contents/Developer/Toolchains/XcodeDefault.xctoolchain/usr/bin/swift-driver -serialize-debugging-options -Xcc -working-directory -Xcc /Users/sergejhlystov/ALADDIN_NEW/ALADDIN_NEW/mobile_apps/ALADDIN_iOS -resource-dir /Applications/Xcode.app/Contents/Developer/Toolchains/XcodeDefault.xctoolchain/usr/lib/swift -enable-anonymous-context-mangled-names -Xcc -I/Users/sergejhlystov/Library/Developer/Xcode/DerivedData/ALADDIN-eahryzmutvtbyceygnlyjsmiiaha/Build/Intermediates.noindex/ALADDIN.build/Debug-iphonesimulator/ALADDIN.build/swift-overrides.hmap -Xcc -iquote -Xcc /Users/sergejhlystov/Library/Developer/Xcode/DerivedData/ALADDIN-eahryzmutvtbyceygnlyjsmiiaha/Build/Intermediates.noindex/ALADDIN.build/Debug-iphonesimulator/ALADDIN.build/ALADDIN-generated-files.hmap -Xcc -I/Users/sergejhlystov/Library/Developer/Xcode/DerivedData/ALADDIN-eahryzmutvtbyceygnlyjsmiiaha/Build/Intermediates.noindex/ALADDIN.build/Debug-iphonesimulator/ALADDIN.build/ALADDIN-own-target-headers.hmap -Xcc -I/Users/sergejhlystov/Library/Developer/Xcode/DerivedData/ALADDIN-eahryzmutvtbyceygnlyjsmiiaha/Build/Intermediates.noindex/ALADDIN.build/Debug-iphonesimulator/ALADDIN.build/ALADDIN-all-target-headers.hmap -Xcc -iquote -Xcc /Users/sergejhlystov/Library/Developer/Xcode/DerivedData/ALADDIN-eahryzmutvtbyceygnlyjsmiiaha/Build/Intermediates.noindex/ALADDIN.build/Debug-iphonesimulator/ALADDIN.build/ALADDIN-project-headers.hmap -Xcc -I/Users/sergejhlystov/Library/Developer/Xcode/DerivedData/ALADDIN-eahryzmutvtbyceygnlyjsmiiaha/Build/Products/Debug-iphonesimulator/include -Xcc -I/Users/sergejhlystov/Library/Developer/Xcode/DerivedData/ALADDIN-eahryzmutvtbyceygnlyjsmiiaha/Build/Intermediates.noindex/ALADDIN.build/Debug-iphonesimulator/ALADDIN.build/DerivedSources-normal/x86_64 -Xcc -I/Users/sergejhlystov/Library/Developer/Xcode/DerivedData/ALADDIN-eahryzmutvtbyceygnlyjsmiiaha/Build/Intermediates.noindex/ALADDIN.build/Debug-iphonesimulator/ALADDIN.build/DerivedSources/x86_64 -Xcc -I/Users/sergejhlystov/Library/Developer/Xcode/DerivedData/ALADDIN-eahryzmutvtbyceygnlyjsmiiaha/Build/Intermediates.noindex/ALADDIN.build/Debug-iphonesimulator/ALADDIN.build/DerivedSources -Xcc -DDEBUG\=1 -module-name ALADDIN -target-sdk-version 15.2.0 -o /Users/sergejhlystov/Library/Developer/Xcode/DerivedData/ALADDIN-eahryzmutvtbyceygnlyjsmiiaha/Build/Intermediates.noindex/ALADDIN.build/Debug-iphonesimulator/ALADDIN.build/Objects-normal/x86_64/FamilyMemberCard.o -o /Users/sergejhlystov/Library/Developer/Xcode/DerivedData/ALADDIN-eahryzmutvtbyceygnlyjsmiiaha/Build/Intermediates.noindex/ALADDIN.build/Debug-iphonesimulator/ALADDIN.build/Objects-normal/x86_64/VPNViewModel.o -o /Users/sergejhlystov/Library/Developer/Xcode/DerivedData/ALADDIN-eahryzmutvtbyceygnlyjsmiiaha/Build/Intermediates.noindex/ALADDIN.build/Debug-iphonesimulator/ALADDIN.build/Objects-normal/x86_64/APIModels.o -o /Users/sergejhlystov/Library/Developer/Xcode/DerivedData/ALADDIN-eahryzmutvtbyceygnlyjsmiiaha/Build/Intermediates.noindex/ALADDIN.build/Debug-iphonesimulator/ALADDIN.build/Objects-normal/x86_64/VPNManager.o -o /Users/sergejhlystov/Library/Developer/Xcode/DerivedData/ALADDIN-eahryzmutvtbyceygnlyjsmiiaha/Build/Intermediates.noindex/ALADDIN.build/Debug-iphonesimulator/ALADDIN.build/Objects-normal/x86_64/UnicornPetView.o -o /Users/sergejhlystov/Library/Developer/Xcode/DerivedData/ALADDIN-eahryzmutvtbyceygnlyjsmiiaha/Build/Intermediates.noindex/ALADDIN.build/Debug-iphonesimulator/ALADDIN.build/Objects-normal/x86_64/APIService.o -o /Users/sergejhlystov/Library/Developer/Xcode/DerivedData/ALADDIN-eahryzmutvtbyceygnlyjsmiiaha/Build/Intermediates.noindex/ALADDIN.build/Debug-iphonesimulator/ALADDIN.build/Objects-normal/x86_64/18_PrivacyPolicyScreen.o -o /Users/sergejhlystov/Library/Developer/Xcode/DerivedData/ALADDIN-eahryzmutvtbyceygnlyjsmiiaha/Build/Intermediates.noindex/ALADDIN.build/Debug-iphonesimulator/ALADDIN.build/Objects-normal/x86_64/10_TariffsScreen.o -o /Users/sergejhlystov/Library/Developer/Xcode/DerivedData/ALADDIN-eahryzmutvtbyceygnlyjsmiiaha/Build/Intermediates.noindex/ALADDIN.build/Debug-iphonesimulator/ALADDIN.build/Objects-normal/x86_64/03_VPNScreen.o -o /Users/sergejhlystov/Library/Developer/Xcode/DerivedData/ALADDIN-eahryzmutvtbyceygnlyjsmiiaha/Build/Intermediates.noindex/ALADDIN.build/Debug-iphonesimulator/ALADDIN.build/Objects-normal/x86_64/09_ElderlyInterfaceScreen.o -o /Users/sergejhlystov/Library/Developer/Xcode/DerivedData/ALADDIN-eahryzmutvtbyceygnlyjsmiiaha/Build/Intermediates.noindex/ALADDIN.build/Debug-iphonesimulator/ALADDIN.build/Objects-normal/x86_64/SecondaryButton.o -o /Users/sergejhlystov/Library/Developer/Xcode/DerivedData/ALADDIN-eahryzmutvtbyceygnlyjsmiiaha/Build/Intermediates.noindex/ALADDIN.build/Debug-iphonesimulator/ALADDIN.build/Objects-normal/x86_64/11_ProfileScreen.o -index-store-path /Users/sergejhlystov/Library/Developer/Xcode/DerivedData/ALADDIN-eahryzmutvtbyceygnlyjsmiiaha/Index/DataStore -index-system-modules

CompileSwift normal x86_64 /Users/sergejhlystov/ALADDIN_NEW/ALADDIN_NEW/mobile_apps/ALADDIN_iOS/Screens/03_VPNScreen.swift (in target 'ALADDIN' from project 'ALADDIN')
    cd /Users/sergejhlystov/ALADDIN_NEW/ALADDIN_NEW/mobile_apps/ALADDIN_iOS
    /Applications/Xcode.app/Contents/Developer/Toolchains/XcodeDefault.xctoolchain/usr/bin/swift-frontend -frontend -c /Users/sergejhlystov/ALADDIN_NEW/ALADDIN_NEW/mobile_apps/ALADDIN_iOS/Screens/RewardsQuickModal.swift /Users/sergejhlystov/ALADDIN_NEW/ALADDIN_NEW/mobile_apps/ALADDIN_iOS/Screens/08_ChildInterfaceScreen.swift /Users/sergejhlystov/ALADDIN_NEW/ALADDIN_NEW/mobile_apps/ALADDIN_iOS/ContentView.swift /Users/sergejhlystov/ALADDIN_NEW/ALADDIN_NEW/mobile_apps/ALADDIN_iOS/Shared/Components/ALADDINToggle.swift /Users/sergejhlystov/ALADDIN_NEW/ALADDIN_NEW/mobile_apps/ALADDIN_iOS/Components/Modals/AgeGroupSelectionModal.swift /Users/sergejhlystov/ALADDIN_NEW/ALADDIN_NEW/mobile_apps/ALADDIN_iOS/ALADDINApp.swift /Users/sergejhlystov/ALADDIN_NEW/ALADDIN_NEW/mobile_apps/ALADDIN_iOS/Shared/Models/FunctionStatus.swift /Users/sergejhlystov/ALADDIN_NEW/ALADDIN_NEW/mobile_apps/ALADDIN_iOS/ViewModels/MainViewModel.swift /Users/sergejhlystov/ALADDIN_NEW/ALADDIN_NEW/mobile_apps/ALADDIN_iOS/Shared/Components/Buttons/PrimaryButton.swift /Users/sergejhlystov/ALADDIN_NEW/ALADDIN_NEW/mobile_apps/ALADDIN_iOS/Screens/NotificationSettingsScreen.swift /Users/sergejhlystov/ALADDIN_NEW/ALADDIN_NEW/mobile_apps/ALADDIN_iOS/Screens/ChildContentScreen.swift /Users/sergejhlystov/ALADDIN_NEW/ALADDIN_NEW/mobile_apps/ALADDIN_iOS/Shared/Components/StatItem.swift -primary-file /Users/sergejhlystov/ALADDIN_NEW/ALADDIN_NEW/mobile_apps/ALADDIN_iOS/Shared/Components/Cards/FamilyMemberCard.swift -primary-file /Users/sergejhlystov/ALADDIN_NEW/ALADDIN_NEW/mobile_apps/ALADDIN_iOS/ViewModels/VPNViewModel.swift -primary-file /Users/sergejhlystov/ALADDIN_NEW/ALADDIN_NEW/mobile_apps/ALADDIN_iOS/Core/Models/APIModels.swift -primary-file /Users/sergejhlystov/ALADDIN_NEW/ALADDIN_NEW/mobile_apps/ALADDIN_iOS/Core/VPN/VPNManager.swift -primary-file /Users/sergejhlystov/ALADDIN_NEW/ALADDIN_NEW/mobile_apps/ALADDIN_iOS/Screens/UnicornPetView.swift -primary-file /Users/sergejhlystov/ALADDIN_NEW/ALADDIN_NEW/mobile_apps/ALADDIN_iOS/Core/Network/APIService.swift -primary-file /Users/sergejhlystov/ALADDIN_NEW/ALADDIN_NEW/mobile_apps/ALADDIN_iOS/Screens/18_PrivacyPolicyScreen.swift -primary-file /Users/sergejhlystov/ALADDIN_NEW/ALADDIN_NEW/mobile_apps/ALADDIN_iOS/Screens/10_TariffsScreen.swift -primary-file /Users/sergejhlystov/ALADDIN_NEW/ALADDIN_NEW/mobile_apps/ALADDIN_iOS/Screens/03_VPNScreen.swift -primary-file /Users/sergejhlystov/ALADDIN_NEW/ALADDIN_NEW/mobile_apps/ALADDIN_iOS/Screens/09_ElderlyInterfaceScreen.swift -primary-file /Users/sergejhlystov/ALADDIN_NEW/ALADDIN_NEW/mobile_apps/ALADDIN_iOS/Shared/Components/SecondaryButton.swift -primary-file /Users/sergejhlystov/ALADDIN_NEW/ALADDIN_NEW/mobile_apps/ALADDIN_iOS/Screens/11_ProfileScreen.swift /Users/sergejhlystov/ALADDIN_NEW/ALADDIN_NEW/mobile_apps/ALADDIN_iOS/Core/Network/NetworkManager.swift /Users/sergejhlystov/ALADDIN_NEW/ALADDIN_NEW/mobile_apps/ALADDIN_iOS/Screens/19_TermsOfServiceScreen.swift /Users/sergejhlystov/ALADDIN_NEW/ALADDIN_NEW/mobile_apps/ALADDIN_iOS/Core/Config/AppConfig.swift /Users/sergejhlystov/ALADDIN_NEW/ALADDIN_NEW/mobile_apps/ALADDIN_iOS/ViewModels/FamilyViewModel.swift /Users/sergejhlystov/ALADDIN_NEW/ALADDIN_NEW/mobile_apps/ALADDIN_iOS/ViewModels/AIAssistantViewModel.swift /Users/sergejhlystov/ALADDIN_NEW/ALADDIN_NEW/mobile_apps/ALADDIN_iOS/Screens/22_DeviceDetailScreen.swift /Users/sergejhlystov/ALADDIN_NEW/ALADDIN_NEW/mobile_apps/ALADDIN_iOS/Screens/WidgetConfigurationScreen.swift /Users/sergejhlystov/ALADDIN_NEW/ALADDIN_NEW/mobile_apps/ALADDIN_iOS/Core/Security/KeychainManager.swift /Users/sergejhlystov/ALADDIN_NEW/ALADDIN_NEW/mobile_apps/ALADDIN_iOS/Shared/Components/Modals/MemberStatsModalView.swift /Users/sergejhlystov/ALADDIN_NEW/ALADDIN_NEW/mobile_apps/ALADDIN_iOS/Shared/Styles/Spacing.swift /Users/sergejhlystov/ALADDIN_NEW/ALADDIN_NEW/mobile_apps/ALADDIN_iOS/Shared/Components/RecoveryOptionsModal.swift /Users/sergejhlystov/ALADDIN_NEW/ALADDIN_NEW/mobile_apps/ALADDIN_iOS/ViewModels/SettingsViewModel.swift /Users/sergejhlystov/ALADDIN_NEW/ALADDIN_NEW/mobile_apps/ALADDIN_iOS/Shared/Components/InfoRow.swift /Users/sergejhlystov/ALADDIN_NEW/ALADDIN_NEW/mobile_apps/ALADDIN_iOS/Screens/25_PaymentQRScreen.swift /Users/sergejhlystov/ALADDIN_NEW/ALADDIN_NEW/mobile_apps/ALADDIN_iOS/Shared/Components/Modals/RoleSelectionModal.swift /Users/sergejhlystov/ALADDIN_NEW/ALADDIN_NEW/mobile_apps/ALADDIN_iOS/ViewModels/SupportViewModel.swift /Users/sergejhlystov/ALADDIN_NEW/ALADDIN_NEW/mobile_apps/ALADDIN_iOS/ViewModels/ChildInterfaceViewModel.swift /Users/sergejhlystov/ALADDIN_NEW/ALADDIN_NEW/mobile_apps/ALADDIN_iOS/Screens/12_NotificationsScreen.swift /Users/sergejhlystov/ALADDIN_NEW/ALADDIN_NEW/mobile_apps/ALADDIN_iOS/ViewModels/ElderlyInterfaceViewModel.swift /Users/sergejhlystov/ALADDIN_NEW/ALADDIN_NEW/mobile_apps/ALADDIN_iOS/ViewModels/AnalyticsViewModel.swift /Users/sergejhlystov/ALADDIN_NEW/ALADDIN_NEW/mobile_apps/ALADDIN_iOS/Core/Cache/CacheManager.swift /Users/sergejhlystov/ALADDIN_NEW/ALADDIN_NEW/mobile_apps/ALADDIN_iOS/ViewModels/NotificationsViewModel.swift /Users/sergejhlystov/ALADDIN_NEW/ALADDIN_NEW/mobile_apps/ALADDIN_iOS/Screens/06_AIAssistantScreen.swift /Users/sergejhlystov/ALADDIN_NEW/ALADDIN_NEW/mobile_apps/ALADDIN_iOS/ViewModels/ProfileViewModel.swift /Users/sergejhlystov/ALADDIN_NEW/ALADDIN_NEW/mobile_apps/ALADDIN_iOS/Components/Modals/ConsentModal.swift /Users/sergejhlystov/ALADDIN_NEW/ALADDIN_NEW/mobile_apps/ALADDIN_iOS/ViewModels/ParentalControlViewModel.swift /Users/sergejhlystov/ALADDIN_NEW/ALADDIN_NEW/mobile_apps/ALADDIN_iOS/ViewModels/OnboardingViewModel.swift /Users/sergejhlystov/ALADDIN_NEW/ALADDIN_NEW/mobile_apps/ALADDIN_iOS/Shared/Styles/Colors.swift /Users/sergejhlystov/ALADDIN_NEW/ALADDIN_NEW/mobile_apps/ALADDIN_iOS/Screens/ChildRewardsScreen.swift /Users/sergejhlystov/ALADDIN_NEW/ALADDIN_NEW/mobile_apps/ALADDIN_iOS/Screens/21_ReferralScreen.swift /Users/sergejhlystov/ALADDIN_NEW/ALADDIN_NEW/mobile_apps/ALADDIN_iOS/Shared/Components/AvatarSelector.swift /Users/sergejhlystov/ALADDIN_NEW/ALADDIN_NEW/mobile_apps/ALADDIN_iOS/Shared/Components/Navigation/ALADDINNavigationBar.swift /Users/sergejhlystov/ALADDIN_NEW/ALADDIN_NEW/mobile_apps/ALADDIN_iOS/Screens/14_OnboardingScreen.swift /Users/sergejhlystov/ALADDIN_NEW/ALADDIN_NEW/mobile_apps/ALADDIN_iOS/Components/Modals/FamilyCreatedModal.swift /Users/sergejhlystov/ALADDIN_NEW/ALADDIN_NEW/mobile_apps/ALADDIN_iOS/ViewModels/PaymentQRViewModel.swift /Users/sergejhlystov/ALADDIN_NEW/ALADDIN_NEW/mobile_apps/ALADDIN_iOS/Core/Navigation/NavigationManager.swift /Users/sergejhlystov/ALADDIN_NEW/ALADDIN_NEW/mobile_apps/ALADDIN_iOS/Core/Accessibility/AccessibilityManager.swift /Users/sergejhlystov/ALADDIN_NEW/ALADDIN_NEW/mobile_apps/ALADDIN_iOS/Core/Store/StoreManager.swift /Users/sergejhlystov/ALADDIN_NEW/ALADDIN_NEW/mobile_apps/ALADDIN_iOS/Screens/WheelOfFortuneView.swift /Users/sergejhlystov/ALADDIN_NEW/ALADDIN_NEW/mobile_apps/ALADDIN_iOS/Screens/UnicornUniverseView.swift /Users/sergejhlystov/ALADDIN_NEW/ALADDIN_NEW/mobile_apps/ALADDIN_iOS/Core/Localization/LocalizationManager.swift /Users/sergejhlystov/ALADDIN_NEW/ALADDIN_NEW/mobile_apps/ALADDIN_iOS/Screens/13_SupportScreen.swift /Users/sergejhlystov/ALADDIN_NEW/ALADDIN_NEW/mobile_apps/ALADDIN_iOS/Core/Analytics/AnalyticsManager.swift /Users/sergejhlystov/ALADDIN_NEW/ALADDIN_NEW/mobile_apps/ALADDIN_iOS/Screens/07_ParentalControlScreen.swift /Users/sergejhlystov/ALADDIN_NEW/ALADDIN_NEW/mobile_apps/ALADDIN_iOS/Screens/05_SettingsScreen.swift /Users/sergejhlystov/ALADDIN_NEW/ALADDIN_NEW/mobile_apps/ALADDIN_iOS/Screens/RewardsModalView.swift /Users/sergejhlystov/ALADDIN_NEW/ALADDIN_NEW/mobile_apps/ALADDIN_iOS/Screens/23_FamilyChatScreen.swift /Users/sergejhlystov/ALADDIN_NEW/ALADDIN_NEW/mobile_apps/ALADDIN_iOS/Screens/02_FamilyScreen.swift /Users/sergejhlystov/ALADDIN_NEW/ALADDIN_NEW/mobile_apps/ALADDIN_iOS/Screens/20_DevicesScreen.swift /Users/sergejhlystov/ALADDIN_NEW/ALADDIN_NEW/mobile_apps/ALADDIN_iOS/Shared/Components/ViewModifiers.swift /Users/sergejhlystov/ALADDIN_NEW/ALADDIN_NEW/mobile_apps/ALADDIN_iOS/Shared/Components/HapticFeedback.swift /Users/sergejhlystov/ALADDIN_NEW/ALADDIN_NEW/mobile_apps/ALADDIN_iOS/Screens/MainScreenWithRegistration.swift /Users/sergejhlystov/ALADDIN_NEW/ALADDIN_NEW/mobile_apps/ALADDIN_iOS/Core/Network/NetworkError.swift /Users/sergejhlystov/ALADDIN_NEW/ALADDIN_NEW/mobile_apps/ALADDIN_iOS/Screens/LanguageSettingsScreen.swift /Users/sergejhlystov/ALADDIN_NEW/ALADDIN_NEW/mobile_apps/ALADDIN_iOS/ViewModels/FamilyRegistrationViewModel.swift /Users/sergejhlystov/ALADDIN_NEW/ALADDIN_NEW/mobile_apps/ALADDIN_iOS/Shared/Styles/CornerRadius.swift /Users/sergejhlystov/ALADDIN_NEW/ALADDIN_NEW/mobile_apps/ALADDIN_iOS/Screens/01_MainScreen.swift /Users/sergejhlystov/ALADDIN_NEW/ALADDIN_NEW/mobile_apps/ALADDIN_iOS/Screens/FamilyTournamentView.swift /Users/sergejhlystov/ALADDIN_NEW/ALADDIN_NEW/mobile_apps/ALADDIN_iOS/Shared/Styles/Fonts.swift /Users/sergejhlystov/ALADDIN_NEW/ALADDIN_NEW/mobile_apps/ALADDIN_iOS/Screens/GamesParentalControlView.swift /Users/sergejhlystov/ALADDIN_NEW/ALADDIN_NEW/mobile_apps/ALADDIN_iOS/Shared/Components/QRScannerModal.swift /Users/sergejhlystov/ALADDIN_NEW/ALADDIN_NEW/mobile_apps/ALADDIN_iOS/Screens/04_AnalyticsScreen.swift /Users/sergejhlystov/ALADDIN_NEW/ALADDIN_NEW/mobile_apps/ALADDIN_iOS/Screens/24_VPNEnergyStatsScreen.swift /Users/sergejhlystov/ALADDIN_NEW/ALADDIN_NEW/mobile_apps/ALADDIN_iOS/Shared/Components/Modals/ProfileEditView.swift /Users/sergejhlystov/ALADDIN_NEW/ALADDIN_NEW/mobile_apps/ALADDIN_iOS/ViewModels/TariffsViewModel.swift /Users/sergejhlystov/ALADDIN_NEW/ALADDIN_NEW/mobile_apps/ALADDIN_iOS/Core/Notifications/NotificationManager.swift /Users/sergejhlystov/ALADDIN_NEW/ALADDIN_NEW/mobile_apps/ALADDIN_iOS/Core/Security/SecurityManager.swift -supplementary-output-file-map /var/folders/rf/6rxcyql17sz57_02ng7jd7pr0000gn/T/TemporaryDirectory.wFGpdC/supplementaryOutputs-2 -target x86_64-apple-ios15.0-simulator -enable-objc-interop -sdk /Applications/Xcode.app/Contents/Developer/Platforms/iPhoneSimulator.platform/Developer/SDKs/iPhoneSimulator15.2.sdk -I /Users/sergejhlystov/Library/Developer/Xcode/DerivedData/ALADDIN-eahryzmutvtbyceygnlyjsmiiaha/Build/Products/Debug-iphonesimulator -F /Users/sergejhlystov/Library/Developer/Xcode/DerivedData/ALADDIN-eahryzmutvtbyceygnlyjsmiiaha/Build/Products/Debug-iphonesimulator -enable-testing -g -module-cache-path /Users/sergejhlystov/Library/Developer/Xcode/DerivedData/ModuleCache.noindex -emit-localized-strings -emit-localized-strings-path /Users/sergejhlystov/Library/Developer/Xcode/DerivedData/ALADDIN-eahryzmutvtbyceygnlyjsmiiaha/Build/Intermediates.noindex/ALADDIN.build/Debug-iphonesimulator/ALADDIN.build/Objects-normal/x86_64 -swift-version 5 -enforce-exclusivity\=checked -Onone -D DEBUG -new-driver-path /Applications/Xcode.app/Contents/Developer/Toolchains/XcodeDefault.xctoolchain/usr/bin/swift-driver -serialize-debugging-options -Xcc -working-directory -Xcc /Users/sergejhlystov/ALADDIN_NEW/ALADDIN_NEW/mobile_apps/ALADDIN_iOS -resource-dir /Applications/Xcode.app/Contents/Developer/Toolchains/XcodeDefault.xctoolchain/usr/lib/swift -enable-anonymous-context-mangled-names -Xcc -I/Users/sergejhlystov/Library/Developer/Xcode/DerivedData/ALADDIN-eahryzmutvtbyceygnlyjsmiiaha/Build/Intermediates.noindex/ALADDIN.build/Debug-iphonesimulator/ALADDIN.build/swift-overrides.hmap -Xcc -iquote -Xcc /Users/sergejhlystov/Library/Developer/Xcode/DerivedData/ALADDIN-eahryzmutvtbyceygnlyjsmiiaha/Build/Intermediates.noindex/ALADDIN.build/Debug-iphonesimulator/ALADDIN.build/ALADDIN-generated-files.hmap -Xcc -I/Users/sergejhlystov/Library/Developer/Xcode/DerivedData/ALADDIN-eahryzmutvtbyceygnlyjsmiiaha/Build/Intermediates.noindex/ALADDIN.build/Debug-iphonesimulator/ALADDIN.build/ALADDIN-own-target-headers.hmap -Xcc -I/Users/sergejhlystov/Library/Developer/Xcode/DerivedData/ALADDIN-eahryzmutvtbyceygnlyjsmiiaha/Build/Intermediates.noindex/ALADDIN.build/Debug-iphonesimulator/ALADDIN.build/ALADDIN-all-target-headers.hmap -Xcc -iquote -Xcc /Users/sergejhlystov/Library/Developer/Xcode/DerivedData/ALADDIN-eahryzmutvtbyceygnlyjsmiiaha/Build/Intermediates.noindex/ALADDIN.build/Debug-iphonesimulator/ALADDIN.build/ALADDIN-project-headers.hmap -Xcc -I/Users/sergejhlystov/Library/Developer/Xcode/DerivedData/ALADDIN-eahryzmutvtbyceygnlyjsmiiaha/Build/Products/Debug-iphonesimulator/include -Xcc -I/Users/sergejhlystov/Library/Developer/Xcode/DerivedData/ALADDIN-eahryzmutvtbyceygnlyjsmiiaha/Build/Intermediates.noindex/ALADDIN.build/Debug-iphonesimulator/ALADDIN.build/DerivedSources-normal/x86_64 -Xcc -I/Users/sergejhlystov/Library/Developer/Xcode/DerivedData/ALADDIN-eahryzmutvtbyceygnlyjsmiiaha/Build/Intermediates.noindex/ALADDIN.build/Debug-iphonesimulator/ALADDIN.build/DerivedSources/x86_64 -Xcc -I/Users/sergejhlystov/Library/Developer/Xcode/DerivedData/ALADDIN-eahryzmutvtbyceygnlyjsmiiaha/Build/Intermediates.noindex/ALADDIN.build/Debug-iphonesimulator/ALADDIN.build/DerivedSources -Xcc -DDEBUG\=1 -module-name ALADDIN -target-sdk-version 15.2.0 -o /Users/sergejhlystov/Library/Developer/Xcode/DerivedData/ALADDIN-eahryzmutvtbyceygnlyjsmiiaha/Build/Intermediates.noindex/ALADDIN.build/Debug-iphonesimulator/ALADDIN.build/Objects-normal/x86_64/FamilyMemberCard.o -o /Users/sergejhlystov/Library/Developer/Xcode/DerivedData/ALADDIN-eahryzmutvtbyceygnlyjsmiiaha/Build/Intermediates.noindex/ALADDIN.build/Debug-iphonesimulator/ALADDIN.build/Objects-normal/x86_64/VPNViewModel.o -o /Users/sergejhlystov/Library/Developer/Xcode/DerivedData/ALADDIN-eahryzmutvtbyceygnlyjsmiiaha/Build/Intermediates.noindex/ALADDIN.build/Debug-iphonesimulator/ALADDIN.build/Objects-normal/x86_64/APIModels.o -o /Users/sergejhlystov/Library/Developer/Xcode/DerivedData/ALADDIN-eahryzmutvtbyceygnlyjsmiiaha/Build/Intermediates.noindex/ALADDIN.build/Debug-iphonesimulator/ALADDIN.build/Objects-normal/x86_64/VPNManager.o -o /Users/sergejhlystov/Library/Developer/Xcode/DerivedData/ALADDIN-eahryzmutvtbyceygnlyjsmiiaha/Build/Intermediates.noindex/ALADDIN.build/Debug-iphonesimulator/ALADDIN.build/Objects-normal/x86_64/UnicornPetView.o -o /Users/sergejhlystov/Library/Developer/Xcode/DerivedData/ALADDIN-eahryzmutvtbyceygnlyjsmiiaha/Build/Intermediates.noindex/ALADDIN.build/Debug-iphonesimulator/ALADDIN.build/Objects-normal/x86_64/APIService.o -o /Users/sergejhlystov/Library/Developer/Xcode/DerivedData/ALADDIN-eahryzmutvtbyceygnlyjsmiiaha/Build/Intermediates.noindex/ALADDIN.build/Debug-iphonesimulator/ALADDIN.build/Objects-normal/x86_64/18_PrivacyPolicyScreen.o -o /Users/sergejhlystov/Library/Developer/Xcode/DerivedData/ALADDIN-eahryzmutvtbyceygnlyjsmiiaha/Build/Intermediates.noindex/ALADDIN.build/Debug-iphonesimulator/ALADDIN.build/Objects-normal/x86_64/10_TariffsScreen.o -o /Users/sergejhlystov/Library/Developer/Xcode/DerivedData/ALADDIN-eahryzmutvtbyceygnlyjsmiiaha/Build/Intermediates.noindex/ALADDIN.build/Debug-iphonesimulator/ALADDIN.build/Objects-normal/x86_64/03_VPNScreen.o -o /Users/sergejhlystov/Library/Developer/Xcode/DerivedData/ALADDIN-eahryzmutvtbyceygnlyjsmiiaha/Build/Intermediates.noindex/ALADDIN.build/Debug-iphonesimulator/ALADDIN.build/Objects-normal/x86_64/09_ElderlyInterfaceScreen.o -o /Users/sergejhlystov/Library/Developer/Xcode/DerivedData/ALADDIN-eahryzmutvtbyceygnlyjsmiiaha/Build/Intermediates.noindex/ALADDIN.build/Debug-iphonesimulator/ALADDIN.build/Objects-normal/x86_64/SecondaryButton.o -o /Users/sergejhlystov/Library/Developer/Xcode/DerivedData/ALADDIN-eahryzmutvtbyceygnlyjsmiiaha/Build/Intermediates.noindex/ALADDIN.build/Debug-iphonesimulator/ALADDIN.build/Objects-normal/x86_64/11_ProfileScreen.o -index-store-path /Users/sergejhlystov/Library/Developer/Xcode/DerivedData/ALADDIN-eahryzmutvtbyceygnlyjsmiiaha/Index/DataStore -index-system-modules

CompileSwift normal x86_64 /Users/sergejhlystov/ALADDIN_NEW/ALADDIN_NEW/mobile_apps/ALADDIN_iOS/Screens/09_ElderlyInterfaceScreen.swift (in target 'ALADDIN' from project 'ALADDIN')
    cd /Users/sergejhlystov/ALADDIN_NEW/ALADDIN_NEW/mobile_apps/ALADDIN_iOS
    /Applications/Xcode.app/Contents/Developer/Toolchains/XcodeDefault.xctoolchain/usr/bin/swift-frontend -frontend -c /Users/sergejhlystov/ALADDIN_NEW/ALADDIN_NEW/mobile_apps/ALADDIN_iOS/Screens/RewardsQuickModal.swift /Users/sergejhlystov/ALADDIN_NEW/ALADDIN_NEW/mobile_apps/ALADDIN_iOS/Screens/08_ChildInterfaceScreen.swift /Users/sergejhlystov/ALADDIN_NEW/ALADDIN_NEW/mobile_apps/ALADDIN_iOS/ContentView.swift /Users/sergejhlystov/ALADDIN_NEW/ALADDIN_NEW/mobile_apps/ALADDIN_iOS/Shared/Components/ALADDINToggle.swift /Users/sergejhlystov/ALADDIN_NEW/ALADDIN_NEW/mobile_apps/ALADDIN_iOS/Components/Modals/AgeGroupSelectionModal.swift /Users/sergejhlystov/ALADDIN_NEW/ALADDIN_NEW/mobile_apps/ALADDIN_iOS/ALADDINApp.swift /Users/sergejhlystov/ALADDIN_NEW/ALADDIN_NEW/mobile_apps/ALADDIN_iOS/Shared/Models/FunctionStatus.swift /Users/sergejhlystov/ALADDIN_NEW/ALADDIN_NEW/mobile_apps/ALADDIN_iOS/ViewModels/MainViewModel.swift /Users/sergejhlystov/ALADDIN_NEW/ALADDIN_NEW/mobile_apps/ALADDIN_iOS/Shared/Components/Buttons/PrimaryButton.swift /Users/sergejhlystov/ALADDIN_NEW/ALADDIN_NEW/mobile_apps/ALADDIN_iOS/Screens/NotificationSettingsScreen.swift /Users/sergejhlystov/ALADDIN_NEW/ALADDIN_NEW/mobile_apps/ALADDIN_iOS/Screens/ChildContentScreen.swift /Users/sergejhlystov/ALADDIN_NEW/ALADDIN_NEW/mobile_apps/ALADDIN_iOS/Shared/Components/StatItem.swift -primary-file /Users/sergejhlystov/ALADDIN_NEW/ALADDIN_NEW/mobile_apps/ALADDIN_iOS/Shared/Components/Cards/FamilyMemberCard.swift -primary-file /Users/sergejhlystov/ALADDIN_NEW/ALADDIN_NEW/mobile_apps/ALADDIN_iOS/ViewModels/VPNViewModel.swift -primary-file /Users/sergejhlystov/ALADDIN_NEW/ALADDIN_NEW/mobile_apps/ALADDIN_iOS/Core/Models/APIModels.swift -primary-file /Users/sergejhlystov/ALADDIN_NEW/ALADDIN_NEW/mobile_apps/ALADDIN_iOS/Core/VPN/VPNManager.swift -primary-file /Users/sergejhlystov/ALADDIN_NEW/ALADDIN_NEW/mobile_apps/ALADDIN_iOS/Screens/UnicornPetView.swift -primary-file /Users/sergejhlystov/ALADDIN_NEW/ALADDIN_NEW/mobile_apps/ALADDIN_iOS/Core/Network/APIService.swift -primary-file /Users/sergejhlystov/ALADDIN_NEW/ALADDIN_NEW/mobile_apps/ALADDIN_iOS/Screens/18_PrivacyPolicyScreen.swift -primary-file /Users/sergejhlystov/ALADDIN_NEW/ALADDIN_NEW/mobile_apps/ALADDIN_iOS/Screens/10_TariffsScreen.swift -primary-file /Users/sergejhlystov/ALADDIN_NEW/ALADDIN_NEW/mobile_apps/ALADDIN_iOS/Screens/03_VPNScreen.swift -primary-file /Users/sergejhlystov/ALADDIN_NEW/ALADDIN_NEW/mobile_apps/ALADDIN_iOS/Screens/09_ElderlyInterfaceScreen.swift -primary-file /Users/sergejhlystov/ALADDIN_NEW/ALADDIN_NEW/mobile_apps/ALADDIN_iOS/Shared/Components/SecondaryButton.swift -primary-file /Users/sergejhlystov/ALADDIN_NEW/ALADDIN_NEW/mobile_apps/ALADDIN_iOS/Screens/11_ProfileScreen.swift /Users/sergejhlystov/ALADDIN_NEW/ALADDIN_NEW/mobile_apps/ALADDIN_iOS/Core/Network/NetworkManager.swift /Users/sergejhlystov/ALADDIN_NEW/ALADDIN_NEW/mobile_apps/ALADDIN_iOS/Screens/19_TermsOfServiceScreen.swift /Users/sergejhlystov/ALADDIN_NEW/ALADDIN_NEW/mobile_apps/ALADDIN_iOS/Core/Config/AppConfig.swift /Users/sergejhlystov/ALADDIN_NEW/ALADDIN_NEW/mobile_apps/ALADDIN_iOS/ViewModels/FamilyViewModel.swift /Users/sergejhlystov/ALADDIN_NEW/ALADDIN_NEW/mobile_apps/ALADDIN_iOS/ViewModels/AIAssistantViewModel.swift /Users/sergejhlystov/ALADDIN_NEW/ALADDIN_NEW/mobile_apps/ALADDIN_iOS/Screens/22_DeviceDetailScreen.swift /Users/sergejhlystov/ALADDIN_NEW/ALADDIN_NEW/mobile_apps/ALADDIN_iOS/Screens/WidgetConfigurationScreen.swift /Users/sergejhlystov/ALADDIN_NEW/ALADDIN_NEW/mobile_apps/ALADDIN_iOS/Core/Security/KeychainManager.swift /Users/sergejhlystov/ALADDIN_NEW/ALADDIN_NEW/mobile_apps/ALADDIN_iOS/Shared/Components/Modals/MemberStatsModalView.swift /Users/sergejhlystov/ALADDIN_NEW/ALADDIN_NEW/mobile_apps/ALADDIN_iOS/Shared/Styles/Spacing.swift /Users/sergejhlystov/ALADDIN_NEW/ALADDIN_NEW/mobile_apps/ALADDIN_iOS/Shared/Components/RecoveryOptionsModal.swift /Users/sergejhlystov/ALADDIN_NEW/ALADDIN_NEW/mobile_apps/ALADDIN_iOS/ViewModels/SettingsViewModel.swift /Users/sergejhlystov/ALADDIN_NEW/ALADDIN_NEW/mobile_apps/ALADDIN_iOS/Shared/Components/InfoRow.swift /Users/sergejhlystov/ALADDIN_NEW/ALADDIN_NEW/mobile_apps/ALADDIN_iOS/Screens/25_PaymentQRScreen.swift /Users/sergejhlystov/ALADDIN_NEW/ALADDIN_NEW/mobile_apps/ALADDIN_iOS/Shared/Components/Modals/RoleSelectionModal.swift /Users/sergejhlystov/ALADDIN_NEW/ALADDIN_NEW/mobile_apps/ALADDIN_iOS/ViewModels/SupportViewModel.swift /Users/sergejhlystov/ALADDIN_NEW/ALADDIN_NEW/mobile_apps/ALADDIN_iOS/ViewModels/ChildInterfaceViewModel.swift /Users/sergejhlystov/ALADDIN_NEW/ALADDIN_NEW/mobile_apps/ALADDIN_iOS/Screens/12_NotificationsScreen.swift /Users/sergejhlystov/ALADDIN_NEW/ALADDIN_NEW/mobile_apps/ALADDIN_iOS/ViewModels/ElderlyInterfaceViewModel.swift /Users/sergejhlystov/ALADDIN_NEW/ALADDIN_NEW/mobile_apps/ALADDIN_iOS/ViewModels/AnalyticsViewModel.swift /Users/sergejhlystov/ALADDIN_NEW/ALADDIN_NEW/mobile_apps/ALADDIN_iOS/Core/Cache/CacheManager.swift /Users/sergejhlystov/ALADDIN_NEW/ALADDIN_NEW/mobile_apps/ALADDIN_iOS/ViewModels/NotificationsViewModel.swift /Users/sergejhlystov/ALADDIN_NEW/ALADDIN_NEW/mobile_apps/ALADDIN_iOS/Screens/06_AIAssistantScreen.swift /Users/sergejhlystov/ALADDIN_NEW/ALADDIN_NEW/mobile_apps/ALADDIN_iOS/ViewModels/ProfileViewModel.swift /Users/sergejhlystov/ALADDIN_NEW/ALADDIN_NEW/mobile_apps/ALADDIN_iOS/Components/Modals/ConsentModal.swift /Users/sergejhlystov/ALADDIN_NEW/ALADDIN_NEW/mobile_apps/ALADDIN_iOS/ViewModels/ParentalControlViewModel.swift /Users/sergejhlystov/ALADDIN_NEW/ALADDIN_NEW/mobile_apps/ALADDIN_iOS/ViewModels/OnboardingViewModel.swift /Users/sergejhlystov/ALADDIN_NEW/ALADDIN_NEW/mobile_apps/ALADDIN_iOS/Shared/Styles/Colors.swift /Users/sergejhlystov/ALADDIN_NEW/ALADDIN_NEW/mobile_apps/ALADDIN_iOS/Screens/ChildRewardsScreen.swift /Users/sergejhlystov/ALADDIN_NEW/ALADDIN_NEW/mobile_apps/ALADDIN_iOS/Screens/21_ReferralScreen.swift /Users/sergejhlystov/ALADDIN_NEW/ALADDIN_NEW/mobile_apps/ALADDIN_iOS/Shared/Components/AvatarSelector.swift /Users/sergejhlystov/ALADDIN_NEW/ALADDIN_NEW/mobile_apps/ALADDIN_iOS/Shared/Components/Navigation/ALADDINNavigationBar.swift /Users/sergejhlystov/ALADDIN_NEW/ALADDIN_NEW/mobile_apps/ALADDIN_iOS/Screens/14_OnboardingScreen.swift /Users/sergejhlystov/ALADDIN_NEW/ALADDIN_NEW/mobile_apps/ALADDIN_iOS/Components/Modals/FamilyCreatedModal.swift /Users/sergejhlystov/ALADDIN_NEW/ALADDIN_NEW/mobile_apps/ALADDIN_iOS/ViewModels/PaymentQRViewModel.swift /Users/sergejhlystov/ALADDIN_NEW/ALADDIN_NEW/mobile_apps/ALADDIN_iOS/Core/Navigation/NavigationManager.swift /Users/sergejhlystov/ALADDIN_NEW/ALADDIN_NEW/mobile_apps/ALADDIN_iOS/Core/Accessibility/AccessibilityManager.swift /Users/sergejhlystov/ALADDIN_NEW/ALADDIN_NEW/mobile_apps/ALADDIN_iOS/Core/Store/StoreManager.swift /Users/sergejhlystov/ALADDIN_NEW/ALADDIN_NEW/mobile_apps/ALADDIN_iOS/Screens/WheelOfFortuneView.swift /Users/sergejhlystov/ALADDIN_NEW/ALADDIN_NEW/mobile_apps/ALADDIN_iOS/Screens/UnicornUniverseView.swift /Users/sergejhlystov/ALADDIN_NEW/ALADDIN_NEW/mobile_apps/ALADDIN_iOS/Core/Localization/LocalizationManager.swift /Users/sergejhlystov/ALADDIN_NEW/ALADDIN_NEW/mobile_apps/ALADDIN_iOS/Screens/13_SupportScreen.swift /Users/sergejhlystov/ALADDIN_NEW/ALADDIN_NEW/mobile_apps/ALADDIN_iOS/Core/Analytics/AnalyticsManager.swift /Users/sergejhlystov/ALADDIN_NEW/ALADDIN_NEW/mobile_apps/ALADDIN_iOS/Screens/07_ParentalControlScreen.swift /Users/sergejhlystov/ALADDIN_NEW/ALADDIN_NEW/mobile_apps/ALADDIN_iOS/Screens/05_SettingsScreen.swift /Users/sergejhlystov/ALADDIN_NEW/ALADDIN_NEW/mobile_apps/ALADDIN_iOS/Screens/RewardsModalView.swift /Users/sergejhlystov/ALADDIN_NEW/ALADDIN_NEW/mobile_apps/ALADDIN_iOS/Screens/23_FamilyChatScreen.swift /Users/sergejhlystov/ALADDIN_NEW/ALADDIN_NEW/mobile_apps/ALADDIN_iOS/Screens/02_FamilyScreen.swift /Users/sergejhlystov/ALADDIN_NEW/ALADDIN_NEW/mobile_apps/ALADDIN_iOS/Screens/20_DevicesScreen.swift /Users/sergejhlystov/ALADDIN_NEW/ALADDIN_NEW/mobile_apps/ALADDIN_iOS/Shared/Components/ViewModifiers.swift /Users/sergejhlystov/ALADDIN_NEW/ALADDIN_NEW/mobile_apps/ALADDIN_iOS/Shared/Components/HapticFeedback.swift /Users/sergejhlystov/ALADDIN_NEW/ALADDIN_NEW/mobile_apps/ALADDIN_iOS/Screens/MainScreenWithRegistration.swift /Users/sergejhlystov/ALADDIN_NEW/ALADDIN_NEW/mobile_apps/ALADDIN_iOS/Core/Network/NetworkError.swift /Users/sergejhlystov/ALADDIN_NEW/ALADDIN_NEW/mobile_apps/ALADDIN_iOS/Screens/LanguageSettingsScreen.swift /Users/sergejhlystov/ALADDIN_NEW/ALADDIN_NEW/mobile_apps/ALADDIN_iOS/ViewModels/FamilyRegistrationViewModel.swift /Users/sergejhlystov/ALADDIN_NEW/ALADDIN_NEW/mobile_apps/ALADDIN_iOS/Shared/Styles/CornerRadius.swift /Users/sergejhlystov/ALADDIN_NEW/ALADDIN_NEW/mobile_apps/ALADDIN_iOS/Screens/01_MainScreen.swift /Users/sergejhlystov/ALADDIN_NEW/ALADDIN_NEW/mobile_apps/ALADDIN_iOS/Screens/FamilyTournamentView.swift /Users/sergejhlystov/ALADDIN_NEW/ALADDIN_NEW/mobile_apps/ALADDIN_iOS/Shared/Styles/Fonts.swift /Users/sergejhlystov/ALADDIN_NEW/ALADDIN_NEW/mobile_apps/ALADDIN_iOS/Screens/GamesParentalControlView.swift /Users/sergejhlystov/ALADDIN_NEW/ALADDIN_NEW/mobile_apps/ALADDIN_iOS/Shared/Components/QRScannerModal.swift /Users/sergejhlystov/ALADDIN_NEW/ALADDIN_NEW/mobile_apps/ALADDIN_iOS/Screens/04_AnalyticsScreen.swift /Users/sergejhlystov/ALADDIN_NEW/ALADDIN_NEW/mobile_apps/ALADDIN_iOS/Screens/24_VPNEnergyStatsScreen.swift /Users/sergejhlystov/ALADDIN_NEW/ALADDIN_NEW/mobile_apps/ALADDIN_iOS/Shared/Components/Modals/ProfileEditView.swift /Users/sergejhlystov/ALADDIN_NEW/ALADDIN_NEW/mobile_apps/ALADDIN_iOS/ViewModels/TariffsViewModel.swift /Users/sergejhlystov/ALADDIN_NEW/ALADDIN_NEW/mobile_apps/ALADDIN_iOS/Core/Notifications/NotificationManager.swift /Users/sergejhlystov/ALADDIN_NEW/ALADDIN_NEW/mobile_apps/ALADDIN_iOS/Core/Security/SecurityManager.swift -supplementary-output-file-map /var/folders/rf/6rxcyql17sz57_02ng7jd7pr0000gn/T/TemporaryDirectory.wFGpdC/supplementaryOutputs-2 -target x86_64-apple-ios15.0-simulator -enable-objc-interop -sdk /Applications/Xcode.app/Contents/Developer/Platforms/iPhoneSimulator.platform/Developer/SDKs/iPhoneSimulator15.2.sdk -I /Users/sergejhlystov/Library/Developer/Xcode/DerivedData/ALADDIN-eahryzmutvtbyceygnlyjsmiiaha/Build/Products/Debug-iphonesimulator -F /Users/sergejhlystov/Library/Developer/Xcode/DerivedData/ALADDIN-eahryzmutvtbyceygnlyjsmiiaha/Build/Products/Debug-iphonesimulator -enable-testing -g -module-cache-path /Users/sergejhlystov/Library/Developer/Xcode/DerivedData/ModuleCache.noindex -emit-localized-strings -emit-localized-strings-path /Users/sergejhlystov/Library/Developer/Xcode/DerivedData/ALADDIN-eahryzmutvtbyceygnlyjsmiiaha/Build/Intermediates.noindex/ALADDIN.build/Debug-iphonesimulator/ALADDIN.build/Objects-normal/x86_64 -swift-version 5 -enforce-exclusivity\=checked -Onone -D DEBUG -new-driver-path /Applications/Xcode.app/Contents/Developer/Toolchains/XcodeDefault.xctoolchain/usr/bin/swift-driver -serialize-debugging-options -Xcc -working-directory -Xcc /Users/sergejhlystov/ALADDIN_NEW/ALADDIN_NEW/mobile_apps/ALADDIN_iOS -resource-dir /Applications/Xcode.app/Contents/Developer/Toolchains/XcodeDefault.xctoolchain/usr/lib/swift -enable-anonymous-context-mangled-names -Xcc -I/Users/sergejhlystov/Library/Developer/Xcode/DerivedData/ALADDIN-eahryzmutvtbyceygnlyjsmiiaha/Build/Intermediates.noindex/ALADDIN.build/Debug-iphonesimulator/ALADDIN.build/swift-overrides.hmap -Xcc -iquote -Xcc /Users/sergejhlystov/Library/Developer/Xcode/DerivedData/ALADDIN-eahryzmutvtbyceygnlyjsmiiaha/Build/Intermediates.noindex/ALADDIN.build/Debug-iphonesimulator/ALADDIN.build/ALADDIN-generated-files.hmap -Xcc -I/Users/sergejhlystov/Library/Developer/Xcode/DerivedData/ALADDIN-eahryzmutvtbyceygnlyjsmiiaha/Build/Intermediates.noindex/ALADDIN.build/Debug-iphonesimulator/ALADDIN.build/ALADDIN-own-target-headers.hmap -Xcc -I/Users/sergejhlystov/Library/Developer/Xcode/DerivedData/ALADDIN-eahryzmutvtbyceygnlyjsmiiaha/Build/Intermediates.noindex/ALADDIN.build/Debug-iphonesimulator/ALADDIN.build/ALADDIN-all-target-headers.hmap -Xcc -iquote -Xcc /Users/sergejhlystov/Library/Developer/Xcode/DerivedData/ALADDIN-eahryzmutvtbyceygnlyjsmiiaha/Build/Intermediates.noindex/ALADDIN.build/Debug-iphonesimulator/ALADDIN.build/ALADDIN-project-headers.hmap -Xcc -I/Users/sergejhlystov/Library/Developer/Xcode/DerivedData/ALADDIN-eahryzmutvtbyceygnlyjsmiiaha/Build/Products/Debug-iphonesimulator/include -Xcc -I/Users/sergejhlystov/Library/Developer/Xcode/DerivedData/ALADDIN-eahryzmutvtbyceygnlyjsmiiaha/Build/Intermediates.noindex/ALADDIN.build/Debug-iphonesimulator/ALADDIN.build/DerivedSources-normal/x86_64 -Xcc -I/Users/sergejhlystov/Library/Developer/Xcode/DerivedData/ALADDIN-eahryzmutvtbyceygnlyjsmiiaha/Build/Intermediates.noindex/ALADDIN.build/Debug-iphonesimulator/ALADDIN.build/DerivedSources/x86_64 -Xcc -I/Users/sergejhlystov/Library/Developer/Xcode/DerivedData/ALADDIN-eahryzmutvtbyceygnlyjsmiiaha/Build/Intermediates.noindex/ALADDIN.build/Debug-iphonesimulator/ALADDIN.build/DerivedSources -Xcc -DDEBUG\=1 -module-name ALADDIN -target-sdk-version 15.2.0 -o /Users/sergejhlystov/Library/Developer/Xcode/DerivedData/ALADDIN-eahryzmutvtbyceygnlyjsmiiaha/Build/Intermediates.noindex/ALADDIN.build/Debug-iphonesimulator/ALADDIN.build/Objects-normal/x86_64/FamilyMemberCard.o -o /Users/sergejhlystov/Library/Developer/Xcode/DerivedData/ALADDIN-eahryzmutvtbyceygnlyjsmiiaha/Build/Intermediates.noindex/ALADDIN.build/Debug-iphonesimulator/ALADDIN.build/Objects-normal/x86_64/VPNViewModel.o -o /Users/sergejhlystov/Library/Developer/Xcode/DerivedData/ALADDIN-eahryzmutvtbyceygnlyjsmiiaha/Build/Intermediates.noindex/ALADDIN.build/Debug-iphonesimulator/ALADDIN.build/Objects-normal/x86_64/APIModels.o -o /Users/sergejhlystov/Library/Developer/Xcode/DerivedData/ALADDIN-eahryzmutvtbyceygnlyjsmiiaha/Build/Intermediates.noindex/ALADDIN.build/Debug-iphonesimulator/ALADDIN.build/Objects-normal/x86_64/VPNManager.o -o /Users/sergejhlystov/Library/Developer/Xcode/DerivedData/ALADDIN-eahryzmutvtbyceygnlyjsmiiaha/Build/Intermediates.noindex/ALADDIN.build/Debug-iphonesimulator/ALADDIN.build/Objects-normal/x86_64/UnicornPetView.o -o /Users/sergejhlystov/Library/Developer/Xcode/DerivedData/ALADDIN-eahryzmutvtbyceygnlyjsmiiaha/Build/Intermediates.noindex/ALADDIN.build/Debug-iphonesimulator/ALADDIN.build/Objects-normal/x86_64/APIService.o -o /Users/sergejhlystov/Library/Developer/Xcode/DerivedData/ALADDIN-eahryzmutvtbyceygnlyjsmiiaha/Build/Intermediates.noindex/ALADDIN.build/Debug-iphonesimulator/ALADDIN.build/Objects-normal/x86_64/18_PrivacyPolicyScreen.o -o /Users/sergejhlystov/Library/Developer/Xcode/DerivedData/ALADDIN-eahryzmutvtbyceygnlyjsmiiaha/Build/Intermediates.noindex/ALADDIN.build/Debug-iphonesimulator/ALADDIN.build/Objects-normal/x86_64/10_TariffsScreen.o -o /Users/sergejhlystov/Library/Developer/Xcode/DerivedData/ALADDIN-eahryzmutvtbyceygnlyjsmiiaha/Build/Intermediates.noindex/ALADDIN.build/Debug-iphonesimulator/ALADDIN.build/Objects-normal/x86_64/03_VPNScreen.o -o /Users/sergejhlystov/Library/Developer/Xcode/DerivedData/ALADDIN-eahryzmutvtbyceygnlyjsmiiaha/Build/Intermediates.noindex/ALADDIN.build/Debug-iphonesimulator/ALADDIN.build/Objects-normal/x86_64/09_ElderlyInterfaceScreen.o -o /Users/sergejhlystov/Library/Developer/Xcode/DerivedData/ALADDIN-eahryzmutvtbyceygnlyjsmiiaha/Build/Intermediates.noindex/ALADDIN.build/Debug-iphonesimulator/ALADDIN.build/Objects-normal/x86_64/SecondaryButton.o -o /Users/sergejhlystov/Library/Developer/Xcode/DerivedData/ALADDIN-eahryzmutvtbyceygnlyjsmiiaha/Build/Intermediates.noindex/ALADDIN.build/Debug-iphonesimulator/ALADDIN.build/Objects-normal/x86_64/11_ProfileScreen.o -index-store-path /Users/sergejhlystov/Library/Developer/Xcode/DerivedData/ALADDIN-eahryzmutvtbyceygnlyjsmiiaha/Index/DataStore -index-system-modules

CompileSwift normal x86_64 /Users/sergejhlystov/ALADDIN_NEW/ALADDIN_NEW/mobile_apps/ALADDIN_iOS/Shared/Components/SecondaryButton.swift (in target 'ALADDIN' from project 'ALADDIN')
    cd /Users/sergejhlystov/ALADDIN_NEW/ALADDIN_NEW/mobile_apps/ALADDIN_iOS
    /Applications/Xcode.app/Contents/Developer/Toolchains/XcodeDefault.xctoolchain/usr/bin/swift-frontend -frontend -c /Users/sergejhlystov/ALADDIN_NEW/ALADDIN_NEW/mobile_apps/ALADDIN_iOS/Screens/RewardsQuickModal.swift /Users/sergejhlystov/ALADDIN_NEW/ALADDIN_NEW/mobile_apps/ALADDIN_iOS/Screens/08_ChildInterfaceScreen.swift /Users/sergejhlystov/ALADDIN_NEW/ALADDIN_NEW/mobile_apps/ALADDIN_iOS/ContentView.swift /Users/sergejhlystov/ALADDIN_NEW/ALADDIN_NEW/mobile_apps/ALADDIN_iOS/Shared/Components/ALADDINToggle.swift /Users/sergejhlystov/ALADDIN_NEW/ALADDIN_NEW/mobile_apps/ALADDIN_iOS/Components/Modals/AgeGroupSelectionModal.swift /Users/sergejhlystov/ALADDIN_NEW/ALADDIN_NEW/mobile_apps/ALADDIN_iOS/ALADDINApp.swift /Users/sergejhlystov/ALADDIN_NEW/ALADDIN_NEW/mobile_apps/ALADDIN_iOS/Shared/Models/FunctionStatus.swift /Users/sergejhlystov/ALADDIN_NEW/ALADDIN_NEW/mobile_apps/ALADDIN_iOS/ViewModels/MainViewModel.swift /Users/sergejhlystov/ALADDIN_NEW/ALADDIN_NEW/mobile_apps/ALADDIN_iOS/Shared/Components/Buttons/PrimaryButton.swift /Users/sergejhlystov/ALADDIN_NEW/ALADDIN_NEW/mobile_apps/ALADDIN_iOS/Screens/NotificationSettingsScreen.swift /Users/sergejhlystov/ALADDIN_NEW/ALADDIN_NEW/mobile_apps/ALADDIN_iOS/Screens/ChildContentScreen.swift /Users/sergejhlystov/ALADDIN_NEW/ALADDIN_NEW/mobile_apps/ALADDIN_iOS/Shared/Components/StatItem.swift -primary-file /Users/sergejhlystov/ALADDIN_NEW/ALADDIN_NEW/mobile_apps/ALADDIN_iOS/Shared/Components/Cards/FamilyMemberCard.swift -primary-file /Users/sergejhlystov/ALADDIN_NEW/ALADDIN_NEW/mobile_apps/ALADDIN_iOS/ViewModels/VPNViewModel.swift -primary-file /Users/sergejhlystov/ALADDIN_NEW/ALADDIN_NEW/mobile_apps/ALADDIN_iOS/Core/Models/APIModels.swift -primary-file /Users/sergejhlystov/ALADDIN_NEW/ALADDIN_NEW/mobile_apps/ALADDIN_iOS/Core/VPN/VPNManager.swift -primary-file /Users/sergejhlystov/ALADDIN_NEW/ALADDIN_NEW/mobile_apps/ALADDIN_iOS/Screens/UnicornPetView.swift -primary-file /Users/sergejhlystov/ALADDIN_NEW/ALADDIN_NEW/mobile_apps/ALADDIN_iOS/Core/Network/APIService.swift -primary-file /Users/sergejhlystov/ALADDIN_NEW/ALADDIN_NEW/mobile_apps/ALADDIN_iOS/Screens/18_PrivacyPolicyScreen.swift -primary-file /Users/sergejhlystov/ALADDIN_NEW/ALADDIN_NEW/mobile_apps/ALADDIN_iOS/Screens/10_TariffsScreen.swift -primary-file /Users/sergejhlystov/ALADDIN_NEW/ALADDIN_NEW/mobile_apps/ALADDIN_iOS/Screens/03_VPNScreen.swift -primary-file /Users/sergejhlystov/ALADDIN_NEW/ALADDIN_NEW/mobile_apps/ALADDIN_iOS/Screens/09_ElderlyInterfaceScreen.swift -primary-file /Users/sergejhlystov/ALADDIN_NEW/ALADDIN_NEW/mobile_apps/ALADDIN_iOS/Shared/Components/SecondaryButton.swift -primary-file /Users/sergejhlystov/ALADDIN_NEW/ALADDIN_NEW/mobile_apps/ALADDIN_iOS/Screens/11_ProfileScreen.swift /Users/sergejhlystov/ALADDIN_NEW/ALADDIN_NEW/mobile_apps/ALADDIN_iOS/Core/Network/NetworkManager.swift /Users/sergejhlystov/ALADDIN_NEW/ALADDIN_NEW/mobile_apps/ALADDIN_iOS/Screens/19_TermsOfServiceScreen.swift /Users/sergejhlystov/ALADDIN_NEW/ALADDIN_NEW/mobile_apps/ALADDIN_iOS/Core/Config/AppConfig.swift /Users/sergejhlystov/ALADDIN_NEW/ALADDIN_NEW/mobile_apps/ALADDIN_iOS/ViewModels/FamilyViewModel.swift /Users/sergejhlystov/ALADDIN_NEW/ALADDIN_NEW/mobile_apps/ALADDIN_iOS/ViewModels/AIAssistantViewModel.swift /Users/sergejhlystov/ALADDIN_NEW/ALADDIN_NEW/mobile_apps/ALADDIN_iOS/Screens/22_DeviceDetailScreen.swift /Users/sergejhlystov/ALADDIN_NEW/ALADDIN_NEW/mobile_apps/ALADDIN_iOS/Screens/WidgetConfigurationScreen.swift /Users/sergejhlystov/ALADDIN_NEW/ALADDIN_NEW/mobile_apps/ALADDIN_iOS/Core/Security/KeychainManager.swift /Users/sergejhlystov/ALADDIN_NEW/ALADDIN_NEW/mobile_apps/ALADDIN_iOS/Shared/Components/Modals/MemberStatsModalView.swift /Users/sergejhlystov/ALADDIN_NEW/ALADDIN_NEW/mobile_apps/ALADDIN_iOS/Shared/Styles/Spacing.swift /Users/sergejhlystov/ALADDIN_NEW/ALADDIN_NEW/mobile_apps/ALADDIN_iOS/Shared/Components/RecoveryOptionsModal.swift /Users/sergejhlystov/ALADDIN_NEW/ALADDIN_NEW/mobile_apps/ALADDIN_iOS/ViewModels/SettingsViewModel.swift /Users/sergejhlystov/ALADDIN_NEW/ALADDIN_NEW/mobile_apps/ALADDIN_iOS/Shared/Components/InfoRow.swift /Users/sergejhlystov/ALADDIN_NEW/ALADDIN_NEW/mobile_apps/ALADDIN_iOS/Screens/25_PaymentQRScreen.swift /Users/sergejhlystov/ALADDIN_NEW/ALADDIN_NEW/mobile_apps/ALADDIN_iOS/Shared/Components/Modals/RoleSelectionModal.swift /Users/sergejhlystov/ALADDIN_NEW/ALADDIN_NEW/mobile_apps/ALADDIN_iOS/ViewModels/SupportViewModel.swift /Users/sergejhlystov/ALADDIN_NEW/ALADDIN_NEW/mobile_apps/ALADDIN_iOS/ViewModels/ChildInterfaceViewModel.swift /Users/sergejhlystov/ALADDIN_NEW/ALADDIN_NEW/mobile_apps/ALADDIN_iOS/Screens/12_NotificationsScreen.swift /Users/sergejhlystov/ALADDIN_NEW/ALADDIN_NEW/mobile_apps/ALADDIN_iOS/ViewModels/ElderlyInterfaceViewModel.swift /Users/sergejhlystov/ALADDIN_NEW/ALADDIN_NEW/mobile_apps/ALADDIN_iOS/ViewModels/AnalyticsViewModel.swift /Users/sergejhlystov/ALADDIN_NEW/ALADDIN_NEW/mobile_apps/ALADDIN_iOS/Core/Cache/CacheManager.swift /Users/sergejhlystov/ALADDIN_NEW/ALADDIN_NEW/mobile_apps/ALADDIN_iOS/ViewModels/NotificationsViewModel.swift /Users/sergejhlystov/ALADDIN_NEW/ALADDIN_NEW/mobile_apps/ALADDIN_iOS/Screens/06_AIAssistantScreen.swift /Users/sergejhlystov/ALADDIN_NEW/ALADDIN_NEW/mobile_apps/ALADDIN_iOS/ViewModels/ProfileViewModel.swift /Users/sergejhlystov/ALADDIN_NEW/ALADDIN_NEW/mobile_apps/ALADDIN_iOS/Components/Modals/ConsentModal.swift /Users/sergejhlystov/ALADDIN_NEW/ALADDIN_NEW/mobile_apps/ALADDIN_iOS/ViewModels/ParentalControlViewModel.swift /Users/sergejhlystov/ALADDIN_NEW/ALADDIN_NEW/mobile_apps/ALADDIN_iOS/ViewModels/OnboardingViewModel.swift /Users/sergejhlystov/ALADDIN_NEW/ALADDIN_NEW/mobile_apps/ALADDIN_iOS/Shared/Styles/Colors.swift /Users/sergejhlystov/ALADDIN_NEW/ALADDIN_NEW/mobile_apps/ALADDIN_iOS/Screens/ChildRewardsScreen.swift /Users/sergejhlystov/ALADDIN_NEW/ALADDIN_NEW/mobile_apps/ALADDIN_iOS/Screens/21_ReferralScreen.swift /Users/sergejhlystov/ALADDIN_NEW/ALADDIN_NEW/mobile_apps/ALADDIN_iOS/Shared/Components/AvatarSelector.swift /Users/sergejhlystov/ALADDIN_NEW/ALADDIN_NEW/mobile_apps/ALADDIN_iOS/Shared/Components/Navigation/ALADDINNavigationBar.swift /Users/sergejhlystov/ALADDIN_NEW/ALADDIN_NEW/mobile_apps/ALADDIN_iOS/Screens/14_OnboardingScreen.swift /Users/sergejhlystov/ALADDIN_NEW/ALADDIN_NEW/mobile_apps/ALADDIN_iOS/Components/Modals/FamilyCreatedModal.swift /Users/sergejhlystov/ALADDIN_NEW/ALADDIN_NEW/mobile_apps/ALADDIN_iOS/ViewModels/PaymentQRViewModel.swift /Users/sergejhlystov/ALADDIN_NEW/ALADDIN_NEW/mobile_apps/ALADDIN_iOS/Core/Navigation/NavigationManager.swift /Users/sergejhlystov/ALADDIN_NEW/ALADDIN_NEW/mobile_apps/ALADDIN_iOS/Core/Accessibility/AccessibilityManager.swift /Users/sergejhlystov/ALADDIN_NEW/ALADDIN_NEW/mobile_apps/ALADDIN_iOS/Core/Store/StoreManager.swift /Users/sergejhlystov/ALADDIN_NEW/ALADDIN_NEW/mobile_apps/ALADDIN_iOS/Screens/WheelOfFortuneView.swift /Users/sergejhlystov/ALADDIN_NEW/ALADDIN_NEW/mobile_apps/ALADDIN_iOS/Screens/UnicornUniverseView.swift /Users/sergejhlystov/ALADDIN_NEW/ALADDIN_NEW/mobile_apps/ALADDIN_iOS/Core/Localization/LocalizationManager.swift /Users/sergejhlystov/ALADDIN_NEW/ALADDIN_NEW/mobile_apps/ALADDIN_iOS/Screens/13_SupportScreen.swift /Users/sergejhlystov/ALADDIN_NEW/ALADDIN_NEW/mobile_apps/ALADDIN_iOS/Core/Analytics/AnalyticsManager.swift /Users/sergejhlystov/ALADDIN_NEW/ALADDIN_NEW/mobile_apps/ALADDIN_iOS/Screens/07_ParentalControlScreen.swift /Users/sergejhlystov/ALADDIN_NEW/ALADDIN_NEW/mobile_apps/ALADDIN_iOS/Screens/05_SettingsScreen.swift /Users/sergejhlystov/ALADDIN_NEW/ALADDIN_NEW/mobile_apps/ALADDIN_iOS/Screens/RewardsModalView.swift /Users/sergejhlystov/ALADDIN_NEW/ALADDIN_NEW/mobile_apps/ALADDIN_iOS/Screens/23_FamilyChatScreen.swift /Users/sergejhlystov/ALADDIN_NEW/ALADDIN_NEW/mobile_apps/ALADDIN_iOS/Screens/02_FamilyScreen.swift /Users/sergejhlystov/ALADDIN_NEW/ALADDIN_NEW/mobile_apps/ALADDIN_iOS/Screens/20_DevicesScreen.swift /Users/sergejhlystov/ALADDIN_NEW/ALADDIN_NEW/mobile_apps/ALADDIN_iOS/Shared/Components/ViewModifiers.swift /Users/sergejhlystov/ALADDIN_NEW/ALADDIN_NEW/mobile_apps/ALADDIN_iOS/Shared/Components/HapticFeedback.swift /Users/sergejhlystov/ALADDIN_NEW/ALADDIN_NEW/mobile_apps/ALADDIN_iOS/Screens/MainScreenWithRegistration.swift /Users/sergejhlystov/ALADDIN_NEW/ALADDIN_NEW/mobile_apps/ALADDIN_iOS/Core/Network/NetworkError.swift /Users/sergejhlystov/ALADDIN_NEW/ALADDIN_NEW/mobile_apps/ALADDIN_iOS/Screens/LanguageSettingsScreen.swift /Users/sergejhlystov/ALADDIN_NEW/ALADDIN_NEW/mobile_apps/ALADDIN_iOS/ViewModels/FamilyRegistrationViewModel.swift /Users/sergejhlystov/ALADDIN_NEW/ALADDIN_NEW/mobile_apps/ALADDIN_iOS/Shared/Styles/CornerRadius.swift /Users/sergejhlystov/ALADDIN_NEW/ALADDIN_NEW/mobile_apps/ALADDIN_iOS/Screens/01_MainScreen.swift /Users/sergejhlystov/ALADDIN_NEW/ALADDIN_NEW/mobile_apps/ALADDIN_iOS/Screens/FamilyTournamentView.swift /Users/sergejhlystov/ALADDIN_NEW/ALADDIN_NEW/mobile_apps/ALADDIN_iOS/Shared/Styles/Fonts.swift /Users/sergejhlystov/ALADDIN_NEW/ALADDIN_NEW/mobile_apps/ALADDIN_iOS/Screens/GamesParentalControlView.swift /Users/sergejhlystov/ALADDIN_NEW/ALADDIN_NEW/mobile_apps/ALADDIN_iOS/Shared/Components/QRScannerModal.swift /Users/sergejhlystov/ALADDIN_NEW/ALADDIN_NEW/mobile_apps/ALADDIN_iOS/Screens/04_AnalyticsScreen.swift /Users/sergejhlystov/ALADDIN_NEW/ALADDIN_NEW/mobile_apps/ALADDIN_iOS/Screens/24_VPNEnergyStatsScreen.swift /Users/sergejhlystov/ALADDIN_NEW/ALADDIN_NEW/mobile_apps/ALADDIN_iOS/Shared/Components/Modals/ProfileEditView.swift /Users/sergejhlystov/ALADDIN_NEW/ALADDIN_NEW/mobile_apps/ALADDIN_iOS/ViewModels/TariffsViewModel.swift /Users/sergejhlystov/ALADDIN_NEW/ALADDIN_NEW/mobile_apps/ALADDIN_iOS/Core/Notifications/NotificationManager.swift /Users/sergejhlystov/ALADDIN_NEW/ALADDIN_NEW/mobile_apps/ALADDIN_iOS/Core/Security/SecurityManager.swift -supplementary-output-file-map /var/folders/rf/6rxcyql17sz57_02ng7jd7pr0000gn/T/TemporaryDirectory.wFGpdC/supplementaryOutputs-2 -target x86_64-apple-ios15.0-simulator -enable-objc-interop -sdk /Applications/Xcode.app/Contents/Developer/Platforms/iPhoneSimulator.platform/Developer/SDKs/iPhoneSimulator15.2.sdk -I /Users/sergejhlystov/Library/Developer/Xcode/DerivedData/ALADDIN-eahryzmutvtbyceygnlyjsmiiaha/Build/Products/Debug-iphonesimulator -F /Users/sergejhlystov/Library/Developer/Xcode/DerivedData/ALADDIN-eahryzmutvtbyceygnlyjsmiiaha/Build/Products/Debug-iphonesimulator -enable-testing -g -module-cache-path /Users/sergejhlystov/Library/Developer/Xcode/DerivedData/ModuleCache.noindex -emit-localized-strings -emit-localized-strings-path /Users/sergejhlystov/Library/Developer/Xcode/DerivedData/ALADDIN-eahryzmutvtbyceygnlyjsmiiaha/Build/Intermediates.noindex/ALADDIN.build/Debug-iphonesimulator/ALADDIN.build/Objects-normal/x86_64 -swift-version 5 -enforce-exclusivity\=checked -Onone -D DEBUG -new-driver-path /Applications/Xcode.app/Contents/Developer/Toolchains/XcodeDefault.xctoolchain/usr/bin/swift-driver -serialize-debugging-options -Xcc -working-directory -Xcc /Users/sergejhlystov/ALADDIN_NEW/ALADDIN_NEW/mobile_apps/ALADDIN_iOS -resource-dir /Applications/Xcode.app/Contents/Developer/Toolchains/XcodeDefault.xctoolchain/usr/lib/swift -enable-anonymous-context-mangled-names -Xcc -I/Users/sergejhlystov/Library/Developer/Xcode/DerivedData/ALADDIN-eahryzmutvtbyceygnlyjsmiiaha/Build/Intermediates.noindex/ALADDIN.build/Debug-iphonesimulator/ALADDIN.build/swift-overrides.hmap -Xcc -iquote -Xcc /Users/sergejhlystov/Library/Developer/Xcode/DerivedData/ALADDIN-eahryzmutvtbyceygnlyjsmiiaha/Build/Intermediates.noindex/ALADDIN.build/Debug-iphonesimulator/ALADDIN.build/ALADDIN-generated-files.hmap -Xcc -I/Users/sergejhlystov/Library/Developer/Xcode/DerivedData/ALADDIN-eahryzmutvtbyceygnlyjsmiiaha/Build/Intermediates.noindex/ALADDIN.build/Debug-iphonesimulator/ALADDIN.build/ALADDIN-own-target-headers.hmap -Xcc -I/Users/sergejhlystov/Library/Developer/Xcode/DerivedData/ALADDIN-eahryzmutvtbyceygnlyjsmiiaha/Build/Intermediates.noindex/ALADDIN.build/Debug-iphonesimulator/ALADDIN.build/ALADDIN-all-target-headers.hmap -Xcc -iquote -Xcc /Users/sergejhlystov/Library/Developer/Xcode/DerivedData/ALADDIN-eahryzmutvtbyceygnlyjsmiiaha/Build/Intermediates.noindex/ALADDIN.build/Debug-iphonesimulator/ALADDIN.build/ALADDIN-project-headers.hmap -Xcc -I/Users/sergejhlystov/Library/Developer/Xcode/DerivedData/ALADDIN-eahryzmutvtbyceygnlyjsmiiaha/Build/Products/Debug-iphonesimulator/include -Xcc -I/Users/sergejhlystov/Library/Developer/Xcode/DerivedData/ALADDIN-eahryzmutvtbyceygnlyjsmiiaha/Build/Intermediates.noindex/ALADDIN.build/Debug-iphonesimulator/ALADDIN.build/DerivedSources-normal/x86_64 -Xcc -I/Users/sergejhlystov/Library/Developer/Xcode/DerivedData/ALADDIN-eahryzmutvtbyceygnlyjsmiiaha/Build/Intermediates.noindex/ALADDIN.build/Debug-iphonesimulator/ALADDIN.build/DerivedSources/x86_64 -Xcc -I/Users/sergejhlystov/Library/Developer/Xcode/DerivedData/ALADDIN-eahryzmutvtbyceygnlyjsmiiaha/Build/Intermediates.noindex/ALADDIN.build/Debug-iphonesimulator/ALADDIN.build/DerivedSources -Xcc -DDEBUG\=1 -module-name ALADDIN -target-sdk-version 15.2.0 -o /Users/sergejhlystov/Library/Developer/Xcode/DerivedData/ALADDIN-eahryzmutvtbyceygnlyjsmiiaha/Build/Intermediates.noindex/ALADDIN.build/Debug-iphonesimulator/ALADDIN.build/Objects-normal/x86_64/FamilyMemberCard.o -o /Users/sergejhlystov/Library/Developer/Xcode/DerivedData/ALADDIN-eahryzmutvtbyceygnlyjsmiiaha/Build/Intermediates.noindex/ALADDIN.build/Debug-iphonesimulator/ALADDIN.build/Objects-normal/x86_64/VPNViewModel.o -o /Users/sergejhlystov/Library/Developer/Xcode/DerivedData/ALADDIN-eahryzmutvtbyceygnlyjsmiiaha/Build/Intermediates.noindex/ALADDIN.build/Debug-iphonesimulator/ALADDIN.build/Objects-normal/x86_64/APIModels.o -o /Users/sergejhlystov/Library/Developer/Xcode/DerivedData/ALADDIN-eahryzmutvtbyceygnlyjsmiiaha/Build/Intermediates.noindex/ALADDIN.build/Debug-iphonesimulator/ALADDIN.build/Objects-normal/x86_64/VPNManager.o -o /Users/sergejhlystov/Library/Developer/Xcode/DerivedData/ALADDIN-eahryzmutvtbyceygnlyjsmiiaha/Build/Intermediates.noindex/ALADDIN.build/Debug-iphonesimulator/ALADDIN.build/Objects-normal/x86_64/UnicornPetView.o -o /Users/sergejhlystov/Library/Developer/Xcode/DerivedData/ALADDIN-eahryzmutvtbyceygnlyjsmiiaha/Build/Intermediates.noindex/ALADDIN.build/Debug-iphonesimulator/ALADDIN.build/Objects-normal/x86_64/APIService.o -o /Users/sergejhlystov/Library/Developer/Xcode/DerivedData/ALADDIN-eahryzmutvtbyceygnlyjsmiiaha/Build/Intermediates.noindex/ALADDIN.build/Debug-iphonesimulator/ALADDIN.build/Objects-normal/x86_64/18_PrivacyPolicyScreen.o -o /Users/sergejhlystov/Library/Developer/Xcode/DerivedData/ALADDIN-eahryzmutvtbyceygnlyjsmiiaha/Build/Intermediates.noindex/ALADDIN.build/Debug-iphonesimulator/ALADDIN.build/Objects-normal/x86_64/10_TariffsScreen.o -o /Users/sergejhlystov/Library/Developer/Xcode/DerivedData/ALADDIN-eahryzmutvtbyceygnlyjsmiiaha/Build/Intermediates.noindex/ALADDIN.build/Debug-iphonesimulator/ALADDIN.build/Objects-normal/x86_64/03_VPNScreen.o -o /Users/sergejhlystov/Library/Developer/Xcode/DerivedData/ALADDIN-eahryzmutvtbyceygnlyjsmiiaha/Build/Intermediates.noindex/ALADDIN.build/Debug-iphonesimulator/ALADDIN.build/Objects-normal/x86_64/09_ElderlyInterfaceScreen.o -o /Users/sergejhlystov/Library/Developer/Xcode/DerivedData/ALADDIN-eahryzmutvtbyceygnlyjsmiiaha/Build/Intermediates.noindex/ALADDIN.build/Debug-iphonesimulator/ALADDIN.build/Objects-normal/x86_64/SecondaryButton.o -o /Users/sergejhlystov/Library/Developer/Xcode/DerivedData/ALADDIN-eahryzmutvtbyceygnlyjsmiiaha/Build/Intermediates.noindex/ALADDIN.build/Debug-iphonesimulator/ALADDIN.build/Objects-normal/x86_64/11_ProfileScreen.o -index-store-path /Users/sergejhlystov/Library/Developer/Xcode/DerivedData/ALADDIN-eahryzmutvtbyceygnlyjsmiiaha/Index/DataStore -index-system-modules

CompileSwift normal x86_64 /Users/sergejhlystov/ALADDIN_NEW/ALADDIN_NEW/mobile_apps/ALADDIN_iOS/Screens/11_ProfileScreen.swift (in target 'ALADDIN' from project 'ALADDIN')
    cd /Users/sergejhlystov/ALADDIN_NEW/ALADDIN_NEW/mobile_apps/ALADDIN_iOS
    /Applications/Xcode.app/Contents/Developer/Toolchains/XcodeDefault.xctoolchain/usr/bin/swift-frontend -frontend -c /Users/sergejhlystov/ALADDIN_NEW/ALADDIN_NEW/mobile_apps/ALADDIN_iOS/Screens/RewardsQuickModal.swift /Users/sergejhlystov/ALADDIN_NEW/ALADDIN_NEW/mobile_apps/ALADDIN_iOS/Screens/08_ChildInterfaceScreen.swift /Users/sergejhlystov/ALADDIN_NEW/ALADDIN_NEW/mobile_apps/ALADDIN_iOS/ContentView.swift /Users/sergejhlystov/ALADDIN_NEW/ALADDIN_NEW/mobile_apps/ALADDIN_iOS/Shared/Components/ALADDINToggle.swift /Users/sergejhlystov/ALADDIN_NEW/ALADDIN_NEW/mobile_apps/ALADDIN_iOS/Components/Modals/AgeGroupSelectionModal.swift /Users/sergejhlystov/ALADDIN_NEW/ALADDIN_NEW/mobile_apps/ALADDIN_iOS/ALADDINApp.swift /Users/sergejhlystov/ALADDIN_NEW/ALADDIN_NEW/mobile_apps/ALADDIN_iOS/Shared/Models/FunctionStatus.swift /Users/sergejhlystov/ALADDIN_NEW/ALADDIN_NEW/mobile_apps/ALADDIN_iOS/ViewModels/MainViewModel.swift /Users/sergejhlystov/ALADDIN_NEW/ALADDIN_NEW/mobile_apps/ALADDIN_iOS/Shared/Components/Buttons/PrimaryButton.swift /Users/sergejhlystov/ALADDIN_NEW/ALADDIN_NEW/mobile_apps/ALADDIN_iOS/Screens/NotificationSettingsScreen.swift /Users/sergejhlystov/ALADDIN_NEW/ALADDIN_NEW/mobile_apps/ALADDIN_iOS/Screens/ChildContentScreen.swift /Users/sergejhlystov/ALADDIN_NEW/ALADDIN_NEW/mobile_apps/ALADDIN_iOS/Shared/Components/StatItem.swift -primary-file /Users/sergejhlystov/ALADDIN_NEW/ALADDIN_NEW/mobile_apps/ALADDIN_iOS/Shared/Components/Cards/FamilyMemberCard.swift -primary-file /Users/sergejhlystov/ALADDIN_NEW/ALADDIN_NEW/mobile_apps/ALADDIN_iOS/ViewModels/VPNViewModel.swift -primary-file /Users/sergejhlystov/ALADDIN_NEW/ALADDIN_NEW/mobile_apps/ALADDIN_iOS/Core/Models/APIModels.swift -primary-file /Users/sergejhlystov/ALADDIN_NEW/ALADDIN_NEW/mobile_apps/ALADDIN_iOS/Core/VPN/VPNManager.swift -primary-file /Users/sergejhlystov/ALADDIN_NEW/ALADDIN_NEW/mobile_apps/ALADDIN_iOS/Screens/UnicornPetView.swift -primary-file /Users/sergejhlystov/ALADDIN_NEW/ALADDIN_NEW/mobile_apps/ALADDIN_iOS/Core/Network/APIService.swift -primary-file /Users/sergejhlystov/ALADDIN_NEW/ALADDIN_NEW/mobile_apps/ALADDIN_iOS/Screens/18_PrivacyPolicyScreen.swift -primary-file /Users/sergejhlystov/ALADDIN_NEW/ALADDIN_NEW/mobile_apps/ALADDIN_iOS/Screens/10_TariffsScreen.swift -primary-file /Users/sergejhlystov/ALADDIN_NEW/ALADDIN_NEW/mobile_apps/ALADDIN_iOS/Screens/03_VPNScreen.swift -primary-file /Users/sergejhlystov/ALADDIN_NEW/ALADDIN_NEW/mobile_apps/ALADDIN_iOS/Screens/09_ElderlyInterfaceScreen.swift -primary-file /Users/sergejhlystov/ALADDIN_NEW/ALADDIN_NEW/mobile_apps/ALADDIN_iOS/Shared/Components/SecondaryButton.swift -primary-file /Users/sergejhlystov/ALADDIN_NEW/ALADDIN_NEW/mobile_apps/ALADDIN_iOS/Screens/11_ProfileScreen.swift /Users/sergejhlystov/ALADDIN_NEW/ALADDIN_NEW/mobile_apps/ALADDIN_iOS/Core/Network/NetworkManager.swift /Users/sergejhlystov/ALADDIN_NEW/ALADDIN_NEW/mobile_apps/ALADDIN_iOS/Screens/19_TermsOfServiceScreen.swift /Users/sergejhlystov/ALADDIN_NEW/ALADDIN_NEW/mobile_apps/ALADDIN_iOS/Core/Config/AppConfig.swift /Users/sergejhlystov/ALADDIN_NEW/ALADDIN_NEW/mobile_apps/ALADDIN_iOS/ViewModels/FamilyViewModel.swift /Users/sergejhlystov/ALADDIN_NEW/ALADDIN_NEW/mobile_apps/ALADDIN_iOS/ViewModels/AIAssistantViewModel.swift /Users/sergejhlystov/ALADDIN_NEW/ALADDIN_NEW/mobile_apps/ALADDIN_iOS/Screens/22_DeviceDetailScreen.swift /Users/sergejhlystov/ALADDIN_NEW/ALADDIN_NEW/mobile_apps/ALADDIN_iOS/Screens/WidgetConfigurationScreen.swift /Users/sergejhlystov/ALADDIN_NEW/ALADDIN_NEW/mobile_apps/ALADDIN_iOS/Core/Security/KeychainManager.swift /Users/sergejhlystov/ALADDIN_NEW/ALADDIN_NEW/mobile_apps/ALADDIN_iOS/Shared/Components/Modals/MemberStatsModalView.swift /Users/sergejhlystov/ALADDIN_NEW/ALADDIN_NEW/mobile_apps/ALADDIN_iOS/Shared/Styles/Spacing.swift /Users/sergejhlystov/ALADDIN_NEW/ALADDIN_NEW/mobile_apps/ALADDIN_iOS/Shared/Components/RecoveryOptionsModal.swift /Users/sergejhlystov/ALADDIN_NEW/ALADDIN_NEW/mobile_apps/ALADDIN_iOS/ViewModels/SettingsViewModel.swift /Users/sergejhlystov/ALADDIN_NEW/ALADDIN_NEW/mobile_apps/ALADDIN_iOS/Shared/Components/InfoRow.swift /Users/sergejhlystov/ALADDIN_NEW/ALADDIN_NEW/mobile_apps/ALADDIN_iOS/Screens/25_PaymentQRScreen.swift /Users/sergejhlystov/ALADDIN_NEW/ALADDIN_NEW/mobile_apps/ALADDIN_iOS/Shared/Components/Modals/RoleSelectionModal.swift /Users/sergejhlystov/ALADDIN_NEW/ALADDIN_NEW/mobile_apps/ALADDIN_iOS/ViewModels/SupportViewModel.swift /Users/sergejhlystov/ALADDIN_NEW/ALADDIN_NEW/mobile_apps/ALADDIN_iOS/ViewModels/ChildInterfaceViewModel.swift /Users/sergejhlystov/ALADDIN_NEW/ALADDIN_NEW/mobile_apps/ALADDIN_iOS/Screens/12_NotificationsScreen.swift /Users/sergejhlystov/ALADDIN_NEW/ALADDIN_NEW/mobile_apps/ALADDIN_iOS/ViewModels/ElderlyInterfaceViewModel.swift /Users/sergejhlystov/ALADDIN_NEW/ALADDIN_NEW/mobile_apps/ALADDIN_iOS/ViewModels/AnalyticsViewModel.swift /Users/sergejhlystov/ALADDIN_NEW/ALADDIN_NEW/mobile_apps/ALADDIN_iOS/Core/Cache/CacheManager.swift /Users/sergejhlystov/ALADDIN_NEW/ALADDIN_NEW/mobile_apps/ALADDIN_iOS/ViewModels/NotificationsViewModel.swift /Users/sergejhlystov/ALADDIN_NEW/ALADDIN_NEW/mobile_apps/ALADDIN_iOS/Screens/06_AIAssistantScreen.swift /Users/sergejhlystov/ALADDIN_NEW/ALADDIN_NEW/mobile_apps/ALADDIN_iOS/ViewModels/ProfileViewModel.swift /Users/sergejhlystov/ALADDIN_NEW/ALADDIN_NEW/mobile_apps/ALADDIN_iOS/Components/Modals/ConsentModal.swift /Users/sergejhlystov/ALADDIN_NEW/ALADDIN_NEW/mobile_apps/ALADDIN_iOS/ViewModels/ParentalControlViewModel.swift /Users/sergejhlystov/ALADDIN_NEW/ALADDIN_NEW/mobile_apps/ALADDIN_iOS/ViewModels/OnboardingViewModel.swift /Users/sergejhlystov/ALADDIN_NEW/ALADDIN_NEW/mobile_apps/ALADDIN_iOS/Shared/Styles/Colors.swift /Users/sergejhlystov/ALADDIN_NEW/ALADDIN_NEW/mobile_apps/ALADDIN_iOS/Screens/ChildRewardsScreen.swift /Users/sergejhlystov/ALADDIN_NEW/ALADDIN_NEW/mobile_apps/ALADDIN_iOS/Screens/21_ReferralScreen.swift /Users/sergejhlystov/ALADDIN_NEW/ALADDIN_NEW/mobile_apps/ALADDIN_iOS/Shared/Components/AvatarSelector.swift /Users/sergejhlystov/ALADDIN_NEW/ALADDIN_NEW/mobile_apps/ALADDIN_iOS/Shared/Components/Navigation/ALADDINNavigationBar.swift /Users/sergejhlystov/ALADDIN_NEW/ALADDIN_NEW/mobile_apps/ALADDIN_iOS/Screens/14_OnboardingScreen.swift /Users/sergejhlystov/ALADDIN_NEW/ALADDIN_NEW/mobile_apps/ALADDIN_iOS/Components/Modals/FamilyCreatedModal.swift /Users/sergejhlystov/ALADDIN_NEW/ALADDIN_NEW/mobile_apps/ALADDIN_iOS/ViewModels/PaymentQRViewModel.swift /Users/sergejhlystov/ALADDIN_NEW/ALADDIN_NEW/mobile_apps/ALADDIN_iOS/Core/Navigation/NavigationManager.swift /Users/sergejhlystov/ALADDIN_NEW/ALADDIN_NEW/mobile_apps/ALADDIN_iOS/Core/Accessibility/AccessibilityManager.swift /Users/sergejhlystov/ALADDIN_NEW/ALADDIN_NEW/mobile_apps/ALADDIN_iOS/Core/Store/StoreManager.swift /Users/sergejhlystov/ALADDIN_NEW/ALADDIN_NEW/mobile_apps/ALADDIN_iOS/Screens/WheelOfFortuneView.swift /Users/sergejhlystov/ALADDIN_NEW/ALADDIN_NEW/mobile_apps/ALADDIN_iOS/Screens/UnicornUniverseView.swift /Users/sergejhlystov/ALADDIN_NEW/ALADDIN_NEW/mobile_apps/ALADDIN_iOS/Core/Localization/LocalizationManager.swift /Users/sergejhlystov/ALADDIN_NEW/ALADDIN_NEW/mobile_apps/ALADDIN_iOS/Screens/13_SupportScreen.swift /Users/sergejhlystov/ALADDIN_NEW/ALADDIN_NEW/mobile_apps/ALADDIN_iOS/Core/Analytics/AnalyticsManager.swift /Users/sergejhlystov/ALADDIN_NEW/ALADDIN_NEW/mobile_apps/ALADDIN_iOS/Screens/07_ParentalControlScreen.swift /Users/sergejhlystov/ALADDIN_NEW/ALADDIN_NEW/mobile_apps/ALADDIN_iOS/Screens/05_SettingsScreen.swift /Users/sergejhlystov/ALADDIN_NEW/ALADDIN_NEW/mobile_apps/ALADDIN_iOS/Screens/RewardsModalView.swift /Users/sergejhlystov/ALADDIN_NEW/ALADDIN_NEW/mobile_apps/ALADDIN_iOS/Screens/23_FamilyChatScreen.swift /Users/sergejhlystov/ALADDIN_NEW/ALADDIN_NEW/mobile_apps/ALADDIN_iOS/Screens/02_FamilyScreen.swift /Users/sergejhlystov/ALADDIN_NEW/ALADDIN_NEW/mobile_apps/ALADDIN_iOS/Screens/20_DevicesScreen.swift /Users/sergejhlystov/ALADDIN_NEW/ALADDIN_NEW/mobile_apps/ALADDIN_iOS/Shared/Components/ViewModifiers.swift /Users/sergejhlystov/ALADDIN_NEW/ALADDIN_NEW/mobile_apps/ALADDIN_iOS/Shared/Components/HapticFeedback.swift /Users/sergejhlystov/ALADDIN_NEW/ALADDIN_NEW/mobile_apps/ALADDIN_iOS/Screens/MainScreenWithRegistration.swift /Users/sergejhlystov/ALADDIN_NEW/ALADDIN_NEW/mobile_apps/ALADDIN_iOS/Core/Network/NetworkError.swift /Users/sergejhlystov/ALADDIN_NEW/ALADDIN_NEW/mobile_apps/ALADDIN_iOS/Screens/LanguageSettingsScreen.swift /Users/sergejhlystov/ALADDIN_NEW/ALADDIN_NEW/mobile_apps/ALADDIN_iOS/ViewModels/FamilyRegistrationViewModel.swift /Users/sergejhlystov/ALADDIN_NEW/ALADDIN_NEW/mobile_apps/ALADDIN_iOS/Shared/Styles/CornerRadius.swift /Users/sergejhlystov/ALADDIN_NEW/ALADDIN_NEW/mobile_apps/ALADDIN_iOS/Screens/01_MainScreen.swift /Users/sergejhlystov/ALADDIN_NEW/ALADDIN_NEW/mobile_apps/ALADDIN_iOS/Screens/FamilyTournamentView.swift /Users/sergejhlystov/ALADDIN_NEW/ALADDIN_NEW/mobile_apps/ALADDIN_iOS/Shared/Styles/Fonts.swift /Users/sergejhlystov/ALADDIN_NEW/ALADDIN_NEW/mobile_apps/ALADDIN_iOS/Screens/GamesParentalControlView.swift /Users/sergejhlystov/ALADDIN_NEW/ALADDIN_NEW/mobile_apps/ALADDIN_iOS/Shared/Components/QRScannerModal.swift /Users/sergejhlystov/ALADDIN_NEW/ALADDIN_NEW/mobile_apps/ALADDIN_iOS/Screens/04_AnalyticsScreen.swift /Users/sergejhlystov/ALADDIN_NEW/ALADDIN_NEW/mobile_apps/ALADDIN_iOS/Screens/24_VPNEnergyStatsScreen.swift /Users/sergejhlystov/ALADDIN_NEW/ALADDIN_NEW/mobile_apps/ALADDIN_iOS/Shared/Components/Modals/ProfileEditView.swift /Users/sergejhlystov/ALADDIN_NEW/ALADDIN_NEW/mobile_apps/ALADDIN_iOS/ViewModels/TariffsViewModel.swift /Users/sergejhlystov/ALADDIN_NEW/ALADDIN_NEW/mobile_apps/ALADDIN_iOS/Core/Notifications/NotificationManager.swift /Users/sergejhlystov/ALADDIN_NEW/ALADDIN_NEW/mobile_apps/ALADDIN_iOS/Core/Security/SecurityManager.swift -supplementary-output-file-map /var/folders/rf/6rxcyql17sz57_02ng7jd7pr0000gn/T/TemporaryDirectory.wFGpdC/supplementaryOutputs-2 -target x86_64-apple-ios15.0-simulator -enable-objc-interop -sdk /Applications/Xcode.app/Contents/Developer/Platforms/iPhoneSimulator.platform/Developer/SDKs/iPhoneSimulator15.2.sdk -I /Users/sergejhlystov/Library/Developer/Xcode/DerivedData/ALADDIN-eahryzmutvtbyceygnlyjsmiiaha/Build/Products/Debug-iphonesimulator -F /Users/sergejhlystov/Library/Developer/Xcode/DerivedData/ALADDIN-eahryzmutvtbyceygnlyjsmiiaha/Build/Products/Debug-iphonesimulator -enable-testing -g -module-cache-path /Users/sergejhlystov/Library/Developer/Xcode/DerivedData/ModuleCache.noindex -emit-localized-strings -emit-localized-strings-path /Users/sergejhlystov/Library/Developer/Xcode/DerivedData/ALADDIN-eahryzmutvtbyceygnlyjsmiiaha/Build/Intermediates.noindex/ALADDIN.build/Debug-iphonesimulator/ALADDIN.build/Objects-normal/x86_64 -swift-version 5 -enforce-exclusivity\=checked -Onone -D DEBUG -new-driver-path /Applications/Xcode.app/Contents/Developer/Toolchains/XcodeDefault.xctoolchain/usr/bin/swift-driver -serialize-debugging-options -Xcc -working-directory -Xcc /Users/sergejhlystov/ALADDIN_NEW/ALADDIN_NEW/mobile_apps/ALADDIN_iOS -resource-dir /Applications/Xcode.app/Contents/Developer/Toolchains/XcodeDefault.xctoolchain/usr/lib/swift -enable-anonymous-context-mangled-names -Xcc -I/Users/sergejhlystov/Library/Developer/Xcode/DerivedData/ALADDIN-eahryzmutvtbyceygnlyjsmiiaha/Build/Intermediates.noindex/ALADDIN.build/Debug-iphonesimulator/ALADDIN.build/swift-overrides.hmap -Xcc -iquote -Xcc /Users/sergejhlystov/Library/Developer/Xcode/DerivedData/ALADDIN-eahryzmutvtbyceygnlyjsmiiaha/Build/Intermediates.noindex/ALADDIN.build/Debug-iphonesimulator/ALADDIN.build/ALADDIN-generated-files.hmap -Xcc -I/Users/sergejhlystov/Library/Developer/Xcode/DerivedData/ALADDIN-eahryzmutvtbyceygnlyjsmiiaha/Build/Intermediates.noindex/ALADDIN.build/Debug-iphonesimulator/ALADDIN.build/ALADDIN-own-target-headers.hmap -Xcc -I/Users/sergejhlystov/Library/Developer/Xcode/DerivedData/ALADDIN-eahryzmutvtbyceygnlyjsmiiaha/Build/Intermediates.noindex/ALADDIN.build/Debug-iphonesimulator/ALADDIN.build/ALADDIN-all-target-headers.hmap -Xcc -iquote -Xcc /Users/sergejhlystov/Library/Developer/Xcode/DerivedData/ALADDIN-eahryzmutvtbyceygnlyjsmiiaha/Build/Intermediates.noindex/ALADDIN.build/Debug-iphonesimulator/ALADDIN.build/ALADDIN-project-headers.hmap -Xcc -I/Users/sergejhlystov/Library/Developer/Xcode/DerivedData/ALADDIN-eahryzmutvtbyceygnlyjsmiiaha/Build/Products/Debug-iphonesimulator/include -Xcc -I/Users/sergejhlystov/Library/Developer/Xcode/DerivedData/ALADDIN-eahryzmutvtbyceygnlyjsmiiaha/Build/Intermediates.noindex/ALADDIN.build/Debug-iphonesimulator/ALADDIN.build/DerivedSources-normal/x86_64 -Xcc -I/Users/sergejhlystov/Library/Developer/Xcode/DerivedData/ALADDIN-eahryzmutvtbyceygnlyjsmiiaha/Build/Intermediates.noindex/ALADDIN.build/Debug-iphonesimulator/ALADDIN.build/DerivedSources/x86_64 -Xcc -I/Users/sergejhlystov/Library/Developer/Xcode/DerivedData/ALADDIN-eahryzmutvtbyceygnlyjsmiiaha/Build/Intermediates.noindex/ALADDIN.build/Debug-iphonesimulator/ALADDIN.build/DerivedSources -Xcc -DDEBUG\=1 -module-name ALADDIN -target-sdk-version 15.2.0 -o /Users/sergejhlystov/Library/Developer/Xcode/DerivedData/ALADDIN-eahryzmutvtbyceygnlyjsmiiaha/Build/Intermediates.noindex/ALADDIN.build/Debug-iphonesimulator/ALADDIN.build/Objects-normal/x86_64/FamilyMemberCard.o -o /Users/sergejhlystov/Library/Developer/Xcode/DerivedData/ALADDIN-eahryzmutvtbyceygnlyjsmiiaha/Build/Intermediates.noindex/ALADDIN.build/Debug-iphonesimulator/ALADDIN.build/Objects-normal/x86_64/VPNViewModel.o -o /Users/sergejhlystov/Library/Developer/Xcode/DerivedData/ALADDIN-eahryzmutvtbyceygnlyjsmiiaha/Build/Intermediates.noindex/ALADDIN.build/Debug-iphonesimulator/ALADDIN.build/Objects-normal/x86_64/APIModels.o -o /Users/sergejhlystov/Library/Developer/Xcode/DerivedData/ALADDIN-eahryzmutvtbyceygnlyjsmiiaha/Build/Intermediates.noindex/ALADDIN.build/Debug-iphonesimulator/ALADDIN.build/Objects-normal/x86_64/VPNManager.o -o /Users/sergejhlystov/Library/Developer/Xcode/DerivedData/ALADDIN-eahryzmutvtbyceygnlyjsmiiaha/Build/Intermediates.noindex/ALADDIN.build/Debug-iphonesimulator/ALADDIN.build/Objects-normal/x86_64/UnicornPetView.o -o /Users/sergejhlystov/Library/Developer/Xcode/DerivedData/ALADDIN-eahryzmutvtbyceygnlyjsmiiaha/Build/Intermediates.noindex/ALADDIN.build/Debug-iphonesimulator/ALADDIN.build/Objects-normal/x86_64/APIService.o -o /Users/sergejhlystov/Library/Developer/Xcode/DerivedData/ALADDIN-eahryzmutvtbyceygnlyjsmiiaha/Build/Intermediates.noindex/ALADDIN.build/Debug-iphonesimulator/ALADDIN.build/Objects-normal/x86_64/18_PrivacyPolicyScreen.o -o /Users/sergejhlystov/Library/Developer/Xcode/DerivedData/ALADDIN-eahryzmutvtbyceygnlyjsmiiaha/Build/Intermediates.noindex/ALADDIN.build/Debug-iphonesimulator/ALADDIN.build/Objects-normal/x86_64/10_TariffsScreen.o -o /Users/sergejhlystov/Library/Developer/Xcode/DerivedData/ALADDIN-eahryzmutvtbyceygnlyjsmiiaha/Build/Intermediates.noindex/ALADDIN.build/Debug-iphonesimulator/ALADDIN.build/Objects-normal/x86_64/03_VPNScreen.o -o /Users/sergejhlystov/Library/Developer/Xcode/DerivedData/ALADDIN-eahryzmutvtbyceygnlyjsmiiaha/Build/Intermediates.noindex/ALADDIN.build/Debug-iphonesimulator/ALADDIN.build/Objects-normal/x86_64/09_ElderlyInterfaceScreen.o -o /Users/sergejhlystov/Library/Developer/Xcode/DerivedData/ALADDIN-eahryzmutvtbyceygnlyjsmiiaha/Build/Intermediates.noindex/ALADDIN.build/Debug-iphonesimulator/ALADDIN.build/Objects-normal/x86_64/SecondaryButton.o -o /Users/sergejhlystov/Library/Developer/Xcode/DerivedData/ALADDIN-eahryzmutvtbyceygnlyjsmiiaha/Build/Intermediates.noindex/ALADDIN.build/Debug-iphonesimulator/ALADDIN.build/Objects-normal/x86_64/11_ProfileScreen.o -index-store-path /Users/sergejhlystov/Library/Developer/Xcode/DerivedData/ALADDIN-eahryzmutvtbyceygnlyjsmiiaha/Index/DataStore -index-system-modules

CompileSwift normal x86_64 /Users/sergejhlystov/ALADDIN_NEW/ALADDIN_NEW/mobile_apps/ALADDIN_iOS/Core/Network/NetworkManager.swift (in target 'ALADDIN' from project 'ALADDIN')
    cd /Users/sergejhlystov/ALADDIN_NEW/ALADDIN_NEW/mobile_apps/ALADDIN_iOS
    /Applications/Xcode.app/Contents/Developer/Toolchains/XcodeDefault.xctoolchain/usr/bin/swift-frontend -frontend -c /Users/sergejhlystov/ALADDIN_NEW/ALADDIN_NEW/mobile_apps/ALADDIN_iOS/Screens/RewardsQuickModal.swift /Users/sergejhlystov/ALADDIN_NEW/ALADDIN_NEW/mobile_apps/ALADDIN_iOS/Screens/08_ChildInterfaceScreen.swift /Users/sergejhlystov/ALADDIN_NEW/ALADDIN_NEW/mobile_apps/ALADDIN_iOS/ContentView.swift /Users/sergejhlystov/ALADDIN_NEW/ALADDIN_NEW/mobile_apps/ALADDIN_iOS/Shared/Components/ALADDINToggle.swift /Users/sergejhlystov/ALADDIN_NEW/ALADDIN_NEW/mobile_apps/ALADDIN_iOS/Components/Modals/AgeGroupSelectionModal.swift /Users/sergejhlystov/ALADDIN_NEW/ALADDIN_NEW/mobile_apps/ALADDIN_iOS/ALADDINApp.swift /Users/sergejhlystov/ALADDIN_NEW/ALADDIN_NEW/mobile_apps/ALADDIN_iOS/Shared/Models/FunctionStatus.swift /Users/sergejhlystov/ALADDIN_NEW/ALADDIN_NEW/mobile_apps/ALADDIN_iOS/ViewModels/MainViewModel.swift /Users/sergejhlystov/ALADDIN_NEW/ALADDIN_NEW/mobile_apps/ALADDIN_iOS/Shared/Components/Buttons/PrimaryButton.swift /Users/sergejhlystov/ALADDIN_NEW/ALADDIN_NEW/mobile_apps/ALADDIN_iOS/Screens/NotificationSettingsScreen.swift /Users/sergejhlystov/ALADDIN_NEW/ALADDIN_NEW/mobile_apps/ALADDIN_iOS/Screens/ChildContentScreen.swift /Users/sergejhlystov/ALADDIN_NEW/ALADDIN_NEW/mobile_apps/ALADDIN_iOS/Shared/Components/StatItem.swift /Users/sergejhlystov/ALADDIN_NEW/ALADDIN_NEW/mobile_apps/ALADDIN_iOS/Shared/Components/Cards/FamilyMemberCard.swift /Users/sergejhlystov/ALADDIN_NEW/ALADDIN_NEW/mobile_apps/ALADDIN_iOS/ViewModels/VPNViewModel.swift /Users/sergejhlystov/ALADDIN_NEW/ALADDIN_NEW/mobile_apps/ALADDIN_iOS/Core/Models/APIModels.swift /Users/sergejhlystov/ALADDIN_NEW/ALADDIN_NEW/mobile_apps/ALADDIN_iOS/Core/VPN/VPNManager.swift /Users/sergejhlystov/ALADDIN_NEW/ALADDIN_NEW/mobile_apps/ALADDIN_iOS/Screens/UnicornPetView.swift /Users/sergejhlystov/ALADDIN_NEW/ALADDIN_NEW/mobile_apps/ALADDIN_iOS/Core/Network/APIService.swift /Users/sergejhlystov/ALADDIN_NEW/ALADDIN_NEW/mobile_apps/ALADDIN_iOS/Screens/18_PrivacyPolicyScreen.swift /Users/sergejhlystov/ALADDIN_NEW/ALADDIN_NEW/mobile_apps/ALADDIN_iOS/Screens/10_TariffsScreen.swift /Users/sergejhlystov/ALADDIN_NEW/ALADDIN_NEW/mobile_apps/ALADDIN_iOS/Screens/03_VPNScreen.swift /Users/sergejhlystov/ALADDIN_NEW/ALADDIN_NEW/mobile_apps/ALADDIN_iOS/Screens/09_ElderlyInterfaceScreen.swift /Users/sergejhlystov/ALADDIN_NEW/ALADDIN_NEW/mobile_apps/ALADDIN_iOS/Shared/Components/SecondaryButton.swift /Users/sergejhlystov/ALADDIN_NEW/ALADDIN_NEW/mobile_apps/ALADDIN_iOS/Screens/11_ProfileScreen.swift -primary-file /Users/sergejhlystov/ALADDIN_NEW/ALADDIN_NEW/mobile_apps/ALADDIN_iOS/Core/Network/NetworkManager.swift -primary-file /Users/sergejhlystov/ALADDIN_NEW/ALADDIN_NEW/mobile_apps/ALADDIN_iOS/Screens/19_TermsOfServiceScreen.swift -primary-file /Users/sergejhlystov/ALADDIN_NEW/ALADDIN_NEW/mobile_apps/ALADDIN_iOS/Core/Config/AppConfig.swift -primary-file /Users/sergejhlystov/ALADDIN_NEW/ALADDIN_NEW/mobile_apps/ALADDIN_iOS/ViewModels/FamilyViewModel.swift -primary-file /Users/sergejhlystov/ALADDIN_NEW/ALADDIN_NEW/mobile_apps/ALADDIN_iOS/ViewModels/AIAssistantViewModel.swift -primary-file /Users/sergejhlystov/ALADDIN_NEW/ALADDIN_NEW/mobile_apps/ALADDIN_iOS/Screens/22_DeviceDetailScreen.swift -primary-file /Users/sergejhlystov/ALADDIN_NEW/ALADDIN_NEW/mobile_apps/ALADDIN_iOS/Screens/WidgetConfigurationScreen.swift -primary-file /Users/sergejhlystov/ALADDIN_NEW/ALADDIN_NEW/mobile_apps/ALADDIN_iOS/Core/Security/KeychainManager.swift -primary-file /Users/sergejhlystov/ALADDIN_NEW/ALADDIN_NEW/mobile_apps/ALADDIN_iOS/Shared/Components/Modals/MemberStatsModalView.swift -primary-file /Users/sergejhlystov/ALADDIN_NEW/ALADDIN_NEW/mobile_apps/ALADDIN_iOS/Shared/Styles/Spacing.swift -primary-file /Users/sergejhlystov/ALADDIN_NEW/ALADDIN_NEW/mobile_apps/ALADDIN_iOS/Shared/Components/RecoveryOptionsModal.swift -primary-file /Users/sergejhlystov/ALADDIN_NEW/ALADDIN_NEW/mobile_apps/ALADDIN_iOS/ViewModels/SettingsViewModel.swift /Users/sergejhlystov/ALADDIN_NEW/ALADDIN_NEW/mobile_apps/ALADDIN_iOS/Shared/Components/InfoRow.swift /Users/sergejhlystov/ALADDIN_NEW/ALADDIN_NEW/mobile_apps/ALADDIN_iOS/Screens/25_PaymentQRScreen.swift /Users/sergejhlystov/ALADDIN_NEW/ALADDIN_NEW/mobile_apps/ALADDIN_iOS/Shared/Components/Modals/RoleSelectionModal.swift /Users/sergejhlystov/ALADDIN_NEW/ALADDIN_NEW/mobile_apps/ALADDIN_iOS/ViewModels/SupportViewModel.swift /Users/sergejhlystov/ALADDIN_NEW/ALADDIN_NEW/mobile_apps/ALADDIN_iOS/ViewModels/ChildInterfaceViewModel.swift /Users/sergejhlystov/ALADDIN_NEW/ALADDIN_NEW/mobile_apps/ALADDIN_iOS/Screens/12_NotificationsScreen.swift /Users/sergejhlystov/ALADDIN_NEW/ALADDIN_NEW/mobile_apps/ALADDIN_iOS/ViewModels/ElderlyInterfaceViewModel.swift /Users/sergejhlystov/ALADDIN_NEW/ALADDIN_NEW/mobile_apps/ALADDIN_iOS/ViewModels/AnalyticsViewModel.swift /Users/sergejhlystov/ALADDIN_NEW/ALADDIN_NEW/mobile_apps/ALADDIN_iOS/Core/Cache/CacheManager.swift /Users/sergejhlystov/ALADDIN_NEW/ALADDIN_NEW/mobile_apps/ALADDIN_iOS/ViewModels/NotificationsViewModel.swift /Users/sergejhlystov/ALADDIN_NEW/ALADDIN_NEW/mobile_apps/ALADDIN_iOS/Screens/06_AIAssistantScreen.swift /Users/sergejhlystov/ALADDIN_NEW/ALADDIN_NEW/mobile_apps/ALADDIN_iOS/ViewModels/ProfileViewModel.swift /Users/sergejhlystov/ALADDIN_NEW/ALADDIN_NEW/mobile_apps/ALADDIN_iOS/Components/Modals/ConsentModal.swift /Users/sergejhlystov/ALADDIN_NEW/ALADDIN_NEW/mobile_apps/ALADDIN_iOS/ViewModels/ParentalControlViewModel.swift /Users/sergejhlystov/ALADDIN_NEW/ALADDIN_NEW/mobile_apps/ALADDIN_iOS/ViewModels/OnboardingViewModel.swift /Users/sergejhlystov/ALADDIN_NEW/ALADDIN_NEW/mobile_apps/ALADDIN_iOS/Shared/Styles/Colors.swift /Users/sergejhlystov/ALADDIN_NEW/ALADDIN_NEW/mobile_apps/ALADDIN_iOS/Screens/ChildRewardsScreen.swift /Users/sergejhlystov/ALADDIN_NEW/ALADDIN_NEW/mobile_apps/ALADDIN_iOS/Screens/21_ReferralScreen.swift /Users/sergejhlystov/ALADDIN_NEW/ALADDIN_NEW/mobile_apps/ALADDIN_iOS/Shared/Components/AvatarSelector.swift /Users/sergejhlystov/ALADDIN_NEW/ALADDIN_NEW/mobile_apps/ALADDIN_iOS/Shared/Components/Navigation/ALADDINNavigationBar.swift /Users/sergejhlystov/ALADDIN_NEW/ALADDIN_NEW/mobile_apps/ALADDIN_iOS/Screens/14_OnboardingScreen.swift /Users/sergejhlystov/ALADDIN_NEW/ALADDIN_NEW/mobile_apps/ALADDIN_iOS/Components/Modals/FamilyCreatedModal.swift /Users/sergejhlystov/ALADDIN_NEW/ALADDIN_NEW/mobile_apps/ALADDIN_iOS/ViewModels/PaymentQRViewModel.swift /Users/sergejhlystov/ALADDIN_NEW/ALADDIN_NEW/mobile_apps/ALADDIN_iOS/Core/Navigation/NavigationManager.swift /Users/sergejhlystov/ALADDIN_NEW/ALADDIN_NEW/mobile_apps/ALADDIN_iOS/Core/Accessibility/AccessibilityManager.swift /Users/sergejhlystov/ALADDIN_NEW/ALADDIN_NEW/mobile_apps/ALADDIN_iOS/Core/Store/StoreManager.swift /Users/sergejhlystov/ALADDIN_NEW/ALADDIN_NEW/mobile_apps/ALADDIN_iOS/Screens/WheelOfFortuneView.swift /Users/sergejhlystov/ALADDIN_NEW/ALADDIN_NEW/mobile_apps/ALADDIN_iOS/Screens/UnicornUniverseView.swift /Users/sergejhlystov/ALADDIN_NEW/ALADDIN_NEW/mobile_apps/ALADDIN_iOS/Core/Localization/LocalizationManager.swift /Users/sergejhlystov/ALADDIN_NEW/ALADDIN_NEW/mobile_apps/ALADDIN_iOS/Screens/13_SupportScreen.swift /Users/sergejhlystov/ALADDIN_NEW/ALADDIN_NEW/mobile_apps/ALADDIN_iOS/Core/Analytics/AnalyticsManager.swift /Users/sergejhlystov/ALADDIN_NEW/ALADDIN_NEW/mobile_apps/ALADDIN_iOS/Screens/07_ParentalControlScreen.swift /Users/sergejhlystov/ALADDIN_NEW/ALADDIN_NEW/mobile_apps/ALADDIN_iOS/Screens/05_SettingsScreen.swift /Users/sergejhlystov/ALADDIN_NEW/ALADDIN_NEW/mobile_apps/ALADDIN_iOS/Screens/RewardsModalView.swift /Users/sergejhlystov/ALADDIN_NEW/ALADDIN_NEW/mobile_apps/ALADDIN_iOS/Screens/23_FamilyChatScreen.swift /Users/sergejhlystov/ALADDIN_NEW/ALADDIN_NEW/mobile_apps/ALADDIN_iOS/Screens/02_FamilyScreen.swift /Users/sergejhlystov/ALADDIN_NEW/ALADDIN_NEW/mobile_apps/ALADDIN_iOS/Screens/20_DevicesScreen.swift /Users/sergejhlystov/ALADDIN_NEW/ALADDIN_NEW/mobile_apps/ALADDIN_iOS/Shared/Components/ViewModifiers.swift /Users/sergejhlystov/ALADDIN_NEW/ALADDIN_NEW/mobile_apps/ALADDIN_iOS/Shared/Components/HapticFeedback.swift /Users/sergejhlystov/ALADDIN_NEW/ALADDIN_NEW/mobile_apps/ALADDIN_iOS/Screens/MainScreenWithRegistration.swift /Users/sergejhlystov/ALADDIN_NEW/ALADDIN_NEW/mobile_apps/ALADDIN_iOS/Core/Network/NetworkError.swift /Users/sergejhlystov/ALADDIN_NEW/ALADDIN_NEW/mobile_apps/ALADDIN_iOS/Screens/LanguageSettingsScreen.swift /Users/sergejhlystov/ALADDIN_NEW/ALADDIN_NEW/mobile_apps/ALADDIN_iOS/ViewModels/FamilyRegistrationViewModel.swift /Users/sergejhlystov/ALADDIN_NEW/ALADDIN_NEW/mobile_apps/ALADDIN_iOS/Shared/Styles/CornerRadius.swift /Users/sergejhlystov/ALADDIN_NEW/ALADDIN_NEW/mobile_apps/ALADDIN_iOS/Screens/01_MainScreen.swift /Users/sergejhlystov/ALADDIN_NEW/ALADDIN_NEW/mobile_apps/ALADDIN_iOS/Screens/FamilyTournamentView.swift /Users/sergejhlystov/ALADDIN_NEW/ALADDIN_NEW/mobile_apps/ALADDIN_iOS/Shared/Styles/Fonts.swift /Users/sergejhlystov/ALADDIN_NEW/ALADDIN_NEW/mobile_apps/ALADDIN_iOS/Screens/GamesParentalControlView.swift /Users/sergejhlystov/ALADDIN_NEW/ALADDIN_NEW/mobile_apps/ALADDIN_iOS/Shared/Components/QRScannerModal.swift /Users/sergejhlystov/ALADDIN_NEW/ALADDIN_NEW/mobile_apps/ALADDIN_iOS/Screens/04_AnalyticsScreen.swift /Users/sergejhlystov/ALADDIN_NEW/ALADDIN_NEW/mobile_apps/ALADDIN_iOS/Screens/24_VPNEnergyStatsScreen.swift /Users/sergejhlystov/ALADDIN_NEW/ALADDIN_NEW/mobile_apps/ALADDIN_iOS/Shared/Components/Modals/ProfileEditView.swift /Users/sergejhlystov/ALADDIN_NEW/ALADDIN_NEW/mobile_apps/ALADDIN_iOS/ViewModels/TariffsViewModel.swift /Users/sergejhlystov/ALADDIN_NEW/ALADDIN_NEW/mobile_apps/ALADDIN_iOS/Core/Notifications/NotificationManager.swift /Users/sergejhlystov/ALADDIN_NEW/ALADDIN_NEW/mobile_apps/ALADDIN_iOS/Core/Security/SecurityManager.swift -supplementary-output-file-map /var/folders/rf/6rxcyql17sz57_02ng7jd7pr0000gn/T/TemporaryDirectory.wFGpdC/supplementaryOutputs-3 -target x86_64-apple-ios15.0-simulator -enable-objc-interop -sdk /Applications/Xcode.app/Contents/Developer/Platforms/iPhoneSimulator.platform/Developer/SDKs/iPhoneSimulator15.2.sdk -I /Users/sergejhlystov/Library/Developer/Xcode/DerivedData/ALADDIN-eahryzmutvtbyceygnlyjsmiiaha/Build/Products/Debug-iphonesimulator -F /Users/sergejhlystov/Library/Developer/Xcode/DerivedData/ALADDIN-eahryzmutvtbyceygnlyjsmiiaha/Build/Products/Debug-iphonesimulator -enable-testing -g -module-cache-path /Users/sergejhlystov/Library/Developer/Xcode/DerivedData/ModuleCache.noindex -emit-localized-strings -emit-localized-strings-path /Users/sergejhlystov/Library/Developer/Xcode/DerivedData/ALADDIN-eahryzmutvtbyceygnlyjsmiiaha/Build/Intermediates.noindex/ALADDIN.build/Debug-iphonesimulator/ALADDIN.build/Objects-normal/x86_64 -swift-version 5 -enforce-exclusivity\=checked -Onone -D DEBUG -new-driver-path /Applications/Xcode.app/Contents/Developer/Toolchains/XcodeDefault.xctoolchain/usr/bin/swift-driver -serialize-debugging-options -Xcc -working-directory -Xcc /Users/sergejhlystov/ALADDIN_NEW/ALADDIN_NEW/mobile_apps/ALADDIN_iOS -resource-dir /Applications/Xcode.app/Contents/Developer/Toolchains/XcodeDefault.xctoolchain/usr/lib/swift -enable-anonymous-context-mangled-names -Xcc -I/Users/sergejhlystov/Library/Developer/Xcode/DerivedData/ALADDIN-eahryzmutvtbyceygnlyjsmiiaha/Build/Intermediates.noindex/ALADDIN.build/Debug-iphonesimulator/ALADDIN.build/swift-overrides.hmap -Xcc -iquote -Xcc /Users/sergejhlystov/Library/Developer/Xcode/DerivedData/ALADDIN-eahryzmutvtbyceygnlyjsmiiaha/Build/Intermediates.noindex/ALADDIN.build/Debug-iphonesimulator/ALADDIN.build/ALADDIN-generated-files.hmap -Xcc -I/Users/sergejhlystov/Library/Developer/Xcode/DerivedData/ALADDIN-eahryzmutvtbyceygnlyjsmiiaha/Build/Intermediates.noindex/ALADDIN.build/Debug-iphonesimulator/ALADDIN.build/ALADDIN-own-target-headers.hmap -Xcc -I/Users/sergejhlystov/Library/Developer/Xcode/DerivedData/ALADDIN-eahryzmutvtbyceygnlyjsmiiaha/Build/Intermediates.noindex/ALADDIN.build/Debug-iphonesimulator/ALADDIN.build/ALADDIN-all-target-headers.hmap -Xcc -iquote -Xcc /Users/sergejhlystov/Library/Developer/Xcode/DerivedData/ALADDIN-eahryzmutvtbyceygnlyjsmiiaha/Build/Intermediates.noindex/ALADDIN.build/Debug-iphonesimulator/ALADDIN.build/ALADDIN-project-headers.hmap -Xcc -I/Users/sergejhlystov/Library/Developer/Xcode/DerivedData/ALADDIN-eahryzmutvtbyceygnlyjsmiiaha/Build/Products/Debug-iphonesimulator/include -Xcc -I/Users/sergejhlystov/Library/Developer/Xcode/DerivedData/ALADDIN-eahryzmutvtbyceygnlyjsmiiaha/Build/Intermediates.noindex/ALADDIN.build/Debug-iphonesimulator/ALADDIN.build/DerivedSources-normal/x86_64 -Xcc -I/Users/sergejhlystov/Library/Developer/Xcode/DerivedData/ALADDIN-eahryzmutvtbyceygnlyjsmiiaha/Build/Intermediates.noindex/ALADDIN.build/Debug-iphonesimulator/ALADDIN.build/DerivedSources/x86_64 -Xcc -I/Users/sergejhlystov/Library/Developer/Xcode/DerivedData/ALADDIN-eahryzmutvtbyceygnlyjsmiiaha/Build/Intermediates.noindex/ALADDIN.build/Debug-iphonesimulator/ALADDIN.build/DerivedSources -Xcc -DDEBUG\=1 -module-name ALADDIN -target-sdk-version 15.2.0 -o /Users/sergejhlystov/Library/Developer/Xcode/DerivedData/ALADDIN-eahryzmutvtbyceygnlyjsmiiaha/Build/Intermediates.noindex/ALADDIN.build/Debug-iphonesimulator/ALADDIN.build/Objects-normal/x86_64/NetworkManager.o -o /Users/sergejhlystov/Library/Developer/Xcode/DerivedData/ALADDIN-eahryzmutvtbyceygnlyjsmiiaha/Build/Intermediates.noindex/ALADDIN.build/Debug-iphonesimulator/ALADDIN.build/Objects-normal/x86_64/19_TermsOfServiceScreen.o -o /Users/sergejhlystov/Library/Developer/Xcode/DerivedData/ALADDIN-eahryzmutvtbyceygnlyjsmiiaha/Build/Intermediates.noindex/ALADDIN.build/Debug-iphonesimulator/ALADDIN.build/Objects-normal/x86_64/AppConfig.o -o /Users/sergejhlystov/Library/Developer/Xcode/DerivedData/ALADDIN-eahryzmutvtbyceygnlyjsmiiaha/Build/Intermediates.noindex/ALADDIN.build/Debug-iphonesimulator/ALADDIN.build/Objects-normal/x86_64/FamilyViewModel.o -o /Users/sergejhlystov/Library/Developer/Xcode/DerivedData/ALADDIN-eahryzmutvtbyceygnlyjsmiiaha/Build/Intermediates.noindex/ALADDIN.build/Debug-iphonesimulator/ALADDIN.build/Objects-normal/x86_64/AIAssistantViewModel.o -o /Users/sergejhlystov/Library/Developer/Xcode/DerivedData/ALADDIN-eahryzmutvtbyceygnlyjsmiiaha/Build/Intermediates.noindex/ALADDIN.build/Debug-iphonesimulator/ALADDIN.build/Objects-normal/x86_64/22_DeviceDetailScreen.o -o /Users/sergejhlystov/Library/Developer/Xcode/DerivedData/ALADDIN-eahryzmutvtbyceygnlyjsmiiaha/Build/Intermediates.noindex/ALADDIN.build/Debug-iphonesimulator/ALADDIN.build/Objects-normal/x86_64/WidgetConfigurationScreen.o -o /Users/sergejhlystov/Library/Developer/Xcode/DerivedData/ALADDIN-eahryzmutvtbyceygnlyjsmiiaha/Build/Intermediates.noindex/ALADDIN.build/Debug-iphonesimulator/ALADDIN.build/Objects-normal/x86_64/KeychainManager.o -o /Users/sergejhlystov/Library/Developer/Xcode/DerivedData/ALADDIN-eahryzmutvtbyceygnlyjsmiiaha/Build/Intermediates.noindex/ALADDIN.build/Debug-iphonesimulator/ALADDIN.build/Objects-normal/x86_64/MemberStatsModalView.o -o /Users/sergejhlystov/Library/Developer/Xcode/DerivedData/ALADDIN-eahryzmutvtbyceygnlyjsmiiaha/Build/Intermediates.noindex/ALADDIN.build/Debug-iphonesimulator/ALADDIN.build/Objects-normal/x86_64/Spacing.o -o /Users/sergejhlystov/Library/Developer/Xcode/DerivedData/ALADDIN-eahryzmutvtbyceygnlyjsmiiaha/Build/Intermediates.noindex/ALADDIN.build/Debug-iphonesimulator/ALADDIN.build/Objects-normal/x86_64/RecoveryOptionsModal.o -o /Users/sergejhlystov/Library/Developer/Xcode/DerivedData/ALADDIN-eahryzmutvtbyceygnlyjsmiiaha/Build/Intermediates.noindex/ALADDIN.build/Debug-iphonesimulator/ALADDIN.build/Objects-normal/x86_64/SettingsViewModel.o -index-store-path /Users/sergejhlystov/Library/Developer/Xcode/DerivedData/ALADDIN-eahryzmutvtbyceygnlyjsmiiaha/Index/DataStore -index-system-modules

CompileSwift normal x86_64 /Users/sergejhlystov/ALADDIN_NEW/ALADDIN_NEW/mobile_apps/ALADDIN_iOS/Screens/19_TermsOfServiceScreen.swift (in target 'ALADDIN' from project 'ALADDIN')
    cd /Users/sergejhlystov/ALADDIN_NEW/ALADDIN_NEW/mobile_apps/ALADDIN_iOS
    /Applications/Xcode.app/Contents/Developer/Toolchains/XcodeDefault.xctoolchain/usr/bin/swift-frontend -frontend -c /Users/sergejhlystov/ALADDIN_NEW/ALADDIN_NEW/mobile_apps/ALADDIN_iOS/Screens/RewardsQuickModal.swift /Users/sergejhlystov/ALADDIN_NEW/ALADDIN_NEW/mobile_apps/ALADDIN_iOS/Screens/08_ChildInterfaceScreen.swift /Users/sergejhlystov/ALADDIN_NEW/ALADDIN_NEW/mobile_apps/ALADDIN_iOS/ContentView.swift /Users/sergejhlystov/ALADDIN_NEW/ALADDIN_NEW/mobile_apps/ALADDIN_iOS/Shared/Components/ALADDINToggle.swift /Users/sergejhlystov/ALADDIN_NEW/ALADDIN_NEW/mobile_apps/ALADDIN_iOS/Components/Modals/AgeGroupSelectionModal.swift /Users/sergejhlystov/ALADDIN_NEW/ALADDIN_NEW/mobile_apps/ALADDIN_iOS/ALADDINApp.swift /Users/sergejhlystov/ALADDIN_NEW/ALADDIN_NEW/mobile_apps/ALADDIN_iOS/Shared/Models/FunctionStatus.swift /Users/sergejhlystov/ALADDIN_NEW/ALADDIN_NEW/mobile_apps/ALADDIN_iOS/ViewModels/MainViewModel.swift /Users/sergejhlystov/ALADDIN_NEW/ALADDIN_NEW/mobile_apps/ALADDIN_iOS/Shared/Components/Buttons/PrimaryButton.swift /Users/sergejhlystov/ALADDIN_NEW/ALADDIN_NEW/mobile_apps/ALADDIN_iOS/Screens/NotificationSettingsScreen.swift /Users/sergejhlystov/ALADDIN_NEW/ALADDIN_NEW/mobile_apps/ALADDIN_iOS/Screens/ChildContentScreen.swift /Users/sergejhlystov/ALADDIN_NEW/ALADDIN_NEW/mobile_apps/ALADDIN_iOS/Shared/Components/StatItem.swift /Users/sergejhlystov/ALADDIN_NEW/ALADDIN_NEW/mobile_apps/ALADDIN_iOS/Shared/Components/Cards/FamilyMemberCard.swift /Users/sergejhlystov/ALADDIN_NEW/ALADDIN_NEW/mobile_apps/ALADDIN_iOS/ViewModels/VPNViewModel.swift /Users/sergejhlystov/ALADDIN_NEW/ALADDIN_NEW/mobile_apps/ALADDIN_iOS/Core/Models/APIModels.swift /Users/sergejhlystov/ALADDIN_NEW/ALADDIN_NEW/mobile_apps/ALADDIN_iOS/Core/VPN/VPNManager.swift /Users/sergejhlystov/ALADDIN_NEW/ALADDIN_NEW/mobile_apps/ALADDIN_iOS/Screens/UnicornPetView.swift /Users/sergejhlystov/ALADDIN_NEW/ALADDIN_NEW/mobile_apps/ALADDIN_iOS/Core/Network/APIService.swift /Users/sergejhlystov/ALADDIN_NEW/ALADDIN_NEW/mobile_apps/ALADDIN_iOS/Screens/18_PrivacyPolicyScreen.swift /Users/sergejhlystov/ALADDIN_NEW/ALADDIN_NEW/mobile_apps/ALADDIN_iOS/Screens/10_TariffsScreen.swift /Users/sergejhlystov/ALADDIN_NEW/ALADDIN_NEW/mobile_apps/ALADDIN_iOS/Screens/03_VPNScreen.swift /Users/sergejhlystov/ALADDIN_NEW/ALADDIN_NEW/mobile_apps/ALADDIN_iOS/Screens/09_ElderlyInterfaceScreen.swift /Users/sergejhlystov/ALADDIN_NEW/ALADDIN_NEW/mobile_apps/ALADDIN_iOS/Shared/Components/SecondaryButton.swift /Users/sergejhlystov/ALADDIN_NEW/ALADDIN_NEW/mobile_apps/ALADDIN_iOS/Screens/11_ProfileScreen.swift -primary-file /Users/sergejhlystov/ALADDIN_NEW/ALADDIN_NEW/mobile_apps/ALADDIN_iOS/Core/Network/NetworkManager.swift -primary-file /Users/sergejhlystov/ALADDIN_NEW/ALADDIN_NEW/mobile_apps/ALADDIN_iOS/Screens/19_TermsOfServiceScreen.swift -primary-file /Users/sergejhlystov/ALADDIN_NEW/ALADDIN_NEW/mobile_apps/ALADDIN_iOS/Core/Config/AppConfig.swift -primary-file /Users/sergejhlystov/ALADDIN_NEW/ALADDIN_NEW/mobile_apps/ALADDIN_iOS/ViewModels/FamilyViewModel.swift -primary-file /Users/sergejhlystov/ALADDIN_NEW/ALADDIN_NEW/mobile_apps/ALADDIN_iOS/ViewModels/AIAssistantViewModel.swift -primary-file /Users/sergejhlystov/ALADDIN_NEW/ALADDIN_NEW/mobile_apps/ALADDIN_iOS/Screens/22_DeviceDetailScreen.swift -primary-file /Users/sergejhlystov/ALADDIN_NEW/ALADDIN_NEW/mobile_apps/ALADDIN_iOS/Screens/WidgetConfigurationScreen.swift -primary-file /Users/sergejhlystov/ALADDIN_NEW/ALADDIN_NEW/mobile_apps/ALADDIN_iOS/Core/Security/KeychainManager.swift -primary-file /Users/sergejhlystov/ALADDIN_NEW/ALADDIN_NEW/mobile_apps/ALADDIN_iOS/Shared/Components/Modals/MemberStatsModalView.swift -primary-file /Users/sergejhlystov/ALADDIN_NEW/ALADDIN_NEW/mobile_apps/ALADDIN_iOS/Shared/Styles/Spacing.swift -primary-file /Users/sergejhlystov/ALADDIN_NEW/ALADDIN_NEW/mobile_apps/ALADDIN_iOS/Shared/Components/RecoveryOptionsModal.swift -primary-file /Users/sergejhlystov/ALADDIN_NEW/ALADDIN_NEW/mobile_apps/ALADDIN_iOS/ViewModels/SettingsViewModel.swift /Users/sergejhlystov/ALADDIN_NEW/ALADDIN_NEW/mobile_apps/ALADDIN_iOS/Shared/Components/InfoRow.swift /Users/sergejhlystov/ALADDIN_NEW/ALADDIN_NEW/mobile_apps/ALADDIN_iOS/Screens/25_PaymentQRScreen.swift /Users/sergejhlystov/ALADDIN_NEW/ALADDIN_NEW/mobile_apps/ALADDIN_iOS/Shared/Components/Modals/RoleSelectionModal.swift /Users/sergejhlystov/ALADDIN_NEW/ALADDIN_NEW/mobile_apps/ALADDIN_iOS/ViewModels/SupportViewModel.swift /Users/sergejhlystov/ALADDIN_NEW/ALADDIN_NEW/mobile_apps/ALADDIN_iOS/ViewModels/ChildInterfaceViewModel.swift /Users/sergejhlystov/ALADDIN_NEW/ALADDIN_NEW/mobile_apps/ALADDIN_iOS/Screens/12_NotificationsScreen.swift /Users/sergejhlystov/ALADDIN_NEW/ALADDIN_NEW/mobile_apps/ALADDIN_iOS/ViewModels/ElderlyInterfaceViewModel.swift /Users/sergejhlystov/ALADDIN_NEW/ALADDIN_NEW/mobile_apps/ALADDIN_iOS/ViewModels/AnalyticsViewModel.swift /Users/sergejhlystov/ALADDIN_NEW/ALADDIN_NEW/mobile_apps/ALADDIN_iOS/Core/Cache/CacheManager.swift /Users/sergejhlystov/ALADDIN_NEW/ALADDIN_NEW/mobile_apps/ALADDIN_iOS/ViewModels/NotificationsViewModel.swift /Users/sergejhlystov/ALADDIN_NEW/ALADDIN_NEW/mobile_apps/ALADDIN_iOS/Screens/06_AIAssistantScreen.swift /Users/sergejhlystov/ALADDIN_NEW/ALADDIN_NEW/mobile_apps/ALADDIN_iOS/ViewModels/ProfileViewModel.swift /Users/sergejhlystov/ALADDIN_NEW/ALADDIN_NEW/mobile_apps/ALADDIN_iOS/Components/Modals/ConsentModal.swift /Users/sergejhlystov/ALADDIN_NEW/ALADDIN_NEW/mobile_apps/ALADDIN_iOS/ViewModels/ParentalControlViewModel.swift /Users/sergejhlystov/ALADDIN_NEW/ALADDIN_NEW/mobile_apps/ALADDIN_iOS/ViewModels/OnboardingViewModel.swift /Users/sergejhlystov/ALADDIN_NEW/ALADDIN_NEW/mobile_apps/ALADDIN_iOS/Shared/Styles/Colors.swift /Users/sergejhlystov/ALADDIN_NEW/ALADDIN_NEW/mobile_apps/ALADDIN_iOS/Screens/ChildRewardsScreen.swift /Users/sergejhlystov/ALADDIN_NEW/ALADDIN_NEW/mobile_apps/ALADDIN_iOS/Screens/21_ReferralScreen.swift /Users/sergejhlystov/ALADDIN_NEW/ALADDIN_NEW/mobile_apps/ALADDIN_iOS/Shared/Components/AvatarSelector.swift /Users/sergejhlystov/ALADDIN_NEW/ALADDIN_NEW/mobile_apps/ALADDIN_iOS/Shared/Components/Navigation/ALADDINNavigationBar.swift /Users/sergejhlystov/ALADDIN_NEW/ALADDIN_NEW/mobile_apps/ALADDIN_iOS/Screens/14_OnboardingScreen.swift /Users/sergejhlystov/ALADDIN_NEW/ALADDIN_NEW/mobile_apps/ALADDIN_iOS/Components/Modals/FamilyCreatedModal.swift /Users/sergejhlystov/ALADDIN_NEW/ALADDIN_NEW/mobile_apps/ALADDIN_iOS/ViewModels/PaymentQRViewModel.swift /Users/sergejhlystov/ALADDIN_NEW/ALADDIN_NEW/mobile_apps/ALADDIN_iOS/Core/Navigation/NavigationManager.swift /Users/sergejhlystov/ALADDIN_NEW/ALADDIN_NEW/mobile_apps/ALADDIN_iOS/Core/Accessibility/AccessibilityManager.swift /Users/sergejhlystov/ALADDIN_NEW/ALADDIN_NEW/mobile_apps/ALADDIN_iOS/Core/Store/StoreManager.swift /Users/sergejhlystov/ALADDIN_NEW/ALADDIN_NEW/mobile_apps/ALADDIN_iOS/Screens/WheelOfFortuneView.swift /Users/sergejhlystov/ALADDIN_NEW/ALADDIN_NEW/mobile_apps/ALADDIN_iOS/Screens/UnicornUniverseView.swift /Users/sergejhlystov/ALADDIN_NEW/ALADDIN_NEW/mobile_apps/ALADDIN_iOS/Core/Localization/LocalizationManager.swift /Users/sergejhlystov/ALADDIN_NEW/ALADDIN_NEW/mobile_apps/ALADDIN_iOS/Screens/13_SupportScreen.swift /Users/sergejhlystov/ALADDIN_NEW/ALADDIN_NEW/mobile_apps/ALADDIN_iOS/Core/Analytics/AnalyticsManager.swift /Users/sergejhlystov/ALADDIN_NEW/ALADDIN_NEW/mobile_apps/ALADDIN_iOS/Screens/07_ParentalControlScreen.swift /Users/sergejhlystov/ALADDIN_NEW/ALADDIN_NEW/mobile_apps/ALADDIN_iOS/Screens/05_SettingsScreen.swift /Users/sergejhlystov/ALADDIN_NEW/ALADDIN_NEW/mobile_apps/ALADDIN_iOS/Screens/RewardsModalView.swift /Users/sergejhlystov/ALADDIN_NEW/ALADDIN_NEW/mobile_apps/ALADDIN_iOS/Screens/23_FamilyChatScreen.swift /Users/sergejhlystov/ALADDIN_NEW/ALADDIN_NEW/mobile_apps/ALADDIN_iOS/Screens/02_FamilyScreen.swift /Users/sergejhlystov/ALADDIN_NEW/ALADDIN_NEW/mobile_apps/ALADDIN_iOS/Screens/20_DevicesScreen.swift /Users/sergejhlystov/ALADDIN_NEW/ALADDIN_NEW/mobile_apps/ALADDIN_iOS/Shared/Components/ViewModifiers.swift /Users/sergejhlystov/ALADDIN_NEW/ALADDIN_NEW/mobile_apps/ALADDIN_iOS/Shared/Components/HapticFeedback.swift /Users/sergejhlystov/ALADDIN_NEW/ALADDIN_NEW/mobile_apps/ALADDIN_iOS/Screens/MainScreenWithRegistration.swift /Users/sergejhlystov/ALADDIN_NEW/ALADDIN_NEW/mobile_apps/ALADDIN_iOS/Core/Network/NetworkError.swift /Users/sergejhlystov/ALADDIN_NEW/ALADDIN_NEW/mobile_apps/ALADDIN_iOS/Screens/LanguageSettingsScreen.swift /Users/sergejhlystov/ALADDIN_NEW/ALADDIN_NEW/mobile_apps/ALADDIN_iOS/ViewModels/FamilyRegistrationViewModel.swift /Users/sergejhlystov/ALADDIN_NEW/ALADDIN_NEW/mobile_apps/ALADDIN_iOS/Shared/Styles/CornerRadius.swift /Users/sergejhlystov/ALADDIN_NEW/ALADDIN_NEW/mobile_apps/ALADDIN_iOS/Screens/01_MainScreen.swift /Users/sergejhlystov/ALADDIN_NEW/ALADDIN_NEW/mobile_apps/ALADDIN_iOS/Screens/FamilyTournamentView.swift /Users/sergejhlystov/ALADDIN_NEW/ALADDIN_NEW/mobile_apps/ALADDIN_iOS/Shared/Styles/Fonts.swift /Users/sergejhlystov/ALADDIN_NEW/ALADDIN_NEW/mobile_apps/ALADDIN_iOS/Screens/GamesParentalControlView.swift /Users/sergejhlystov/ALADDIN_NEW/ALADDIN_NEW/mobile_apps/ALADDIN_iOS/Shared/Components/QRScannerModal.swift /Users/sergejhlystov/ALADDIN_NEW/ALADDIN_NEW/mobile_apps/ALADDIN_iOS/Screens/04_AnalyticsScreen.swift /Users/sergejhlystov/ALADDIN_NEW/ALADDIN_NEW/mobile_apps/ALADDIN_iOS/Screens/24_VPNEnergyStatsScreen.swift /Users/sergejhlystov/ALADDIN_NEW/ALADDIN_NEW/mobile_apps/ALADDIN_iOS/Shared/Components/Modals/ProfileEditView.swift /Users/sergejhlystov/ALADDIN_NEW/ALADDIN_NEW/mobile_apps/ALADDIN_iOS/ViewModels/TariffsViewModel.swift /Users/sergejhlystov/ALADDIN_NEW/ALADDIN_NEW/mobile_apps/ALADDIN_iOS/Core/Notifications/NotificationManager.swift /Users/sergejhlystov/ALADDIN_NEW/ALADDIN_NEW/mobile_apps/ALADDIN_iOS/Core/Security/SecurityManager.swift -supplementary-output-file-map /var/folders/rf/6rxcyql17sz57_02ng7jd7pr0000gn/T/TemporaryDirectory.wFGpdC/supplementaryOutputs-3 -target x86_64-apple-ios15.0-simulator -enable-objc-interop -sdk /Applications/Xcode.app/Contents/Developer/Platforms/iPhoneSimulator.platform/Developer/SDKs/iPhoneSimulator15.2.sdk -I /Users/sergejhlystov/Library/Developer/Xcode/DerivedData/ALADDIN-eahryzmutvtbyceygnlyjsmiiaha/Build/Products/Debug-iphonesimulator -F /Users/sergejhlystov/Library/Developer/Xcode/DerivedData/ALADDIN-eahryzmutvtbyceygnlyjsmiiaha/Build/Products/Debug-iphonesimulator -enable-testing -g -module-cache-path /Users/sergejhlystov/Library/Developer/Xcode/DerivedData/ModuleCache.noindex -emit-localized-strings -emit-localized-strings-path /Users/sergejhlystov/Library/Developer/Xcode/DerivedData/ALADDIN-eahryzmutvtbyceygnlyjsmiiaha/Build/Intermediates.noindex/ALADDIN.build/Debug-iphonesimulator/ALADDIN.build/Objects-normal/x86_64 -swift-version 5 -enforce-exclusivity\=checked -Onone -D DEBUG -new-driver-path /Applications/Xcode.app/Contents/Developer/Toolchains/XcodeDefault.xctoolchain/usr/bin/swift-driver -serialize-debugging-options -Xcc -working-directory -Xcc /Users/sergejhlystov/ALADDIN_NEW/ALADDIN_NEW/mobile_apps/ALADDIN_iOS -resource-dir /Applications/Xcode.app/Contents/Developer/Toolchains/XcodeDefault.xctoolchain/usr/lib/swift -enable-anonymous-context-mangled-names -Xcc -I/Users/sergejhlystov/Library/Developer/Xcode/DerivedData/ALADDIN-eahryzmutvtbyceygnlyjsmiiaha/Build/Intermediates.noindex/ALADDIN.build/Debug-iphonesimulator/ALADDIN.build/swift-overrides.hmap -Xcc -iquote -Xcc /Users/sergejhlystov/Library/Developer/Xcode/DerivedData/ALADDIN-eahryzmutvtbyceygnlyjsmiiaha/Build/Intermediates.noindex/ALADDIN.build/Debug-iphonesimulator/ALADDIN.build/ALADDIN-generated-files.hmap -Xcc -I/Users/sergejhlystov/Library/Developer/Xcode/DerivedData/ALADDIN-eahryzmutvtbyceygnlyjsmiiaha/Build/Intermediates.noindex/ALADDIN.build/Debug-iphonesimulator/ALADDIN.build/ALADDIN-own-target-headers.hmap -Xcc -I/Users/sergejhlystov/Library/Developer/Xcode/DerivedData/ALADDIN-eahryzmutvtbyceygnlyjsmiiaha/Build/Intermediates.noindex/ALADDIN.build/Debug-iphonesimulator/ALADDIN.build/ALADDIN-all-target-headers.hmap -Xcc -iquote -Xcc /Users/sergejhlystov/Library/Developer/Xcode/DerivedData/ALADDIN-eahryzmutvtbyceygnlyjsmiiaha/Build/Intermediates.noindex/ALADDIN.build/Debug-iphonesimulator/ALADDIN.build/ALADDIN-project-headers.hmap -Xcc -I/Users/sergejhlystov/Library/Developer/Xcode/DerivedData/ALADDIN-eahryzmutvtbyceygnlyjsmiiaha/Build/Products/Debug-iphonesimulator/include -Xcc -I/Users/sergejhlystov/Library/Developer/Xcode/DerivedData/ALADDIN-eahryzmutvtbyceygnlyjsmiiaha/Build/Intermediates.noindex/ALADDIN.build/Debug-iphonesimulator/ALADDIN.build/DerivedSources-normal/x86_64 -Xcc -I/Users/sergejhlystov/Library/Developer/Xcode/DerivedData/ALADDIN-eahryzmutvtbyceygnlyjsmiiaha/Build/Intermediates.noindex/ALADDIN.build/Debug-iphonesimulator/ALADDIN.build/DerivedSources/x86_64 -Xcc -I/Users/sergejhlystov/Library/Developer/Xcode/DerivedData/ALADDIN-eahryzmutvtbyceygnlyjsmiiaha/Build/Intermediates.noindex/ALADDIN.build/Debug-iphonesimulator/ALADDIN.build/DerivedSources -Xcc -DDEBUG\=1 -module-name ALADDIN -target-sdk-version 15.2.0 -o /Users/sergejhlystov/Library/Developer/Xcode/DerivedData/ALADDIN-eahryzmutvtbyceygnlyjsmiiaha/Build/Intermediates.noindex/ALADDIN.build/Debug-iphonesimulator/ALADDIN.build/Objects-normal/x86_64/NetworkManager.o -o /Users/sergejhlystov/Library/Developer/Xcode/DerivedData/ALADDIN-eahryzmutvtbyceygnlyjsmiiaha/Build/Intermediates.noindex/ALADDIN.build/Debug-iphonesimulator/ALADDIN.build/Objects-normal/x86_64/19_TermsOfServiceScreen.o -o /Users/sergejhlystov/Library/Developer/Xcode/DerivedData/ALADDIN-eahryzmutvtbyceygnlyjsmiiaha/Build/Intermediates.noindex/ALADDIN.build/Debug-iphonesimulator/ALADDIN.build/Objects-normal/x86_64/AppConfig.o -o /Users/sergejhlystov/Library/Developer/Xcode/DerivedData/ALADDIN-eahryzmutvtbyceygnlyjsmiiaha/Build/Intermediates.noindex/ALADDIN.build/Debug-iphonesimulator/ALADDIN.build/Objects-normal/x86_64/FamilyViewModel.o -o /Users/sergejhlystov/Library/Developer/Xcode/DerivedData/ALADDIN-eahryzmutvtbyceygnlyjsmiiaha/Build/Intermediates.noindex/ALADDIN.build/Debug-iphonesimulator/ALADDIN.build/Objects-normal/x86_64/AIAssistantViewModel.o -o /Users/sergejhlystov/Library/Developer/Xcode/DerivedData/ALADDIN-eahryzmutvtbyceygnlyjsmiiaha/Build/Intermediates.noindex/ALADDIN.build/Debug-iphonesimulator/ALADDIN.build/Objects-normal/x86_64/22_DeviceDetailScreen.o -o /Users/sergejhlystov/Library/Developer/Xcode/DerivedData/ALADDIN-eahryzmutvtbyceygnlyjsmiiaha/Build/Intermediates.noindex/ALADDIN.build/Debug-iphonesimulator/ALADDIN.build/Objects-normal/x86_64/WidgetConfigurationScreen.o -o /Users/sergejhlystov/Library/Developer/Xcode/DerivedData/ALADDIN-eahryzmutvtbyceygnlyjsmiiaha/Build/Intermediates.noindex/ALADDIN.build/Debug-iphonesimulator/ALADDIN.build/Objects-normal/x86_64/KeychainManager.o -o /Users/sergejhlystov/Library/Developer/Xcode/DerivedData/ALADDIN-eahryzmutvtbyceygnlyjsmiiaha/Build/Intermediates.noindex/ALADDIN.build/Debug-iphonesimulator/ALADDIN.build/Objects-normal/x86_64/MemberStatsModalView.o -o /Users/sergejhlystov/Library/Developer/Xcode/DerivedData/ALADDIN-eahryzmutvtbyceygnlyjsmiiaha/Build/Intermediates.noindex/ALADDIN.build/Debug-iphonesimulator/ALADDIN.build/Objects-normal/x86_64/Spacing.o -o /Users/sergejhlystov/Library/Developer/Xcode/DerivedData/ALADDIN-eahryzmutvtbyceygnlyjsmiiaha/Build/Intermediates.noindex/ALADDIN.build/Debug-iphonesimulator/ALADDIN.build/Objects-normal/x86_64/RecoveryOptionsModal.o -o /Users/sergejhlystov/Library/Developer/Xcode/DerivedData/ALADDIN-eahryzmutvtbyceygnlyjsmiiaha/Build/Intermediates.noindex/ALADDIN.build/Debug-iphonesimulator/ALADDIN.build/Objects-normal/x86_64/SettingsViewModel.o -index-store-path /Users/sergejhlystov/Library/Developer/Xcode/DerivedData/ALADDIN-eahryzmutvtbyceygnlyjsmiiaha/Index/DataStore -index-system-modules

CompileSwift normal x86_64 /Users/sergejhlystov/ALADDIN_NEW/ALADDIN_NEW/mobile_apps/ALADDIN_iOS/Core/Config/AppConfig.swift (in target 'ALADDIN' from project 'ALADDIN')
    cd /Users/sergejhlystov/ALADDIN_NEW/ALADDIN_NEW/mobile_apps/ALADDIN_iOS
    /Applications/Xcode.app/Contents/Developer/Toolchains/XcodeDefault.xctoolchain/usr/bin/swift-frontend -frontend -c /Users/sergejhlystov/ALADDIN_NEW/ALADDIN_NEW/mobile_apps/ALADDIN_iOS/Screens/RewardsQuickModal.swift /Users/sergejhlystov/ALADDIN_NEW/ALADDIN_NEW/mobile_apps/ALADDIN_iOS/Screens/08_ChildInterfaceScreen.swift /Users/sergejhlystov/ALADDIN_NEW/ALADDIN_NEW/mobile_apps/ALADDIN_iOS/ContentView.swift /Users/sergejhlystov/ALADDIN_NEW/ALADDIN_NEW/mobile_apps/ALADDIN_iOS/Shared/Components/ALADDINToggle.swift /Users/sergejhlystov/ALADDIN_NEW/ALADDIN_NEW/mobile_apps/ALADDIN_iOS/Components/Modals/AgeGroupSelectionModal.swift /Users/sergejhlystov/ALADDIN_NEW/ALADDIN_NEW/mobile_apps/ALADDIN_iOS/ALADDINApp.swift /Users/sergejhlystov/ALADDIN_NEW/ALADDIN_NEW/mobile_apps/ALADDIN_iOS/Shared/Models/FunctionStatus.swift /Users/sergejhlystov/ALADDIN_NEW/ALADDIN_NEW/mobile_apps/ALADDIN_iOS/ViewModels/MainViewModel.swift /Users/sergejhlystov/ALADDIN_NEW/ALADDIN_NEW/mobile_apps/ALADDIN_iOS/Shared/Components/Buttons/PrimaryButton.swift /Users/sergejhlystov/ALADDIN_NEW/ALADDIN_NEW/mobile_apps/ALADDIN_iOS/Screens/NotificationSettingsScreen.swift /Users/sergejhlystov/ALADDIN_NEW/ALADDIN_NEW/mobile_apps/ALADDIN_iOS/Screens/ChildContentScreen.swift /Users/sergejhlystov/ALADDIN_NEW/ALADDIN_NEW/mobile_apps/ALADDIN_iOS/Shared/Components/StatItem.swift /Users/sergejhlystov/ALADDIN_NEW/ALADDIN_NEW/mobile_apps/ALADDIN_iOS/Shared/Components/Cards/FamilyMemberCard.swift /Users/sergejhlystov/ALADDIN_NEW/ALADDIN_NEW/mobile_apps/ALADDIN_iOS/ViewModels/VPNViewModel.swift /Users/sergejhlystov/ALADDIN_NEW/ALADDIN_NEW/mobile_apps/ALADDIN_iOS/Core/Models/APIModels.swift /Users/sergejhlystov/ALADDIN_NEW/ALADDIN_NEW/mobile_apps/ALADDIN_iOS/Core/VPN/VPNManager.swift /Users/sergejhlystov/ALADDIN_NEW/ALADDIN_NEW/mobile_apps/ALADDIN_iOS/Screens/UnicornPetView.swift /Users/sergejhlystov/ALADDIN_NEW/ALADDIN_NEW/mobile_apps/ALADDIN_iOS/Core/Network/APIService.swift /Users/sergejhlystov/ALADDIN_NEW/ALADDIN_NEW/mobile_apps/ALADDIN_iOS/Screens/18_PrivacyPolicyScreen.swift /Users/sergejhlystov/ALADDIN_NEW/ALADDIN_NEW/mobile_apps/ALADDIN_iOS/Screens/10_TariffsScreen.swift /Users/sergejhlystov/ALADDIN_NEW/ALADDIN_NEW/mobile_apps/ALADDIN_iOS/Screens/03_VPNScreen.swift /Users/sergejhlystov/ALADDIN_NEW/ALADDIN_NEW/mobile_apps/ALADDIN_iOS/Screens/09_ElderlyInterfaceScreen.swift /Users/sergejhlystov/ALADDIN_NEW/ALADDIN_NEW/mobile_apps/ALADDIN_iOS/Shared/Components/SecondaryButton.swift /Users/sergejhlystov/ALADDIN_NEW/ALADDIN_NEW/mobile_apps/ALADDIN_iOS/Screens/11_ProfileScreen.swift -primary-file /Users/sergejhlystov/ALADDIN_NEW/ALADDIN_NEW/mobile_apps/ALADDIN_iOS/Core/Network/NetworkManager.swift -primary-file /Users/sergejhlystov/ALADDIN_NEW/ALADDIN_NEW/mobile_apps/ALADDIN_iOS/Screens/19_TermsOfServiceScreen.swift -primary-file /Users/sergejhlystov/ALADDIN_NEW/ALADDIN_NEW/mobile_apps/ALADDIN_iOS/Core/Config/AppConfig.swift -primary-file /Users/sergejhlystov/ALADDIN_NEW/ALADDIN_NEW/mobile_apps/ALADDIN_iOS/ViewModels/FamilyViewModel.swift -primary-file /Users/sergejhlystov/ALADDIN_NEW/ALADDIN_NEW/mobile_apps/ALADDIN_iOS/ViewModels/AIAssistantViewModel.swift -primary-file /Users/sergejhlystov/ALADDIN_NEW/ALADDIN_NEW/mobile_apps/ALADDIN_iOS/Screens/22_DeviceDetailScreen.swift -primary-file /Users/sergejhlystov/ALADDIN_NEW/ALADDIN_NEW/mobile_apps/ALADDIN_iOS/Screens/WidgetConfigurationScreen.swift -primary-file /Users/sergejhlystov/ALADDIN_NEW/ALADDIN_NEW/mobile_apps/ALADDIN_iOS/Core/Security/KeychainManager.swift -primary-file /Users/sergejhlystov/ALADDIN_NEW/ALADDIN_NEW/mobile_apps/ALADDIN_iOS/Shared/Components/Modals/MemberStatsModalView.swift -primary-file /Users/sergejhlystov/ALADDIN_NEW/ALADDIN_NEW/mobile_apps/ALADDIN_iOS/Shared/Styles/Spacing.swift -primary-file /Users/sergejhlystov/ALADDIN_NEW/ALADDIN_NEW/mobile_apps/ALADDIN_iOS/Shared/Components/RecoveryOptionsModal.swift -primary-file /Users/sergejhlystov/ALADDIN_NEW/ALADDIN_NEW/mobile_apps/ALADDIN_iOS/ViewModels/SettingsViewModel.swift /Users/sergejhlystov/ALADDIN_NEW/ALADDIN_NEW/mobile_apps/ALADDIN_iOS/Shared/Components/InfoRow.swift /Users/sergejhlystov/ALADDIN_NEW/ALADDIN_NEW/mobile_apps/ALADDIN_iOS/Screens/25_PaymentQRScreen.swift /Users/sergejhlystov/ALADDIN_NEW/ALADDIN_NEW/mobile_apps/ALADDIN_iOS/Shared/Components/Modals/RoleSelectionModal.swift /Users/sergejhlystov/ALADDIN_NEW/ALADDIN_NEW/mobile_apps/ALADDIN_iOS/ViewModels/SupportViewModel.swift /Users/sergejhlystov/ALADDIN_NEW/ALADDIN_NEW/mobile_apps/ALADDIN_iOS/ViewModels/ChildInterfaceViewModel.swift /Users/sergejhlystov/ALADDIN_NEW/ALADDIN_NEW/mobile_apps/ALADDIN_iOS/Screens/12_NotificationsScreen.swift /Users/sergejhlystov/ALADDIN_NEW/ALADDIN_NEW/mobile_apps/ALADDIN_iOS/ViewModels/ElderlyInterfaceViewModel.swift /Users/sergejhlystov/ALADDIN_NEW/ALADDIN_NEW/mobile_apps/ALADDIN_iOS/ViewModels/AnalyticsViewModel.swift /Users/sergejhlystov/ALADDIN_NEW/ALADDIN_NEW/mobile_apps/ALADDIN_iOS/Core/Cache/CacheManager.swift /Users/sergejhlystov/ALADDIN_NEW/ALADDIN_NEW/mobile_apps/ALADDIN_iOS/ViewModels/NotificationsViewModel.swift /Users/sergejhlystov/ALADDIN_NEW/ALADDIN_NEW/mobile_apps/ALADDIN_iOS/Screens/06_AIAssistantScreen.swift /Users/sergejhlystov/ALADDIN_NEW/ALADDIN_NEW/mobile_apps/ALADDIN_iOS/ViewModels/ProfileViewModel.swift /Users/sergejhlystov/ALADDIN_NEW/ALADDIN_NEW/mobile_apps/ALADDIN_iOS/Components/Modals/ConsentModal.swift /Users/sergejhlystov/ALADDIN_NEW/ALADDIN_NEW/mobile_apps/ALADDIN_iOS/ViewModels/ParentalControlViewModel.swift /Users/sergejhlystov/ALADDIN_NEW/ALADDIN_NEW/mobile_apps/ALADDIN_iOS/ViewModels/OnboardingViewModel.swift /Users/sergejhlystov/ALADDIN_NEW/ALADDIN_NEW/mobile_apps/ALADDIN_iOS/Shared/Styles/Colors.swift /Users/sergejhlystov/ALADDIN_NEW/ALADDIN_NEW/mobile_apps/ALADDIN_iOS/Screens/ChildRewardsScreen.swift /Users/sergejhlystov/ALADDIN_NEW/ALADDIN_NEW/mobile_apps/ALADDIN_iOS/Screens/21_ReferralScreen.swift /Users/sergejhlystov/ALADDIN_NEW/ALADDIN_NEW/mobile_apps/ALADDIN_iOS/Shared/Components/AvatarSelector.swift /Users/sergejhlystov/ALADDIN_NEW/ALADDIN_NEW/mobile_apps/ALADDIN_iOS/Shared/Components/Navigation/ALADDINNavigationBar.swift /Users/sergejhlystov/ALADDIN_NEW/ALADDIN_NEW/mobile_apps/ALADDIN_iOS/Screens/14_OnboardingScreen.swift /Users/sergejhlystov/ALADDIN_NEW/ALADDIN_NEW/mobile_apps/ALADDIN_iOS/Components/Modals/FamilyCreatedModal.swift /Users/sergejhlystov/ALADDIN_NEW/ALADDIN_NEW/mobile_apps/ALADDIN_iOS/ViewModels/PaymentQRViewModel.swift /Users/sergejhlystov/ALADDIN_NEW/ALADDIN_NEW/mobile_apps/ALADDIN_iOS/Core/Navigation/NavigationManager.swift /Users/sergejhlystov/ALADDIN_NEW/ALADDIN_NEW/mobile_apps/ALADDIN_iOS/Core/Accessibility/AccessibilityManager.swift /Users/sergejhlystov/ALADDIN_NEW/ALADDIN_NEW/mobile_apps/ALADDIN_iOS/Core/Store/StoreManager.swift /Users/sergejhlystov/ALADDIN_NEW/ALADDIN_NEW/mobile_apps/ALADDIN_iOS/Screens/WheelOfFortuneView.swift /Users/sergejhlystov/ALADDIN_NEW/ALADDIN_NEW/mobile_apps/ALADDIN_iOS/Screens/UnicornUniverseView.swift /Users/sergejhlystov/ALADDIN_NEW/ALADDIN_NEW/mobile_apps/ALADDIN_iOS/Core/Localization/LocalizationManager.swift /Users/sergejhlystov/ALADDIN_NEW/ALADDIN_NEW/mobile_apps/ALADDIN_iOS/Screens/13_SupportScreen.swift /Users/sergejhlystov/ALADDIN_NEW/ALADDIN_NEW/mobile_apps/ALADDIN_iOS/Core/Analytics/AnalyticsManager.swift /Users/sergejhlystov/ALADDIN_NEW/ALADDIN_NEW/mobile_apps/ALADDIN_iOS/Screens/07_ParentalControlScreen.swift /Users/sergejhlystov/ALADDIN_NEW/ALADDIN_NEW/mobile_apps/ALADDIN_iOS/Screens/05_SettingsScreen.swift /Users/sergejhlystov/ALADDIN_NEW/ALADDIN_NEW/mobile_apps/ALADDIN_iOS/Screens/RewardsModalView.swift /Users/sergejhlystov/ALADDIN_NEW/ALADDIN_NEW/mobile_apps/ALADDIN_iOS/Screens/23_FamilyChatScreen.swift /Users/sergejhlystov/ALADDIN_NEW/ALADDIN_NEW/mobile_apps/ALADDIN_iOS/Screens/02_FamilyScreen.swift /Users/sergejhlystov/ALADDIN_NEW/ALADDIN_NEW/mobile_apps/ALADDIN_iOS/Screens/20_DevicesScreen.swift /Users/sergejhlystov/ALADDIN_NEW/ALADDIN_NEW/mobile_apps/ALADDIN_iOS/Shared/Components/ViewModifiers.swift /Users/sergejhlystov/ALADDIN_NEW/ALADDIN_NEW/mobile_apps/ALADDIN_iOS/Shared/Components/HapticFeedback.swift /Users/sergejhlystov/ALADDIN_NEW/ALADDIN_NEW/mobile_apps/ALADDIN_iOS/Screens/MainScreenWithRegistration.swift /Users/sergejhlystov/ALADDIN_NEW/ALADDIN_NEW/mobile_apps/ALADDIN_iOS/Core/Network/NetworkError.swift /Users/sergejhlystov/ALADDIN_NEW/ALADDIN_NEW/mobile_apps/ALADDIN_iOS/Screens/LanguageSettingsScreen.swift /Users/sergejhlystov/ALADDIN_NEW/ALADDIN_NEW/mobile_apps/ALADDIN_iOS/ViewModels/FamilyRegistrationViewModel.swift /Users/sergejhlystov/ALADDIN_NEW/ALADDIN_NEW/mobile_apps/ALADDIN_iOS/Shared/Styles/CornerRadius.swift /Users/sergejhlystov/ALADDIN_NEW/ALADDIN_NEW/mobile_apps/ALADDIN_iOS/Screens/01_MainScreen.swift /Users/sergejhlystov/ALADDIN_NEW/ALADDIN_NEW/mobile_apps/ALADDIN_iOS/Screens/FamilyTournamentView.swift /Users/sergejhlystov/ALADDIN_NEW/ALADDIN_NEW/mobile_apps/ALADDIN_iOS/Shared/Styles/Fonts.swift /Users/sergejhlystov/ALADDIN_NEW/ALADDIN_NEW/mobile_apps/ALADDIN_iOS/Screens/GamesParentalControlView.swift /Users/sergejhlystov/ALADDIN_NEW/ALADDIN_NEW/mobile_apps/ALADDIN_iOS/Shared/Components/QRScannerModal.swift /Users/sergejhlystov/ALADDIN_NEW/ALADDIN_NEW/mobile_apps/ALADDIN_iOS/Screens/04_AnalyticsScreen.swift /Users/sergejhlystov/ALADDIN_NEW/ALADDIN_NEW/mobile_apps/ALADDIN_iOS/Screens/24_VPNEnergyStatsScreen.swift /Users/sergejhlystov/ALADDIN_NEW/ALADDIN_NEW/mobile_apps/ALADDIN_iOS/Shared/Components/Modals/ProfileEditView.swift /Users/sergejhlystov/ALADDIN_NEW/ALADDIN_NEW/mobile_apps/ALADDIN_iOS/ViewModels/TariffsViewModel.swift /Users/sergejhlystov/ALADDIN_NEW/ALADDIN_NEW/mobile_apps/ALADDIN_iOS/Core/Notifications/NotificationManager.swift /Users/sergejhlystov/ALADDIN_NEW/ALADDIN_NEW/mobile_apps/ALADDIN_iOS/Core/Security/SecurityManager.swift -supplementary-output-file-map /var/folders/rf/6rxcyql17sz57_02ng7jd7pr0000gn/T/TemporaryDirectory.wFGpdC/supplementaryOutputs-3 -target x86_64-apple-ios15.0-simulator -enable-objc-interop -sdk /Applications/Xcode.app/Contents/Developer/Platforms/iPhoneSimulator.platform/Developer/SDKs/iPhoneSimulator15.2.sdk -I /Users/sergejhlystov/Library/Developer/Xcode/DerivedData/ALADDIN-eahryzmutvtbyceygnlyjsmiiaha/Build/Products/Debug-iphonesimulator -F /Users/sergejhlystov/Library/Developer/Xcode/DerivedData/ALADDIN-eahryzmutvtbyceygnlyjsmiiaha/Build/Products/Debug-iphonesimulator -enable-testing -g -module-cache-path /Users/sergejhlystov/Library/Developer/Xcode/DerivedData/ModuleCache.noindex -emit-localized-strings -emit-localized-strings-path /Users/sergejhlystov/Library/Developer/Xcode/DerivedData/ALADDIN-eahryzmutvtbyceygnlyjsmiiaha/Build/Intermediates.noindex/ALADDIN.build/Debug-iphonesimulator/ALADDIN.build/Objects-normal/x86_64 -swift-version 5 -enforce-exclusivity\=checked -Onone -D DEBUG -new-driver-path /Applications/Xcode.app/Contents/Developer/Toolchains/XcodeDefault.xctoolchain/usr/bin/swift-driver -serialize-debugging-options -Xcc -working-directory -Xcc /Users/sergejhlystov/ALADDIN_NEW/ALADDIN_NEW/mobile_apps/ALADDIN_iOS -resource-dir /Applications/Xcode.app/Contents/Developer/Toolchains/XcodeDefault.xctoolchain/usr/lib/swift -enable-anonymous-context-mangled-names -Xcc -I/Users/sergejhlystov/Library/Developer/Xcode/DerivedData/ALADDIN-eahryzmutvtbyceygnlyjsmiiaha/Build/Intermediates.noindex/ALADDIN.build/Debug-iphonesimulator/ALADDIN.build/swift-overrides.hmap -Xcc -iquote -Xcc /Users/sergejhlystov/Library/Developer/Xcode/DerivedData/ALADDIN-eahryzmutvtbyceygnlyjsmiiaha/Build/Intermediates.noindex/ALADDIN.build/Debug-iphonesimulator/ALADDIN.build/ALADDIN-generated-files.hmap -Xcc -I/Users/sergejhlystov/Library/Developer/Xcode/DerivedData/ALADDIN-eahryzmutvtbyceygnlyjsmiiaha/Build/Intermediates.noindex/ALADDIN.build/Debug-iphonesimulator/ALADDIN.build/ALADDIN-own-target-headers.hmap -Xcc -I/Users/sergejhlystov/Library/Developer/Xcode/DerivedData/ALADDIN-eahryzmutvtbyceygnlyjsmiiaha/Build/Intermediates.noindex/ALADDIN.build/Debug-iphonesimulator/ALADDIN.build/ALADDIN-all-target-headers.hmap -Xcc -iquote -Xcc /Users/sergejhlystov/Library/Developer/Xcode/DerivedData/ALADDIN-eahryzmutvtbyceygnlyjsmiiaha/Build/Intermediates.noindex/ALADDIN.build/Debug-iphonesimulator/ALADDIN.build/ALADDIN-project-headers.hmap -Xcc -I/Users/sergejhlystov/Library/Developer/Xcode/DerivedData/ALADDIN-eahryzmutvtbyceygnlyjsmiiaha/Build/Products/Debug-iphonesimulator/include -Xcc -I/Users/sergejhlystov/Library/Developer/Xcode/DerivedData/ALADDIN-eahryzmutvtbyceygnlyjsmiiaha/Build/Intermediates.noindex/ALADDIN.build/Debug-iphonesimulator/ALADDIN.build/DerivedSources-normal/x86_64 -Xcc -I/Users/sergejhlystov/Library/Developer/Xcode/DerivedData/ALADDIN-eahryzmutvtbyceygnlyjsmiiaha/Build/Intermediates.noindex/ALADDIN.build/Debug-iphonesimulator/ALADDIN.build/DerivedSources/x86_64 -Xcc -I/Users/sergejhlystov/Library/Developer/Xcode/DerivedData/ALADDIN-eahryzmutvtbyceygnlyjsmiiaha/Build/Intermediates.noindex/ALADDIN.build/Debug-iphonesimulator/ALADDIN.build/DerivedSources -Xcc -DDEBUG\=1 -module-name ALADDIN -target-sdk-version 15.2.0 -o /Users/sergejhlystov/Library/Developer/Xcode/DerivedData/ALADDIN-eahryzmutvtbyceygnlyjsmiiaha/Build/Intermediates.noindex/ALADDIN.build/Debug-iphonesimulator/ALADDIN.build/Objects-normal/x86_64/NetworkManager.o -o /Users/sergejhlystov/Library/Developer/Xcode/DerivedData/ALADDIN-eahryzmutvtbyceygnlyjsmiiaha/Build/Intermediates.noindex/ALADDIN.build/Debug-iphonesimulator/ALADDIN.build/Objects-normal/x86_64/19_TermsOfServiceScreen.o -o /Users/sergejhlystov/Library/Developer/Xcode/DerivedData/ALADDIN-eahryzmutvtbyceygnlyjsmiiaha/Build/Intermediates.noindex/ALADDIN.build/Debug-iphonesimulator/ALADDIN.build/Objects-normal/x86_64/AppConfig.o -o /Users/sergejhlystov/Library/Developer/Xcode/DerivedData/ALADDIN-eahryzmutvtbyceygnlyjsmiiaha/Build/Intermediates.noindex/ALADDIN.build/Debug-iphonesimulator/ALADDIN.build/Objects-normal/x86_64/FamilyViewModel.o -o /Users/sergejhlystov/Library/Developer/Xcode/DerivedData/ALADDIN-eahryzmutvtbyceygnlyjsmiiaha/Build/Intermediates.noindex/ALADDIN.build/Debug-iphonesimulator/ALADDIN.build/Objects-normal/x86_64/AIAssistantViewModel.o -o /Users/sergejhlystov/Library/Developer/Xcode/DerivedData/ALADDIN-eahryzmutvtbyceygnlyjsmiiaha/Build/Intermediates.noindex/ALADDIN.build/Debug-iphonesimulator/ALADDIN.build/Objects-normal/x86_64/22_DeviceDetailScreen.o -o /Users/sergejhlystov/Library/Developer/Xcode/DerivedData/ALADDIN-eahryzmutvtbyceygnlyjsmiiaha/Build/Intermediates.noindex/ALADDIN.build/Debug-iphonesimulator/ALADDIN.build/Objects-normal/x86_64/WidgetConfigurationScreen.o -o /Users/sergejhlystov/Library/Developer/Xcode/DerivedData/ALADDIN-eahryzmutvtbyceygnlyjsmiiaha/Build/Intermediates.noindex/ALADDIN.build/Debug-iphonesimulator/ALADDIN.build/Objects-normal/x86_64/KeychainManager.o -o /Users/sergejhlystov/Library/Developer/Xcode/DerivedData/ALADDIN-eahryzmutvtbyceygnlyjsmiiaha/Build/Intermediates.noindex/ALADDIN.build/Debug-iphonesimulator/ALADDIN.build/Objects-normal/x86_64/MemberStatsModalView.o -o /Users/sergejhlystov/Library/Developer/Xcode/DerivedData/ALADDIN-eahryzmutvtbyceygnlyjsmiiaha/Build/Intermediates.noindex/ALADDIN.build/Debug-iphonesimulator/ALADDIN.build/Objects-normal/x86_64/Spacing.o -o /Users/sergejhlystov/Library/Developer/Xcode/DerivedData/ALADDIN-eahryzmutvtbyceygnlyjsmiiaha/Build/Intermediates.noindex/ALADDIN.build/Debug-iphonesimulator/ALADDIN.build/Objects-normal/x86_64/RecoveryOptionsModal.o -o /Users/sergejhlystov/Library/Developer/Xcode/DerivedData/ALADDIN-eahryzmutvtbyceygnlyjsmiiaha/Build/Intermediates.noindex/ALADDIN.build/Debug-iphonesimulator/ALADDIN.build/Objects-normal/x86_64/SettingsViewModel.o -index-store-path /Users/sergejhlystov/Library/Developer/Xcode/DerivedData/ALADDIN-eahryzmutvtbyceygnlyjsmiiaha/Index/DataStore -index-system-modules

CompileSwift normal x86_64 /Users/sergejhlystov/ALADDIN_NEW/ALADDIN_NEW/mobile_apps/ALADDIN_iOS/ViewModels/FamilyViewModel.swift (in target 'ALADDIN' from project 'ALADDIN')
    cd /Users/sergejhlystov/ALADDIN_NEW/ALADDIN_NEW/mobile_apps/ALADDIN_iOS
    /Applications/Xcode.app/Contents/Developer/Toolchains/XcodeDefault.xctoolchain/usr/bin/swift-frontend -frontend -c /Users/sergejhlystov/ALADDIN_NEW/ALADDIN_NEW/mobile_apps/ALADDIN_iOS/Screens/RewardsQuickModal.swift /Users/sergejhlystov/ALADDIN_NEW/ALADDIN_NEW/mobile_apps/ALADDIN_iOS/Screens/08_ChildInterfaceScreen.swift /Users/sergejhlystov/ALADDIN_NEW/ALADDIN_NEW/mobile_apps/ALADDIN_iOS/ContentView.swift /Users/sergejhlystov/ALADDIN_NEW/ALADDIN_NEW/mobile_apps/ALADDIN_iOS/Shared/Components/ALADDINToggle.swift /Users/sergejhlystov/ALADDIN_NEW/ALADDIN_NEW/mobile_apps/ALADDIN_iOS/Components/Modals/AgeGroupSelectionModal.swift /Users/sergejhlystov/ALADDIN_NEW/ALADDIN_NEW/mobile_apps/ALADDIN_iOS/ALADDINApp.swift /Users/sergejhlystov/ALADDIN_NEW/ALADDIN_NEW/mobile_apps/ALADDIN_iOS/Shared/Models/FunctionStatus.swift /Users/sergejhlystov/ALADDIN_NEW/ALADDIN_NEW/mobile_apps/ALADDIN_iOS/ViewModels/MainViewModel.swift /Users/sergejhlystov/ALADDIN_NEW/ALADDIN_NEW/mobile_apps/ALADDIN_iOS/Shared/Components/Buttons/PrimaryButton.swift /Users/sergejhlystov/ALADDIN_NEW/ALADDIN_NEW/mobile_apps/ALADDIN_iOS/Screens/NotificationSettingsScreen.swift /Users/sergejhlystov/ALADDIN_NEW/ALADDIN_NEW/mobile_apps/ALADDIN_iOS/Screens/ChildContentScreen.swift /Users/sergejhlystov/ALADDIN_NEW/ALADDIN_NEW/mobile_apps/ALADDIN_iOS/Shared/Components/StatItem.swift /Users/sergejhlystov/ALADDIN_NEW/ALADDIN_NEW/mobile_apps/ALADDIN_iOS/Shared/Components/Cards/FamilyMemberCard.swift /Users/sergejhlystov/ALADDIN_NEW/ALADDIN_NEW/mobile_apps/ALADDIN_iOS/ViewModels/VPNViewModel.swift /Users/sergejhlystov/ALADDIN_NEW/ALADDIN_NEW/mobile_apps/ALADDIN_iOS/Core/Models/APIModels.swift /Users/sergejhlystov/ALADDIN_NEW/ALADDIN_NEW/mobile_apps/ALADDIN_iOS/Core/VPN/VPNManager.swift /Users/sergejhlystov/ALADDIN_NEW/ALADDIN_NEW/mobile_apps/ALADDIN_iOS/Screens/UnicornPetView.swift /Users/sergejhlystov/ALADDIN_NEW/ALADDIN_NEW/mobile_apps/ALADDIN_iOS/Core/Network/APIService.swift /Users/sergejhlystov/ALADDIN_NEW/ALADDIN_NEW/mobile_apps/ALADDIN_iOS/Screens/18_PrivacyPolicyScreen.swift /Users/sergejhlystov/ALADDIN_NEW/ALADDIN_NEW/mobile_apps/ALADDIN_iOS/Screens/10_TariffsScreen.swift /Users/sergejhlystov/ALADDIN_NEW/ALADDIN_NEW/mobile_apps/ALADDIN_iOS/Screens/03_VPNScreen.swift /Users/sergejhlystov/ALADDIN_NEW/ALADDIN_NEW/mobile_apps/ALADDIN_iOS/Screens/09_ElderlyInterfaceScreen.swift /Users/sergejhlystov/ALADDIN_NEW/ALADDIN_NEW/mobile_apps/ALADDIN_iOS/Shared/Components/SecondaryButton.swift /Users/sergejhlystov/ALADDIN_NEW/ALADDIN_NEW/mobile_apps/ALADDIN_iOS/Screens/11_ProfileScreen.swift -primary-file /Users/sergejhlystov/ALADDIN_NEW/ALADDIN_NEW/mobile_apps/ALADDIN_iOS/Core/Network/NetworkManager.swift -primary-file /Users/sergejhlystov/ALADDIN_NEW/ALADDIN_NEW/mobile_apps/ALADDIN_iOS/Screens/19_TermsOfServiceScreen.swift -primary-file /Users/sergejhlystov/ALADDIN_NEW/ALADDIN_NEW/mobile_apps/ALADDIN_iOS/Core/Config/AppConfig.swift -primary-file /Users/sergejhlystov/ALADDIN_NEW/ALADDIN_NEW/mobile_apps/ALADDIN_iOS/ViewModels/FamilyViewModel.swift -primary-file /Users/sergejhlystov/ALADDIN_NEW/ALADDIN_NEW/mobile_apps/ALADDIN_iOS/ViewModels/AIAssistantViewModel.swift -primary-file /Users/sergejhlystov/ALADDIN_NEW/ALADDIN_NEW/mobile_apps/ALADDIN_iOS/Screens/22_DeviceDetailScreen.swift -primary-file /Users/sergejhlystov/ALADDIN_NEW/ALADDIN_NEW/mobile_apps/ALADDIN_iOS/Screens/WidgetConfigurationScreen.swift -primary-file /Users/sergejhlystov/ALADDIN_NEW/ALADDIN_NEW/mobile_apps/ALADDIN_iOS/Core/Security/KeychainManager.swift -primary-file /Users/sergejhlystov/ALADDIN_NEW/ALADDIN_NEW/mobile_apps/ALADDIN_iOS/Shared/Components/Modals/MemberStatsModalView.swift -primary-file /Users/sergejhlystov/ALADDIN_NEW/ALADDIN_NEW/mobile_apps/ALADDIN_iOS/Shared/Styles/Spacing.swift -primary-file /Users/sergejhlystov/ALADDIN_NEW/ALADDIN_NEW/mobile_apps/ALADDIN_iOS/Shared/Components/RecoveryOptionsModal.swift -primary-file /Users/sergejhlystov/ALADDIN_NEW/ALADDIN_NEW/mobile_apps/ALADDIN_iOS/ViewModels/SettingsViewModel.swift /Users/sergejhlystov/ALADDIN_NEW/ALADDIN_NEW/mobile_apps/ALADDIN_iOS/Shared/Components/InfoRow.swift /Users/sergejhlystov/ALADDIN_NEW/ALADDIN_NEW/mobile_apps/ALADDIN_iOS/Screens/25_PaymentQRScreen.swift /Users/sergejhlystov/ALADDIN_NEW/ALADDIN_NEW/mobile_apps/ALADDIN_iOS/Shared/Components/Modals/RoleSelectionModal.swift /Users/sergejhlystov/ALADDIN_NEW/ALADDIN_NEW/mobile_apps/ALADDIN_iOS/ViewModels/SupportViewModel.swift /Users/sergejhlystov/ALADDIN_NEW/ALADDIN_NEW/mobile_apps/ALADDIN_iOS/ViewModels/ChildInterfaceViewModel.swift /Users/sergejhlystov/ALADDIN_NEW/ALADDIN_NEW/mobile_apps/ALADDIN_iOS/Screens/12_NotificationsScreen.swift /Users/sergejhlystov/ALADDIN_NEW/ALADDIN_NEW/mobile_apps/ALADDIN_iOS/ViewModels/ElderlyInterfaceViewModel.swift /Users/sergejhlystov/ALADDIN_NEW/ALADDIN_NEW/mobile_apps/ALADDIN_iOS/ViewModels/AnalyticsViewModel.swift /Users/sergejhlystov/ALADDIN_NEW/ALADDIN_NEW/mobile_apps/ALADDIN_iOS/Core/Cache/CacheManager.swift /Users/sergejhlystov/ALADDIN_NEW/ALADDIN_NEW/mobile_apps/ALADDIN_iOS/ViewModels/NotificationsViewModel.swift /Users/sergejhlystov/ALADDIN_NEW/ALADDIN_NEW/mobile_apps/ALADDIN_iOS/Screens/06_AIAssistantScreen.swift /Users/sergejhlystov/ALADDIN_NEW/ALADDIN_NEW/mobile_apps/ALADDIN_iOS/ViewModels/ProfileViewModel.swift /Users/sergejhlystov/ALADDIN_NEW/ALADDIN_NEW/mobile_apps/ALADDIN_iOS/Components/Modals/ConsentModal.swift /Users/sergejhlystov/ALADDIN_NEW/ALADDIN_NEW/mobile_apps/ALADDIN_iOS/ViewModels/ParentalControlViewModel.swift /Users/sergejhlystov/ALADDIN_NEW/ALADDIN_NEW/mobile_apps/ALADDIN_iOS/ViewModels/OnboardingViewModel.swift /Users/sergejhlystov/ALADDIN_NEW/ALADDIN_NEW/mobile_apps/ALADDIN_iOS/Shared/Styles/Colors.swift /Users/sergejhlystov/ALADDIN_NEW/ALADDIN_NEW/mobile_apps/ALADDIN_iOS/Screens/ChildRewardsScreen.swift /Users/sergejhlystov/ALADDIN_NEW/ALADDIN_NEW/mobile_apps/ALADDIN_iOS/Screens/21_ReferralScreen.swift /Users/sergejhlystov/ALADDIN_NEW/ALADDIN_NEW/mobile_apps/ALADDIN_iOS/Shared/Components/AvatarSelector.swift /Users/sergejhlystov/ALADDIN_NEW/ALADDIN_NEW/mobile_apps/ALADDIN_iOS/Shared/Components/Navigation/ALADDINNavigationBar.swift /Users/sergejhlystov/ALADDIN_NEW/ALADDIN_NEW/mobile_apps/ALADDIN_iOS/Screens/14_OnboardingScreen.swift /Users/sergejhlystov/ALADDIN_NEW/ALADDIN_NEW/mobile_apps/ALADDIN_iOS/Components/Modals/FamilyCreatedModal.swift /Users/sergejhlystov/ALADDIN_NEW/ALADDIN_NEW/mobile_apps/ALADDIN_iOS/ViewModels/PaymentQRViewModel.swift /Users/sergejhlystov/ALADDIN_NEW/ALADDIN_NEW/mobile_apps/ALADDIN_iOS/Core/Navigation/NavigationManager.swift /Users/sergejhlystov/ALADDIN_NEW/ALADDIN_NEW/mobile_apps/ALADDIN_iOS/Core/Accessibility/AccessibilityManager.swift /Users/sergejhlystov/ALADDIN_NEW/ALADDIN_NEW/mobile_apps/ALADDIN_iOS/Core/Store/StoreManager.swift /Users/sergejhlystov/ALADDIN_NEW/ALADDIN_NEW/mobile_apps/ALADDIN_iOS/Screens/WheelOfFortuneView.swift /Users/sergejhlystov/ALADDIN_NEW/ALADDIN_NEW/mobile_apps/ALADDIN_iOS/Screens/UnicornUniverseView.swift /Users/sergejhlystov/ALADDIN_NEW/ALADDIN_NEW/mobile_apps/ALADDIN_iOS/Core/Localization/LocalizationManager.swift /Users/sergejhlystov/ALADDIN_NEW/ALADDIN_NEW/mobile_apps/ALADDIN_iOS/Screens/13_SupportScreen.swift /Users/sergejhlystov/ALADDIN_NEW/ALADDIN_NEW/mobile_apps/ALADDIN_iOS/Core/Analytics/AnalyticsManager.swift /Users/sergejhlystov/ALADDIN_NEW/ALADDIN_NEW/mobile_apps/ALADDIN_iOS/Screens/07_ParentalControlScreen.swift /Users/sergejhlystov/ALADDIN_NEW/ALADDIN_NEW/mobile_apps/ALADDIN_iOS/Screens/05_SettingsScreen.swift /Users/sergejhlystov/ALADDIN_NEW/ALADDIN_NEW/mobile_apps/ALADDIN_iOS/Screens/RewardsModalView.swift /Users/sergejhlystov/ALADDIN_NEW/ALADDIN_NEW/mobile_apps/ALADDIN_iOS/Screens/23_FamilyChatScreen.swift /Users/sergejhlystov/ALADDIN_NEW/ALADDIN_NEW/mobile_apps/ALADDIN_iOS/Screens/02_FamilyScreen.swift /Users/sergejhlystov/ALADDIN_NEW/ALADDIN_NEW/mobile_apps/ALADDIN_iOS/Screens/20_DevicesScreen.swift /Users/sergejhlystov/ALADDIN_NEW/ALADDIN_NEW/mobile_apps/ALADDIN_iOS/Shared/Components/ViewModifiers.swift /Users/sergejhlystov/ALADDIN_NEW/ALADDIN_NEW/mobile_apps/ALADDIN_iOS/Shared/Components/HapticFeedback.swift /Users/sergejhlystov/ALADDIN_NEW/ALADDIN_NEW/mobile_apps/ALADDIN_iOS/Screens/MainScreenWithRegistration.swift /Users/sergejhlystov/ALADDIN_NEW/ALADDIN_NEW/mobile_apps/ALADDIN_iOS/Core/Network/NetworkError.swift /Users/sergejhlystov/ALADDIN_NEW/ALADDIN_NEW/mobile_apps/ALADDIN_iOS/Screens/LanguageSettingsScreen.swift /Users/sergejhlystov/ALADDIN_NEW/ALADDIN_NEW/mobile_apps/ALADDIN_iOS/ViewModels/FamilyRegistrationViewModel.swift /Users/sergejhlystov/ALADDIN_NEW/ALADDIN_NEW/mobile_apps/ALADDIN_iOS/Shared/Styles/CornerRadius.swift /Users/sergejhlystov/ALADDIN_NEW/ALADDIN_NEW/mobile_apps/ALADDIN_iOS/Screens/01_MainScreen.swift /Users/sergejhlystov/ALADDIN_NEW/ALADDIN_NEW/mobile_apps/ALADDIN_iOS/Screens/FamilyTournamentView.swift /Users/sergejhlystov/ALADDIN_NEW/ALADDIN_NEW/mobile_apps/ALADDIN_iOS/Shared/Styles/Fonts.swift /Users/sergejhlystov/ALADDIN_NEW/ALADDIN_NEW/mobile_apps/ALADDIN_iOS/Screens/GamesParentalControlView.swift /Users/sergejhlystov/ALADDIN_NEW/ALADDIN_NEW/mobile_apps/ALADDIN_iOS/Shared/Components/QRScannerModal.swift /Users/sergejhlystov/ALADDIN_NEW/ALADDIN_NEW/mobile_apps/ALADDIN_iOS/Screens/04_AnalyticsScreen.swift /Users/sergejhlystov/ALADDIN_NEW/ALADDIN_NEW/mobile_apps/ALADDIN_iOS/Screens/24_VPNEnergyStatsScreen.swift /Users/sergejhlystov/ALADDIN_NEW/ALADDIN_NEW/mobile_apps/ALADDIN_iOS/Shared/Components/Modals/ProfileEditView.swift /Users/sergejhlystov/ALADDIN_NEW/ALADDIN_NEW/mobile_apps/ALADDIN_iOS/ViewModels/TariffsViewModel.swift /Users/sergejhlystov/ALADDIN_NEW/ALADDIN_NEW/mobile_apps/ALADDIN_iOS/Core/Notifications/NotificationManager.swift /Users/sergejhlystov/ALADDIN_NEW/ALADDIN_NEW/mobile_apps/ALADDIN_iOS/Core/Security/SecurityManager.swift -supplementary-output-file-map /var/folders/rf/6rxcyql17sz57_02ng7jd7pr0000gn/T/TemporaryDirectory.wFGpdC/supplementaryOutputs-3 -target x86_64-apple-ios15.0-simulator -enable-objc-interop -sdk /Applications/Xcode.app/Contents/Developer/Platforms/iPhoneSimulator.platform/Developer/SDKs/iPhoneSimulator15.2.sdk -I /Users/sergejhlystov/Library/Developer/Xcode/DerivedData/ALADDIN-eahryzmutvtbyceygnlyjsmiiaha/Build/Products/Debug-iphonesimulator -F /Users/sergejhlystov/Library/Developer/Xcode/DerivedData/ALADDIN-eahryzmutvtbyceygnlyjsmiiaha/Build/Products/Debug-iphonesimulator -enable-testing -g -module-cache-path /Users/sergejhlystov/Library/Developer/Xcode/DerivedData/ModuleCache.noindex -emit-localized-strings -emit-localized-strings-path /Users/sergejhlystov/Library/Developer/Xcode/DerivedData/ALADDIN-eahryzmutvtbyceygnlyjsmiiaha/Build/Intermediates.noindex/ALADDIN.build/Debug-iphonesimulator/ALADDIN.build/Objects-normal/x86_64 -swift-version 5 -enforce-exclusivity\=checked -Onone -D DEBUG -new-driver-path /Applications/Xcode.app/Contents/Developer/Toolchains/XcodeDefault.xctoolchain/usr/bin/swift-driver -serialize-debugging-options -Xcc -working-directory -Xcc /Users/sergejhlystov/ALADDIN_NEW/ALADDIN_NEW/mobile_apps/ALADDIN_iOS -resource-dir /Applications/Xcode.app/Contents/Developer/Toolchains/XcodeDefault.xctoolchain/usr/lib/swift -enable-anonymous-context-mangled-names -Xcc -I/Users/sergejhlystov/Library/Developer/Xcode/DerivedData/ALADDIN-eahryzmutvtbyceygnlyjsmiiaha/Build/Intermediates.noindex/ALADDIN.build/Debug-iphonesimulator/ALADDIN.build/swift-overrides.hmap -Xcc -iquote -Xcc /Users/sergejhlystov/Library/Developer/Xcode/DerivedData/ALADDIN-eahryzmutvtbyceygnlyjsmiiaha/Build/Intermediates.noindex/ALADDIN.build/Debug-iphonesimulator/ALADDIN.build/ALADDIN-generated-files.hmap -Xcc -I/Users/sergejhlystov/Library/Developer/Xcode/DerivedData/ALADDIN-eahryzmutvtbyceygnlyjsmiiaha/Build/Intermediates.noindex/ALADDIN.build/Debug-iphonesimulator/ALADDIN.build/ALADDIN-own-target-headers.hmap -Xcc -I/Users/sergejhlystov/Library/Developer/Xcode/DerivedData/ALADDIN-eahryzmutvtbyceygnlyjsmiiaha/Build/Intermediates.noindex/ALADDIN.build/Debug-iphonesimulator/ALADDIN.build/ALADDIN-all-target-headers.hmap -Xcc -iquote -Xcc /Users/sergejhlystov/Library/Developer/Xcode/DerivedData/ALADDIN-eahryzmutvtbyceygnlyjsmiiaha/Build/Intermediates.noindex/ALADDIN.build/Debug-iphonesimulator/ALADDIN.build/ALADDIN-project-headers.hmap -Xcc -I/Users/sergejhlystov/Library/Developer/Xcode/DerivedData/ALADDIN-eahryzmutvtbyceygnlyjsmiiaha/Build/Products/Debug-iphonesimulator/include -Xcc -I/Users/sergejhlystov/Library/Developer/Xcode/DerivedData/ALADDIN-eahryzmutvtbyceygnlyjsmiiaha/Build/Intermediates.noindex/ALADDIN.build/Debug-iphonesimulator/ALADDIN.build/DerivedSources-normal/x86_64 -Xcc -I/Users/sergejhlystov/Library/Developer/Xcode/DerivedData/ALADDIN-eahryzmutvtbyceygnlyjsmiiaha/Build/Intermediates.noindex/ALADDIN.build/Debug-iphonesimulator/ALADDIN.build/DerivedSources/x86_64 -Xcc -I/Users/sergejhlystov/Library/Developer/Xcode/DerivedData/ALADDIN-eahryzmutvtbyceygnlyjsmiiaha/Build/Intermediates.noindex/ALADDIN.build/Debug-iphonesimulator/ALADDIN.build/DerivedSources -Xcc -DDEBUG\=1 -module-name ALADDIN -target-sdk-version 15.2.0 -o /Users/sergejhlystov/Library/Developer/Xcode/DerivedData/ALADDIN-eahryzmutvtbyceygnlyjsmiiaha/Build/Intermediates.noindex/ALADDIN.build/Debug-iphonesimulator/ALADDIN.build/Objects-normal/x86_64/NetworkManager.o -o /Users/sergejhlystov/Library/Developer/Xcode/DerivedData/ALADDIN-eahryzmutvtbyceygnlyjsmiiaha/Build/Intermediates.noindex/ALADDIN.build/Debug-iphonesimulator/ALADDIN.build/Objects-normal/x86_64/19_TermsOfServiceScreen.o -o /Users/sergejhlystov/Library/Developer/Xcode/DerivedData/ALADDIN-eahryzmutvtbyceygnlyjsmiiaha/Build/Intermediates.noindex/ALADDIN.build/Debug-iphonesimulator/ALADDIN.build/Objects-normal/x86_64/AppConfig.o -o /Users/sergejhlystov/Library/Developer/Xcode/DerivedData/ALADDIN-eahryzmutvtbyceygnlyjsmiiaha/Build/Intermediates.noindex/ALADDIN.build/Debug-iphonesimulator/ALADDIN.build/Objects-normal/x86_64/FamilyViewModel.o -o /Users/sergejhlystov/Library/Developer/Xcode/DerivedData/ALADDIN-eahryzmutvtbyceygnlyjsmiiaha/Build/Intermediates.noindex/ALADDIN.build/Debug-iphonesimulator/ALADDIN.build/Objects-normal/x86_64/AIAssistantViewModel.o -o /Users/sergejhlystov/Library/Developer/Xcode/DerivedData/ALADDIN-eahryzmutvtbyceygnlyjsmiiaha/Build/Intermediates.noindex/ALADDIN.build/Debug-iphonesimulator/ALADDIN.build/Objects-normal/x86_64/22_DeviceDetailScreen.o -o /Users/sergejhlystov/Library/Developer/Xcode/DerivedData/ALADDIN-eahryzmutvtbyceygnlyjsmiiaha/Build/Intermediates.noindex/ALADDIN.build/Debug-iphonesimulator/ALADDIN.build/Objects-normal/x86_64/WidgetConfigurationScreen.o -o /Users/sergejhlystov/Library/Developer/Xcode/DerivedData/ALADDIN-eahryzmutvtbyceygnlyjsmiiaha/Build/Intermediates.noindex/ALADDIN.build/Debug-iphonesimulator/ALADDIN.build/Objects-normal/x86_64/KeychainManager.o -o /Users/sergejhlystov/Library/Developer/Xcode/DerivedData/ALADDIN-eahryzmutvtbyceygnlyjsmiiaha/Build/Intermediates.noindex/ALADDIN.build/Debug-iphonesimulator/ALADDIN.build/Objects-normal/x86_64/MemberStatsModalView.o -o /Users/sergejhlystov/Library/Developer/Xcode/DerivedData/ALADDIN-eahryzmutvtbyceygnlyjsmiiaha/Build/Intermediates.noindex/ALADDIN.build/Debug-iphonesimulator/ALADDIN.build/Objects-normal/x86_64/Spacing.o -o /Users/sergejhlystov/Library/Developer/Xcode/DerivedData/ALADDIN-eahryzmutvtbyceygnlyjsmiiaha/Build/Intermediates.noindex/ALADDIN.build/Debug-iphonesimulator/ALADDIN.build/Objects-normal/x86_64/RecoveryOptionsModal.o -o /Users/sergejhlystov/Library/Developer/Xcode/DerivedData/ALADDIN-eahryzmutvtbyceygnlyjsmiiaha/Build/Intermediates.noindex/ALADDIN.build/Debug-iphonesimulator/ALADDIN.build/Objects-normal/x86_64/SettingsViewModel.o -index-store-path /Users/sergejhlystov/Library/Developer/Xcode/DerivedData/ALADDIN-eahryzmutvtbyceygnlyjsmiiaha/Index/DataStore -index-system-modules

CompileSwift normal x86_64 /Users/sergejhlystov/ALADDIN_NEW/ALADDIN_NEW/mobile_apps/ALADDIN_iOS/ViewModels/AIAssistantViewModel.swift (in target 'ALADDIN' from project 'ALADDIN')
    cd /Users/sergejhlystov/ALADDIN_NEW/ALADDIN_NEW/mobile_apps/ALADDIN_iOS
    /Applications/Xcode.app/Contents/Developer/Toolchains/XcodeDefault.xctoolchain/usr/bin/swift-frontend -frontend -c /Users/sergejhlystov/ALADDIN_NEW/ALADDIN_NEW/mobile_apps/ALADDIN_iOS/Screens/RewardsQuickModal.swift /Users/sergejhlystov/ALADDIN_NEW/ALADDIN_NEW/mobile_apps/ALADDIN_iOS/Screens/08_ChildInterfaceScreen.swift /Users/sergejhlystov/ALADDIN_NEW/ALADDIN_NEW/mobile_apps/ALADDIN_iOS/ContentView.swift /Users/sergejhlystov/ALADDIN_NEW/ALADDIN_NEW/mobile_apps/ALADDIN_iOS/Shared/Components/ALADDINToggle.swift /Users/sergejhlystov/ALADDIN_NEW/ALADDIN_NEW/mobile_apps/ALADDIN_iOS/Components/Modals/AgeGroupSelectionModal.swift /Users/sergejhlystov/ALADDIN_NEW/ALADDIN_NEW/mobile_apps/ALADDIN_iOS/ALADDINApp.swift /Users/sergejhlystov/ALADDIN_NEW/ALADDIN_NEW/mobile_apps/ALADDIN_iOS/Shared/Models/FunctionStatus.swift /Users/sergejhlystov/ALADDIN_NEW/ALADDIN_NEW/mobile_apps/ALADDIN_iOS/ViewModels/MainViewModel.swift /Users/sergejhlystov/ALADDIN_NEW/ALADDIN_NEW/mobile_apps/ALADDIN_iOS/Shared/Components/Buttons/PrimaryButton.swift /Users/sergejhlystov/ALADDIN_NEW/ALADDIN_NEW/mobile_apps/ALADDIN_iOS/Screens/NotificationSettingsScreen.swift /Users/sergejhlystov/ALADDIN_NEW/ALADDIN_NEW/mobile_apps/ALADDIN_iOS/Screens/ChildContentScreen.swift /Users/sergejhlystov/ALADDIN_NEW/ALADDIN_NEW/mobile_apps/ALADDIN_iOS/Shared/Components/StatItem.swift /Users/sergejhlystov/ALADDIN_NEW/ALADDIN_NEW/mobile_apps/ALADDIN_iOS/Shared/Components/Cards/FamilyMemberCard.swift /Users/sergejhlystov/ALADDIN_NEW/ALADDIN_NEW/mobile_apps/ALADDIN_iOS/ViewModels/VPNViewModel.swift /Users/sergejhlystov/ALADDIN_NEW/ALADDIN_NEW/mobile_apps/ALADDIN_iOS/Core/Models/APIModels.swift /Users/sergejhlystov/ALADDIN_NEW/ALADDIN_NEW/mobile_apps/ALADDIN_iOS/Core/VPN/VPNManager.swift /Users/sergejhlystov/ALADDIN_NEW/ALADDIN_NEW/mobile_apps/ALADDIN_iOS/Screens/UnicornPetView.swift /Users/sergejhlystov/ALADDIN_NEW/ALADDIN_NEW/mobile_apps/ALADDIN_iOS/Core/Network/APIService.swift /Users/sergejhlystov/ALADDIN_NEW/ALADDIN_NEW/mobile_apps/ALADDIN_iOS/Screens/18_PrivacyPolicyScreen.swift /Users/sergejhlystov/ALADDIN_NEW/ALADDIN_NEW/mobile_apps/ALADDIN_iOS/Screens/10_TariffsScreen.swift /Users/sergejhlystov/ALADDIN_NEW/ALADDIN_NEW/mobile_apps/ALADDIN_iOS/Screens/03_VPNScreen.swift /Users/sergejhlystov/ALADDIN_NEW/ALADDIN_NEW/mobile_apps/ALADDIN_iOS/Screens/09_ElderlyInterfaceScreen.swift /Users/sergejhlystov/ALADDIN_NEW/ALADDIN_NEW/mobile_apps/ALADDIN_iOS/Shared/Components/SecondaryButton.swift /Users/sergejhlystov/ALADDIN_NEW/ALADDIN_NEW/mobile_apps/ALADDIN_iOS/Screens/11_ProfileScreen.swift -primary-file /Users/sergejhlystov/ALADDIN_NEW/ALADDIN_NEW/mobile_apps/ALADDIN_iOS/Core/Network/NetworkManager.swift -primary-file /Users/sergejhlystov/ALADDIN_NEW/ALADDIN_NEW/mobile_apps/ALADDIN_iOS/Screens/19_TermsOfServiceScreen.swift -primary-file /Users/sergejhlystov/ALADDIN_NEW/ALADDIN_NEW/mobile_apps/ALADDIN_iOS/Core/Config/AppConfig.swift -primary-file /Users/sergejhlystov/ALADDIN_NEW/ALADDIN_NEW/mobile_apps/ALADDIN_iOS/ViewModels/FamilyViewModel.swift -primary-file /Users/sergejhlystov/ALADDIN_NEW/ALADDIN_NEW/mobile_apps/ALADDIN_iOS/ViewModels/AIAssistantViewModel.swift -primary-file /Users/sergejhlystov/ALADDIN_NEW/ALADDIN_NEW/mobile_apps/ALADDIN_iOS/Screens/22_DeviceDetailScreen.swift -primary-file /Users/sergejhlystov/ALADDIN_NEW/ALADDIN_NEW/mobile_apps/ALADDIN_iOS/Screens/WidgetConfigurationScreen.swift -primary-file /Users/sergejhlystov/ALADDIN_NEW/ALADDIN_NEW/mobile_apps/ALADDIN_iOS/Core/Security/KeychainManager.swift -primary-file /Users/sergejhlystov/ALADDIN_NEW/ALADDIN_NEW/mobile_apps/ALADDIN_iOS/Shared/Components/Modals/MemberStatsModalView.swift -primary-file /Users/sergejhlystov/ALADDIN_NEW/ALADDIN_NEW/mobile_apps/ALADDIN_iOS/Shared/Styles/Spacing.swift -primary-file /Users/sergejhlystov/ALADDIN_NEW/ALADDIN_NEW/mobile_apps/ALADDIN_iOS/Shared/Components/RecoveryOptionsModal.swift -primary-file /Users/sergejhlystov/ALADDIN_NEW/ALADDIN_NEW/mobile_apps/ALADDIN_iOS/ViewModels/SettingsViewModel.swift /Users/sergejhlystov/ALADDIN_NEW/ALADDIN_NEW/mobile_apps/ALADDIN_iOS/Shared/Components/InfoRow.swift /Users/sergejhlystov/ALADDIN_NEW/ALADDIN_NEW/mobile_apps/ALADDIN_iOS/Screens/25_PaymentQRScreen.swift /Users/sergejhlystov/ALADDIN_NEW/ALADDIN_NEW/mobile_apps/ALADDIN_iOS/Shared/Components/Modals/RoleSelectionModal.swift /Users/sergejhlystov/ALADDIN_NEW/ALADDIN_NEW/mobile_apps/ALADDIN_iOS/ViewModels/SupportViewModel.swift /Users/sergejhlystov/ALADDIN_NEW/ALADDIN_NEW/mobile_apps/ALADDIN_iOS/ViewModels/ChildInterfaceViewModel.swift /Users/sergejhlystov/ALADDIN_NEW/ALADDIN_NEW/mobile_apps/ALADDIN_iOS/Screens/12_NotificationsScreen.swift /Users/sergejhlystov/ALADDIN_NEW/ALADDIN_NEW/mobile_apps/ALADDIN_iOS/ViewModels/ElderlyInterfaceViewModel.swift /Users/sergejhlystov/ALADDIN_NEW/ALADDIN_NEW/mobile_apps/ALADDIN_iOS/ViewModels/AnalyticsViewModel.swift /Users/sergejhlystov/ALADDIN_NEW/ALADDIN_NEW/mobile_apps/ALADDIN_iOS/Core/Cache/CacheManager.swift /Users/sergejhlystov/ALADDIN_NEW/ALADDIN_NEW/mobile_apps/ALADDIN_iOS/ViewModels/NotificationsViewModel.swift /Users/sergejhlystov/ALADDIN_NEW/ALADDIN_NEW/mobile_apps/ALADDIN_iOS/Screens/06_AIAssistantScreen.swift /Users/sergejhlystov/ALADDIN_NEW/ALADDIN_NEW/mobile_apps/ALADDIN_iOS/ViewModels/ProfileViewModel.swift /Users/sergejhlystov/ALADDIN_NEW/ALADDIN_NEW/mobile_apps/ALADDIN_iOS/Components/Modals/ConsentModal.swift /Users/sergejhlystov/ALADDIN_NEW/ALADDIN_NEW/mobile_apps/ALADDIN_iOS/ViewModels/ParentalControlViewModel.swift /Users/sergejhlystov/ALADDIN_NEW/ALADDIN_NEW/mobile_apps/ALADDIN_iOS/ViewModels/OnboardingViewModel.swift /Users/sergejhlystov/ALADDIN_NEW/ALADDIN_NEW/mobile_apps/ALADDIN_iOS/Shared/Styles/Colors.swift /Users/sergejhlystov/ALADDIN_NEW/ALADDIN_NEW/mobile_apps/ALADDIN_iOS/Screens/ChildRewardsScreen.swift /Users/sergejhlystov/ALADDIN_NEW/ALADDIN_NEW/mobile_apps/ALADDIN_iOS/Screens/21_ReferralScreen.swift /Users/sergejhlystov/ALADDIN_NEW/ALADDIN_NEW/mobile_apps/ALADDIN_iOS/Shared/Components/AvatarSelector.swift /Users/sergejhlystov/ALADDIN_NEW/ALADDIN_NEW/mobile_apps/ALADDIN_iOS/Shared/Components/Navigation/ALADDINNavigationBar.swift /Users/sergejhlystov/ALADDIN_NEW/ALADDIN_NEW/mobile_apps/ALADDIN_iOS/Screens/14_OnboardingScreen.swift /Users/sergejhlystov/ALADDIN_NEW/ALADDIN_NEW/mobile_apps/ALADDIN_iOS/Components/Modals/FamilyCreatedModal.swift /Users/sergejhlystov/ALADDIN_NEW/ALADDIN_NEW/mobile_apps/ALADDIN_iOS/ViewModels/PaymentQRViewModel.swift /Users/sergejhlystov/ALADDIN_NEW/ALADDIN_NEW/mobile_apps/ALADDIN_iOS/Core/Navigation/NavigationManager.swift /Users/sergejhlystov/ALADDIN_NEW/ALADDIN_NEW/mobile_apps/ALADDIN_iOS/Core/Accessibility/AccessibilityManager.swift /Users/sergejhlystov/ALADDIN_NEW/ALADDIN_NEW/mobile_apps/ALADDIN_iOS/Core/Store/StoreManager.swift /Users/sergejhlystov/ALADDIN_NEW/ALADDIN_NEW/mobile_apps/ALADDIN_iOS/Screens/WheelOfFortuneView.swift /Users/sergejhlystov/ALADDIN_NEW/ALADDIN_NEW/mobile_apps/ALADDIN_iOS/Screens/UnicornUniverseView.swift /Users/sergejhlystov/ALADDIN_NEW/ALADDIN_NEW/mobile_apps/ALADDIN_iOS/Core/Localization/LocalizationManager.swift /Users/sergejhlystov/ALADDIN_NEW/ALADDIN_NEW/mobile_apps/ALADDIN_iOS/Screens/13_SupportScreen.swift /Users/sergejhlystov/ALADDIN_NEW/ALADDIN_NEW/mobile_apps/ALADDIN_iOS/Core/Analytics/AnalyticsManager.swift /Users/sergejhlystov/ALADDIN_NEW/ALADDIN_NEW/mobile_apps/ALADDIN_iOS/Screens/07_ParentalControlScreen.swift /Users/sergejhlystov/ALADDIN_NEW/ALADDIN_NEW/mobile_apps/ALADDIN_iOS/Screens/05_SettingsScreen.swift /Users/sergejhlystov/ALADDIN_NEW/ALADDIN_NEW/mobile_apps/ALADDIN_iOS/Screens/RewardsModalView.swift /Users/sergejhlystov/ALADDIN_NEW/ALADDIN_NEW/mobile_apps/ALADDIN_iOS/Screens/23_FamilyChatScreen.swift /Users/sergejhlystov/ALADDIN_NEW/ALADDIN_NEW/mobile_apps/ALADDIN_iOS/Screens/02_FamilyScreen.swift /Users/sergejhlystov/ALADDIN_NEW/ALADDIN_NEW/mobile_apps/ALADDIN_iOS/Screens/20_DevicesScreen.swift /Users/sergejhlystov/ALADDIN_NEW/ALADDIN_NEW/mobile_apps/ALADDIN_iOS/Shared/Components/ViewModifiers.swift /Users/sergejhlystov/ALADDIN_NEW/ALADDIN_NEW/mobile_apps/ALADDIN_iOS/Shared/Components/HapticFeedback.swift /Users/sergejhlystov/ALADDIN_NEW/ALADDIN_NEW/mobile_apps/ALADDIN_iOS/Screens/MainScreenWithRegistration.swift /Users/sergejhlystov/ALADDIN_NEW/ALADDIN_NEW/mobile_apps/ALADDIN_iOS/Core/Network/NetworkError.swift /Users/sergejhlystov/ALADDIN_NEW/ALADDIN_NEW/mobile_apps/ALADDIN_iOS/Screens/LanguageSettingsScreen.swift /Users/sergejhlystov/ALADDIN_NEW/ALADDIN_NEW/mobile_apps/ALADDIN_iOS/ViewModels/FamilyRegistrationViewModel.swift /Users/sergejhlystov/ALADDIN_NEW/ALADDIN_NEW/mobile_apps/ALADDIN_iOS/Shared/Styles/CornerRadius.swift /Users/sergejhlystov/ALADDIN_NEW/ALADDIN_NEW/mobile_apps/ALADDIN_iOS/Screens/01_MainScreen.swift /Users/sergejhlystov/ALADDIN_NEW/ALADDIN_NEW/mobile_apps/ALADDIN_iOS/Screens/FamilyTournamentView.swift /Users/sergejhlystov/ALADDIN_NEW/ALADDIN_NEW/mobile_apps/ALADDIN_iOS/Shared/Styles/Fonts.swift /Users/sergejhlystov/ALADDIN_NEW/ALADDIN_NEW/mobile_apps/ALADDIN_iOS/Screens/GamesParentalControlView.swift /Users/sergejhlystov/ALADDIN_NEW/ALADDIN_NEW/mobile_apps/ALADDIN_iOS/Shared/Components/QRScannerModal.swift /Users/sergejhlystov/ALADDIN_NEW/ALADDIN_NEW/mobile_apps/ALADDIN_iOS/Screens/04_AnalyticsScreen.swift /Users/sergejhlystov/ALADDIN_NEW/ALADDIN_NEW/mobile_apps/ALADDIN_iOS/Screens/24_VPNEnergyStatsScreen.swift /Users/sergejhlystov/ALADDIN_NEW/ALADDIN_NEW/mobile_apps/ALADDIN_iOS/Shared/Components/Modals/ProfileEditView.swift /Users/sergejhlystov/ALADDIN_NEW/ALADDIN_NEW/mobile_apps/ALADDIN_iOS/ViewModels/TariffsViewModel.swift /Users/sergejhlystov/ALADDIN_NEW/ALADDIN_NEW/mobile_apps/ALADDIN_iOS/Core/Notifications/NotificationManager.swift /Users/sergejhlystov/ALADDIN_NEW/ALADDIN_NEW/mobile_apps/ALADDIN_iOS/Core/Security/SecurityManager.swift -supplementary-output-file-map /var/folders/rf/6rxcyql17sz57_02ng7jd7pr0000gn/T/TemporaryDirectory.wFGpdC/supplementaryOutputs-3 -target x86_64-apple-ios15.0-simulator -enable-objc-interop -sdk /Applications/Xcode.app/Contents/Developer/Platforms/iPhoneSimulator.platform/Developer/SDKs/iPhoneSimulator15.2.sdk -I /Users/sergejhlystov/Library/Developer/Xcode/DerivedData/ALADDIN-eahryzmutvtbyceygnlyjsmiiaha/Build/Products/Debug-iphonesimulator -F /Users/sergejhlystov/Library/Developer/Xcode/DerivedData/ALADDIN-eahryzmutvtbyceygnlyjsmiiaha/Build/Products/Debug-iphonesimulator -enable-testing -g -module-cache-path /Users/sergejhlystov/Library/Developer/Xcode/DerivedData/ModuleCache.noindex -emit-localized-strings -emit-localized-strings-path /Users/sergejhlystov/Library/Developer/Xcode/DerivedData/ALADDIN-eahryzmutvtbyceygnlyjsmiiaha/Build/Intermediates.noindex/ALADDIN.build/Debug-iphonesimulator/ALADDIN.build/Objects-normal/x86_64 -swift-version 5 -enforce-exclusivity\=checked -Onone -D DEBUG -new-driver-path /Applications/Xcode.app/Contents/Developer/Toolchains/XcodeDefault.xctoolchain/usr/bin/swift-driver -serialize-debugging-options -Xcc -working-directory -Xcc /Users/sergejhlystov/ALADDIN_NEW/ALADDIN_NEW/mobile_apps/ALADDIN_iOS -resource-dir /Applications/Xcode.app/Contents/Developer/Toolchains/XcodeDefault.xctoolchain/usr/lib/swift -enable-anonymous-context-mangled-names -Xcc -I/Users/sergejhlystov/Library/Developer/Xcode/DerivedData/ALADDIN-eahryzmutvtbyceygnlyjsmiiaha/Build/Intermediates.noindex/ALADDIN.build/Debug-iphonesimulator/ALADDIN.build/swift-overrides.hmap -Xcc -iquote -Xcc /Users/sergejhlystov/Library/Developer/Xcode/DerivedData/ALADDIN-eahryzmutvtbyceygnlyjsmiiaha/Build/Intermediates.noindex/ALADDIN.build/Debug-iphonesimulator/ALADDIN.build/ALADDIN-generated-files.hmap -Xcc -I/Users/sergejhlystov/Library/Developer/Xcode/DerivedData/ALADDIN-eahryzmutvtbyceygnlyjsmiiaha/Build/Intermediates.noindex/ALADDIN.build/Debug-iphonesimulator/ALADDIN.build/ALADDIN-own-target-headers.hmap -Xcc -I/Users/sergejhlystov/Library/Developer/Xcode/DerivedData/ALADDIN-eahryzmutvtbyceygnlyjsmiiaha/Build/Intermediates.noindex/ALADDIN.build/Debug-iphonesimulator/ALADDIN.build/ALADDIN-all-target-headers.hmap -Xcc -iquote -Xcc /Users/sergejhlystov/Library/Developer/Xcode/DerivedData/ALADDIN-eahryzmutvtbyceygnlyjsmiiaha/Build/Intermediates.noindex/ALADDIN.build/Debug-iphonesimulator/ALADDIN.build/ALADDIN-project-headers.hmap -Xcc -I/Users/sergejhlystov/Library/Developer/Xcode/DerivedData/ALADDIN-eahryzmutvtbyceygnlyjsmiiaha/Build/Products/Debug-iphonesimulator/include -Xcc -I/Users/sergejhlystov/Library/Developer/Xcode/DerivedData/ALADDIN-eahryzmutvtbyceygnlyjsmiiaha/Build/Intermediates.noindex/ALADDIN.build/Debug-iphonesimulator/ALADDIN.build/DerivedSources-normal/x86_64 -Xcc -I/Users/sergejhlystov/Library/Developer/Xcode/DerivedData/ALADDIN-eahryzmutvtbyceygnlyjsmiiaha/Build/Intermediates.noindex/ALADDIN.build/Debug-iphonesimulator/ALADDIN.build/DerivedSources/x86_64 -Xcc -I/Users/sergejhlystov/Library/Developer/Xcode/DerivedData/ALADDIN-eahryzmutvtbyceygnlyjsmiiaha/Build/Intermediates.noindex/ALADDIN.build/Debug-iphonesimulator/ALADDIN.build/DerivedSources -Xcc -DDEBUG\=1 -module-name ALADDIN -target-sdk-version 15.2.0 -o /Users/sergejhlystov/Library/Developer/Xcode/DerivedData/ALADDIN-eahryzmutvtbyceygnlyjsmiiaha/Build/Intermediates.noindex/ALADDIN.build/Debug-iphonesimulator/ALADDIN.build/Objects-normal/x86_64/NetworkManager.o -o /Users/sergejhlystov/Library/Developer/Xcode/DerivedData/ALADDIN-eahryzmutvtbyceygnlyjsmiiaha/Build/Intermediates.noindex/ALADDIN.build/Debug-iphonesimulator/ALADDIN.build/Objects-normal/x86_64/19_TermsOfServiceScreen.o -o /Users/sergejhlystov/Library/Developer/Xcode/DerivedData/ALADDIN-eahryzmutvtbyceygnlyjsmiiaha/Build/Intermediates.noindex/ALADDIN.build/Debug-iphonesimulator/ALADDIN.build/Objects-normal/x86_64/AppConfig.o -o /Users/sergejhlystov/Library/Developer/Xcode/DerivedData/ALADDIN-eahryzmutvtbyceygnlyjsmiiaha/Build/Intermediates.noindex/ALADDIN.build/Debug-iphonesimulator/ALADDIN.build/Objects-normal/x86_64/FamilyViewModel.o -o /Users/sergejhlystov/Library/Developer/Xcode/DerivedData/ALADDIN-eahryzmutvtbyceygnlyjsmiiaha/Build/Intermediates.noindex/ALADDIN.build/Debug-iphonesimulator/ALADDIN.build/Objects-normal/x86_64/AIAssistantViewModel.o -o /Users/sergejhlystov/Library/Developer/Xcode/DerivedData/ALADDIN-eahryzmutvtbyceygnlyjsmiiaha/Build/Intermediates.noindex/ALADDIN.build/Debug-iphonesimulator/ALADDIN.build/Objects-normal/x86_64/22_DeviceDetailScreen.o -o /Users/sergejhlystov/Library/Developer/Xcode/DerivedData/ALADDIN-eahryzmutvtbyceygnlyjsmiiaha/Build/Intermediates.noindex/ALADDIN.build/Debug-iphonesimulator/ALADDIN.build/Objects-normal/x86_64/WidgetConfigurationScreen.o -o /Users/sergejhlystov/Library/Developer/Xcode/DerivedData/ALADDIN-eahryzmutvtbyceygnlyjsmiiaha/Build/Intermediates.noindex/ALADDIN.build/Debug-iphonesimulator/ALADDIN.build/Objects-normal/x86_64/KeychainManager.o -o /Users/sergejhlystov/Library/Developer/Xcode/DerivedData/ALADDIN-eahryzmutvtbyceygnlyjsmiiaha/Build/Intermediates.noindex/ALADDIN.build/Debug-iphonesimulator/ALADDIN.build/Objects-normal/x86_64/MemberStatsModalView.o -o /Users/sergejhlystov/Library/Developer/Xcode/DerivedData/ALADDIN-eahryzmutvtbyceygnlyjsmiiaha/Build/Intermediates.noindex/ALADDIN.build/Debug-iphonesimulator/ALADDIN.build/Objects-normal/x86_64/Spacing.o -o /Users/sergejhlystov/Library/Developer/Xcode/DerivedData/ALADDIN-eahryzmutvtbyceygnlyjsmiiaha/Build/Intermediates.noindex/ALADDIN.build/Debug-iphonesimulator/ALADDIN.build/Objects-normal/x86_64/RecoveryOptionsModal.o -o /Users/sergejhlystov/Library/Developer/Xcode/DerivedData/ALADDIN-eahryzmutvtbyceygnlyjsmiiaha/Build/Intermediates.noindex/ALADDIN.build/Debug-iphonesimulator/ALADDIN.build/Objects-normal/x86_64/SettingsViewModel.o -index-store-path /Users/sergejhlystov/Library/Developer/Xcode/DerivedData/ALADDIN-eahryzmutvtbyceygnlyjsmiiaha/Index/DataStore -index-system-modules

CompileSwift normal x86_64 /Users/sergejhlystov/ALADDIN_NEW/ALADDIN_NEW/mobile_apps/ALADDIN_iOS/Screens/22_DeviceDetailScreen.swift (in target 'ALADDIN' from project 'ALADDIN')
    cd /Users/sergejhlystov/ALADDIN_NEW/ALADDIN_NEW/mobile_apps/ALADDIN_iOS
    /Applications/Xcode.app/Contents/Developer/Toolchains/XcodeDefault.xctoolchain/usr/bin/swift-frontend -frontend -c /Users/sergejhlystov/ALADDIN_NEW/ALADDIN_NEW/mobile_apps/ALADDIN_iOS/Screens/RewardsQuickModal.swift /Users/sergejhlystov/ALADDIN_NEW/ALADDIN_NEW/mobile_apps/ALADDIN_iOS/Screens/08_ChildInterfaceScreen.swift /Users/sergejhlystov/ALADDIN_NEW/ALADDIN_NEW/mobile_apps/ALADDIN_iOS/ContentView.swift /Users/sergejhlystov/ALADDIN_NEW/ALADDIN_NEW/mobile_apps/ALADDIN_iOS/Shared/Components/ALADDINToggle.swift /Users/sergejhlystov/ALADDIN_NEW/ALADDIN_NEW/mobile_apps/ALADDIN_iOS/Components/Modals/AgeGroupSelectionModal.swift /Users/sergejhlystov/ALADDIN_NEW/ALADDIN_NEW/mobile_apps/ALADDIN_iOS/ALADDINApp.swift /Users/sergejhlystov/ALADDIN_NEW/ALADDIN_NEW/mobile_apps/ALADDIN_iOS/Shared/Models/FunctionStatus.swift /Users/sergejhlystov/ALADDIN_NEW/ALADDIN_NEW/mobile_apps/ALADDIN_iOS/ViewModels/MainViewModel.swift /Users/sergejhlystov/ALADDIN_NEW/ALADDIN_NEW/mobile_apps/ALADDIN_iOS/Shared/Components/Buttons/PrimaryButton.swift /Users/sergejhlystov/ALADDIN_NEW/ALADDIN_NEW/mobile_apps/ALADDIN_iOS/Screens/NotificationSettingsScreen.swift /Users/sergejhlystov/ALADDIN_NEW/ALADDIN_NEW/mobile_apps/ALADDIN_iOS/Screens/ChildContentScreen.swift /Users/sergejhlystov/ALADDIN_NEW/ALADDIN_NEW/mobile_apps/ALADDIN_iOS/Shared/Components/StatItem.swift /Users/sergejhlystov/ALADDIN_NEW/ALADDIN_NEW/mobile_apps/ALADDIN_iOS/Shared/Components/Cards/FamilyMemberCard.swift /Users/sergejhlystov/ALADDIN_NEW/ALADDIN_NEW/mobile_apps/ALADDIN_iOS/ViewModels/VPNViewModel.swift /Users/sergejhlystov/ALADDIN_NEW/ALADDIN_NEW/mobile_apps/ALADDIN_iOS/Core/Models/APIModels.swift /Users/sergejhlystov/ALADDIN_NEW/ALADDIN_NEW/mobile_apps/ALADDIN_iOS/Core/VPN/VPNManager.swift /Users/sergejhlystov/ALADDIN_NEW/ALADDIN_NEW/mobile_apps/ALADDIN_iOS/Screens/UnicornPetView.swift /Users/sergejhlystov/ALADDIN_NEW/ALADDIN_NEW/mobile_apps/ALADDIN_iOS/Core/Network/APIService.swift /Users/sergejhlystov/ALADDIN_NEW/ALADDIN_NEW/mobile_apps/ALADDIN_iOS/Screens/18_PrivacyPolicyScreen.swift /Users/sergejhlystov/ALADDIN_NEW/ALADDIN_NEW/mobile_apps/ALADDIN_iOS/Screens/10_TariffsScreen.swift /Users/sergejhlystov/ALADDIN_NEW/ALADDIN_NEW/mobile_apps/ALADDIN_iOS/Screens/03_VPNScreen.swift /Users/sergejhlystov/ALADDIN_NEW/ALADDIN_NEW/mobile_apps/ALADDIN_iOS/Screens/09_ElderlyInterfaceScreen.swift /Users/sergejhlystov/ALADDIN_NEW/ALADDIN_NEW/mobile_apps/ALADDIN_iOS/Shared/Components/SecondaryButton.swift /Users/sergejhlystov/ALADDIN_NEW/ALADDIN_NEW/mobile_apps/ALADDIN_iOS/Screens/11_ProfileScreen.swift -primary-file /Users/sergejhlystov/ALADDIN_NEW/ALADDIN_NEW/mobile_apps/ALADDIN_iOS/Core/Network/NetworkManager.swift -primary-file /Users/sergejhlystov/ALADDIN_NEW/ALADDIN_NEW/mobile_apps/ALADDIN_iOS/Screens/19_TermsOfServiceScreen.swift -primary-file /Users/sergejhlystov/ALADDIN_NEW/ALADDIN_NEW/mobile_apps/ALADDIN_iOS/Core/Config/AppConfig.swift -primary-file /Users/sergejhlystov/ALADDIN_NEW/ALADDIN_NEW/mobile_apps/ALADDIN_iOS/ViewModels/FamilyViewModel.swift -primary-file /Users/sergejhlystov/ALADDIN_NEW/ALADDIN_NEW/mobile_apps/ALADDIN_iOS/ViewModels/AIAssistantViewModel.swift -primary-file /Users/sergejhlystov/ALADDIN_NEW/ALADDIN_NEW/mobile_apps/ALADDIN_iOS/Screens/22_DeviceDetailScreen.swift -primary-file /Users/sergejhlystov/ALADDIN_NEW/ALADDIN_NEW/mobile_apps/ALADDIN_iOS/Screens/WidgetConfigurationScreen.swift -primary-file /Users/sergejhlystov/ALADDIN_NEW/ALADDIN_NEW/mobile_apps/ALADDIN_iOS/Core/Security/KeychainManager.swift -primary-file /Users/sergejhlystov/ALADDIN_NEW/ALADDIN_NEW/mobile_apps/ALADDIN_iOS/Shared/Components/Modals/MemberStatsModalView.swift -primary-file /Users/sergejhlystov/ALADDIN_NEW/ALADDIN_NEW/mobile_apps/ALADDIN_iOS/Shared/Styles/Spacing.swift -primary-file /Users/sergejhlystov/ALADDIN_NEW/ALADDIN_NEW/mobile_apps/ALADDIN_iOS/Shared/Components/RecoveryOptionsModal.swift -primary-file /Users/sergejhlystov/ALADDIN_NEW/ALADDIN_NEW/mobile_apps/ALADDIN_iOS/ViewModels/SettingsViewModel.swift /Users/sergejhlystov/ALADDIN_NEW/ALADDIN_NEW/mobile_apps/ALADDIN_iOS/Shared/Components/InfoRow.swift /Users/sergejhlystov/ALADDIN_NEW/ALADDIN_NEW/mobile_apps/ALADDIN_iOS/Screens/25_PaymentQRScreen.swift /Users/sergejhlystov/ALADDIN_NEW/ALADDIN_NEW/mobile_apps/ALADDIN_iOS/Shared/Components/Modals/RoleSelectionModal.swift /Users/sergejhlystov/ALADDIN_NEW/ALADDIN_NEW/mobile_apps/ALADDIN_iOS/ViewModels/SupportViewModel.swift /Users/sergejhlystov/ALADDIN_NEW/ALADDIN_NEW/mobile_apps/ALADDIN_iOS/ViewModels/ChildInterfaceViewModel.swift /Users/sergejhlystov/ALADDIN_NEW/ALADDIN_NEW/mobile_apps/ALADDIN_iOS/Screens/12_NotificationsScreen.swift /Users/sergejhlystov/ALADDIN_NEW/ALADDIN_NEW/mobile_apps/ALADDIN_iOS/ViewModels/ElderlyInterfaceViewModel.swift /Users/sergejhlystov/ALADDIN_NEW/ALADDIN_NEW/mobile_apps/ALADDIN_iOS/ViewModels/AnalyticsViewModel.swift /Users/sergejhlystov/ALADDIN_NEW/ALADDIN_NEW/mobile_apps/ALADDIN_iOS/Core/Cache/CacheManager.swift /Users/sergejhlystov/ALADDIN_NEW/ALADDIN_NEW/mobile_apps/ALADDIN_iOS/ViewModels/NotificationsViewModel.swift /Users/sergejhlystov/ALADDIN_NEW/ALADDIN_NEW/mobile_apps/ALADDIN_iOS/Screens/06_AIAssistantScreen.swift /Users/sergejhlystov/ALADDIN_NEW/ALADDIN_NEW/mobile_apps/ALADDIN_iOS/ViewModels/ProfileViewModel.swift /Users/sergejhlystov/ALADDIN_NEW/ALADDIN_NEW/mobile_apps/ALADDIN_iOS/Components/Modals/ConsentModal.swift /Users/sergejhlystov/ALADDIN_NEW/ALADDIN_NEW/mobile_apps/ALADDIN_iOS/ViewModels/ParentalControlViewModel.swift /Users/sergejhlystov/ALADDIN_NEW/ALADDIN_NEW/mobile_apps/ALADDIN_iOS/ViewModels/OnboardingViewModel.swift /Users/sergejhlystov/ALADDIN_NEW/ALADDIN_NEW/mobile_apps/ALADDIN_iOS/Shared/Styles/Colors.swift /Users/sergejhlystov/ALADDIN_NEW/ALADDIN_NEW/mobile_apps/ALADDIN_iOS/Screens/ChildRewardsScreen.swift /Users/sergejhlystov/ALADDIN_NEW/ALADDIN_NEW/mobile_apps/ALADDIN_iOS/Screens/21_ReferralScreen.swift /Users/sergejhlystov/ALADDIN_NEW/ALADDIN_NEW/mobile_apps/ALADDIN_iOS/Shared/Components/AvatarSelector.swift /Users/sergejhlystov/ALADDIN_NEW/ALADDIN_NEW/mobile_apps/ALADDIN_iOS/Shared/Components/Navigation/ALADDINNavigationBar.swift /Users/sergejhlystov/ALADDIN_NEW/ALADDIN_NEW/mobile_apps/ALADDIN_iOS/Screens/14_OnboardingScreen.swift /Users/sergejhlystov/ALADDIN_NEW/ALADDIN_NEW/mobile_apps/ALADDIN_iOS/Components/Modals/FamilyCreatedModal.swift /Users/sergejhlystov/ALADDIN_NEW/ALADDIN_NEW/mobile_apps/ALADDIN_iOS/ViewModels/PaymentQRViewModel.swift /Users/sergejhlystov/ALADDIN_NEW/ALADDIN_NEW/mobile_apps/ALADDIN_iOS/Core/Navigation/NavigationManager.swift /Users/sergejhlystov/ALADDIN_NEW/ALADDIN_NEW/mobile_apps/ALADDIN_iOS/Core/Accessibility/AccessibilityManager.swift /Users/sergejhlystov/ALADDIN_NEW/ALADDIN_NEW/mobile_apps/ALADDIN_iOS/Core/Store/StoreManager.swift /Users/sergejhlystov/ALADDIN_NEW/ALADDIN_NEW/mobile_apps/ALADDIN_iOS/Screens/WheelOfFortuneView.swift /Users/sergejhlystov/ALADDIN_NEW/ALADDIN_NEW/mobile_apps/ALADDIN_iOS/Screens/UnicornUniverseView.swift /Users/sergejhlystov/ALADDIN_NEW/ALADDIN_NEW/mobile_apps/ALADDIN_iOS/Core/Localization/LocalizationManager.swift /Users/sergejhlystov/ALADDIN_NEW/ALADDIN_NEW/mobile_apps/ALADDIN_iOS/Screens/13_SupportScreen.swift /Users/sergejhlystov/ALADDIN_NEW/ALADDIN_NEW/mobile_apps/ALADDIN_iOS/Core/Analytics/AnalyticsManager.swift /Users/sergejhlystov/ALADDIN_NEW/ALADDIN_NEW/mobile_apps/ALADDIN_iOS/Screens/07_ParentalControlScreen.swift /Users/sergejhlystov/ALADDIN_NEW/ALADDIN_NEW/mobile_apps/ALADDIN_iOS/Screens/05_SettingsScreen.swift /Users/sergejhlystov/ALADDIN_NEW/ALADDIN_NEW/mobile_apps/ALADDIN_iOS/Screens/RewardsModalView.swift /Users/sergejhlystov/ALADDIN_NEW/ALADDIN_NEW/mobile_apps/ALADDIN_iOS/Screens/23_FamilyChatScreen.swift /Users/sergejhlystov/ALADDIN_NEW/ALADDIN_NEW/mobile_apps/ALADDIN_iOS/Screens/02_FamilyScreen.swift /Users/sergejhlystov/ALADDIN_NEW/ALADDIN_NEW/mobile_apps/ALADDIN_iOS/Screens/20_DevicesScreen.swift /Users/sergejhlystov/ALADDIN_NEW/ALADDIN_NEW/mobile_apps/ALADDIN_iOS/Shared/Components/ViewModifiers.swift /Users/sergejhlystov/ALADDIN_NEW/ALADDIN_NEW/mobile_apps/ALADDIN_iOS/Shared/Components/HapticFeedback.swift /Users/sergejhlystov/ALADDIN_NEW/ALADDIN_NEW/mobile_apps/ALADDIN_iOS/Screens/MainScreenWithRegistration.swift /Users/sergejhlystov/ALADDIN_NEW/ALADDIN_NEW/mobile_apps/ALADDIN_iOS/Core/Network/NetworkError.swift /Users/sergejhlystov/ALADDIN_NEW/ALADDIN_NEW/mobile_apps/ALADDIN_iOS/Screens/LanguageSettingsScreen.swift /Users/sergejhlystov/ALADDIN_NEW/ALADDIN_NEW/mobile_apps/ALADDIN_iOS/ViewModels/FamilyRegistrationViewModel.swift /Users/sergejhlystov/ALADDIN_NEW/ALADDIN_NEW/mobile_apps/ALADDIN_iOS/Shared/Styles/CornerRadius.swift /Users/sergejhlystov/ALADDIN_NEW/ALADDIN_NEW/mobile_apps/ALADDIN_iOS/Screens/01_MainScreen.swift /Users/sergejhlystov/ALADDIN_NEW/ALADDIN_NEW/mobile_apps/ALADDIN_iOS/Screens/FamilyTournamentView.swift /Users/sergejhlystov/ALADDIN_NEW/ALADDIN_NEW/mobile_apps/ALADDIN_iOS/Shared/Styles/Fonts.swift /Users/sergejhlystov/ALADDIN_NEW/ALADDIN_NEW/mobile_apps/ALADDIN_iOS/Screens/GamesParentalControlView.swift /Users/sergejhlystov/ALADDIN_NEW/ALADDIN_NEW/mobile_apps/ALADDIN_iOS/Shared/Components/QRScannerModal.swift /Users/sergejhlystov/ALADDIN_NEW/ALADDIN_NEW/mobile_apps/ALADDIN_iOS/Screens/04_AnalyticsScreen.swift /Users/sergejhlystov/ALADDIN_NEW/ALADDIN_NEW/mobile_apps/ALADDIN_iOS/Screens/24_VPNEnergyStatsScreen.swift /Users/sergejhlystov/ALADDIN_NEW/ALADDIN_NEW/mobile_apps/ALADDIN_iOS/Shared/Components/Modals/ProfileEditView.swift /Users/sergejhlystov/ALADDIN_NEW/ALADDIN_NEW/mobile_apps/ALADDIN_iOS/ViewModels/TariffsViewModel.swift /Users/sergejhlystov/ALADDIN_NEW/ALADDIN_NEW/mobile_apps/ALADDIN_iOS/Core/Notifications/NotificationManager.swift /Users/sergejhlystov/ALADDIN_NEW/ALADDIN_NEW/mobile_apps/ALADDIN_iOS/Core/Security/SecurityManager.swift -supplementary-output-file-map /var/folders/rf/6rxcyql17sz57_02ng7jd7pr0000gn/T/TemporaryDirectory.wFGpdC/supplementaryOutputs-3 -target x86_64-apple-ios15.0-simulator -enable-objc-interop -sdk /Applications/Xcode.app/Contents/Developer/Platforms/iPhoneSimulator.platform/Developer/SDKs/iPhoneSimulator15.2.sdk -I /Users/sergejhlystov/Library/Developer/Xcode/DerivedData/ALADDIN-eahryzmutvtbyceygnlyjsmiiaha/Build/Products/Debug-iphonesimulator -F /Users/sergejhlystov/Library/Developer/Xcode/DerivedData/ALADDIN-eahryzmutvtbyceygnlyjsmiiaha/Build/Products/Debug-iphonesimulator -enable-testing -g -module-cache-path /Users/sergejhlystov/Library/Developer/Xcode/DerivedData/ModuleCache.noindex -emit-localized-strings -emit-localized-strings-path /Users/sergejhlystov/Library/Developer/Xcode/DerivedData/ALADDIN-eahryzmutvtbyceygnlyjsmiiaha/Build/Intermediates.noindex/ALADDIN.build/Debug-iphonesimulator/ALADDIN.build/Objects-normal/x86_64 -swift-version 5 -enforce-exclusivity\=checked -Onone -D DEBUG -new-driver-path /Applications/Xcode.app/Contents/Developer/Toolchains/XcodeDefault.xctoolchain/usr/bin/swift-driver -serialize-debugging-options -Xcc -working-directory -Xcc /Users/sergejhlystov/ALADDIN_NEW/ALADDIN_NEW/mobile_apps/ALADDIN_iOS -resource-dir /Applications/Xcode.app/Contents/Developer/Toolchains/XcodeDefault.xctoolchain/usr/lib/swift -enable-anonymous-context-mangled-names -Xcc -I/Users/sergejhlystov/Library/Developer/Xcode/DerivedData/ALADDIN-eahryzmutvtbyceygnlyjsmiiaha/Build/Intermediates.noindex/ALADDIN.build/Debug-iphonesimulator/ALADDIN.build/swift-overrides.hmap -Xcc -iquote -Xcc /Users/sergejhlystov/Library/Developer/Xcode/DerivedData/ALADDIN-eahryzmutvtbyceygnlyjsmiiaha/Build/Intermediates.noindex/ALADDIN.build/Debug-iphonesimulator/ALADDIN.build/ALADDIN-generated-files.hmap -Xcc -I/Users/sergejhlystov/Library/Developer/Xcode/DerivedData/ALADDIN-eahryzmutvtbyceygnlyjsmiiaha/Build/Intermediates.noindex/ALADDIN.build/Debug-iphonesimulator/ALADDIN.build/ALADDIN-own-target-headers.hmap -Xcc -I/Users/sergejhlystov/Library/Developer/Xcode/DerivedData/ALADDIN-eahryzmutvtbyceygnlyjsmiiaha/Build/Intermediates.noindex/ALADDIN.build/Debug-iphonesimulator/ALADDIN.build/ALADDIN-all-target-headers.hmap -Xcc -iquote -Xcc /Users/sergejhlystov/Library/Developer/Xcode/DerivedData/ALADDIN-eahryzmutvtbyceygnlyjsmiiaha/Build/Intermediates.noindex/ALADDIN.build/Debug-iphonesimulator/ALADDIN.build/ALADDIN-project-headers.hmap -Xcc -I/Users/sergejhlystov/Library/Developer/Xcode/DerivedData/ALADDIN-eahryzmutvtbyceygnlyjsmiiaha/Build/Products/Debug-iphonesimulator/include -Xcc -I/Users/sergejhlystov/Library/Developer/Xcode/DerivedData/ALADDIN-eahryzmutvtbyceygnlyjsmiiaha/Build/Intermediates.noindex/ALADDIN.build/Debug-iphonesimulator/ALADDIN.build/DerivedSources-normal/x86_64 -Xcc -I/Users/sergejhlystov/Library/Developer/Xcode/DerivedData/ALADDIN-eahryzmutvtbyceygnlyjsmiiaha/Build/Intermediates.noindex/ALADDIN.build/Debug-iphonesimulator/ALADDIN.build/DerivedSources/x86_64 -Xcc -I/Users/sergejhlystov/Library/Developer/Xcode/DerivedData/ALADDIN-eahryzmutvtbyceygnlyjsmiiaha/Build/Intermediates.noindex/ALADDIN.build/Debug-iphonesimulator/ALADDIN.build/DerivedSources -Xcc -DDEBUG\=1 -module-name ALADDIN -target-sdk-version 15.2.0 -o /Users/sergejhlystov/Library/Developer/Xcode/DerivedData/ALADDIN-eahryzmutvtbyceygnlyjsmiiaha/Build/Intermediates.noindex/ALADDIN.build/Debug-iphonesimulator/ALADDIN.build/Objects-normal/x86_64/NetworkManager.o -o /Users/sergejhlystov/Library/Developer/Xcode/DerivedData/ALADDIN-eahryzmutvtbyceygnlyjsmiiaha/Build/Intermediates.noindex/ALADDIN.build/Debug-iphonesimulator/ALADDIN.build/Objects-normal/x86_64/19_TermsOfServiceScreen.o -o /Users/sergejhlystov/Library/Developer/Xcode/DerivedData/ALADDIN-eahryzmutvtbyceygnlyjsmiiaha/Build/Intermediates.noindex/ALADDIN.build/Debug-iphonesimulator/ALADDIN.build/Objects-normal/x86_64/AppConfig.o -o /Users/sergejhlystov/Library/Developer/Xcode/DerivedData/ALADDIN-eahryzmutvtbyceygnlyjsmiiaha/Build/Intermediates.noindex/ALADDIN.build/Debug-iphonesimulator/ALADDIN.build/Objects-normal/x86_64/FamilyViewModel.o -o /Users/sergejhlystov/Library/Developer/Xcode/DerivedData/ALADDIN-eahryzmutvtbyceygnlyjsmiiaha/Build/Intermediates.noindex/ALADDIN.build/Debug-iphonesimulator/ALADDIN.build/Objects-normal/x86_64/AIAssistantViewModel.o -o /Users/sergejhlystov/Library/Developer/Xcode/DerivedData/ALADDIN-eahryzmutvtbyceygnlyjsmiiaha/Build/Intermediates.noindex/ALADDIN.build/Debug-iphonesimulator/ALADDIN.build/Objects-normal/x86_64/22_DeviceDetailScreen.o -o /Users/sergejhlystov/Library/Developer/Xcode/DerivedData/ALADDIN-eahryzmutvtbyceygnlyjsmiiaha/Build/Intermediates.noindex/ALADDIN.build/Debug-iphonesimulator/ALADDIN.build/Objects-normal/x86_64/WidgetConfigurationScreen.o -o /Users/sergejhlystov/Library/Developer/Xcode/DerivedData/ALADDIN-eahryzmutvtbyceygnlyjsmiiaha/Build/Intermediates.noindex/ALADDIN.build/Debug-iphonesimulator/ALADDIN.build/Objects-normal/x86_64/KeychainManager.o -o /Users/sergejhlystov/Library/Developer/Xcode/DerivedData/ALADDIN-eahryzmutvtbyceygnlyjsmiiaha/Build/Intermediates.noindex/ALADDIN.build/Debug-iphonesimulator/ALADDIN.build/Objects-normal/x86_64/MemberStatsModalView.o -o /Users/sergejhlystov/Library/Developer/Xcode/DerivedData/ALADDIN-eahryzmutvtbyceygnlyjsmiiaha/Build/Intermediates.noindex/ALADDIN.build/Debug-iphonesimulator/ALADDIN.build/Objects-normal/x86_64/Spacing.o -o /Users/sergejhlystov/Library/Developer/Xcode/DerivedData/ALADDIN-eahryzmutvtbyceygnlyjsmiiaha/Build/Intermediates.noindex/ALADDIN.build/Debug-iphonesimulator/ALADDIN.build/Objects-normal/x86_64/RecoveryOptionsModal.o -o /Users/sergejhlystov/Library/Developer/Xcode/DerivedData/ALADDIN-eahryzmutvtbyceygnlyjsmiiaha/Build/Intermediates.noindex/ALADDIN.build/Debug-iphonesimulator/ALADDIN.build/Objects-normal/x86_64/SettingsViewModel.o -index-store-path /Users/sergejhlystov/Library/Developer/Xcode/DerivedData/ALADDIN-eahryzmutvtbyceygnlyjsmiiaha/Index/DataStore -index-system-modules

CompileSwift normal x86_64 /Users/sergejhlystov/ALADDIN_NEW/ALADDIN_NEW/mobile_apps/ALADDIN_iOS/Screens/WidgetConfigurationScreen.swift (in target 'ALADDIN' from project 'ALADDIN')
    cd /Users/sergejhlystov/ALADDIN_NEW/ALADDIN_NEW/mobile_apps/ALADDIN_iOS
    /Applications/Xcode.app/Contents/Developer/Toolchains/XcodeDefault.xctoolchain/usr/bin/swift-frontend -frontend -c /Users/sergejhlystov/ALADDIN_NEW/ALADDIN_NEW/mobile_apps/ALADDIN_iOS/Screens/RewardsQuickModal.swift /Users/sergejhlystov/ALADDIN_NEW/ALADDIN_NEW/mobile_apps/ALADDIN_iOS/Screens/08_ChildInterfaceScreen.swift /Users/sergejhlystov/ALADDIN_NEW/ALADDIN_NEW/mobile_apps/ALADDIN_iOS/ContentView.swift /Users/sergejhlystov/ALADDIN_NEW/ALADDIN_NEW/mobile_apps/ALADDIN_iOS/Shared/Components/ALADDINToggle.swift /Users/sergejhlystov/ALADDIN_NEW/ALADDIN_NEW/mobile_apps/ALADDIN_iOS/Components/Modals/AgeGroupSelectionModal.swift /Users/sergejhlystov/ALADDIN_NEW/ALADDIN_NEW/mobile_apps/ALADDIN_iOS/ALADDINApp.swift /Users/sergejhlystov/ALADDIN_NEW/ALADDIN_NEW/mobile_apps/ALADDIN_iOS/Shared/Models/FunctionStatus.swift /Users/sergejhlystov/ALADDIN_NEW/ALADDIN_NEW/mobile_apps/ALADDIN_iOS/ViewModels/MainViewModel.swift /Users/sergejhlystov/ALADDIN_NEW/ALADDIN_NEW/mobile_apps/ALADDIN_iOS/Shared/Components/Buttons/PrimaryButton.swift /Users/sergejhlystov/ALADDIN_NEW/ALADDIN_NEW/mobile_apps/ALADDIN_iOS/Screens/NotificationSettingsScreen.swift /Users/sergejhlystov/ALADDIN_NEW/ALADDIN_NEW/mobile_apps/ALADDIN_iOS/Screens/ChildContentScreen.swift /Users/sergejhlystov/ALADDIN_NEW/ALADDIN_NEW/mobile_apps/ALADDIN_iOS/Shared/Components/StatItem.swift /Users/sergejhlystov/ALADDIN_NEW/ALADDIN_NEW/mobile_apps/ALADDIN_iOS/Shared/Components/Cards/FamilyMemberCard.swift /Users/sergejhlystov/ALADDIN_NEW/ALADDIN_NEW/mobile_apps/ALADDIN_iOS/ViewModels/VPNViewModel.swift /Users/sergejhlystov/ALADDIN_NEW/ALADDIN_NEW/mobile_apps/ALADDIN_iOS/Core/Models/APIModels.swift /Users/sergejhlystov/ALADDIN_NEW/ALADDIN_NEW/mobile_apps/ALADDIN_iOS/Core/VPN/VPNManager.swift /Users/sergejhlystov/ALADDIN_NEW/ALADDIN_NEW/mobile_apps/ALADDIN_iOS/Screens/UnicornPetView.swift /Users/sergejhlystov/ALADDIN_NEW/ALADDIN_NEW/mobile_apps/ALADDIN_iOS/Core/Network/APIService.swift /Users/sergejhlystov/ALADDIN_NEW/ALADDIN_NEW/mobile_apps/ALADDIN_iOS/Screens/18_PrivacyPolicyScreen.swift /Users/sergejhlystov/ALADDIN_NEW/ALADDIN_NEW/mobile_apps/ALADDIN_iOS/Screens/10_TariffsScreen.swift /Users/sergejhlystov/ALADDIN_NEW/ALADDIN_NEW/mobile_apps/ALADDIN_iOS/Screens/03_VPNScreen.swift /Users/sergejhlystov/ALADDIN_NEW/ALADDIN_NEW/mobile_apps/ALADDIN_iOS/Screens/09_ElderlyInterfaceScreen.swift /Users/sergejhlystov/ALADDIN_NEW/ALADDIN_NEW/mobile_apps/ALADDIN_iOS/Shared/Components/SecondaryButton.swift /Users/sergejhlystov/ALADDIN_NEW/ALADDIN_NEW/mobile_apps/ALADDIN_iOS/Screens/11_ProfileScreen.swift -primary-file /Users/sergejhlystov/ALADDIN_NEW/ALADDIN_NEW/mobile_apps/ALADDIN_iOS/Core/Network/NetworkManager.swift -primary-file /Users/sergejhlystov/ALADDIN_NEW/ALADDIN_NEW/mobile_apps/ALADDIN_iOS/Screens/19_TermsOfServiceScreen.swift -primary-file /Users/sergejhlystov/ALADDIN_NEW/ALADDIN_NEW/mobile_apps/ALADDIN_iOS/Core/Config/AppConfig.swift -primary-file /Users/sergejhlystov/ALADDIN_NEW/ALADDIN_NEW/mobile_apps/ALADDIN_iOS/ViewModels/FamilyViewModel.swift -primary-file /Users/sergejhlystov/ALADDIN_NEW/ALADDIN_NEW/mobile_apps/ALADDIN_iOS/ViewModels/AIAssistantViewModel.swift -primary-file /Users/sergejhlystov/ALADDIN_NEW/ALADDIN_NEW/mobile_apps/ALADDIN_iOS/Screens/22_DeviceDetailScreen.swift -primary-file /Users/sergejhlystov/ALADDIN_NEW/ALADDIN_NEW/mobile_apps/ALADDIN_iOS/Screens/WidgetConfigurationScreen.swift -primary-file /Users/sergejhlystov/ALADDIN_NEW/ALADDIN_NEW/mobile_apps/ALADDIN_iOS/Core/Security/KeychainManager.swift -primary-file /Users/sergejhlystov/ALADDIN_NEW/ALADDIN_NEW/mobile_apps/ALADDIN_iOS/Shared/Components/Modals/MemberStatsModalView.swift -primary-file /Users/sergejhlystov/ALADDIN_NEW/ALADDIN_NEW/mobile_apps/ALADDIN_iOS/Shared/Styles/Spacing.swift -primary-file /Users/sergejhlystov/ALADDIN_NEW/ALADDIN_NEW/mobile_apps/ALADDIN_iOS/Shared/Components/RecoveryOptionsModal.swift -primary-file /Users/sergejhlystov/ALADDIN_NEW/ALADDIN_NEW/mobile_apps/ALADDIN_iOS/ViewModels/SettingsViewModel.swift /Users/sergejhlystov/ALADDIN_NEW/ALADDIN_NEW/mobile_apps/ALADDIN_iOS/Shared/Components/InfoRow.swift /Users/sergejhlystov/ALADDIN_NEW/ALADDIN_NEW/mobile_apps/ALADDIN_iOS/Screens/25_PaymentQRScreen.swift /Users/sergejhlystov/ALADDIN_NEW/ALADDIN_NEW/mobile_apps/ALADDIN_iOS/Shared/Components/Modals/RoleSelectionModal.swift /Users/sergejhlystov/ALADDIN_NEW/ALADDIN_NEW/mobile_apps/ALADDIN_iOS/ViewModels/SupportViewModel.swift /Users/sergejhlystov/ALADDIN_NEW/ALADDIN_NEW/mobile_apps/ALADDIN_iOS/ViewModels/ChildInterfaceViewModel.swift /Users/sergejhlystov/ALADDIN_NEW/ALADDIN_NEW/mobile_apps/ALADDIN_iOS/Screens/12_NotificationsScreen.swift /Users/sergejhlystov/ALADDIN_NEW/ALADDIN_NEW/mobile_apps/ALADDIN_iOS/ViewModels/ElderlyInterfaceViewModel.swift /Users/sergejhlystov/ALADDIN_NEW/ALADDIN_NEW/mobile_apps/ALADDIN_iOS/ViewModels/AnalyticsViewModel.swift /Users/sergejhlystov/ALADDIN_NEW/ALADDIN_NEW/mobile_apps/ALADDIN_iOS/Core/Cache/CacheManager.swift /Users/sergejhlystov/ALADDIN_NEW/ALADDIN_NEW/mobile_apps/ALADDIN_iOS/ViewModels/NotificationsViewModel.swift /Users/sergejhlystov/ALADDIN_NEW/ALADDIN_NEW/mobile_apps/ALADDIN_iOS/Screens/06_AIAssistantScreen.swift /Users/sergejhlystov/ALADDIN_NEW/ALADDIN_NEW/mobile_apps/ALADDIN_iOS/ViewModels/ProfileViewModel.swift /Users/sergejhlystov/ALADDIN_NEW/ALADDIN_NEW/mobile_apps/ALADDIN_iOS/Components/Modals/ConsentModal.swift /Users/sergejhlystov/ALADDIN_NEW/ALADDIN_NEW/mobile_apps/ALADDIN_iOS/ViewModels/ParentalControlViewModel.swift /Users/sergejhlystov/ALADDIN_NEW/ALADDIN_NEW/mobile_apps/ALADDIN_iOS/ViewModels/OnboardingViewModel.swift /Users/sergejhlystov/ALADDIN_NEW/ALADDIN_NEW/mobile_apps/ALADDIN_iOS/Shared/Styles/Colors.swift /Users/sergejhlystov/ALADDIN_NEW/ALADDIN_NEW/mobile_apps/ALADDIN_iOS/Screens/ChildRewardsScreen.swift /Users/sergejhlystov/ALADDIN_NEW/ALADDIN_NEW/mobile_apps/ALADDIN_iOS/Screens/21_ReferralScreen.swift /Users/sergejhlystov/ALADDIN_NEW/ALADDIN_NEW/mobile_apps/ALADDIN_iOS/Shared/Components/AvatarSelector.swift /Users/sergejhlystov/ALADDIN_NEW/ALADDIN_NEW/mobile_apps/ALADDIN_iOS/Shared/Components/Navigation/ALADDINNavigationBar.swift /Users/sergejhlystov/ALADDIN_NEW/ALADDIN_NEW/mobile_apps/ALADDIN_iOS/Screens/14_OnboardingScreen.swift /Users/sergejhlystov/ALADDIN_NEW/ALADDIN_NEW/mobile_apps/ALADDIN_iOS/Components/Modals/FamilyCreatedModal.swift /Users/sergejhlystov/ALADDIN_NEW/ALADDIN_NEW/mobile_apps/ALADDIN_iOS/ViewModels/PaymentQRViewModel.swift /Users/sergejhlystov/ALADDIN_NEW/ALADDIN_NEW/mobile_apps/ALADDIN_iOS/Core/Navigation/NavigationManager.swift /Users/sergejhlystov/ALADDIN_NEW/ALADDIN_NEW/mobile_apps/ALADDIN_iOS/Core/Accessibility/AccessibilityManager.swift /Users/sergejhlystov/ALADDIN_NEW/ALADDIN_NEW/mobile_apps/ALADDIN_iOS/Core/Store/StoreManager.swift /Users/sergejhlystov/ALADDIN_NEW/ALADDIN_NEW/mobile_apps/ALADDIN_iOS/Screens/WheelOfFortuneView.swift /Users/sergejhlystov/ALADDIN_NEW/ALADDIN_NEW/mobile_apps/ALADDIN_iOS/Screens/UnicornUniverseView.swift /Users/sergejhlystov/ALADDIN_NEW/ALADDIN_NEW/mobile_apps/ALADDIN_iOS/Core/Localization/LocalizationManager.swift /Users/sergejhlystov/ALADDIN_NEW/ALADDIN_NEW/mobile_apps/ALADDIN_iOS/Screens/13_SupportScreen.swift /Users/sergejhlystov/ALADDIN_NEW/ALADDIN_NEW/mobile_apps/ALADDIN_iOS/Core/Analytics/AnalyticsManager.swift /Users/sergejhlystov/ALADDIN_NEW/ALADDIN_NEW/mobile_apps/ALADDIN_iOS/Screens/07_ParentalControlScreen.swift /Users/sergejhlystov/ALADDIN_NEW/ALADDIN_NEW/mobile_apps/ALADDIN_iOS/Screens/05_SettingsScreen.swift /Users/sergejhlystov/ALADDIN_NEW/ALADDIN_NEW/mobile_apps/ALADDIN_iOS/Screens/RewardsModalView.swift /Users/sergejhlystov/ALADDIN_NEW/ALADDIN_NEW/mobile_apps/ALADDIN_iOS/Screens/23_FamilyChatScreen.swift /Users/sergejhlystov/ALADDIN_NEW/ALADDIN_NEW/mobile_apps/ALADDIN_iOS/Screens/02_FamilyScreen.swift /Users/sergejhlystov/ALADDIN_NEW/ALADDIN_NEW/mobile_apps/ALADDIN_iOS/Screens/20_DevicesScreen.swift /Users/sergejhlystov/ALADDIN_NEW/ALADDIN_NEW/mobile_apps/ALADDIN_iOS/Shared/Components/ViewModifiers.swift /Users/sergejhlystov/ALADDIN_NEW/ALADDIN_NEW/mobile_apps/ALADDIN_iOS/Shared/Components/HapticFeedback.swift /Users/sergejhlystov/ALADDIN_NEW/ALADDIN_NEW/mobile_apps/ALADDIN_iOS/Screens/MainScreenWithRegistration.swift /Users/sergejhlystov/ALADDIN_NEW/ALADDIN_NEW/mobile_apps/ALADDIN_iOS/Core/Network/NetworkError.swift /Users/sergejhlystov/ALADDIN_NEW/ALADDIN_NEW/mobile_apps/ALADDIN_iOS/Screens/LanguageSettingsScreen.swift /Users/sergejhlystov/ALADDIN_NEW/ALADDIN_NEW/mobile_apps/ALADDIN_iOS/ViewModels/FamilyRegistrationViewModel.swift /Users/sergejhlystov/ALADDIN_NEW/ALADDIN_NEW/mobile_apps/ALADDIN_iOS/Shared/Styles/CornerRadius.swift /Users/sergejhlystov/ALADDIN_NEW/ALADDIN_NEW/mobile_apps/ALADDIN_iOS/Screens/01_MainScreen.swift /Users/sergejhlystov/ALADDIN_NEW/ALADDIN_NEW/mobile_apps/ALADDIN_iOS/Screens/FamilyTournamentView.swift /Users/sergejhlystov/ALADDIN_NEW/ALADDIN_NEW/mobile_apps/ALADDIN_iOS/Shared/Styles/Fonts.swift /Users/sergejhlystov/ALADDIN_NEW/ALADDIN_NEW/mobile_apps/ALADDIN_iOS/Screens/GamesParentalControlView.swift /Users/sergejhlystov/ALADDIN_NEW/ALADDIN_NEW/mobile_apps/ALADDIN_iOS/Shared/Components/QRScannerModal.swift /Users/sergejhlystov/ALADDIN_NEW/ALADDIN_NEW/mobile_apps/ALADDIN_iOS/Screens/04_AnalyticsScreen.swift /Users/sergejhlystov/ALADDIN_NEW/ALADDIN_NEW/mobile_apps/ALADDIN_iOS/Screens/24_VPNEnergyStatsScreen.swift /Users/sergejhlystov/ALADDIN_NEW/ALADDIN_NEW/mobile_apps/ALADDIN_iOS/Shared/Components/Modals/ProfileEditView.swift /Users/sergejhlystov/ALADDIN_NEW/ALADDIN_NEW/mobile_apps/ALADDIN_iOS/ViewModels/TariffsViewModel.swift /Users/sergejhlystov/ALADDIN_NEW/ALADDIN_NEW/mobile_apps/ALADDIN_iOS/Core/Notifications/NotificationManager.swift /Users/sergejhlystov/ALADDIN_NEW/ALADDIN_NEW/mobile_apps/ALADDIN_iOS/Core/Security/SecurityManager.swift -supplementary-output-file-map /var/folders/rf/6rxcyql17sz57_02ng7jd7pr0000gn/T/TemporaryDirectory.wFGpdC/supplementaryOutputs-3 -target x86_64-apple-ios15.0-simulator -enable-objc-interop -sdk /Applications/Xcode.app/Contents/Developer/Platforms/iPhoneSimulator.platform/Developer/SDKs/iPhoneSimulator15.2.sdk -I /Users/sergejhlystov/Library/Developer/Xcode/DerivedData/ALADDIN-eahryzmutvtbyceygnlyjsmiiaha/Build/Products/Debug-iphonesimulator -F /Users/sergejhlystov/Library/Developer/Xcode/DerivedData/ALADDIN-eahryzmutvtbyceygnlyjsmiiaha/Build/Products/Debug-iphonesimulator -enable-testing -g -module-cache-path /Users/sergejhlystov/Library/Developer/Xcode/DerivedData/ModuleCache.noindex -emit-localized-strings -emit-localized-strings-path /Users/sergejhlystov/Library/Developer/Xcode/DerivedData/ALADDIN-eahryzmutvtbyceygnlyjsmiiaha/Build/Intermediates.noindex/ALADDIN.build/Debug-iphonesimulator/ALADDIN.build/Objects-normal/x86_64 -swift-version 5 -enforce-exclusivity\=checked -Onone -D DEBUG -new-driver-path /Applications/Xcode.app/Contents/Developer/Toolchains/XcodeDefault.xctoolchain/usr/bin/swift-driver -serialize-debugging-options -Xcc -working-directory -Xcc /Users/sergejhlystov/ALADDIN_NEW/ALADDIN_NEW/mobile_apps/ALADDIN_iOS -resource-dir /Applications/Xcode.app/Contents/Developer/Toolchains/XcodeDefault.xctoolchain/usr/lib/swift -enable-anonymous-context-mangled-names -Xcc -I/Users/sergejhlystov/Library/Developer/Xcode/DerivedData/ALADDIN-eahryzmutvtbyceygnlyjsmiiaha/Build/Intermediates.noindex/ALADDIN.build/Debug-iphonesimulator/ALADDIN.build/swift-overrides.hmap -Xcc -iquote -Xcc /Users/sergejhlystov/Library/Developer/Xcode/DerivedData/ALADDIN-eahryzmutvtbyceygnlyjsmiiaha/Build/Intermediates.noindex/ALADDIN.build/Debug-iphonesimulator/ALADDIN.build/ALADDIN-generated-files.hmap -Xcc -I/Users/sergejhlystov/Library/Developer/Xcode/DerivedData/ALADDIN-eahryzmutvtbyceygnlyjsmiiaha/Build/Intermediates.noindex/ALADDIN.build/Debug-iphonesimulator/ALADDIN.build/ALADDIN-own-target-headers.hmap -Xcc -I/Users/sergejhlystov/Library/Developer/Xcode/DerivedData/ALADDIN-eahryzmutvtbyceygnlyjsmiiaha/Build/Intermediates.noindex/ALADDIN.build/Debug-iphonesimulator/ALADDIN.build/ALADDIN-all-target-headers.hmap -Xcc -iquote -Xcc /Users/sergejhlystov/Library/Developer/Xcode/DerivedData/ALADDIN-eahryzmutvtbyceygnlyjsmiiaha/Build/Intermediates.noindex/ALADDIN.build/Debug-iphonesimulator/ALADDIN.build/ALADDIN-project-headers.hmap -Xcc -I/Users/sergejhlystov/Library/Developer/Xcode/DerivedData/ALADDIN-eahryzmutvtbyceygnlyjsmiiaha/Build/Products/Debug-iphonesimulator/include -Xcc -I/Users/sergejhlystov/Library/Developer/Xcode/DerivedData/ALADDIN-eahryzmutvtbyceygnlyjsmiiaha/Build/Intermediates.noindex/ALADDIN.build/Debug-iphonesimulator/ALADDIN.build/DerivedSources-normal/x86_64 -Xcc -I/Users/sergejhlystov/Library/Developer/Xcode/DerivedData/ALADDIN-eahryzmutvtbyceygnlyjsmiiaha/Build/Intermediates.noindex/ALADDIN.build/Debug-iphonesimulator/ALADDIN.build/DerivedSources/x86_64 -Xcc -I/Users/sergejhlystov/Library/Developer/Xcode/DerivedData/ALADDIN-eahryzmutvtbyceygnlyjsmiiaha/Build/Intermediates.noindex/ALADDIN.build/Debug-iphonesimulator/ALADDIN.build/DerivedSources -Xcc -DDEBUG\=1 -module-name ALADDIN -target-sdk-version 15.2.0 -o /Users/sergejhlystov/Library/Developer/Xcode/DerivedData/ALADDIN-eahryzmutvtbyceygnlyjsmiiaha/Build/Intermediates.noindex/ALADDIN.build/Debug-iphonesimulator/ALADDIN.build/Objects-normal/x86_64/NetworkManager.o -o /Users/sergejhlystov/Library/Developer/Xcode/DerivedData/ALADDIN-eahryzmutvtbyceygnlyjsmiiaha/Build/Intermediates.noindex/ALADDIN.build/Debug-iphonesimulator/ALADDIN.build/Objects-normal/x86_64/19_TermsOfServiceScreen.o -o /Users/sergejhlystov/Library/Developer/Xcode/DerivedData/ALADDIN-eahryzmutvtbyceygnlyjsmiiaha/Build/Intermediates.noindex/ALADDIN.build/Debug-iphonesimulator/ALADDIN.build/Objects-normal/x86_64/AppConfig.o -o /Users/sergejhlystov/Library/Developer/Xcode/DerivedData/ALADDIN-eahryzmutvtbyceygnlyjsmiiaha/Build/Intermediates.noindex/ALADDIN.build/Debug-iphonesimulator/ALADDIN.build/Objects-normal/x86_64/FamilyViewModel.o -o /Users/sergejhlystov/Library/Developer/Xcode/DerivedData/ALADDIN-eahryzmutvtbyceygnlyjsmiiaha/Build/Intermediates.noindex/ALADDIN.build/Debug-iphonesimulator/ALADDIN.build/Objects-normal/x86_64/AIAssistantViewModel.o -o /Users/sergejhlystov/Library/Developer/Xcode/DerivedData/ALADDIN-eahryzmutvtbyceygnlyjsmiiaha/Build/Intermediates.noindex/ALADDIN.build/Debug-iphonesimulator/ALADDIN.build/Objects-normal/x86_64/22_DeviceDetailScreen.o -o /Users/sergejhlystov/Library/Developer/Xcode/DerivedData/ALADDIN-eahryzmutvtbyceygnlyjsmiiaha/Build/Intermediates.noindex/ALADDIN.build/Debug-iphonesimulator/ALADDIN.build/Objects-normal/x86_64/WidgetConfigurationScreen.o -o /Users/sergejhlystov/Library/Developer/Xcode/DerivedData/ALADDIN-eahryzmutvtbyceygnlyjsmiiaha/Build/Intermediates.noindex/ALADDIN.build/Debug-iphonesimulator/ALADDIN.build/Objects-normal/x86_64/KeychainManager.o -o /Users/sergejhlystov/Library/Developer/Xcode/DerivedData/ALADDIN-eahryzmutvtbyceygnlyjsmiiaha/Build/Intermediates.noindex/ALADDIN.build/Debug-iphonesimulator/ALADDIN.build/Objects-normal/x86_64/MemberStatsModalView.o -o /Users/sergejhlystov/Library/Developer/Xcode/DerivedData/ALADDIN-eahryzmutvtbyceygnlyjsmiiaha/Build/Intermediates.noindex/ALADDIN.build/Debug-iphonesimulator/ALADDIN.build/Objects-normal/x86_64/Spacing.o -o /Users/sergejhlystov/Library/Developer/Xcode/DerivedData/ALADDIN-eahryzmutvtbyceygnlyjsmiiaha/Build/Intermediates.noindex/ALADDIN.build/Debug-iphonesimulator/ALADDIN.build/Objects-normal/x86_64/RecoveryOptionsModal.o -o /Users/sergejhlystov/Library/Developer/Xcode/DerivedData/ALADDIN-eahryzmutvtbyceygnlyjsmiiaha/Build/Intermediates.noindex/ALADDIN.build/Debug-iphonesimulator/ALADDIN.build/Objects-normal/x86_64/SettingsViewModel.o -index-store-path /Users/sergejhlystov/Library/Developer/Xcode/DerivedData/ALADDIN-eahryzmutvtbyceygnlyjsmiiaha/Index/DataStore -index-system-modules

CompileSwift normal x86_64 /Users/sergejhlystov/ALADDIN_NEW/ALADDIN_NEW/mobile_apps/ALADDIN_iOS/Core/Security/KeychainManager.swift (in target 'ALADDIN' from project 'ALADDIN')
    cd /Users/sergejhlystov/ALADDIN_NEW/ALADDIN_NEW/mobile_apps/ALADDIN_iOS
    /Applications/Xcode.app/Contents/Developer/Toolchains/XcodeDefault.xctoolchain/usr/bin/swift-frontend -frontend -c /Users/sergejhlystov/ALADDIN_NEW/ALADDIN_NEW/mobile_apps/ALADDIN_iOS/Screens/RewardsQuickModal.swift /Users/sergejhlystov/ALADDIN_NEW/ALADDIN_NEW/mobile_apps/ALADDIN_iOS/Screens/08_ChildInterfaceScreen.swift /Users/sergejhlystov/ALADDIN_NEW/ALADDIN_NEW/mobile_apps/ALADDIN_iOS/ContentView.swift /Users/sergejhlystov/ALADDIN_NEW/ALADDIN_NEW/mobile_apps/ALADDIN_iOS/Shared/Components/ALADDINToggle.swift /Users/sergejhlystov/ALADDIN_NEW/ALADDIN_NEW/mobile_apps/ALADDIN_iOS/Components/Modals/AgeGroupSelectionModal.swift /Users/sergejhlystov/ALADDIN_NEW/ALADDIN_NEW/mobile_apps/ALADDIN_iOS/ALADDINApp.swift /Users/sergejhlystov/ALADDIN_NEW/ALADDIN_NEW/mobile_apps/ALADDIN_iOS/Shared/Models/FunctionStatus.swift /Users/sergejhlystov/ALADDIN_NEW/ALADDIN_NEW/mobile_apps/ALADDIN_iOS/ViewModels/MainViewModel.swift /Users/sergejhlystov/ALADDIN_NEW/ALADDIN_NEW/mobile_apps/ALADDIN_iOS/Shared/Components/Buttons/PrimaryButton.swift /Users/sergejhlystov/ALADDIN_NEW/ALADDIN_NEW/mobile_apps/ALADDIN_iOS/Screens/NotificationSettingsScreen.swift /Users/sergejhlystov/ALADDIN_NEW/ALADDIN_NEW/mobile_apps/ALADDIN_iOS/Screens/ChildContentScreen.swift /Users/sergejhlystov/ALADDIN_NEW/ALADDIN_NEW/mobile_apps/ALADDIN_iOS/Shared/Components/StatItem.swift /Users/sergejhlystov/ALADDIN_NEW/ALADDIN_NEW/mobile_apps/ALADDIN_iOS/Shared/Components/Cards/FamilyMemberCard.swift /Users/sergejhlystov/ALADDIN_NEW/ALADDIN_NEW/mobile_apps/ALADDIN_iOS/ViewModels/VPNViewModel.swift /Users/sergejhlystov/ALADDIN_NEW/ALADDIN_NEW/mobile_apps/ALADDIN_iOS/Core/Models/APIModels.swift /Users/sergejhlystov/ALADDIN_NEW/ALADDIN_NEW/mobile_apps/ALADDIN_iOS/Core/VPN/VPNManager.swift /Users/sergejhlystov/ALADDIN_NEW/ALADDIN_NEW/mobile_apps/ALADDIN_iOS/Screens/UnicornPetView.swift /Users/sergejhlystov/ALADDIN_NEW/ALADDIN_NEW/mobile_apps/ALADDIN_iOS/Core/Network/APIService.swift /Users/sergejhlystov/ALADDIN_NEW/ALADDIN_NEW/mobile_apps/ALADDIN_iOS/Screens/18_PrivacyPolicyScreen.swift /Users/sergejhlystov/ALADDIN_NEW/ALADDIN_NEW/mobile_apps/ALADDIN_iOS/Screens/10_TariffsScreen.swift /Users/sergejhlystov/ALADDIN_NEW/ALADDIN_NEW/mobile_apps/ALADDIN_iOS/Screens/03_VPNScreen.swift /Users/sergejhlystov/ALADDIN_NEW/ALADDIN_NEW/mobile_apps/ALADDIN_iOS/Screens/09_ElderlyInterfaceScreen.swift /Users/sergejhlystov/ALADDIN_NEW/ALADDIN_NEW/mobile_apps/ALADDIN_iOS/Shared/Components/SecondaryButton.swift /Users/sergejhlystov/ALADDIN_NEW/ALADDIN_NEW/mobile_apps/ALADDIN_iOS/Screens/11_ProfileScreen.swift -primary-file /Users/sergejhlystov/ALADDIN_NEW/ALADDIN_NEW/mobile_apps/ALADDIN_iOS/Core/Network/NetworkManager.swift -primary-file /Users/sergejhlystov/ALADDIN_NEW/ALADDIN_NEW/mobile_apps/ALADDIN_iOS/Screens/19_TermsOfServiceScreen.swift -primary-file /Users/sergejhlystov/ALADDIN_NEW/ALADDIN_NEW/mobile_apps/ALADDIN_iOS/Core/Config/AppConfig.swift -primary-file /Users/sergejhlystov/ALADDIN_NEW/ALADDIN_NEW/mobile_apps/ALADDIN_iOS/ViewModels/FamilyViewModel.swift -primary-file /Users/sergejhlystov/ALADDIN_NEW/ALADDIN_NEW/mobile_apps/ALADDIN_iOS/ViewModels/AIAssistantViewModel.swift -primary-file /Users/sergejhlystov/ALADDIN_NEW/ALADDIN_NEW/mobile_apps/ALADDIN_iOS/Screens/22_DeviceDetailScreen.swift -primary-file /Users/sergejhlystov/ALADDIN_NEW/ALADDIN_NEW/mobile_apps/ALADDIN_iOS/Screens/WidgetConfigurationScreen.swift -primary-file /Users/sergejhlystov/ALADDIN_NEW/ALADDIN_NEW/mobile_apps/ALADDIN_iOS/Core/Security/KeychainManager.swift -primary-file /Users/sergejhlystov/ALADDIN_NEW/ALADDIN_NEW/mobile_apps/ALADDIN_iOS/Shared/Components/Modals/MemberStatsModalView.swift -primary-file /Users/sergejhlystov/ALADDIN_NEW/ALADDIN_NEW/mobile_apps/ALADDIN_iOS/Shared/Styles/Spacing.swift -primary-file /Users/sergejhlystov/ALADDIN_NEW/ALADDIN_NEW/mobile_apps/ALADDIN_iOS/Shared/Components/RecoveryOptionsModal.swift -primary-file /Users/sergejhlystov/ALADDIN_NEW/ALADDIN_NEW/mobile_apps/ALADDIN_iOS/ViewModels/SettingsViewModel.swift /Users/sergejhlystov/ALADDIN_NEW/ALADDIN_NEW/mobile_apps/ALADDIN_iOS/Shared/Components/InfoRow.swift /Users/sergejhlystov/ALADDIN_NEW/ALADDIN_NEW/mobile_apps/ALADDIN_iOS/Screens/25_PaymentQRScreen.swift /Users/sergejhlystov/ALADDIN_NEW/ALADDIN_NEW/mobile_apps/ALADDIN_iOS/Shared/Components/Modals/RoleSelectionModal.swift /Users/sergejhlystov/ALADDIN_NEW/ALADDIN_NEW/mobile_apps/ALADDIN_iOS/ViewModels/SupportViewModel.swift /Users/sergejhlystov/ALADDIN_NEW/ALADDIN_NEW/mobile_apps/ALADDIN_iOS/ViewModels/ChildInterfaceViewModel.swift /Users/sergejhlystov/ALADDIN_NEW/ALADDIN_NEW/mobile_apps/ALADDIN_iOS/Screens/12_NotificationsScreen.swift /Users/sergejhlystov/ALADDIN_NEW/ALADDIN_NEW/mobile_apps/ALADDIN_iOS/ViewModels/ElderlyInterfaceViewModel.swift /Users/sergejhlystov/ALADDIN_NEW/ALADDIN_NEW/mobile_apps/ALADDIN_iOS/ViewModels/AnalyticsViewModel.swift /Users/sergejhlystov/ALADDIN_NEW/ALADDIN_NEW/mobile_apps/ALADDIN_iOS/Core/Cache/CacheManager.swift /Users/sergejhlystov/ALADDIN_NEW/ALADDIN_NEW/mobile_apps/ALADDIN_iOS/ViewModels/NotificationsViewModel.swift /Users/sergejhlystov/ALADDIN_NEW/ALADDIN_NEW/mobile_apps/ALADDIN_iOS/Screens/06_AIAssistantScreen.swift /Users/sergejhlystov/ALADDIN_NEW/ALADDIN_NEW/mobile_apps/ALADDIN_iOS/ViewModels/ProfileViewModel.swift /Users/sergejhlystov/ALADDIN_NEW/ALADDIN_NEW/mobile_apps/ALADDIN_iOS/Components/Modals/ConsentModal.swift /Users/sergejhlystov/ALADDIN_NEW/ALADDIN_NEW/mobile_apps/ALADDIN_iOS/ViewModels/ParentalControlViewModel.swift /Users/sergejhlystov/ALADDIN_NEW/ALADDIN_NEW/mobile_apps/ALADDIN_iOS/ViewModels/OnboardingViewModel.swift /Users/sergejhlystov/ALADDIN_NEW/ALADDIN_NEW/mobile_apps/ALADDIN_iOS/Shared/Styles/Colors.swift /Users/sergejhlystov/ALADDIN_NEW/ALADDIN_NEW/mobile_apps/ALADDIN_iOS/Screens/ChildRewardsScreen.swift /Users/sergejhlystov/ALADDIN_NEW/ALADDIN_NEW/mobile_apps/ALADDIN_iOS/Screens/21_ReferralScreen.swift /Users/sergejhlystov/ALADDIN_NEW/ALADDIN_NEW/mobile_apps/ALADDIN_iOS/Shared/Components/AvatarSelector.swift /Users/sergejhlystov/ALADDIN_NEW/ALADDIN_NEW/mobile_apps/ALADDIN_iOS/Shared/Components/Navigation/ALADDINNavigationBar.swift /Users/sergejhlystov/ALADDIN_NEW/ALADDIN_NEW/mobile_apps/ALADDIN_iOS/Screens/14_OnboardingScreen.swift /Users/sergejhlystov/ALADDIN_NEW/ALADDIN_NEW/mobile_apps/ALADDIN_iOS/Components/Modals/FamilyCreatedModal.swift /Users/sergejhlystov/ALADDIN_NEW/ALADDIN_NEW/mobile_apps/ALADDIN_iOS/ViewModels/PaymentQRViewModel.swift /Users/sergejhlystov/ALADDIN_NEW/ALADDIN_NEW/mobile_apps/ALADDIN_iOS/Core/Navigation/NavigationManager.swift /Users/sergejhlystov/ALADDIN_NEW/ALADDIN_NEW/mobile_apps/ALADDIN_iOS/Core/Accessibility/AccessibilityManager.swift /Users/sergejhlystov/ALADDIN_NEW/ALADDIN_NEW/mobile_apps/ALADDIN_iOS/Core/Store/StoreManager.swift /Users/sergejhlystov/ALADDIN_NEW/ALADDIN_NEW/mobile_apps/ALADDIN_iOS/Screens/WheelOfFortuneView.swift /Users/sergejhlystov/ALADDIN_NEW/ALADDIN_NEW/mobile_apps/ALADDIN_iOS/Screens/UnicornUniverseView.swift /Users/sergejhlystov/ALADDIN_NEW/ALADDIN_NEW/mobile_apps/ALADDIN_iOS/Core/Localization/LocalizationManager.swift /Users/sergejhlystov/ALADDIN_NEW/ALADDIN_NEW/mobile_apps/ALADDIN_iOS/Screens/13_SupportScreen.swift /Users/sergejhlystov/ALADDIN_NEW/ALADDIN_NEW/mobile_apps/ALADDIN_iOS/Core/Analytics/AnalyticsManager.swift /Users/sergejhlystov/ALADDIN_NEW/ALADDIN_NEW/mobile_apps/ALADDIN_iOS/Screens/07_ParentalControlScreen.swift /Users/sergejhlystov/ALADDIN_NEW/ALADDIN_NEW/mobile_apps/ALADDIN_iOS/Screens/05_SettingsScreen.swift /Users/sergejhlystov/ALADDIN_NEW/ALADDIN_NEW/mobile_apps/ALADDIN_iOS/Screens/RewardsModalView.swift /Users/sergejhlystov/ALADDIN_NEW/ALADDIN_NEW/mobile_apps/ALADDIN_iOS/Screens/23_FamilyChatScreen.swift /Users/sergejhlystov/ALADDIN_NEW/ALADDIN_NEW/mobile_apps/ALADDIN_iOS/Screens/02_FamilyScreen.swift /Users/sergejhlystov/ALADDIN_NEW/ALADDIN_NEW/mobile_apps/ALADDIN_iOS/Screens/20_DevicesScreen.swift /Users/sergejhlystov/ALADDIN_NEW/ALADDIN_NEW/mobile_apps/ALADDIN_iOS/Shared/Components/ViewModifiers.swift /Users/sergejhlystov/ALADDIN_NEW/ALADDIN_NEW/mobile_apps/ALADDIN_iOS/Shared/Components/HapticFeedback.swift /Users/sergejhlystov/ALADDIN_NEW/ALADDIN_NEW/mobile_apps/ALADDIN_iOS/Screens/MainScreenWithRegistration.swift /Users/sergejhlystov/ALADDIN_NEW/ALADDIN_NEW/mobile_apps/ALADDIN_iOS/Core/Network/NetworkError.swift /Users/sergejhlystov/ALADDIN_NEW/ALADDIN_NEW/mobile_apps/ALADDIN_iOS/Screens/LanguageSettingsScreen.swift /Users/sergejhlystov/ALADDIN_NEW/ALADDIN_NEW/mobile_apps/ALADDIN_iOS/ViewModels/FamilyRegistrationViewModel.swift /Users/sergejhlystov/ALADDIN_NEW/ALADDIN_NEW/mobile_apps/ALADDIN_iOS/Shared/Styles/CornerRadius.swift /Users/sergejhlystov/ALADDIN_NEW/ALADDIN_NEW/mobile_apps/ALADDIN_iOS/Screens/01_MainScreen.swift /Users/sergejhlystov/ALADDIN_NEW/ALADDIN_NEW/mobile_apps/ALADDIN_iOS/Screens/FamilyTournamentView.swift /Users/sergejhlystov/ALADDIN_NEW/ALADDIN_NEW/mobile_apps/ALADDIN_iOS/Shared/Styles/Fonts.swift /Users/sergejhlystov/ALADDIN_NEW/ALADDIN_NEW/mobile_apps/ALADDIN_iOS/Screens/GamesParentalControlView.swift /Users/sergejhlystov/ALADDIN_NEW/ALADDIN_NEW/mobile_apps/ALADDIN_iOS/Shared/Components/QRScannerModal.swift /Users/sergejhlystov/ALADDIN_NEW/ALADDIN_NEW/mobile_apps/ALADDIN_iOS/Screens/04_AnalyticsScreen.swift /Users/sergejhlystov/ALADDIN_NEW/ALADDIN_NEW/mobile_apps/ALADDIN_iOS/Screens/24_VPNEnergyStatsScreen.swift /Users/sergejhlystov/ALADDIN_NEW/ALADDIN_NEW/mobile_apps/ALADDIN_iOS/Shared/Components/Modals/ProfileEditView.swift /Users/sergejhlystov/ALADDIN_NEW/ALADDIN_NEW/mobile_apps/ALADDIN_iOS/ViewModels/TariffsViewModel.swift /Users/sergejhlystov/ALADDIN_NEW/ALADDIN_NEW/mobile_apps/ALADDIN_iOS/Core/Notifications/NotificationManager.swift /Users/sergejhlystov/ALADDIN_NEW/ALADDIN_NEW/mobile_apps/ALADDIN_iOS/Core/Security/SecurityManager.swift -supplementary-output-file-map /var/folders/rf/6rxcyql17sz57_02ng7jd7pr0000gn/T/TemporaryDirectory.wFGpdC/supplementaryOutputs-3 -target x86_64-apple-ios15.0-simulator -enable-objc-interop -sdk /Applications/Xcode.app/Contents/Developer/Platforms/iPhoneSimulator.platform/Developer/SDKs/iPhoneSimulator15.2.sdk -I /Users/sergejhlystov/Library/Developer/Xcode/DerivedData/ALADDIN-eahryzmutvtbyceygnlyjsmiiaha/Build/Products/Debug-iphonesimulator -F /Users/sergejhlystov/Library/Developer/Xcode/DerivedData/ALADDIN-eahryzmutvtbyceygnlyjsmiiaha/Build/Products/Debug-iphonesimulator -enable-testing -g -module-cache-path /Users/sergejhlystov/Library/Developer/Xcode/DerivedData/ModuleCache.noindex -emit-localized-strings -emit-localized-strings-path /Users/sergejhlystov/Library/Developer/Xcode/DerivedData/ALADDIN-eahryzmutvtbyceygnlyjsmiiaha/Build/Intermediates.noindex/ALADDIN.build/Debug-iphonesimulator/ALADDIN.build/Objects-normal/x86_64 -swift-version 5 -enforce-exclusivity\=checked -Onone -D DEBUG -new-driver-path /Applications/Xcode.app/Contents/Developer/Toolchains/XcodeDefault.xctoolchain/usr/bin/swift-driver -serialize-debugging-options -Xcc -working-directory -Xcc /Users/sergejhlystov/ALADDIN_NEW/ALADDIN_NEW/mobile_apps/ALADDIN_iOS -resource-dir /Applications/Xcode.app/Contents/Developer/Toolchains/XcodeDefault.xctoolchain/usr/lib/swift -enable-anonymous-context-mangled-names -Xcc -I/Users/sergejhlystov/Library/Developer/Xcode/DerivedData/ALADDIN-eahryzmutvtbyceygnlyjsmiiaha/Build/Intermediates.noindex/ALADDIN.build/Debug-iphonesimulator/ALADDIN.build/swift-overrides.hmap -Xcc -iquote -Xcc /Users/sergejhlystov/Library/Developer/Xcode/DerivedData/ALADDIN-eahryzmutvtbyceygnlyjsmiiaha/Build/Intermediates.noindex/ALADDIN.build/Debug-iphonesimulator/ALADDIN.build/ALADDIN-generated-files.hmap -Xcc -I/Users/sergejhlystov/Library/Developer/Xcode/DerivedData/ALADDIN-eahryzmutvtbyceygnlyjsmiiaha/Build/Intermediates.noindex/ALADDIN.build/Debug-iphonesimulator/ALADDIN.build/ALADDIN-own-target-headers.hmap -Xcc -I/Users/sergejhlystov/Library/Developer/Xcode/DerivedData/ALADDIN-eahryzmutvtbyceygnlyjsmiiaha/Build/Intermediates.noindex/ALADDIN.build/Debug-iphonesimulator/ALADDIN.build/ALADDIN-all-target-headers.hmap -Xcc -iquote -Xcc /Users/sergejhlystov/Library/Developer/Xcode/DerivedData/ALADDIN-eahryzmutvtbyceygnlyjsmiiaha/Build/Intermediates.noindex/ALADDIN.build/Debug-iphonesimulator/ALADDIN.build/ALADDIN-project-headers.hmap -Xcc -I/Users/sergejhlystov/Library/Developer/Xcode/DerivedData/ALADDIN-eahryzmutvtbyceygnlyjsmiiaha/Build/Products/Debug-iphonesimulator/include -Xcc -I/Users/sergejhlystov/Library/Developer/Xcode/DerivedData/ALADDIN-eahryzmutvtbyceygnlyjsmiiaha/Build/Intermediates.noindex/ALADDIN.build/Debug-iphonesimulator/ALADDIN.build/DerivedSources-normal/x86_64 -Xcc -I/Users/sergejhlystov/Library/Developer/Xcode/DerivedData/ALADDIN-eahryzmutvtbyceygnlyjsmiiaha/Build/Intermediates.noindex/ALADDIN.build/Debug-iphonesimulator/ALADDIN.build/DerivedSources/x86_64 -Xcc -I/Users/sergejhlystov/Library/Developer/Xcode/DerivedData/ALADDIN-eahryzmutvtbyceygnlyjsmiiaha/Build/Intermediates.noindex/ALADDIN.build/Debug-iphonesimulator/ALADDIN.build/DerivedSources -Xcc -DDEBUG\=1 -module-name ALADDIN -target-sdk-version 15.2.0 -o /Users/sergejhlystov/Library/Developer/Xcode/DerivedData/ALADDIN-eahryzmutvtbyceygnlyjsmiiaha/Build/Intermediates.noindex/ALADDIN.build/Debug-iphonesimulator/ALADDIN.build/Objects-normal/x86_64/NetworkManager.o -o /Users/sergejhlystov/Library/Developer/Xcode/DerivedData/ALADDIN-eahryzmutvtbyceygnlyjsmiiaha/Build/Intermediates.noindex/ALADDIN.build/Debug-iphonesimulator/ALADDIN.build/Objects-normal/x86_64/19_TermsOfServiceScreen.o -o /Users/sergejhlystov/Library/Developer/Xcode/DerivedData/ALADDIN-eahryzmutvtbyceygnlyjsmiiaha/Build/Intermediates.noindex/ALADDIN.build/Debug-iphonesimulator/ALADDIN.build/Objects-normal/x86_64/AppConfig.o -o /Users/sergejhlystov/Library/Developer/Xcode/DerivedData/ALADDIN-eahryzmutvtbyceygnlyjsmiiaha/Build/Intermediates.noindex/ALADDIN.build/Debug-iphonesimulator/ALADDIN.build/Objects-normal/x86_64/FamilyViewModel.o -o /Users/sergejhlystov/Library/Developer/Xcode/DerivedData/ALADDIN-eahryzmutvtbyceygnlyjsmiiaha/Build/Intermediates.noindex/ALADDIN.build/Debug-iphonesimulator/ALADDIN.build/Objects-normal/x86_64/AIAssistantViewModel.o -o /Users/sergejhlystov/Library/Developer/Xcode/DerivedData/ALADDIN-eahryzmutvtbyceygnlyjsmiiaha/Build/Intermediates.noindex/ALADDIN.build/Debug-iphonesimulator/ALADDIN.build/Objects-normal/x86_64/22_DeviceDetailScreen.o -o /Users/sergejhlystov/Library/Developer/Xcode/DerivedData/ALADDIN-eahryzmutvtbyceygnlyjsmiiaha/Build/Intermediates.noindex/ALADDIN.build/Debug-iphonesimulator/ALADDIN.build/Objects-normal/x86_64/WidgetConfigurationScreen.o -o /Users/sergejhlystov/Library/Developer/Xcode/DerivedData/ALADDIN-eahryzmutvtbyceygnlyjsmiiaha/Build/Intermediates.noindex/ALADDIN.build/Debug-iphonesimulator/ALADDIN.build/Objects-normal/x86_64/KeychainManager.o -o /Users/sergejhlystov/Library/Developer/Xcode/DerivedData/ALADDIN-eahryzmutvtbyceygnlyjsmiiaha/Build/Intermediates.noindex/ALADDIN.build/Debug-iphonesimulator/ALADDIN.build/Objects-normal/x86_64/MemberStatsModalView.o -o /Users/sergejhlystov/Library/Developer/Xcode/DerivedData/ALADDIN-eahryzmutvtbyceygnlyjsmiiaha/Build/Intermediates.noindex/ALADDIN.build/Debug-iphonesimulator/ALADDIN.build/Objects-normal/x86_64/Spacing.o -o /Users/sergejhlystov/Library/Developer/Xcode/DerivedData/ALADDIN-eahryzmutvtbyceygnlyjsmiiaha/Build/Intermediates.noindex/ALADDIN.build/Debug-iphonesimulator/ALADDIN.build/Objects-normal/x86_64/RecoveryOptionsModal.o -o /Users/sergejhlystov/Library/Developer/Xcode/DerivedData/ALADDIN-eahryzmutvtbyceygnlyjsmiiaha/Build/Intermediates.noindex/ALADDIN.build/Debug-iphonesimulator/ALADDIN.build/Objects-normal/x86_64/SettingsViewModel.o -index-store-path /Users/sergejhlystov/Library/Developer/Xcode/DerivedData/ALADDIN-eahryzmutvtbyceygnlyjsmiiaha/Index/DataStore -index-system-modules

CompileSwift normal x86_64 /Users/sergejhlystov/ALADDIN_NEW/ALADDIN_NEW/mobile_apps/ALADDIN_iOS/Shared/Components/Modals/MemberStatsModalView.swift (in target 'ALADDIN' from project 'ALADDIN')
    cd /Users/sergejhlystov/ALADDIN_NEW/ALADDIN_NEW/mobile_apps/ALADDIN_iOS
    /Applications/Xcode.app/Contents/Developer/Toolchains/XcodeDefault.xctoolchain/usr/bin/swift-frontend -frontend -c /Users/sergejhlystov/ALADDIN_NEW/ALADDIN_NEW/mobile_apps/ALADDIN_iOS/Screens/RewardsQuickModal.swift /Users/sergejhlystov/ALADDIN_NEW/ALADDIN_NEW/mobile_apps/ALADDIN_iOS/Screens/08_ChildInterfaceScreen.swift /Users/sergejhlystov/ALADDIN_NEW/ALADDIN_NEW/mobile_apps/ALADDIN_iOS/ContentView.swift /Users/sergejhlystov/ALADDIN_NEW/ALADDIN_NEW/mobile_apps/ALADDIN_iOS/Shared/Components/ALADDINToggle.swift /Users/sergejhlystov/ALADDIN_NEW/ALADDIN_NEW/mobile_apps/ALADDIN_iOS/Components/Modals/AgeGroupSelectionModal.swift /Users/sergejhlystov/ALADDIN_NEW/ALADDIN_NEW/mobile_apps/ALADDIN_iOS/ALADDINApp.swift /Users/sergejhlystov/ALADDIN_NEW/ALADDIN_NEW/mobile_apps/ALADDIN_iOS/Shared/Models/FunctionStatus.swift /Users/sergejhlystov/ALADDIN_NEW/ALADDIN_NEW/mobile_apps/ALADDIN_iOS/ViewModels/MainViewModel.swift /Users/sergejhlystov/ALADDIN_NEW/ALADDIN_NEW/mobile_apps/ALADDIN_iOS/Shared/Components/Buttons/PrimaryButton.swift /Users/sergejhlystov/ALADDIN_NEW/ALADDIN_NEW/mobile_apps/ALADDIN_iOS/Screens/NotificationSettingsScreen.swift /Users/sergejhlystov/ALADDIN_NEW/ALADDIN_NEW/mobile_apps/ALADDIN_iOS/Screens/ChildContentScreen.swift /Users/sergejhlystov/ALADDIN_NEW/ALADDIN_NEW/mobile_apps/ALADDIN_iOS/Shared/Components/StatItem.swift /Users/sergejhlystov/ALADDIN_NEW/ALADDIN_NEW/mobile_apps/ALADDIN_iOS/Shared/Components/Cards/FamilyMemberCard.swift /Users/sergejhlystov/ALADDIN_NEW/ALADDIN_NEW/mobile_apps/ALADDIN_iOS/ViewModels/VPNViewModel.swift /Users/sergejhlystov/ALADDIN_NEW/ALADDIN_NEW/mobile_apps/ALADDIN_iOS/Core/Models/APIModels.swift /Users/sergejhlystov/ALADDIN_NEW/ALADDIN_NEW/mobile_apps/ALADDIN_iOS/Core/VPN/VPNManager.swift /Users/sergejhlystov/ALADDIN_NEW/ALADDIN_NEW/mobile_apps/ALADDIN_iOS/Screens/UnicornPetView.swift /Users/sergejhlystov/ALADDIN_NEW/ALADDIN_NEW/mobile_apps/ALADDIN_iOS/Core/Network/APIService.swift /Users/sergejhlystov/ALADDIN_NEW/ALADDIN_NEW/mobile_apps/ALADDIN_iOS/Screens/18_PrivacyPolicyScreen.swift /Users/sergejhlystov/ALADDIN_NEW/ALADDIN_NEW/mobile_apps/ALADDIN_iOS/Screens/10_TariffsScreen.swift /Users/sergejhlystov/ALADDIN_NEW/ALADDIN_NEW/mobile_apps/ALADDIN_iOS/Screens/03_VPNScreen.swift /Users/sergejhlystov/ALADDIN_NEW/ALADDIN_NEW/mobile_apps/ALADDIN_iOS/Screens/09_ElderlyInterfaceScreen.swift /Users/sergejhlystov/ALADDIN_NEW/ALADDIN_NEW/mobile_apps/ALADDIN_iOS/Shared/Components/SecondaryButton.swift /Users/sergejhlystov/ALADDIN_NEW/ALADDIN_NEW/mobile_apps/ALADDIN_iOS/Screens/11_ProfileScreen.swift -primary-file /Users/sergejhlystov/ALADDIN_NEW/ALADDIN_NEW/mobile_apps/ALADDIN_iOS/Core/Network/NetworkManager.swift -primary-file /Users/sergejhlystov/ALADDIN_NEW/ALADDIN_NEW/mobile_apps/ALADDIN_iOS/Screens/19_TermsOfServiceScreen.swift -primary-file /Users/sergejhlystov/ALADDIN_NEW/ALADDIN_NEW/mobile_apps/ALADDIN_iOS/Core/Config/AppConfig.swift -primary-file /Users/sergejhlystov/ALADDIN_NEW/ALADDIN_NEW/mobile_apps/ALADDIN_iOS/ViewModels/FamilyViewModel.swift -primary-file /Users/sergejhlystov/ALADDIN_NEW/ALADDIN_NEW/mobile_apps/ALADDIN_iOS/ViewModels/AIAssistantViewModel.swift -primary-file /Users/sergejhlystov/ALADDIN_NEW/ALADDIN_NEW/mobile_apps/ALADDIN_iOS/Screens/22_DeviceDetailScreen.swift -primary-file /Users/sergejhlystov/ALADDIN_NEW/ALADDIN_NEW/mobile_apps/ALADDIN_iOS/Screens/WidgetConfigurationScreen.swift -primary-file /Users/sergejhlystov/ALADDIN_NEW/ALADDIN_NEW/mobile_apps/ALADDIN_iOS/Core/Security/KeychainManager.swift -primary-file /Users/sergejhlystov/ALADDIN_NEW/ALADDIN_NEW/mobile_apps/ALADDIN_iOS/Shared/Components/Modals/MemberStatsModalView.swift -primary-file /Users/sergejhlystov/ALADDIN_NEW/ALADDIN_NEW/mobile_apps/ALADDIN_iOS/Shared/Styles/Spacing.swift -primary-file /Users/sergejhlystov/ALADDIN_NEW/ALADDIN_NEW/mobile_apps/ALADDIN_iOS/Shared/Components/RecoveryOptionsModal.swift -primary-file /Users/sergejhlystov/ALADDIN_NEW/ALADDIN_NEW/mobile_apps/ALADDIN_iOS/ViewModels/SettingsViewModel.swift /Users/sergejhlystov/ALADDIN_NEW/ALADDIN_NEW/mobile_apps/ALADDIN_iOS/Shared/Components/InfoRow.swift /Users/sergejhlystov/ALADDIN_NEW/ALADDIN_NEW/mobile_apps/ALADDIN_iOS/Screens/25_PaymentQRScreen.swift /Users/sergejhlystov/ALADDIN_NEW/ALADDIN_NEW/mobile_apps/ALADDIN_iOS/Shared/Components/Modals/RoleSelectionModal.swift /Users/sergejhlystov/ALADDIN_NEW/ALADDIN_NEW/mobile_apps/ALADDIN_iOS/ViewModels/SupportViewModel.swift /Users/sergejhlystov/ALADDIN_NEW/ALADDIN_NEW/mobile_apps/ALADDIN_iOS/ViewModels/ChildInterfaceViewModel.swift /Users/sergejhlystov/ALADDIN_NEW/ALADDIN_NEW/mobile_apps/ALADDIN_iOS/Screens/12_NotificationsScreen.swift /Users/sergejhlystov/ALADDIN_NEW/ALADDIN_NEW/mobile_apps/ALADDIN_iOS/ViewModels/ElderlyInterfaceViewModel.swift /Users/sergejhlystov/ALADDIN_NEW/ALADDIN_NEW/mobile_apps/ALADDIN_iOS/ViewModels/AnalyticsViewModel.swift /Users/sergejhlystov/ALADDIN_NEW/ALADDIN_NEW/mobile_apps/ALADDIN_iOS/Core/Cache/CacheManager.swift /Users/sergejhlystov/ALADDIN_NEW/ALADDIN_NEW/mobile_apps/ALADDIN_iOS/ViewModels/NotificationsViewModel.swift /Users/sergejhlystov/ALADDIN_NEW/ALADDIN_NEW/mobile_apps/ALADDIN_iOS/Screens/06_AIAssistantScreen.swift /Users/sergejhlystov/ALADDIN_NEW/ALADDIN_NEW/mobile_apps/ALADDIN_iOS/ViewModels/ProfileViewModel.swift /Users/sergejhlystov/ALADDIN_NEW/ALADDIN_NEW/mobile_apps/ALADDIN_iOS/Components/Modals/ConsentModal.swift /Users/sergejhlystov/ALADDIN_NEW/ALADDIN_NEW/mobile_apps/ALADDIN_iOS/ViewModels/ParentalControlViewModel.swift /Users/sergejhlystov/ALADDIN_NEW/ALADDIN_NEW/mobile_apps/ALADDIN_iOS/ViewModels/OnboardingViewModel.swift /Users/sergejhlystov/ALADDIN_NEW/ALADDIN_NEW/mobile_apps/ALADDIN_iOS/Shared/Styles/Colors.swift /Users/sergejhlystov/ALADDIN_NEW/ALADDIN_NEW/mobile_apps/ALADDIN_iOS/Screens/ChildRewardsScreen.swift /Users/sergejhlystov/ALADDIN_NEW/ALADDIN_NEW/mobile_apps/ALADDIN_iOS/Screens/21_ReferralScreen.swift /Users/sergejhlystov/ALADDIN_NEW/ALADDIN_NEW/mobile_apps/ALADDIN_iOS/Shared/Components/AvatarSelector.swift /Users/sergejhlystov/ALADDIN_NEW/ALADDIN_NEW/mobile_apps/ALADDIN_iOS/Shared/Components/Navigation/ALADDINNavigationBar.swift /Users/sergejhlystov/ALADDIN_NEW/ALADDIN_NEW/mobile_apps/ALADDIN_iOS/Screens/14_OnboardingScreen.swift /Users/sergejhlystov/ALADDIN_NEW/ALADDIN_NEW/mobile_apps/ALADDIN_iOS/Components/Modals/FamilyCreatedModal.swift /Users/sergejhlystov/ALADDIN_NEW/ALADDIN_NEW/mobile_apps/ALADDIN_iOS/ViewModels/PaymentQRViewModel.swift /Users/sergejhlystov/ALADDIN_NEW/ALADDIN_NEW/mobile_apps/ALADDIN_iOS/Core/Navigation/NavigationManager.swift /Users/sergejhlystov/ALADDIN_NEW/ALADDIN_NEW/mobile_apps/ALADDIN_iOS/Core/Accessibility/AccessibilityManager.swift /Users/sergejhlystov/ALADDIN_NEW/ALADDIN_NEW/mobile_apps/ALADDIN_iOS/Core/Store/StoreManager.swift /Users/sergejhlystov/ALADDIN_NEW/ALADDIN_NEW/mobile_apps/ALADDIN_iOS/Screens/WheelOfFortuneView.swift /Users/sergejhlystov/ALADDIN_NEW/ALADDIN_NEW/mobile_apps/ALADDIN_iOS/Screens/UnicornUniverseView.swift /Users/sergejhlystov/ALADDIN_NEW/ALADDIN_NEW/mobile_apps/ALADDIN_iOS/Core/Localization/LocalizationManager.swift /Users/sergejhlystov/ALADDIN_NEW/ALADDIN_NEW/mobile_apps/ALADDIN_iOS/Screens/13_SupportScreen.swift /Users/sergejhlystov/ALADDIN_NEW/ALADDIN_NEW/mobile_apps/ALADDIN_iOS/Core/Analytics/AnalyticsManager.swift /Users/sergejhlystov/ALADDIN_NEW/ALADDIN_NEW/mobile_apps/ALADDIN_iOS/Screens/07_ParentalControlScreen.swift /Users/sergejhlystov/ALADDIN_NEW/ALADDIN_NEW/mobile_apps/ALADDIN_iOS/Screens/05_SettingsScreen.swift /Users/sergejhlystov/ALADDIN_NEW/ALADDIN_NEW/mobile_apps/ALADDIN_iOS/Screens/RewardsModalView.swift /Users/sergejhlystov/ALADDIN_NEW/ALADDIN_NEW/mobile_apps/ALADDIN_iOS/Screens/23_FamilyChatScreen.swift /Users/sergejhlystov/ALADDIN_NEW/ALADDIN_NEW/mobile_apps/ALADDIN_iOS/Screens/02_FamilyScreen.swift /Users/sergejhlystov/ALADDIN_NEW/ALADDIN_NEW/mobile_apps/ALADDIN_iOS/Screens/20_DevicesScreen.swift /Users/sergejhlystov/ALADDIN_NEW/ALADDIN_NEW/mobile_apps/ALADDIN_iOS/Shared/Components/ViewModifiers.swift /Users/sergejhlystov/ALADDIN_NEW/ALADDIN_NEW/mobile_apps/ALADDIN_iOS/Shared/Components/HapticFeedback.swift /Users/sergejhlystov/ALADDIN_NEW/ALADDIN_NEW/mobile_apps/ALADDIN_iOS/Screens/MainScreenWithRegistration.swift /Users/sergejhlystov/ALADDIN_NEW/ALADDIN_NEW/mobile_apps/ALADDIN_iOS/Core/Network/NetworkError.swift /Users/sergejhlystov/ALADDIN_NEW/ALADDIN_NEW/mobile_apps/ALADDIN_iOS/Screens/LanguageSettingsScreen.swift /Users/sergejhlystov/ALADDIN_NEW/ALADDIN_NEW/mobile_apps/ALADDIN_iOS/ViewModels/FamilyRegistrationViewModel.swift /Users/sergejhlystov/ALADDIN_NEW/ALADDIN_NEW/mobile_apps/ALADDIN_iOS/Shared/Styles/CornerRadius.swift /Users/sergejhlystov/ALADDIN_NEW/ALADDIN_NEW/mobile_apps/ALADDIN_iOS/Screens/01_MainScreen.swift /Users/sergejhlystov/ALADDIN_NEW/ALADDIN_NEW/mobile_apps/ALADDIN_iOS/Screens/FamilyTournamentView.swift /Users/sergejhlystov/ALADDIN_NEW/ALADDIN_NEW/mobile_apps/ALADDIN_iOS/Shared/Styles/Fonts.swift /Users/sergejhlystov/ALADDIN_NEW/ALADDIN_NEW/mobile_apps/ALADDIN_iOS/Screens/GamesParentalControlView.swift /Users/sergejhlystov/ALADDIN_NEW/ALADDIN_NEW/mobile_apps/ALADDIN_iOS/Shared/Components/QRScannerModal.swift /Users/sergejhlystov/ALADDIN_NEW/ALADDIN_NEW/mobile_apps/ALADDIN_iOS/Screens/04_AnalyticsScreen.swift /Users/sergejhlystov/ALADDIN_NEW/ALADDIN_NEW/mobile_apps/ALADDIN_iOS/Screens/24_VPNEnergyStatsScreen.swift /Users/sergejhlystov/ALADDIN_NEW/ALADDIN_NEW/mobile_apps/ALADDIN_iOS/Shared/Components/Modals/ProfileEditView.swift /Users/sergejhlystov/ALADDIN_NEW/ALADDIN_NEW/mobile_apps/ALADDIN_iOS/ViewModels/TariffsViewModel.swift /Users/sergejhlystov/ALADDIN_NEW/ALADDIN_NEW/mobile_apps/ALADDIN_iOS/Core/Notifications/NotificationManager.swift /Users/sergejhlystov/ALADDIN_NEW/ALADDIN_NEW/mobile_apps/ALADDIN_iOS/Core/Security/SecurityManager.swift -supplementary-output-file-map /var/folders/rf/6rxcyql17sz57_02ng7jd7pr0000gn/T/TemporaryDirectory.wFGpdC/supplementaryOutputs-3 -target x86_64-apple-ios15.0-simulator -enable-objc-interop -sdk /Applications/Xcode.app/Contents/Developer/Platforms/iPhoneSimulator.platform/Developer/SDKs/iPhoneSimulator15.2.sdk -I /Users/sergejhlystov/Library/Developer/Xcode/DerivedData/ALADDIN-eahryzmutvtbyceygnlyjsmiiaha/Build/Products/Debug-iphonesimulator -F /Users/sergejhlystov/Library/Developer/Xcode/DerivedData/ALADDIN-eahryzmutvtbyceygnlyjsmiiaha/Build/Products/Debug-iphonesimulator -enable-testing -g -module-cache-path /Users/sergejhlystov/Library/Developer/Xcode/DerivedData/ModuleCache.noindex -emit-localized-strings -emit-localized-strings-path /Users/sergejhlystov/Library/Developer/Xcode/DerivedData/ALADDIN-eahryzmutvtbyceygnlyjsmiiaha/Build/Intermediates.noindex/ALADDIN.build/Debug-iphonesimulator/ALADDIN.build/Objects-normal/x86_64 -swift-version 5 -enforce-exclusivity\=checked -Onone -D DEBUG -new-driver-path /Applications/Xcode.app/Contents/Developer/Toolchains/XcodeDefault.xctoolchain/usr/bin/swift-driver -serialize-debugging-options -Xcc -working-directory -Xcc /Users/sergejhlystov/ALADDIN_NEW/ALADDIN_NEW/mobile_apps/ALADDIN_iOS -resource-dir /Applications/Xcode.app/Contents/Developer/Toolchains/XcodeDefault.xctoolchain/usr/lib/swift -enable-anonymous-context-mangled-names -Xcc -I/Users/sergejhlystov/Library/Developer/Xcode/DerivedData/ALADDIN-eahryzmutvtbyceygnlyjsmiiaha/Build/Intermediates.noindex/ALADDIN.build/Debug-iphonesimulator/ALADDIN.build/swift-overrides.hmap -Xcc -iquote -Xcc /Users/sergejhlystov/Library/Developer/Xcode/DerivedData/ALADDIN-eahryzmutvtbyceygnlyjsmiiaha/Build/Intermediates.noindex/ALADDIN.build/Debug-iphonesimulator/ALADDIN.build/ALADDIN-generated-files.hmap -Xcc -I/Users/sergejhlystov/Library/Developer/Xcode/DerivedData/ALADDIN-eahryzmutvtbyceygnlyjsmiiaha/Build/Intermediates.noindex/ALADDIN.build/Debug-iphonesimulator/ALADDIN.build/ALADDIN-own-target-headers.hmap -Xcc -I/Users/sergejhlystov/Library/Developer/Xcode/DerivedData/ALADDIN-eahryzmutvtbyceygnlyjsmiiaha/Build/Intermediates.noindex/ALADDIN.build/Debug-iphonesimulator/ALADDIN.build/ALADDIN-all-target-headers.hmap -Xcc -iquote -Xcc /Users/sergejhlystov/Library/Developer/Xcode/DerivedData/ALADDIN-eahryzmutvtbyceygnlyjsmiiaha/Build/Intermediates.noindex/ALADDIN.build/Debug-iphonesimulator/ALADDIN.build/ALADDIN-project-headers.hmap -Xcc -I/Users/sergejhlystov/Library/Developer/Xcode/DerivedData/ALADDIN-eahryzmutvtbyceygnlyjsmiiaha/Build/Products/Debug-iphonesimulator/include -Xcc -I/Users/sergejhlystov/Library/Developer/Xcode/DerivedData/ALADDIN-eahryzmutvtbyceygnlyjsmiiaha/Build/Intermediates.noindex/ALADDIN.build/Debug-iphonesimulator/ALADDIN.build/DerivedSources-normal/x86_64 -Xcc -I/Users/sergejhlystov/Library/Developer/Xcode/DerivedData/ALADDIN-eahryzmutvtbyceygnlyjsmiiaha/Build/Intermediates.noindex/ALADDIN.build/Debug-iphonesimulator/ALADDIN.build/DerivedSources/x86_64 -Xcc -I/Users/sergejhlystov/Library/Developer/Xcode/DerivedData/ALADDIN-eahryzmutvtbyceygnlyjsmiiaha/Build/Intermediates.noindex/ALADDIN.build/Debug-iphonesimulator/ALADDIN.build/DerivedSources -Xcc -DDEBUG\=1 -module-name ALADDIN -target-sdk-version 15.2.0 -o /Users/sergejhlystov/Library/Developer/Xcode/DerivedData/ALADDIN-eahryzmutvtbyceygnlyjsmiiaha/Build/Intermediates.noindex/ALADDIN.build/Debug-iphonesimulator/ALADDIN.build/Objects-normal/x86_64/NetworkManager.o -o /Users/sergejhlystov/Library/Developer/Xcode/DerivedData/ALADDIN-eahryzmutvtbyceygnlyjsmiiaha/Build/Intermediates.noindex/ALADDIN.build/Debug-iphonesimulator/ALADDIN.build/Objects-normal/x86_64/19_TermsOfServiceScreen.o -o /Users/sergejhlystov/Library/Developer/Xcode/DerivedData/ALADDIN-eahryzmutvtbyceygnlyjsmiiaha/Build/Intermediates.noindex/ALADDIN.build/Debug-iphonesimulator/ALADDIN.build/Objects-normal/x86_64/AppConfig.o -o /Users/sergejhlystov/Library/Developer/Xcode/DerivedData/ALADDIN-eahryzmutvtbyceygnlyjsmiiaha/Build/Intermediates.noindex/ALADDIN.build/Debug-iphonesimulator/ALADDIN.build/Objects-normal/x86_64/FamilyViewModel.o -o /Users/sergejhlystov/Library/Developer/Xcode/DerivedData/ALADDIN-eahryzmutvtbyceygnlyjsmiiaha/Build/Intermediates.noindex/ALADDIN.build/Debug-iphonesimulator/ALADDIN.build/Objects-normal/x86_64/AIAssistantViewModel.o -o /Users/sergejhlystov/Library/Developer/Xcode/DerivedData/ALADDIN-eahryzmutvtbyceygnlyjsmiiaha/Build/Intermediates.noindex/ALADDIN.build/Debug-iphonesimulator/ALADDIN.build/Objects-normal/x86_64/22_DeviceDetailScreen.o -o /Users/sergejhlystov/Library/Developer/Xcode/DerivedData/ALADDIN-eahryzmutvtbyceygnlyjsmiiaha/Build/Intermediates.noindex/ALADDIN.build/Debug-iphonesimulator/ALADDIN.build/Objects-normal/x86_64/WidgetConfigurationScreen.o -o /Users/sergejhlystov/Library/Developer/Xcode/DerivedData/ALADDIN-eahryzmutvtbyceygnlyjsmiiaha/Build/Intermediates.noindex/ALADDIN.build/Debug-iphonesimulator/ALADDIN.build/Objects-normal/x86_64/KeychainManager.o -o /Users/sergejhlystov/Library/Developer/Xcode/DerivedData/ALADDIN-eahryzmutvtbyceygnlyjsmiiaha/Build/Intermediates.noindex/ALADDIN.build/Debug-iphonesimulator/ALADDIN.build/Objects-normal/x86_64/MemberStatsModalView.o -o /Users/sergejhlystov/Library/Developer/Xcode/DerivedData/ALADDIN-eahryzmutvtbyceygnlyjsmiiaha/Build/Intermediates.noindex/ALADDIN.build/Debug-iphonesimulator/ALADDIN.build/Objects-normal/x86_64/Spacing.o -o /Users/sergejhlystov/Library/Developer/Xcode/DerivedData/ALADDIN-eahryzmutvtbyceygnlyjsmiiaha/Build/Intermediates.noindex/ALADDIN.build/Debug-iphonesimulator/ALADDIN.build/Objects-normal/x86_64/RecoveryOptionsModal.o -o /Users/sergejhlystov/Library/Developer/Xcode/DerivedData/ALADDIN-eahryzmutvtbyceygnlyjsmiiaha/Build/Intermediates.noindex/ALADDIN.build/Debug-iphonesimulator/ALADDIN.build/Objects-normal/x86_64/SettingsViewModel.o -index-store-path /Users/sergejhlystov/Library/Developer/Xcode/DerivedData/ALADDIN-eahryzmutvtbyceygnlyjsmiiaha/Index/DataStore -index-system-modules

CompileSwift normal x86_64 /Users/sergejhlystov/ALADDIN_NEW/ALADDIN_NEW/mobile_apps/ALADDIN_iOS/Shared/Styles/Spacing.swift (in target 'ALADDIN' from project 'ALADDIN')
    cd /Users/sergejhlystov/ALADDIN_NEW/ALADDIN_NEW/mobile_apps/ALADDIN_iOS
    /Applications/Xcode.app/Contents/Developer/Toolchains/XcodeDefault.xctoolchain/usr/bin/swift-frontend -frontend -c /Users/sergejhlystov/ALADDIN_NEW/ALADDIN_NEW/mobile_apps/ALADDIN_iOS/Screens/RewardsQuickModal.swift /Users/sergejhlystov/ALADDIN_NEW/ALADDIN_NEW/mobile_apps/ALADDIN_iOS/Screens/08_ChildInterfaceScreen.swift /Users/sergejhlystov/ALADDIN_NEW/ALADDIN_NEW/mobile_apps/ALADDIN_iOS/ContentView.swift /Users/sergejhlystov/ALADDIN_NEW/ALADDIN_NEW/mobile_apps/ALADDIN_iOS/Shared/Components/ALADDINToggle.swift /Users/sergejhlystov/ALADDIN_NEW/ALADDIN_NEW/mobile_apps/ALADDIN_iOS/Components/Modals/AgeGroupSelectionModal.swift /Users/sergejhlystov/ALADDIN_NEW/ALADDIN_NEW/mobile_apps/ALADDIN_iOS/ALADDINApp.swift /Users/sergejhlystov/ALADDIN_NEW/ALADDIN_NEW/mobile_apps/ALADDIN_iOS/Shared/Models/FunctionStatus.swift /Users/sergejhlystov/ALADDIN_NEW/ALADDIN_NEW/mobile_apps/ALADDIN_iOS/ViewModels/MainViewModel.swift /Users/sergejhlystov/ALADDIN_NEW/ALADDIN_NEW/mobile_apps/ALADDIN_iOS/Shared/Components/Buttons/PrimaryButton.swift /Users/sergejhlystov/ALADDIN_NEW/ALADDIN_NEW/mobile_apps/ALADDIN_iOS/Screens/NotificationSettingsScreen.swift /Users/sergejhlystov/ALADDIN_NEW/ALADDIN_NEW/mobile_apps/ALADDIN_iOS/Screens/ChildContentScreen.swift /Users/sergejhlystov/ALADDIN_NEW/ALADDIN_NEW/mobile_apps/ALADDIN_iOS/Shared/Components/StatItem.swift /Users/sergejhlystov/ALADDIN_NEW/ALADDIN_NEW/mobile_apps/ALADDIN_iOS/Shared/Components/Cards/FamilyMemberCard.swift /Users/sergejhlystov/ALADDIN_NEW/ALADDIN_NEW/mobile_apps/ALADDIN_iOS/ViewModels/VPNViewModel.swift /Users/sergejhlystov/ALADDIN_NEW/ALADDIN_NEW/mobile_apps/ALADDIN_iOS/Core/Models/APIModels.swift /Users/sergejhlystov/ALADDIN_NEW/ALADDIN_NEW/mobile_apps/ALADDIN_iOS/Core/VPN/VPNManager.swift /Users/sergejhlystov/ALADDIN_NEW/ALADDIN_NEW/mobile_apps/ALADDIN_iOS/Screens/UnicornPetView.swift /Users/sergejhlystov/ALADDIN_NEW/ALADDIN_NEW/mobile_apps/ALADDIN_iOS/Core/Network/APIService.swift /Users/sergejhlystov/ALADDIN_NEW/ALADDIN_NEW/mobile_apps/ALADDIN_iOS/Screens/18_PrivacyPolicyScreen.swift /Users/sergejhlystov/ALADDIN_NEW/ALADDIN_NEW/mobile_apps/ALADDIN_iOS/Screens/10_TariffsScreen.swift /Users/sergejhlystov/ALADDIN_NEW/ALADDIN_NEW/mobile_apps/ALADDIN_iOS/Screens/03_VPNScreen.swift /Users/sergejhlystov/ALADDIN_NEW/ALADDIN_NEW/mobile_apps/ALADDIN_iOS/Screens/09_ElderlyInterfaceScreen.swift /Users/sergejhlystov/ALADDIN_NEW/ALADDIN_NEW/mobile_apps/ALADDIN_iOS/Shared/Components/SecondaryButton.swift /Users/sergejhlystov/ALADDIN_NEW/ALADDIN_NEW/mobile_apps/ALADDIN_iOS/Screens/11_ProfileScreen.swift -primary-file /Users/sergejhlystov/ALADDIN_NEW/ALADDIN_NEW/mobile_apps/ALADDIN_iOS/Core/Network/NetworkManager.swift -primary-file /Users/sergejhlystov/ALADDIN_NEW/ALADDIN_NEW/mobile_apps/ALADDIN_iOS/Screens/19_TermsOfServiceScreen.swift -primary-file /Users/sergejhlystov/ALADDIN_NEW/ALADDIN_NEW/mobile_apps/ALADDIN_iOS/Core/Config/AppConfig.swift -primary-file /Users/sergejhlystov/ALADDIN_NEW/ALADDIN_NEW/mobile_apps/ALADDIN_iOS/ViewModels/FamilyViewModel.swift -primary-file /Users/sergejhlystov/ALADDIN_NEW/ALADDIN_NEW/mobile_apps/ALADDIN_iOS/ViewModels/AIAssistantViewModel.swift -primary-file /Users/sergejhlystov/ALADDIN_NEW/ALADDIN_NEW/mobile_apps/ALADDIN_iOS/Screens/22_DeviceDetailScreen.swift -primary-file /Users/sergejhlystov/ALADDIN_NEW/ALADDIN_NEW/mobile_apps/ALADDIN_iOS/Screens/WidgetConfigurationScreen.swift -primary-file /Users/sergejhlystov/ALADDIN_NEW/ALADDIN_NEW/mobile_apps/ALADDIN_iOS/Core/Security/KeychainManager.swift -primary-file /Users/sergejhlystov/ALADDIN_NEW/ALADDIN_NEW/mobile_apps/ALADDIN_iOS/Shared/Components/Modals/MemberStatsModalView.swift -primary-file /Users/sergejhlystov/ALADDIN_NEW/ALADDIN_NEW/mobile_apps/ALADDIN_iOS/Shared/Styles/Spacing.swift -primary-file /Users/sergejhlystov/ALADDIN_NEW/ALADDIN_NEW/mobile_apps/ALADDIN_iOS/Shared/Components/RecoveryOptionsModal.swift -primary-file /Users/sergejhlystov/ALADDIN_NEW/ALADDIN_NEW/mobile_apps/ALADDIN_iOS/ViewModels/SettingsViewModel.swift /Users/sergejhlystov/ALADDIN_NEW/ALADDIN_NEW/mobile_apps/ALADDIN_iOS/Shared/Components/InfoRow.swift /Users/sergejhlystov/ALADDIN_NEW/ALADDIN_NEW/mobile_apps/ALADDIN_iOS/Screens/25_PaymentQRScreen.swift /Users/sergejhlystov/ALADDIN_NEW/ALADDIN_NEW/mobile_apps/ALADDIN_iOS/Shared/Components/Modals/RoleSelectionModal.swift /Users/sergejhlystov/ALADDIN_NEW/ALADDIN_NEW/mobile_apps/ALADDIN_iOS/ViewModels/SupportViewModel.swift /Users/sergejhlystov/ALADDIN_NEW/ALADDIN_NEW/mobile_apps/ALADDIN_iOS/ViewModels/ChildInterfaceViewModel.swift /Users/sergejhlystov/ALADDIN_NEW/ALADDIN_NEW/mobile_apps/ALADDIN_iOS/Screens/12_NotificationsScreen.swift /Users/sergejhlystov/ALADDIN_NEW/ALADDIN_NEW/mobile_apps/ALADDIN_iOS/ViewModels/ElderlyInterfaceViewModel.swift /Users/sergejhlystov/ALADDIN_NEW/ALADDIN_NEW/mobile_apps/ALADDIN_iOS/ViewModels/AnalyticsViewModel.swift /Users/sergejhlystov/ALADDIN_NEW/ALADDIN_NEW/mobile_apps/ALADDIN_iOS/Core/Cache/CacheManager.swift /Users/sergejhlystov/ALADDIN_NEW/ALADDIN_NEW/mobile_apps/ALADDIN_iOS/ViewModels/NotificationsViewModel.swift /Users/sergejhlystov/ALADDIN_NEW/ALADDIN_NEW/mobile_apps/ALADDIN_iOS/Screens/06_AIAssistantScreen.swift /Users/sergejhlystov/ALADDIN_NEW/ALADDIN_NEW/mobile_apps/ALADDIN_iOS/ViewModels/ProfileViewModel.swift /Users/sergejhlystov/ALADDIN_NEW/ALADDIN_NEW/mobile_apps/ALADDIN_iOS/Components/Modals/ConsentModal.swift /Users/sergejhlystov/ALADDIN_NEW/ALADDIN_NEW/mobile_apps/ALADDIN_iOS/ViewModels/ParentalControlViewModel.swift /Users/sergejhlystov/ALADDIN_NEW/ALADDIN_NEW/mobile_apps/ALADDIN_iOS/ViewModels/OnboardingViewModel.swift /Users/sergejhlystov/ALADDIN_NEW/ALADDIN_NEW/mobile_apps/ALADDIN_iOS/Shared/Styles/Colors.swift /Users/sergejhlystov/ALADDIN_NEW/ALADDIN_NEW/mobile_apps/ALADDIN_iOS/Screens/ChildRewardsScreen.swift /Users/sergejhlystov/ALADDIN_NEW/ALADDIN_NEW/mobile_apps/ALADDIN_iOS/Screens/21_ReferralScreen.swift /Users/sergejhlystov/ALADDIN_NEW/ALADDIN_NEW/mobile_apps/ALADDIN_iOS/Shared/Components/AvatarSelector.swift /Users/sergejhlystov/ALADDIN_NEW/ALADDIN_NEW/mobile_apps/ALADDIN_iOS/Shared/Components/Navigation/ALADDINNavigationBar.swift /Users/sergejhlystov/ALADDIN_NEW/ALADDIN_NEW/mobile_apps/ALADDIN_iOS/Screens/14_OnboardingScreen.swift /Users/sergejhlystov/ALADDIN_NEW/ALADDIN_NEW/mobile_apps/ALADDIN_iOS/Components/Modals/FamilyCreatedModal.swift /Users/sergejhlystov/ALADDIN_NEW/ALADDIN_NEW/mobile_apps/ALADDIN_iOS/ViewModels/PaymentQRViewModel.swift /Users/sergejhlystov/ALADDIN_NEW/ALADDIN_NEW/mobile_apps/ALADDIN_iOS/Core/Navigation/NavigationManager.swift /Users/sergejhlystov/ALADDIN_NEW/ALADDIN_NEW/mobile_apps/ALADDIN_iOS/Core/Accessibility/AccessibilityManager.swift /Users/sergejhlystov/ALADDIN_NEW/ALADDIN_NEW/mobile_apps/ALADDIN_iOS/Core/Store/StoreManager.swift /Users/sergejhlystov/ALADDIN_NEW/ALADDIN_NEW/mobile_apps/ALADDIN_iOS/Screens/WheelOfFortuneView.swift /Users/sergejhlystov/ALADDIN_NEW/ALADDIN_NEW/mobile_apps/ALADDIN_iOS/Screens/UnicornUniverseView.swift /Users/sergejhlystov/ALADDIN_NEW/ALADDIN_NEW/mobile_apps/ALADDIN_iOS/Core/Localization/LocalizationManager.swift /Users/sergejhlystov/ALADDIN_NEW/ALADDIN_NEW/mobile_apps/ALADDIN_iOS/Screens/13_SupportScreen.swift /Users/sergejhlystov/ALADDIN_NEW/ALADDIN_NEW/mobile_apps/ALADDIN_iOS/Core/Analytics/AnalyticsManager.swift /Users/sergejhlystov/ALADDIN_NEW/ALADDIN_NEW/mobile_apps/ALADDIN_iOS/Screens/07_ParentalControlScreen.swift /Users/sergejhlystov/ALADDIN_NEW/ALADDIN_NEW/mobile_apps/ALADDIN_iOS/Screens/05_SettingsScreen.swift /Users/sergejhlystov/ALADDIN_NEW/ALADDIN_NEW/mobile_apps/ALADDIN_iOS/Screens/RewardsModalView.swift /Users/sergejhlystov/ALADDIN_NEW/ALADDIN_NEW/mobile_apps/ALADDIN_iOS/Screens/23_FamilyChatScreen.swift /Users/sergejhlystov/ALADDIN_NEW/ALADDIN_NEW/mobile_apps/ALADDIN_iOS/Screens/02_FamilyScreen.swift /Users/sergejhlystov/ALADDIN_NEW/ALADDIN_NEW/mobile_apps/ALADDIN_iOS/Screens/20_DevicesScreen.swift /Users/sergejhlystov/ALADDIN_NEW/ALADDIN_NEW/mobile_apps/ALADDIN_iOS/Shared/Components/ViewModifiers.swift /Users/sergejhlystov/ALADDIN_NEW/ALADDIN_NEW/mobile_apps/ALADDIN_iOS/Shared/Components/HapticFeedback.swift /Users/sergejhlystov/ALADDIN_NEW/ALADDIN_NEW/mobile_apps/ALADDIN_iOS/Screens/MainScreenWithRegistration.swift /Users/sergejhlystov/ALADDIN_NEW/ALADDIN_NEW/mobile_apps/ALADDIN_iOS/Core/Network/NetworkError.swift /Users/sergejhlystov/ALADDIN_NEW/ALADDIN_NEW/mobile_apps/ALADDIN_iOS/Screens/LanguageSettingsScreen.swift /Users/sergejhlystov/ALADDIN_NEW/ALADDIN_NEW/mobile_apps/ALADDIN_iOS/ViewModels/FamilyRegistrationViewModel.swift /Users/sergejhlystov/ALADDIN_NEW/ALADDIN_NEW/mobile_apps/ALADDIN_iOS/Shared/Styles/CornerRadius.swift /Users/sergejhlystov/ALADDIN_NEW/ALADDIN_NEW/mobile_apps/ALADDIN_iOS/Screens/01_MainScreen.swift /Users/sergejhlystov/ALADDIN_NEW/ALADDIN_NEW/mobile_apps/ALADDIN_iOS/Screens/FamilyTournamentView.swift /Users/sergejhlystov/ALADDIN_NEW/ALADDIN_NEW/mobile_apps/ALADDIN_iOS/Shared/Styles/Fonts.swift /Users/sergejhlystov/ALADDIN_NEW/ALADDIN_NEW/mobile_apps/ALADDIN_iOS/Screens/GamesParentalControlView.swift /Users/sergejhlystov/ALADDIN_NEW/ALADDIN_NEW/mobile_apps/ALADDIN_iOS/Shared/Components/QRScannerModal.swift /Users/sergejhlystov/ALADDIN_NEW/ALADDIN_NEW/mobile_apps/ALADDIN_iOS/Screens/04_AnalyticsScreen.swift /Users/sergejhlystov/ALADDIN_NEW/ALADDIN_NEW/mobile_apps/ALADDIN_iOS/Screens/24_VPNEnergyStatsScreen.swift /Users/sergejhlystov/ALADDIN_NEW/ALADDIN_NEW/mobile_apps/ALADDIN_iOS/Shared/Components/Modals/ProfileEditView.swift /Users/sergejhlystov/ALADDIN_NEW/ALADDIN_NEW/mobile_apps/ALADDIN_iOS/ViewModels/TariffsViewModel.swift /Users/sergejhlystov/ALADDIN_NEW/ALADDIN_NEW/mobile_apps/ALADDIN_iOS/Core/Notifications/NotificationManager.swift /Users/sergejhlystov/ALADDIN_NEW/ALADDIN_NEW/mobile_apps/ALADDIN_iOS/Core/Security/SecurityManager.swift -supplementary-output-file-map /var/folders/rf/6rxcyql17sz57_02ng7jd7pr0000gn/T/TemporaryDirectory.wFGpdC/supplementaryOutputs-3 -target x86_64-apple-ios15.0-simulator -enable-objc-interop -sdk /Applications/Xcode.app/Contents/Developer/Platforms/iPhoneSimulator.platform/Developer/SDKs/iPhoneSimulator15.2.sdk -I /Users/sergejhlystov/Library/Developer/Xcode/DerivedData/ALADDIN-eahryzmutvtbyceygnlyjsmiiaha/Build/Products/Debug-iphonesimulator -F /Users/sergejhlystov/Library/Developer/Xcode/DerivedData/ALADDIN-eahryzmutvtbyceygnlyjsmiiaha/Build/Products/Debug-iphonesimulator -enable-testing -g -module-cache-path /Users/sergejhlystov/Library/Developer/Xcode/DerivedData/ModuleCache.noindex -emit-localized-strings -emit-localized-strings-path /Users/sergejhlystov/Library/Developer/Xcode/DerivedData/ALADDIN-eahryzmutvtbyceygnlyjsmiiaha/Build/Intermediates.noindex/ALADDIN.build/Debug-iphonesimulator/ALADDIN.build/Objects-normal/x86_64 -swift-version 5 -enforce-exclusivity\=checked -Onone -D DEBUG -new-driver-path /Applications/Xcode.app/Contents/Developer/Toolchains/XcodeDefault.xctoolchain/usr/bin/swift-driver -serialize-debugging-options -Xcc -working-directory -Xcc /Users/sergejhlystov/ALADDIN_NEW/ALADDIN_NEW/mobile_apps/ALADDIN_iOS -resource-dir /Applications/Xcode.app/Contents/Developer/Toolchains/XcodeDefault.xctoolchain/usr/lib/swift -enable-anonymous-context-mangled-names -Xcc -I/Users/sergejhlystov/Library/Developer/Xcode/DerivedData/ALADDIN-eahryzmutvtbyceygnlyjsmiiaha/Build/Intermediates.noindex/ALADDIN.build/Debug-iphonesimulator/ALADDIN.build/swift-overrides.hmap -Xcc -iquote -Xcc /Users/sergejhlystov/Library/Developer/Xcode/DerivedData/ALADDIN-eahryzmutvtbyceygnlyjsmiiaha/Build/Intermediates.noindex/ALADDIN.build/Debug-iphonesimulator/ALADDIN.build/ALADDIN-generated-files.hmap -Xcc -I/Users/sergejhlystov/Library/Developer/Xcode/DerivedData/ALADDIN-eahryzmutvtbyceygnlyjsmiiaha/Build/Intermediates.noindex/ALADDIN.build/Debug-iphonesimulator/ALADDIN.build/ALADDIN-own-target-headers.hmap -Xcc -I/Users/sergejhlystov/Library/Developer/Xcode/DerivedData/ALADDIN-eahryzmutvtbyceygnlyjsmiiaha/Build/Intermediates.noindex/ALADDIN.build/Debug-iphonesimulator/ALADDIN.build/ALADDIN-all-target-headers.hmap -Xcc -iquote -Xcc /Users/sergejhlystov/Library/Developer/Xcode/DerivedData/ALADDIN-eahryzmutvtbyceygnlyjsmiiaha/Build/Intermediates.noindex/ALADDIN.build/Debug-iphonesimulator/ALADDIN.build/ALADDIN-project-headers.hmap -Xcc -I/Users/sergejhlystov/Library/Developer/Xcode/DerivedData/ALADDIN-eahryzmutvtbyceygnlyjsmiiaha/Build/Products/Debug-iphonesimulator/include -Xcc -I/Users/sergejhlystov/Library/Developer/Xcode/DerivedData/ALADDIN-eahryzmutvtbyceygnlyjsmiiaha/Build/Intermediates.noindex/ALADDIN.build/Debug-iphonesimulator/ALADDIN.build/DerivedSources-normal/x86_64 -Xcc -I/Users/sergejhlystov/Library/Developer/Xcode/DerivedData/ALADDIN-eahryzmutvtbyceygnlyjsmiiaha/Build/Intermediates.noindex/ALADDIN.build/Debug-iphonesimulator/ALADDIN.build/DerivedSources/x86_64 -Xcc -I/Users/sergejhlystov/Library/Developer/Xcode/DerivedData/ALADDIN-eahryzmutvtbyceygnlyjsmiiaha/Build/Intermediates.noindex/ALADDIN.build/Debug-iphonesimulator/ALADDIN.build/DerivedSources -Xcc -DDEBUG\=1 -module-name ALADDIN -target-sdk-version 15.2.0 -o /Users/sergejhlystov/Library/Developer/Xcode/DerivedData/ALADDIN-eahryzmutvtbyceygnlyjsmiiaha/Build/Intermediates.noindex/ALADDIN.build/Debug-iphonesimulator/ALADDIN.build/Objects-normal/x86_64/NetworkManager.o -o /Users/sergejhlystov/Library/Developer/Xcode/DerivedData/ALADDIN-eahryzmutvtbyceygnlyjsmiiaha/Build/Intermediates.noindex/ALADDIN.build/Debug-iphonesimulator/ALADDIN.build/Objects-normal/x86_64/19_TermsOfServiceScreen.o -o /Users/sergejhlystov/Library/Developer/Xcode/DerivedData/ALADDIN-eahryzmutvtbyceygnlyjsmiiaha/Build/Intermediates.noindex/ALADDIN.build/Debug-iphonesimulator/ALADDIN.build/Objects-normal/x86_64/AppConfig.o -o /Users/sergejhlystov/Library/Developer/Xcode/DerivedData/ALADDIN-eahryzmutvtbyceygnlyjsmiiaha/Build/Intermediates.noindex/ALADDIN.build/Debug-iphonesimulator/ALADDIN.build/Objects-normal/x86_64/FamilyViewModel.o -o /Users/sergejhlystov/Library/Developer/Xcode/DerivedData/ALADDIN-eahryzmutvtbyceygnlyjsmiiaha/Build/Intermediates.noindex/ALADDIN.build/Debug-iphonesimulator/ALADDIN.build/Objects-normal/x86_64/AIAssistantViewModel.o -o /Users/sergejhlystov/Library/Developer/Xcode/DerivedData/ALADDIN-eahryzmutvtbyceygnlyjsmiiaha/Build/Intermediates.noindex/ALADDIN.build/Debug-iphonesimulator/ALADDIN.build/Objects-normal/x86_64/22_DeviceDetailScreen.o -o /Users/sergejhlystov/Library/Developer/Xcode/DerivedData/ALADDIN-eahryzmutvtbyceygnlyjsmiiaha/Build/Intermediates.noindex/ALADDIN.build/Debug-iphonesimulator/ALADDIN.build/Objects-normal/x86_64/WidgetConfigurationScreen.o -o /Users/sergejhlystov/Library/Developer/Xcode/DerivedData/ALADDIN-eahryzmutvtbyceygnlyjsmiiaha/Build/Intermediates.noindex/ALADDIN.build/Debug-iphonesimulator/ALADDIN.build/Objects-normal/x86_64/KeychainManager.o -o /Users/sergejhlystov/Library/Developer/Xcode/DerivedData/ALADDIN-eahryzmutvtbyceygnlyjsmiiaha/Build/Intermediates.noindex/ALADDIN.build/Debug-iphonesimulator/ALADDIN.build/Objects-normal/x86_64/MemberStatsModalView.o -o /Users/sergejhlystov/Library/Developer/Xcode/DerivedData/ALADDIN-eahryzmutvtbyceygnlyjsmiiaha/Build/Intermediates.noindex/ALADDIN.build/Debug-iphonesimulator/ALADDIN.build/Objects-normal/x86_64/Spacing.o -o /Users/sergejhlystov/Library/Developer/Xcode/DerivedData/ALADDIN-eahryzmutvtbyceygnlyjsmiiaha/Build/Intermediates.noindex/ALADDIN.build/Debug-iphonesimulator/ALADDIN.build/Objects-normal/x86_64/RecoveryOptionsModal.o -o /Users/sergejhlystov/Library/Developer/Xcode/DerivedData/ALADDIN-eahryzmutvtbyceygnlyjsmiiaha/Build/Intermediates.noindex/ALADDIN.build/Debug-iphonesimulator/ALADDIN.build/Objects-normal/x86_64/SettingsViewModel.o -index-store-path /Users/sergejhlystov/Library/Developer/Xcode/DerivedData/ALADDIN-eahryzmutvtbyceygnlyjsmiiaha/Index/DataStore -index-system-modules

CompileSwift normal x86_64 /Users/sergejhlystov/ALADDIN_NEW/ALADDIN_NEW/mobile_apps/ALADDIN_iOS/Shared/Components/RecoveryOptionsModal.swift (in target 'ALADDIN' from project 'ALADDIN')
    cd /Users/sergejhlystov/ALADDIN_NEW/ALADDIN_NEW/mobile_apps/ALADDIN_iOS
    /Applications/Xcode.app/Contents/Developer/Toolchains/XcodeDefault.xctoolchain/usr/bin/swift-frontend -frontend -c /Users/sergejhlystov/ALADDIN_NEW/ALADDIN_NEW/mobile_apps/ALADDIN_iOS/Screens/RewardsQuickModal.swift /Users/sergejhlystov/ALADDIN_NEW/ALADDIN_NEW/mobile_apps/ALADDIN_iOS/Screens/08_ChildInterfaceScreen.swift /Users/sergejhlystov/ALADDIN_NEW/ALADDIN_NEW/mobile_apps/ALADDIN_iOS/ContentView.swift /Users/sergejhlystov/ALADDIN_NEW/ALADDIN_NEW/mobile_apps/ALADDIN_iOS/Shared/Components/ALADDINToggle.swift /Users/sergejhlystov/ALADDIN_NEW/ALADDIN_NEW/mobile_apps/ALADDIN_iOS/Components/Modals/AgeGroupSelectionModal.swift /Users/sergejhlystov/ALADDIN_NEW/ALADDIN_NEW/mobile_apps/ALADDIN_iOS/ALADDINApp.swift /Users/sergejhlystov/ALADDIN_NEW/ALADDIN_NEW/mobile_apps/ALADDIN_iOS/Shared/Models/FunctionStatus.swift /Users/sergejhlystov/ALADDIN_NEW/ALADDIN_NEW/mobile_apps/ALADDIN_iOS/ViewModels/MainViewModel.swift /Users/sergejhlystov/ALADDIN_NEW/ALADDIN_NEW/mobile_apps/ALADDIN_iOS/Shared/Components/Buttons/PrimaryButton.swift /Users/sergejhlystov/ALADDIN_NEW/ALADDIN_NEW/mobile_apps/ALADDIN_iOS/Screens/NotificationSettingsScreen.swift /Users/sergejhlystov/ALADDIN_NEW/ALADDIN_NEW/mobile_apps/ALADDIN_iOS/Screens/ChildContentScreen.swift /Users/sergejhlystov/ALADDIN_NEW/ALADDIN_NEW/mobile_apps/ALADDIN_iOS/Shared/Components/StatItem.swift /Users/sergejhlystov/ALADDIN_NEW/ALADDIN_NEW/mobile_apps/ALADDIN_iOS/Shared/Components/Cards/FamilyMemberCard.swift /Users/sergejhlystov/ALADDIN_NEW/ALADDIN_NEW/mobile_apps/ALADDIN_iOS/ViewModels/VPNViewModel.swift /Users/sergejhlystov/ALADDIN_NEW/ALADDIN_NEW/mobile_apps/ALADDIN_iOS/Core/Models/APIModels.swift /Users/sergejhlystov/ALADDIN_NEW/ALADDIN_NEW/mobile_apps/ALADDIN_iOS/Core/VPN/VPNManager.swift /Users/sergejhlystov/ALADDIN_NEW/ALADDIN_NEW/mobile_apps/ALADDIN_iOS/Screens/UnicornPetView.swift /Users/sergejhlystov/ALADDIN_NEW/ALADDIN_NEW/mobile_apps/ALADDIN_iOS/Core/Network/APIService.swift /Users/sergejhlystov/ALADDIN_NEW/ALADDIN_NEW/mobile_apps/ALADDIN_iOS/Screens/18_PrivacyPolicyScreen.swift /Users/sergejhlystov/ALADDIN_NEW/ALADDIN_NEW/mobile_apps/ALADDIN_iOS/Screens/10_TariffsScreen.swift /Users/sergejhlystov/ALADDIN_NEW/ALADDIN_NEW/mobile_apps/ALADDIN_iOS/Screens/03_VPNScreen.swift /Users/sergejhlystov/ALADDIN_NEW/ALADDIN_NEW/mobile_apps/ALADDIN_iOS/Screens/09_ElderlyInterfaceScreen.swift /Users/sergejhlystov/ALADDIN_NEW/ALADDIN_NEW/mobile_apps/ALADDIN_iOS/Shared/Components/SecondaryButton.swift /Users/sergejhlystov/ALADDIN_NEW/ALADDIN_NEW/mobile_apps/ALADDIN_iOS/Screens/11_ProfileScreen.swift -primary-file /Users/sergejhlystov/ALADDIN_NEW/ALADDIN_NEW/mobile_apps/ALADDIN_iOS/Core/Network/NetworkManager.swift -primary-file /Users/sergejhlystov/ALADDIN_NEW/ALADDIN_NEW/mobile_apps/ALADDIN_iOS/Screens/19_TermsOfServiceScreen.swift -primary-file /Users/sergejhlystov/ALADDIN_NEW/ALADDIN_NEW/mobile_apps/ALADDIN_iOS/Core/Config/AppConfig.swift -primary-file /Users/sergejhlystov/ALADDIN_NEW/ALADDIN_NEW/mobile_apps/ALADDIN_iOS/ViewModels/FamilyViewModel.swift -primary-file /Users/sergejhlystov/ALADDIN_NEW/ALADDIN_NEW/mobile_apps/ALADDIN_iOS/ViewModels/AIAssistantViewModel.swift -primary-file /Users/sergejhlystov/ALADDIN_NEW/ALADDIN_NEW/mobile_apps/ALADDIN_iOS/Screens/22_DeviceDetailScreen.swift -primary-file /Users/sergejhlystov/ALADDIN_NEW/ALADDIN_NEW/mobile_apps/ALADDIN_iOS/Screens/WidgetConfigurationScreen.swift -primary-file /Users/sergejhlystov/ALADDIN_NEW/ALADDIN_NEW/mobile_apps/ALADDIN_iOS/Core/Security/KeychainManager.swift -primary-file /Users/sergejhlystov/ALADDIN_NEW/ALADDIN_NEW/mobile_apps/ALADDIN_iOS/Shared/Components/Modals/MemberStatsModalView.swift -primary-file /Users/sergejhlystov/ALADDIN_NEW/ALADDIN_NEW/mobile_apps/ALADDIN_iOS/Shared/Styles/Spacing.swift -primary-file /Users/sergejhlystov/ALADDIN_NEW/ALADDIN_NEW/mobile_apps/ALADDIN_iOS/Shared/Components/RecoveryOptionsModal.swift -primary-file /Users/sergejhlystov/ALADDIN_NEW/ALADDIN_NEW/mobile_apps/ALADDIN_iOS/ViewModels/SettingsViewModel.swift /Users/sergejhlystov/ALADDIN_NEW/ALADDIN_NEW/mobile_apps/ALADDIN_iOS/Shared/Components/InfoRow.swift /Users/sergejhlystov/ALADDIN_NEW/ALADDIN_NEW/mobile_apps/ALADDIN_iOS/Screens/25_PaymentQRScreen.swift /Users/sergejhlystov/ALADDIN_NEW/ALADDIN_NEW/mobile_apps/ALADDIN_iOS/Shared/Components/Modals/RoleSelectionModal.swift /Users/sergejhlystov/ALADDIN_NEW/ALADDIN_NEW/mobile_apps/ALADDIN_iOS/ViewModels/SupportViewModel.swift /Users/sergejhlystov/ALADDIN_NEW/ALADDIN_NEW/mobile_apps/ALADDIN_iOS/ViewModels/ChildInterfaceViewModel.swift /Users/sergejhlystov/ALADDIN_NEW/ALADDIN_NEW/mobile_apps/ALADDIN_iOS/Screens/12_NotificationsScreen.swift /Users/sergejhlystov/ALADDIN_NEW/ALADDIN_NEW/mobile_apps/ALADDIN_iOS/ViewModels/ElderlyInterfaceViewModel.swift /Users/sergejhlystov/ALADDIN_NEW/ALADDIN_NEW/mobile_apps/ALADDIN_iOS/ViewModels/AnalyticsViewModel.swift /Users/sergejhlystov/ALADDIN_NEW/ALADDIN_NEW/mobile_apps/ALADDIN_iOS/Core/Cache/CacheManager.swift /Users/sergejhlystov/ALADDIN_NEW/ALADDIN_NEW/mobile_apps/ALADDIN_iOS/ViewModels/NotificationsViewModel.swift /Users/sergejhlystov/ALADDIN_NEW/ALADDIN_NEW/mobile_apps/ALADDIN_iOS/Screens/06_AIAssistantScreen.swift /Users/sergejhlystov/ALADDIN_NEW/ALADDIN_NEW/mobile_apps/ALADDIN_iOS/ViewModels/ProfileViewModel.swift /Users/sergejhlystov/ALADDIN_NEW/ALADDIN_NEW/mobile_apps/ALADDIN_iOS/Components/Modals/ConsentModal.swift /Users/sergejhlystov/ALADDIN_NEW/ALADDIN_NEW/mobile_apps/ALADDIN_iOS/ViewModels/ParentalControlViewModel.swift /Users/sergejhlystov/ALADDIN_NEW/ALADDIN_NEW/mobile_apps/ALADDIN_iOS/ViewModels/OnboardingViewModel.swift /Users/sergejhlystov/ALADDIN_NEW/ALADDIN_NEW/mobile_apps/ALADDIN_iOS/Shared/Styles/Colors.swift /Users/sergejhlystov/ALADDIN_NEW/ALADDIN_NEW/mobile_apps/ALADDIN_iOS/Screens/ChildRewardsScreen.swift /Users/sergejhlystov/ALADDIN_NEW/ALADDIN_NEW/mobile_apps/ALADDIN_iOS/Screens/21_ReferralScreen.swift /Users/sergejhlystov/ALADDIN_NEW/ALADDIN_NEW/mobile_apps/ALADDIN_iOS/Shared/Components/AvatarSelector.swift /Users/sergejhlystov/ALADDIN_NEW/ALADDIN_NEW/mobile_apps/ALADDIN_iOS/Shared/Components/Navigation/ALADDINNavigationBar.swift /Users/sergejhlystov/ALADDIN_NEW/ALADDIN_NEW/mobile_apps/ALADDIN_iOS/Screens/14_OnboardingScreen.swift /Users/sergejhlystov/ALADDIN_NEW/ALADDIN_NEW/mobile_apps/ALADDIN_iOS/Components/Modals/FamilyCreatedModal.swift /Users/sergejhlystov/ALADDIN_NEW/ALADDIN_NEW/mobile_apps/ALADDIN_iOS/ViewModels/PaymentQRViewModel.swift /Users/sergejhlystov/ALADDIN_NEW/ALADDIN_NEW/mobile_apps/ALADDIN_iOS/Core/Navigation/NavigationManager.swift /Users/sergejhlystov/ALADDIN_NEW/ALADDIN_NEW/mobile_apps/ALADDIN_iOS/Core/Accessibility/AccessibilityManager.swift /Users/sergejhlystov/ALADDIN_NEW/ALADDIN_NEW/mobile_apps/ALADDIN_iOS/Core/Store/StoreManager.swift /Users/sergejhlystov/ALADDIN_NEW/ALADDIN_NEW/mobile_apps/ALADDIN_iOS/Screens/WheelOfFortuneView.swift /Users/sergejhlystov/ALADDIN_NEW/ALADDIN_NEW/mobile_apps/ALADDIN_iOS/Screens/UnicornUniverseView.swift /Users/sergejhlystov/ALADDIN_NEW/ALADDIN_NEW/mobile_apps/ALADDIN_iOS/Core/Localization/LocalizationManager.swift /Users/sergejhlystov/ALADDIN_NEW/ALADDIN_NEW/mobile_apps/ALADDIN_iOS/Screens/13_SupportScreen.swift /Users/sergejhlystov/ALADDIN_NEW/ALADDIN_NEW/mobile_apps/ALADDIN_iOS/Core/Analytics/AnalyticsManager.swift /Users/sergejhlystov/ALADDIN_NEW/ALADDIN_NEW/mobile_apps/ALADDIN_iOS/Screens/07_ParentalControlScreen.swift /Users/sergejhlystov/ALADDIN_NEW/ALADDIN_NEW/mobile_apps/ALADDIN_iOS/Screens/05_SettingsScreen.swift /Users/sergejhlystov/ALADDIN_NEW/ALADDIN_NEW/mobile_apps/ALADDIN_iOS/Screens/RewardsModalView.swift /Users/sergejhlystov/ALADDIN_NEW/ALADDIN_NEW/mobile_apps/ALADDIN_iOS/Screens/23_FamilyChatScreen.swift /Users/sergejhlystov/ALADDIN_NEW/ALADDIN_NEW/mobile_apps/ALADDIN_iOS/Screens/02_FamilyScreen.swift /Users/sergejhlystov/ALADDIN_NEW/ALADDIN_NEW/mobile_apps/ALADDIN_iOS/Screens/20_DevicesScreen.swift /Users/sergejhlystov/ALADDIN_NEW/ALADDIN_NEW/mobile_apps/ALADDIN_iOS/Shared/Components/ViewModifiers.swift /Users/sergejhlystov/ALADDIN_NEW/ALADDIN_NEW/mobile_apps/ALADDIN_iOS/Shared/Components/HapticFeedback.swift /Users/sergejhlystov/ALADDIN_NEW/ALADDIN_NEW/mobile_apps/ALADDIN_iOS/Screens/MainScreenWithRegistration.swift /Users/sergejhlystov/ALADDIN_NEW/ALADDIN_NEW/mobile_apps/ALADDIN_iOS/Core/Network/NetworkError.swift /Users/sergejhlystov/ALADDIN_NEW/ALADDIN_NEW/mobile_apps/ALADDIN_iOS/Screens/LanguageSettingsScreen.swift /Users/sergejhlystov/ALADDIN_NEW/ALADDIN_NEW/mobile_apps/ALADDIN_iOS/ViewModels/FamilyRegistrationViewModel.swift /Users/sergejhlystov/ALADDIN_NEW/ALADDIN_NEW/mobile_apps/ALADDIN_iOS/Shared/Styles/CornerRadius.swift /Users/sergejhlystov/ALADDIN_NEW/ALADDIN_NEW/mobile_apps/ALADDIN_iOS/Screens/01_MainScreen.swift /Users/sergejhlystov/ALADDIN_NEW/ALADDIN_NEW/mobile_apps/ALADDIN_iOS/Screens/FamilyTournamentView.swift /Users/sergejhlystov/ALADDIN_NEW/ALADDIN_NEW/mobile_apps/ALADDIN_iOS/Shared/Styles/Fonts.swift /Users/sergejhlystov/ALADDIN_NEW/ALADDIN_NEW/mobile_apps/ALADDIN_iOS/Screens/GamesParentalControlView.swift /Users/sergejhlystov/ALADDIN_NEW/ALADDIN_NEW/mobile_apps/ALADDIN_iOS/Shared/Components/QRScannerModal.swift /Users/sergejhlystov/ALADDIN_NEW/ALADDIN_NEW/mobile_apps/ALADDIN_iOS/Screens/04_AnalyticsScreen.swift /Users/sergejhlystov/ALADDIN_NEW/ALADDIN_NEW/mobile_apps/ALADDIN_iOS/Screens/24_VPNEnergyStatsScreen.swift /Users/sergejhlystov/ALADDIN_NEW/ALADDIN_NEW/mobile_apps/ALADDIN_iOS/Shared/Components/Modals/ProfileEditView.swift /Users/sergejhlystov/ALADDIN_NEW/ALADDIN_NEW/mobile_apps/ALADDIN_iOS/ViewModels/TariffsViewModel.swift /Users/sergejhlystov/ALADDIN_NEW/ALADDIN_NEW/mobile_apps/ALADDIN_iOS/Core/Notifications/NotificationManager.swift /Users/sergejhlystov/ALADDIN_NEW/ALADDIN_NEW/mobile_apps/ALADDIN_iOS/Core/Security/SecurityManager.swift -supplementary-output-file-map /var/folders/rf/6rxcyql17sz57_02ng7jd7pr0000gn/T/TemporaryDirectory.wFGpdC/supplementaryOutputs-3 -target x86_64-apple-ios15.0-simulator -enable-objc-interop -sdk /Applications/Xcode.app/Contents/Developer/Platforms/iPhoneSimulator.platform/Developer/SDKs/iPhoneSimulator15.2.sdk -I /Users/sergejhlystov/Library/Developer/Xcode/DerivedData/ALADDIN-eahryzmutvtbyceygnlyjsmiiaha/Build/Products/Debug-iphonesimulator -F /Users/sergejhlystov/Library/Developer/Xcode/DerivedData/ALADDIN-eahryzmutvtbyceygnlyjsmiiaha/Build/Products/Debug-iphonesimulator -enable-testing -g -module-cache-path /Users/sergejhlystov/Library/Developer/Xcode/DerivedData/ModuleCache.noindex -emit-localized-strings -emit-localized-strings-path /Users/sergejhlystov/Library/Developer/Xcode/DerivedData/ALADDIN-eahryzmutvtbyceygnlyjsmiiaha/Build/Intermediates.noindex/ALADDIN.build/Debug-iphonesimulator/ALADDIN.build/Objects-normal/x86_64 -swift-version 5 -enforce-exclusivity\=checked -Onone -D DEBUG -new-driver-path /Applications/Xcode.app/Contents/Developer/Toolchains/XcodeDefault.xctoolchain/usr/bin/swift-driver -serialize-debugging-options -Xcc -working-directory -Xcc /Users/sergejhlystov/ALADDIN_NEW/ALADDIN_NEW/mobile_apps/ALADDIN_iOS -resource-dir /Applications/Xcode.app/Contents/Developer/Toolchains/XcodeDefault.xctoolchain/usr/lib/swift -enable-anonymous-context-mangled-names -Xcc -I/Users/sergejhlystov/Library/Developer/Xcode/DerivedData/ALADDIN-eahryzmutvtbyceygnlyjsmiiaha/Build/Intermediates.noindex/ALADDIN.build/Debug-iphonesimulator/ALADDIN.build/swift-overrides.hmap -Xcc -iquote -Xcc /Users/sergejhlystov/Library/Developer/Xcode/DerivedData/ALADDIN-eahryzmutvtbyceygnlyjsmiiaha/Build/Intermediates.noindex/ALADDIN.build/Debug-iphonesimulator/ALADDIN.build/ALADDIN-generated-files.hmap -Xcc -I/Users/sergejhlystov/Library/Developer/Xcode/DerivedData/ALADDIN-eahryzmutvtbyceygnlyjsmiiaha/Build/Intermediates.noindex/ALADDIN.build/Debug-iphonesimulator/ALADDIN.build/ALADDIN-own-target-headers.hmap -Xcc -I/Users/sergejhlystov/Library/Developer/Xcode/DerivedData/ALADDIN-eahryzmutvtbyceygnlyjsmiiaha/Build/Intermediates.noindex/ALADDIN.build/Debug-iphonesimulator/ALADDIN.build/ALADDIN-all-target-headers.hmap -Xcc -iquote -Xcc /Users/sergejhlystov/Library/Developer/Xcode/DerivedData/ALADDIN-eahryzmutvtbyceygnlyjsmiiaha/Build/Intermediates.noindex/ALADDIN.build/Debug-iphonesimulator/ALADDIN.build/ALADDIN-project-headers.hmap -Xcc -I/Users/sergejhlystov/Library/Developer/Xcode/DerivedData/ALADDIN-eahryzmutvtbyceygnlyjsmiiaha/Build/Products/Debug-iphonesimulator/include -Xcc -I/Users/sergejhlystov/Library/Developer/Xcode/DerivedData/ALADDIN-eahryzmutvtbyceygnlyjsmiiaha/Build/Intermediates.noindex/ALADDIN.build/Debug-iphonesimulator/ALADDIN.build/DerivedSources-normal/x86_64 -Xcc -I/Users/sergejhlystov/Library/Developer/Xcode/DerivedData/ALADDIN-eahryzmutvtbyceygnlyjsmiiaha/Build/Intermediates.noindex/ALADDIN.build/Debug-iphonesimulator/ALADDIN.build/DerivedSources/x86_64 -Xcc -I/Users/sergejhlystov/Library/Developer/Xcode/DerivedData/ALADDIN-eahryzmutvtbyceygnlyjsmiiaha/Build/Intermediates.noindex/ALADDIN.build/Debug-iphonesimulator/ALADDIN.build/DerivedSources -Xcc -DDEBUG\=1 -module-name ALADDIN -target-sdk-version 15.2.0 -o /Users/sergejhlystov/Library/Developer/Xcode/DerivedData/ALADDIN-eahryzmutvtbyceygnlyjsmiiaha/Build/Intermediates.noindex/ALADDIN.build/Debug-iphonesimulator/ALADDIN.build/Objects-normal/x86_64/NetworkManager.o -o /Users/sergejhlystov/Library/Developer/Xcode/DerivedData/ALADDIN-eahryzmutvtbyceygnlyjsmiiaha/Build/Intermediates.noindex/ALADDIN.build/Debug-iphonesimulator/ALADDIN.build/Objects-normal/x86_64/19_TermsOfServiceScreen.o -o /Users/sergejhlystov/Library/Developer/Xcode/DerivedData/ALADDIN-eahryzmutvtbyceygnlyjsmiiaha/Build/Intermediates.noindex/ALADDIN.build/Debug-iphonesimulator/ALADDIN.build/Objects-normal/x86_64/AppConfig.o -o /Users/sergejhlystov/Library/Developer/Xcode/DerivedData/ALADDIN-eahryzmutvtbyceygnlyjsmiiaha/Build/Intermediates.noindex/ALADDIN.build/Debug-iphonesimulator/ALADDIN.build/Objects-normal/x86_64/FamilyViewModel.o -o /Users/sergejhlystov/Library/Developer/Xcode/DerivedData/ALADDIN-eahryzmutvtbyceygnlyjsmiiaha/Build/Intermediates.noindex/ALADDIN.build/Debug-iphonesimulator/ALADDIN.build/Objects-normal/x86_64/AIAssistantViewModel.o -o /Users/sergejhlystov/Library/Developer/Xcode/DerivedData/ALADDIN-eahryzmutvtbyceygnlyjsmiiaha/Build/Intermediates.noindex/ALADDIN.build/Debug-iphonesimulator/ALADDIN.build/Objects-normal/x86_64/22_DeviceDetailScreen.o -o /Users/sergejhlystov/Library/Developer/Xcode/DerivedData/ALADDIN-eahryzmutvtbyceygnlyjsmiiaha/Build/Intermediates.noindex/ALADDIN.build/Debug-iphonesimulator/ALADDIN.build/Objects-normal/x86_64/WidgetConfigurationScreen.o -o /Users/sergejhlystov/Library/Developer/Xcode/DerivedData/ALADDIN-eahryzmutvtbyceygnlyjsmiiaha/Build/Intermediates.noindex/ALADDIN.build/Debug-iphonesimulator/ALADDIN.build/Objects-normal/x86_64/KeychainManager.o -o /Users/sergejhlystov/Library/Developer/Xcode/DerivedData/ALADDIN-eahryzmutvtbyceygnlyjsmiiaha/Build/Intermediates.noindex/ALADDIN.build/Debug-iphonesimulator/ALADDIN.build/Objects-normal/x86_64/MemberStatsModalView.o -o /Users/sergejhlystov/Library/Developer/Xcode/DerivedData/ALADDIN-eahryzmutvtbyceygnlyjsmiiaha/Build/Intermediates.noindex/ALADDIN.build/Debug-iphonesimulator/ALADDIN.build/Objects-normal/x86_64/Spacing.o -o /Users/sergejhlystov/Library/Developer/Xcode/DerivedData/ALADDIN-eahryzmutvtbyceygnlyjsmiiaha/Build/Intermediates.noindex/ALADDIN.build/Debug-iphonesimulator/ALADDIN.build/Objects-normal/x86_64/RecoveryOptionsModal.o -o /Users/sergejhlystov/Library/Developer/Xcode/DerivedData/ALADDIN-eahryzmutvtbyceygnlyjsmiiaha/Build/Intermediates.noindex/ALADDIN.build/Debug-iphonesimulator/ALADDIN.build/Objects-normal/x86_64/SettingsViewModel.o -index-store-path /Users/sergejhlystov/Library/Developer/Xcode/DerivedData/ALADDIN-eahryzmutvtbyceygnlyjsmiiaha/Index/DataStore -index-system-modules

CompileSwift normal x86_64 /Users/sergejhlystov/ALADDIN_NEW/ALADDIN_NEW/mobile_apps/ALADDIN_iOS/ViewModels/SettingsViewModel.swift (in target 'ALADDIN' from project 'ALADDIN')
    cd /Users/sergejhlystov/ALADDIN_NEW/ALADDIN_NEW/mobile_apps/ALADDIN_iOS
    /Applications/Xcode.app/Contents/Developer/Toolchains/XcodeDefault.xctoolchain/usr/bin/swift-frontend -frontend -c /Users/sergejhlystov/ALADDIN_NEW/ALADDIN_NEW/mobile_apps/ALADDIN_iOS/Screens/RewardsQuickModal.swift /Users/sergejhlystov/ALADDIN_NEW/ALADDIN_NEW/mobile_apps/ALADDIN_iOS/Screens/08_ChildInterfaceScreen.swift /Users/sergejhlystov/ALADDIN_NEW/ALADDIN_NEW/mobile_apps/ALADDIN_iOS/ContentView.swift /Users/sergejhlystov/ALADDIN_NEW/ALADDIN_NEW/mobile_apps/ALADDIN_iOS/Shared/Components/ALADDINToggle.swift /Users/sergejhlystov/ALADDIN_NEW/ALADDIN_NEW/mobile_apps/ALADDIN_iOS/Components/Modals/AgeGroupSelectionModal.swift /Users/sergejhlystov/ALADDIN_NEW/ALADDIN_NEW/mobile_apps/ALADDIN_iOS/ALADDINApp.swift /Users/sergejhlystov/ALADDIN_NEW/ALADDIN_NEW/mobile_apps/ALADDIN_iOS/Shared/Models/FunctionStatus.swift /Users/sergejhlystov/ALADDIN_NEW/ALADDIN_NEW/mobile_apps/ALADDIN_iOS/ViewModels/MainViewModel.swift /Users/sergejhlystov/ALADDIN_NEW/ALADDIN_NEW/mobile_apps/ALADDIN_iOS/Shared/Components/Buttons/PrimaryButton.swift /Users/sergejhlystov/ALADDIN_NEW/ALADDIN_NEW/mobile_apps/ALADDIN_iOS/Screens/NotificationSettingsScreen.swift /Users/sergejhlystov/ALADDIN_NEW/ALADDIN_NEW/mobile_apps/ALADDIN_iOS/Screens/ChildContentScreen.swift /Users/sergejhlystov/ALADDIN_NEW/ALADDIN_NEW/mobile_apps/ALADDIN_iOS/Shared/Components/StatItem.swift /Users/sergejhlystov/ALADDIN_NEW/ALADDIN_NEW/mobile_apps/ALADDIN_iOS/Shared/Components/Cards/FamilyMemberCard.swift /Users/sergejhlystov/ALADDIN_NEW/ALADDIN_NEW/mobile_apps/ALADDIN_iOS/ViewModels/VPNViewModel.swift /Users/sergejhlystov/ALADDIN_NEW/ALADDIN_NEW/mobile_apps/ALADDIN_iOS/Core/Models/APIModels.swift /Users/sergejhlystov/ALADDIN_NEW/ALADDIN_NEW/mobile_apps/ALADDIN_iOS/Core/VPN/VPNManager.swift /Users/sergejhlystov/ALADDIN_NEW/ALADDIN_NEW/mobile_apps/ALADDIN_iOS/Screens/UnicornPetView.swift /Users/sergejhlystov/ALADDIN_NEW/ALADDIN_NEW/mobile_apps/ALADDIN_iOS/Core/Network/APIService.swift /Users/sergejhlystov/ALADDIN_NEW/ALADDIN_NEW/mobile_apps/ALADDIN_iOS/Screens/18_PrivacyPolicyScreen.swift /Users/sergejhlystov/ALADDIN_NEW/ALADDIN_NEW/mobile_apps/ALADDIN_iOS/Screens/10_TariffsScreen.swift /Users/sergejhlystov/ALADDIN_NEW/ALADDIN_NEW/mobile_apps/ALADDIN_iOS/Screens/03_VPNScreen.swift /Users/sergejhlystov/ALADDIN_NEW/ALADDIN_NEW/mobile_apps/ALADDIN_iOS/Screens/09_ElderlyInterfaceScreen.swift /Users/sergejhlystov/ALADDIN_NEW/ALADDIN_NEW/mobile_apps/ALADDIN_iOS/Shared/Components/SecondaryButton.swift /Users/sergejhlystov/ALADDIN_NEW/ALADDIN_NEW/mobile_apps/ALADDIN_iOS/Screens/11_ProfileScreen.swift -primary-file /Users/sergejhlystov/ALADDIN_NEW/ALADDIN_NEW/mobile_apps/ALADDIN_iOS/Core/Network/NetworkManager.swift -primary-file /Users/sergejhlystov/ALADDIN_NEW/ALADDIN_NEW/mobile_apps/ALADDIN_iOS/Screens/19_TermsOfServiceScreen.swift -primary-file /Users/sergejhlystov/ALADDIN_NEW/ALADDIN_NEW/mobile_apps/ALADDIN_iOS/Core/Config/AppConfig.swift -primary-file /Users/sergejhlystov/ALADDIN_NEW/ALADDIN_NEW/mobile_apps/ALADDIN_iOS/ViewModels/FamilyViewModel.swift -primary-file /Users/sergejhlystov/ALADDIN_NEW/ALADDIN_NEW/mobile_apps/ALADDIN_iOS/ViewModels/AIAssistantViewModel.swift -primary-file /Users/sergejhlystov/ALADDIN_NEW/ALADDIN_NEW/mobile_apps/ALADDIN_iOS/Screens/22_DeviceDetailScreen.swift -primary-file /Users/sergejhlystov/ALADDIN_NEW/ALADDIN_NEW/mobile_apps/ALADDIN_iOS/Screens/WidgetConfigurationScreen.swift -primary-file /Users/sergejhlystov/ALADDIN_NEW/ALADDIN_NEW/mobile_apps/ALADDIN_iOS/Core/Security/KeychainManager.swift -primary-file /Users/sergejhlystov/ALADDIN_NEW/ALADDIN_NEW/mobile_apps/ALADDIN_iOS/Shared/Components/Modals/MemberStatsModalView.swift -primary-file /Users/sergejhlystov/ALADDIN_NEW/ALADDIN_NEW/mobile_apps/ALADDIN_iOS/Shared/Styles/Spacing.swift -primary-file /Users/sergejhlystov/ALADDIN_NEW/ALADDIN_NEW/mobile_apps/ALADDIN_iOS/Shared/Components/RecoveryOptionsModal.swift -primary-file /Users/sergejhlystov/ALADDIN_NEW/ALADDIN_NEW/mobile_apps/ALADDIN_iOS/ViewModels/SettingsViewModel.swift /Users/sergejhlystov/ALADDIN_NEW/ALADDIN_NEW/mobile_apps/ALADDIN_iOS/Shared/Components/InfoRow.swift /Users/sergejhlystov/ALADDIN_NEW/ALADDIN_NEW/mobile_apps/ALADDIN_iOS/Screens/25_PaymentQRScreen.swift /Users/sergejhlystov/ALADDIN_NEW/ALADDIN_NEW/mobile_apps/ALADDIN_iOS/Shared/Components/Modals/RoleSelectionModal.swift /Users/sergejhlystov/ALADDIN_NEW/ALADDIN_NEW/mobile_apps/ALADDIN_iOS/ViewModels/SupportViewModel.swift /Users/sergejhlystov/ALADDIN_NEW/ALADDIN_NEW/mobile_apps/ALADDIN_iOS/ViewModels/ChildInterfaceViewModel.swift /Users/sergejhlystov/ALADDIN_NEW/ALADDIN_NEW/mobile_apps/ALADDIN_iOS/Screens/12_NotificationsScreen.swift /Users/sergejhlystov/ALADDIN_NEW/ALADDIN_NEW/mobile_apps/ALADDIN_iOS/ViewModels/ElderlyInterfaceViewModel.swift /Users/sergejhlystov/ALADDIN_NEW/ALADDIN_NEW/mobile_apps/ALADDIN_iOS/ViewModels/AnalyticsViewModel.swift /Users/sergejhlystov/ALADDIN_NEW/ALADDIN_NEW/mobile_apps/ALADDIN_iOS/Core/Cache/CacheManager.swift /Users/sergejhlystov/ALADDIN_NEW/ALADDIN_NEW/mobile_apps/ALADDIN_iOS/ViewModels/NotificationsViewModel.swift /Users/sergejhlystov/ALADDIN_NEW/ALADDIN_NEW/mobile_apps/ALADDIN_iOS/Screens/06_AIAssistantScreen.swift /Users/sergejhlystov/ALADDIN_NEW/ALADDIN_NEW/mobile_apps/ALADDIN_iOS/ViewModels/ProfileViewModel.swift /Users/sergejhlystov/ALADDIN_NEW/ALADDIN_NEW/mobile_apps/ALADDIN_iOS/Components/Modals/ConsentModal.swift /Users/sergejhlystov/ALADDIN_NEW/ALADDIN_NEW/mobile_apps/ALADDIN_iOS/ViewModels/ParentalControlViewModel.swift /Users/sergejhlystov/ALADDIN_NEW/ALADDIN_NEW/mobile_apps/ALADDIN_iOS/ViewModels/OnboardingViewModel.swift /Users/sergejhlystov/ALADDIN_NEW/ALADDIN_NEW/mobile_apps/ALADDIN_iOS/Shared/Styles/Colors.swift /Users/sergejhlystov/ALADDIN_NEW/ALADDIN_NEW/mobile_apps/ALADDIN_iOS/Screens/ChildRewardsScreen.swift /Users/sergejhlystov/ALADDIN_NEW/ALADDIN_NEW/mobile_apps/ALADDIN_iOS/Screens/21_ReferralScreen.swift /Users/sergejhlystov/ALADDIN_NEW/ALADDIN_NEW/mobile_apps/ALADDIN_iOS/Shared/Components/AvatarSelector.swift /Users/sergejhlystov/ALADDIN_NEW/ALADDIN_NEW/mobile_apps/ALADDIN_iOS/Shared/Components/Navigation/ALADDINNavigationBar.swift /Users/sergejhlystov/ALADDIN_NEW/ALADDIN_NEW/mobile_apps/ALADDIN_iOS/Screens/14_OnboardingScreen.swift /Users/sergejhlystov/ALADDIN_NEW/ALADDIN_NEW/mobile_apps/ALADDIN_iOS/Components/Modals/FamilyCreatedModal.swift /Users/sergejhlystov/ALADDIN_NEW/ALADDIN_NEW/mobile_apps/ALADDIN_iOS/ViewModels/PaymentQRViewModel.swift /Users/sergejhlystov/ALADDIN_NEW/ALADDIN_NEW/mobile_apps/ALADDIN_iOS/Core/Navigation/NavigationManager.swift /Users/sergejhlystov/ALADDIN_NEW/ALADDIN_NEW/mobile_apps/ALADDIN_iOS/Core/Accessibility/AccessibilityManager.swift /Users/sergejhlystov/ALADDIN_NEW/ALADDIN_NEW/mobile_apps/ALADDIN_iOS/Core/Store/StoreManager.swift /Users/sergejhlystov/ALADDIN_NEW/ALADDIN_NEW/mobile_apps/ALADDIN_iOS/Screens/WheelOfFortuneView.swift /Users/sergejhlystov/ALADDIN_NEW/ALADDIN_NEW/mobile_apps/ALADDIN_iOS/Screens/UnicornUniverseView.swift /Users/sergejhlystov/ALADDIN_NEW/ALADDIN_NEW/mobile_apps/ALADDIN_iOS/Core/Localization/LocalizationManager.swift /Users/sergejhlystov/ALADDIN_NEW/ALADDIN_NEW/mobile_apps/ALADDIN_iOS/Screens/13_SupportScreen.swift /Users/sergejhlystov/ALADDIN_NEW/ALADDIN_NEW/mobile_apps/ALADDIN_iOS/Core/Analytics/AnalyticsManager.swift /Users/sergejhlystov/ALADDIN_NEW/ALADDIN_NEW/mobile_apps/ALADDIN_iOS/Screens/07_ParentalControlScreen.swift /Users/sergejhlystov/ALADDIN_NEW/ALADDIN_NEW/mobile_apps/ALADDIN_iOS/Screens/05_SettingsScreen.swift /Users/sergejhlystov/ALADDIN_NEW/ALADDIN_NEW/mobile_apps/ALADDIN_iOS/Screens/RewardsModalView.swift /Users/sergejhlystov/ALADDIN_NEW/ALADDIN_NEW/mobile_apps/ALADDIN_iOS/Screens/23_FamilyChatScreen.swift /Users/sergejhlystov/ALADDIN_NEW/ALADDIN_NEW/mobile_apps/ALADDIN_iOS/Screens/02_FamilyScreen.swift /Users/sergejhlystov/ALADDIN_NEW/ALADDIN_NEW/mobile_apps/ALADDIN_iOS/Screens/20_DevicesScreen.swift /Users/sergejhlystov/ALADDIN_NEW/ALADDIN_NEW/mobile_apps/ALADDIN_iOS/Shared/Components/ViewModifiers.swift /Users/sergejhlystov/ALADDIN_NEW/ALADDIN_NEW/mobile_apps/ALADDIN_iOS/Shared/Components/HapticFeedback.swift /Users/sergejhlystov/ALADDIN_NEW/ALADDIN_NEW/mobile_apps/ALADDIN_iOS/Screens/MainScreenWithRegistration.swift /Users/sergejhlystov/ALADDIN_NEW/ALADDIN_NEW/mobile_apps/ALADDIN_iOS/Core/Network/NetworkError.swift /Users/sergejhlystov/ALADDIN_NEW/ALADDIN_NEW/mobile_apps/ALADDIN_iOS/Screens/LanguageSettingsScreen.swift /Users/sergejhlystov/ALADDIN_NEW/ALADDIN_NEW/mobile_apps/ALADDIN_iOS/ViewModels/FamilyRegistrationViewModel.swift /Users/sergejhlystov/ALADDIN_NEW/ALADDIN_NEW/mobile_apps/ALADDIN_iOS/Shared/Styles/CornerRadius.swift /Users/sergejhlystov/ALADDIN_NEW/ALADDIN_NEW/mobile_apps/ALADDIN_iOS/Screens/01_MainScreen.swift /Users/sergejhlystov/ALADDIN_NEW/ALADDIN_NEW/mobile_apps/ALADDIN_iOS/Screens/FamilyTournamentView.swift /Users/sergejhlystov/ALADDIN_NEW/ALADDIN_NEW/mobile_apps/ALADDIN_iOS/Shared/Styles/Fonts.swift /Users/sergejhlystov/ALADDIN_NEW/ALADDIN_NEW/mobile_apps/ALADDIN_iOS/Screens/GamesParentalControlView.swift /Users/sergejhlystov/ALADDIN_NEW/ALADDIN_NEW/mobile_apps/ALADDIN_iOS/Shared/Components/QRScannerModal.swift /Users/sergejhlystov/ALADDIN_NEW/ALADDIN_NEW/mobile_apps/ALADDIN_iOS/Screens/04_AnalyticsScreen.swift /Users/sergejhlystov/ALADDIN_NEW/ALADDIN_NEW/mobile_apps/ALADDIN_iOS/Screens/24_VPNEnergyStatsScreen.swift /Users/sergejhlystov/ALADDIN_NEW/ALADDIN_NEW/mobile_apps/ALADDIN_iOS/Shared/Components/Modals/ProfileEditView.swift /Users/sergejhlystov/ALADDIN_NEW/ALADDIN_NEW/mobile_apps/ALADDIN_iOS/ViewModels/TariffsViewModel.swift /Users/sergejhlystov/ALADDIN_NEW/ALADDIN_NEW/mobile_apps/ALADDIN_iOS/Core/Notifications/NotificationManager.swift /Users/sergejhlystov/ALADDIN_NEW/ALADDIN_NEW/mobile_apps/ALADDIN_iOS/Core/Security/SecurityManager.swift -supplementary-output-file-map /var/folders/rf/6rxcyql17sz57_02ng7jd7pr0000gn/T/TemporaryDirectory.wFGpdC/supplementaryOutputs-3 -target x86_64-apple-ios15.0-simulator -enable-objc-interop -sdk /Applications/Xcode.app/Contents/Developer/Platforms/iPhoneSimulator.platform/Developer/SDKs/iPhoneSimulator15.2.sdk -I /Users/sergejhlystov/Library/Developer/Xcode/DerivedData/ALADDIN-eahryzmutvtbyceygnlyjsmiiaha/Build/Products/Debug-iphonesimulator -F /Users/sergejhlystov/Library/Developer/Xcode/DerivedData/ALADDIN-eahryzmutvtbyceygnlyjsmiiaha/Build/Products/Debug-iphonesimulator -enable-testing -g -module-cache-path /Users/sergejhlystov/Library/Developer/Xcode/DerivedData/ModuleCache.noindex -emit-localized-strings -emit-localized-strings-path /Users/sergejhlystov/Library/Developer/Xcode/DerivedData/ALADDIN-eahryzmutvtbyceygnlyjsmiiaha/Build/Intermediates.noindex/ALADDIN.build/Debug-iphonesimulator/ALADDIN.build/Objects-normal/x86_64 -swift-version 5 -enforce-exclusivity\=checked -Onone -D DEBUG -new-driver-path /Applications/Xcode.app/Contents/Developer/Toolchains/XcodeDefault.xctoolchain/usr/bin/swift-driver -serialize-debugging-options -Xcc -working-directory -Xcc /Users/sergejhlystov/ALADDIN_NEW/ALADDIN_NEW/mobile_apps/ALADDIN_iOS -resource-dir /Applications/Xcode.app/Contents/Developer/Toolchains/XcodeDefault.xctoolchain/usr/lib/swift -enable-anonymous-context-mangled-names -Xcc -I/Users/sergejhlystov/Library/Developer/Xcode/DerivedData/ALADDIN-eahryzmutvtbyceygnlyjsmiiaha/Build/Intermediates.noindex/ALADDIN.build/Debug-iphonesimulator/ALADDIN.build/swift-overrides.hmap -Xcc -iquote -Xcc /Users/sergejhlystov/Library/Developer/Xcode/DerivedData/ALADDIN-eahryzmutvtbyceygnlyjsmiiaha/Build/Intermediates.noindex/ALADDIN.build/Debug-iphonesimulator/ALADDIN.build/ALADDIN-generated-files.hmap -Xcc -I/Users/sergejhlystov/Library/Developer/Xcode/DerivedData/ALADDIN-eahryzmutvtbyceygnlyjsmiiaha/Build/Intermediates.noindex/ALADDIN.build/Debug-iphonesimulator/ALADDIN.build/ALADDIN-own-target-headers.hmap -Xcc -I/Users/sergejhlystov/Library/Developer/Xcode/DerivedData/ALADDIN-eahryzmutvtbyceygnlyjsmiiaha/Build/Intermediates.noindex/ALADDIN.build/Debug-iphonesimulator/ALADDIN.build/ALADDIN-all-target-headers.hmap -Xcc -iquote -Xcc /Users/sergejhlystov/Library/Developer/Xcode/DerivedData/ALADDIN-eahryzmutvtbyceygnlyjsmiiaha/Build/Intermediates.noindex/ALADDIN.build/Debug-iphonesimulator/ALADDIN.build/ALADDIN-project-headers.hmap -Xcc -I/Users/sergejhlystov/Library/Developer/Xcode/DerivedData/ALADDIN-eahryzmutvtbyceygnlyjsmiiaha/Build/Products/Debug-iphonesimulator/include -Xcc -I/Users/sergejhlystov/Library/Developer/Xcode/DerivedData/ALADDIN-eahryzmutvtbyceygnlyjsmiiaha/Build/Intermediates.noindex/ALADDIN.build/Debug-iphonesimulator/ALADDIN.build/DerivedSources-normal/x86_64 -Xcc -I/Users/sergejhlystov/Library/Developer/Xcode/DerivedData/ALADDIN-eahryzmutvtbyceygnlyjsmiiaha/Build/Intermediates.noindex/ALADDIN.build/Debug-iphonesimulator/ALADDIN.build/DerivedSources/x86_64 -Xcc -I/Users/sergejhlystov/Library/Developer/Xcode/DerivedData/ALADDIN-eahryzmutvtbyceygnlyjsmiiaha/Build/Intermediates.noindex/ALADDIN.build/Debug-iphonesimulator/ALADDIN.build/DerivedSources -Xcc -DDEBUG\=1 -module-name ALADDIN -target-sdk-version 15.2.0 -o /Users/sergejhlystov/Library/Developer/Xcode/DerivedData/ALADDIN-eahryzmutvtbyceygnlyjsmiiaha/Build/Intermediates.noindex/ALADDIN.build/Debug-iphonesimulator/ALADDIN.build/Objects-normal/x86_64/NetworkManager.o -o /Users/sergejhlystov/Library/Developer/Xcode/DerivedData/ALADDIN-eahryzmutvtbyceygnlyjsmiiaha/Build/Intermediates.noindex/ALADDIN.build/Debug-iphonesimulator/ALADDIN.build/Objects-normal/x86_64/19_TermsOfServiceScreen.o -o /Users/sergejhlystov/Library/Developer/Xcode/DerivedData/ALADDIN-eahryzmutvtbyceygnlyjsmiiaha/Build/Intermediates.noindex/ALADDIN.build/Debug-iphonesimulator/ALADDIN.build/Objects-normal/x86_64/AppConfig.o -o /Users/sergejhlystov/Library/Developer/Xcode/DerivedData/ALADDIN-eahryzmutvtbyceygnlyjsmiiaha/Build/Intermediates.noindex/ALADDIN.build/Debug-iphonesimulator/ALADDIN.build/Objects-normal/x86_64/FamilyViewModel.o -o /Users/sergejhlystov/Library/Developer/Xcode/DerivedData/ALADDIN-eahryzmutvtbyceygnlyjsmiiaha/Build/Intermediates.noindex/ALADDIN.build/Debug-iphonesimulator/ALADDIN.build/Objects-normal/x86_64/AIAssistantViewModel.o -o /Users/sergejhlystov/Library/Developer/Xcode/DerivedData/ALADDIN-eahryzmutvtbyceygnlyjsmiiaha/Build/Intermediates.noindex/ALADDIN.build/Debug-iphonesimulator/ALADDIN.build/Objects-normal/x86_64/22_DeviceDetailScreen.o -o /Users/sergejhlystov/Library/Developer/Xcode/DerivedData/ALADDIN-eahryzmutvtbyceygnlyjsmiiaha/Build/Intermediates.noindex/ALADDIN.build/Debug-iphonesimulator/ALADDIN.build/Objects-normal/x86_64/WidgetConfigurationScreen.o -o /Users/sergejhlystov/Library/Developer/Xcode/DerivedData/ALADDIN-eahryzmutvtbyceygnlyjsmiiaha/Build/Intermediates.noindex/ALADDIN.build/Debug-iphonesimulator/ALADDIN.build/Objects-normal/x86_64/KeychainManager.o -o /Users/sergejhlystov/Library/Developer/Xcode/DerivedData/ALADDIN-eahryzmutvtbyceygnlyjsmiiaha/Build/Intermediates.noindex/ALADDIN.build/Debug-iphonesimulator/ALADDIN.build/Objects-normal/x86_64/MemberStatsModalView.o -o /Users/sergejhlystov/Library/Developer/Xcode/DerivedData/ALADDIN-eahryzmutvtbyceygnlyjsmiiaha/Build/Intermediates.noindex/ALADDIN.build/Debug-iphonesimulator/ALADDIN.build/Objects-normal/x86_64/Spacing.o -o /Users/sergejhlystov/Library/Developer/Xcode/DerivedData/ALADDIN-eahryzmutvtbyceygnlyjsmiiaha/Build/Intermediates.noindex/ALADDIN.build/Debug-iphonesimulator/ALADDIN.build/Objects-normal/x86_64/RecoveryOptionsModal.o -o /Users/sergejhlystov/Library/Developer/Xcode/DerivedData/ALADDIN-eahryzmutvtbyceygnlyjsmiiaha/Build/Intermediates.noindex/ALADDIN.build/Debug-iphonesimulator/ALADDIN.build/Objects-normal/x86_64/SettingsViewModel.o -index-store-path /Users/sergejhlystov/Library/Developer/Xcode/DerivedData/ALADDIN-eahryzmutvtbyceygnlyjsmiiaha/Index/DataStore -index-system-modules

CompileSwift normal x86_64 /Users/sergejhlystov/ALADDIN_NEW/ALADDIN_NEW/mobile_apps/ALADDIN_iOS/Screens/RewardsModalView.swift (in target 'ALADDIN' from project 'ALADDIN')
    cd /Users/sergejhlystov/ALADDIN_NEW/ALADDIN_NEW/mobile_apps/ALADDIN_iOS
    /Applications/Xcode.app/Contents/Developer/Toolchains/XcodeDefault.xctoolchain/usr/bin/swift-frontend -frontend -c /Users/sergejhlystov/ALADDIN_NEW/ALADDIN_NEW/mobile_apps/ALADDIN_iOS/Screens/RewardsQuickModal.swift /Users/sergejhlystov/ALADDIN_NEW/ALADDIN_NEW/mobile_apps/ALADDIN_iOS/Screens/08_ChildInterfaceScreen.swift /Users/sergejhlystov/ALADDIN_NEW/ALADDIN_NEW/mobile_apps/ALADDIN_iOS/ContentView.swift /Users/sergejhlystov/ALADDIN_NEW/ALADDIN_NEW/mobile_apps/ALADDIN_iOS/Shared/Components/ALADDINToggle.swift /Users/sergejhlystov/ALADDIN_NEW/ALADDIN_NEW/mobile_apps/ALADDIN_iOS/Components/Modals/AgeGroupSelectionModal.swift /Users/sergejhlystov/ALADDIN_NEW/ALADDIN_NEW/mobile_apps/ALADDIN_iOS/ALADDINApp.swift /Users/sergejhlystov/ALADDIN_NEW/ALADDIN_NEW/mobile_apps/ALADDIN_iOS/Shared/Models/FunctionStatus.swift /Users/sergejhlystov/ALADDIN_NEW/ALADDIN_NEW/mobile_apps/ALADDIN_iOS/ViewModels/MainViewModel.swift /Users/sergejhlystov/ALADDIN_NEW/ALADDIN_NEW/mobile_apps/ALADDIN_iOS/Shared/Components/Buttons/PrimaryButton.swift /Users/sergejhlystov/ALADDIN_NEW/ALADDIN_NEW/mobile_apps/ALADDIN_iOS/Screens/NotificationSettingsScreen.swift /Users/sergejhlystov/ALADDIN_NEW/ALADDIN_NEW/mobile_apps/ALADDIN_iOS/Screens/ChildContentScreen.swift /Users/sergejhlystov/ALADDIN_NEW/ALADDIN_NEW/mobile_apps/ALADDIN_iOS/Shared/Components/StatItem.swift /Users/sergejhlystov/ALADDIN_NEW/ALADDIN_NEW/mobile_apps/ALADDIN_iOS/Shared/Components/Cards/FamilyMemberCard.swift /Users/sergejhlystov/ALADDIN_NEW/ALADDIN_NEW/mobile_apps/ALADDIN_iOS/ViewModels/VPNViewModel.swift /Users/sergejhlystov/ALADDIN_NEW/ALADDIN_NEW/mobile_apps/ALADDIN_iOS/Core/Models/APIModels.swift /Users/sergejhlystov/ALADDIN_NEW/ALADDIN_NEW/mobile_apps/ALADDIN_iOS/Core/VPN/VPNManager.swift /Users/sergejhlystov/ALADDIN_NEW/ALADDIN_NEW/mobile_apps/ALADDIN_iOS/Screens/UnicornPetView.swift /Users/sergejhlystov/ALADDIN_NEW/ALADDIN_NEW/mobile_apps/ALADDIN_iOS/Core/Network/APIService.swift /Users/sergejhlystov/ALADDIN_NEW/ALADDIN_NEW/mobile_apps/ALADDIN_iOS/Screens/18_PrivacyPolicyScreen.swift /Users/sergejhlystov/ALADDIN_NEW/ALADDIN_NEW/mobile_apps/ALADDIN_iOS/Screens/10_TariffsScreen.swift /Users/sergejhlystov/ALADDIN_NEW/ALADDIN_NEW/mobile_apps/ALADDIN_iOS/Screens/03_VPNScreen.swift /Users/sergejhlystov/ALADDIN_NEW/ALADDIN_NEW/mobile_apps/ALADDIN_iOS/Screens/09_ElderlyInterfaceScreen.swift /Users/sergejhlystov/ALADDIN_NEW/ALADDIN_NEW/mobile_apps/ALADDIN_iOS/Shared/Components/SecondaryButton.swift /Users/sergejhlystov/ALADDIN_NEW/ALADDIN_NEW/mobile_apps/ALADDIN_iOS/Screens/11_ProfileScreen.swift /Users/sergejhlystov/ALADDIN_NEW/ALADDIN_NEW/mobile_apps/ALADDIN_iOS/Core/Network/NetworkManager.swift /Users/sergejhlystov/ALADDIN_NEW/ALADDIN_NEW/mobile_apps/ALADDIN_iOS/Screens/19_TermsOfServiceScreen.swift /Users/sergejhlystov/ALADDIN_NEW/ALADDIN_NEW/mobile_apps/ALADDIN_iOS/Core/Config/AppConfig.swift /Users/sergejhlystov/ALADDIN_NEW/ALADDIN_NEW/mobile_apps/ALADDIN_iOS/ViewModels/FamilyViewModel.swift /Users/sergejhlystov/ALADDIN_NEW/ALADDIN_NEW/mobile_apps/ALADDIN_iOS/ViewModels/AIAssistantViewModel.swift /Users/sergejhlystov/ALADDIN_NEW/ALADDIN_NEW/mobile_apps/ALADDIN_iOS/Screens/22_DeviceDetailScreen.swift /Users/sergejhlystov/ALADDIN_NEW/ALADDIN_NEW/mobile_apps/ALADDIN_iOS/Screens/WidgetConfigurationScreen.swift /Users/sergejhlystov/ALADDIN_NEW/ALADDIN_NEW/mobile_apps/ALADDIN_iOS/Core/Security/KeychainManager.swift /Users/sergejhlystov/ALADDIN_NEW/ALADDIN_NEW/mobile_apps/ALADDIN_iOS/Shared/Components/Modals/MemberStatsModalView.swift /Users/sergejhlystov/ALADDIN_NEW/ALADDIN_NEW/mobile_apps/ALADDIN_iOS/Shared/Styles/Spacing.swift /Users/sergejhlystov/ALADDIN_NEW/ALADDIN_NEW/mobile_apps/ALADDIN_iOS/Shared/Components/RecoveryOptionsModal.swift /Users/sergejhlystov/ALADDIN_NEW/ALADDIN_NEW/mobile_apps/ALADDIN_iOS/ViewModels/SettingsViewModel.swift /Users/sergejhlystov/ALADDIN_NEW/ALADDIN_NEW/mobile_apps/ALADDIN_iOS/Shared/Components/InfoRow.swift /Users/sergejhlystov/ALADDIN_NEW/ALADDIN_NEW/mobile_apps/ALADDIN_iOS/Screens/25_PaymentQRScreen.swift /Users/sergejhlystov/ALADDIN_NEW/ALADDIN_NEW/mobile_apps/ALADDIN_iOS/Shared/Components/Modals/RoleSelectionModal.swift /Users/sergejhlystov/ALADDIN_NEW/ALADDIN_NEW/mobile_apps/ALADDIN_iOS/ViewModels/SupportViewModel.swift /Users/sergejhlystov/ALADDIN_NEW/ALADDIN_NEW/mobile_apps/ALADDIN_iOS/ViewModels/ChildInterfaceViewModel.swift /Users/sergejhlystov/ALADDIN_NEW/ALADDIN_NEW/mobile_apps/ALADDIN_iOS/Screens/12_NotificationsScreen.swift /Users/sergejhlystov/ALADDIN_NEW/ALADDIN_NEW/mobile_apps/ALADDIN_iOS/ViewModels/ElderlyInterfaceViewModel.swift /Users/sergejhlystov/ALADDIN_NEW/ALADDIN_NEW/mobile_apps/ALADDIN_iOS/ViewModels/AnalyticsViewModel.swift /Users/sergejhlystov/ALADDIN_NEW/ALADDIN_NEW/mobile_apps/ALADDIN_iOS/Core/Cache/CacheManager.swift /Users/sergejhlystov/ALADDIN_NEW/ALADDIN_NEW/mobile_apps/ALADDIN_iOS/ViewModels/NotificationsViewModel.swift /Users/sergejhlystov/ALADDIN_NEW/ALADDIN_NEW/mobile_apps/ALADDIN_iOS/Screens/06_AIAssistantScreen.swift /Users/sergejhlystov/ALADDIN_NEW/ALADDIN_NEW/mobile_apps/ALADDIN_iOS/ViewModels/ProfileViewModel.swift /Users/sergejhlystov/ALADDIN_NEW/ALADDIN_NEW/mobile_apps/ALADDIN_iOS/Components/Modals/ConsentModal.swift /Users/sergejhlystov/ALADDIN_NEW/ALADDIN_NEW/mobile_apps/ALADDIN_iOS/ViewModels/ParentalControlViewModel.swift /Users/sergejhlystov/ALADDIN_NEW/ALADDIN_NEW/mobile_apps/ALADDIN_iOS/ViewModels/OnboardingViewModel.swift /Users/sergejhlystov/ALADDIN_NEW/ALADDIN_NEW/mobile_apps/ALADDIN_iOS/Shared/Styles/Colors.swift /Users/sergejhlystov/ALADDIN_NEW/ALADDIN_NEW/mobile_apps/ALADDIN_iOS/Screens/ChildRewardsScreen.swift /Users/sergejhlystov/ALADDIN_NEW/ALADDIN_NEW/mobile_apps/ALADDIN_iOS/Screens/21_ReferralScreen.swift /Users/sergejhlystov/ALADDIN_NEW/ALADDIN_NEW/mobile_apps/ALADDIN_iOS/Shared/Components/AvatarSelector.swift /Users/sergejhlystov/ALADDIN_NEW/ALADDIN_NEW/mobile_apps/ALADDIN_iOS/Shared/Components/Navigation/ALADDINNavigationBar.swift /Users/sergejhlystov/ALADDIN_NEW/ALADDIN_NEW/mobile_apps/ALADDIN_iOS/Screens/14_OnboardingScreen.swift /Users/sergejhlystov/ALADDIN_NEW/ALADDIN_NEW/mobile_apps/ALADDIN_iOS/Components/Modals/FamilyCreatedModal.swift /Users/sergejhlystov/ALADDIN_NEW/ALADDIN_NEW/mobile_apps/ALADDIN_iOS/ViewModels/PaymentQRViewModel.swift /Users/sergejhlystov/ALADDIN_NEW/ALADDIN_NEW/mobile_apps/ALADDIN_iOS/Core/Navigation/NavigationManager.swift /Users/sergejhlystov/ALADDIN_NEW/ALADDIN_NEW/mobile_apps/ALADDIN_iOS/Core/Accessibility/AccessibilityManager.swift /Users/sergejhlystov/ALADDIN_NEW/ALADDIN_NEW/mobile_apps/ALADDIN_iOS/Core/Store/StoreManager.swift /Users/sergejhlystov/ALADDIN_NEW/ALADDIN_NEW/mobile_apps/ALADDIN_iOS/Screens/WheelOfFortuneView.swift /Users/sergejhlystov/ALADDIN_NEW/ALADDIN_NEW/mobile_apps/ALADDIN_iOS/Screens/UnicornUniverseView.swift /Users/sergejhlystov/ALADDIN_NEW/ALADDIN_NEW/mobile_apps/ALADDIN_iOS/Core/Localization/LocalizationManager.swift /Users/sergejhlystov/ALADDIN_NEW/ALADDIN_NEW/mobile_apps/ALADDIN_iOS/Screens/13_SupportScreen.swift /Users/sergejhlystov/ALADDIN_NEW/ALADDIN_NEW/mobile_apps/ALADDIN_iOS/Core/Analytics/AnalyticsManager.swift /Users/sergejhlystov/ALADDIN_NEW/ALADDIN_NEW/mobile_apps/ALADDIN_iOS/Screens/07_ParentalControlScreen.swift /Users/sergejhlystov/ALADDIN_NEW/ALADDIN_NEW/mobile_apps/ALADDIN_iOS/Screens/05_SettingsScreen.swift -primary-file /Users/sergejhlystov/ALADDIN_NEW/ALADDIN_NEW/mobile_apps/ALADDIN_iOS/Screens/RewardsModalView.swift -primary-file /Users/sergejhlystov/ALADDIN_NEW/ALADDIN_NEW/mobile_apps/ALADDIN_iOS/Screens/23_FamilyChatScreen.swift -primary-file /Users/sergejhlystov/ALADDIN_NEW/ALADDIN_NEW/mobile_apps/ALADDIN_iOS/Screens/02_FamilyScreen.swift -primary-file /Users/sergejhlystov/ALADDIN_NEW/ALADDIN_NEW/mobile_apps/ALADDIN_iOS/Screens/20_DevicesScreen.swift -primary-file /Users/sergejhlystov/ALADDIN_NEW/ALADDIN_NEW/mobile_apps/ALADDIN_iOS/Shared/Components/ViewModifiers.swift -primary-file /Users/sergejhlystov/ALADDIN_NEW/ALADDIN_NEW/mobile_apps/ALADDIN_iOS/Shared/Components/HapticFeedback.swift -primary-file /Users/sergejhlystov/ALADDIN_NEW/ALADDIN_NEW/mobile_apps/ALADDIN_iOS/Screens/MainScreenWithRegistration.swift -primary-file /Users/sergejhlystov/ALADDIN_NEW/ALADDIN_NEW/mobile_apps/ALADDIN_iOS/Core/Network/NetworkError.swift -primary-file /Users/sergejhlystov/ALADDIN_NEW/ALADDIN_NEW/mobile_apps/ALADDIN_iOS/Screens/LanguageSettingsScreen.swift -primary-file /Users/sergejhlystov/ALADDIN_NEW/ALADDIN_NEW/mobile_apps/ALADDIN_iOS/ViewModels/FamilyRegistrationViewModel.swift -primary-file /Users/sergejhlystov/ALADDIN_NEW/ALADDIN_NEW/mobile_apps/ALADDIN_iOS/Shared/Styles/CornerRadius.swift /Users/sergejhlystov/ALADDIN_NEW/ALADDIN_NEW/mobile_apps/ALADDIN_iOS/Screens/01_MainScreen.swift /Users/sergejhlystov/ALADDIN_NEW/ALADDIN_NEW/mobile_apps/ALADDIN_iOS/Screens/FamilyTournamentView.swift /Users/sergejhlystov/ALADDIN_NEW/ALADDIN_NEW/mobile_apps/ALADDIN_iOS/Shared/Styles/Fonts.swift /Users/sergejhlystov/ALADDIN_NEW/ALADDIN_NEW/mobile_apps/ALADDIN_iOS/Screens/GamesParentalControlView.swift /Users/sergejhlystov/ALADDIN_NEW/ALADDIN_NEW/mobile_apps/ALADDIN_iOS/Shared/Components/QRScannerModal.swift /Users/sergejhlystov/ALADDIN_NEW/ALADDIN_NEW/mobile_apps/ALADDIN_iOS/Screens/04_AnalyticsScreen.swift /Users/sergejhlystov/ALADDIN_NEW/ALADDIN_NEW/mobile_apps/ALADDIN_iOS/Screens/24_VPNEnergyStatsScreen.swift /Users/sergejhlystov/ALADDIN_NEW/ALADDIN_NEW/mobile_apps/ALADDIN_iOS/Shared/Components/Modals/ProfileEditView.swift /Users/sergejhlystov/ALADDIN_NEW/ALADDIN_NEW/mobile_apps/ALADDIN_iOS/ViewModels/TariffsViewModel.swift /Users/sergejhlystov/ALADDIN_NEW/ALADDIN_NEW/mobile_apps/ALADDIN_iOS/Core/Notifications/NotificationManager.swift /Users/sergejhlystov/ALADDIN_NEW/ALADDIN_NEW/mobile_apps/ALADDIN_iOS/Core/Security/SecurityManager.swift -supplementary-output-file-map /var/folders/rf/6rxcyql17sz57_02ng7jd7pr0000gn/T/TemporaryDirectory.wFGpdC/supplementaryOutputs-7 -target x86_64-apple-ios15.0-simulator -enable-objc-interop -sdk /Applications/Xcode.app/Contents/Developer/Platforms/iPhoneSimulator.platform/Developer/SDKs/iPhoneSimulator15.2.sdk -I /Users/sergejhlystov/Library/Developer/Xcode/DerivedData/ALADDIN-eahryzmutvtbyceygnlyjsmiiaha/Build/Products/Debug-iphonesimulator -F /Users/sergejhlystov/Library/Developer/Xcode/DerivedData/ALADDIN-eahryzmutvtbyceygnlyjsmiiaha/Build/Products/Debug-iphonesimulator -enable-testing -g -module-cache-path /Users/sergejhlystov/Library/Developer/Xcode/DerivedData/ModuleCache.noindex -emit-localized-strings -emit-localized-strings-path /Users/sergejhlystov/Library/Developer/Xcode/DerivedData/ALADDIN-eahryzmutvtbyceygnlyjsmiiaha/Build/Intermediates.noindex/ALADDIN.build/Debug-iphonesimulator/ALADDIN.build/Objects-normal/x86_64 -swift-version 5 -enforce-exclusivity\=checked -Onone -D DEBUG -new-driver-path /Applications/Xcode.app/Contents/Developer/Toolchains/XcodeDefault.xctoolchain/usr/bin/swift-driver -serialize-debugging-options -Xcc -working-directory -Xcc /Users/sergejhlystov/ALADDIN_NEW/ALADDIN_NEW/mobile_apps/ALADDIN_iOS -resource-dir /Applications/Xcode.app/Contents/Developer/Toolchains/XcodeDefault.xctoolchain/usr/lib/swift -enable-anonymous-context-mangled-names -Xcc -I/Users/sergejhlystov/Library/Developer/Xcode/DerivedData/ALADDIN-eahryzmutvtbyceygnlyjsmiiaha/Build/Intermediates.noindex/ALADDIN.build/Debug-iphonesimulator/ALADDIN.build/swift-overrides.hmap -Xcc -iquote -Xcc /Users/sergejhlystov/Library/Developer/Xcode/DerivedData/ALADDIN-eahryzmutvtbyceygnlyjsmiiaha/Build/Intermediates.noindex/ALADDIN.build/Debug-iphonesimulator/ALADDIN.build/ALADDIN-generated-files.hmap -Xcc -I/Users/sergejhlystov/Library/Developer/Xcode/DerivedData/ALADDIN-eahryzmutvtbyceygnlyjsmiiaha/Build/Intermediates.noindex/ALADDIN.build/Debug-iphonesimulator/ALADDIN.build/ALADDIN-own-target-headers.hmap -Xcc -I/Users/sergejhlystov/Library/Developer/Xcode/DerivedData/ALADDIN-eahryzmutvtbyceygnlyjsmiiaha/Build/Intermediates.noindex/ALADDIN.build/Debug-iphonesimulator/ALADDIN.build/ALADDIN-all-target-headers.hmap -Xcc -iquote -Xcc /Users/sergejhlystov/Library/Developer/Xcode/DerivedData/ALADDIN-eahryzmutvtbyceygnlyjsmiiaha/Build/Intermediates.noindex/ALADDIN.build/Debug-iphonesimulator/ALADDIN.build/ALADDIN-project-headers.hmap -Xcc -I/Users/sergejhlystov/Library/Developer/Xcode/DerivedData/ALADDIN-eahryzmutvtbyceygnlyjsmiiaha/Build/Products/Debug-iphonesimulator/include -Xcc -I/Users/sergejhlystov/Library/Developer/Xcode/DerivedData/ALADDIN-eahryzmutvtbyceygnlyjsmiiaha/Build/Intermediates.noindex/ALADDIN.build/Debug-iphonesimulator/ALADDIN.build/DerivedSources-normal/x86_64 -Xcc -I/Users/sergejhlystov/Library/Developer/Xcode/DerivedData/ALADDIN-eahryzmutvtbyceygnlyjsmiiaha/Build/Intermediates.noindex/ALADDIN.build/Debug-iphonesimulator/ALADDIN.build/DerivedSources/x86_64 -Xcc -I/Users/sergejhlystov/Library/Developer/Xcode/DerivedData/ALADDIN-eahryzmutvtbyceygnlyjsmiiaha/Build/Intermediates.noindex/ALADDIN.build/Debug-iphonesimulator/ALADDIN.build/DerivedSources -Xcc -DDEBUG\=1 -module-name ALADDIN -target-sdk-version 15.2.0 -o /Users/sergejhlystov/Library/Developer/Xcode/DerivedData/ALADDIN-eahryzmutvtbyceygnlyjsmiiaha/Build/Intermediates.noindex/ALADDIN.build/Debug-iphonesimulator/ALADDIN.build/Objects-normal/x86_64/RewardsModalView.o -o /Users/sergejhlystov/Library/Developer/Xcode/DerivedData/ALADDIN-eahryzmutvtbyceygnlyjsmiiaha/Build/Intermediates.noindex/ALADDIN.build/Debug-iphonesimulator/ALADDIN.build/Objects-normal/x86_64/23_FamilyChatScreen.o -o /Users/sergejhlystov/Library/Developer/Xcode/DerivedData/ALADDIN-eahryzmutvtbyceygnlyjsmiiaha/Build/Intermediates.noindex/ALADDIN.build/Debug-iphonesimulator/ALADDIN.build/Objects-normal/x86_64/02_FamilyScreen.o -o /Users/sergejhlystov/Library/Developer/Xcode/DerivedData/ALADDIN-eahryzmutvtbyceygnlyjsmiiaha/Build/Intermediates.noindex/ALADDIN.build/Debug-iphonesimulator/ALADDIN.build/Objects-normal/x86_64/20_DevicesScreen.o -o /Users/sergejhlystov/Library/Developer/Xcode/DerivedData/ALADDIN-eahryzmutvtbyceygnlyjsmiiaha/Build/Intermediates.noindex/ALADDIN.build/Debug-iphonesimulator/ALADDIN.build/Objects-normal/x86_64/ViewModifiers.o -o /Users/sergejhlystov/Library/Developer/Xcode/DerivedData/ALADDIN-eahryzmutvtbyceygnlyjsmiiaha/Build/Intermediates.noindex/ALADDIN.build/Debug-iphonesimulator/ALADDIN.build/Objects-normal/x86_64/HapticFeedback.o -o /Users/sergejhlystov/Library/Developer/Xcode/DerivedData/ALADDIN-eahryzmutvtbyceygnlyjsmiiaha/Build/Intermediates.noindex/ALADDIN.build/Debug-iphonesimulator/ALADDIN.build/Objects-normal/x86_64/MainScreenWithRegistration.o -o /Users/sergejhlystov/Library/Developer/Xcode/DerivedData/ALADDIN-eahryzmutvtbyceygnlyjsmiiaha/Build/Intermediates.noindex/ALADDIN.build/Debug-iphonesimulator/ALADDIN.build/Objects-normal/x86_64/NetworkError.o -o /Users/sergejhlystov/Library/Developer/Xcode/DerivedData/ALADDIN-eahryzmutvtbyceygnlyjsmiiaha/Build/Intermediates.noindex/ALADDIN.build/Debug-iphonesimulator/ALADDIN.build/Objects-normal/x86_64/LanguageSettingsScreen.o -o /Users/sergejhlystov/Library/Developer/Xcode/DerivedData/ALADDIN-eahryzmutvtbyceygnlyjsmiiaha/Build/Intermediates.noindex/ALADDIN.build/Debug-iphonesimulator/ALADDIN.build/Objects-normal/x86_64/FamilyRegistrationViewModel.o -o /Users/sergejhlystov/Library/Developer/Xcode/DerivedData/ALADDIN-eahryzmutvtbyceygnlyjsmiiaha/Build/Intermediates.noindex/ALADDIN.build/Debug-iphonesimulator/ALADDIN.build/Objects-normal/x86_64/CornerRadius.o -index-store-path /Users/sergejhlystov/Library/Developer/Xcode/DerivedData/ALADDIN-eahryzmutvtbyceygnlyjsmiiaha/Index/DataStore -index-system-modules
/Users/sergejhlystov/ALADDIN_NEW/ALADDIN_NEW/mobile_apps/ALADDIN_iOS/ViewModels/FamilyRegistrationViewModel.swift:65:34: error: 'FamilyRole' is ambiguous for type lookup in this context
    @Published var selectedRole: FamilyRole?
                                 ^~~~~~~~~~
/Users/sergejhlystov/ALADDIN_NEW/ALADDIN_NEW/mobile_apps/ALADDIN_iOS/ALADDINApp.swift:112:6: note: found this candidate
enum FamilyRole: String {
     ^
/Users/sergejhlystov/ALADDIN_NEW/ALADDIN_NEW/mobile_apps/ALADDIN_iOS/ViewModels/FamilyRegistrationViewModel.swift:6:6: note: found this candidate
enum FamilyRole: String, Codable, CaseIterable, Identifiable {
     ^
/Users/sergejhlystov/ALADDIN_NEW/ALADDIN_NEW/mobile_apps/ALADDIN_iOS/Screens/MainScreenWithRegistration.swift:33:25: error: referencing subscript 'subscript(dynamicMember:)' requires wrapper 'ObservedObject<FamilyRegistrationViewModel>.Wrapper'
                        registrationVM.selectedRole = .parent
                        ^
                        $
/Users/sergejhlystov/ALADDIN_NEW/ALADDIN_NEW/mobile_apps/ALADDIN_iOS/Screens/MainScreenWithRegistration.swift:33:56: error: type 'Binding<_>' has no member 'parent'
                        registrationVM.selectedRole = .parent
                                                      ~^~~~~~
/Users/sergejhlystov/ALADDIN_NEW/ALADDIN_NEW/mobile_apps/ALADDIN_iOS/ViewModels/FamilyRegistrationViewModel.swift:6:6: error: invalid redeclaration of 'FamilyRole'
enum FamilyRole: String, Codable, CaseIterable, Identifiable {
     ^
/Users/sergejhlystov/ALADDIN_NEW/ALADDIN_NEW/mobile_apps/ALADDIN_iOS/ALADDINApp.swift:112:6: note: 'FamilyRole' previously declared here
enum FamilyRole: String {
     ^
/Users/sergejhlystov/ALADDIN_NEW/ALADDIN_NEW/mobile_apps/ALADDIN_iOS/ViewModels/FamilyRegistrationViewModel.swift:25:15: error: 'FamilyRole' is ambiguous for type lookup in this context
    var role: FamilyRole
              ^~~~~~~~~~
/Users/sergejhlystov/ALADDIN_NEW/ALADDIN_NEW/mobile_apps/ALADDIN_iOS/ALADDINApp.swift:112:6: note: found this candidate
enum FamilyRole: String {
     ^
/Users/sergejhlystov/ALADDIN_NEW/ALADDIN_NEW/mobile_apps/ALADDIN_iOS/ViewModels/FamilyRegistrationViewModel.swift:6:6: note: found this candidate
enum FamilyRole: String, Codable, CaseIterable, Identifiable {
     ^
/Users/sergejhlystov/ALADDIN_NEW/ALADDIN_NEW/mobile_apps/ALADDIN_iOS/ViewModels/FamilyRegistrationViewModel.swift:25:9: note: cannot automatically synthesize 'Decodable' because 'FamilyRole' does not conform to 'Decodable'
    var role: FamilyRole
        ^
/Users/sergejhlystov/ALADDIN_NEW/ALADDIN_NEW/mobile_apps/ALADDIN_iOS/ViewModels/FamilyRegistrationViewModel.swift:22:8: error: type 'FamilyMember' does not conform to protocol 'Decodable'
struct FamilyMember: Codable, Identifiable {
       ^
Swift.Decodable:2:5: note: protocol requires initializer 'init(from:)' with type 'Decodable'
    init(from decoder: Decoder) throws
    ^
/Users/sergejhlystov/ALADDIN_NEW/ALADDIN_NEW/mobile_apps/ALADDIN_iOS/ViewModels/FamilyRegistrationViewModel.swift:25:9: note: cannot automatically synthesize 'Encodable' because 'FamilyRole' does not conform to 'Encodable'
    var role: FamilyRole
        ^
/Users/sergejhlystov/ALADDIN_NEW/ALADDIN_NEW/mobile_apps/ALADDIN_iOS/ViewModels/FamilyRegistrationViewModel.swift:22:8: error: type 'FamilyMember' does not conform to protocol 'Encodable'
struct FamilyMember: Codable, Identifiable {
       ^
Swift.Encodable:2:10: note: protocol requires function 'encode(to:)' with type 'Encodable'
    func encode(to encoder: Encoder) throws
         ^
/Users/sergejhlystov/ALADDIN_NEW/ALADDIN_NEW/mobile_apps/ALADDIN_iOS/ViewModels/FamilyRegistrationViewModel.swift:94:31: error: 'FamilyRole' is ambiguous for type lookup in this context
    func saveUserRole(_ role: FamilyRole) {
                              ^~~~~~~~~~
/Users/sergejhlystov/ALADDIN_NEW/ALADDIN_NEW/mobile_apps/ALADDIN_iOS/ALADDINApp.swift:112:6: note: found this candidate
enum FamilyRole: String {
     ^
/Users/sergejhlystov/ALADDIN_NEW/ALADDIN_NEW/mobile_apps/ALADDIN_iOS/ViewModels/FamilyRegistrationViewModel.swift:6:6: note: found this candidate
enum FamilyRole: String, Codable, CaseIterable, Identifiable {
     ^
/Users/sergejhlystov/ALADDIN_NEW/ALADDIN_NEW/mobile_apps/ALADDIN_iOS/ViewModels/FamilyRegistrationViewModel.swift:102:34: error: 'FamilyRole' is ambiguous for type lookup in this context
    func getCurrentUserRole() -> FamilyRole? {
                                 ^~~~~~~~~~
/Users/sergejhlystov/ALADDIN_NEW/ALADDIN_NEW/mobile_apps/ALADDIN_iOS/ALADDINApp.swift:112:6: note: found this candidate
enum FamilyRole: String {
     ^
/Users/sergejhlystov/ALADDIN_NEW/ALADDIN_NEW/mobile_apps/ALADDIN_iOS/ViewModels/FamilyRegistrationViewModel.swift:6:6: note: found this candidate
enum FamilyRole: String, Codable, CaseIterable, Identifiable {
     ^
/Users/sergejhlystov/ALADDIN_NEW/ALADDIN_NEW/mobile_apps/ALADDIN_iOS/ViewModels/FamilyRegistrationViewModel.swift:170:33: error: 'FamilyRole' is ambiguous for type lookup in this context
    func onRoleSelected(_ role: FamilyRole) {
                                ^~~~~~~~~~
/Users/sergejhlystov/ALADDIN_NEW/ALADDIN_NEW/mobile_apps/ALADDIN_iOS/ALADDINApp.swift:112:6: note: found this candidate
enum FamilyRole: String {
     ^
/Users/sergejhlystov/ALADDIN_NEW/ALADDIN_NEW/mobile_apps/ALADDIN_iOS/ViewModels/FamilyRegistrationViewModel.swift:6:6: note: found this candidate
enum FamilyRole: String, Codable, CaseIterable, Identifiable {
     ^
/Users/sergejhlystov/ALADDIN_NEW/ALADDIN_NEW/mobile_apps/ALADDIN_iOS/ViewModels/FamilyRegistrationViewModel.swift:202:26: error: type of expression is ambiguous without more context
        guard let role = selectedRole,
                         ^~~~~~~~~~~~
/Users/sergejhlystov/ALADDIN_NEW/ALADDIN_NEW/mobile_apps/ALADDIN_iOS/ViewModels/FamilyRegistrationViewModel.swift:251:26: error: type of expression is ambiguous without more context
        guard let role = selectedRole,
                         ^~~~~~~~~~~~
/Users/sergejhlystov/ALADDIN_NEW/ALADDIN_NEW/mobile_apps/ALADDIN_iOS/ViewModels/FamilyRegistrationViewModel.swift:25:9: note: cannot automatically synthesize 'Decodable' because 'FamilyRole' does not conform to 'Decodable'
    var role: FamilyRole
        ^
/Users/sergejhlystov/ALADDIN_NEW/ALADDIN_NEW/mobile_apps/ALADDIN_iOS/ViewModels/FamilyRegistrationViewModel.swift:22:8: error: type 'FamilyMember' does not conform to protocol 'Decodable'
struct FamilyMember: Codable, Identifiable {
       ^
Swift.Decodable:2:5: note: protocol requires initializer 'init(from:)' with type 'Decodable'
    init(from decoder: Decoder) throws
    ^
/Users/sergejhlystov/Library/Developer/Xcode/DerivedData/ALADDIN-eahryzmutvtbyceygnlyjsmiiaha/Build/Intermediates.noindex/ALADDIN.build/Debug-iphonesimulator/ALADDIN.build/Objects-normal/x86_64/RewardsModalView.dia:1:1: warning: Could not read serialized diagnostics file: error("Invalid diagnostics signature") (in target 'ALADDIN' from project 'ALADDIN')
Command CompileSwift failed with a nonzero exit code

CompileSwift normal x86_64 /Users/sergejhlystov/ALADDIN_NEW/ALADDIN_NEW/mobile_apps/ALADDIN_iOS/Screens/23_FamilyChatScreen.swift (in target 'ALADDIN' from project 'ALADDIN')
    cd /Users/sergejhlystov/ALADDIN_NEW/ALADDIN_NEW/mobile_apps/ALADDIN_iOS
    /Applications/Xcode.app/Contents/Developer/Toolchains/XcodeDefault.xctoolchain/usr/bin/swift-frontend -frontend -c /Users/sergejhlystov/ALADDIN_NEW/ALADDIN_NEW/mobile_apps/ALADDIN_iOS/Screens/RewardsQuickModal.swift /Users/sergejhlystov/ALADDIN_NEW/ALADDIN_NEW/mobile_apps/ALADDIN_iOS/Screens/08_ChildInterfaceScreen.swift /Users/sergejhlystov/ALADDIN_NEW/ALADDIN_NEW/mobile_apps/ALADDIN_iOS/ContentView.swift /Users/sergejhlystov/ALADDIN_NEW/ALADDIN_NEW/mobile_apps/ALADDIN_iOS/Shared/Components/ALADDINToggle.swift /Users/sergejhlystov/ALADDIN_NEW/ALADDIN_NEW/mobile_apps/ALADDIN_iOS/Components/Modals/AgeGroupSelectionModal.swift /Users/sergejhlystov/ALADDIN_NEW/ALADDIN_NEW/mobile_apps/ALADDIN_iOS/ALADDINApp.swift /Users/sergejhlystov/ALADDIN_NEW/ALADDIN_NEW/mobile_apps/ALADDIN_iOS/Shared/Models/FunctionStatus.swift /Users/sergejhlystov/ALADDIN_NEW/ALADDIN_NEW/mobile_apps/ALADDIN_iOS/ViewModels/MainViewModel.swift /Users/sergejhlystov/ALADDIN_NEW/ALADDIN_NEW/mobile_apps/ALADDIN_iOS/Shared/Components/Buttons/PrimaryButton.swift /Users/sergejhlystov/ALADDIN_NEW/ALADDIN_NEW/mobile_apps/ALADDIN_iOS/Screens/NotificationSettingsScreen.swift /Users/sergejhlystov/ALADDIN_NEW/ALADDIN_NEW/mobile_apps/ALADDIN_iOS/Screens/ChildContentScreen.swift /Users/sergejhlystov/ALADDIN_NEW/ALADDIN_NEW/mobile_apps/ALADDIN_iOS/Shared/Components/StatItem.swift /Users/sergejhlystov/ALADDIN_NEW/ALADDIN_NEW/mobile_apps/ALADDIN_iOS/Shared/Components/Cards/FamilyMemberCard.swift /Users/sergejhlystov/ALADDIN_NEW/ALADDIN_NEW/mobile_apps/ALADDIN_iOS/ViewModels/VPNViewModel.swift /Users/sergejhlystov/ALADDIN_NEW/ALADDIN_NEW/mobile_apps/ALADDIN_iOS/Core/Models/APIModels.swift /Users/sergejhlystov/ALADDIN_NEW/ALADDIN_NEW/mobile_apps/ALADDIN_iOS/Core/VPN/VPNManager.swift /Users/sergejhlystov/ALADDIN_NEW/ALADDIN_NEW/mobile_apps/ALADDIN_iOS/Screens/UnicornPetView.swift /Users/sergejhlystov/ALADDIN_NEW/ALADDIN_NEW/mobile_apps/ALADDIN_iOS/Core/Network/APIService.swift /Users/sergejhlystov/ALADDIN_NEW/ALADDIN_NEW/mobile_apps/ALADDIN_iOS/Screens/18_PrivacyPolicyScreen.swift /Users/sergejhlystov/ALADDIN_NEW/ALADDIN_NEW/mobile_apps/ALADDIN_iOS/Screens/10_TariffsScreen.swift /Users/sergejhlystov/ALADDIN_NEW/ALADDIN_NEW/mobile_apps/ALADDIN_iOS/Screens/03_VPNScreen.swift /Users/sergejhlystov/ALADDIN_NEW/ALADDIN_NEW/mobile_apps/ALADDIN_iOS/Screens/09_ElderlyInterfaceScreen.swift /Users/sergejhlystov/ALADDIN_NEW/ALADDIN_NEW/mobile_apps/ALADDIN_iOS/Shared/Components/SecondaryButton.swift /Users/sergejhlystov/ALADDIN_NEW/ALADDIN_NEW/mobile_apps/ALADDIN_iOS/Screens/11_ProfileScreen.swift /Users/sergejhlystov/ALADDIN_NEW/ALADDIN_NEW/mobile_apps/ALADDIN_iOS/Core/Network/NetworkManager.swift /Users/sergejhlystov/ALADDIN_NEW/ALADDIN_NEW/mobile_apps/ALADDIN_iOS/Screens/19_TermsOfServiceScreen.swift /Users/sergejhlystov/ALADDIN_NEW/ALADDIN_NEW/mobile_apps/ALADDIN_iOS/Core/Config/AppConfig.swift /Users/sergejhlystov/ALADDIN_NEW/ALADDIN_NEW/mobile_apps/ALADDIN_iOS/ViewModels/FamilyViewModel.swift /Users/sergejhlystov/ALADDIN_NEW/ALADDIN_NEW/mobile_apps/ALADDIN_iOS/ViewModels/AIAssistantViewModel.swift /Users/sergejhlystov/ALADDIN_NEW/ALADDIN_NEW/mobile_apps/ALADDIN_iOS/Screens/22_DeviceDetailScreen.swift /Users/sergejhlystov/ALADDIN_NEW/ALADDIN_NEW/mobile_apps/ALADDIN_iOS/Screens/WidgetConfigurationScreen.swift /Users/sergejhlystov/ALADDIN_NEW/ALADDIN_NEW/mobile_apps/ALADDIN_iOS/Core/Security/KeychainManager.swift /Users/sergejhlystov/ALADDIN_NEW/ALADDIN_NEW/mobile_apps/ALADDIN_iOS/Shared/Components/Modals/MemberStatsModalView.swift /Users/sergejhlystov/ALADDIN_NEW/ALADDIN_NEW/mobile_apps/ALADDIN_iOS/Shared/Styles/Spacing.swift /Users/sergejhlystov/ALADDIN_NEW/ALADDIN_NEW/mobile_apps/ALADDIN_iOS/Shared/Components/RecoveryOptionsModal.swift /Users/sergejhlystov/ALADDIN_NEW/ALADDIN_NEW/mobile_apps/ALADDIN_iOS/ViewModels/SettingsViewModel.swift /Users/sergejhlystov/ALADDIN_NEW/ALADDIN_NEW/mobile_apps/ALADDIN_iOS/Shared/Components/InfoRow.swift /Users/sergejhlystov/ALADDIN_NEW/ALADDIN_NEW/mobile_apps/ALADDIN_iOS/Screens/25_PaymentQRScreen.swift /Users/sergejhlystov/ALADDIN_NEW/ALADDIN_NEW/mobile_apps/ALADDIN_iOS/Shared/Components/Modals/RoleSelectionModal.swift /Users/sergejhlystov/ALADDIN_NEW/ALADDIN_NEW/mobile_apps/ALADDIN_iOS/ViewModels/SupportViewModel.swift /Users/sergejhlystov/ALADDIN_NEW/ALADDIN_NEW/mobile_apps/ALADDIN_iOS/ViewModels/ChildInterfaceViewModel.swift /Users/sergejhlystov/ALADDIN_NEW/ALADDIN_NEW/mobile_apps/ALADDIN_iOS/Screens/12_NotificationsScreen.swift /Users/sergejhlystov/ALADDIN_NEW/ALADDIN_NEW/mobile_apps/ALADDIN_iOS/ViewModels/ElderlyInterfaceViewModel.swift /Users/sergejhlystov/ALADDIN_NEW/ALADDIN_NEW/mobile_apps/ALADDIN_iOS/ViewModels/AnalyticsViewModel.swift /Users/sergejhlystov/ALADDIN_NEW/ALADDIN_NEW/mobile_apps/ALADDIN_iOS/Core/Cache/CacheManager.swift /Users/sergejhlystov/ALADDIN_NEW/ALADDIN_NEW/mobile_apps/ALADDIN_iOS/ViewModels/NotificationsViewModel.swift /Users/sergejhlystov/ALADDIN_NEW/ALADDIN_NEW/mobile_apps/ALADDIN_iOS/Screens/06_AIAssistantScreen.swift /Users/sergejhlystov/ALADDIN_NEW/ALADDIN_NEW/mobile_apps/ALADDIN_iOS/ViewModels/ProfileViewModel.swift /Users/sergejhlystov/ALADDIN_NEW/ALADDIN_NEW/mobile_apps/ALADDIN_iOS/Components/Modals/ConsentModal.swift /Users/sergejhlystov/ALADDIN_NEW/ALADDIN_NEW/mobile_apps/ALADDIN_iOS/ViewModels/ParentalControlViewModel.swift /Users/sergejhlystov/ALADDIN_NEW/ALADDIN_NEW/mobile_apps/ALADDIN_iOS/ViewModels/OnboardingViewModel.swift /Users/sergejhlystov/ALADDIN_NEW/ALADDIN_NEW/mobile_apps/ALADDIN_iOS/Shared/Styles/Colors.swift /Users/sergejhlystov/ALADDIN_NEW/ALADDIN_NEW/mobile_apps/ALADDIN_iOS/Screens/ChildRewardsScreen.swift /Users/sergejhlystov/ALADDIN_NEW/ALADDIN_NEW/mobile_apps/ALADDIN_iOS/Screens/21_ReferralScreen.swift /Users/sergejhlystov/ALADDIN_NEW/ALADDIN_NEW/mobile_apps/ALADDIN_iOS/Shared/Components/AvatarSelector.swift /Users/sergejhlystov/ALADDIN_NEW/ALADDIN_NEW/mobile_apps/ALADDIN_iOS/Shared/Components/Navigation/ALADDINNavigationBar.swift /Users/sergejhlystov/ALADDIN_NEW/ALADDIN_NEW/mobile_apps/ALADDIN_iOS/Screens/14_OnboardingScreen.swift /Users/sergejhlystov/ALADDIN_NEW/ALADDIN_NEW/mobile_apps/ALADDIN_iOS/Components/Modals/FamilyCreatedModal.swift /Users/sergejhlystov/ALADDIN_NEW/ALADDIN_NEW/mobile_apps/ALADDIN_iOS/ViewModels/PaymentQRViewModel.swift /Users/sergejhlystov/ALADDIN_NEW/ALADDIN_NEW/mobile_apps/ALADDIN_iOS/Core/Navigation/NavigationManager.swift /Users/sergejhlystov/ALADDIN_NEW/ALADDIN_NEW/mobile_apps/ALADDIN_iOS/Core/Accessibility/AccessibilityManager.swift /Users/sergejhlystov/ALADDIN_NEW/ALADDIN_NEW/mobile_apps/ALADDIN_iOS/Core/Store/StoreManager.swift /Users/sergejhlystov/ALADDIN_NEW/ALADDIN_NEW/mobile_apps/ALADDIN_iOS/Screens/WheelOfFortuneView.swift /Users/sergejhlystov/ALADDIN_NEW/ALADDIN_NEW/mobile_apps/ALADDIN_iOS/Screens/UnicornUniverseView.swift /Users/sergejhlystov/ALADDIN_NEW/ALADDIN_NEW/mobile_apps/ALADDIN_iOS/Core/Localization/LocalizationManager.swift /Users/sergejhlystov/ALADDIN_NEW/ALADDIN_NEW/mobile_apps/ALADDIN_iOS/Screens/13_SupportScreen.swift /Users/sergejhlystov/ALADDIN_NEW/ALADDIN_NEW/mobile_apps/ALADDIN_iOS/Core/Analytics/AnalyticsManager.swift /Users/sergejhlystov/ALADDIN_NEW/ALADDIN_NEW/mobile_apps/ALADDIN_iOS/Screens/07_ParentalControlScreen.swift /Users/sergejhlystov/ALADDIN_NEW/ALADDIN_NEW/mobile_apps/ALADDIN_iOS/Screens/05_SettingsScreen.swift -primary-file /Users/sergejhlystov/ALADDIN_NEW/ALADDIN_NEW/mobile_apps/ALADDIN_iOS/Screens/RewardsModalView.swift -primary-file /Users/sergejhlystov/ALADDIN_NEW/ALADDIN_NEW/mobile_apps/ALADDIN_iOS/Screens/23_FamilyChatScreen.swift -primary-file /Users/sergejhlystov/ALADDIN_NEW/ALADDIN_NEW/mobile_apps/ALADDIN_iOS/Screens/02_FamilyScreen.swift -primary-file /Users/sergejhlystov/ALADDIN_NEW/ALADDIN_NEW/mobile_apps/ALADDIN_iOS/Screens/20_DevicesScreen.swift -primary-file /Users/sergejhlystov/ALADDIN_NEW/ALADDIN_NEW/mobile_apps/ALADDIN_iOS/Shared/Components/ViewModifiers.swift -primary-file /Users/sergejhlystov/ALADDIN_NEW/ALADDIN_NEW/mobile_apps/ALADDIN_iOS/Shared/Components/HapticFeedback.swift -primary-file /Users/sergejhlystov/ALADDIN_NEW/ALADDIN_NEW/mobile_apps/ALADDIN_iOS/Screens/MainScreenWithRegistration.swift -primary-file /Users/sergejhlystov/ALADDIN_NEW/ALADDIN_NEW/mobile_apps/ALADDIN_iOS/Core/Network/NetworkError.swift -primary-file /Users/sergejhlystov/ALADDIN_NEW/ALADDIN_NEW/mobile_apps/ALADDIN_iOS/Screens/LanguageSettingsScreen.swift -primary-file /Users/sergejhlystov/ALADDIN_NEW/ALADDIN_NEW/mobile_apps/ALADDIN_iOS/ViewModels/FamilyRegistrationViewModel.swift -primary-file /Users/sergejhlystov/ALADDIN_NEW/ALADDIN_NEW/mobile_apps/ALADDIN_iOS/Shared/Styles/CornerRadius.swift /Users/sergejhlystov/ALADDIN_NEW/ALADDIN_NEW/mobile_apps/ALADDIN_iOS/Screens/01_MainScreen.swift /Users/sergejhlystov/ALADDIN_NEW/ALADDIN_NEW/mobile_apps/ALADDIN_iOS/Screens/FamilyTournamentView.swift /Users/sergejhlystov/ALADDIN_NEW/ALADDIN_NEW/mobile_apps/ALADDIN_iOS/Shared/Styles/Fonts.swift /Users/sergejhlystov/ALADDIN_NEW/ALADDIN_NEW/mobile_apps/ALADDIN_iOS/Screens/GamesParentalControlView.swift /Users/sergejhlystov/ALADDIN_NEW/ALADDIN_NEW/mobile_apps/ALADDIN_iOS/Shared/Components/QRScannerModal.swift /Users/sergejhlystov/ALADDIN_NEW/ALADDIN_NEW/mobile_apps/ALADDIN_iOS/Screens/04_AnalyticsScreen.swift /Users/sergejhlystov/ALADDIN_NEW/ALADDIN_NEW/mobile_apps/ALADDIN_iOS/Screens/24_VPNEnergyStatsScreen.swift /Users/sergejhlystov/ALADDIN_NEW/ALADDIN_NEW/mobile_apps/ALADDIN_iOS/Shared/Components/Modals/ProfileEditView.swift /Users/sergejhlystov/ALADDIN_NEW/ALADDIN_NEW/mobile_apps/ALADDIN_iOS/ViewModels/TariffsViewModel.swift /Users/sergejhlystov/ALADDIN_NEW/ALADDIN_NEW/mobile_apps/ALADDIN_iOS/Core/Notifications/NotificationManager.swift /Users/sergejhlystov/ALADDIN_NEW/ALADDIN_NEW/mobile_apps/ALADDIN_iOS/Core/Security/SecurityManager.swift -supplementary-output-file-map /var/folders/rf/6rxcyql17sz57_02ng7jd7pr0000gn/T/TemporaryDirectory.wFGpdC/supplementaryOutputs-7 -target x86_64-apple-ios15.0-simulator -enable-objc-interop -sdk /Applications/Xcode.app/Contents/Developer/Platforms/iPhoneSimulator.platform/Developer/SDKs/iPhoneSimulator15.2.sdk -I /Users/sergejhlystov/Library/Developer/Xcode/DerivedData/ALADDIN-eahryzmutvtbyceygnlyjsmiiaha/Build/Products/Debug-iphonesimulator -F /Users/sergejhlystov/Library/Developer/Xcode/DerivedData/ALADDIN-eahryzmutvtbyceygnlyjsmiiaha/Build/Products/Debug-iphonesimulator -enable-testing -g -module-cache-path /Users/sergejhlystov/Library/Developer/Xcode/DerivedData/ModuleCache.noindex -emit-localized-strings -emit-localized-strings-path /Users/sergejhlystov/Library/Developer/Xcode/DerivedData/ALADDIN-eahryzmutvtbyceygnlyjsmiiaha/Build/Intermediates.noindex/ALADDIN.build/Debug-iphonesimulator/ALADDIN.build/Objects-normal/x86_64 -swift-version 5 -enforce-exclusivity\=checked -Onone -D DEBUG -new-driver-path /Applications/Xcode.app/Contents/Developer/Toolchains/XcodeDefault.xctoolchain/usr/bin/swift-driver -serialize-debugging-options -Xcc -working-directory -Xcc /Users/sergejhlystov/ALADDIN_NEW/ALADDIN_NEW/mobile_apps/ALADDIN_iOS -resource-dir /Applications/Xcode.app/Contents/Developer/Toolchains/XcodeDefault.xctoolchain/usr/lib/swift -enable-anonymous-context-mangled-names -Xcc -I/Users/sergejhlystov/Library/Developer/Xcode/DerivedData/ALADDIN-eahryzmutvtbyceygnlyjsmiiaha/Build/Intermediates.noindex/ALADDIN.build/Debug-iphonesimulator/ALADDIN.build/swift-overrides.hmap -Xcc -iquote -Xcc /Users/sergejhlystov/Library/Developer/Xcode/DerivedData/ALADDIN-eahryzmutvtbyceygnlyjsmiiaha/Build/Intermediates.noindex/ALADDIN.build/Debug-iphonesimulator/ALADDIN.build/ALADDIN-generated-files.hmap -Xcc -I/Users/sergejhlystov/Library/Developer/Xcode/DerivedData/ALADDIN-eahryzmutvtbyceygnlyjsmiiaha/Build/Intermediates.noindex/ALADDIN.build/Debug-iphonesimulator/ALADDIN.build/ALADDIN-own-target-headers.hmap -Xcc -I/Users/sergejhlystov/Library/Developer/Xcode/DerivedData/ALADDIN-eahryzmutvtbyceygnlyjsmiiaha/Build/Intermediates.noindex/ALADDIN.build/Debug-iphonesimulator/ALADDIN.build/ALADDIN-all-target-headers.hmap -Xcc -iquote -Xcc /Users/sergejhlystov/Library/Developer/Xcode/DerivedData/ALADDIN-eahryzmutvtbyceygnlyjsmiiaha/Build/Intermediates.noindex/ALADDIN.build/Debug-iphonesimulator/ALADDIN.build/ALADDIN-project-headers.hmap -Xcc -I/Users/sergejhlystov/Library/Developer/Xcode/DerivedData/ALADDIN-eahryzmutvtbyceygnlyjsmiiaha/Build/Products/Debug-iphonesimulator/include -Xcc -I/Users/sergejhlystov/Library/Developer/Xcode/DerivedData/ALADDIN-eahryzmutvtbyceygnlyjsmiiaha/Build/Intermediates.noindex/ALADDIN.build/Debug-iphonesimulator/ALADDIN.build/DerivedSources-normal/x86_64 -Xcc -I/Users/sergejhlystov/Library/Developer/Xcode/DerivedData/ALADDIN-eahryzmutvtbyceygnlyjsmiiaha/Build/Intermediates.noindex/ALADDIN.build/Debug-iphonesimulator/ALADDIN.build/DerivedSources/x86_64 -Xcc -I/Users/sergejhlystov/Library/Developer/Xcode/DerivedData/ALADDIN-eahryzmutvtbyceygnlyjsmiiaha/Build/Intermediates.noindex/ALADDIN.build/Debug-iphonesimulator/ALADDIN.build/DerivedSources -Xcc -DDEBUG\=1 -module-name ALADDIN -target-sdk-version 15.2.0 -o /Users/sergejhlystov/Library/Developer/Xcode/DerivedData/ALADDIN-eahryzmutvtbyceygnlyjsmiiaha/Build/Intermediates.noindex/ALADDIN.build/Debug-iphonesimulator/ALADDIN.build/Objects-normal/x86_64/RewardsModalView.o -o /Users/sergejhlystov/Library/Developer/Xcode/DerivedData/ALADDIN-eahryzmutvtbyceygnlyjsmiiaha/Build/Intermediates.noindex/ALADDIN.build/Debug-iphonesimulator/ALADDIN.build/Objects-normal/x86_64/23_FamilyChatScreen.o -o /Users/sergejhlystov/Library/Developer/Xcode/DerivedData/ALADDIN-eahryzmutvtbyceygnlyjsmiiaha/Build/Intermediates.noindex/ALADDIN.build/Debug-iphonesimulator/ALADDIN.build/Objects-normal/x86_64/02_FamilyScreen.o -o /Users/sergejhlystov/Library/Developer/Xcode/DerivedData/ALADDIN-eahryzmutvtbyceygnlyjsmiiaha/Build/Intermediates.noindex/ALADDIN.build/Debug-iphonesimulator/ALADDIN.build/Objects-normal/x86_64/20_DevicesScreen.o -o /Users/sergejhlystov/Library/Developer/Xcode/DerivedData/ALADDIN-eahryzmutvtbyceygnlyjsmiiaha/Build/Intermediates.noindex/ALADDIN.build/Debug-iphonesimulator/ALADDIN.build/Objects-normal/x86_64/ViewModifiers.o -o /Users/sergejhlystov/Library/Developer/Xcode/DerivedData/ALADDIN-eahryzmutvtbyceygnlyjsmiiaha/Build/Intermediates.noindex/ALADDIN.build/Debug-iphonesimulator/ALADDIN.build/Objects-normal/x86_64/HapticFeedback.o -o /Users/sergejhlystov/Library/Developer/Xcode/DerivedData/ALADDIN-eahryzmutvtbyceygnlyjsmiiaha/Build/Intermediates.noindex/ALADDIN.build/Debug-iphonesimulator/ALADDIN.build/Objects-normal/x86_64/MainScreenWithRegistration.o -o /Users/sergejhlystov/Library/Developer/Xcode/DerivedData/ALADDIN-eahryzmutvtbyceygnlyjsmiiaha/Build/Intermediates.noindex/ALADDIN.build/Debug-iphonesimulator/ALADDIN.build/Objects-normal/x86_64/NetworkError.o -o /Users/sergejhlystov/Library/Developer/Xcode/DerivedData/ALADDIN-eahryzmutvtbyceygnlyjsmiiaha/Build/Intermediates.noindex/ALADDIN.build/Debug-iphonesimulator/ALADDIN.build/Objects-normal/x86_64/LanguageSettingsScreen.o -o /Users/sergejhlystov/Library/Developer/Xcode/DerivedData/ALADDIN-eahryzmutvtbyceygnlyjsmiiaha/Build/Intermediates.noindex/ALADDIN.build/Debug-iphonesimulator/ALADDIN.build/Objects-normal/x86_64/FamilyRegistrationViewModel.o -o /Users/sergejhlystov/Library/Developer/Xcode/DerivedData/ALADDIN-eahryzmutvtbyceygnlyjsmiiaha/Build/Intermediates.noindex/ALADDIN.build/Debug-iphonesimulator/ALADDIN.build/Objects-normal/x86_64/CornerRadius.o -index-store-path /Users/sergejhlystov/Library/Developer/Xcode/DerivedData/ALADDIN-eahryzmutvtbyceygnlyjsmiiaha/Index/DataStore -index-system-modules
/Users/sergejhlystov/ALADDIN_NEW/ALADDIN_NEW/mobile_apps/ALADDIN_iOS/ViewModels/FamilyRegistrationViewModel.swift:65:34: error: 'FamilyRole' is ambiguous for type lookup in this context
    @Published var selectedRole: FamilyRole?
                                 ^~~~~~~~~~
/Users/sergejhlystov/ALADDIN_NEW/ALADDIN_NEW/mobile_apps/ALADDIN_iOS/ALADDINApp.swift:112:6: note: found this candidate
enum FamilyRole: String {
     ^
/Users/sergejhlystov/ALADDIN_NEW/ALADDIN_NEW/mobile_apps/ALADDIN_iOS/ViewModels/FamilyRegistrationViewModel.swift:6:6: note: found this candidate
enum FamilyRole: String, Codable, CaseIterable, Identifiable {
     ^
/Users/sergejhlystov/ALADDIN_NEW/ALADDIN_NEW/mobile_apps/ALADDIN_iOS/Screens/MainScreenWithRegistration.swift:33:25: error: referencing subscript 'subscript(dynamicMember:)' requires wrapper 'ObservedObject<FamilyRegistrationViewModel>.Wrapper'
                        registrationVM.selectedRole = .parent
                        ^
                        $
/Users/sergejhlystov/ALADDIN_NEW/ALADDIN_NEW/mobile_apps/ALADDIN_iOS/Screens/MainScreenWithRegistration.swift:33:56: error: type 'Binding<_>' has no member 'parent'
                        registrationVM.selectedRole = .parent
                                                      ~^~~~~~
/Users/sergejhlystov/ALADDIN_NEW/ALADDIN_NEW/mobile_apps/ALADDIN_iOS/ViewModels/FamilyRegistrationViewModel.swift:6:6: error: invalid redeclaration of 'FamilyRole'
enum FamilyRole: String, Codable, CaseIterable, Identifiable {
     ^
/Users/sergejhlystov/ALADDIN_NEW/ALADDIN_NEW/mobile_apps/ALADDIN_iOS/ALADDINApp.swift:112:6: note: 'FamilyRole' previously declared here
enum FamilyRole: String {
     ^
/Users/sergejhlystov/ALADDIN_NEW/ALADDIN_NEW/mobile_apps/ALADDIN_iOS/ViewModels/FamilyRegistrationViewModel.swift:25:15: error: 'FamilyRole' is ambiguous for type lookup in this context
    var role: FamilyRole
              ^~~~~~~~~~
/Users/sergejhlystov/ALADDIN_NEW/ALADDIN_NEW/mobile_apps/ALADDIN_iOS/ALADDINApp.swift:112:6: note: found this candidate
enum FamilyRole: String {
     ^
/Users/sergejhlystov/ALADDIN_NEW/ALADDIN_NEW/mobile_apps/ALADDIN_iOS/ViewModels/FamilyRegistrationViewModel.swift:6:6: note: found this candidate
enum FamilyRole: String, Codable, CaseIterable, Identifiable {
     ^
/Users/sergejhlystov/ALADDIN_NEW/ALADDIN_NEW/mobile_apps/ALADDIN_iOS/ViewModels/FamilyRegistrationViewModel.swift:25:9: note: cannot automatically synthesize 'Decodable' because 'FamilyRole' does not conform to 'Decodable'
    var role: FamilyRole
        ^
/Users/sergejhlystov/ALADDIN_NEW/ALADDIN_NEW/mobile_apps/ALADDIN_iOS/ViewModels/FamilyRegistrationViewModel.swift:22:8: error: type 'FamilyMember' does not conform to protocol 'Decodable'
struct FamilyMember: Codable, Identifiable {
       ^
Swift.Decodable:2:5: note: protocol requires initializer 'init(from:)' with type 'Decodable'
    init(from decoder: Decoder) throws
    ^
/Users/sergejhlystov/ALADDIN_NEW/ALADDIN_NEW/mobile_apps/ALADDIN_iOS/ViewModels/FamilyRegistrationViewModel.swift:25:9: note: cannot automatically synthesize 'Encodable' because 'FamilyRole' does not conform to 'Encodable'
    var role: FamilyRole
        ^
/Users/sergejhlystov/ALADDIN_NEW/ALADDIN_NEW/mobile_apps/ALADDIN_iOS/ViewModels/FamilyRegistrationViewModel.swift:22:8: error: type 'FamilyMember' does not conform to protocol 'Encodable'
struct FamilyMember: Codable, Identifiable {
       ^
Swift.Encodable:2:10: note: protocol requires function 'encode(to:)' with type 'Encodable'
    func encode(to encoder: Encoder) throws
         ^
/Users/sergejhlystov/ALADDIN_NEW/ALADDIN_NEW/mobile_apps/ALADDIN_iOS/ViewModels/FamilyRegistrationViewModel.swift:94:31: error: 'FamilyRole' is ambiguous for type lookup in this context
    func saveUserRole(_ role: FamilyRole) {
                              ^~~~~~~~~~
/Users/sergejhlystov/ALADDIN_NEW/ALADDIN_NEW/mobile_apps/ALADDIN_iOS/ALADDINApp.swift:112:6: note: found this candidate
enum FamilyRole: String {
     ^
/Users/sergejhlystov/ALADDIN_NEW/ALADDIN_NEW/mobile_apps/ALADDIN_iOS/ViewModels/FamilyRegistrationViewModel.swift:6:6: note: found this candidate
enum FamilyRole: String, Codable, CaseIterable, Identifiable {
     ^
/Users/sergejhlystov/ALADDIN_NEW/ALADDIN_NEW/mobile_apps/ALADDIN_iOS/ViewModels/FamilyRegistrationViewModel.swift:102:34: error: 'FamilyRole' is ambiguous for type lookup in this context
    func getCurrentUserRole() -> FamilyRole? {
                                 ^~~~~~~~~~
/Users/sergejhlystov/ALADDIN_NEW/ALADDIN_NEW/mobile_apps/ALADDIN_iOS/ALADDINApp.swift:112:6: note: found this candidate
enum FamilyRole: String {
     ^
/Users/sergejhlystov/ALADDIN_NEW/ALADDIN_NEW/mobile_apps/ALADDIN_iOS/ViewModels/FamilyRegistrationViewModel.swift:6:6: note: found this candidate
enum FamilyRole: String, Codable, CaseIterable, Identifiable {
     ^
/Users/sergejhlystov/ALADDIN_NEW/ALADDIN_NEW/mobile_apps/ALADDIN_iOS/ViewModels/FamilyRegistrationViewModel.swift:170:33: error: 'FamilyRole' is ambiguous for type lookup in this context
    func onRoleSelected(_ role: FamilyRole) {
                                ^~~~~~~~~~
/Users/sergejhlystov/ALADDIN_NEW/ALADDIN_NEW/mobile_apps/ALADDIN_iOS/ALADDINApp.swift:112:6: note: found this candidate
enum FamilyRole: String {
     ^
/Users/sergejhlystov/ALADDIN_NEW/ALADDIN_NEW/mobile_apps/ALADDIN_iOS/ViewModels/FamilyRegistrationViewModel.swift:6:6: note: found this candidate
enum FamilyRole: String, Codable, CaseIterable, Identifiable {
     ^
/Users/sergejhlystov/ALADDIN_NEW/ALADDIN_NEW/mobile_apps/ALADDIN_iOS/ViewModels/FamilyRegistrationViewModel.swift:202:26: error: type of expression is ambiguous without more context
        guard let role = selectedRole,
                         ^~~~~~~~~~~~
/Users/sergejhlystov/ALADDIN_NEW/ALADDIN_NEW/mobile_apps/ALADDIN_iOS/ViewModels/FamilyRegistrationViewModel.swift:251:26: error: type of expression is ambiguous without more context
        guard let role = selectedRole,
                         ^~~~~~~~~~~~
/Users/sergejhlystov/ALADDIN_NEW/ALADDIN_NEW/mobile_apps/ALADDIN_iOS/ViewModels/FamilyRegistrationViewModel.swift:25:9: note: cannot automatically synthesize 'Decodable' because 'FamilyRole' does not conform to 'Decodable'
    var role: FamilyRole
        ^
/Users/sergejhlystov/ALADDIN_NEW/ALADDIN_NEW/mobile_apps/ALADDIN_iOS/ViewModels/FamilyRegistrationViewModel.swift:22:8: error: type 'FamilyMember' does not conform to protocol 'Decodable'
struct FamilyMember: Codable, Identifiable {
       ^
Swift.Decodable:2:5: note: protocol requires initializer 'init(from:)' with type 'Decodable'
    init(from decoder: Decoder) throws
    ^
/Users/sergejhlystov/Library/Developer/Xcode/DerivedData/ALADDIN-eahryzmutvtbyceygnlyjsmiiaha/Build/Intermediates.noindex/ALADDIN.build/Debug-iphonesimulator/ALADDIN.build/Objects-normal/x86_64/23_FamilyChatScreen.dia:1:1: warning: Could not read serialized diagnostics file: error("Invalid diagnostics signature") (in target 'ALADDIN' from project 'ALADDIN')
Command CompileSwift failed with a nonzero exit code

CompileSwift normal x86_64 /Users/sergejhlystov/ALADDIN_NEW/ALADDIN_NEW/mobile_apps/ALADDIN_iOS/Screens/02_FamilyScreen.swift (in target 'ALADDIN' from project 'ALADDIN')
    cd /Users/sergejhlystov/ALADDIN_NEW/ALADDIN_NEW/mobile_apps/ALADDIN_iOS
    /Applications/Xcode.app/Contents/Developer/Toolchains/XcodeDefault.xctoolchain/usr/bin/swift-frontend -frontend -c /Users/sergejhlystov/ALADDIN_NEW/ALADDIN_NEW/mobile_apps/ALADDIN_iOS/Screens/RewardsQuickModal.swift /Users/sergejhlystov/ALADDIN_NEW/ALADDIN_NEW/mobile_apps/ALADDIN_iOS/Screens/08_ChildInterfaceScreen.swift /Users/sergejhlystov/ALADDIN_NEW/ALADDIN_NEW/mobile_apps/ALADDIN_iOS/ContentView.swift /Users/sergejhlystov/ALADDIN_NEW/ALADDIN_NEW/mobile_apps/ALADDIN_iOS/Shared/Components/ALADDINToggle.swift /Users/sergejhlystov/ALADDIN_NEW/ALADDIN_NEW/mobile_apps/ALADDIN_iOS/Components/Modals/AgeGroupSelectionModal.swift /Users/sergejhlystov/ALADDIN_NEW/ALADDIN_NEW/mobile_apps/ALADDIN_iOS/ALADDINApp.swift /Users/sergejhlystov/ALADDIN_NEW/ALADDIN_NEW/mobile_apps/ALADDIN_iOS/Shared/Models/FunctionStatus.swift /Users/sergejhlystov/ALADDIN_NEW/ALADDIN_NEW/mobile_apps/ALADDIN_iOS/ViewModels/MainViewModel.swift /Users/sergejhlystov/ALADDIN_NEW/ALADDIN_NEW/mobile_apps/ALADDIN_iOS/Shared/Components/Buttons/PrimaryButton.swift /Users/sergejhlystov/ALADDIN_NEW/ALADDIN_NEW/mobile_apps/ALADDIN_iOS/Screens/NotificationSettingsScreen.swift /Users/sergejhlystov/ALADDIN_NEW/ALADDIN_NEW/mobile_apps/ALADDIN_iOS/Screens/ChildContentScreen.swift /Users/sergejhlystov/ALADDIN_NEW/ALADDIN_NEW/mobile_apps/ALADDIN_iOS/Shared/Components/StatItem.swift /Users/sergejhlystov/ALADDIN_NEW/ALADDIN_NEW/mobile_apps/ALADDIN_iOS/Shared/Components/Cards/FamilyMemberCard.swift /Users/sergejhlystov/ALADDIN_NEW/ALADDIN_NEW/mobile_apps/ALADDIN_iOS/ViewModels/VPNViewModel.swift /Users/sergejhlystov/ALADDIN_NEW/ALADDIN_NEW/mobile_apps/ALADDIN_iOS/Core/Models/APIModels.swift /Users/sergejhlystov/ALADDIN_NEW/ALADDIN_NEW/mobile_apps/ALADDIN_iOS/Core/VPN/VPNManager.swift /Users/sergejhlystov/ALADDIN_NEW/ALADDIN_NEW/mobile_apps/ALADDIN_iOS/Screens/UnicornPetView.swift /Users/sergejhlystov/ALADDIN_NEW/ALADDIN_NEW/mobile_apps/ALADDIN_iOS/Core/Network/APIService.swift /Users/sergejhlystov/ALADDIN_NEW/ALADDIN_NEW/mobile_apps/ALADDIN_iOS/Screens/18_PrivacyPolicyScreen.swift /Users/sergejhlystov/ALADDIN_NEW/ALADDIN_NEW/mobile_apps/ALADDIN_iOS/Screens/10_TariffsScreen.swift /Users/sergejhlystov/ALADDIN_NEW/ALADDIN_NEW/mobile_apps/ALADDIN_iOS/Screens/03_VPNScreen.swift /Users/sergejhlystov/ALADDIN_NEW/ALADDIN_NEW/mobile_apps/ALADDIN_iOS/Screens/09_ElderlyInterfaceScreen.swift /Users/sergejhlystov/ALADDIN_NEW/ALADDIN_NEW/mobile_apps/ALADDIN_iOS/Shared/Components/SecondaryButton.swift /Users/sergejhlystov/ALADDIN_NEW/ALADDIN_NEW/mobile_apps/ALADDIN_iOS/Screens/11_ProfileScreen.swift /Users/sergejhlystov/ALADDIN_NEW/ALADDIN_NEW/mobile_apps/ALADDIN_iOS/Core/Network/NetworkManager.swift /Users/sergejhlystov/ALADDIN_NEW/ALADDIN_NEW/mobile_apps/ALADDIN_iOS/Screens/19_TermsOfServiceScreen.swift /Users/sergejhlystov/ALADDIN_NEW/ALADDIN_NEW/mobile_apps/ALADDIN_iOS/Core/Config/AppConfig.swift /Users/sergejhlystov/ALADDIN_NEW/ALADDIN_NEW/mobile_apps/ALADDIN_iOS/ViewModels/FamilyViewModel.swift /Users/sergejhlystov/ALADDIN_NEW/ALADDIN_NEW/mobile_apps/ALADDIN_iOS/ViewModels/AIAssistantViewModel.swift /Users/sergejhlystov/ALADDIN_NEW/ALADDIN_NEW/mobile_apps/ALADDIN_iOS/Screens/22_DeviceDetailScreen.swift /Users/sergejhlystov/ALADDIN_NEW/ALADDIN_NEW/mobile_apps/ALADDIN_iOS/Screens/WidgetConfigurationScreen.swift /Users/sergejhlystov/ALADDIN_NEW/ALADDIN_NEW/mobile_apps/ALADDIN_iOS/Core/Security/KeychainManager.swift /Users/sergejhlystov/ALADDIN_NEW/ALADDIN_NEW/mobile_apps/ALADDIN_iOS/Shared/Components/Modals/MemberStatsModalView.swift /Users/sergejhlystov/ALADDIN_NEW/ALADDIN_NEW/mobile_apps/ALADDIN_iOS/Shared/Styles/Spacing.swift /Users/sergejhlystov/ALADDIN_NEW/ALADDIN_NEW/mobile_apps/ALADDIN_iOS/Shared/Components/RecoveryOptionsModal.swift /Users/sergejhlystov/ALADDIN_NEW/ALADDIN_NEW/mobile_apps/ALADDIN_iOS/ViewModels/SettingsViewModel.swift /Users/sergejhlystov/ALADDIN_NEW/ALADDIN_NEW/mobile_apps/ALADDIN_iOS/Shared/Components/InfoRow.swift /Users/sergejhlystov/ALADDIN_NEW/ALADDIN_NEW/mobile_apps/ALADDIN_iOS/Screens/25_PaymentQRScreen.swift /Users/sergejhlystov/ALADDIN_NEW/ALADDIN_NEW/mobile_apps/ALADDIN_iOS/Shared/Components/Modals/RoleSelectionModal.swift /Users/sergejhlystov/ALADDIN_NEW/ALADDIN_NEW/mobile_apps/ALADDIN_iOS/ViewModels/SupportViewModel.swift /Users/sergejhlystov/ALADDIN_NEW/ALADDIN_NEW/mobile_apps/ALADDIN_iOS/ViewModels/ChildInterfaceViewModel.swift /Users/sergejhlystov/ALADDIN_NEW/ALADDIN_NEW/mobile_apps/ALADDIN_iOS/Screens/12_NotificationsScreen.swift /Users/sergejhlystov/ALADDIN_NEW/ALADDIN_NEW/mobile_apps/ALADDIN_iOS/ViewModels/ElderlyInterfaceViewModel.swift /Users/sergejhlystov/ALADDIN_NEW/ALADDIN_NEW/mobile_apps/ALADDIN_iOS/ViewModels/AnalyticsViewModel.swift /Users/sergejhlystov/ALADDIN_NEW/ALADDIN_NEW/mobile_apps/ALADDIN_iOS/Core/Cache/CacheManager.swift /Users/sergejhlystov/ALADDIN_NEW/ALADDIN_NEW/mobile_apps/ALADDIN_iOS/ViewModels/NotificationsViewModel.swift /Users/sergejhlystov/ALADDIN_NEW/ALADDIN_NEW/mobile_apps/ALADDIN_iOS/Screens/06_AIAssistantScreen.swift /Users/sergejhlystov/ALADDIN_NEW/ALADDIN_NEW/mobile_apps/ALADDIN_iOS/ViewModels/ProfileViewModel.swift /Users/sergejhlystov/ALADDIN_NEW/ALADDIN_NEW/mobile_apps/ALADDIN_iOS/Components/Modals/ConsentModal.swift /Users/sergejhlystov/ALADDIN_NEW/ALADDIN_NEW/mobile_apps/ALADDIN_iOS/ViewModels/ParentalControlViewModel.swift /Users/sergejhlystov/ALADDIN_NEW/ALADDIN_NEW/mobile_apps/ALADDIN_iOS/ViewModels/OnboardingViewModel.swift /Users/sergejhlystov/ALADDIN_NEW/ALADDIN_NEW/mobile_apps/ALADDIN_iOS/Shared/Styles/Colors.swift /Users/sergejhlystov/ALADDIN_NEW/ALADDIN_NEW/mobile_apps/ALADDIN_iOS/Screens/ChildRewardsScreen.swift /Users/sergejhlystov/ALADDIN_NEW/ALADDIN_NEW/mobile_apps/ALADDIN_iOS/Screens/21_ReferralScreen.swift /Users/sergejhlystov/ALADDIN_NEW/ALADDIN_NEW/mobile_apps/ALADDIN_iOS/Shared/Components/AvatarSelector.swift /Users/sergejhlystov/ALADDIN_NEW/ALADDIN_NEW/mobile_apps/ALADDIN_iOS/Shared/Components/Navigation/ALADDINNavigationBar.swift /Users/sergejhlystov/ALADDIN_NEW/ALADDIN_NEW/mobile_apps/ALADDIN_iOS/Screens/14_OnboardingScreen.swift /Users/sergejhlystov/ALADDIN_NEW/ALADDIN_NEW/mobile_apps/ALADDIN_iOS/Components/Modals/FamilyCreatedModal.swift /Users/sergejhlystov/ALADDIN_NEW/ALADDIN_NEW/mobile_apps/ALADDIN_iOS/ViewModels/PaymentQRViewModel.swift /Users/sergejhlystov/ALADDIN_NEW/ALADDIN_NEW/mobile_apps/ALADDIN_iOS/Core/Navigation/NavigationManager.swift /Users/sergejhlystov/ALADDIN_NEW/ALADDIN_NEW/mobile_apps/ALADDIN_iOS/Core/Accessibility/AccessibilityManager.swift /Users/sergejhlystov/ALADDIN_NEW/ALADDIN_NEW/mobile_apps/ALADDIN_iOS/Core/Store/StoreManager.swift /Users/sergejhlystov/ALADDIN_NEW/ALADDIN_NEW/mobile_apps/ALADDIN_iOS/Screens/WheelOfFortuneView.swift /Users/sergejhlystov/ALADDIN_NEW/ALADDIN_NEW/mobile_apps/ALADDIN_iOS/Screens/UnicornUniverseView.swift /Users/sergejhlystov/ALADDIN_NEW/ALADDIN_NEW/mobile_apps/ALADDIN_iOS/Core/Localization/LocalizationManager.swift /Users/sergejhlystov/ALADDIN_NEW/ALADDIN_NEW/mobile_apps/ALADDIN_iOS/Screens/13_SupportScreen.swift /Users/sergejhlystov/ALADDIN_NEW/ALADDIN_NEW/mobile_apps/ALADDIN_iOS/Core/Analytics/AnalyticsManager.swift /Users/sergejhlystov/ALADDIN_NEW/ALADDIN_NEW/mobile_apps/ALADDIN_iOS/Screens/07_ParentalControlScreen.swift /Users/sergejhlystov/ALADDIN_NEW/ALADDIN_NEW/mobile_apps/ALADDIN_iOS/Screens/05_SettingsScreen.swift -primary-file /Users/sergejhlystov/ALADDIN_NEW/ALADDIN_NEW/mobile_apps/ALADDIN_iOS/Screens/RewardsModalView.swift -primary-file /Users/sergejhlystov/ALADDIN_NEW/ALADDIN_NEW/mobile_apps/ALADDIN_iOS/Screens/23_FamilyChatScreen.swift -primary-file /Users/sergejhlystov/ALADDIN_NEW/ALADDIN_NEW/mobile_apps/ALADDIN_iOS/Screens/02_FamilyScreen.swift -primary-file /Users/sergejhlystov/ALADDIN_NEW/ALADDIN_NEW/mobile_apps/ALADDIN_iOS/Screens/20_DevicesScreen.swift -primary-file /Users/sergejhlystov/ALADDIN_NEW/ALADDIN_NEW/mobile_apps/ALADDIN_iOS/Shared/Components/ViewModifiers.swift -primary-file /Users/sergejhlystov/ALADDIN_NEW/ALADDIN_NEW/mobile_apps/ALADDIN_iOS/Shared/Components/HapticFeedback.swift -primary-file /Users/sergejhlystov/ALADDIN_NEW/ALADDIN_NEW/mobile_apps/ALADDIN_iOS/Screens/MainScreenWithRegistration.swift -primary-file /Users/sergejhlystov/ALADDIN_NEW/ALADDIN_NEW/mobile_apps/ALADDIN_iOS/Core/Network/NetworkError.swift -primary-file /Users/sergejhlystov/ALADDIN_NEW/ALADDIN_NEW/mobile_apps/ALADDIN_iOS/Screens/LanguageSettingsScreen.swift -primary-file /Users/sergejhlystov/ALADDIN_NEW/ALADDIN_NEW/mobile_apps/ALADDIN_iOS/ViewModels/FamilyRegistrationViewModel.swift -primary-file /Users/sergejhlystov/ALADDIN_NEW/ALADDIN_NEW/mobile_apps/ALADDIN_iOS/Shared/Styles/CornerRadius.swift /Users/sergejhlystov/ALADDIN_NEW/ALADDIN_NEW/mobile_apps/ALADDIN_iOS/Screens/01_MainScreen.swift /Users/sergejhlystov/ALADDIN_NEW/ALADDIN_NEW/mobile_apps/ALADDIN_iOS/Screens/FamilyTournamentView.swift /Users/sergejhlystov/ALADDIN_NEW/ALADDIN_NEW/mobile_apps/ALADDIN_iOS/Shared/Styles/Fonts.swift /Users/sergejhlystov/ALADDIN_NEW/ALADDIN_NEW/mobile_apps/ALADDIN_iOS/Screens/GamesParentalControlView.swift /Users/sergejhlystov/ALADDIN_NEW/ALADDIN_NEW/mobile_apps/ALADDIN_iOS/Shared/Components/QRScannerModal.swift /Users/sergejhlystov/ALADDIN_NEW/ALADDIN_NEW/mobile_apps/ALADDIN_iOS/Screens/04_AnalyticsScreen.swift /Users/sergejhlystov/ALADDIN_NEW/ALADDIN_NEW/mobile_apps/ALADDIN_iOS/Screens/24_VPNEnergyStatsScreen.swift /Users/sergejhlystov/ALADDIN_NEW/ALADDIN_NEW/mobile_apps/ALADDIN_iOS/Shared/Components/Modals/ProfileEditView.swift /Users/sergejhlystov/ALADDIN_NEW/ALADDIN_NEW/mobile_apps/ALADDIN_iOS/ViewModels/TariffsViewModel.swift /Users/sergejhlystov/ALADDIN_NEW/ALADDIN_NEW/mobile_apps/ALADDIN_iOS/Core/Notifications/NotificationManager.swift /Users/sergejhlystov/ALADDIN_NEW/ALADDIN_NEW/mobile_apps/ALADDIN_iOS/Core/Security/SecurityManager.swift -supplementary-output-file-map /var/folders/rf/6rxcyql17sz57_02ng7jd7pr0000gn/T/TemporaryDirectory.wFGpdC/supplementaryOutputs-7 -target x86_64-apple-ios15.0-simulator -enable-objc-interop -sdk /Applications/Xcode.app/Contents/Developer/Platforms/iPhoneSimulator.platform/Developer/SDKs/iPhoneSimulator15.2.sdk -I /Users/sergejhlystov/Library/Developer/Xcode/DerivedData/ALADDIN-eahryzmutvtbyceygnlyjsmiiaha/Build/Products/Debug-iphonesimulator -F /Users/sergejhlystov/Library/Developer/Xcode/DerivedData/ALADDIN-eahryzmutvtbyceygnlyjsmiiaha/Build/Products/Debug-iphonesimulator -enable-testing -g -module-cache-path /Users/sergejhlystov/Library/Developer/Xcode/DerivedData/ModuleCache.noindex -emit-localized-strings -emit-localized-strings-path /Users/sergejhlystov/Library/Developer/Xcode/DerivedData/ALADDIN-eahryzmutvtbyceygnlyjsmiiaha/Build/Intermediates.noindex/ALADDIN.build/Debug-iphonesimulator/ALADDIN.build/Objects-normal/x86_64 -swift-version 5 -enforce-exclusivity\=checked -Onone -D DEBUG -new-driver-path /Applications/Xcode.app/Contents/Developer/Toolchains/XcodeDefault.xctoolchain/usr/bin/swift-driver -serialize-debugging-options -Xcc -working-directory -Xcc /Users/sergejhlystov/ALADDIN_NEW/ALADDIN_NEW/mobile_apps/ALADDIN_iOS -resource-dir /Applications/Xcode.app/Contents/Developer/Toolchains/XcodeDefault.xctoolchain/usr/lib/swift -enable-anonymous-context-mangled-names -Xcc -I/Users/sergejhlystov/Library/Developer/Xcode/DerivedData/ALADDIN-eahryzmutvtbyceygnlyjsmiiaha/Build/Intermediates.noindex/ALADDIN.build/Debug-iphonesimulator/ALADDIN.build/swift-overrides.hmap -Xcc -iquote -Xcc /Users/sergejhlystov/Library/Developer/Xcode/DerivedData/ALADDIN-eahryzmutvtbyceygnlyjsmiiaha/Build/Intermediates.noindex/ALADDIN.build/Debug-iphonesimulator/ALADDIN.build/ALADDIN-generated-files.hmap -Xcc -I/Users/sergejhlystov/Library/Developer/Xcode/DerivedData/ALADDIN-eahryzmutvtbyceygnlyjsmiiaha/Build/Intermediates.noindex/ALADDIN.build/Debug-iphonesimulator/ALADDIN.build/ALADDIN-own-target-headers.hmap -Xcc -I/Users/sergejhlystov/Library/Developer/Xcode/DerivedData/ALADDIN-eahryzmutvtbyceygnlyjsmiiaha/Build/Intermediates.noindex/ALADDIN.build/Debug-iphonesimulator/ALADDIN.build/ALADDIN-all-target-headers.hmap -Xcc -iquote -Xcc /Users/sergejhlystov/Library/Developer/Xcode/DerivedData/ALADDIN-eahryzmutvtbyceygnlyjsmiiaha/Build/Intermediates.noindex/ALADDIN.build/Debug-iphonesimulator/ALADDIN.build/ALADDIN-project-headers.hmap -Xcc -I/Users/sergejhlystov/Library/Developer/Xcode/DerivedData/ALADDIN-eahryzmutvtbyceygnlyjsmiiaha/Build/Products/Debug-iphonesimulator/include -Xcc -I/Users/sergejhlystov/Library/Developer/Xcode/DerivedData/ALADDIN-eahryzmutvtbyceygnlyjsmiiaha/Build/Intermediates.noindex/ALADDIN.build/Debug-iphonesimulator/ALADDIN.build/DerivedSources-normal/x86_64 -Xcc -I/Users/sergejhlystov/Library/Developer/Xcode/DerivedData/ALADDIN-eahryzmutvtbyceygnlyjsmiiaha/Build/Intermediates.noindex/ALADDIN.build/Debug-iphonesimulator/ALADDIN.build/DerivedSources/x86_64 -Xcc -I/Users/sergejhlystov/Library/Developer/Xcode/DerivedData/ALADDIN-eahryzmutvtbyceygnlyjsmiiaha/Build/Intermediates.noindex/ALADDIN.build/Debug-iphonesimulator/ALADDIN.build/DerivedSources -Xcc -DDEBUG\=1 -module-name ALADDIN -target-sdk-version 15.2.0 -o /Users/sergejhlystov/Library/Developer/Xcode/DerivedData/ALADDIN-eahryzmutvtbyceygnlyjsmiiaha/Build/Intermediates.noindex/ALADDIN.build/Debug-iphonesimulator/ALADDIN.build/Objects-normal/x86_64/RewardsModalView.o -o /Users/sergejhlystov/Library/Developer/Xcode/DerivedData/ALADDIN-eahryzmutvtbyceygnlyjsmiiaha/Build/Intermediates.noindex/ALADDIN.build/Debug-iphonesimulator/ALADDIN.build/Objects-normal/x86_64/23_FamilyChatScreen.o -o /Users/sergejhlystov/Library/Developer/Xcode/DerivedData/ALADDIN-eahryzmutvtbyceygnlyjsmiiaha/Build/Intermediates.noindex/ALADDIN.build/Debug-iphonesimulator/ALADDIN.build/Objects-normal/x86_64/02_FamilyScreen.o -o /Users/sergejhlystov/Library/Developer/Xcode/DerivedData/ALADDIN-eahryzmutvtbyceygnlyjsmiiaha/Build/Intermediates.noindex/ALADDIN.build/Debug-iphonesimulator/ALADDIN.build/Objects-normal/x86_64/20_DevicesScreen.o -o /Users/sergejhlystov/Library/Developer/Xcode/DerivedData/ALADDIN-eahryzmutvtbyceygnlyjsmiiaha/Build/Intermediates.noindex/ALADDIN.build/Debug-iphonesimulator/ALADDIN.build/Objects-normal/x86_64/ViewModifiers.o -o /Users/sergejhlystov/Library/Developer/Xcode/DerivedData/ALADDIN-eahryzmutvtbyceygnlyjsmiiaha/Build/Intermediates.noindex/ALADDIN.build/Debug-iphonesimulator/ALADDIN.build/Objects-normal/x86_64/HapticFeedback.o -o /Users/sergejhlystov/Library/Developer/Xcode/DerivedData/ALADDIN-eahryzmutvtbyceygnlyjsmiiaha/Build/Intermediates.noindex/ALADDIN.build/Debug-iphonesimulator/ALADDIN.build/Objects-normal/x86_64/MainScreenWithRegistration.o -o /Users/sergejhlystov/Library/Developer/Xcode/DerivedData/ALADDIN-eahryzmutvtbyceygnlyjsmiiaha/Build/Intermediates.noindex/ALADDIN.build/Debug-iphonesimulator/ALADDIN.build/Objects-normal/x86_64/NetworkError.o -o /Users/sergejhlystov/Library/Developer/Xcode/DerivedData/ALADDIN-eahryzmutvtbyceygnlyjsmiiaha/Build/Intermediates.noindex/ALADDIN.build/Debug-iphonesimulator/ALADDIN.build/Objects-normal/x86_64/LanguageSettingsScreen.o -o /Users/sergejhlystov/Library/Developer/Xcode/DerivedData/ALADDIN-eahryzmutvtbyceygnlyjsmiiaha/Build/Intermediates.noindex/ALADDIN.build/Debug-iphonesimulator/ALADDIN.build/Objects-normal/x86_64/FamilyRegistrationViewModel.o -o /Users/sergejhlystov/Library/Developer/Xcode/DerivedData/ALADDIN-eahryzmutvtbyceygnlyjsmiiaha/Build/Intermediates.noindex/ALADDIN.build/Debug-iphonesimulator/ALADDIN.build/Objects-normal/x86_64/CornerRadius.o -index-store-path /Users/sergejhlystov/Library/Developer/Xcode/DerivedData/ALADDIN-eahryzmutvtbyceygnlyjsmiiaha/Index/DataStore -index-system-modules
/Users/sergejhlystov/ALADDIN_NEW/ALADDIN_NEW/mobile_apps/ALADDIN_iOS/ViewModels/FamilyRegistrationViewModel.swift:65:34: error: 'FamilyRole' is ambiguous for type lookup in this context
    @Published var selectedRole: FamilyRole?
                                 ^~~~~~~~~~
/Users/sergejhlystov/ALADDIN_NEW/ALADDIN_NEW/mobile_apps/ALADDIN_iOS/ALADDINApp.swift:112:6: note: found this candidate
enum FamilyRole: String {
     ^
/Users/sergejhlystov/ALADDIN_NEW/ALADDIN_NEW/mobile_apps/ALADDIN_iOS/ViewModels/FamilyRegistrationViewModel.swift:6:6: note: found this candidate
enum FamilyRole: String, Codable, CaseIterable, Identifiable {
     ^
/Users/sergejhlystov/ALADDIN_NEW/ALADDIN_NEW/mobile_apps/ALADDIN_iOS/Screens/MainScreenWithRegistration.swift:33:25: error: referencing subscript 'subscript(dynamicMember:)' requires wrapper 'ObservedObject<FamilyRegistrationViewModel>.Wrapper'
                        registrationVM.selectedRole = .parent
                        ^
                        $
/Users/sergejhlystov/ALADDIN_NEW/ALADDIN_NEW/mobile_apps/ALADDIN_iOS/Screens/MainScreenWithRegistration.swift:33:56: error: type 'Binding<_>' has no member 'parent'
                        registrationVM.selectedRole = .parent
                                                      ~^~~~~~
/Users/sergejhlystov/ALADDIN_NEW/ALADDIN_NEW/mobile_apps/ALADDIN_iOS/ViewModels/FamilyRegistrationViewModel.swift:6:6: error: invalid redeclaration of 'FamilyRole'
enum FamilyRole: String, Codable, CaseIterable, Identifiable {
     ^
/Users/sergejhlystov/ALADDIN_NEW/ALADDIN_NEW/mobile_apps/ALADDIN_iOS/ALADDINApp.swift:112:6: note: 'FamilyRole' previously declared here
enum FamilyRole: String {
     ^
/Users/sergejhlystov/ALADDIN_NEW/ALADDIN_NEW/mobile_apps/ALADDIN_iOS/ViewModels/FamilyRegistrationViewModel.swift:25:15: error: 'FamilyRole' is ambiguous for type lookup in this context
    var role: FamilyRole
              ^~~~~~~~~~
/Users/sergejhlystov/ALADDIN_NEW/ALADDIN_NEW/mobile_apps/ALADDIN_iOS/ALADDINApp.swift:112:6: note: found this candidate
enum FamilyRole: String {
     ^
/Users/sergejhlystov/ALADDIN_NEW/ALADDIN_NEW/mobile_apps/ALADDIN_iOS/ViewModels/FamilyRegistrationViewModel.swift:6:6: note: found this candidate
enum FamilyRole: String, Codable, CaseIterable, Identifiable {
     ^
/Users/sergejhlystov/ALADDIN_NEW/ALADDIN_NEW/mobile_apps/ALADDIN_iOS/ViewModels/FamilyRegistrationViewModel.swift:25:9: note: cannot automatically synthesize 'Decodable' because 'FamilyRole' does not conform to 'Decodable'
    var role: FamilyRole
        ^
/Users/sergejhlystov/ALADDIN_NEW/ALADDIN_NEW/mobile_apps/ALADDIN_iOS/ViewModels/FamilyRegistrationViewModel.swift:22:8: error: type 'FamilyMember' does not conform to protocol 'Decodable'
struct FamilyMember: Codable, Identifiable {
       ^
Swift.Decodable:2:5: note: protocol requires initializer 'init(from:)' with type 'Decodable'
    init(from decoder: Decoder) throws
    ^
/Users/sergejhlystov/ALADDIN_NEW/ALADDIN_NEW/mobile_apps/ALADDIN_iOS/ViewModels/FamilyRegistrationViewModel.swift:25:9: note: cannot automatically synthesize 'Encodable' because 'FamilyRole' does not conform to 'Encodable'
    var role: FamilyRole
        ^
/Users/sergejhlystov/ALADDIN_NEW/ALADDIN_NEW/mobile_apps/ALADDIN_iOS/ViewModels/FamilyRegistrationViewModel.swift:22:8: error: type 'FamilyMember' does not conform to protocol 'Encodable'
struct FamilyMember: Codable, Identifiable {
       ^
Swift.Encodable:2:10: note: protocol requires function 'encode(to:)' with type 'Encodable'
    func encode(to encoder: Encoder) throws
         ^
/Users/sergejhlystov/ALADDIN_NEW/ALADDIN_NEW/mobile_apps/ALADDIN_iOS/ViewModels/FamilyRegistrationViewModel.swift:94:31: error: 'FamilyRole' is ambiguous for type lookup in this context
    func saveUserRole(_ role: FamilyRole) {
                              ^~~~~~~~~~
/Users/sergejhlystov/ALADDIN_NEW/ALADDIN_NEW/mobile_apps/ALADDIN_iOS/ALADDINApp.swift:112:6: note: found this candidate
enum FamilyRole: String {
     ^
/Users/sergejhlystov/ALADDIN_NEW/ALADDIN_NEW/mobile_apps/ALADDIN_iOS/ViewModels/FamilyRegistrationViewModel.swift:6:6: note: found this candidate
enum FamilyRole: String, Codable, CaseIterable, Identifiable {
     ^
/Users/sergejhlystov/ALADDIN_NEW/ALADDIN_NEW/mobile_apps/ALADDIN_iOS/ViewModels/FamilyRegistrationViewModel.swift:102:34: error: 'FamilyRole' is ambiguous for type lookup in this context
    func getCurrentUserRole() -> FamilyRole? {
                                 ^~~~~~~~~~
/Users/sergejhlystov/ALADDIN_NEW/ALADDIN_NEW/mobile_apps/ALADDIN_iOS/ALADDINApp.swift:112:6: note: found this candidate
enum FamilyRole: String {
     ^
/Users/sergejhlystov/ALADDIN_NEW/ALADDIN_NEW/mobile_apps/ALADDIN_iOS/ViewModels/FamilyRegistrationViewModel.swift:6:6: note: found this candidate
enum FamilyRole: String, Codable, CaseIterable, Identifiable {
     ^
/Users/sergejhlystov/ALADDIN_NEW/ALADDIN_NEW/mobile_apps/ALADDIN_iOS/ViewModels/FamilyRegistrationViewModel.swift:170:33: error: 'FamilyRole' is ambiguous for type lookup in this context
    func onRoleSelected(_ role: FamilyRole) {
                                ^~~~~~~~~~
/Users/sergejhlystov/ALADDIN_NEW/ALADDIN_NEW/mobile_apps/ALADDIN_iOS/ALADDINApp.swift:112:6: note: found this candidate
enum FamilyRole: String {
     ^
/Users/sergejhlystov/ALADDIN_NEW/ALADDIN_NEW/mobile_apps/ALADDIN_iOS/ViewModels/FamilyRegistrationViewModel.swift:6:6: note: found this candidate
enum FamilyRole: String, Codable, CaseIterable, Identifiable {
     ^
/Users/sergejhlystov/ALADDIN_NEW/ALADDIN_NEW/mobile_apps/ALADDIN_iOS/ViewModels/FamilyRegistrationViewModel.swift:202:26: error: type of expression is ambiguous without more context
        guard let role = selectedRole,
                         ^~~~~~~~~~~~
/Users/sergejhlystov/ALADDIN_NEW/ALADDIN_NEW/mobile_apps/ALADDIN_iOS/ViewModels/FamilyRegistrationViewModel.swift:251:26: error: type of expression is ambiguous without more context
        guard let role = selectedRole,
                         ^~~~~~~~~~~~
/Users/sergejhlystov/ALADDIN_NEW/ALADDIN_NEW/mobile_apps/ALADDIN_iOS/ViewModels/FamilyRegistrationViewModel.swift:25:9: note: cannot automatically synthesize 'Decodable' because 'FamilyRole' does not conform to 'Decodable'
    var role: FamilyRole
        ^
/Users/sergejhlystov/ALADDIN_NEW/ALADDIN_NEW/mobile_apps/ALADDIN_iOS/ViewModels/FamilyRegistrationViewModel.swift:22:8: error: type 'FamilyMember' does not conform to protocol 'Decodable'
struct FamilyMember: Codable, Identifiable {
       ^
Swift.Decodable:2:5: note: protocol requires initializer 'init(from:)' with type 'Decodable'
    init(from decoder: Decoder) throws
    ^
/Users/sergejhlystov/Library/Developer/Xcode/DerivedData/ALADDIN-eahryzmutvtbyceygnlyjsmiiaha/Build/Intermediates.noindex/ALADDIN.build/Debug-iphonesimulator/ALADDIN.build/Objects-normal/x86_64/02_FamilyScreen.dia:1:1: warning: Could not read serialized diagnostics file: error("Invalid diagnostics signature") (in target 'ALADDIN' from project 'ALADDIN')
Command CompileSwift failed with a nonzero exit code

CompileSwift normal x86_64 /Users/sergejhlystov/ALADDIN_NEW/ALADDIN_NEW/mobile_apps/ALADDIN_iOS/Screens/20_DevicesScreen.swift (in target 'ALADDIN' from project 'ALADDIN')
    cd /Users/sergejhlystov/ALADDIN_NEW/ALADDIN_NEW/mobile_apps/ALADDIN_iOS
    /Applications/Xcode.app/Contents/Developer/Toolchains/XcodeDefault.xctoolchain/usr/bin/swift-frontend -frontend -c /Users/sergejhlystov/ALADDIN_NEW/ALADDIN_NEW/mobile_apps/ALADDIN_iOS/Screens/RewardsQuickModal.swift /Users/sergejhlystov/ALADDIN_NEW/ALADDIN_NEW/mobile_apps/ALADDIN_iOS/Screens/08_ChildInterfaceScreen.swift /Users/sergejhlystov/ALADDIN_NEW/ALADDIN_NEW/mobile_apps/ALADDIN_iOS/ContentView.swift /Users/sergejhlystov/ALADDIN_NEW/ALADDIN_NEW/mobile_apps/ALADDIN_iOS/Shared/Components/ALADDINToggle.swift /Users/sergejhlystov/ALADDIN_NEW/ALADDIN_NEW/mobile_apps/ALADDIN_iOS/Components/Modals/AgeGroupSelectionModal.swift /Users/sergejhlystov/ALADDIN_NEW/ALADDIN_NEW/mobile_apps/ALADDIN_iOS/ALADDINApp.swift /Users/sergejhlystov/ALADDIN_NEW/ALADDIN_NEW/mobile_apps/ALADDIN_iOS/Shared/Models/FunctionStatus.swift /Users/sergejhlystov/ALADDIN_NEW/ALADDIN_NEW/mobile_apps/ALADDIN_iOS/ViewModels/MainViewModel.swift /Users/sergejhlystov/ALADDIN_NEW/ALADDIN_NEW/mobile_apps/ALADDIN_iOS/Shared/Components/Buttons/PrimaryButton.swift /Users/sergejhlystov/ALADDIN_NEW/ALADDIN_NEW/mobile_apps/ALADDIN_iOS/Screens/NotificationSettingsScreen.swift /Users/sergejhlystov/ALADDIN_NEW/ALADDIN_NEW/mobile_apps/ALADDIN_iOS/Screens/ChildContentScreen.swift /Users/sergejhlystov/ALADDIN_NEW/ALADDIN_NEW/mobile_apps/ALADDIN_iOS/Shared/Components/StatItem.swift /Users/sergejhlystov/ALADDIN_NEW/ALADDIN_NEW/mobile_apps/ALADDIN_iOS/Shared/Components/Cards/FamilyMemberCard.swift /Users/sergejhlystov/ALADDIN_NEW/ALADDIN_NEW/mobile_apps/ALADDIN_iOS/ViewModels/VPNViewModel.swift /Users/sergejhlystov/ALADDIN_NEW/ALADDIN_NEW/mobile_apps/ALADDIN_iOS/Core/Models/APIModels.swift /Users/sergejhlystov/ALADDIN_NEW/ALADDIN_NEW/mobile_apps/ALADDIN_iOS/Core/VPN/VPNManager.swift /Users/sergejhlystov/ALADDIN_NEW/ALADDIN_NEW/mobile_apps/ALADDIN_iOS/Screens/UnicornPetView.swift /Users/sergejhlystov/ALADDIN_NEW/ALADDIN_NEW/mobile_apps/ALADDIN_iOS/Core/Network/APIService.swift /Users/sergejhlystov/ALADDIN_NEW/ALADDIN_NEW/mobile_apps/ALADDIN_iOS/Screens/18_PrivacyPolicyScreen.swift /Users/sergejhlystov/ALADDIN_NEW/ALADDIN_NEW/mobile_apps/ALADDIN_iOS/Screens/10_TariffsScreen.swift /Users/sergejhlystov/ALADDIN_NEW/ALADDIN_NEW/mobile_apps/ALADDIN_iOS/Screens/03_VPNScreen.swift /Users/sergejhlystov/ALADDIN_NEW/ALADDIN_NEW/mobile_apps/ALADDIN_iOS/Screens/09_ElderlyInterfaceScreen.swift /Users/sergejhlystov/ALADDIN_NEW/ALADDIN_NEW/mobile_apps/ALADDIN_iOS/Shared/Components/SecondaryButton.swift /Users/sergejhlystov/ALADDIN_NEW/ALADDIN_NEW/mobile_apps/ALADDIN_iOS/Screens/11_ProfileScreen.swift /Users/sergejhlystov/ALADDIN_NEW/ALADDIN_NEW/mobile_apps/ALADDIN_iOS/Core/Network/NetworkManager.swift /Users/sergejhlystov/ALADDIN_NEW/ALADDIN_NEW/mobile_apps/ALADDIN_iOS/Screens/19_TermsOfServiceScreen.swift /Users/sergejhlystov/ALADDIN_NEW/ALADDIN_NEW/mobile_apps/ALADDIN_iOS/Core/Config/AppConfig.swift /Users/sergejhlystov/ALADDIN_NEW/ALADDIN_NEW/mobile_apps/ALADDIN_iOS/ViewModels/FamilyViewModel.swift /Users/sergejhlystov/ALADDIN_NEW/ALADDIN_NEW/mobile_apps/ALADDIN_iOS/ViewModels/AIAssistantViewModel.swift /Users/sergejhlystov/ALADDIN_NEW/ALADDIN_NEW/mobile_apps/ALADDIN_iOS/Screens/22_DeviceDetailScreen.swift /Users/sergejhlystov/ALADDIN_NEW/ALADDIN_NEW/mobile_apps/ALADDIN_iOS/Screens/WidgetConfigurationScreen.swift /Users/sergejhlystov/ALADDIN_NEW/ALADDIN_NEW/mobile_apps/ALADDIN_iOS/Core/Security/KeychainManager.swift /Users/sergejhlystov/ALADDIN_NEW/ALADDIN_NEW/mobile_apps/ALADDIN_iOS/Shared/Components/Modals/MemberStatsModalView.swift /Users/sergejhlystov/ALADDIN_NEW/ALADDIN_NEW/mobile_apps/ALADDIN_iOS/Shared/Styles/Spacing.swift /Users/sergejhlystov/ALADDIN_NEW/ALADDIN_NEW/mobile_apps/ALADDIN_iOS/Shared/Components/RecoveryOptionsModal.swift /Users/sergejhlystov/ALADDIN_NEW/ALADDIN_NEW/mobile_apps/ALADDIN_iOS/ViewModels/SettingsViewModel.swift /Users/sergejhlystov/ALADDIN_NEW/ALADDIN_NEW/mobile_apps/ALADDIN_iOS/Shared/Components/InfoRow.swift /Users/sergejhlystov/ALADDIN_NEW/ALADDIN_NEW/mobile_apps/ALADDIN_iOS/Screens/25_PaymentQRScreen.swift /Users/sergejhlystov/ALADDIN_NEW/ALADDIN_NEW/mobile_apps/ALADDIN_iOS/Shared/Components/Modals/RoleSelectionModal.swift /Users/sergejhlystov/ALADDIN_NEW/ALADDIN_NEW/mobile_apps/ALADDIN_iOS/ViewModels/SupportViewModel.swift /Users/sergejhlystov/ALADDIN_NEW/ALADDIN_NEW/mobile_apps/ALADDIN_iOS/ViewModels/ChildInterfaceViewModel.swift /Users/sergejhlystov/ALADDIN_NEW/ALADDIN_NEW/mobile_apps/ALADDIN_iOS/Screens/12_NotificationsScreen.swift /Users/sergejhlystov/ALADDIN_NEW/ALADDIN_NEW/mobile_apps/ALADDIN_iOS/ViewModels/ElderlyInterfaceViewModel.swift /Users/sergejhlystov/ALADDIN_NEW/ALADDIN_NEW/mobile_apps/ALADDIN_iOS/ViewModels/AnalyticsViewModel.swift /Users/sergejhlystov/ALADDIN_NEW/ALADDIN_NEW/mobile_apps/ALADDIN_iOS/Core/Cache/CacheManager.swift /Users/sergejhlystov/ALADDIN_NEW/ALADDIN_NEW/mobile_apps/ALADDIN_iOS/ViewModels/NotificationsViewModel.swift /Users/sergejhlystov/ALADDIN_NEW/ALADDIN_NEW/mobile_apps/ALADDIN_iOS/Screens/06_AIAssistantScreen.swift /Users/sergejhlystov/ALADDIN_NEW/ALADDIN_NEW/mobile_apps/ALADDIN_iOS/ViewModels/ProfileViewModel.swift /Users/sergejhlystov/ALADDIN_NEW/ALADDIN_NEW/mobile_apps/ALADDIN_iOS/Components/Modals/ConsentModal.swift /Users/sergejhlystov/ALADDIN_NEW/ALADDIN_NEW/mobile_apps/ALADDIN_iOS/ViewModels/ParentalControlViewModel.swift /Users/sergejhlystov/ALADDIN_NEW/ALADDIN_NEW/mobile_apps/ALADDIN_iOS/ViewModels/OnboardingViewModel.swift /Users/sergejhlystov/ALADDIN_NEW/ALADDIN_NEW/mobile_apps/ALADDIN_iOS/Shared/Styles/Colors.swift /Users/sergejhlystov/ALADDIN_NEW/ALADDIN_NEW/mobile_apps/ALADDIN_iOS/Screens/ChildRewardsScreen.swift /Users/sergejhlystov/ALADDIN_NEW/ALADDIN_NEW/mobile_apps/ALADDIN_iOS/Screens/21_ReferralScreen.swift /Users/sergejhlystov/ALADDIN_NEW/ALADDIN_NEW/mobile_apps/ALADDIN_iOS/Shared/Components/AvatarSelector.swift /Users/sergejhlystov/ALADDIN_NEW/ALADDIN_NEW/mobile_apps/ALADDIN_iOS/Shared/Components/Navigation/ALADDINNavigationBar.swift /Users/sergejhlystov/ALADDIN_NEW/ALADDIN_NEW/mobile_apps/ALADDIN_iOS/Screens/14_OnboardingScreen.swift /Users/sergejhlystov/ALADDIN_NEW/ALADDIN_NEW/mobile_apps/ALADDIN_iOS/Components/Modals/FamilyCreatedModal.swift /Users/sergejhlystov/ALADDIN_NEW/ALADDIN_NEW/mobile_apps/ALADDIN_iOS/ViewModels/PaymentQRViewModel.swift /Users/sergejhlystov/ALADDIN_NEW/ALADDIN_NEW/mobile_apps/ALADDIN_iOS/Core/Navigation/NavigationManager.swift /Users/sergejhlystov/ALADDIN_NEW/ALADDIN_NEW/mobile_apps/ALADDIN_iOS/Core/Accessibility/AccessibilityManager.swift /Users/sergejhlystov/ALADDIN_NEW/ALADDIN_NEW/mobile_apps/ALADDIN_iOS/Core/Store/StoreManager.swift /Users/sergejhlystov/ALADDIN_NEW/ALADDIN_NEW/mobile_apps/ALADDIN_iOS/Screens/WheelOfFortuneView.swift /Users/sergejhlystov/ALADDIN_NEW/ALADDIN_NEW/mobile_apps/ALADDIN_iOS/Screens/UnicornUniverseView.swift /Users/sergejhlystov/ALADDIN_NEW/ALADDIN_NEW/mobile_apps/ALADDIN_iOS/Core/Localization/LocalizationManager.swift /Users/sergejhlystov/ALADDIN_NEW/ALADDIN_NEW/mobile_apps/ALADDIN_iOS/Screens/13_SupportScreen.swift /Users/sergejhlystov/ALADDIN_NEW/ALADDIN_NEW/mobile_apps/ALADDIN_iOS/Core/Analytics/AnalyticsManager.swift /Users/sergejhlystov/ALADDIN_NEW/ALADDIN_NEW/mobile_apps/ALADDIN_iOS/Screens/07_ParentalControlScreen.swift /Users/sergejhlystov/ALADDIN_NEW/ALADDIN_NEW/mobile_apps/ALADDIN_iOS/Screens/05_SettingsScreen.swift -primary-file /Users/sergejhlystov/ALADDIN_NEW/ALADDIN_NEW/mobile_apps/ALADDIN_iOS/Screens/RewardsModalView.swift -primary-file /Users/sergejhlystov/ALADDIN_NEW/ALADDIN_NEW/mobile_apps/ALADDIN_iOS/Screens/23_FamilyChatScreen.swift -primary-file /Users/sergejhlystov/ALADDIN_NEW/ALADDIN_NEW/mobile_apps/ALADDIN_iOS/Screens/02_FamilyScreen.swift -primary-file /Users/sergejhlystov/ALADDIN_NEW/ALADDIN_NEW/mobile_apps/ALADDIN_iOS/Screens/20_DevicesScreen.swift -primary-file /Users/sergejhlystov/ALADDIN_NEW/ALADDIN_NEW/mobile_apps/ALADDIN_iOS/Shared/Components/ViewModifiers.swift -primary-file /Users/sergejhlystov/ALADDIN_NEW/ALADDIN_NEW/mobile_apps/ALADDIN_iOS/Shared/Components/HapticFeedback.swift -primary-file /Users/sergejhlystov/ALADDIN_NEW/ALADDIN_NEW/mobile_apps/ALADDIN_iOS/Screens/MainScreenWithRegistration.swift -primary-file /Users/sergejhlystov/ALADDIN_NEW/ALADDIN_NEW/mobile_apps/ALADDIN_iOS/Core/Network/NetworkError.swift -primary-file /Users/sergejhlystov/ALADDIN_NEW/ALADDIN_NEW/mobile_apps/ALADDIN_iOS/Screens/LanguageSettingsScreen.swift -primary-file /Users/sergejhlystov/ALADDIN_NEW/ALADDIN_NEW/mobile_apps/ALADDIN_iOS/ViewModels/FamilyRegistrationViewModel.swift -primary-file /Users/sergejhlystov/ALADDIN_NEW/ALADDIN_NEW/mobile_apps/ALADDIN_iOS/Shared/Styles/CornerRadius.swift /Users/sergejhlystov/ALADDIN_NEW/ALADDIN_NEW/mobile_apps/ALADDIN_iOS/Screens/01_MainScreen.swift /Users/sergejhlystov/ALADDIN_NEW/ALADDIN_NEW/mobile_apps/ALADDIN_iOS/Screens/FamilyTournamentView.swift /Users/sergejhlystov/ALADDIN_NEW/ALADDIN_NEW/mobile_apps/ALADDIN_iOS/Shared/Styles/Fonts.swift /Users/sergejhlystov/ALADDIN_NEW/ALADDIN_NEW/mobile_apps/ALADDIN_iOS/Screens/GamesParentalControlView.swift /Users/sergejhlystov/ALADDIN_NEW/ALADDIN_NEW/mobile_apps/ALADDIN_iOS/Shared/Components/QRScannerModal.swift /Users/sergejhlystov/ALADDIN_NEW/ALADDIN_NEW/mobile_apps/ALADDIN_iOS/Screens/04_AnalyticsScreen.swift /Users/sergejhlystov/ALADDIN_NEW/ALADDIN_NEW/mobile_apps/ALADDIN_iOS/Screens/24_VPNEnergyStatsScreen.swift /Users/sergejhlystov/ALADDIN_NEW/ALADDIN_NEW/mobile_apps/ALADDIN_iOS/Shared/Components/Modals/ProfileEditView.swift /Users/sergejhlystov/ALADDIN_NEW/ALADDIN_NEW/mobile_apps/ALADDIN_iOS/ViewModels/TariffsViewModel.swift /Users/sergejhlystov/ALADDIN_NEW/ALADDIN_NEW/mobile_apps/ALADDIN_iOS/Core/Notifications/NotificationManager.swift /Users/sergejhlystov/ALADDIN_NEW/ALADDIN_NEW/mobile_apps/ALADDIN_iOS/Core/Security/SecurityManager.swift -supplementary-output-file-map /var/folders/rf/6rxcyql17sz57_02ng7jd7pr0000gn/T/TemporaryDirectory.wFGpdC/supplementaryOutputs-7 -target x86_64-apple-ios15.0-simulator -enable-objc-interop -sdk /Applications/Xcode.app/Contents/Developer/Platforms/iPhoneSimulator.platform/Developer/SDKs/iPhoneSimulator15.2.sdk -I /Users/sergejhlystov/Library/Developer/Xcode/DerivedData/ALADDIN-eahryzmutvtbyceygnlyjsmiiaha/Build/Products/Debug-iphonesimulator -F /Users/sergejhlystov/Library/Developer/Xcode/DerivedData/ALADDIN-eahryzmutvtbyceygnlyjsmiiaha/Build/Products/Debug-iphonesimulator -enable-testing -g -module-cache-path /Users/sergejhlystov/Library/Developer/Xcode/DerivedData/ModuleCache.noindex -emit-localized-strings -emit-localized-strings-path /Users/sergejhlystov/Library/Developer/Xcode/DerivedData/ALADDIN-eahryzmutvtbyceygnlyjsmiiaha/Build/Intermediates.noindex/ALADDIN.build/Debug-iphonesimulator/ALADDIN.build/Objects-normal/x86_64 -swift-version 5 -enforce-exclusivity\=checked -Onone -D DEBUG -new-driver-path /Applications/Xcode.app/Contents/Developer/Toolchains/XcodeDefault.xctoolchain/usr/bin/swift-driver -serialize-debugging-options -Xcc -working-directory -Xcc /Users/sergejhlystov/ALADDIN_NEW/ALADDIN_NEW/mobile_apps/ALADDIN_iOS -resource-dir /Applications/Xcode.app/Contents/Developer/Toolchains/XcodeDefault.xctoolchain/usr/lib/swift -enable-anonymous-context-mangled-names -Xcc -I/Users/sergejhlystov/Library/Developer/Xcode/DerivedData/ALADDIN-eahryzmutvtbyceygnlyjsmiiaha/Build/Intermediates.noindex/ALADDIN.build/Debug-iphonesimulator/ALADDIN.build/swift-overrides.hmap -Xcc -iquote -Xcc /Users/sergejhlystov/Library/Developer/Xcode/DerivedData/ALADDIN-eahryzmutvtbyceygnlyjsmiiaha/Build/Intermediates.noindex/ALADDIN.build/Debug-iphonesimulator/ALADDIN.build/ALADDIN-generated-files.hmap -Xcc -I/Users/sergejhlystov/Library/Developer/Xcode/DerivedData/ALADDIN-eahryzmutvtbyceygnlyjsmiiaha/Build/Intermediates.noindex/ALADDIN.build/Debug-iphonesimulator/ALADDIN.build/ALADDIN-own-target-headers.hmap -Xcc -I/Users/sergejhlystov/Library/Developer/Xcode/DerivedData/ALADDIN-eahryzmutvtbyceygnlyjsmiiaha/Build/Intermediates.noindex/ALADDIN.build/Debug-iphonesimulator/ALADDIN.build/ALADDIN-all-target-headers.hmap -Xcc -iquote -Xcc /Users/sergejhlystov/Library/Developer/Xcode/DerivedData/ALADDIN-eahryzmutvtbyceygnlyjsmiiaha/Build/Intermediates.noindex/ALADDIN.build/Debug-iphonesimulator/ALADDIN.build/ALADDIN-project-headers.hmap -Xcc -I/Users/sergejhlystov/Library/Developer/Xcode/DerivedData/ALADDIN-eahryzmutvtbyceygnlyjsmiiaha/Build/Products/Debug-iphonesimulator/include -Xcc -I/Users/sergejhlystov/Library/Developer/Xcode/DerivedData/ALADDIN-eahryzmutvtbyceygnlyjsmiiaha/Build/Intermediates.noindex/ALADDIN.build/Debug-iphonesimulator/ALADDIN.build/DerivedSources-normal/x86_64 -Xcc -I/Users/sergejhlystov/Library/Developer/Xcode/DerivedData/ALADDIN-eahryzmutvtbyceygnlyjsmiiaha/Build/Intermediates.noindex/ALADDIN.build/Debug-iphonesimulator/ALADDIN.build/DerivedSources/x86_64 -Xcc -I/Users/sergejhlystov/Library/Developer/Xcode/DerivedData/ALADDIN-eahryzmutvtbyceygnlyjsmiiaha/Build/Intermediates.noindex/ALADDIN.build/Debug-iphonesimulator/ALADDIN.build/DerivedSources -Xcc -DDEBUG\=1 -module-name ALADDIN -target-sdk-version 15.2.0 -o /Users/sergejhlystov/Library/Developer/Xcode/DerivedData/ALADDIN-eahryzmutvtbyceygnlyjsmiiaha/Build/Intermediates.noindex/ALADDIN.build/Debug-iphonesimulator/ALADDIN.build/Objects-normal/x86_64/RewardsModalView.o -o /Users/sergejhlystov/Library/Developer/Xcode/DerivedData/ALADDIN-eahryzmutvtbyceygnlyjsmiiaha/Build/Intermediates.noindex/ALADDIN.build/Debug-iphonesimulator/ALADDIN.build/Objects-normal/x86_64/23_FamilyChatScreen.o -o /Users/sergejhlystov/Library/Developer/Xcode/DerivedData/ALADDIN-eahryzmutvtbyceygnlyjsmiiaha/Build/Intermediates.noindex/ALADDIN.build/Debug-iphonesimulator/ALADDIN.build/Objects-normal/x86_64/02_FamilyScreen.o -o /Users/sergejhlystov/Library/Developer/Xcode/DerivedData/ALADDIN-eahryzmutvtbyceygnlyjsmiiaha/Build/Intermediates.noindex/ALADDIN.build/Debug-iphonesimulator/ALADDIN.build/Objects-normal/x86_64/20_DevicesScreen.o -o /Users/sergejhlystov/Library/Developer/Xcode/DerivedData/ALADDIN-eahryzmutvtbyceygnlyjsmiiaha/Build/Intermediates.noindex/ALADDIN.build/Debug-iphonesimulator/ALADDIN.build/Objects-normal/x86_64/ViewModifiers.o -o /Users/sergejhlystov/Library/Developer/Xcode/DerivedData/ALADDIN-eahryzmutvtbyceygnlyjsmiiaha/Build/Intermediates.noindex/ALADDIN.build/Debug-iphonesimulator/ALADDIN.build/Objects-normal/x86_64/HapticFeedback.o -o /Users/sergejhlystov/Library/Developer/Xcode/DerivedData/ALADDIN-eahryzmutvtbyceygnlyjsmiiaha/Build/Intermediates.noindex/ALADDIN.build/Debug-iphonesimulator/ALADDIN.build/Objects-normal/x86_64/MainScreenWithRegistration.o -o /Users/sergejhlystov/Library/Developer/Xcode/DerivedData/ALADDIN-eahryzmutvtbyceygnlyjsmiiaha/Build/Intermediates.noindex/ALADDIN.build/Debug-iphonesimulator/ALADDIN.build/Objects-normal/x86_64/NetworkError.o -o /Users/sergejhlystov/Library/Developer/Xcode/DerivedData/ALADDIN-eahryzmutvtbyceygnlyjsmiiaha/Build/Intermediates.noindex/ALADDIN.build/Debug-iphonesimulator/ALADDIN.build/Objects-normal/x86_64/LanguageSettingsScreen.o -o /Users/sergejhlystov/Library/Developer/Xcode/DerivedData/ALADDIN-eahryzmutvtbyceygnlyjsmiiaha/Build/Intermediates.noindex/ALADDIN.build/Debug-iphonesimulator/ALADDIN.build/Objects-normal/x86_64/FamilyRegistrationViewModel.o -o /Users/sergejhlystov/Library/Developer/Xcode/DerivedData/ALADDIN-eahryzmutvtbyceygnlyjsmiiaha/Build/Intermediates.noindex/ALADDIN.build/Debug-iphonesimulator/ALADDIN.build/Objects-normal/x86_64/CornerRadius.o -index-store-path /Users/sergejhlystov/Library/Developer/Xcode/DerivedData/ALADDIN-eahryzmutvtbyceygnlyjsmiiaha/Index/DataStore -index-system-modules
/Users/sergejhlystov/ALADDIN_NEW/ALADDIN_NEW/mobile_apps/ALADDIN_iOS/ViewModels/FamilyRegistrationViewModel.swift:65:34: error: 'FamilyRole' is ambiguous for type lookup in this context
    @Published var selectedRole: FamilyRole?
                                 ^~~~~~~~~~
/Users/sergejhlystov/ALADDIN_NEW/ALADDIN_NEW/mobile_apps/ALADDIN_iOS/ALADDINApp.swift:112:6: note: found this candidate
enum FamilyRole: String {
     ^
/Users/sergejhlystov/ALADDIN_NEW/ALADDIN_NEW/mobile_apps/ALADDIN_iOS/ViewModels/FamilyRegistrationViewModel.swift:6:6: note: found this candidate
enum FamilyRole: String, Codable, CaseIterable, Identifiable {
     ^
/Users/sergejhlystov/ALADDIN_NEW/ALADDIN_NEW/mobile_apps/ALADDIN_iOS/Screens/MainScreenWithRegistration.swift:33:25: error: referencing subscript 'subscript(dynamicMember:)' requires wrapper 'ObservedObject<FamilyRegistrationViewModel>.Wrapper'
                        registrationVM.selectedRole = .parent
                        ^
                        $
/Users/sergejhlystov/ALADDIN_NEW/ALADDIN_NEW/mobile_apps/ALADDIN_iOS/Screens/MainScreenWithRegistration.swift:33:56: error: type 'Binding<_>' has no member 'parent'
                        registrationVM.selectedRole = .parent
                                                      ~^~~~~~
/Users/sergejhlystov/ALADDIN_NEW/ALADDIN_NEW/mobile_apps/ALADDIN_iOS/ViewModels/FamilyRegistrationViewModel.swift:6:6: error: invalid redeclaration of 'FamilyRole'
enum FamilyRole: String, Codable, CaseIterable, Identifiable {
     ^
/Users/sergejhlystov/ALADDIN_NEW/ALADDIN_NEW/mobile_apps/ALADDIN_iOS/ALADDINApp.swift:112:6: note: 'FamilyRole' previously declared here
enum FamilyRole: String {
     ^
/Users/sergejhlystov/ALADDIN_NEW/ALADDIN_NEW/mobile_apps/ALADDIN_iOS/ViewModels/FamilyRegistrationViewModel.swift:25:15: error: 'FamilyRole' is ambiguous for type lookup in this context
    var role: FamilyRole
              ^~~~~~~~~~
/Users/sergejhlystov/ALADDIN_NEW/ALADDIN_NEW/mobile_apps/ALADDIN_iOS/ALADDINApp.swift:112:6: note: found this candidate
enum FamilyRole: String {
     ^
/Users/sergejhlystov/ALADDIN_NEW/ALADDIN_NEW/mobile_apps/ALADDIN_iOS/ViewModels/FamilyRegistrationViewModel.swift:6:6: note: found this candidate
enum FamilyRole: String, Codable, CaseIterable, Identifiable {
     ^
/Users/sergejhlystov/ALADDIN_NEW/ALADDIN_NEW/mobile_apps/ALADDIN_iOS/ViewModels/FamilyRegistrationViewModel.swift:25:9: note: cannot automatically synthesize 'Decodable' because 'FamilyRole' does not conform to 'Decodable'
    var role: FamilyRole
        ^
/Users/sergejhlystov/ALADDIN_NEW/ALADDIN_NEW/mobile_apps/ALADDIN_iOS/ViewModels/FamilyRegistrationViewModel.swift:22:8: error: type 'FamilyMember' does not conform to protocol 'Decodable'
struct FamilyMember: Codable, Identifiable {
       ^
Swift.Decodable:2:5: note: protocol requires initializer 'init(from:)' with type 'Decodable'
    init(from decoder: Decoder) throws
    ^
/Users/sergejhlystov/ALADDIN_NEW/ALADDIN_NEW/mobile_apps/ALADDIN_iOS/ViewModels/FamilyRegistrationViewModel.swift:25:9: note: cannot automatically synthesize 'Encodable' because 'FamilyRole' does not conform to 'Encodable'
    var role: FamilyRole
        ^
/Users/sergejhlystov/ALADDIN_NEW/ALADDIN_NEW/mobile_apps/ALADDIN_iOS/ViewModels/FamilyRegistrationViewModel.swift:22:8: error: type 'FamilyMember' does not conform to protocol 'Encodable'
struct FamilyMember: Codable, Identifiable {
       ^
Swift.Encodable:2:10: note: protocol requires function 'encode(to:)' with type 'Encodable'
    func encode(to encoder: Encoder) throws
         ^
/Users/sergejhlystov/ALADDIN_NEW/ALADDIN_NEW/mobile_apps/ALADDIN_iOS/ViewModels/FamilyRegistrationViewModel.swift:94:31: error: 'FamilyRole' is ambiguous for type lookup in this context
    func saveUserRole(_ role: FamilyRole) {
                              ^~~~~~~~~~
/Users/sergejhlystov/ALADDIN_NEW/ALADDIN_NEW/mobile_apps/ALADDIN_iOS/ALADDINApp.swift:112:6: note: found this candidate
enum FamilyRole: String {
     ^
/Users/sergejhlystov/ALADDIN_NEW/ALADDIN_NEW/mobile_apps/ALADDIN_iOS/ViewModels/FamilyRegistrationViewModel.swift:6:6: note: found this candidate
enum FamilyRole: String, Codable, CaseIterable, Identifiable {
     ^
/Users/sergejhlystov/ALADDIN_NEW/ALADDIN_NEW/mobile_apps/ALADDIN_iOS/ViewModels/FamilyRegistrationViewModel.swift:102:34: error: 'FamilyRole' is ambiguous for type lookup in this context
    func getCurrentUserRole() -> FamilyRole? {
                                 ^~~~~~~~~~
/Users/sergejhlystov/ALADDIN_NEW/ALADDIN_NEW/mobile_apps/ALADDIN_iOS/ALADDINApp.swift:112:6: note: found this candidate
enum FamilyRole: String {
     ^
/Users/sergejhlystov/ALADDIN_NEW/ALADDIN_NEW/mobile_apps/ALADDIN_iOS/ViewModels/FamilyRegistrationViewModel.swift:6:6: note: found this candidate
enum FamilyRole: String, Codable, CaseIterable, Identifiable {
     ^
/Users/sergejhlystov/ALADDIN_NEW/ALADDIN_NEW/mobile_apps/ALADDIN_iOS/ViewModels/FamilyRegistrationViewModel.swift:170:33: error: 'FamilyRole' is ambiguous for type lookup in this context
    func onRoleSelected(_ role: FamilyRole) {
                                ^~~~~~~~~~
/Users/sergejhlystov/ALADDIN_NEW/ALADDIN_NEW/mobile_apps/ALADDIN_iOS/ALADDINApp.swift:112:6: note: found this candidate
enum FamilyRole: String {
     ^
/Users/sergejhlystov/ALADDIN_NEW/ALADDIN_NEW/mobile_apps/ALADDIN_iOS/ViewModels/FamilyRegistrationViewModel.swift:6:6: note: found this candidate
enum FamilyRole: String, Codable, CaseIterable, Identifiable {
     ^
/Users/sergejhlystov/ALADDIN_NEW/ALADDIN_NEW/mobile_apps/ALADDIN_iOS/ViewModels/FamilyRegistrationViewModel.swift:202:26: error: type of expression is ambiguous without more context
        guard let role = selectedRole,
                         ^~~~~~~~~~~~
/Users/sergejhlystov/ALADDIN_NEW/ALADDIN_NEW/mobile_apps/ALADDIN_iOS/ViewModels/FamilyRegistrationViewModel.swift:251:26: error: type of expression is ambiguous without more context
        guard let role = selectedRole,
                         ^~~~~~~~~~~~
/Users/sergejhlystov/ALADDIN_NEW/ALADDIN_NEW/mobile_apps/ALADDIN_iOS/ViewModels/FamilyRegistrationViewModel.swift:25:9: note: cannot automatically synthesize 'Decodable' because 'FamilyRole' does not conform to 'Decodable'
    var role: FamilyRole
        ^
/Users/sergejhlystov/ALADDIN_NEW/ALADDIN_NEW/mobile_apps/ALADDIN_iOS/ViewModels/FamilyRegistrationViewModel.swift:22:8: error: type 'FamilyMember' does not conform to protocol 'Decodable'
struct FamilyMember: Codable, Identifiable {
       ^
Swift.Decodable:2:5: note: protocol requires initializer 'init(from:)' with type 'Decodable'
    init(from decoder: Decoder) throws
    ^
/Users/sergejhlystov/Library/Developer/Xcode/DerivedData/ALADDIN-eahryzmutvtbyceygnlyjsmiiaha/Build/Intermediates.noindex/ALADDIN.build/Debug-iphonesimulator/ALADDIN.build/Objects-normal/x86_64/20_DevicesScreen.dia:1:1: warning: Could not read serialized diagnostics file: error("Invalid diagnostics signature") (in target 'ALADDIN' from project 'ALADDIN')
Command CompileSwift failed with a nonzero exit code

CompileSwift normal x86_64 /Users/sergejhlystov/ALADDIN_NEW/ALADDIN_NEW/mobile_apps/ALADDIN_iOS/Shared/Components/ViewModifiers.swift (in target 'ALADDIN' from project 'ALADDIN')
    cd /Users/sergejhlystov/ALADDIN_NEW/ALADDIN_NEW/mobile_apps/ALADDIN_iOS
    /Applications/Xcode.app/Contents/Developer/Toolchains/XcodeDefault.xctoolchain/usr/bin/swift-frontend -frontend -c /Users/sergejhlystov/ALADDIN_NEW/ALADDIN_NEW/mobile_apps/ALADDIN_iOS/Screens/RewardsQuickModal.swift /Users/sergejhlystov/ALADDIN_NEW/ALADDIN_NEW/mobile_apps/ALADDIN_iOS/Screens/08_ChildInterfaceScreen.swift /Users/sergejhlystov/ALADDIN_NEW/ALADDIN_NEW/mobile_apps/ALADDIN_iOS/ContentView.swift /Users/sergejhlystov/ALADDIN_NEW/ALADDIN_NEW/mobile_apps/ALADDIN_iOS/Shared/Components/ALADDINToggle.swift /Users/sergejhlystov/ALADDIN_NEW/ALADDIN_NEW/mobile_apps/ALADDIN_iOS/Components/Modals/AgeGroupSelectionModal.swift /Users/sergejhlystov/ALADDIN_NEW/ALADDIN_NEW/mobile_apps/ALADDIN_iOS/ALADDINApp.swift /Users/sergejhlystov/ALADDIN_NEW/ALADDIN_NEW/mobile_apps/ALADDIN_iOS/Shared/Models/FunctionStatus.swift /Users/sergejhlystov/ALADDIN_NEW/ALADDIN_NEW/mobile_apps/ALADDIN_iOS/ViewModels/MainViewModel.swift /Users/sergejhlystov/ALADDIN_NEW/ALADDIN_NEW/mobile_apps/ALADDIN_iOS/Shared/Components/Buttons/PrimaryButton.swift /Users/sergejhlystov/ALADDIN_NEW/ALADDIN_NEW/mobile_apps/ALADDIN_iOS/Screens/NotificationSettingsScreen.swift /Users/sergejhlystov/ALADDIN_NEW/ALADDIN_NEW/mobile_apps/ALADDIN_iOS/Screens/ChildContentScreen.swift /Users/sergejhlystov/ALADDIN_NEW/ALADDIN_NEW/mobile_apps/ALADDIN_iOS/Shared/Components/StatItem.swift /Users/sergejhlystov/ALADDIN_NEW/ALADDIN_NEW/mobile_apps/ALADDIN_iOS/Shared/Components/Cards/FamilyMemberCard.swift /Users/sergejhlystov/ALADDIN_NEW/ALADDIN_NEW/mobile_apps/ALADDIN_iOS/ViewModels/VPNViewModel.swift /Users/sergejhlystov/ALADDIN_NEW/ALADDIN_NEW/mobile_apps/ALADDIN_iOS/Core/Models/APIModels.swift /Users/sergejhlystov/ALADDIN_NEW/ALADDIN_NEW/mobile_apps/ALADDIN_iOS/Core/VPN/VPNManager.swift /Users/sergejhlystov/ALADDIN_NEW/ALADDIN_NEW/mobile_apps/ALADDIN_iOS/Screens/UnicornPetView.swift /Users/sergejhlystov/ALADDIN_NEW/ALADDIN_NEW/mobile_apps/ALADDIN_iOS/Core/Network/APIService.swift /Users/sergejhlystov/ALADDIN_NEW/ALADDIN_NEW/mobile_apps/ALADDIN_iOS/Screens/18_PrivacyPolicyScreen.swift /Users/sergejhlystov/ALADDIN_NEW/ALADDIN_NEW/mobile_apps/ALADDIN_iOS/Screens/10_TariffsScreen.swift /Users/sergejhlystov/ALADDIN_NEW/ALADDIN_NEW/mobile_apps/ALADDIN_iOS/Screens/03_VPNScreen.swift /Users/sergejhlystov/ALADDIN_NEW/ALADDIN_NEW/mobile_apps/ALADDIN_iOS/Screens/09_ElderlyInterfaceScreen.swift /Users/sergejhlystov/ALADDIN_NEW/ALADDIN_NEW/mobile_apps/ALADDIN_iOS/Shared/Components/SecondaryButton.swift /Users/sergejhlystov/ALADDIN_NEW/ALADDIN_NEW/mobile_apps/ALADDIN_iOS/Screens/11_ProfileScreen.swift /Users/sergejhlystov/ALADDIN_NEW/ALADDIN_NEW/mobile_apps/ALADDIN_iOS/Core/Network/NetworkManager.swift /Users/sergejhlystov/ALADDIN_NEW/ALADDIN_NEW/mobile_apps/ALADDIN_iOS/Screens/19_TermsOfServiceScreen.swift /Users/sergejhlystov/ALADDIN_NEW/ALADDIN_NEW/mobile_apps/ALADDIN_iOS/Core/Config/AppConfig.swift /Users/sergejhlystov/ALADDIN_NEW/ALADDIN_NEW/mobile_apps/ALADDIN_iOS/ViewModels/FamilyViewModel.swift /Users/sergejhlystov/ALADDIN_NEW/ALADDIN_NEW/mobile_apps/ALADDIN_iOS/ViewModels/AIAssistantViewModel.swift /Users/sergejhlystov/ALADDIN_NEW/ALADDIN_NEW/mobile_apps/ALADDIN_iOS/Screens/22_DeviceDetailScreen.swift /Users/sergejhlystov/ALADDIN_NEW/ALADDIN_NEW/mobile_apps/ALADDIN_iOS/Screens/WidgetConfigurationScreen.swift /Users/sergejhlystov/ALADDIN_NEW/ALADDIN_NEW/mobile_apps/ALADDIN_iOS/Core/Security/KeychainManager.swift /Users/sergejhlystov/ALADDIN_NEW/ALADDIN_NEW/mobile_apps/ALADDIN_iOS/Shared/Components/Modals/MemberStatsModalView.swift /Users/sergejhlystov/ALADDIN_NEW/ALADDIN_NEW/mobile_apps/ALADDIN_iOS/Shared/Styles/Spacing.swift /Users/sergejhlystov/ALADDIN_NEW/ALADDIN_NEW/mobile_apps/ALADDIN_iOS/Shared/Components/RecoveryOptionsModal.swift /Users/sergejhlystov/ALADDIN_NEW/ALADDIN_NEW/mobile_apps/ALADDIN_iOS/ViewModels/SettingsViewModel.swift /Users/sergejhlystov/ALADDIN_NEW/ALADDIN_NEW/mobile_apps/ALADDIN_iOS/Shared/Components/InfoRow.swift /Users/sergejhlystov/ALADDIN_NEW/ALADDIN_NEW/mobile_apps/ALADDIN_iOS/Screens/25_PaymentQRScreen.swift /Users/sergejhlystov/ALADDIN_NEW/ALADDIN_NEW/mobile_apps/ALADDIN_iOS/Shared/Components/Modals/RoleSelectionModal.swift /Users/sergejhlystov/ALADDIN_NEW/ALADDIN_NEW/mobile_apps/ALADDIN_iOS/ViewModels/SupportViewModel.swift /Users/sergejhlystov/ALADDIN_NEW/ALADDIN_NEW/mobile_apps/ALADDIN_iOS/ViewModels/ChildInterfaceViewModel.swift /Users/sergejhlystov/ALADDIN_NEW/ALADDIN_NEW/mobile_apps/ALADDIN_iOS/Screens/12_NotificationsScreen.swift /Users/sergejhlystov/ALADDIN_NEW/ALADDIN_NEW/mobile_apps/ALADDIN_iOS/ViewModels/ElderlyInterfaceViewModel.swift /Users/sergejhlystov/ALADDIN_NEW/ALADDIN_NEW/mobile_apps/ALADDIN_iOS/ViewModels/AnalyticsViewModel.swift /Users/sergejhlystov/ALADDIN_NEW/ALADDIN_NEW/mobile_apps/ALADDIN_iOS/Core/Cache/CacheManager.swift /Users/sergejhlystov/ALADDIN_NEW/ALADDIN_NEW/mobile_apps/ALADDIN_iOS/ViewModels/NotificationsViewModel.swift /Users/sergejhlystov/ALADDIN_NEW/ALADDIN_NEW/mobile_apps/ALADDIN_iOS/Screens/06_AIAssistantScreen.swift /Users/sergejhlystov/ALADDIN_NEW/ALADDIN_NEW/mobile_apps/ALADDIN_iOS/ViewModels/ProfileViewModel.swift /Users/sergejhlystov/ALADDIN_NEW/ALADDIN_NEW/mobile_apps/ALADDIN_iOS/Components/Modals/ConsentModal.swift /Users/sergejhlystov/ALADDIN_NEW/ALADDIN_NEW/mobile_apps/ALADDIN_iOS/ViewModels/ParentalControlViewModel.swift /Users/sergejhlystov/ALADDIN_NEW/ALADDIN_NEW/mobile_apps/ALADDIN_iOS/ViewModels/OnboardingViewModel.swift /Users/sergejhlystov/ALADDIN_NEW/ALADDIN_NEW/mobile_apps/ALADDIN_iOS/Shared/Styles/Colors.swift /Users/sergejhlystov/ALADDIN_NEW/ALADDIN_NEW/mobile_apps/ALADDIN_iOS/Screens/ChildRewardsScreen.swift /Users/sergejhlystov/ALADDIN_NEW/ALADDIN_NEW/mobile_apps/ALADDIN_iOS/Screens/21_ReferralScreen.swift /Users/sergejhlystov/ALADDIN_NEW/ALADDIN_NEW/mobile_apps/ALADDIN_iOS/Shared/Components/AvatarSelector.swift /Users/sergejhlystov/ALADDIN_NEW/ALADDIN_NEW/mobile_apps/ALADDIN_iOS/Shared/Components/Navigation/ALADDINNavigationBar.swift /Users/sergejhlystov/ALADDIN_NEW/ALADDIN_NEW/mobile_apps/ALADDIN_iOS/Screens/14_OnboardingScreen.swift /Users/sergejhlystov/ALADDIN_NEW/ALADDIN_NEW/mobile_apps/ALADDIN_iOS/Components/Modals/FamilyCreatedModal.swift /Users/sergejhlystov/ALADDIN_NEW/ALADDIN_NEW/mobile_apps/ALADDIN_iOS/ViewModels/PaymentQRViewModel.swift /Users/sergejhlystov/ALADDIN_NEW/ALADDIN_NEW/mobile_apps/ALADDIN_iOS/Core/Navigation/NavigationManager.swift /Users/sergejhlystov/ALADDIN_NEW/ALADDIN_NEW/mobile_apps/ALADDIN_iOS/Core/Accessibility/AccessibilityManager.swift /Users/sergejhlystov/ALADDIN_NEW/ALADDIN_NEW/mobile_apps/ALADDIN_iOS/Core/Store/StoreManager.swift /Users/sergejhlystov/ALADDIN_NEW/ALADDIN_NEW/mobile_apps/ALADDIN_iOS/Screens/WheelOfFortuneView.swift /Users/sergejhlystov/ALADDIN_NEW/ALADDIN_NEW/mobile_apps/ALADDIN_iOS/Screens/UnicornUniverseView.swift /Users/sergejhlystov/ALADDIN_NEW/ALADDIN_NEW/mobile_apps/ALADDIN_iOS/Core/Localization/LocalizationManager.swift /Users/sergejhlystov/ALADDIN_NEW/ALADDIN_NEW/mobile_apps/ALADDIN_iOS/Screens/13_SupportScreen.swift /Users/sergejhlystov/ALADDIN_NEW/ALADDIN_NEW/mobile_apps/ALADDIN_iOS/Core/Analytics/AnalyticsManager.swift /Users/sergejhlystov/ALADDIN_NEW/ALADDIN_NEW/mobile_apps/ALADDIN_iOS/Screens/07_ParentalControlScreen.swift /Users/sergejhlystov/ALADDIN_NEW/ALADDIN_NEW/mobile_apps/ALADDIN_iOS/Screens/05_SettingsScreen.swift -primary-file /Users/sergejhlystov/ALADDIN_NEW/ALADDIN_NEW/mobile_apps/ALADDIN_iOS/Screens/RewardsModalView.swift -primary-file /Users/sergejhlystov/ALADDIN_NEW/ALADDIN_NEW/mobile_apps/ALADDIN_iOS/Screens/23_FamilyChatScreen.swift -primary-file /Users/sergejhlystov/ALADDIN_NEW/ALADDIN_NEW/mobile_apps/ALADDIN_iOS/Screens/02_FamilyScreen.swift -primary-file /Users/sergejhlystov/ALADDIN_NEW/ALADDIN_NEW/mobile_apps/ALADDIN_iOS/Screens/20_DevicesScreen.swift -primary-file /Users/sergejhlystov/ALADDIN_NEW/ALADDIN_NEW/mobile_apps/ALADDIN_iOS/Shared/Components/ViewModifiers.swift -primary-file /Users/sergejhlystov/ALADDIN_NEW/ALADDIN_NEW/mobile_apps/ALADDIN_iOS/Shared/Components/HapticFeedback.swift -primary-file /Users/sergejhlystov/ALADDIN_NEW/ALADDIN_NEW/mobile_apps/ALADDIN_iOS/Screens/MainScreenWithRegistration.swift -primary-file /Users/sergejhlystov/ALADDIN_NEW/ALADDIN_NEW/mobile_apps/ALADDIN_iOS/Core/Network/NetworkError.swift -primary-file /Users/sergejhlystov/ALADDIN_NEW/ALADDIN_NEW/mobile_apps/ALADDIN_iOS/Screens/LanguageSettingsScreen.swift -primary-file /Users/sergejhlystov/ALADDIN_NEW/ALADDIN_NEW/mobile_apps/ALADDIN_iOS/ViewModels/FamilyRegistrationViewModel.swift -primary-file /Users/sergejhlystov/ALADDIN_NEW/ALADDIN_NEW/mobile_apps/ALADDIN_iOS/Shared/Styles/CornerRadius.swift /Users/sergejhlystov/ALADDIN_NEW/ALADDIN_NEW/mobile_apps/ALADDIN_iOS/Screens/01_MainScreen.swift /Users/sergejhlystov/ALADDIN_NEW/ALADDIN_NEW/mobile_apps/ALADDIN_iOS/Screens/FamilyTournamentView.swift /Users/sergejhlystov/ALADDIN_NEW/ALADDIN_NEW/mobile_apps/ALADDIN_iOS/Shared/Styles/Fonts.swift /Users/sergejhlystov/ALADDIN_NEW/ALADDIN_NEW/mobile_apps/ALADDIN_iOS/Screens/GamesParentalControlView.swift /Users/sergejhlystov/ALADDIN_NEW/ALADDIN_NEW/mobile_apps/ALADDIN_iOS/Shared/Components/QRScannerModal.swift /Users/sergejhlystov/ALADDIN_NEW/ALADDIN_NEW/mobile_apps/ALADDIN_iOS/Screens/04_AnalyticsScreen.swift /Users/sergejhlystov/ALADDIN_NEW/ALADDIN_NEW/mobile_apps/ALADDIN_iOS/Screens/24_VPNEnergyStatsScreen.swift /Users/sergejhlystov/ALADDIN_NEW/ALADDIN_NEW/mobile_apps/ALADDIN_iOS/Shared/Components/Modals/ProfileEditView.swift /Users/sergejhlystov/ALADDIN_NEW/ALADDIN_NEW/mobile_apps/ALADDIN_iOS/ViewModels/TariffsViewModel.swift /Users/sergejhlystov/ALADDIN_NEW/ALADDIN_NEW/mobile_apps/ALADDIN_iOS/Core/Notifications/NotificationManager.swift /Users/sergejhlystov/ALADDIN_NEW/ALADDIN_NEW/mobile_apps/ALADDIN_iOS/Core/Security/SecurityManager.swift -supplementary-output-file-map /var/folders/rf/6rxcyql17sz57_02ng7jd7pr0000gn/T/TemporaryDirectory.wFGpdC/supplementaryOutputs-7 -target x86_64-apple-ios15.0-simulator -enable-objc-interop -sdk /Applications/Xcode.app/Contents/Developer/Platforms/iPhoneSimulator.platform/Developer/SDKs/iPhoneSimulator15.2.sdk -I /Users/sergejhlystov/Library/Developer/Xcode/DerivedData/ALADDIN-eahryzmutvtbyceygnlyjsmiiaha/Build/Products/Debug-iphonesimulator -F /Users/sergejhlystov/Library/Developer/Xcode/DerivedData/ALADDIN-eahryzmutvtbyceygnlyjsmiiaha/Build/Products/Debug-iphonesimulator -enable-testing -g -module-cache-path /Users/sergejhlystov/Library/Developer/Xcode/DerivedData/ModuleCache.noindex -emit-localized-strings -emit-localized-strings-path /Users/sergejhlystov/Library/Developer/Xcode/DerivedData/ALADDIN-eahryzmutvtbyceygnlyjsmiiaha/Build/Intermediates.noindex/ALADDIN.build/Debug-iphonesimulator/ALADDIN.build/Objects-normal/x86_64 -swift-version 5 -enforce-exclusivity\=checked -Onone -D DEBUG -new-driver-path /Applications/Xcode.app/Contents/Developer/Toolchains/XcodeDefault.xctoolchain/usr/bin/swift-driver -serialize-debugging-options -Xcc -working-directory -Xcc /Users/sergejhlystov/ALADDIN_NEW/ALADDIN_NEW/mobile_apps/ALADDIN_iOS -resource-dir /Applications/Xcode.app/Contents/Developer/Toolchains/XcodeDefault.xctoolchain/usr/lib/swift -enable-anonymous-context-mangled-names -Xcc -I/Users/sergejhlystov/Library/Developer/Xcode/DerivedData/ALADDIN-eahryzmutvtbyceygnlyjsmiiaha/Build/Intermediates.noindex/ALADDIN.build/Debug-iphonesimulator/ALADDIN.build/swift-overrides.hmap -Xcc -iquote -Xcc /Users/sergejhlystov/Library/Developer/Xcode/DerivedData/ALADDIN-eahryzmutvtbyceygnlyjsmiiaha/Build/Intermediates.noindex/ALADDIN.build/Debug-iphonesimulator/ALADDIN.build/ALADDIN-generated-files.hmap -Xcc -I/Users/sergejhlystov/Library/Developer/Xcode/DerivedData/ALADDIN-eahryzmutvtbyceygnlyjsmiiaha/Build/Intermediates.noindex/ALADDIN.build/Debug-iphonesimulator/ALADDIN.build/ALADDIN-own-target-headers.hmap -Xcc -I/Users/sergejhlystov/Library/Developer/Xcode/DerivedData/ALADDIN-eahryzmutvtbyceygnlyjsmiiaha/Build/Intermediates.noindex/ALADDIN.build/Debug-iphonesimulator/ALADDIN.build/ALADDIN-all-target-headers.hmap -Xcc -iquote -Xcc /Users/sergejhlystov/Library/Developer/Xcode/DerivedData/ALADDIN-eahryzmutvtbyceygnlyjsmiiaha/Build/Intermediates.noindex/ALADDIN.build/Debug-iphonesimulator/ALADDIN.build/ALADDIN-project-headers.hmap -Xcc -I/Users/sergejhlystov/Library/Developer/Xcode/DerivedData/ALADDIN-eahryzmutvtbyceygnlyjsmiiaha/Build/Products/Debug-iphonesimulator/include -Xcc -I/Users/sergejhlystov/Library/Developer/Xcode/DerivedData/ALADDIN-eahryzmutvtbyceygnlyjsmiiaha/Build/Intermediates.noindex/ALADDIN.build/Debug-iphonesimulator/ALADDIN.build/DerivedSources-normal/x86_64 -Xcc -I/Users/sergejhlystov/Library/Developer/Xcode/DerivedData/ALADDIN-eahryzmutvtbyceygnlyjsmiiaha/Build/Intermediates.noindex/ALADDIN.build/Debug-iphonesimulator/ALADDIN.build/DerivedSources/x86_64 -Xcc -I/Users/sergejhlystov/Library/Developer/Xcode/DerivedData/ALADDIN-eahryzmutvtbyceygnlyjsmiiaha/Build/Intermediates.noindex/ALADDIN.build/Debug-iphonesimulator/ALADDIN.build/DerivedSources -Xcc -DDEBUG\=1 -module-name ALADDIN -target-sdk-version 15.2.0 -o /Users/sergejhlystov/Library/Developer/Xcode/DerivedData/ALADDIN-eahryzmutvtbyceygnlyjsmiiaha/Build/Intermediates.noindex/ALADDIN.build/Debug-iphonesimulator/ALADDIN.build/Objects-normal/x86_64/RewardsModalView.o -o /Users/sergejhlystov/Library/Developer/Xcode/DerivedData/ALADDIN-eahryzmutvtbyceygnlyjsmiiaha/Build/Intermediates.noindex/ALADDIN.build/Debug-iphonesimulator/ALADDIN.build/Objects-normal/x86_64/23_FamilyChatScreen.o -o /Users/sergejhlystov/Library/Developer/Xcode/DerivedData/ALADDIN-eahryzmutvtbyceygnlyjsmiiaha/Build/Intermediates.noindex/ALADDIN.build/Debug-iphonesimulator/ALADDIN.build/Objects-normal/x86_64/02_FamilyScreen.o -o /Users/sergejhlystov/Library/Developer/Xcode/DerivedData/ALADDIN-eahryzmutvtbyceygnlyjsmiiaha/Build/Intermediates.noindex/ALADDIN.build/Debug-iphonesimulator/ALADDIN.build/Objects-normal/x86_64/20_DevicesScreen.o -o /Users/sergejhlystov/Library/Developer/Xcode/DerivedData/ALADDIN-eahryzmutvtbyceygnlyjsmiiaha/Build/Intermediates.noindex/ALADDIN.build/Debug-iphonesimulator/ALADDIN.build/Objects-normal/x86_64/ViewModifiers.o -o /Users/sergejhlystov/Library/Developer/Xcode/DerivedData/ALADDIN-eahryzmutvtbyceygnlyjsmiiaha/Build/Intermediates.noindex/ALADDIN.build/Debug-iphonesimulator/ALADDIN.build/Objects-normal/x86_64/HapticFeedback.o -o /Users/sergejhlystov/Library/Developer/Xcode/DerivedData/ALADDIN-eahryzmutvtbyceygnlyjsmiiaha/Build/Intermediates.noindex/ALADDIN.build/Debug-iphonesimulator/ALADDIN.build/Objects-normal/x86_64/MainScreenWithRegistration.o -o /Users/sergejhlystov/Library/Developer/Xcode/DerivedData/ALADDIN-eahryzmutvtbyceygnlyjsmiiaha/Build/Intermediates.noindex/ALADDIN.build/Debug-iphonesimulator/ALADDIN.build/Objects-normal/x86_64/NetworkError.o -o /Users/sergejhlystov/Library/Developer/Xcode/DerivedData/ALADDIN-eahryzmutvtbyceygnlyjsmiiaha/Build/Intermediates.noindex/ALADDIN.build/Debug-iphonesimulator/ALADDIN.build/Objects-normal/x86_64/LanguageSettingsScreen.o -o /Users/sergejhlystov/Library/Developer/Xcode/DerivedData/ALADDIN-eahryzmutvtbyceygnlyjsmiiaha/Build/Intermediates.noindex/ALADDIN.build/Debug-iphonesimulator/ALADDIN.build/Objects-normal/x86_64/FamilyRegistrationViewModel.o -o /Users/sergejhlystov/Library/Developer/Xcode/DerivedData/ALADDIN-eahryzmutvtbyceygnlyjsmiiaha/Build/Intermediates.noindex/ALADDIN.build/Debug-iphonesimulator/ALADDIN.build/Objects-normal/x86_64/CornerRadius.o -index-store-path /Users/sergejhlystov/Library/Developer/Xcode/DerivedData/ALADDIN-eahryzmutvtbyceygnlyjsmiiaha/Index/DataStore -index-system-modules
/Users/sergejhlystov/ALADDIN_NEW/ALADDIN_NEW/mobile_apps/ALADDIN_iOS/ViewModels/FamilyRegistrationViewModel.swift:65:34: error: 'FamilyRole' is ambiguous for type lookup in this context
    @Published var selectedRole: FamilyRole?
                                 ^~~~~~~~~~
/Users/sergejhlystov/ALADDIN_NEW/ALADDIN_NEW/mobile_apps/ALADDIN_iOS/ALADDINApp.swift:112:6: note: found this candidate
enum FamilyRole: String {
     ^
/Users/sergejhlystov/ALADDIN_NEW/ALADDIN_NEW/mobile_apps/ALADDIN_iOS/ViewModels/FamilyRegistrationViewModel.swift:6:6: note: found this candidate
enum FamilyRole: String, Codable, CaseIterable, Identifiable {
     ^
/Users/sergejhlystov/ALADDIN_NEW/ALADDIN_NEW/mobile_apps/ALADDIN_iOS/Screens/MainScreenWithRegistration.swift:33:25: error: referencing subscript 'subscript(dynamicMember:)' requires wrapper 'ObservedObject<FamilyRegistrationViewModel>.Wrapper'
                        registrationVM.selectedRole = .parent
                        ^
                        $
/Users/sergejhlystov/ALADDIN_NEW/ALADDIN_NEW/mobile_apps/ALADDIN_iOS/Screens/MainScreenWithRegistration.swift:33:56: error: type 'Binding<_>' has no member 'parent'
                        registrationVM.selectedRole = .parent
                                                      ~^~~~~~
/Users/sergejhlystov/ALADDIN_NEW/ALADDIN_NEW/mobile_apps/ALADDIN_iOS/ViewModels/FamilyRegistrationViewModel.swift:6:6: error: invalid redeclaration of 'FamilyRole'
enum FamilyRole: String, Codable, CaseIterable, Identifiable {
     ^
/Users/sergejhlystov/ALADDIN_NEW/ALADDIN_NEW/mobile_apps/ALADDIN_iOS/ALADDINApp.swift:112:6: note: 'FamilyRole' previously declared here
enum FamilyRole: String {
     ^
/Users/sergejhlystov/ALADDIN_NEW/ALADDIN_NEW/mobile_apps/ALADDIN_iOS/ViewModels/FamilyRegistrationViewModel.swift:25:15: error: 'FamilyRole' is ambiguous for type lookup in this context
    var role: FamilyRole
              ^~~~~~~~~~
/Users/sergejhlystov/ALADDIN_NEW/ALADDIN_NEW/mobile_apps/ALADDIN_iOS/ALADDINApp.swift:112:6: note: found this candidate
enum FamilyRole: String {
     ^
/Users/sergejhlystov/ALADDIN_NEW/ALADDIN_NEW/mobile_apps/ALADDIN_iOS/ViewModels/FamilyRegistrationViewModel.swift:6:6: note: found this candidate
enum FamilyRole: String, Codable, CaseIterable, Identifiable {
     ^
/Users/sergejhlystov/ALADDIN_NEW/ALADDIN_NEW/mobile_apps/ALADDIN_iOS/ViewModels/FamilyRegistrationViewModel.swift:25:9: note: cannot automatically synthesize 'Decodable' because 'FamilyRole' does not conform to 'Decodable'
    var role: FamilyRole
        ^
/Users/sergejhlystov/ALADDIN_NEW/ALADDIN_NEW/mobile_apps/ALADDIN_iOS/ViewModels/FamilyRegistrationViewModel.swift:22:8: error: type 'FamilyMember' does not conform to protocol 'Decodable'
struct FamilyMember: Codable, Identifiable {
       ^
Swift.Decodable:2:5: note: protocol requires initializer 'init(from:)' with type 'Decodable'
    init(from decoder: Decoder) throws
    ^
/Users/sergejhlystov/ALADDIN_NEW/ALADDIN_NEW/mobile_apps/ALADDIN_iOS/ViewModels/FamilyRegistrationViewModel.swift:25:9: note: cannot automatically synthesize 'Encodable' because 'FamilyRole' does not conform to 'Encodable'
    var role: FamilyRole
        ^
/Users/sergejhlystov/ALADDIN_NEW/ALADDIN_NEW/mobile_apps/ALADDIN_iOS/ViewModels/FamilyRegistrationViewModel.swift:22:8: error: type 'FamilyMember' does not conform to protocol 'Encodable'
struct FamilyMember: Codable, Identifiable {
       ^
Swift.Encodable:2:10: note: protocol requires function 'encode(to:)' with type 'Encodable'
    func encode(to encoder: Encoder) throws
         ^
/Users/sergejhlystov/ALADDIN_NEW/ALADDIN_NEW/mobile_apps/ALADDIN_iOS/ViewModels/FamilyRegistrationViewModel.swift:94:31: error: 'FamilyRole' is ambiguous for type lookup in this context
    func saveUserRole(_ role: FamilyRole) {
                              ^~~~~~~~~~
/Users/sergejhlystov/ALADDIN_NEW/ALADDIN_NEW/mobile_apps/ALADDIN_iOS/ALADDINApp.swift:112:6: note: found this candidate
enum FamilyRole: String {
     ^
/Users/sergejhlystov/ALADDIN_NEW/ALADDIN_NEW/mobile_apps/ALADDIN_iOS/ViewModels/FamilyRegistrationViewModel.swift:6:6: note: found this candidate
enum FamilyRole: String, Codable, CaseIterable, Identifiable {
     ^
/Users/sergejhlystov/ALADDIN_NEW/ALADDIN_NEW/mobile_apps/ALADDIN_iOS/ViewModels/FamilyRegistrationViewModel.swift:102:34: error: 'FamilyRole' is ambiguous for type lookup in this context
    func getCurrentUserRole() -> FamilyRole? {
                                 ^~~~~~~~~~
/Users/sergejhlystov/ALADDIN_NEW/ALADDIN_NEW/mobile_apps/ALADDIN_iOS/ALADDINApp.swift:112:6: note: found this candidate
enum FamilyRole: String {
     ^
/Users/sergejhlystov/ALADDIN_NEW/ALADDIN_NEW/mobile_apps/ALADDIN_iOS/ViewModels/FamilyRegistrationViewModel.swift:6:6: note: found this candidate
enum FamilyRole: String, Codable, CaseIterable, Identifiable {
     ^
/Users/sergejhlystov/ALADDIN_NEW/ALADDIN_NEW/mobile_apps/ALADDIN_iOS/ViewModels/FamilyRegistrationViewModel.swift:170:33: error: 'FamilyRole' is ambiguous for type lookup in this context
    func onRoleSelected(_ role: FamilyRole) {
                                ^~~~~~~~~~
/Users/sergejhlystov/ALADDIN_NEW/ALADDIN_NEW/mobile_apps/ALADDIN_iOS/ALADDINApp.swift:112:6: note: found this candidate
enum FamilyRole: String {
     ^
/Users/sergejhlystov/ALADDIN_NEW/ALADDIN_NEW/mobile_apps/ALADDIN_iOS/ViewModels/FamilyRegistrationViewModel.swift:6:6: note: found this candidate
enum FamilyRole: String, Codable, CaseIterable, Identifiable {
     ^
/Users/sergejhlystov/ALADDIN_NEW/ALADDIN_NEW/mobile_apps/ALADDIN_iOS/ViewModels/FamilyRegistrationViewModel.swift:202:26: error: type of expression is ambiguous without more context
        guard let role = selectedRole,
                         ^~~~~~~~~~~~
/Users/sergejhlystov/ALADDIN_NEW/ALADDIN_NEW/mobile_apps/ALADDIN_iOS/ViewModels/FamilyRegistrationViewModel.swift:251:26: error: type of expression is ambiguous without more context
        guard let role = selectedRole,
                         ^~~~~~~~~~~~
/Users/sergejhlystov/ALADDIN_NEW/ALADDIN_NEW/mobile_apps/ALADDIN_iOS/ViewModels/FamilyRegistrationViewModel.swift:25:9: note: cannot automatically synthesize 'Decodable' because 'FamilyRole' does not conform to 'Decodable'
    var role: FamilyRole
        ^
/Users/sergejhlystov/ALADDIN_NEW/ALADDIN_NEW/mobile_apps/ALADDIN_iOS/ViewModels/FamilyRegistrationViewModel.swift:22:8: error: type 'FamilyMember' does not conform to protocol 'Decodable'
struct FamilyMember: Codable, Identifiable {
       ^
Swift.Decodable:2:5: note: protocol requires initializer 'init(from:)' with type 'Decodable'
    init(from decoder: Decoder) throws
    ^
/Users/sergejhlystov/Library/Developer/Xcode/DerivedData/ALADDIN-eahryzmutvtbyceygnlyjsmiiaha/Build/Intermediates.noindex/ALADDIN.build/Debug-iphonesimulator/ALADDIN.build/Objects-normal/x86_64/ViewModifiers.dia:1:1: warning: Could not read serialized diagnostics file: error("Invalid diagnostics signature") (in target 'ALADDIN' from project 'ALADDIN')
Command CompileSwift failed with a nonzero exit code

CompileSwift normal x86_64 /Users/sergejhlystov/ALADDIN_NEW/ALADDIN_NEW/mobile_apps/ALADDIN_iOS/Shared/Components/HapticFeedback.swift (in target 'ALADDIN' from project 'ALADDIN')
    cd /Users/sergejhlystov/ALADDIN_NEW/ALADDIN_NEW/mobile_apps/ALADDIN_iOS
    /Applications/Xcode.app/Contents/Developer/Toolchains/XcodeDefault.xctoolchain/usr/bin/swift-frontend -frontend -c /Users/sergejhlystov/ALADDIN_NEW/ALADDIN_NEW/mobile_apps/ALADDIN_iOS/Screens/RewardsQuickModal.swift /Users/sergejhlystov/ALADDIN_NEW/ALADDIN_NEW/mobile_apps/ALADDIN_iOS/Screens/08_ChildInterfaceScreen.swift /Users/sergejhlystov/ALADDIN_NEW/ALADDIN_NEW/mobile_apps/ALADDIN_iOS/ContentView.swift /Users/sergejhlystov/ALADDIN_NEW/ALADDIN_NEW/mobile_apps/ALADDIN_iOS/Shared/Components/ALADDINToggle.swift /Users/sergejhlystov/ALADDIN_NEW/ALADDIN_NEW/mobile_apps/ALADDIN_iOS/Components/Modals/AgeGroupSelectionModal.swift /Users/sergejhlystov/ALADDIN_NEW/ALADDIN_NEW/mobile_apps/ALADDIN_iOS/ALADDINApp.swift /Users/sergejhlystov/ALADDIN_NEW/ALADDIN_NEW/mobile_apps/ALADDIN_iOS/Shared/Models/FunctionStatus.swift /Users/sergejhlystov/ALADDIN_NEW/ALADDIN_NEW/mobile_apps/ALADDIN_iOS/ViewModels/MainViewModel.swift /Users/sergejhlystov/ALADDIN_NEW/ALADDIN_NEW/mobile_apps/ALADDIN_iOS/Shared/Components/Buttons/PrimaryButton.swift /Users/sergejhlystov/ALADDIN_NEW/ALADDIN_NEW/mobile_apps/ALADDIN_iOS/Screens/NotificationSettingsScreen.swift /Users/sergejhlystov/ALADDIN_NEW/ALADDIN_NEW/mobile_apps/ALADDIN_iOS/Screens/ChildContentScreen.swift /Users/sergejhlystov/ALADDIN_NEW/ALADDIN_NEW/mobile_apps/ALADDIN_iOS/Shared/Components/StatItem.swift /Users/sergejhlystov/ALADDIN_NEW/ALADDIN_NEW/mobile_apps/ALADDIN_iOS/Shared/Components/Cards/FamilyMemberCard.swift /Users/sergejhlystov/ALADDIN_NEW/ALADDIN_NEW/mobile_apps/ALADDIN_iOS/ViewModels/VPNViewModel.swift /Users/sergejhlystov/ALADDIN_NEW/ALADDIN_NEW/mobile_apps/ALADDIN_iOS/Core/Models/APIModels.swift /Users/sergejhlystov/ALADDIN_NEW/ALADDIN_NEW/mobile_apps/ALADDIN_iOS/Core/VPN/VPNManager.swift /Users/sergejhlystov/ALADDIN_NEW/ALADDIN_NEW/mobile_apps/ALADDIN_iOS/Screens/UnicornPetView.swift /Users/sergejhlystov/ALADDIN_NEW/ALADDIN_NEW/mobile_apps/ALADDIN_iOS/Core/Network/APIService.swift /Users/sergejhlystov/ALADDIN_NEW/ALADDIN_NEW/mobile_apps/ALADDIN_iOS/Screens/18_PrivacyPolicyScreen.swift /Users/sergejhlystov/ALADDIN_NEW/ALADDIN_NEW/mobile_apps/ALADDIN_iOS/Screens/10_TariffsScreen.swift /Users/sergejhlystov/ALADDIN_NEW/ALADDIN_NEW/mobile_apps/ALADDIN_iOS/Screens/03_VPNScreen.swift /Users/sergejhlystov/ALADDIN_NEW/ALADDIN_NEW/mobile_apps/ALADDIN_iOS/Screens/09_ElderlyInterfaceScreen.swift /Users/sergejhlystov/ALADDIN_NEW/ALADDIN_NEW/mobile_apps/ALADDIN_iOS/Shared/Components/SecondaryButton.swift /Users/sergejhlystov/ALADDIN_NEW/ALADDIN_NEW/mobile_apps/ALADDIN_iOS/Screens/11_ProfileScreen.swift /Users/sergejhlystov/ALADDIN_NEW/ALADDIN_NEW/mobile_apps/ALADDIN_iOS/Core/Network/NetworkManager.swift /Users/sergejhlystov/ALADDIN_NEW/ALADDIN_NEW/mobile_apps/ALADDIN_iOS/Screens/19_TermsOfServiceScreen.swift /Users/sergejhlystov/ALADDIN_NEW/ALADDIN_NEW/mobile_apps/ALADDIN_iOS/Core/Config/AppConfig.swift /Users/sergejhlystov/ALADDIN_NEW/ALADDIN_NEW/mobile_apps/ALADDIN_iOS/ViewModels/FamilyViewModel.swift /Users/sergejhlystov/ALADDIN_NEW/ALADDIN_NEW/mobile_apps/ALADDIN_iOS/ViewModels/AIAssistantViewModel.swift /Users/sergejhlystov/ALADDIN_NEW/ALADDIN_NEW/mobile_apps/ALADDIN_iOS/Screens/22_DeviceDetailScreen.swift /Users/sergejhlystov/ALADDIN_NEW/ALADDIN_NEW/mobile_apps/ALADDIN_iOS/Screens/WidgetConfigurationScreen.swift /Users/sergejhlystov/ALADDIN_NEW/ALADDIN_NEW/mobile_apps/ALADDIN_iOS/Core/Security/KeychainManager.swift /Users/sergejhlystov/ALADDIN_NEW/ALADDIN_NEW/mobile_apps/ALADDIN_iOS/Shared/Components/Modals/MemberStatsModalView.swift /Users/sergejhlystov/ALADDIN_NEW/ALADDIN_NEW/mobile_apps/ALADDIN_iOS/Shared/Styles/Spacing.swift /Users/sergejhlystov/ALADDIN_NEW/ALADDIN_NEW/mobile_apps/ALADDIN_iOS/Shared/Components/RecoveryOptionsModal.swift /Users/sergejhlystov/ALADDIN_NEW/ALADDIN_NEW/mobile_apps/ALADDIN_iOS/ViewModels/SettingsViewModel.swift /Users/sergejhlystov/ALADDIN_NEW/ALADDIN_NEW/mobile_apps/ALADDIN_iOS/Shared/Components/InfoRow.swift /Users/sergejhlystov/ALADDIN_NEW/ALADDIN_NEW/mobile_apps/ALADDIN_iOS/Screens/25_PaymentQRScreen.swift /Users/sergejhlystov/ALADDIN_NEW/ALADDIN_NEW/mobile_apps/ALADDIN_iOS/Shared/Components/Modals/RoleSelectionModal.swift /Users/sergejhlystov/ALADDIN_NEW/ALADDIN_NEW/mobile_apps/ALADDIN_iOS/ViewModels/SupportViewModel.swift /Users/sergejhlystov/ALADDIN_NEW/ALADDIN_NEW/mobile_apps/ALADDIN_iOS/ViewModels/ChildInterfaceViewModel.swift /Users/sergejhlystov/ALADDIN_NEW/ALADDIN_NEW/mobile_apps/ALADDIN_iOS/Screens/12_NotificationsScreen.swift /Users/sergejhlystov/ALADDIN_NEW/ALADDIN_NEW/mobile_apps/ALADDIN_iOS/ViewModels/ElderlyInterfaceViewModel.swift /Users/sergejhlystov/ALADDIN_NEW/ALADDIN_NEW/mobile_apps/ALADDIN_iOS/ViewModels/AnalyticsViewModel.swift /Users/sergejhlystov/ALADDIN_NEW/ALADDIN_NEW/mobile_apps/ALADDIN_iOS/Core/Cache/CacheManager.swift /Users/sergejhlystov/ALADDIN_NEW/ALADDIN_NEW/mobile_apps/ALADDIN_iOS/ViewModels/NotificationsViewModel.swift /Users/sergejhlystov/ALADDIN_NEW/ALADDIN_NEW/mobile_apps/ALADDIN_iOS/Screens/06_AIAssistantScreen.swift /Users/sergejhlystov/ALADDIN_NEW/ALADDIN_NEW/mobile_apps/ALADDIN_iOS/ViewModels/ProfileViewModel.swift /Users/sergejhlystov/ALADDIN_NEW/ALADDIN_NEW/mobile_apps/ALADDIN_iOS/Components/Modals/ConsentModal.swift /Users/sergejhlystov/ALADDIN_NEW/ALADDIN_NEW/mobile_apps/ALADDIN_iOS/ViewModels/ParentalControlViewModel.swift /Users/sergejhlystov/ALADDIN_NEW/ALADDIN_NEW/mobile_apps/ALADDIN_iOS/ViewModels/OnboardingViewModel.swift /Users/sergejhlystov/ALADDIN_NEW/ALADDIN_NEW/mobile_apps/ALADDIN_iOS/Shared/Styles/Colors.swift /Users/sergejhlystov/ALADDIN_NEW/ALADDIN_NEW/mobile_apps/ALADDIN_iOS/Screens/ChildRewardsScreen.swift /Users/sergejhlystov/ALADDIN_NEW/ALADDIN_NEW/mobile_apps/ALADDIN_iOS/Screens/21_ReferralScreen.swift /Users/sergejhlystov/ALADDIN_NEW/ALADDIN_NEW/mobile_apps/ALADDIN_iOS/Shared/Components/AvatarSelector.swift /Users/sergejhlystov/ALADDIN_NEW/ALADDIN_NEW/mobile_apps/ALADDIN_iOS/Shared/Components/Navigation/ALADDINNavigationBar.swift /Users/sergejhlystov/ALADDIN_NEW/ALADDIN_NEW/mobile_apps/ALADDIN_iOS/Screens/14_OnboardingScreen.swift /Users/sergejhlystov/ALADDIN_NEW/ALADDIN_NEW/mobile_apps/ALADDIN_iOS/Components/Modals/FamilyCreatedModal.swift /Users/sergejhlystov/ALADDIN_NEW/ALADDIN_NEW/mobile_apps/ALADDIN_iOS/ViewModels/PaymentQRViewModel.swift /Users/sergejhlystov/ALADDIN_NEW/ALADDIN_NEW/mobile_apps/ALADDIN_iOS/Core/Navigation/NavigationManager.swift /Users/sergejhlystov/ALADDIN_NEW/ALADDIN_NEW/mobile_apps/ALADDIN_iOS/Core/Accessibility/AccessibilityManager.swift /Users/sergejhlystov/ALADDIN_NEW/ALADDIN_NEW/mobile_apps/ALADDIN_iOS/Core/Store/StoreManager.swift /Users/sergejhlystov/ALADDIN_NEW/ALADDIN_NEW/mobile_apps/ALADDIN_iOS/Screens/WheelOfFortuneView.swift /Users/sergejhlystov/ALADDIN_NEW/ALADDIN_NEW/mobile_apps/ALADDIN_iOS/Screens/UnicornUniverseView.swift /Users/sergejhlystov/ALADDIN_NEW/ALADDIN_NEW/mobile_apps/ALADDIN_iOS/Core/Localization/LocalizationManager.swift /Users/sergejhlystov/ALADDIN_NEW/ALADDIN_NEW/mobile_apps/ALADDIN_iOS/Screens/13_SupportScreen.swift /Users/sergejhlystov/ALADDIN_NEW/ALADDIN_NEW/mobile_apps/ALADDIN_iOS/Core/Analytics/AnalyticsManager.swift /Users/sergejhlystov/ALADDIN_NEW/ALADDIN_NEW/mobile_apps/ALADDIN_iOS/Screens/07_ParentalControlScreen.swift /Users/sergejhlystov/ALADDIN_NEW/ALADDIN_NEW/mobile_apps/ALADDIN_iOS/Screens/05_SettingsScreen.swift -primary-file /Users/sergejhlystov/ALADDIN_NEW/ALADDIN_NEW/mobile_apps/ALADDIN_iOS/Screens/RewardsModalView.swift -primary-file /Users/sergejhlystov/ALADDIN_NEW/ALADDIN_NEW/mobile_apps/ALADDIN_iOS/Screens/23_FamilyChatScreen.swift -primary-file /Users/sergejhlystov/ALADDIN_NEW/ALADDIN_NEW/mobile_apps/ALADDIN_iOS/Screens/02_FamilyScreen.swift -primary-file /Users/sergejhlystov/ALADDIN_NEW/ALADDIN_NEW/mobile_apps/ALADDIN_iOS/Screens/20_DevicesScreen.swift -primary-file /Users/sergejhlystov/ALADDIN_NEW/ALADDIN_NEW/mobile_apps/ALADDIN_iOS/Shared/Components/ViewModifiers.swift -primary-file /Users/sergejhlystov/ALADDIN_NEW/ALADDIN_NEW/mobile_apps/ALADDIN_iOS/Shared/Components/HapticFeedback.swift -primary-file /Users/sergejhlystov/ALADDIN_NEW/ALADDIN_NEW/mobile_apps/ALADDIN_iOS/Screens/MainScreenWithRegistration.swift -primary-file /Users/sergejhlystov/ALADDIN_NEW/ALADDIN_NEW/mobile_apps/ALADDIN_iOS/Core/Network/NetworkError.swift -primary-file /Users/sergejhlystov/ALADDIN_NEW/ALADDIN_NEW/mobile_apps/ALADDIN_iOS/Screens/LanguageSettingsScreen.swift -primary-file /Users/sergejhlystov/ALADDIN_NEW/ALADDIN_NEW/mobile_apps/ALADDIN_iOS/ViewModels/FamilyRegistrationViewModel.swift -primary-file /Users/sergejhlystov/ALADDIN_NEW/ALADDIN_NEW/mobile_apps/ALADDIN_iOS/Shared/Styles/CornerRadius.swift /Users/sergejhlystov/ALADDIN_NEW/ALADDIN_NEW/mobile_apps/ALADDIN_iOS/Screens/01_MainScreen.swift /Users/sergejhlystov/ALADDIN_NEW/ALADDIN_NEW/mobile_apps/ALADDIN_iOS/Screens/FamilyTournamentView.swift /Users/sergejhlystov/ALADDIN_NEW/ALADDIN_NEW/mobile_apps/ALADDIN_iOS/Shared/Styles/Fonts.swift /Users/sergejhlystov/ALADDIN_NEW/ALADDIN_NEW/mobile_apps/ALADDIN_iOS/Screens/GamesParentalControlView.swift /Users/sergejhlystov/ALADDIN_NEW/ALADDIN_NEW/mobile_apps/ALADDIN_iOS/Shared/Components/QRScannerModal.swift /Users/sergejhlystov/ALADDIN_NEW/ALADDIN_NEW/mobile_apps/ALADDIN_iOS/Screens/04_AnalyticsScreen.swift /Users/sergejhlystov/ALADDIN_NEW/ALADDIN_NEW/mobile_apps/ALADDIN_iOS/Screens/24_VPNEnergyStatsScreen.swift /Users/sergejhlystov/ALADDIN_NEW/ALADDIN_NEW/mobile_apps/ALADDIN_iOS/Shared/Components/Modals/ProfileEditView.swift /Users/sergejhlystov/ALADDIN_NEW/ALADDIN_NEW/mobile_apps/ALADDIN_iOS/ViewModels/TariffsViewModel.swift /Users/sergejhlystov/ALADDIN_NEW/ALADDIN_NEW/mobile_apps/ALADDIN_iOS/Core/Notifications/NotificationManager.swift /Users/sergejhlystov/ALADDIN_NEW/ALADDIN_NEW/mobile_apps/ALADDIN_iOS/Core/Security/SecurityManager.swift -supplementary-output-file-map /var/folders/rf/6rxcyql17sz57_02ng7jd7pr0000gn/T/TemporaryDirectory.wFGpdC/supplementaryOutputs-7 -target x86_64-apple-ios15.0-simulator -enable-objc-interop -sdk /Applications/Xcode.app/Contents/Developer/Platforms/iPhoneSimulator.platform/Developer/SDKs/iPhoneSimulator15.2.sdk -I /Users/sergejhlystov/Library/Developer/Xcode/DerivedData/ALADDIN-eahryzmutvtbyceygnlyjsmiiaha/Build/Products/Debug-iphonesimulator -F /Users/sergejhlystov/Library/Developer/Xcode/DerivedData/ALADDIN-eahryzmutvtbyceygnlyjsmiiaha/Build/Products/Debug-iphonesimulator -enable-testing -g -module-cache-path /Users/sergejhlystov/Library/Developer/Xcode/DerivedData/ModuleCache.noindex -emit-localized-strings -emit-localized-strings-path /Users/sergejhlystov/Library/Developer/Xcode/DerivedData/ALADDIN-eahryzmutvtbyceygnlyjsmiiaha/Build/Intermediates.noindex/ALADDIN.build/Debug-iphonesimulator/ALADDIN.build/Objects-normal/x86_64 -swift-version 5 -enforce-exclusivity\=checked -Onone -D DEBUG -new-driver-path /Applications/Xcode.app/Contents/Developer/Toolchains/XcodeDefault.xctoolchain/usr/bin/swift-driver -serialize-debugging-options -Xcc -working-directory -Xcc /Users/sergejhlystov/ALADDIN_NEW/ALADDIN_NEW/mobile_apps/ALADDIN_iOS -resource-dir /Applications/Xcode.app/Contents/Developer/Toolchains/XcodeDefault.xctoolchain/usr/lib/swift -enable-anonymous-context-mangled-names -Xcc -I/Users/sergejhlystov/Library/Developer/Xcode/DerivedData/ALADDIN-eahryzmutvtbyceygnlyjsmiiaha/Build/Intermediates.noindex/ALADDIN.build/Debug-iphonesimulator/ALADDIN.build/swift-overrides.hmap -Xcc -iquote -Xcc /Users/sergejhlystov/Library/Developer/Xcode/DerivedData/ALADDIN-eahryzmutvtbyceygnlyjsmiiaha/Build/Intermediates.noindex/ALADDIN.build/Debug-iphonesimulator/ALADDIN.build/ALADDIN-generated-files.hmap -Xcc -I/Users/sergejhlystov/Library/Developer/Xcode/DerivedData/ALADDIN-eahryzmutvtbyceygnlyjsmiiaha/Build/Intermediates.noindex/ALADDIN.build/Debug-iphonesimulator/ALADDIN.build/ALADDIN-own-target-headers.hmap -Xcc -I/Users/sergejhlystov/Library/Developer/Xcode/DerivedData/ALADDIN-eahryzmutvtbyceygnlyjsmiiaha/Build/Intermediates.noindex/ALADDIN.build/Debug-iphonesimulator/ALADDIN.build/ALADDIN-all-target-headers.hmap -Xcc -iquote -Xcc /Users/sergejhlystov/Library/Developer/Xcode/DerivedData/ALADDIN-eahryzmutvtbyceygnlyjsmiiaha/Build/Intermediates.noindex/ALADDIN.build/Debug-iphonesimulator/ALADDIN.build/ALADDIN-project-headers.hmap -Xcc -I/Users/sergejhlystov/Library/Developer/Xcode/DerivedData/ALADDIN-eahryzmutvtbyceygnlyjsmiiaha/Build/Products/Debug-iphonesimulator/include -Xcc -I/Users/sergejhlystov/Library/Developer/Xcode/DerivedData/ALADDIN-eahryzmutvtbyceygnlyjsmiiaha/Build/Intermediates.noindex/ALADDIN.build/Debug-iphonesimulator/ALADDIN.build/DerivedSources-normal/x86_64 -Xcc -I/Users/sergejhlystov/Library/Developer/Xcode/DerivedData/ALADDIN-eahryzmutvtbyceygnlyjsmiiaha/Build/Intermediates.noindex/ALADDIN.build/Debug-iphonesimulator/ALADDIN.build/DerivedSources/x86_64 -Xcc -I/Users/sergejhlystov/Library/Developer/Xcode/DerivedData/ALADDIN-eahryzmutvtbyceygnlyjsmiiaha/Build/Intermediates.noindex/ALADDIN.build/Debug-iphonesimulator/ALADDIN.build/DerivedSources -Xcc -DDEBUG\=1 -module-name ALADDIN -target-sdk-version 15.2.0 -o /Users/sergejhlystov/Library/Developer/Xcode/DerivedData/ALADDIN-eahryzmutvtbyceygnlyjsmiiaha/Build/Intermediates.noindex/ALADDIN.build/Debug-iphonesimulator/ALADDIN.build/Objects-normal/x86_64/RewardsModalView.o -o /Users/sergejhlystov/Library/Developer/Xcode/DerivedData/ALADDIN-eahryzmutvtbyceygnlyjsmiiaha/Build/Intermediates.noindex/ALADDIN.build/Debug-iphonesimulator/ALADDIN.build/Objects-normal/x86_64/23_FamilyChatScreen.o -o /Users/sergejhlystov/Library/Developer/Xcode/DerivedData/ALADDIN-eahryzmutvtbyceygnlyjsmiiaha/Build/Intermediates.noindex/ALADDIN.build/Debug-iphonesimulator/ALADDIN.build/Objects-normal/x86_64/02_FamilyScreen.o -o /Users/sergejhlystov/Library/Developer/Xcode/DerivedData/ALADDIN-eahryzmutvtbyceygnlyjsmiiaha/Build/Intermediates.noindex/ALADDIN.build/Debug-iphonesimulator/ALADDIN.build/Objects-normal/x86_64/20_DevicesScreen.o -o /Users/sergejhlystov/Library/Developer/Xcode/DerivedData/ALADDIN-eahryzmutvtbyceygnlyjsmiiaha/Build/Intermediates.noindex/ALADDIN.build/Debug-iphonesimulator/ALADDIN.build/Objects-normal/x86_64/ViewModifiers.o -o /Users/sergejhlystov/Library/Developer/Xcode/DerivedData/ALADDIN-eahryzmutvtbyceygnlyjsmiiaha/Build/Intermediates.noindex/ALADDIN.build/Debug-iphonesimulator/ALADDIN.build/Objects-normal/x86_64/HapticFeedback.o -o /Users/sergejhlystov/Library/Developer/Xcode/DerivedData/ALADDIN-eahryzmutvtbyceygnlyjsmiiaha/Build/Intermediates.noindex/ALADDIN.build/Debug-iphonesimulator/ALADDIN.build/Objects-normal/x86_64/MainScreenWithRegistration.o -o /Users/sergejhlystov/Library/Developer/Xcode/DerivedData/ALADDIN-eahryzmutvtbyceygnlyjsmiiaha/Build/Intermediates.noindex/ALADDIN.build/Debug-iphonesimulator/ALADDIN.build/Objects-normal/x86_64/NetworkError.o -o /Users/sergejhlystov/Library/Developer/Xcode/DerivedData/ALADDIN-eahryzmutvtbyceygnlyjsmiiaha/Build/Intermediates.noindex/ALADDIN.build/Debug-iphonesimulator/ALADDIN.build/Objects-normal/x86_64/LanguageSettingsScreen.o -o /Users/sergejhlystov/Library/Developer/Xcode/DerivedData/ALADDIN-eahryzmutvtbyceygnlyjsmiiaha/Build/Intermediates.noindex/ALADDIN.build/Debug-iphonesimulator/ALADDIN.build/Objects-normal/x86_64/FamilyRegistrationViewModel.o -o /Users/sergejhlystov/Library/Developer/Xcode/DerivedData/ALADDIN-eahryzmutvtbyceygnlyjsmiiaha/Build/Intermediates.noindex/ALADDIN.build/Debug-iphonesimulator/ALADDIN.build/Objects-normal/x86_64/CornerRadius.o -index-store-path /Users/sergejhlystov/Library/Developer/Xcode/DerivedData/ALADDIN-eahryzmutvtbyceygnlyjsmiiaha/Index/DataStore -index-system-modules
/Users/sergejhlystov/ALADDIN_NEW/ALADDIN_NEW/mobile_apps/ALADDIN_iOS/ViewModels/FamilyRegistrationViewModel.swift:65:34: error: 'FamilyRole' is ambiguous for type lookup in this context
    @Published var selectedRole: FamilyRole?
                                 ^~~~~~~~~~
/Users/sergejhlystov/ALADDIN_NEW/ALADDIN_NEW/mobile_apps/ALADDIN_iOS/ALADDINApp.swift:112:6: note: found this candidate
enum FamilyRole: String {
     ^
/Users/sergejhlystov/ALADDIN_NEW/ALADDIN_NEW/mobile_apps/ALADDIN_iOS/ViewModels/FamilyRegistrationViewModel.swift:6:6: note: found this candidate
enum FamilyRole: String, Codable, CaseIterable, Identifiable {
     ^
/Users/sergejhlystov/ALADDIN_NEW/ALADDIN_NEW/mobile_apps/ALADDIN_iOS/Screens/MainScreenWithRegistration.swift:33:25: error: referencing subscript 'subscript(dynamicMember:)' requires wrapper 'ObservedObject<FamilyRegistrationViewModel>.Wrapper'
                        registrationVM.selectedRole = .parent
                        ^
                        $
/Users/sergejhlystov/ALADDIN_NEW/ALADDIN_NEW/mobile_apps/ALADDIN_iOS/Screens/MainScreenWithRegistration.swift:33:56: error: type 'Binding<_>' has no member 'parent'
                        registrationVM.selectedRole = .parent
                                                      ~^~~~~~
/Users/sergejhlystov/ALADDIN_NEW/ALADDIN_NEW/mobile_apps/ALADDIN_iOS/ViewModels/FamilyRegistrationViewModel.swift:6:6: error: invalid redeclaration of 'FamilyRole'
enum FamilyRole: String, Codable, CaseIterable, Identifiable {
     ^
/Users/sergejhlystov/ALADDIN_NEW/ALADDIN_NEW/mobile_apps/ALADDIN_iOS/ALADDINApp.swift:112:6: note: 'FamilyRole' previously declared here
enum FamilyRole: String {
     ^
/Users/sergejhlystov/ALADDIN_NEW/ALADDIN_NEW/mobile_apps/ALADDIN_iOS/ViewModels/FamilyRegistrationViewModel.swift:25:15: error: 'FamilyRole' is ambiguous for type lookup in this context
    var role: FamilyRole
              ^~~~~~~~~~
/Users/sergejhlystov/ALADDIN_NEW/ALADDIN_NEW/mobile_apps/ALADDIN_iOS/ALADDINApp.swift:112:6: note: found this candidate
enum FamilyRole: String {
     ^
/Users/sergejhlystov/ALADDIN_NEW/ALADDIN_NEW/mobile_apps/ALADDIN_iOS/ViewModels/FamilyRegistrationViewModel.swift:6:6: note: found this candidate
enum FamilyRole: String, Codable, CaseIterable, Identifiable {
     ^
/Users/sergejhlystov/ALADDIN_NEW/ALADDIN_NEW/mobile_apps/ALADDIN_iOS/ViewModels/FamilyRegistrationViewModel.swift:25:9: note: cannot automatically synthesize 'Decodable' because 'FamilyRole' does not conform to 'Decodable'
    var role: FamilyRole
        ^
/Users/sergejhlystov/ALADDIN_NEW/ALADDIN_NEW/mobile_apps/ALADDIN_iOS/ViewModels/FamilyRegistrationViewModel.swift:22:8: error: type 'FamilyMember' does not conform to protocol 'Decodable'
struct FamilyMember: Codable, Identifiable {
       ^
Swift.Decodable:2:5: note: protocol requires initializer 'init(from:)' with type 'Decodable'
    init(from decoder: Decoder) throws
    ^
/Users/sergejhlystov/ALADDIN_NEW/ALADDIN_NEW/mobile_apps/ALADDIN_iOS/ViewModels/FamilyRegistrationViewModel.swift:25:9: note: cannot automatically synthesize 'Encodable' because 'FamilyRole' does not conform to 'Encodable'
    var role: FamilyRole
        ^
/Users/sergejhlystov/ALADDIN_NEW/ALADDIN_NEW/mobile_apps/ALADDIN_iOS/ViewModels/FamilyRegistrationViewModel.swift:22:8: error: type 'FamilyMember' does not conform to protocol 'Encodable'
struct FamilyMember: Codable, Identifiable {
       ^
Swift.Encodable:2:10: note: protocol requires function 'encode(to:)' with type 'Encodable'
    func encode(to encoder: Encoder) throws
         ^
/Users/sergejhlystov/ALADDIN_NEW/ALADDIN_NEW/mobile_apps/ALADDIN_iOS/ViewModels/FamilyRegistrationViewModel.swift:94:31: error: 'FamilyRole' is ambiguous for type lookup in this context
    func saveUserRole(_ role: FamilyRole) {
                              ^~~~~~~~~~
/Users/sergejhlystov/ALADDIN_NEW/ALADDIN_NEW/mobile_apps/ALADDIN_iOS/ALADDINApp.swift:112:6: note: found this candidate
enum FamilyRole: String {
     ^
/Users/sergejhlystov/ALADDIN_NEW/ALADDIN_NEW/mobile_apps/ALADDIN_iOS/ViewModels/FamilyRegistrationViewModel.swift:6:6: note: found this candidate
enum FamilyRole: String, Codable, CaseIterable, Identifiable {
     ^
/Users/sergejhlystov/ALADDIN_NEW/ALADDIN_NEW/mobile_apps/ALADDIN_iOS/ViewModels/FamilyRegistrationViewModel.swift:102:34: error: 'FamilyRole' is ambiguous for type lookup in this context
    func getCurrentUserRole() -> FamilyRole? {
                                 ^~~~~~~~~~
/Users/sergejhlystov/ALADDIN_NEW/ALADDIN_NEW/mobile_apps/ALADDIN_iOS/ALADDINApp.swift:112:6: note: found this candidate
enum FamilyRole: String {
     ^
/Users/sergejhlystov/ALADDIN_NEW/ALADDIN_NEW/mobile_apps/ALADDIN_iOS/ViewModels/FamilyRegistrationViewModel.swift:6:6: note: found this candidate
enum FamilyRole: String, Codable, CaseIterable, Identifiable {
     ^
/Users/sergejhlystov/ALADDIN_NEW/ALADDIN_NEW/mobile_apps/ALADDIN_iOS/ViewModels/FamilyRegistrationViewModel.swift:170:33: error: 'FamilyRole' is ambiguous for type lookup in this context
    func onRoleSelected(_ role: FamilyRole) {
                                ^~~~~~~~~~
/Users/sergejhlystov/ALADDIN_NEW/ALADDIN_NEW/mobile_apps/ALADDIN_iOS/ALADDINApp.swift:112:6: note: found this candidate
enum FamilyRole: String {
     ^
/Users/sergejhlystov/ALADDIN_NEW/ALADDIN_NEW/mobile_apps/ALADDIN_iOS/ViewModels/FamilyRegistrationViewModel.swift:6:6: note: found this candidate
enum FamilyRole: String, Codable, CaseIterable, Identifiable {
     ^
/Users/sergejhlystov/ALADDIN_NEW/ALADDIN_NEW/mobile_apps/ALADDIN_iOS/ViewModels/FamilyRegistrationViewModel.swift:202:26: error: type of expression is ambiguous without more context
        guard let role = selectedRole,
                         ^~~~~~~~~~~~
/Users/sergejhlystov/ALADDIN_NEW/ALADDIN_NEW/mobile_apps/ALADDIN_iOS/ViewModels/FamilyRegistrationViewModel.swift:251:26: error: type of expression is ambiguous without more context
        guard let role = selectedRole,
                         ^~~~~~~~~~~~
/Users/sergejhlystov/ALADDIN_NEW/ALADDIN_NEW/mobile_apps/ALADDIN_iOS/ViewModels/FamilyRegistrationViewModel.swift:25:9: note: cannot automatically synthesize 'Decodable' because 'FamilyRole' does not conform to 'Decodable'
    var role: FamilyRole
        ^
/Users/sergejhlystov/ALADDIN_NEW/ALADDIN_NEW/mobile_apps/ALADDIN_iOS/ViewModels/FamilyRegistrationViewModel.swift:22:8: error: type 'FamilyMember' does not conform to protocol 'Decodable'
struct FamilyMember: Codable, Identifiable {
       ^
Swift.Decodable:2:5: note: protocol requires initializer 'init(from:)' with type 'Decodable'
    init(from decoder: Decoder) throws
    ^
/Users/sergejhlystov/Library/Developer/Xcode/DerivedData/ALADDIN-eahryzmutvtbyceygnlyjsmiiaha/Build/Intermediates.noindex/ALADDIN.build/Debug-iphonesimulator/ALADDIN.build/Objects-normal/x86_64/HapticFeedback.dia:1:1: warning: Could not read serialized diagnostics file: error("Invalid diagnostics signature") (in target 'ALADDIN' from project 'ALADDIN')
Command CompileSwift failed with a nonzero exit code

CompileSwift normal x86_64 /Users/sergejhlystov/ALADDIN_NEW/ALADDIN_NEW/mobile_apps/ALADDIN_iOS/Screens/MainScreenWithRegistration.swift (in target 'ALADDIN' from project 'ALADDIN')
    cd /Users/sergejhlystov/ALADDIN_NEW/ALADDIN_NEW/mobile_apps/ALADDIN_iOS
    /Applications/Xcode.app/Contents/Developer/Toolchains/XcodeDefault.xctoolchain/usr/bin/swift-frontend -frontend -c /Users/sergejhlystov/ALADDIN_NEW/ALADDIN_NEW/mobile_apps/ALADDIN_iOS/Screens/RewardsQuickModal.swift /Users/sergejhlystov/ALADDIN_NEW/ALADDIN_NEW/mobile_apps/ALADDIN_iOS/Screens/08_ChildInterfaceScreen.swift /Users/sergejhlystov/ALADDIN_NEW/ALADDIN_NEW/mobile_apps/ALADDIN_iOS/ContentView.swift /Users/sergejhlystov/ALADDIN_NEW/ALADDIN_NEW/mobile_apps/ALADDIN_iOS/Shared/Components/ALADDINToggle.swift /Users/sergejhlystov/ALADDIN_NEW/ALADDIN_NEW/mobile_apps/ALADDIN_iOS/Components/Modals/AgeGroupSelectionModal.swift /Users/sergejhlystov/ALADDIN_NEW/ALADDIN_NEW/mobile_apps/ALADDIN_iOS/ALADDINApp.swift /Users/sergejhlystov/ALADDIN_NEW/ALADDIN_NEW/mobile_apps/ALADDIN_iOS/Shared/Models/FunctionStatus.swift /Users/sergejhlystov/ALADDIN_NEW/ALADDIN_NEW/mobile_apps/ALADDIN_iOS/ViewModels/MainViewModel.swift /Users/sergejhlystov/ALADDIN_NEW/ALADDIN_NEW/mobile_apps/ALADDIN_iOS/Shared/Components/Buttons/PrimaryButton.swift /Users/sergejhlystov/ALADDIN_NEW/ALADDIN_NEW/mobile_apps/ALADDIN_iOS/Screens/NotificationSettingsScreen.swift /Users/sergejhlystov/ALADDIN_NEW/ALADDIN_NEW/mobile_apps/ALADDIN_iOS/Screens/ChildContentScreen.swift /Users/sergejhlystov/ALADDIN_NEW/ALADDIN_NEW/mobile_apps/ALADDIN_iOS/Shared/Components/StatItem.swift /Users/sergejhlystov/ALADDIN_NEW/ALADDIN_NEW/mobile_apps/ALADDIN_iOS/Shared/Components/Cards/FamilyMemberCard.swift /Users/sergejhlystov/ALADDIN_NEW/ALADDIN_NEW/mobile_apps/ALADDIN_iOS/ViewModels/VPNViewModel.swift /Users/sergejhlystov/ALADDIN_NEW/ALADDIN_NEW/mobile_apps/ALADDIN_iOS/Core/Models/APIModels.swift /Users/sergejhlystov/ALADDIN_NEW/ALADDIN_NEW/mobile_apps/ALADDIN_iOS/Core/VPN/VPNManager.swift /Users/sergejhlystov/ALADDIN_NEW/ALADDIN_NEW/mobile_apps/ALADDIN_iOS/Screens/UnicornPetView.swift /Users/sergejhlystov/ALADDIN_NEW/ALADDIN_NEW/mobile_apps/ALADDIN_iOS/Core/Network/APIService.swift /Users/sergejhlystov/ALADDIN_NEW/ALADDIN_NEW/mobile_apps/ALADDIN_iOS/Screens/18_PrivacyPolicyScreen.swift /Users/sergejhlystov/ALADDIN_NEW/ALADDIN_NEW/mobile_apps/ALADDIN_iOS/Screens/10_TariffsScreen.swift /Users/sergejhlystov/ALADDIN_NEW/ALADDIN_NEW/mobile_apps/ALADDIN_iOS/Screens/03_VPNScreen.swift /Users/sergejhlystov/ALADDIN_NEW/ALADDIN_NEW/mobile_apps/ALADDIN_iOS/Screens/09_ElderlyInterfaceScreen.swift /Users/sergejhlystov/ALADDIN_NEW/ALADDIN_NEW/mobile_apps/ALADDIN_iOS/Shared/Components/SecondaryButton.swift /Users/sergejhlystov/ALADDIN_NEW/ALADDIN_NEW/mobile_apps/ALADDIN_iOS/Screens/11_ProfileScreen.swift /Users/sergejhlystov/ALADDIN_NEW/ALADDIN_NEW/mobile_apps/ALADDIN_iOS/Core/Network/NetworkManager.swift /Users/sergejhlystov/ALADDIN_NEW/ALADDIN_NEW/mobile_apps/ALADDIN_iOS/Screens/19_TermsOfServiceScreen.swift /Users/sergejhlystov/ALADDIN_NEW/ALADDIN_NEW/mobile_apps/ALADDIN_iOS/Core/Config/AppConfig.swift /Users/sergejhlystov/ALADDIN_NEW/ALADDIN_NEW/mobile_apps/ALADDIN_iOS/ViewModels/FamilyViewModel.swift /Users/sergejhlystov/ALADDIN_NEW/ALADDIN_NEW/mobile_apps/ALADDIN_iOS/ViewModels/AIAssistantViewModel.swift /Users/sergejhlystov/ALADDIN_NEW/ALADDIN_NEW/mobile_apps/ALADDIN_iOS/Screens/22_DeviceDetailScreen.swift /Users/sergejhlystov/ALADDIN_NEW/ALADDIN_NEW/mobile_apps/ALADDIN_iOS/Screens/WidgetConfigurationScreen.swift /Users/sergejhlystov/ALADDIN_NEW/ALADDIN_NEW/mobile_apps/ALADDIN_iOS/Core/Security/KeychainManager.swift /Users/sergejhlystov/ALADDIN_NEW/ALADDIN_NEW/mobile_apps/ALADDIN_iOS/Shared/Components/Modals/MemberStatsModalView.swift /Users/sergejhlystov/ALADDIN_NEW/ALADDIN_NEW/mobile_apps/ALADDIN_iOS/Shared/Styles/Spacing.swift /Users/sergejhlystov/ALADDIN_NEW/ALADDIN_NEW/mobile_apps/ALADDIN_iOS/Shared/Components/RecoveryOptionsModal.swift /Users/sergejhlystov/ALADDIN_NEW/ALADDIN_NEW/mobile_apps/ALADDIN_iOS/ViewModels/SettingsViewModel.swift /Users/sergejhlystov/ALADDIN_NEW/ALADDIN_NEW/mobile_apps/ALADDIN_iOS/Shared/Components/InfoRow.swift /Users/sergejhlystov/ALADDIN_NEW/ALADDIN_NEW/mobile_apps/ALADDIN_iOS/Screens/25_PaymentQRScreen.swift /Users/sergejhlystov/ALADDIN_NEW/ALADDIN_NEW/mobile_apps/ALADDIN_iOS/Shared/Components/Modals/RoleSelectionModal.swift /Users/sergejhlystov/ALADDIN_NEW/ALADDIN_NEW/mobile_apps/ALADDIN_iOS/ViewModels/SupportViewModel.swift /Users/sergejhlystov/ALADDIN_NEW/ALADDIN_NEW/mobile_apps/ALADDIN_iOS/ViewModels/ChildInterfaceViewModel.swift /Users/sergejhlystov/ALADDIN_NEW/ALADDIN_NEW/mobile_apps/ALADDIN_iOS/Screens/12_NotificationsScreen.swift /Users/sergejhlystov/ALADDIN_NEW/ALADDIN_NEW/mobile_apps/ALADDIN_iOS/ViewModels/ElderlyInterfaceViewModel.swift /Users/sergejhlystov/ALADDIN_NEW/ALADDIN_NEW/mobile_apps/ALADDIN_iOS/ViewModels/AnalyticsViewModel.swift /Users/sergejhlystov/ALADDIN_NEW/ALADDIN_NEW/mobile_apps/ALADDIN_iOS/Core/Cache/CacheManager.swift /Users/sergejhlystov/ALADDIN_NEW/ALADDIN_NEW/mobile_apps/ALADDIN_iOS/ViewModels/NotificationsViewModel.swift /Users/sergejhlystov/ALADDIN_NEW/ALADDIN_NEW/mobile_apps/ALADDIN_iOS/Screens/06_AIAssistantScreen.swift /Users/sergejhlystov/ALADDIN_NEW/ALADDIN_NEW/mobile_apps/ALADDIN_iOS/ViewModels/ProfileViewModel.swift /Users/sergejhlystov/ALADDIN_NEW/ALADDIN_NEW/mobile_apps/ALADDIN_iOS/Components/Modals/ConsentModal.swift /Users/sergejhlystov/ALADDIN_NEW/ALADDIN_NEW/mobile_apps/ALADDIN_iOS/ViewModels/ParentalControlViewModel.swift /Users/sergejhlystov/ALADDIN_NEW/ALADDIN_NEW/mobile_apps/ALADDIN_iOS/ViewModels/OnboardingViewModel.swift /Users/sergejhlystov/ALADDIN_NEW/ALADDIN_NEW/mobile_apps/ALADDIN_iOS/Shared/Styles/Colors.swift /Users/sergejhlystov/ALADDIN_NEW/ALADDIN_NEW/mobile_apps/ALADDIN_iOS/Screens/ChildRewardsScreen.swift /Users/sergejhlystov/ALADDIN_NEW/ALADDIN_NEW/mobile_apps/ALADDIN_iOS/Screens/21_ReferralScreen.swift /Users/sergejhlystov/ALADDIN_NEW/ALADDIN_NEW/mobile_apps/ALADDIN_iOS/Shared/Components/AvatarSelector.swift /Users/sergejhlystov/ALADDIN_NEW/ALADDIN_NEW/mobile_apps/ALADDIN_iOS/Shared/Components/Navigation/ALADDINNavigationBar.swift /Users/sergejhlystov/ALADDIN_NEW/ALADDIN_NEW/mobile_apps/ALADDIN_iOS/Screens/14_OnboardingScreen.swift /Users/sergejhlystov/ALADDIN_NEW/ALADDIN_NEW/mobile_apps/ALADDIN_iOS/Components/Modals/FamilyCreatedModal.swift /Users/sergejhlystov/ALADDIN_NEW/ALADDIN_NEW/mobile_apps/ALADDIN_iOS/ViewModels/PaymentQRViewModel.swift /Users/sergejhlystov/ALADDIN_NEW/ALADDIN_NEW/mobile_apps/ALADDIN_iOS/Core/Navigation/NavigationManager.swift /Users/sergejhlystov/ALADDIN_NEW/ALADDIN_NEW/mobile_apps/ALADDIN_iOS/Core/Accessibility/AccessibilityManager.swift /Users/sergejhlystov/ALADDIN_NEW/ALADDIN_NEW/mobile_apps/ALADDIN_iOS/Core/Store/StoreManager.swift /Users/sergejhlystov/ALADDIN_NEW/ALADDIN_NEW/mobile_apps/ALADDIN_iOS/Screens/WheelOfFortuneView.swift /Users/sergejhlystov/ALADDIN_NEW/ALADDIN_NEW/mobile_apps/ALADDIN_iOS/Screens/UnicornUniverseView.swift /Users/sergejhlystov/ALADDIN_NEW/ALADDIN_NEW/mobile_apps/ALADDIN_iOS/Core/Localization/LocalizationManager.swift /Users/sergejhlystov/ALADDIN_NEW/ALADDIN_NEW/mobile_apps/ALADDIN_iOS/Screens/13_SupportScreen.swift /Users/sergejhlystov/ALADDIN_NEW/ALADDIN_NEW/mobile_apps/ALADDIN_iOS/Core/Analytics/AnalyticsManager.swift /Users/sergejhlystov/ALADDIN_NEW/ALADDIN_NEW/mobile_apps/ALADDIN_iOS/Screens/07_ParentalControlScreen.swift /Users/sergejhlystov/ALADDIN_NEW/ALADDIN_NEW/mobile_apps/ALADDIN_iOS/Screens/05_SettingsScreen.swift -primary-file /Users/sergejhlystov/ALADDIN_NEW/ALADDIN_NEW/mobile_apps/ALADDIN_iOS/Screens/RewardsModalView.swift -primary-file /Users/sergejhlystov/ALADDIN_NEW/ALADDIN_NEW/mobile_apps/ALADDIN_iOS/Screens/23_FamilyChatScreen.swift -primary-file /Users/sergejhlystov/ALADDIN_NEW/ALADDIN_NEW/mobile_apps/ALADDIN_iOS/Screens/02_FamilyScreen.swift -primary-file /Users/sergejhlystov/ALADDIN_NEW/ALADDIN_NEW/mobile_apps/ALADDIN_iOS/Screens/20_DevicesScreen.swift -primary-file /Users/sergejhlystov/ALADDIN_NEW/ALADDIN_NEW/mobile_apps/ALADDIN_iOS/Shared/Components/ViewModifiers.swift -primary-file /Users/sergejhlystov/ALADDIN_NEW/ALADDIN_NEW/mobile_apps/ALADDIN_iOS/Shared/Components/HapticFeedback.swift -primary-file /Users/sergejhlystov/ALADDIN_NEW/ALADDIN_NEW/mobile_apps/ALADDIN_iOS/Screens/MainScreenWithRegistration.swift -primary-file /Users/sergejhlystov/ALADDIN_NEW/ALADDIN_NEW/mobile_apps/ALADDIN_iOS/Core/Network/NetworkError.swift -primary-file /Users/sergejhlystov/ALADDIN_NEW/ALADDIN_NEW/mobile_apps/ALADDIN_iOS/Screens/LanguageSettingsScreen.swift -primary-file /Users/sergejhlystov/ALADDIN_NEW/ALADDIN_NEW/mobile_apps/ALADDIN_iOS/ViewModels/FamilyRegistrationViewModel.swift -primary-file /Users/sergejhlystov/ALADDIN_NEW/ALADDIN_NEW/mobile_apps/ALADDIN_iOS/Shared/Styles/CornerRadius.swift /Users/sergejhlystov/ALADDIN_NEW/ALADDIN_NEW/mobile_apps/ALADDIN_iOS/Screens/01_MainScreen.swift /Users/sergejhlystov/ALADDIN_NEW/ALADDIN_NEW/mobile_apps/ALADDIN_iOS/Screens/FamilyTournamentView.swift /Users/sergejhlystov/ALADDIN_NEW/ALADDIN_NEW/mobile_apps/ALADDIN_iOS/Shared/Styles/Fonts.swift /Users/sergejhlystov/ALADDIN_NEW/ALADDIN_NEW/mobile_apps/ALADDIN_iOS/Screens/GamesParentalControlView.swift /Users/sergejhlystov/ALADDIN_NEW/ALADDIN_NEW/mobile_apps/ALADDIN_iOS/Shared/Components/QRScannerModal.swift /Users/sergejhlystov/ALADDIN_NEW/ALADDIN_NEW/mobile_apps/ALADDIN_iOS/Screens/04_AnalyticsScreen.swift /Users/sergejhlystov/ALADDIN_NEW/ALADDIN_NEW/mobile_apps/ALADDIN_iOS/Screens/24_VPNEnergyStatsScreen.swift /Users/sergejhlystov/ALADDIN_NEW/ALADDIN_NEW/mobile_apps/ALADDIN_iOS/Shared/Components/Modals/ProfileEditView.swift /Users/sergejhlystov/ALADDIN_NEW/ALADDIN_NEW/mobile_apps/ALADDIN_iOS/ViewModels/TariffsViewModel.swift /Users/sergejhlystov/ALADDIN_NEW/ALADDIN_NEW/mobile_apps/ALADDIN_iOS/Core/Notifications/NotificationManager.swift /Users/sergejhlystov/ALADDIN_NEW/ALADDIN_NEW/mobile_apps/ALADDIN_iOS/Core/Security/SecurityManager.swift -supplementary-output-file-map /var/folders/rf/6rxcyql17sz57_02ng7jd7pr0000gn/T/TemporaryDirectory.wFGpdC/supplementaryOutputs-7 -target x86_64-apple-ios15.0-simulator -enable-objc-interop -sdk /Applications/Xcode.app/Contents/Developer/Platforms/iPhoneSimulator.platform/Developer/SDKs/iPhoneSimulator15.2.sdk -I /Users/sergejhlystov/Library/Developer/Xcode/DerivedData/ALADDIN-eahryzmutvtbyceygnlyjsmiiaha/Build/Products/Debug-iphonesimulator -F /Users/sergejhlystov/Library/Developer/Xcode/DerivedData/ALADDIN-eahryzmutvtbyceygnlyjsmiiaha/Build/Products/Debug-iphonesimulator -enable-testing -g -module-cache-path /Users/sergejhlystov/Library/Developer/Xcode/DerivedData/ModuleCache.noindex -emit-localized-strings -emit-localized-strings-path /Users/sergejhlystov/Library/Developer/Xcode/DerivedData/ALADDIN-eahryzmutvtbyceygnlyjsmiiaha/Build/Intermediates.noindex/ALADDIN.build/Debug-iphonesimulator/ALADDIN.build/Objects-normal/x86_64 -swift-version 5 -enforce-exclusivity\=checked -Onone -D DEBUG -new-driver-path /Applications/Xcode.app/Contents/Developer/Toolchains/XcodeDefault.xctoolchain/usr/bin/swift-driver -serialize-debugging-options -Xcc -working-directory -Xcc /Users/sergejhlystov/ALADDIN_NEW/ALADDIN_NEW/mobile_apps/ALADDIN_iOS -resource-dir /Applications/Xcode.app/Contents/Developer/Toolchains/XcodeDefault.xctoolchain/usr/lib/swift -enable-anonymous-context-mangled-names -Xcc -I/Users/sergejhlystov/Library/Developer/Xcode/DerivedData/ALADDIN-eahryzmutvtbyceygnlyjsmiiaha/Build/Intermediates.noindex/ALADDIN.build/Debug-iphonesimulator/ALADDIN.build/swift-overrides.hmap -Xcc -iquote -Xcc /Users/sergejhlystov/Library/Developer/Xcode/DerivedData/ALADDIN-eahryzmutvtbyceygnlyjsmiiaha/Build/Intermediates.noindex/ALADDIN.build/Debug-iphonesimulator/ALADDIN.build/ALADDIN-generated-files.hmap -Xcc -I/Users/sergejhlystov/Library/Developer/Xcode/DerivedData/ALADDIN-eahryzmutvtbyceygnlyjsmiiaha/Build/Intermediates.noindex/ALADDIN.build/Debug-iphonesimulator/ALADDIN.build/ALADDIN-own-target-headers.hmap -Xcc -I/Users/sergejhlystov/Library/Developer/Xcode/DerivedData/ALADDIN-eahryzmutvtbyceygnlyjsmiiaha/Build/Intermediates.noindex/ALADDIN.build/Debug-iphonesimulator/ALADDIN.build/ALADDIN-all-target-headers.hmap -Xcc -iquote -Xcc /Users/sergejhlystov/Library/Developer/Xcode/DerivedData/ALADDIN-eahryzmutvtbyceygnlyjsmiiaha/Build/Intermediates.noindex/ALADDIN.build/Debug-iphonesimulator/ALADDIN.build/ALADDIN-project-headers.hmap -Xcc -I/Users/sergejhlystov/Library/Developer/Xcode/DerivedData/ALADDIN-eahryzmutvtbyceygnlyjsmiiaha/Build/Products/Debug-iphonesimulator/include -Xcc -I/Users/sergejhlystov/Library/Developer/Xcode/DerivedData/ALADDIN-eahryzmutvtbyceygnlyjsmiiaha/Build/Intermediates.noindex/ALADDIN.build/Debug-iphonesimulator/ALADDIN.build/DerivedSources-normal/x86_64 -Xcc -I/Users/sergejhlystov/Library/Developer/Xcode/DerivedData/ALADDIN-eahryzmutvtbyceygnlyjsmiiaha/Build/Intermediates.noindex/ALADDIN.build/Debug-iphonesimulator/ALADDIN.build/DerivedSources/x86_64 -Xcc -I/Users/sergejhlystov/Library/Developer/Xcode/DerivedData/ALADDIN-eahryzmutvtbyceygnlyjsmiiaha/Build/Intermediates.noindex/ALADDIN.build/Debug-iphonesimulator/ALADDIN.build/DerivedSources -Xcc -DDEBUG\=1 -module-name ALADDIN -target-sdk-version 15.2.0 -o /Users/sergejhlystov/Library/Developer/Xcode/DerivedData/ALADDIN-eahryzmutvtbyceygnlyjsmiiaha/Build/Intermediates.noindex/ALADDIN.build/Debug-iphonesimulator/ALADDIN.build/Objects-normal/x86_64/RewardsModalView.o -o /Users/sergejhlystov/Library/Developer/Xcode/DerivedData/ALADDIN-eahryzmutvtbyceygnlyjsmiiaha/Build/Intermediates.noindex/ALADDIN.build/Debug-iphonesimulator/ALADDIN.build/Objects-normal/x86_64/23_FamilyChatScreen.o -o /Users/sergejhlystov/Library/Developer/Xcode/DerivedData/ALADDIN-eahryzmutvtbyceygnlyjsmiiaha/Build/Intermediates.noindex/ALADDIN.build/Debug-iphonesimulator/ALADDIN.build/Objects-normal/x86_64/02_FamilyScreen.o -o /Users/sergejhlystov/Library/Developer/Xcode/DerivedData/ALADDIN-eahryzmutvtbyceygnlyjsmiiaha/Build/Intermediates.noindex/ALADDIN.build/Debug-iphonesimulator/ALADDIN.build/Objects-normal/x86_64/20_DevicesScreen.o -o /Users/sergejhlystov/Library/Developer/Xcode/DerivedData/ALADDIN-eahryzmutvtbyceygnlyjsmiiaha/Build/Intermediates.noindex/ALADDIN.build/Debug-iphonesimulator/ALADDIN.build/Objects-normal/x86_64/ViewModifiers.o -o /Users/sergejhlystov/Library/Developer/Xcode/DerivedData/ALADDIN-eahryzmutvtbyceygnlyjsmiiaha/Build/Intermediates.noindex/ALADDIN.build/Debug-iphonesimulator/ALADDIN.build/Objects-normal/x86_64/HapticFeedback.o -o /Users/sergejhlystov/Library/Developer/Xcode/DerivedData/ALADDIN-eahryzmutvtbyceygnlyjsmiiaha/Build/Intermediates.noindex/ALADDIN.build/Debug-iphonesimulator/ALADDIN.build/Objects-normal/x86_64/MainScreenWithRegistration.o -o /Users/sergejhlystov/Library/Developer/Xcode/DerivedData/ALADDIN-eahryzmutvtbyceygnlyjsmiiaha/Build/Intermediates.noindex/ALADDIN.build/Debug-iphonesimulator/ALADDIN.build/Objects-normal/x86_64/NetworkError.o -o /Users/sergejhlystov/Library/Developer/Xcode/DerivedData/ALADDIN-eahryzmutvtbyceygnlyjsmiiaha/Build/Intermediates.noindex/ALADDIN.build/Debug-iphonesimulator/ALADDIN.build/Objects-normal/x86_64/LanguageSettingsScreen.o -o /Users/sergejhlystov/Library/Developer/Xcode/DerivedData/ALADDIN-eahryzmutvtbyceygnlyjsmiiaha/Build/Intermediates.noindex/ALADDIN.build/Debug-iphonesimulator/ALADDIN.build/Objects-normal/x86_64/FamilyRegistrationViewModel.o -o /Users/sergejhlystov/Library/Developer/Xcode/DerivedData/ALADDIN-eahryzmutvtbyceygnlyjsmiiaha/Build/Intermediates.noindex/ALADDIN.build/Debug-iphonesimulator/ALADDIN.build/Objects-normal/x86_64/CornerRadius.o -index-store-path /Users/sergejhlystov/Library/Developer/Xcode/DerivedData/ALADDIN-eahryzmutvtbyceygnlyjsmiiaha/Index/DataStore -index-system-modules
/Users/sergejhlystov/ALADDIN_NEW/ALADDIN_NEW/mobile_apps/ALADDIN_iOS/ViewModels/FamilyRegistrationViewModel.swift:65:34: error: 'FamilyRole' is ambiguous for type lookup in this context
    @Published var selectedRole: FamilyRole?
                                 ^~~~~~~~~~
/Users/sergejhlystov/ALADDIN_NEW/ALADDIN_NEW/mobile_apps/ALADDIN_iOS/ALADDINApp.swift:112:6: note: found this candidate
enum FamilyRole: String {
     ^
/Users/sergejhlystov/ALADDIN_NEW/ALADDIN_NEW/mobile_apps/ALADDIN_iOS/ViewModels/FamilyRegistrationViewModel.swift:6:6: note: found this candidate
enum FamilyRole: String, Codable, CaseIterable, Identifiable {
     ^
/Users/sergejhlystov/ALADDIN_NEW/ALADDIN_NEW/mobile_apps/ALADDIN_iOS/Screens/MainScreenWithRegistration.swift:33:25: error: referencing subscript 'subscript(dynamicMember:)' requires wrapper 'ObservedObject<FamilyRegistrationViewModel>.Wrapper'
                        registrationVM.selectedRole = .parent
                        ^
                        $
/Users/sergejhlystov/ALADDIN_NEW/ALADDIN_NEW/mobile_apps/ALADDIN_iOS/Screens/MainScreenWithRegistration.swift:33:56: error: type 'Binding<_>' has no member 'parent'
                        registrationVM.selectedRole = .parent
                                                      ~^~~~~~
/Users/sergejhlystov/ALADDIN_NEW/ALADDIN_NEW/mobile_apps/ALADDIN_iOS/ViewModels/FamilyRegistrationViewModel.swift:6:6: error: invalid redeclaration of 'FamilyRole'
enum FamilyRole: String, Codable, CaseIterable, Identifiable {
     ^
/Users/sergejhlystov/ALADDIN_NEW/ALADDIN_NEW/mobile_apps/ALADDIN_iOS/ALADDINApp.swift:112:6: note: 'FamilyRole' previously declared here
enum FamilyRole: String {
     ^
/Users/sergejhlystov/ALADDIN_NEW/ALADDIN_NEW/mobile_apps/ALADDIN_iOS/ViewModels/FamilyRegistrationViewModel.swift:25:15: error: 'FamilyRole' is ambiguous for type lookup in this context
    var role: FamilyRole
              ^~~~~~~~~~
/Users/sergejhlystov/ALADDIN_NEW/ALADDIN_NEW/mobile_apps/ALADDIN_iOS/ALADDINApp.swift:112:6: note: found this candidate
enum FamilyRole: String {
     ^
/Users/sergejhlystov/ALADDIN_NEW/ALADDIN_NEW/mobile_apps/ALADDIN_iOS/ViewModels/FamilyRegistrationViewModel.swift:6:6: note: found this candidate
enum FamilyRole: String, Codable, CaseIterable, Identifiable {
     ^
/Users/sergejhlystov/ALADDIN_NEW/ALADDIN_NEW/mobile_apps/ALADDIN_iOS/ViewModels/FamilyRegistrationViewModel.swift:25:9: note: cannot automatically synthesize 'Decodable' because 'FamilyRole' does not conform to 'Decodable'
    var role: FamilyRole
        ^
/Users/sergejhlystov/ALADDIN_NEW/ALADDIN_NEW/mobile_apps/ALADDIN_iOS/ViewModels/FamilyRegistrationViewModel.swift:22:8: error: type 'FamilyMember' does not conform to protocol 'Decodable'
struct FamilyMember: Codable, Identifiable {
       ^
Swift.Decodable:2:5: note: protocol requires initializer 'init(from:)' with type 'Decodable'
    init(from decoder: Decoder) throws
    ^
/Users/sergejhlystov/ALADDIN_NEW/ALADDIN_NEW/mobile_apps/ALADDIN_iOS/ViewModels/FamilyRegistrationViewModel.swift:25:9: note: cannot automatically synthesize 'Encodable' because 'FamilyRole' does not conform to 'Encodable'
    var role: FamilyRole
        ^
/Users/sergejhlystov/ALADDIN_NEW/ALADDIN_NEW/mobile_apps/ALADDIN_iOS/ViewModels/FamilyRegistrationViewModel.swift:22:8: error: type 'FamilyMember' does not conform to protocol 'Encodable'
struct FamilyMember: Codable, Identifiable {
       ^
Swift.Encodable:2:10: note: protocol requires function 'encode(to:)' with type 'Encodable'
    func encode(to encoder: Encoder) throws
         ^
/Users/sergejhlystov/ALADDIN_NEW/ALADDIN_NEW/mobile_apps/ALADDIN_iOS/ViewModels/FamilyRegistrationViewModel.swift:94:31: error: 'FamilyRole' is ambiguous for type lookup in this context
    func saveUserRole(_ role: FamilyRole) {
                              ^~~~~~~~~~
/Users/sergejhlystov/ALADDIN_NEW/ALADDIN_NEW/mobile_apps/ALADDIN_iOS/ALADDINApp.swift:112:6: note: found this candidate
enum FamilyRole: String {
     ^
/Users/sergejhlystov/ALADDIN_NEW/ALADDIN_NEW/mobile_apps/ALADDIN_iOS/ViewModels/FamilyRegistrationViewModel.swift:6:6: note: found this candidate
enum FamilyRole: String, Codable, CaseIterable, Identifiable {
     ^
/Users/sergejhlystov/ALADDIN_NEW/ALADDIN_NEW/mobile_apps/ALADDIN_iOS/ViewModels/FamilyRegistrationViewModel.swift:102:34: error: 'FamilyRole' is ambiguous for type lookup in this context
    func getCurrentUserRole() -> FamilyRole? {
                                 ^~~~~~~~~~
/Users/sergejhlystov/ALADDIN_NEW/ALADDIN_NEW/mobile_apps/ALADDIN_iOS/ALADDINApp.swift:112:6: note: found this candidate
enum FamilyRole: String {
     ^
/Users/sergejhlystov/ALADDIN_NEW/ALADDIN_NEW/mobile_apps/ALADDIN_iOS/ViewModels/FamilyRegistrationViewModel.swift:6:6: note: found this candidate
enum FamilyRole: String, Codable, CaseIterable, Identifiable {
     ^
/Users/sergejhlystov/ALADDIN_NEW/ALADDIN_NEW/mobile_apps/ALADDIN_iOS/ViewModels/FamilyRegistrationViewModel.swift:170:33: error: 'FamilyRole' is ambiguous for type lookup in this context
    func onRoleSelected(_ role: FamilyRole) {
                                ^~~~~~~~~~
/Users/sergejhlystov/ALADDIN_NEW/ALADDIN_NEW/mobile_apps/ALADDIN_iOS/ALADDINApp.swift:112:6: note: found this candidate
enum FamilyRole: String {
     ^
/Users/sergejhlystov/ALADDIN_NEW/ALADDIN_NEW/mobile_apps/ALADDIN_iOS/ViewModels/FamilyRegistrationViewModel.swift:6:6: note: found this candidate
enum FamilyRole: String, Codable, CaseIterable, Identifiable {
     ^
/Users/sergejhlystov/ALADDIN_NEW/ALADDIN_NEW/mobile_apps/ALADDIN_iOS/ViewModels/FamilyRegistrationViewModel.swift:202:26: error: type of expression is ambiguous without more context
        guard let role = selectedRole,
                         ^~~~~~~~~~~~
/Users/sergejhlystov/ALADDIN_NEW/ALADDIN_NEW/mobile_apps/ALADDIN_iOS/ViewModels/FamilyRegistrationViewModel.swift:251:26: error: type of expression is ambiguous without more context
        guard let role = selectedRole,
                         ^~~~~~~~~~~~
/Users/sergejhlystov/ALADDIN_NEW/ALADDIN_NEW/mobile_apps/ALADDIN_iOS/ViewModels/FamilyRegistrationViewModel.swift:25:9: note: cannot automatically synthesize 'Decodable' because 'FamilyRole' does not conform to 'Decodable'
    var role: FamilyRole
        ^
/Users/sergejhlystov/ALADDIN_NEW/ALADDIN_NEW/mobile_apps/ALADDIN_iOS/ViewModels/FamilyRegistrationViewModel.swift:22:8: error: type 'FamilyMember' does not conform to protocol 'Decodable'
struct FamilyMember: Codable, Identifiable {
       ^
Swift.Decodable:2:5: note: protocol requires initializer 'init(from:)' with type 'Decodable'
    init(from decoder: Decoder) throws
    ^

CompileSwift normal x86_64 /Users/sergejhlystov/ALADDIN_NEW/ALADDIN_NEW/mobile_apps/ALADDIN_iOS/Core/Network/NetworkError.swift (in target 'ALADDIN' from project 'ALADDIN')
    cd /Users/sergejhlystov/ALADDIN_NEW/ALADDIN_NEW/mobile_apps/ALADDIN_iOS
    /Applications/Xcode.app/Contents/Developer/Toolchains/XcodeDefault.xctoolchain/usr/bin/swift-frontend -frontend -c /Users/sergejhlystov/ALADDIN_NEW/ALADDIN_NEW/mobile_apps/ALADDIN_iOS/Screens/RewardsQuickModal.swift /Users/sergejhlystov/ALADDIN_NEW/ALADDIN_NEW/mobile_apps/ALADDIN_iOS/Screens/08_ChildInterfaceScreen.swift /Users/sergejhlystov/ALADDIN_NEW/ALADDIN_NEW/mobile_apps/ALADDIN_iOS/ContentView.swift /Users/sergejhlystov/ALADDIN_NEW/ALADDIN_NEW/mobile_apps/ALADDIN_iOS/Shared/Components/ALADDINToggle.swift /Users/sergejhlystov/ALADDIN_NEW/ALADDIN_NEW/mobile_apps/ALADDIN_iOS/Components/Modals/AgeGroupSelectionModal.swift /Users/sergejhlystov/ALADDIN_NEW/ALADDIN_NEW/mobile_apps/ALADDIN_iOS/ALADDINApp.swift /Users/sergejhlystov/ALADDIN_NEW/ALADDIN_NEW/mobile_apps/ALADDIN_iOS/Shared/Models/FunctionStatus.swift /Users/sergejhlystov/ALADDIN_NEW/ALADDIN_NEW/mobile_apps/ALADDIN_iOS/ViewModels/MainViewModel.swift /Users/sergejhlystov/ALADDIN_NEW/ALADDIN_NEW/mobile_apps/ALADDIN_iOS/Shared/Components/Buttons/PrimaryButton.swift /Users/sergejhlystov/ALADDIN_NEW/ALADDIN_NEW/mobile_apps/ALADDIN_iOS/Screens/NotificationSettingsScreen.swift /Users/sergejhlystov/ALADDIN_NEW/ALADDIN_NEW/mobile_apps/ALADDIN_iOS/Screens/ChildContentScreen.swift /Users/sergejhlystov/ALADDIN_NEW/ALADDIN_NEW/mobile_apps/ALADDIN_iOS/Shared/Components/StatItem.swift /Users/sergejhlystov/ALADDIN_NEW/ALADDIN_NEW/mobile_apps/ALADDIN_iOS/Shared/Components/Cards/FamilyMemberCard.swift /Users/sergejhlystov/ALADDIN_NEW/ALADDIN_NEW/mobile_apps/ALADDIN_iOS/ViewModels/VPNViewModel.swift /Users/sergejhlystov/ALADDIN_NEW/ALADDIN_NEW/mobile_apps/ALADDIN_iOS/Core/Models/APIModels.swift /Users/sergejhlystov/ALADDIN_NEW/ALADDIN_NEW/mobile_apps/ALADDIN_iOS/Core/VPN/VPNManager.swift /Users/sergejhlystov/ALADDIN_NEW/ALADDIN_NEW/mobile_apps/ALADDIN_iOS/Screens/UnicornPetView.swift /Users/sergejhlystov/ALADDIN_NEW/ALADDIN_NEW/mobile_apps/ALADDIN_iOS/Core/Network/APIService.swift /Users/sergejhlystov/ALADDIN_NEW/ALADDIN_NEW/mobile_apps/ALADDIN_iOS/Screens/18_PrivacyPolicyScreen.swift /Users/sergejhlystov/ALADDIN_NEW/ALADDIN_NEW/mobile_apps/ALADDIN_iOS/Screens/10_TariffsScreen.swift /Users/sergejhlystov/ALADDIN_NEW/ALADDIN_NEW/mobile_apps/ALADDIN_iOS/Screens/03_VPNScreen.swift /Users/sergejhlystov/ALADDIN_NEW/ALADDIN_NEW/mobile_apps/ALADDIN_iOS/Screens/09_ElderlyInterfaceScreen.swift /Users/sergejhlystov/ALADDIN_NEW/ALADDIN_NEW/mobile_apps/ALADDIN_iOS/Shared/Components/SecondaryButton.swift /Users/sergejhlystov/ALADDIN_NEW/ALADDIN_NEW/mobile_apps/ALADDIN_iOS/Screens/11_ProfileScreen.swift /Users/sergejhlystov/ALADDIN_NEW/ALADDIN_NEW/mobile_apps/ALADDIN_iOS/Core/Network/NetworkManager.swift /Users/sergejhlystov/ALADDIN_NEW/ALADDIN_NEW/mobile_apps/ALADDIN_iOS/Screens/19_TermsOfServiceScreen.swift /Users/sergejhlystov/ALADDIN_NEW/ALADDIN_NEW/mobile_apps/ALADDIN_iOS/Core/Config/AppConfig.swift /Users/sergejhlystov/ALADDIN_NEW/ALADDIN_NEW/mobile_apps/ALADDIN_iOS/ViewModels/FamilyViewModel.swift /Users/sergejhlystov/ALADDIN_NEW/ALADDIN_NEW/mobile_apps/ALADDIN_iOS/ViewModels/AIAssistantViewModel.swift /Users/sergejhlystov/ALADDIN_NEW/ALADDIN_NEW/mobile_apps/ALADDIN_iOS/Screens/22_DeviceDetailScreen.swift /Users/sergejhlystov/ALADDIN_NEW/ALADDIN_NEW/mobile_apps/ALADDIN_iOS/Screens/WidgetConfigurationScreen.swift /Users/sergejhlystov/ALADDIN_NEW/ALADDIN_NEW/mobile_apps/ALADDIN_iOS/Core/Security/KeychainManager.swift /Users/sergejhlystov/ALADDIN_NEW/ALADDIN_NEW/mobile_apps/ALADDIN_iOS/Shared/Components/Modals/MemberStatsModalView.swift /Users/sergejhlystov/ALADDIN_NEW/ALADDIN_NEW/mobile_apps/ALADDIN_iOS/Shared/Styles/Spacing.swift /Users/sergejhlystov/ALADDIN_NEW/ALADDIN_NEW/mobile_apps/ALADDIN_iOS/Shared/Components/RecoveryOptionsModal.swift /Users/sergejhlystov/ALADDIN_NEW/ALADDIN_NEW/mobile_apps/ALADDIN_iOS/ViewModels/SettingsViewModel.swift /Users/sergejhlystov/ALADDIN_NEW/ALADDIN_NEW/mobile_apps/ALADDIN_iOS/Shared/Components/InfoRow.swift /Users/sergejhlystov/ALADDIN_NEW/ALADDIN_NEW/mobile_apps/ALADDIN_iOS/Screens/25_PaymentQRScreen.swift /Users/sergejhlystov/ALADDIN_NEW/ALADDIN_NEW/mobile_apps/ALADDIN_iOS/Shared/Components/Modals/RoleSelectionModal.swift /Users/sergejhlystov/ALADDIN_NEW/ALADDIN_NEW/mobile_apps/ALADDIN_iOS/ViewModels/SupportViewModel.swift /Users/sergejhlystov/ALADDIN_NEW/ALADDIN_NEW/mobile_apps/ALADDIN_iOS/ViewModels/ChildInterfaceViewModel.swift /Users/sergejhlystov/ALADDIN_NEW/ALADDIN_NEW/mobile_apps/ALADDIN_iOS/Screens/12_NotificationsScreen.swift /Users/sergejhlystov/ALADDIN_NEW/ALADDIN_NEW/mobile_apps/ALADDIN_iOS/ViewModels/ElderlyInterfaceViewModel.swift /Users/sergejhlystov/ALADDIN_NEW/ALADDIN_NEW/mobile_apps/ALADDIN_iOS/ViewModels/AnalyticsViewModel.swift /Users/sergejhlystov/ALADDIN_NEW/ALADDIN_NEW/mobile_apps/ALADDIN_iOS/Core/Cache/CacheManager.swift /Users/sergejhlystov/ALADDIN_NEW/ALADDIN_NEW/mobile_apps/ALADDIN_iOS/ViewModels/NotificationsViewModel.swift /Users/sergejhlystov/ALADDIN_NEW/ALADDIN_NEW/mobile_apps/ALADDIN_iOS/Screens/06_AIAssistantScreen.swift /Users/sergejhlystov/ALADDIN_NEW/ALADDIN_NEW/mobile_apps/ALADDIN_iOS/ViewModels/ProfileViewModel.swift /Users/sergejhlystov/ALADDIN_NEW/ALADDIN_NEW/mobile_apps/ALADDIN_iOS/Components/Modals/ConsentModal.swift /Users/sergejhlystov/ALADDIN_NEW/ALADDIN_NEW/mobile_apps/ALADDIN_iOS/ViewModels/ParentalControlViewModel.swift /Users/sergejhlystov/ALADDIN_NEW/ALADDIN_NEW/mobile_apps/ALADDIN_iOS/ViewModels/OnboardingViewModel.swift /Users/sergejhlystov/ALADDIN_NEW/ALADDIN_NEW/mobile_apps/ALADDIN_iOS/Shared/Styles/Colors.swift /Users/sergejhlystov/ALADDIN_NEW/ALADDIN_NEW/mobile_apps/ALADDIN_iOS/Screens/ChildRewardsScreen.swift /Users/sergejhlystov/ALADDIN_NEW/ALADDIN_NEW/mobile_apps/ALADDIN_iOS/Screens/21_ReferralScreen.swift /Users/sergejhlystov/ALADDIN_NEW/ALADDIN_NEW/mobile_apps/ALADDIN_iOS/Shared/Components/AvatarSelector.swift /Users/sergejhlystov/ALADDIN_NEW/ALADDIN_NEW/mobile_apps/ALADDIN_iOS/Shared/Components/Navigation/ALADDINNavigationBar.swift /Users/sergejhlystov/ALADDIN_NEW/ALADDIN_NEW/mobile_apps/ALADDIN_iOS/Screens/14_OnboardingScreen.swift /Users/sergejhlystov/ALADDIN_NEW/ALADDIN_NEW/mobile_apps/ALADDIN_iOS/Components/Modals/FamilyCreatedModal.swift /Users/sergejhlystov/ALADDIN_NEW/ALADDIN_NEW/mobile_apps/ALADDIN_iOS/ViewModels/PaymentQRViewModel.swift /Users/sergejhlystov/ALADDIN_NEW/ALADDIN_NEW/mobile_apps/ALADDIN_iOS/Core/Navigation/NavigationManager.swift /Users/sergejhlystov/ALADDIN_NEW/ALADDIN_NEW/mobile_apps/ALADDIN_iOS/Core/Accessibility/AccessibilityManager.swift /Users/sergejhlystov/ALADDIN_NEW/ALADDIN_NEW/mobile_apps/ALADDIN_iOS/Core/Store/StoreManager.swift /Users/sergejhlystov/ALADDIN_NEW/ALADDIN_NEW/mobile_apps/ALADDIN_iOS/Screens/WheelOfFortuneView.swift /Users/sergejhlystov/ALADDIN_NEW/ALADDIN_NEW/mobile_apps/ALADDIN_iOS/Screens/UnicornUniverseView.swift /Users/sergejhlystov/ALADDIN_NEW/ALADDIN_NEW/mobile_apps/ALADDIN_iOS/Core/Localization/LocalizationManager.swift /Users/sergejhlystov/ALADDIN_NEW/ALADDIN_NEW/mobile_apps/ALADDIN_iOS/Screens/13_SupportScreen.swift /Users/sergejhlystov/ALADDIN_NEW/ALADDIN_NEW/mobile_apps/ALADDIN_iOS/Core/Analytics/AnalyticsManager.swift /Users/sergejhlystov/ALADDIN_NEW/ALADDIN_NEW/mobile_apps/ALADDIN_iOS/Screens/07_ParentalControlScreen.swift /Users/sergejhlystov/ALADDIN_NEW/ALADDIN_NEW/mobile_apps/ALADDIN_iOS/Screens/05_SettingsScreen.swift -primary-file /Users/sergejhlystov/ALADDIN_NEW/ALADDIN_NEW/mobile_apps/ALADDIN_iOS/Screens/RewardsModalView.swift -primary-file /Users/sergejhlystov/ALADDIN_NEW/ALADDIN_NEW/mobile_apps/ALADDIN_iOS/Screens/23_FamilyChatScreen.swift -primary-file /Users/sergejhlystov/ALADDIN_NEW/ALADDIN_NEW/mobile_apps/ALADDIN_iOS/Screens/02_FamilyScreen.swift -primary-file /Users/sergejhlystov/ALADDIN_NEW/ALADDIN_NEW/mobile_apps/ALADDIN_iOS/Screens/20_DevicesScreen.swift -primary-file /Users/sergejhlystov/ALADDIN_NEW/ALADDIN_NEW/mobile_apps/ALADDIN_iOS/Shared/Components/ViewModifiers.swift -primary-file /Users/sergejhlystov/ALADDIN_NEW/ALADDIN_NEW/mobile_apps/ALADDIN_iOS/Shared/Components/HapticFeedback.swift -primary-file /Users/sergejhlystov/ALADDIN_NEW/ALADDIN_NEW/mobile_apps/ALADDIN_iOS/Screens/MainScreenWithRegistration.swift -primary-file /Users/sergejhlystov/ALADDIN_NEW/ALADDIN_NEW/mobile_apps/ALADDIN_iOS/Core/Network/NetworkError.swift -primary-file /Users/sergejhlystov/ALADDIN_NEW/ALADDIN_NEW/mobile_apps/ALADDIN_iOS/Screens/LanguageSettingsScreen.swift -primary-file /Users/sergejhlystov/ALADDIN_NEW/ALADDIN_NEW/mobile_apps/ALADDIN_iOS/ViewModels/FamilyRegistrationViewModel.swift -primary-file /Users/sergejhlystov/ALADDIN_NEW/ALADDIN_NEW/mobile_apps/ALADDIN_iOS/Shared/Styles/CornerRadius.swift /Users/sergejhlystov/ALADDIN_NEW/ALADDIN_NEW/mobile_apps/ALADDIN_iOS/Screens/01_MainScreen.swift /Users/sergejhlystov/ALADDIN_NEW/ALADDIN_NEW/mobile_apps/ALADDIN_iOS/Screens/FamilyTournamentView.swift /Users/sergejhlystov/ALADDIN_NEW/ALADDIN_NEW/mobile_apps/ALADDIN_iOS/Shared/Styles/Fonts.swift /Users/sergejhlystov/ALADDIN_NEW/ALADDIN_NEW/mobile_apps/ALADDIN_iOS/Screens/GamesParentalControlView.swift /Users/sergejhlystov/ALADDIN_NEW/ALADDIN_NEW/mobile_apps/ALADDIN_iOS/Shared/Components/QRScannerModal.swift /Users/sergejhlystov/ALADDIN_NEW/ALADDIN_NEW/mobile_apps/ALADDIN_iOS/Screens/04_AnalyticsScreen.swift /Users/sergejhlystov/ALADDIN_NEW/ALADDIN_NEW/mobile_apps/ALADDIN_iOS/Screens/24_VPNEnergyStatsScreen.swift /Users/sergejhlystov/ALADDIN_NEW/ALADDIN_NEW/mobile_apps/ALADDIN_iOS/Shared/Components/Modals/ProfileEditView.swift /Users/sergejhlystov/ALADDIN_NEW/ALADDIN_NEW/mobile_apps/ALADDIN_iOS/ViewModels/TariffsViewModel.swift /Users/sergejhlystov/ALADDIN_NEW/ALADDIN_NEW/mobile_apps/ALADDIN_iOS/Core/Notifications/NotificationManager.swift /Users/sergejhlystov/ALADDIN_NEW/ALADDIN_NEW/mobile_apps/ALADDIN_iOS/Core/Security/SecurityManager.swift -supplementary-output-file-map /var/folders/rf/6rxcyql17sz57_02ng7jd7pr0000gn/T/TemporaryDirectory.wFGpdC/supplementaryOutputs-7 -target x86_64-apple-ios15.0-simulator -enable-objc-interop -sdk /Applications/Xcode.app/Contents/Developer/Platforms/iPhoneSimulator.platform/Developer/SDKs/iPhoneSimulator15.2.sdk -I /Users/sergejhlystov/Library/Developer/Xcode/DerivedData/ALADDIN-eahryzmutvtbyceygnlyjsmiiaha/Build/Products/Debug-iphonesimulator -F /Users/sergejhlystov/Library/Developer/Xcode/DerivedData/ALADDIN-eahryzmutvtbyceygnlyjsmiiaha/Build/Products/Debug-iphonesimulator -enable-testing -g -module-cache-path /Users/sergejhlystov/Library/Developer/Xcode/DerivedData/ModuleCache.noindex -emit-localized-strings -emit-localized-strings-path /Users/sergejhlystov/Library/Developer/Xcode/DerivedData/ALADDIN-eahryzmutvtbyceygnlyjsmiiaha/Build/Intermediates.noindex/ALADDIN.build/Debug-iphonesimulator/ALADDIN.build/Objects-normal/x86_64 -swift-version 5 -enforce-exclusivity\=checked -Onone -D DEBUG -new-driver-path /Applications/Xcode.app/Contents/Developer/Toolchains/XcodeDefault.xctoolchain/usr/bin/swift-driver -serialize-debugging-options -Xcc -working-directory -Xcc /Users/sergejhlystov/ALADDIN_NEW/ALADDIN_NEW/mobile_apps/ALADDIN_iOS -resource-dir /Applications/Xcode.app/Contents/Developer/Toolchains/XcodeDefault.xctoolchain/usr/lib/swift -enable-anonymous-context-mangled-names -Xcc -I/Users/sergejhlystov/Library/Developer/Xcode/DerivedData/ALADDIN-eahryzmutvtbyceygnlyjsmiiaha/Build/Intermediates.noindex/ALADDIN.build/Debug-iphonesimulator/ALADDIN.build/swift-overrides.hmap -Xcc -iquote -Xcc /Users/sergejhlystov/Library/Developer/Xcode/DerivedData/ALADDIN-eahryzmutvtbyceygnlyjsmiiaha/Build/Intermediates.noindex/ALADDIN.build/Debug-iphonesimulator/ALADDIN.build/ALADDIN-generated-files.hmap -Xcc -I/Users/sergejhlystov/Library/Developer/Xcode/DerivedData/ALADDIN-eahryzmutvtbyceygnlyjsmiiaha/Build/Intermediates.noindex/ALADDIN.build/Debug-iphonesimulator/ALADDIN.build/ALADDIN-own-target-headers.hmap -Xcc -I/Users/sergejhlystov/Library/Developer/Xcode/DerivedData/ALADDIN-eahryzmutvtbyceygnlyjsmiiaha/Build/Intermediates.noindex/ALADDIN.build/Debug-iphonesimulator/ALADDIN.build/ALADDIN-all-target-headers.hmap -Xcc -iquote -Xcc /Users/sergejhlystov/Library/Developer/Xcode/DerivedData/ALADDIN-eahryzmutvtbyceygnlyjsmiiaha/Build/Intermediates.noindex/ALADDIN.build/Debug-iphonesimulator/ALADDIN.build/ALADDIN-project-headers.hmap -Xcc -I/Users/sergejhlystov/Library/Developer/Xcode/DerivedData/ALADDIN-eahryzmutvtbyceygnlyjsmiiaha/Build/Products/Debug-iphonesimulator/include -Xcc -I/Users/sergejhlystov/Library/Developer/Xcode/DerivedData/ALADDIN-eahryzmutvtbyceygnlyjsmiiaha/Build/Intermediates.noindex/ALADDIN.build/Debug-iphonesimulator/ALADDIN.build/DerivedSources-normal/x86_64 -Xcc -I/Users/sergejhlystov/Library/Developer/Xcode/DerivedData/ALADDIN-eahryzmutvtbyceygnlyjsmiiaha/Build/Intermediates.noindex/ALADDIN.build/Debug-iphonesimulator/ALADDIN.build/DerivedSources/x86_64 -Xcc -I/Users/sergejhlystov/Library/Developer/Xcode/DerivedData/ALADDIN-eahryzmutvtbyceygnlyjsmiiaha/Build/Intermediates.noindex/ALADDIN.build/Debug-iphonesimulator/ALADDIN.build/DerivedSources -Xcc -DDEBUG\=1 -module-name ALADDIN -target-sdk-version 15.2.0 -o /Users/sergejhlystov/Library/Developer/Xcode/DerivedData/ALADDIN-eahryzmutvtbyceygnlyjsmiiaha/Build/Intermediates.noindex/ALADDIN.build/Debug-iphonesimulator/ALADDIN.build/Objects-normal/x86_64/RewardsModalView.o -o /Users/sergejhlystov/Library/Developer/Xcode/DerivedData/ALADDIN-eahryzmutvtbyceygnlyjsmiiaha/Build/Intermediates.noindex/ALADDIN.build/Debug-iphonesimulator/ALADDIN.build/Objects-normal/x86_64/23_FamilyChatScreen.o -o /Users/sergejhlystov/Library/Developer/Xcode/DerivedData/ALADDIN-eahryzmutvtbyceygnlyjsmiiaha/Build/Intermediates.noindex/ALADDIN.build/Debug-iphonesimulator/ALADDIN.build/Objects-normal/x86_64/02_FamilyScreen.o -o /Users/sergejhlystov/Library/Developer/Xcode/DerivedData/ALADDIN-eahryzmutvtbyceygnlyjsmiiaha/Build/Intermediates.noindex/ALADDIN.build/Debug-iphonesimulator/ALADDIN.build/Objects-normal/x86_64/20_DevicesScreen.o -o /Users/sergejhlystov/Library/Developer/Xcode/DerivedData/ALADDIN-eahryzmutvtbyceygnlyjsmiiaha/Build/Intermediates.noindex/ALADDIN.build/Debug-iphonesimulator/ALADDIN.build/Objects-normal/x86_64/ViewModifiers.o -o /Users/sergejhlystov/Library/Developer/Xcode/DerivedData/ALADDIN-eahryzmutvtbyceygnlyjsmiiaha/Build/Intermediates.noindex/ALADDIN.build/Debug-iphonesimulator/ALADDIN.build/Objects-normal/x86_64/HapticFeedback.o -o /Users/sergejhlystov/Library/Developer/Xcode/DerivedData/ALADDIN-eahryzmutvtbyceygnlyjsmiiaha/Build/Intermediates.noindex/ALADDIN.build/Debug-iphonesimulator/ALADDIN.build/Objects-normal/x86_64/MainScreenWithRegistration.o -o /Users/sergejhlystov/Library/Developer/Xcode/DerivedData/ALADDIN-eahryzmutvtbyceygnlyjsmiiaha/Build/Intermediates.noindex/ALADDIN.build/Debug-iphonesimulator/ALADDIN.build/Objects-normal/x86_64/NetworkError.o -o /Users/sergejhlystov/Library/Developer/Xcode/DerivedData/ALADDIN-eahryzmutvtbyceygnlyjsmiiaha/Build/Intermediates.noindex/ALADDIN.build/Debug-iphonesimulator/ALADDIN.build/Objects-normal/x86_64/LanguageSettingsScreen.o -o /Users/sergejhlystov/Library/Developer/Xcode/DerivedData/ALADDIN-eahryzmutvtbyceygnlyjsmiiaha/Build/Intermediates.noindex/ALADDIN.build/Debug-iphonesimulator/ALADDIN.build/Objects-normal/x86_64/FamilyRegistrationViewModel.o -o /Users/sergejhlystov/Library/Developer/Xcode/DerivedData/ALADDIN-eahryzmutvtbyceygnlyjsmiiaha/Build/Intermediates.noindex/ALADDIN.build/Debug-iphonesimulator/ALADDIN.build/Objects-normal/x86_64/CornerRadius.o -index-store-path /Users/sergejhlystov/Library/Developer/Xcode/DerivedData/ALADDIN-eahryzmutvtbyceygnlyjsmiiaha/Index/DataStore -index-system-modules
/Users/sergejhlystov/ALADDIN_NEW/ALADDIN_NEW/mobile_apps/ALADDIN_iOS/ViewModels/FamilyRegistrationViewModel.swift:65:34: error: 'FamilyRole' is ambiguous for type lookup in this context
    @Published var selectedRole: FamilyRole?
                                 ^~~~~~~~~~
/Users/sergejhlystov/ALADDIN_NEW/ALADDIN_NEW/mobile_apps/ALADDIN_iOS/ALADDINApp.swift:112:6: note: found this candidate
enum FamilyRole: String {
     ^
/Users/sergejhlystov/ALADDIN_NEW/ALADDIN_NEW/mobile_apps/ALADDIN_iOS/ViewModels/FamilyRegistrationViewModel.swift:6:6: note: found this candidate
enum FamilyRole: String, Codable, CaseIterable, Identifiable {
     ^
/Users/sergejhlystov/ALADDIN_NEW/ALADDIN_NEW/mobile_apps/ALADDIN_iOS/Screens/MainScreenWithRegistration.swift:33:25: error: referencing subscript 'subscript(dynamicMember:)' requires wrapper 'ObservedObject<FamilyRegistrationViewModel>.Wrapper'
                        registrationVM.selectedRole = .parent
                        ^
                        $
/Users/sergejhlystov/ALADDIN_NEW/ALADDIN_NEW/mobile_apps/ALADDIN_iOS/Screens/MainScreenWithRegistration.swift:33:56: error: type 'Binding<_>' has no member 'parent'
                        registrationVM.selectedRole = .parent
                                                      ~^~~~~~
/Users/sergejhlystov/ALADDIN_NEW/ALADDIN_NEW/mobile_apps/ALADDIN_iOS/ViewModels/FamilyRegistrationViewModel.swift:6:6: error: invalid redeclaration of 'FamilyRole'
enum FamilyRole: String, Codable, CaseIterable, Identifiable {
     ^
/Users/sergejhlystov/ALADDIN_NEW/ALADDIN_NEW/mobile_apps/ALADDIN_iOS/ALADDINApp.swift:112:6: note: 'FamilyRole' previously declared here
enum FamilyRole: String {
     ^
/Users/sergejhlystov/ALADDIN_NEW/ALADDIN_NEW/mobile_apps/ALADDIN_iOS/ViewModels/FamilyRegistrationViewModel.swift:25:15: error: 'FamilyRole' is ambiguous for type lookup in this context
    var role: FamilyRole
              ^~~~~~~~~~
/Users/sergejhlystov/ALADDIN_NEW/ALADDIN_NEW/mobile_apps/ALADDIN_iOS/ALADDINApp.swift:112:6: note: found this candidate
enum FamilyRole: String {
     ^
/Users/sergejhlystov/ALADDIN_NEW/ALADDIN_NEW/mobile_apps/ALADDIN_iOS/ViewModels/FamilyRegistrationViewModel.swift:6:6: note: found this candidate
enum FamilyRole: String, Codable, CaseIterable, Identifiable {
     ^
/Users/sergejhlystov/ALADDIN_NEW/ALADDIN_NEW/mobile_apps/ALADDIN_iOS/ViewModels/FamilyRegistrationViewModel.swift:25:9: note: cannot automatically synthesize 'Decodable' because 'FamilyRole' does not conform to 'Decodable'
    var role: FamilyRole
        ^
/Users/sergejhlystov/ALADDIN_NEW/ALADDIN_NEW/mobile_apps/ALADDIN_iOS/ViewModels/FamilyRegistrationViewModel.swift:22:8: error: type 'FamilyMember' does not conform to protocol 'Decodable'
struct FamilyMember: Codable, Identifiable {
       ^
Swift.Decodable:2:5: note: protocol requires initializer 'init(from:)' with type 'Decodable'
    init(from decoder: Decoder) throws
    ^
/Users/sergejhlystov/ALADDIN_NEW/ALADDIN_NEW/mobile_apps/ALADDIN_iOS/ViewModels/FamilyRegistrationViewModel.swift:25:9: note: cannot automatically synthesize 'Encodable' because 'FamilyRole' does not conform to 'Encodable'
    var role: FamilyRole
        ^
/Users/sergejhlystov/ALADDIN_NEW/ALADDIN_NEW/mobile_apps/ALADDIN_iOS/ViewModels/FamilyRegistrationViewModel.swift:22:8: error: type 'FamilyMember' does not conform to protocol 'Encodable'
struct FamilyMember: Codable, Identifiable {
       ^
Swift.Encodable:2:10: note: protocol requires function 'encode(to:)' with type 'Encodable'
    func encode(to encoder: Encoder) throws
         ^
/Users/sergejhlystov/ALADDIN_NEW/ALADDIN_NEW/mobile_apps/ALADDIN_iOS/ViewModels/FamilyRegistrationViewModel.swift:94:31: error: 'FamilyRole' is ambiguous for type lookup in this context
    func saveUserRole(_ role: FamilyRole) {
                              ^~~~~~~~~~
/Users/sergejhlystov/ALADDIN_NEW/ALADDIN_NEW/mobile_apps/ALADDIN_iOS/ALADDINApp.swift:112:6: note: found this candidate
enum FamilyRole: String {
     ^
/Users/sergejhlystov/ALADDIN_NEW/ALADDIN_NEW/mobile_apps/ALADDIN_iOS/ViewModels/FamilyRegistrationViewModel.swift:6:6: note: found this candidate
enum FamilyRole: String, Codable, CaseIterable, Identifiable {
     ^
/Users/sergejhlystov/ALADDIN_NEW/ALADDIN_NEW/mobile_apps/ALADDIN_iOS/ViewModels/FamilyRegistrationViewModel.swift:102:34: error: 'FamilyRole' is ambiguous for type lookup in this context
    func getCurrentUserRole() -> FamilyRole? {
                                 ^~~~~~~~~~
/Users/sergejhlystov/ALADDIN_NEW/ALADDIN_NEW/mobile_apps/ALADDIN_iOS/ALADDINApp.swift:112:6: note: found this candidate
enum FamilyRole: String {
     ^
/Users/sergejhlystov/ALADDIN_NEW/ALADDIN_NEW/mobile_apps/ALADDIN_iOS/ViewModels/FamilyRegistrationViewModel.swift:6:6: note: found this candidate
enum FamilyRole: String, Codable, CaseIterable, Identifiable {
     ^
/Users/sergejhlystov/ALADDIN_NEW/ALADDIN_NEW/mobile_apps/ALADDIN_iOS/ViewModels/FamilyRegistrationViewModel.swift:170:33: error: 'FamilyRole' is ambiguous for type lookup in this context
    func onRoleSelected(_ role: FamilyRole) {
                                ^~~~~~~~~~
/Users/sergejhlystov/ALADDIN_NEW/ALADDIN_NEW/mobile_apps/ALADDIN_iOS/ALADDINApp.swift:112:6: note: found this candidate
enum FamilyRole: String {
     ^
/Users/sergejhlystov/ALADDIN_NEW/ALADDIN_NEW/mobile_apps/ALADDIN_iOS/ViewModels/FamilyRegistrationViewModel.swift:6:6: note: found this candidate
enum FamilyRole: String, Codable, CaseIterable, Identifiable {
     ^
/Users/sergejhlystov/ALADDIN_NEW/ALADDIN_NEW/mobile_apps/ALADDIN_iOS/ViewModels/FamilyRegistrationViewModel.swift:202:26: error: type of expression is ambiguous without more context
        guard let role = selectedRole,
                         ^~~~~~~~~~~~
/Users/sergejhlystov/ALADDIN_NEW/ALADDIN_NEW/mobile_apps/ALADDIN_iOS/ViewModels/FamilyRegistrationViewModel.swift:251:26: error: type of expression is ambiguous without more context
        guard let role = selectedRole,
                         ^~~~~~~~~~~~
/Users/sergejhlystov/ALADDIN_NEW/ALADDIN_NEW/mobile_apps/ALADDIN_iOS/ViewModels/FamilyRegistrationViewModel.swift:25:9: note: cannot automatically synthesize 'Decodable' because 'FamilyRole' does not conform to 'Decodable'
    var role: FamilyRole
        ^
/Users/sergejhlystov/ALADDIN_NEW/ALADDIN_NEW/mobile_apps/ALADDIN_iOS/ViewModels/FamilyRegistrationViewModel.swift:22:8: error: type 'FamilyMember' does not conform to protocol 'Decodable'
struct FamilyMember: Codable, Identifiable {
       ^
Swift.Decodable:2:5: note: protocol requires initializer 'init(from:)' with type 'Decodable'
    init(from decoder: Decoder) throws
    ^
/Users/sergejhlystov/Library/Developer/Xcode/DerivedData/ALADDIN-eahryzmutvtbyceygnlyjsmiiaha/Build/Intermediates.noindex/ALADDIN.build/Debug-iphonesimulator/ALADDIN.build/Objects-normal/x86_64/NetworkError.dia:1:1: warning: Could not read serialized diagnostics file: error("Invalid diagnostics signature") (in target 'ALADDIN' from project 'ALADDIN')
Command CompileSwift failed with a nonzero exit code

CompileSwift normal x86_64 /Users/sergejhlystov/ALADDIN_NEW/ALADDIN_NEW/mobile_apps/ALADDIN_iOS/Screens/LanguageSettingsScreen.swift (in target 'ALADDIN' from project 'ALADDIN')
    cd /Users/sergejhlystov/ALADDIN_NEW/ALADDIN_NEW/mobile_apps/ALADDIN_iOS
    /Applications/Xcode.app/Contents/Developer/Toolchains/XcodeDefault.xctoolchain/usr/bin/swift-frontend -frontend -c /Users/sergejhlystov/ALADDIN_NEW/ALADDIN_NEW/mobile_apps/ALADDIN_iOS/Screens/RewardsQuickModal.swift /Users/sergejhlystov/ALADDIN_NEW/ALADDIN_NEW/mobile_apps/ALADDIN_iOS/Screens/08_ChildInterfaceScreen.swift /Users/sergejhlystov/ALADDIN_NEW/ALADDIN_NEW/mobile_apps/ALADDIN_iOS/ContentView.swift /Users/sergejhlystov/ALADDIN_NEW/ALADDIN_NEW/mobile_apps/ALADDIN_iOS/Shared/Components/ALADDINToggle.swift /Users/sergejhlystov/ALADDIN_NEW/ALADDIN_NEW/mobile_apps/ALADDIN_iOS/Components/Modals/AgeGroupSelectionModal.swift /Users/sergejhlystov/ALADDIN_NEW/ALADDIN_NEW/mobile_apps/ALADDIN_iOS/ALADDINApp.swift /Users/sergejhlystov/ALADDIN_NEW/ALADDIN_NEW/mobile_apps/ALADDIN_iOS/Shared/Models/FunctionStatus.swift /Users/sergejhlystov/ALADDIN_NEW/ALADDIN_NEW/mobile_apps/ALADDIN_iOS/ViewModels/MainViewModel.swift /Users/sergejhlystov/ALADDIN_NEW/ALADDIN_NEW/mobile_apps/ALADDIN_iOS/Shared/Components/Buttons/PrimaryButton.swift /Users/sergejhlystov/ALADDIN_NEW/ALADDIN_NEW/mobile_apps/ALADDIN_iOS/Screens/NotificationSettingsScreen.swift /Users/sergejhlystov/ALADDIN_NEW/ALADDIN_NEW/mobile_apps/ALADDIN_iOS/Screens/ChildContentScreen.swift /Users/sergejhlystov/ALADDIN_NEW/ALADDIN_NEW/mobile_apps/ALADDIN_iOS/Shared/Components/StatItem.swift /Users/sergejhlystov/ALADDIN_NEW/ALADDIN_NEW/mobile_apps/ALADDIN_iOS/Shared/Components/Cards/FamilyMemberCard.swift /Users/sergejhlystov/ALADDIN_NEW/ALADDIN_NEW/mobile_apps/ALADDIN_iOS/ViewModels/VPNViewModel.swift /Users/sergejhlystov/ALADDIN_NEW/ALADDIN_NEW/mobile_apps/ALADDIN_iOS/Core/Models/APIModels.swift /Users/sergejhlystov/ALADDIN_NEW/ALADDIN_NEW/mobile_apps/ALADDIN_iOS/Core/VPN/VPNManager.swift /Users/sergejhlystov/ALADDIN_NEW/ALADDIN_NEW/mobile_apps/ALADDIN_iOS/Screens/UnicornPetView.swift /Users/sergejhlystov/ALADDIN_NEW/ALADDIN_NEW/mobile_apps/ALADDIN_iOS/Core/Network/APIService.swift /Users/sergejhlystov/ALADDIN_NEW/ALADDIN_NEW/mobile_apps/ALADDIN_iOS/Screens/18_PrivacyPolicyScreen.swift /Users/sergejhlystov/ALADDIN_NEW/ALADDIN_NEW/mobile_apps/ALADDIN_iOS/Screens/10_TariffsScreen.swift /Users/sergejhlystov/ALADDIN_NEW/ALADDIN_NEW/mobile_apps/ALADDIN_iOS/Screens/03_VPNScreen.swift /Users/sergejhlystov/ALADDIN_NEW/ALADDIN_NEW/mobile_apps/ALADDIN_iOS/Screens/09_ElderlyInterfaceScreen.swift /Users/sergejhlystov/ALADDIN_NEW/ALADDIN_NEW/mobile_apps/ALADDIN_iOS/Shared/Components/SecondaryButton.swift /Users/sergejhlystov/ALADDIN_NEW/ALADDIN_NEW/mobile_apps/ALADDIN_iOS/Screens/11_ProfileScreen.swift /Users/sergejhlystov/ALADDIN_NEW/ALADDIN_NEW/mobile_apps/ALADDIN_iOS/Core/Network/NetworkManager.swift /Users/sergejhlystov/ALADDIN_NEW/ALADDIN_NEW/mobile_apps/ALADDIN_iOS/Screens/19_TermsOfServiceScreen.swift /Users/sergejhlystov/ALADDIN_NEW/ALADDIN_NEW/mobile_apps/ALADDIN_iOS/Core/Config/AppConfig.swift /Users/sergejhlystov/ALADDIN_NEW/ALADDIN_NEW/mobile_apps/ALADDIN_iOS/ViewModels/FamilyViewModel.swift /Users/sergejhlystov/ALADDIN_NEW/ALADDIN_NEW/mobile_apps/ALADDIN_iOS/ViewModels/AIAssistantViewModel.swift /Users/sergejhlystov/ALADDIN_NEW/ALADDIN_NEW/mobile_apps/ALADDIN_iOS/Screens/22_DeviceDetailScreen.swift /Users/sergejhlystov/ALADDIN_NEW/ALADDIN_NEW/mobile_apps/ALADDIN_iOS/Screens/WidgetConfigurationScreen.swift /Users/sergejhlystov/ALADDIN_NEW/ALADDIN_NEW/mobile_apps/ALADDIN_iOS/Core/Security/KeychainManager.swift /Users/sergejhlystov/ALADDIN_NEW/ALADDIN_NEW/mobile_apps/ALADDIN_iOS/Shared/Components/Modals/MemberStatsModalView.swift /Users/sergejhlystov/ALADDIN_NEW/ALADDIN_NEW/mobile_apps/ALADDIN_iOS/Shared/Styles/Spacing.swift /Users/sergejhlystov/ALADDIN_NEW/ALADDIN_NEW/mobile_apps/ALADDIN_iOS/Shared/Components/RecoveryOptionsModal.swift /Users/sergejhlystov/ALADDIN_NEW/ALADDIN_NEW/mobile_apps/ALADDIN_iOS/ViewModels/SettingsViewModel.swift /Users/sergejhlystov/ALADDIN_NEW/ALADDIN_NEW/mobile_apps/ALADDIN_iOS/Shared/Components/InfoRow.swift /Users/sergejhlystov/ALADDIN_NEW/ALADDIN_NEW/mobile_apps/ALADDIN_iOS/Screens/25_PaymentQRScreen.swift /Users/sergejhlystov/ALADDIN_NEW/ALADDIN_NEW/mobile_apps/ALADDIN_iOS/Shared/Components/Modals/RoleSelectionModal.swift /Users/sergejhlystov/ALADDIN_NEW/ALADDIN_NEW/mobile_apps/ALADDIN_iOS/ViewModels/SupportViewModel.swift /Users/sergejhlystov/ALADDIN_NEW/ALADDIN_NEW/mobile_apps/ALADDIN_iOS/ViewModels/ChildInterfaceViewModel.swift /Users/sergejhlystov/ALADDIN_NEW/ALADDIN_NEW/mobile_apps/ALADDIN_iOS/Screens/12_NotificationsScreen.swift /Users/sergejhlystov/ALADDIN_NEW/ALADDIN_NEW/mobile_apps/ALADDIN_iOS/ViewModels/ElderlyInterfaceViewModel.swift /Users/sergejhlystov/ALADDIN_NEW/ALADDIN_NEW/mobile_apps/ALADDIN_iOS/ViewModels/AnalyticsViewModel.swift /Users/sergejhlystov/ALADDIN_NEW/ALADDIN_NEW/mobile_apps/ALADDIN_iOS/Core/Cache/CacheManager.swift /Users/sergejhlystov/ALADDIN_NEW/ALADDIN_NEW/mobile_apps/ALADDIN_iOS/ViewModels/NotificationsViewModel.swift /Users/sergejhlystov/ALADDIN_NEW/ALADDIN_NEW/mobile_apps/ALADDIN_iOS/Screens/06_AIAssistantScreen.swift /Users/sergejhlystov/ALADDIN_NEW/ALADDIN_NEW/mobile_apps/ALADDIN_iOS/ViewModels/ProfileViewModel.swift /Users/sergejhlystov/ALADDIN_NEW/ALADDIN_NEW/mobile_apps/ALADDIN_iOS/Components/Modals/ConsentModal.swift /Users/sergejhlystov/ALADDIN_NEW/ALADDIN_NEW/mobile_apps/ALADDIN_iOS/ViewModels/ParentalControlViewModel.swift /Users/sergejhlystov/ALADDIN_NEW/ALADDIN_NEW/mobile_apps/ALADDIN_iOS/ViewModels/OnboardingViewModel.swift /Users/sergejhlystov/ALADDIN_NEW/ALADDIN_NEW/mobile_apps/ALADDIN_iOS/Shared/Styles/Colors.swift /Users/sergejhlystov/ALADDIN_NEW/ALADDIN_NEW/mobile_apps/ALADDIN_iOS/Screens/ChildRewardsScreen.swift /Users/sergejhlystov/ALADDIN_NEW/ALADDIN_NEW/mobile_apps/ALADDIN_iOS/Screens/21_ReferralScreen.swift /Users/sergejhlystov/ALADDIN_NEW/ALADDIN_NEW/mobile_apps/ALADDIN_iOS/Shared/Components/AvatarSelector.swift /Users/sergejhlystov/ALADDIN_NEW/ALADDIN_NEW/mobile_apps/ALADDIN_iOS/Shared/Components/Navigation/ALADDINNavigationBar.swift /Users/sergejhlystov/ALADDIN_NEW/ALADDIN_NEW/mobile_apps/ALADDIN_iOS/Screens/14_OnboardingScreen.swift /Users/sergejhlystov/ALADDIN_NEW/ALADDIN_NEW/mobile_apps/ALADDIN_iOS/Components/Modals/FamilyCreatedModal.swift /Users/sergejhlystov/ALADDIN_NEW/ALADDIN_NEW/mobile_apps/ALADDIN_iOS/ViewModels/PaymentQRViewModel.swift /Users/sergejhlystov/ALADDIN_NEW/ALADDIN_NEW/mobile_apps/ALADDIN_iOS/Core/Navigation/NavigationManager.swift /Users/sergejhlystov/ALADDIN_NEW/ALADDIN_NEW/mobile_apps/ALADDIN_iOS/Core/Accessibility/AccessibilityManager.swift /Users/sergejhlystov/ALADDIN_NEW/ALADDIN_NEW/mobile_apps/ALADDIN_iOS/Core/Store/StoreManager.swift /Users/sergejhlystov/ALADDIN_NEW/ALADDIN_NEW/mobile_apps/ALADDIN_iOS/Screens/WheelOfFortuneView.swift /Users/sergejhlystov/ALADDIN_NEW/ALADDIN_NEW/mobile_apps/ALADDIN_iOS/Screens/UnicornUniverseView.swift /Users/sergejhlystov/ALADDIN_NEW/ALADDIN_NEW/mobile_apps/ALADDIN_iOS/Core/Localization/LocalizationManager.swift /Users/sergejhlystov/ALADDIN_NEW/ALADDIN_NEW/mobile_apps/ALADDIN_iOS/Screens/13_SupportScreen.swift /Users/sergejhlystov/ALADDIN_NEW/ALADDIN_NEW/mobile_apps/ALADDIN_iOS/Core/Analytics/AnalyticsManager.swift /Users/sergejhlystov/ALADDIN_NEW/ALADDIN_NEW/mobile_apps/ALADDIN_iOS/Screens/07_ParentalControlScreen.swift /Users/sergejhlystov/ALADDIN_NEW/ALADDIN_NEW/mobile_apps/ALADDIN_iOS/Screens/05_SettingsScreen.swift -primary-file /Users/sergejhlystov/ALADDIN_NEW/ALADDIN_NEW/mobile_apps/ALADDIN_iOS/Screens/RewardsModalView.swift -primary-file /Users/sergejhlystov/ALADDIN_NEW/ALADDIN_NEW/mobile_apps/ALADDIN_iOS/Screens/23_FamilyChatScreen.swift -primary-file /Users/sergejhlystov/ALADDIN_NEW/ALADDIN_NEW/mobile_apps/ALADDIN_iOS/Screens/02_FamilyScreen.swift -primary-file /Users/sergejhlystov/ALADDIN_NEW/ALADDIN_NEW/mobile_apps/ALADDIN_iOS/Screens/20_DevicesScreen.swift -primary-file /Users/sergejhlystov/ALADDIN_NEW/ALADDIN_NEW/mobile_apps/ALADDIN_iOS/Shared/Components/ViewModifiers.swift -primary-file /Users/sergejhlystov/ALADDIN_NEW/ALADDIN_NEW/mobile_apps/ALADDIN_iOS/Shared/Components/HapticFeedback.swift -primary-file /Users/sergejhlystov/ALADDIN_NEW/ALADDIN_NEW/mobile_apps/ALADDIN_iOS/Screens/MainScreenWithRegistration.swift -primary-file /Users/sergejhlystov/ALADDIN_NEW/ALADDIN_NEW/mobile_apps/ALADDIN_iOS/Core/Network/NetworkError.swift -primary-file /Users/sergejhlystov/ALADDIN_NEW/ALADDIN_NEW/mobile_apps/ALADDIN_iOS/Screens/LanguageSettingsScreen.swift -primary-file /Users/sergejhlystov/ALADDIN_NEW/ALADDIN_NEW/mobile_apps/ALADDIN_iOS/ViewModels/FamilyRegistrationViewModel.swift -primary-file /Users/sergejhlystov/ALADDIN_NEW/ALADDIN_NEW/mobile_apps/ALADDIN_iOS/Shared/Styles/CornerRadius.swift /Users/sergejhlystov/ALADDIN_NEW/ALADDIN_NEW/mobile_apps/ALADDIN_iOS/Screens/01_MainScreen.swift /Users/sergejhlystov/ALADDIN_NEW/ALADDIN_NEW/mobile_apps/ALADDIN_iOS/Screens/FamilyTournamentView.swift /Users/sergejhlystov/ALADDIN_NEW/ALADDIN_NEW/mobile_apps/ALADDIN_iOS/Shared/Styles/Fonts.swift /Users/sergejhlystov/ALADDIN_NEW/ALADDIN_NEW/mobile_apps/ALADDIN_iOS/Screens/GamesParentalControlView.swift /Users/sergejhlystov/ALADDIN_NEW/ALADDIN_NEW/mobile_apps/ALADDIN_iOS/Shared/Components/QRScannerModal.swift /Users/sergejhlystov/ALADDIN_NEW/ALADDIN_NEW/mobile_apps/ALADDIN_iOS/Screens/04_AnalyticsScreen.swift /Users/sergejhlystov/ALADDIN_NEW/ALADDIN_NEW/mobile_apps/ALADDIN_iOS/Screens/24_VPNEnergyStatsScreen.swift /Users/sergejhlystov/ALADDIN_NEW/ALADDIN_NEW/mobile_apps/ALADDIN_iOS/Shared/Components/Modals/ProfileEditView.swift /Users/sergejhlystov/ALADDIN_NEW/ALADDIN_NEW/mobile_apps/ALADDIN_iOS/ViewModels/TariffsViewModel.swift /Users/sergejhlystov/ALADDIN_NEW/ALADDIN_NEW/mobile_apps/ALADDIN_iOS/Core/Notifications/NotificationManager.swift /Users/sergejhlystov/ALADDIN_NEW/ALADDIN_NEW/mobile_apps/ALADDIN_iOS/Core/Security/SecurityManager.swift -supplementary-output-file-map /var/folders/rf/6rxcyql17sz57_02ng7jd7pr0000gn/T/TemporaryDirectory.wFGpdC/supplementaryOutputs-7 -target x86_64-apple-ios15.0-simulator -enable-objc-interop -sdk /Applications/Xcode.app/Contents/Developer/Platforms/iPhoneSimulator.platform/Developer/SDKs/iPhoneSimulator15.2.sdk -I /Users/sergejhlystov/Library/Developer/Xcode/DerivedData/ALADDIN-eahryzmutvtbyceygnlyjsmiiaha/Build/Products/Debug-iphonesimulator -F /Users/sergejhlystov/Library/Developer/Xcode/DerivedData/ALADDIN-eahryzmutvtbyceygnlyjsmiiaha/Build/Products/Debug-iphonesimulator -enable-testing -g -module-cache-path /Users/sergejhlystov/Library/Developer/Xcode/DerivedData/ModuleCache.noindex -emit-localized-strings -emit-localized-strings-path /Users/sergejhlystov/Library/Developer/Xcode/DerivedData/ALADDIN-eahryzmutvtbyceygnlyjsmiiaha/Build/Intermediates.noindex/ALADDIN.build/Debug-iphonesimulator/ALADDIN.build/Objects-normal/x86_64 -swift-version 5 -enforce-exclusivity\=checked -Onone -D DEBUG -new-driver-path /Applications/Xcode.app/Contents/Developer/Toolchains/XcodeDefault.xctoolchain/usr/bin/swift-driver -serialize-debugging-options -Xcc -working-directory -Xcc /Users/sergejhlystov/ALADDIN_NEW/ALADDIN_NEW/mobile_apps/ALADDIN_iOS -resource-dir /Applications/Xcode.app/Contents/Developer/Toolchains/XcodeDefault.xctoolchain/usr/lib/swift -enable-anonymous-context-mangled-names -Xcc -I/Users/sergejhlystov/Library/Developer/Xcode/DerivedData/ALADDIN-eahryzmutvtbyceygnlyjsmiiaha/Build/Intermediates.noindex/ALADDIN.build/Debug-iphonesimulator/ALADDIN.build/swift-overrides.hmap -Xcc -iquote -Xcc /Users/sergejhlystov/Library/Developer/Xcode/DerivedData/ALADDIN-eahryzmutvtbyceygnlyjsmiiaha/Build/Intermediates.noindex/ALADDIN.build/Debug-iphonesimulator/ALADDIN.build/ALADDIN-generated-files.hmap -Xcc -I/Users/sergejhlystov/Library/Developer/Xcode/DerivedData/ALADDIN-eahryzmutvtbyceygnlyjsmiiaha/Build/Intermediates.noindex/ALADDIN.build/Debug-iphonesimulator/ALADDIN.build/ALADDIN-own-target-headers.hmap -Xcc -I/Users/sergejhlystov/Library/Developer/Xcode/DerivedData/ALADDIN-eahryzmutvtbyceygnlyjsmiiaha/Build/Intermediates.noindex/ALADDIN.build/Debug-iphonesimulator/ALADDIN.build/ALADDIN-all-target-headers.hmap -Xcc -iquote -Xcc /Users/sergejhlystov/Library/Developer/Xcode/DerivedData/ALADDIN-eahryzmutvtbyceygnlyjsmiiaha/Build/Intermediates.noindex/ALADDIN.build/Debug-iphonesimulator/ALADDIN.build/ALADDIN-project-headers.hmap -Xcc -I/Users/sergejhlystov/Library/Developer/Xcode/DerivedData/ALADDIN-eahryzmutvtbyceygnlyjsmiiaha/Build/Products/Debug-iphonesimulator/include -Xcc -I/Users/sergejhlystov/Library/Developer/Xcode/DerivedData/ALADDIN-eahryzmutvtbyceygnlyjsmiiaha/Build/Intermediates.noindex/ALADDIN.build/Debug-iphonesimulator/ALADDIN.build/DerivedSources-normal/x86_64 -Xcc -I/Users/sergejhlystov/Library/Developer/Xcode/DerivedData/ALADDIN-eahryzmutvtbyceygnlyjsmiiaha/Build/Intermediates.noindex/ALADDIN.build/Debug-iphonesimulator/ALADDIN.build/DerivedSources/x86_64 -Xcc -I/Users/sergejhlystov/Library/Developer/Xcode/DerivedData/ALADDIN-eahryzmutvtbyceygnlyjsmiiaha/Build/Intermediates.noindex/ALADDIN.build/Debug-iphonesimulator/ALADDIN.build/DerivedSources -Xcc -DDEBUG\=1 -module-name ALADDIN -target-sdk-version 15.2.0 -o /Users/sergejhlystov/Library/Developer/Xcode/DerivedData/ALADDIN-eahryzmutvtbyceygnlyjsmiiaha/Build/Intermediates.noindex/ALADDIN.build/Debug-iphonesimulator/ALADDIN.build/Objects-normal/x86_64/RewardsModalView.o -o /Users/sergejhlystov/Library/Developer/Xcode/DerivedData/ALADDIN-eahryzmutvtbyceygnlyjsmiiaha/Build/Intermediates.noindex/ALADDIN.build/Debug-iphonesimulator/ALADDIN.build/Objects-normal/x86_64/23_FamilyChatScreen.o -o /Users/sergejhlystov/Library/Developer/Xcode/DerivedData/ALADDIN-eahryzmutvtbyceygnlyjsmiiaha/Build/Intermediates.noindex/ALADDIN.build/Debug-iphonesimulator/ALADDIN.build/Objects-normal/x86_64/02_FamilyScreen.o -o /Users/sergejhlystov/Library/Developer/Xcode/DerivedData/ALADDIN-eahryzmutvtbyceygnlyjsmiiaha/Build/Intermediates.noindex/ALADDIN.build/Debug-iphonesimulator/ALADDIN.build/Objects-normal/x86_64/20_DevicesScreen.o -o /Users/sergejhlystov/Library/Developer/Xcode/DerivedData/ALADDIN-eahryzmutvtbyceygnlyjsmiiaha/Build/Intermediates.noindex/ALADDIN.build/Debug-iphonesimulator/ALADDIN.build/Objects-normal/x86_64/ViewModifiers.o -o /Users/sergejhlystov/Library/Developer/Xcode/DerivedData/ALADDIN-eahryzmutvtbyceygnlyjsmiiaha/Build/Intermediates.noindex/ALADDIN.build/Debug-iphonesimulator/ALADDIN.build/Objects-normal/x86_64/HapticFeedback.o -o /Users/sergejhlystov/Library/Developer/Xcode/DerivedData/ALADDIN-eahryzmutvtbyceygnlyjsmiiaha/Build/Intermediates.noindex/ALADDIN.build/Debug-iphonesimulator/ALADDIN.build/Objects-normal/x86_64/MainScreenWithRegistration.o -o /Users/sergejhlystov/Library/Developer/Xcode/DerivedData/ALADDIN-eahryzmutvtbyceygnlyjsmiiaha/Build/Intermediates.noindex/ALADDIN.build/Debug-iphonesimulator/ALADDIN.build/Objects-normal/x86_64/NetworkError.o -o /Users/sergejhlystov/Library/Developer/Xcode/DerivedData/ALADDIN-eahryzmutvtbyceygnlyjsmiiaha/Build/Intermediates.noindex/ALADDIN.build/Debug-iphonesimulator/ALADDIN.build/Objects-normal/x86_64/LanguageSettingsScreen.o -o /Users/sergejhlystov/Library/Developer/Xcode/DerivedData/ALADDIN-eahryzmutvtbyceygnlyjsmiiaha/Build/Intermediates.noindex/ALADDIN.build/Debug-iphonesimulator/ALADDIN.build/Objects-normal/x86_64/FamilyRegistrationViewModel.o -o /Users/sergejhlystov/Library/Developer/Xcode/DerivedData/ALADDIN-eahryzmutvtbyceygnlyjsmiiaha/Build/Intermediates.noindex/ALADDIN.build/Debug-iphonesimulator/ALADDIN.build/Objects-normal/x86_64/CornerRadius.o -index-store-path /Users/sergejhlystov/Library/Developer/Xcode/DerivedData/ALADDIN-eahryzmutvtbyceygnlyjsmiiaha/Index/DataStore -index-system-modules
/Users/sergejhlystov/ALADDIN_NEW/ALADDIN_NEW/mobile_apps/ALADDIN_iOS/ViewModels/FamilyRegistrationViewModel.swift:65:34: error: 'FamilyRole' is ambiguous for type lookup in this context
    @Published var selectedRole: FamilyRole?
                                 ^~~~~~~~~~
/Users/sergejhlystov/ALADDIN_NEW/ALADDIN_NEW/mobile_apps/ALADDIN_iOS/ALADDINApp.swift:112:6: note: found this candidate
enum FamilyRole: String {
     ^
/Users/sergejhlystov/ALADDIN_NEW/ALADDIN_NEW/mobile_apps/ALADDIN_iOS/ViewModels/FamilyRegistrationViewModel.swift:6:6: note: found this candidate
enum FamilyRole: String, Codable, CaseIterable, Identifiable {
     ^
/Users/sergejhlystov/ALADDIN_NEW/ALADDIN_NEW/mobile_apps/ALADDIN_iOS/Screens/MainScreenWithRegistration.swift:33:25: error: referencing subscript 'subscript(dynamicMember:)' requires wrapper 'ObservedObject<FamilyRegistrationViewModel>.Wrapper'
                        registrationVM.selectedRole = .parent
                        ^
                        $
/Users/sergejhlystov/ALADDIN_NEW/ALADDIN_NEW/mobile_apps/ALADDIN_iOS/Screens/MainScreenWithRegistration.swift:33:56: error: type 'Binding<_>' has no member 'parent'
                        registrationVM.selectedRole = .parent
                                                      ~^~~~~~
/Users/sergejhlystov/ALADDIN_NEW/ALADDIN_NEW/mobile_apps/ALADDIN_iOS/ViewModels/FamilyRegistrationViewModel.swift:6:6: error: invalid redeclaration of 'FamilyRole'
enum FamilyRole: String, Codable, CaseIterable, Identifiable {
     ^
/Users/sergejhlystov/ALADDIN_NEW/ALADDIN_NEW/mobile_apps/ALADDIN_iOS/ALADDINApp.swift:112:6: note: 'FamilyRole' previously declared here
enum FamilyRole: String {
     ^
/Users/sergejhlystov/ALADDIN_NEW/ALADDIN_NEW/mobile_apps/ALADDIN_iOS/ViewModels/FamilyRegistrationViewModel.swift:25:15: error: 'FamilyRole' is ambiguous for type lookup in this context
    var role: FamilyRole
              ^~~~~~~~~~
/Users/sergejhlystov/ALADDIN_NEW/ALADDIN_NEW/mobile_apps/ALADDIN_iOS/ALADDINApp.swift:112:6: note: found this candidate
enum FamilyRole: String {
     ^
/Users/sergejhlystov/ALADDIN_NEW/ALADDIN_NEW/mobile_apps/ALADDIN_iOS/ViewModels/FamilyRegistrationViewModel.swift:6:6: note: found this candidate
enum FamilyRole: String, Codable, CaseIterable, Identifiable {
     ^
/Users/sergejhlystov/ALADDIN_NEW/ALADDIN_NEW/mobile_apps/ALADDIN_iOS/ViewModels/FamilyRegistrationViewModel.swift:25:9: note: cannot automatically synthesize 'Decodable' because 'FamilyRole' does not conform to 'Decodable'
    var role: FamilyRole
        ^
/Users/sergejhlystov/ALADDIN_NEW/ALADDIN_NEW/mobile_apps/ALADDIN_iOS/ViewModels/FamilyRegistrationViewModel.swift:22:8: error: type 'FamilyMember' does not conform to protocol 'Decodable'
struct FamilyMember: Codable, Identifiable {
       ^
Swift.Decodable:2:5: note: protocol requires initializer 'init(from:)' with type 'Decodable'
    init(from decoder: Decoder) throws
    ^
/Users/sergejhlystov/ALADDIN_NEW/ALADDIN_NEW/mobile_apps/ALADDIN_iOS/ViewModels/FamilyRegistrationViewModel.swift:25:9: note: cannot automatically synthesize 'Encodable' because 'FamilyRole' does not conform to 'Encodable'
    var role: FamilyRole
        ^
/Users/sergejhlystov/ALADDIN_NEW/ALADDIN_NEW/mobile_apps/ALADDIN_iOS/ViewModels/FamilyRegistrationViewModel.swift:22:8: error: type 'FamilyMember' does not conform to protocol 'Encodable'
struct FamilyMember: Codable, Identifiable {
       ^
Swift.Encodable:2:10: note: protocol requires function 'encode(to:)' with type 'Encodable'
    func encode(to encoder: Encoder) throws
         ^
/Users/sergejhlystov/ALADDIN_NEW/ALADDIN_NEW/mobile_apps/ALADDIN_iOS/ViewModels/FamilyRegistrationViewModel.swift:94:31: error: 'FamilyRole' is ambiguous for type lookup in this context
    func saveUserRole(_ role: FamilyRole) {
                              ^~~~~~~~~~
/Users/sergejhlystov/ALADDIN_NEW/ALADDIN_NEW/mobile_apps/ALADDIN_iOS/ALADDINApp.swift:112:6: note: found this candidate
enum FamilyRole: String {
     ^
/Users/sergejhlystov/ALADDIN_NEW/ALADDIN_NEW/mobile_apps/ALADDIN_iOS/ViewModels/FamilyRegistrationViewModel.swift:6:6: note: found this candidate
enum FamilyRole: String, Codable, CaseIterable, Identifiable {
     ^
/Users/sergejhlystov/ALADDIN_NEW/ALADDIN_NEW/mobile_apps/ALADDIN_iOS/ViewModels/FamilyRegistrationViewModel.swift:102:34: error: 'FamilyRole' is ambiguous for type lookup in this context
    func getCurrentUserRole() -> FamilyRole? {
                                 ^~~~~~~~~~
/Users/sergejhlystov/ALADDIN_NEW/ALADDIN_NEW/mobile_apps/ALADDIN_iOS/ALADDINApp.swift:112:6: note: found this candidate
enum FamilyRole: String {
     ^
/Users/sergejhlystov/ALADDIN_NEW/ALADDIN_NEW/mobile_apps/ALADDIN_iOS/ViewModels/FamilyRegistrationViewModel.swift:6:6: note: found this candidate
enum FamilyRole: String, Codable, CaseIterable, Identifiable {
     ^
/Users/sergejhlystov/ALADDIN_NEW/ALADDIN_NEW/mobile_apps/ALADDIN_iOS/ViewModels/FamilyRegistrationViewModel.swift:170:33: error: 'FamilyRole' is ambiguous for type lookup in this context
    func onRoleSelected(_ role: FamilyRole) {
                                ^~~~~~~~~~
/Users/sergejhlystov/ALADDIN_NEW/ALADDIN_NEW/mobile_apps/ALADDIN_iOS/ALADDINApp.swift:112:6: note: found this candidate
enum FamilyRole: String {
     ^
/Users/sergejhlystov/ALADDIN_NEW/ALADDIN_NEW/mobile_apps/ALADDIN_iOS/ViewModels/FamilyRegistrationViewModel.swift:6:6: note: found this candidate
enum FamilyRole: String, Codable, CaseIterable, Identifiable {
     ^
/Users/sergejhlystov/ALADDIN_NEW/ALADDIN_NEW/mobile_apps/ALADDIN_iOS/ViewModels/FamilyRegistrationViewModel.swift:202:26: error: type of expression is ambiguous without more context
        guard let role = selectedRole,
                         ^~~~~~~~~~~~
/Users/sergejhlystov/ALADDIN_NEW/ALADDIN_NEW/mobile_apps/ALADDIN_iOS/ViewModels/FamilyRegistrationViewModel.swift:251:26: error: type of expression is ambiguous without more context
        guard let role = selectedRole,
                         ^~~~~~~~~~~~
/Users/sergejhlystov/ALADDIN_NEW/ALADDIN_NEW/mobile_apps/ALADDIN_iOS/ViewModels/FamilyRegistrationViewModel.swift:25:9: note: cannot automatically synthesize 'Decodable' because 'FamilyRole' does not conform to 'Decodable'
    var role: FamilyRole
        ^
/Users/sergejhlystov/ALADDIN_NEW/ALADDIN_NEW/mobile_apps/ALADDIN_iOS/ViewModels/FamilyRegistrationViewModel.swift:22:8: error: type 'FamilyMember' does not conform to protocol 'Decodable'
struct FamilyMember: Codable, Identifiable {
       ^
Swift.Decodable:2:5: note: protocol requires initializer 'init(from:)' with type 'Decodable'
    init(from decoder: Decoder) throws
    ^
/Users/sergejhlystov/Library/Developer/Xcode/DerivedData/ALADDIN-eahryzmutvtbyceygnlyjsmiiaha/Build/Intermediates.noindex/ALADDIN.build/Debug-iphonesimulator/ALADDIN.build/Objects-normal/x86_64/LanguageSettingsScreen.dia:1:1: warning: Could not read serialized diagnostics file: error("Invalid diagnostics signature") (in target 'ALADDIN' from project 'ALADDIN')
Command CompileSwift failed with a nonzero exit code

CompileSwift normal x86_64 /Users/sergejhlystov/ALADDIN_NEW/ALADDIN_NEW/mobile_apps/ALADDIN_iOS/ViewModels/FamilyRegistrationViewModel.swift (in target 'ALADDIN' from project 'ALADDIN')
    cd /Users/sergejhlystov/ALADDIN_NEW/ALADDIN_NEW/mobile_apps/ALADDIN_iOS
    /Applications/Xcode.app/Contents/Developer/Toolchains/XcodeDefault.xctoolchain/usr/bin/swift-frontend -frontend -c /Users/sergejhlystov/ALADDIN_NEW/ALADDIN_NEW/mobile_apps/ALADDIN_iOS/Screens/RewardsQuickModal.swift /Users/sergejhlystov/ALADDIN_NEW/ALADDIN_NEW/mobile_apps/ALADDIN_iOS/Screens/08_ChildInterfaceScreen.swift /Users/sergejhlystov/ALADDIN_NEW/ALADDIN_NEW/mobile_apps/ALADDIN_iOS/ContentView.swift /Users/sergejhlystov/ALADDIN_NEW/ALADDIN_NEW/mobile_apps/ALADDIN_iOS/Shared/Components/ALADDINToggle.swift /Users/sergejhlystov/ALADDIN_NEW/ALADDIN_NEW/mobile_apps/ALADDIN_iOS/Components/Modals/AgeGroupSelectionModal.swift /Users/sergejhlystov/ALADDIN_NEW/ALADDIN_NEW/mobile_apps/ALADDIN_iOS/ALADDINApp.swift /Users/sergejhlystov/ALADDIN_NEW/ALADDIN_NEW/mobile_apps/ALADDIN_iOS/Shared/Models/FunctionStatus.swift /Users/sergejhlystov/ALADDIN_NEW/ALADDIN_NEW/mobile_apps/ALADDIN_iOS/ViewModels/MainViewModel.swift /Users/sergejhlystov/ALADDIN_NEW/ALADDIN_NEW/mobile_apps/ALADDIN_iOS/Shared/Components/Buttons/PrimaryButton.swift /Users/sergejhlystov/ALADDIN_NEW/ALADDIN_NEW/mobile_apps/ALADDIN_iOS/Screens/NotificationSettingsScreen.swift /Users/sergejhlystov/ALADDIN_NEW/ALADDIN_NEW/mobile_apps/ALADDIN_iOS/Screens/ChildContentScreen.swift /Users/sergejhlystov/ALADDIN_NEW/ALADDIN_NEW/mobile_apps/ALADDIN_iOS/Shared/Components/StatItem.swift /Users/sergejhlystov/ALADDIN_NEW/ALADDIN_NEW/mobile_apps/ALADDIN_iOS/Shared/Components/Cards/FamilyMemberCard.swift /Users/sergejhlystov/ALADDIN_NEW/ALADDIN_NEW/mobile_apps/ALADDIN_iOS/ViewModels/VPNViewModel.swift /Users/sergejhlystov/ALADDIN_NEW/ALADDIN_NEW/mobile_apps/ALADDIN_iOS/Core/Models/APIModels.swift /Users/sergejhlystov/ALADDIN_NEW/ALADDIN_NEW/mobile_apps/ALADDIN_iOS/Core/VPN/VPNManager.swift /Users/sergejhlystov/ALADDIN_NEW/ALADDIN_NEW/mobile_apps/ALADDIN_iOS/Screens/UnicornPetView.swift /Users/sergejhlystov/ALADDIN_NEW/ALADDIN_NEW/mobile_apps/ALADDIN_iOS/Core/Network/APIService.swift /Users/sergejhlystov/ALADDIN_NEW/ALADDIN_NEW/mobile_apps/ALADDIN_iOS/Screens/18_PrivacyPolicyScreen.swift /Users/sergejhlystov/ALADDIN_NEW/ALADDIN_NEW/mobile_apps/ALADDIN_iOS/Screens/10_TariffsScreen.swift /Users/sergejhlystov/ALADDIN_NEW/ALADDIN_NEW/mobile_apps/ALADDIN_iOS/Screens/03_VPNScreen.swift /Users/sergejhlystov/ALADDIN_NEW/ALADDIN_NEW/mobile_apps/ALADDIN_iOS/Screens/09_ElderlyInterfaceScreen.swift /Users/sergejhlystov/ALADDIN_NEW/ALADDIN_NEW/mobile_apps/ALADDIN_iOS/Shared/Components/SecondaryButton.swift /Users/sergejhlystov/ALADDIN_NEW/ALADDIN_NEW/mobile_apps/ALADDIN_iOS/Screens/11_ProfileScreen.swift /Users/sergejhlystov/ALADDIN_NEW/ALADDIN_NEW/mobile_apps/ALADDIN_iOS/Core/Network/NetworkManager.swift /Users/sergejhlystov/ALADDIN_NEW/ALADDIN_NEW/mobile_apps/ALADDIN_iOS/Screens/19_TermsOfServiceScreen.swift /Users/sergejhlystov/ALADDIN_NEW/ALADDIN_NEW/mobile_apps/ALADDIN_iOS/Core/Config/AppConfig.swift /Users/sergejhlystov/ALADDIN_NEW/ALADDIN_NEW/mobile_apps/ALADDIN_iOS/ViewModels/FamilyViewModel.swift /Users/sergejhlystov/ALADDIN_NEW/ALADDIN_NEW/mobile_apps/ALADDIN_iOS/ViewModels/AIAssistantViewModel.swift /Users/sergejhlystov/ALADDIN_NEW/ALADDIN_NEW/mobile_apps/ALADDIN_iOS/Screens/22_DeviceDetailScreen.swift /Users/sergejhlystov/ALADDIN_NEW/ALADDIN_NEW/mobile_apps/ALADDIN_iOS/Screens/WidgetConfigurationScreen.swift /Users/sergejhlystov/ALADDIN_NEW/ALADDIN_NEW/mobile_apps/ALADDIN_iOS/Core/Security/KeychainManager.swift /Users/sergejhlystov/ALADDIN_NEW/ALADDIN_NEW/mobile_apps/ALADDIN_iOS/Shared/Components/Modals/MemberStatsModalView.swift /Users/sergejhlystov/ALADDIN_NEW/ALADDIN_NEW/mobile_apps/ALADDIN_iOS/Shared/Styles/Spacing.swift /Users/sergejhlystov/ALADDIN_NEW/ALADDIN_NEW/mobile_apps/ALADDIN_iOS/Shared/Components/RecoveryOptionsModal.swift /Users/sergejhlystov/ALADDIN_NEW/ALADDIN_NEW/mobile_apps/ALADDIN_iOS/ViewModels/SettingsViewModel.swift /Users/sergejhlystov/ALADDIN_NEW/ALADDIN_NEW/mobile_apps/ALADDIN_iOS/Shared/Components/InfoRow.swift /Users/sergejhlystov/ALADDIN_NEW/ALADDIN_NEW/mobile_apps/ALADDIN_iOS/Screens/25_PaymentQRScreen.swift /Users/sergejhlystov/ALADDIN_NEW/ALADDIN_NEW/mobile_apps/ALADDIN_iOS/Shared/Components/Modals/RoleSelectionModal.swift /Users/sergejhlystov/ALADDIN_NEW/ALADDIN_NEW/mobile_apps/ALADDIN_iOS/ViewModels/SupportViewModel.swift /Users/sergejhlystov/ALADDIN_NEW/ALADDIN_NEW/mobile_apps/ALADDIN_iOS/ViewModels/ChildInterfaceViewModel.swift /Users/sergejhlystov/ALADDIN_NEW/ALADDIN_NEW/mobile_apps/ALADDIN_iOS/Screens/12_NotificationsScreen.swift /Users/sergejhlystov/ALADDIN_NEW/ALADDIN_NEW/mobile_apps/ALADDIN_iOS/ViewModels/ElderlyInterfaceViewModel.swift /Users/sergejhlystov/ALADDIN_NEW/ALADDIN_NEW/mobile_apps/ALADDIN_iOS/ViewModels/AnalyticsViewModel.swift /Users/sergejhlystov/ALADDIN_NEW/ALADDIN_NEW/mobile_apps/ALADDIN_iOS/Core/Cache/CacheManager.swift /Users/sergejhlystov/ALADDIN_NEW/ALADDIN_NEW/mobile_apps/ALADDIN_iOS/ViewModels/NotificationsViewModel.swift /Users/sergejhlystov/ALADDIN_NEW/ALADDIN_NEW/mobile_apps/ALADDIN_iOS/Screens/06_AIAssistantScreen.swift /Users/sergejhlystov/ALADDIN_NEW/ALADDIN_NEW/mobile_apps/ALADDIN_iOS/ViewModels/ProfileViewModel.swift /Users/sergejhlystov/ALADDIN_NEW/ALADDIN_NEW/mobile_apps/ALADDIN_iOS/Components/Modals/ConsentModal.swift /Users/sergejhlystov/ALADDIN_NEW/ALADDIN_NEW/mobile_apps/ALADDIN_iOS/ViewModels/ParentalControlViewModel.swift /Users/sergejhlystov/ALADDIN_NEW/ALADDIN_NEW/mobile_apps/ALADDIN_iOS/ViewModels/OnboardingViewModel.swift /Users/sergejhlystov/ALADDIN_NEW/ALADDIN_NEW/mobile_apps/ALADDIN_iOS/Shared/Styles/Colors.swift /Users/sergejhlystov/ALADDIN_NEW/ALADDIN_NEW/mobile_apps/ALADDIN_iOS/Screens/ChildRewardsScreen.swift /Users/sergejhlystov/ALADDIN_NEW/ALADDIN_NEW/mobile_apps/ALADDIN_iOS/Screens/21_ReferralScreen.swift /Users/sergejhlystov/ALADDIN_NEW/ALADDIN_NEW/mobile_apps/ALADDIN_iOS/Shared/Components/AvatarSelector.swift /Users/sergejhlystov/ALADDIN_NEW/ALADDIN_NEW/mobile_apps/ALADDIN_iOS/Shared/Components/Navigation/ALADDINNavigationBar.swift /Users/sergejhlystov/ALADDIN_NEW/ALADDIN_NEW/mobile_apps/ALADDIN_iOS/Screens/14_OnboardingScreen.swift /Users/sergejhlystov/ALADDIN_NEW/ALADDIN_NEW/mobile_apps/ALADDIN_iOS/Components/Modals/FamilyCreatedModal.swift /Users/sergejhlystov/ALADDIN_NEW/ALADDIN_NEW/mobile_apps/ALADDIN_iOS/ViewModels/PaymentQRViewModel.swift /Users/sergejhlystov/ALADDIN_NEW/ALADDIN_NEW/mobile_apps/ALADDIN_iOS/Core/Navigation/NavigationManager.swift /Users/sergejhlystov/ALADDIN_NEW/ALADDIN_NEW/mobile_apps/ALADDIN_iOS/Core/Accessibility/AccessibilityManager.swift /Users/sergejhlystov/ALADDIN_NEW/ALADDIN_NEW/mobile_apps/ALADDIN_iOS/Core/Store/StoreManager.swift /Users/sergejhlystov/ALADDIN_NEW/ALADDIN_NEW/mobile_apps/ALADDIN_iOS/Screens/WheelOfFortuneView.swift /Users/sergejhlystov/ALADDIN_NEW/ALADDIN_NEW/mobile_apps/ALADDIN_iOS/Screens/UnicornUniverseView.swift /Users/sergejhlystov/ALADDIN_NEW/ALADDIN_NEW/mobile_apps/ALADDIN_iOS/Core/Localization/LocalizationManager.swift /Users/sergejhlystov/ALADDIN_NEW/ALADDIN_NEW/mobile_apps/ALADDIN_iOS/Screens/13_SupportScreen.swift /Users/sergejhlystov/ALADDIN_NEW/ALADDIN_NEW/mobile_apps/ALADDIN_iOS/Core/Analytics/AnalyticsManager.swift /Users/sergejhlystov/ALADDIN_NEW/ALADDIN_NEW/mobile_apps/ALADDIN_iOS/Screens/07_ParentalControlScreen.swift /Users/sergejhlystov/ALADDIN_NEW/ALADDIN_NEW/mobile_apps/ALADDIN_iOS/Screens/05_SettingsScreen.swift -primary-file /Users/sergejhlystov/ALADDIN_NEW/ALADDIN_NEW/mobile_apps/ALADDIN_iOS/Screens/RewardsModalView.swift -primary-file /Users/sergejhlystov/ALADDIN_NEW/ALADDIN_NEW/mobile_apps/ALADDIN_iOS/Screens/23_FamilyChatScreen.swift -primary-file /Users/sergejhlystov/ALADDIN_NEW/ALADDIN_NEW/mobile_apps/ALADDIN_iOS/Screens/02_FamilyScreen.swift -primary-file /Users/sergejhlystov/ALADDIN_NEW/ALADDIN_NEW/mobile_apps/ALADDIN_iOS/Screens/20_DevicesScreen.swift -primary-file /Users/sergejhlystov/ALADDIN_NEW/ALADDIN_NEW/mobile_apps/ALADDIN_iOS/Shared/Components/ViewModifiers.swift -primary-file /Users/sergejhlystov/ALADDIN_NEW/ALADDIN_NEW/mobile_apps/ALADDIN_iOS/Shared/Components/HapticFeedback.swift -primary-file /Users/sergejhlystov/ALADDIN_NEW/ALADDIN_NEW/mobile_apps/ALADDIN_iOS/Screens/MainScreenWithRegistration.swift -primary-file /Users/sergejhlystov/ALADDIN_NEW/ALADDIN_NEW/mobile_apps/ALADDIN_iOS/Core/Network/NetworkError.swift -primary-file /Users/sergejhlystov/ALADDIN_NEW/ALADDIN_NEW/mobile_apps/ALADDIN_iOS/Screens/LanguageSettingsScreen.swift -primary-file /Users/sergejhlystov/ALADDIN_NEW/ALADDIN_NEW/mobile_apps/ALADDIN_iOS/ViewModels/FamilyRegistrationViewModel.swift -primary-file /Users/sergejhlystov/ALADDIN_NEW/ALADDIN_NEW/mobile_apps/ALADDIN_iOS/Shared/Styles/CornerRadius.swift /Users/sergejhlystov/ALADDIN_NEW/ALADDIN_NEW/mobile_apps/ALADDIN_iOS/Screens/01_MainScreen.swift /Users/sergejhlystov/ALADDIN_NEW/ALADDIN_NEW/mobile_apps/ALADDIN_iOS/Screens/FamilyTournamentView.swift /Users/sergejhlystov/ALADDIN_NEW/ALADDIN_NEW/mobile_apps/ALADDIN_iOS/Shared/Styles/Fonts.swift /Users/sergejhlystov/ALADDIN_NEW/ALADDIN_NEW/mobile_apps/ALADDIN_iOS/Screens/GamesParentalControlView.swift /Users/sergejhlystov/ALADDIN_NEW/ALADDIN_NEW/mobile_apps/ALADDIN_iOS/Shared/Components/QRScannerModal.swift /Users/sergejhlystov/ALADDIN_NEW/ALADDIN_NEW/mobile_apps/ALADDIN_iOS/Screens/04_AnalyticsScreen.swift /Users/sergejhlystov/ALADDIN_NEW/ALADDIN_NEW/mobile_apps/ALADDIN_iOS/Screens/24_VPNEnergyStatsScreen.swift /Users/sergejhlystov/ALADDIN_NEW/ALADDIN_NEW/mobile_apps/ALADDIN_iOS/Shared/Components/Modals/ProfileEditView.swift /Users/sergejhlystov/ALADDIN_NEW/ALADDIN_NEW/mobile_apps/ALADDIN_iOS/ViewModels/TariffsViewModel.swift /Users/sergejhlystov/ALADDIN_NEW/ALADDIN_NEW/mobile_apps/ALADDIN_iOS/Core/Notifications/NotificationManager.swift /Users/sergejhlystov/ALADDIN_NEW/ALADDIN_NEW/mobile_apps/ALADDIN_iOS/Core/Security/SecurityManager.swift -supplementary-output-file-map /var/folders/rf/6rxcyql17sz57_02ng7jd7pr0000gn/T/TemporaryDirectory.wFGpdC/supplementaryOutputs-7 -target x86_64-apple-ios15.0-simulator -enable-objc-interop -sdk /Applications/Xcode.app/Contents/Developer/Platforms/iPhoneSimulator.platform/Developer/SDKs/iPhoneSimulator15.2.sdk -I /Users/sergejhlystov/Library/Developer/Xcode/DerivedData/ALADDIN-eahryzmutvtbyceygnlyjsmiiaha/Build/Products/Debug-iphonesimulator -F /Users/sergejhlystov/Library/Developer/Xcode/DerivedData/ALADDIN-eahryzmutvtbyceygnlyjsmiiaha/Build/Products/Debug-iphonesimulator -enable-testing -g -module-cache-path /Users/sergejhlystov/Library/Developer/Xcode/DerivedData/ModuleCache.noindex -emit-localized-strings -emit-localized-strings-path /Users/sergejhlystov/Library/Developer/Xcode/DerivedData/ALADDIN-eahryzmutvtbyceygnlyjsmiiaha/Build/Intermediates.noindex/ALADDIN.build/Debug-iphonesimulator/ALADDIN.build/Objects-normal/x86_64 -swift-version 5 -enforce-exclusivity\=checked -Onone -D DEBUG -new-driver-path /Applications/Xcode.app/Contents/Developer/Toolchains/XcodeDefault.xctoolchain/usr/bin/swift-driver -serialize-debugging-options -Xcc -working-directory -Xcc /Users/sergejhlystov/ALADDIN_NEW/ALADDIN_NEW/mobile_apps/ALADDIN_iOS -resource-dir /Applications/Xcode.app/Contents/Developer/Toolchains/XcodeDefault.xctoolchain/usr/lib/swift -enable-anonymous-context-mangled-names -Xcc -I/Users/sergejhlystov/Library/Developer/Xcode/DerivedData/ALADDIN-eahryzmutvtbyceygnlyjsmiiaha/Build/Intermediates.noindex/ALADDIN.build/Debug-iphonesimulator/ALADDIN.build/swift-overrides.hmap -Xcc -iquote -Xcc /Users/sergejhlystov/Library/Developer/Xcode/DerivedData/ALADDIN-eahryzmutvtbyceygnlyjsmiiaha/Build/Intermediates.noindex/ALADDIN.build/Debug-iphonesimulator/ALADDIN.build/ALADDIN-generated-files.hmap -Xcc -I/Users/sergejhlystov/Library/Developer/Xcode/DerivedData/ALADDIN-eahryzmutvtbyceygnlyjsmiiaha/Build/Intermediates.noindex/ALADDIN.build/Debug-iphonesimulator/ALADDIN.build/ALADDIN-own-target-headers.hmap -Xcc -I/Users/sergejhlystov/Library/Developer/Xcode/DerivedData/ALADDIN-eahryzmutvtbyceygnlyjsmiiaha/Build/Intermediates.noindex/ALADDIN.build/Debug-iphonesimulator/ALADDIN.build/ALADDIN-all-target-headers.hmap -Xcc -iquote -Xcc /Users/sergejhlystov/Library/Developer/Xcode/DerivedData/ALADDIN-eahryzmutvtbyceygnlyjsmiiaha/Build/Intermediates.noindex/ALADDIN.build/Debug-iphonesimulator/ALADDIN.build/ALADDIN-project-headers.hmap -Xcc -I/Users/sergejhlystov/Library/Developer/Xcode/DerivedData/ALADDIN-eahryzmutvtbyceygnlyjsmiiaha/Build/Products/Debug-iphonesimulator/include -Xcc -I/Users/sergejhlystov/Library/Developer/Xcode/DerivedData/ALADDIN-eahryzmutvtbyceygnlyjsmiiaha/Build/Intermediates.noindex/ALADDIN.build/Debug-iphonesimulator/ALADDIN.build/DerivedSources-normal/x86_64 -Xcc -I/Users/sergejhlystov/Library/Developer/Xcode/DerivedData/ALADDIN-eahryzmutvtbyceygnlyjsmiiaha/Build/Intermediates.noindex/ALADDIN.build/Debug-iphonesimulator/ALADDIN.build/DerivedSources/x86_64 -Xcc -I/Users/sergejhlystov/Library/Developer/Xcode/DerivedData/ALADDIN-eahryzmutvtbyceygnlyjsmiiaha/Build/Intermediates.noindex/ALADDIN.build/Debug-iphonesimulator/ALADDIN.build/DerivedSources -Xcc -DDEBUG\=1 -module-name ALADDIN -target-sdk-version 15.2.0 -o /Users/sergejhlystov/Library/Developer/Xcode/DerivedData/ALADDIN-eahryzmutvtbyceygnlyjsmiiaha/Build/Intermediates.noindex/ALADDIN.build/Debug-iphonesimulator/ALADDIN.build/Objects-normal/x86_64/RewardsModalView.o -o /Users/sergejhlystov/Library/Developer/Xcode/DerivedData/ALADDIN-eahryzmutvtbyceygnlyjsmiiaha/Build/Intermediates.noindex/ALADDIN.build/Debug-iphonesimulator/ALADDIN.build/Objects-normal/x86_64/23_FamilyChatScreen.o -o /Users/sergejhlystov/Library/Developer/Xcode/DerivedData/ALADDIN-eahryzmutvtbyceygnlyjsmiiaha/Build/Intermediates.noindex/ALADDIN.build/Debug-iphonesimulator/ALADDIN.build/Objects-normal/x86_64/02_FamilyScreen.o -o /Users/sergejhlystov/Library/Developer/Xcode/DerivedData/ALADDIN-eahryzmutvtbyceygnlyjsmiiaha/Build/Intermediates.noindex/ALADDIN.build/Debug-iphonesimulator/ALADDIN.build/Objects-normal/x86_64/20_DevicesScreen.o -o /Users/sergejhlystov/Library/Developer/Xcode/DerivedData/ALADDIN-eahryzmutvtbyceygnlyjsmiiaha/Build/Intermediates.noindex/ALADDIN.build/Debug-iphonesimulator/ALADDIN.build/Objects-normal/x86_64/ViewModifiers.o -o /Users/sergejhlystov/Library/Developer/Xcode/DerivedData/ALADDIN-eahryzmutvtbyceygnlyjsmiiaha/Build/Intermediates.noindex/ALADDIN.build/Debug-iphonesimulator/ALADDIN.build/Objects-normal/x86_64/HapticFeedback.o -o /Users/sergejhlystov/Library/Developer/Xcode/DerivedData/ALADDIN-eahryzmutvtbyceygnlyjsmiiaha/Build/Intermediates.noindex/ALADDIN.build/Debug-iphonesimulator/ALADDIN.build/Objects-normal/x86_64/MainScreenWithRegistration.o -o /Users/sergejhlystov/Library/Developer/Xcode/DerivedData/ALADDIN-eahryzmutvtbyceygnlyjsmiiaha/Build/Intermediates.noindex/ALADDIN.build/Debug-iphonesimulator/ALADDIN.build/Objects-normal/x86_64/NetworkError.o -o /Users/sergejhlystov/Library/Developer/Xcode/DerivedData/ALADDIN-eahryzmutvtbyceygnlyjsmiiaha/Build/Intermediates.noindex/ALADDIN.build/Debug-iphonesimulator/ALADDIN.build/Objects-normal/x86_64/LanguageSettingsScreen.o -o /Users/sergejhlystov/Library/Developer/Xcode/DerivedData/ALADDIN-eahryzmutvtbyceygnlyjsmiiaha/Build/Intermediates.noindex/ALADDIN.build/Debug-iphonesimulator/ALADDIN.build/Objects-normal/x86_64/FamilyRegistrationViewModel.o -o /Users/sergejhlystov/Library/Developer/Xcode/DerivedData/ALADDIN-eahryzmutvtbyceygnlyjsmiiaha/Build/Intermediates.noindex/ALADDIN.build/Debug-iphonesimulator/ALADDIN.build/Objects-normal/x86_64/CornerRadius.o -index-store-path /Users/sergejhlystov/Library/Developer/Xcode/DerivedData/ALADDIN-eahryzmutvtbyceygnlyjsmiiaha/Index/DataStore -index-system-modules
/Users/sergejhlystov/ALADDIN_NEW/ALADDIN_NEW/mobile_apps/ALADDIN_iOS/ViewModels/FamilyRegistrationViewModel.swift:65:34: error: 'FamilyRole' is ambiguous for type lookup in this context
    @Published var selectedRole: FamilyRole?
                                 ^~~~~~~~~~
/Users/sergejhlystov/ALADDIN_NEW/ALADDIN_NEW/mobile_apps/ALADDIN_iOS/ALADDINApp.swift:112:6: note: found this candidate
enum FamilyRole: String {
     ^
/Users/sergejhlystov/ALADDIN_NEW/ALADDIN_NEW/mobile_apps/ALADDIN_iOS/ViewModels/FamilyRegistrationViewModel.swift:6:6: note: found this candidate
enum FamilyRole: String, Codable, CaseIterable, Identifiable {
     ^
/Users/sergejhlystov/ALADDIN_NEW/ALADDIN_NEW/mobile_apps/ALADDIN_iOS/Screens/MainScreenWithRegistration.swift:33:25: error: referencing subscript 'subscript(dynamicMember:)' requires wrapper 'ObservedObject<FamilyRegistrationViewModel>.Wrapper'
                        registrationVM.selectedRole = .parent
                        ^
                        $
/Users/sergejhlystov/ALADDIN_NEW/ALADDIN_NEW/mobile_apps/ALADDIN_iOS/Screens/MainScreenWithRegistration.swift:33:56: error: type 'Binding<_>' has no member 'parent'
                        registrationVM.selectedRole = .parent
                                                      ~^~~~~~
/Users/sergejhlystov/ALADDIN_NEW/ALADDIN_NEW/mobile_apps/ALADDIN_iOS/ViewModels/FamilyRegistrationViewModel.swift:6:6: error: invalid redeclaration of 'FamilyRole'
enum FamilyRole: String, Codable, CaseIterable, Identifiable {
     ^
/Users/sergejhlystov/ALADDIN_NEW/ALADDIN_NEW/mobile_apps/ALADDIN_iOS/ALADDINApp.swift:112:6: note: 'FamilyRole' previously declared here
enum FamilyRole: String {
     ^
/Users/sergejhlystov/ALADDIN_NEW/ALADDIN_NEW/mobile_apps/ALADDIN_iOS/ViewModels/FamilyRegistrationViewModel.swift:25:15: error: 'FamilyRole' is ambiguous for type lookup in this context
    var role: FamilyRole
              ^~~~~~~~~~
/Users/sergejhlystov/ALADDIN_NEW/ALADDIN_NEW/mobile_apps/ALADDIN_iOS/ALADDINApp.swift:112:6: note: found this candidate
enum FamilyRole: String {
     ^
/Users/sergejhlystov/ALADDIN_NEW/ALADDIN_NEW/mobile_apps/ALADDIN_iOS/ViewModels/FamilyRegistrationViewModel.swift:6:6: note: found this candidate
enum FamilyRole: String, Codable, CaseIterable, Identifiable {
     ^
/Users/sergejhlystov/ALADDIN_NEW/ALADDIN_NEW/mobile_apps/ALADDIN_iOS/ViewModels/FamilyRegistrationViewModel.swift:25:9: note: cannot automatically synthesize 'Decodable' because 'FamilyRole' does not conform to 'Decodable'
    var role: FamilyRole
        ^
/Users/sergejhlystov/ALADDIN_NEW/ALADDIN_NEW/mobile_apps/ALADDIN_iOS/ViewModels/FamilyRegistrationViewModel.swift:22:8: error: type 'FamilyMember' does not conform to protocol 'Decodable'
struct FamilyMember: Codable, Identifiable {
       ^
Swift.Decodable:2:5: note: protocol requires initializer 'init(from:)' with type 'Decodable'
    init(from decoder: Decoder) throws
    ^
/Users/sergejhlystov/ALADDIN_NEW/ALADDIN_NEW/mobile_apps/ALADDIN_iOS/ViewModels/FamilyRegistrationViewModel.swift:25:9: note: cannot automatically synthesize 'Encodable' because 'FamilyRole' does not conform to 'Encodable'
    var role: FamilyRole
        ^
/Users/sergejhlystov/ALADDIN_NEW/ALADDIN_NEW/mobile_apps/ALADDIN_iOS/ViewModels/FamilyRegistrationViewModel.swift:22:8: error: type 'FamilyMember' does not conform to protocol 'Encodable'
struct FamilyMember: Codable, Identifiable {
       ^
Swift.Encodable:2:10: note: protocol requires function 'encode(to:)' with type 'Encodable'
    func encode(to encoder: Encoder) throws
         ^
/Users/sergejhlystov/ALADDIN_NEW/ALADDIN_NEW/mobile_apps/ALADDIN_iOS/ViewModels/FamilyRegistrationViewModel.swift:94:31: error: 'FamilyRole' is ambiguous for type lookup in this context
    func saveUserRole(_ role: FamilyRole) {
                              ^~~~~~~~~~
/Users/sergejhlystov/ALADDIN_NEW/ALADDIN_NEW/mobile_apps/ALADDIN_iOS/ALADDINApp.swift:112:6: note: found this candidate
enum FamilyRole: String {
     ^
/Users/sergejhlystov/ALADDIN_NEW/ALADDIN_NEW/mobile_apps/ALADDIN_iOS/ViewModels/FamilyRegistrationViewModel.swift:6:6: note: found this candidate
enum FamilyRole: String, Codable, CaseIterable, Identifiable {
     ^
/Users/sergejhlystov/ALADDIN_NEW/ALADDIN_NEW/mobile_apps/ALADDIN_iOS/ViewModels/FamilyRegistrationViewModel.swift:102:34: error: 'FamilyRole' is ambiguous for type lookup in this context
    func getCurrentUserRole() -> FamilyRole? {
                                 ^~~~~~~~~~
/Users/sergejhlystov/ALADDIN_NEW/ALADDIN_NEW/mobile_apps/ALADDIN_iOS/ALADDINApp.swift:112:6: note: found this candidate
enum FamilyRole: String {
     ^
/Users/sergejhlystov/ALADDIN_NEW/ALADDIN_NEW/mobile_apps/ALADDIN_iOS/ViewModels/FamilyRegistrationViewModel.swift:6:6: note: found this candidate
enum FamilyRole: String, Codable, CaseIterable, Identifiable {
     ^
/Users/sergejhlystov/ALADDIN_NEW/ALADDIN_NEW/mobile_apps/ALADDIN_iOS/ViewModels/FamilyRegistrationViewModel.swift:170:33: error: 'FamilyRole' is ambiguous for type lookup in this context
    func onRoleSelected(_ role: FamilyRole) {
                                ^~~~~~~~~~
/Users/sergejhlystov/ALADDIN_NEW/ALADDIN_NEW/mobile_apps/ALADDIN_iOS/ALADDINApp.swift:112:6: note: found this candidate
enum FamilyRole: String {
     ^
/Users/sergejhlystov/ALADDIN_NEW/ALADDIN_NEW/mobile_apps/ALADDIN_iOS/ViewModels/FamilyRegistrationViewModel.swift:6:6: note: found this candidate
enum FamilyRole: String, Codable, CaseIterable, Identifiable {
     ^
/Users/sergejhlystov/ALADDIN_NEW/ALADDIN_NEW/mobile_apps/ALADDIN_iOS/ViewModels/FamilyRegistrationViewModel.swift:202:26: error: type of expression is ambiguous without more context
        guard let role = selectedRole,
                         ^~~~~~~~~~~~
/Users/sergejhlystov/ALADDIN_NEW/ALADDIN_NEW/mobile_apps/ALADDIN_iOS/ViewModels/FamilyRegistrationViewModel.swift:251:26: error: type of expression is ambiguous without more context
        guard let role = selectedRole,
                         ^~~~~~~~~~~~
/Users/sergejhlystov/ALADDIN_NEW/ALADDIN_NEW/mobile_apps/ALADDIN_iOS/ViewModels/FamilyRegistrationViewModel.swift:25:9: note: cannot automatically synthesize 'Decodable' because 'FamilyRole' does not conform to 'Decodable'
    var role: FamilyRole
        ^
/Users/sergejhlystov/ALADDIN_NEW/ALADDIN_NEW/mobile_apps/ALADDIN_iOS/ViewModels/FamilyRegistrationViewModel.swift:22:8: error: type 'FamilyMember' does not conform to protocol 'Decodable'
struct FamilyMember: Codable, Identifiable {
       ^
Swift.Decodable:2:5: note: protocol requires initializer 'init(from:)' with type 'Decodable'
    init(from decoder: Decoder) throws
    ^

CompileSwift normal x86_64 /Users/sergejhlystov/ALADDIN_NEW/ALADDIN_NEW/mobile_apps/ALADDIN_iOS/Shared/Styles/CornerRadius.swift (in target 'ALADDIN' from project 'ALADDIN')
    cd /Users/sergejhlystov/ALADDIN_NEW/ALADDIN_NEW/mobile_apps/ALADDIN_iOS
    /Applications/Xcode.app/Contents/Developer/Toolchains/XcodeDefault.xctoolchain/usr/bin/swift-frontend -frontend -c /Users/sergejhlystov/ALADDIN_NEW/ALADDIN_NEW/mobile_apps/ALADDIN_iOS/Screens/RewardsQuickModal.swift /Users/sergejhlystov/ALADDIN_NEW/ALADDIN_NEW/mobile_apps/ALADDIN_iOS/Screens/08_ChildInterfaceScreen.swift /Users/sergejhlystov/ALADDIN_NEW/ALADDIN_NEW/mobile_apps/ALADDIN_iOS/ContentView.swift /Users/sergejhlystov/ALADDIN_NEW/ALADDIN_NEW/mobile_apps/ALADDIN_iOS/Shared/Components/ALADDINToggle.swift /Users/sergejhlystov/ALADDIN_NEW/ALADDIN_NEW/mobile_apps/ALADDIN_iOS/Components/Modals/AgeGroupSelectionModal.swift /Users/sergejhlystov/ALADDIN_NEW/ALADDIN_NEW/mobile_apps/ALADDIN_iOS/ALADDINApp.swift /Users/sergejhlystov/ALADDIN_NEW/ALADDIN_NEW/mobile_apps/ALADDIN_iOS/Shared/Models/FunctionStatus.swift /Users/sergejhlystov/ALADDIN_NEW/ALADDIN_NEW/mobile_apps/ALADDIN_iOS/ViewModels/MainViewModel.swift /Users/sergejhlystov/ALADDIN_NEW/ALADDIN_NEW/mobile_apps/ALADDIN_iOS/Shared/Components/Buttons/PrimaryButton.swift /Users/sergejhlystov/ALADDIN_NEW/ALADDIN_NEW/mobile_apps/ALADDIN_iOS/Screens/NotificationSettingsScreen.swift /Users/sergejhlystov/ALADDIN_NEW/ALADDIN_NEW/mobile_apps/ALADDIN_iOS/Screens/ChildContentScreen.swift /Users/sergejhlystov/ALADDIN_NEW/ALADDIN_NEW/mobile_apps/ALADDIN_iOS/Shared/Components/StatItem.swift /Users/sergejhlystov/ALADDIN_NEW/ALADDIN_NEW/mobile_apps/ALADDIN_iOS/Shared/Components/Cards/FamilyMemberCard.swift /Users/sergejhlystov/ALADDIN_NEW/ALADDIN_NEW/mobile_apps/ALADDIN_iOS/ViewModels/VPNViewModel.swift /Users/sergejhlystov/ALADDIN_NEW/ALADDIN_NEW/mobile_apps/ALADDIN_iOS/Core/Models/APIModels.swift /Users/sergejhlystov/ALADDIN_NEW/ALADDIN_NEW/mobile_apps/ALADDIN_iOS/Core/VPN/VPNManager.swift /Users/sergejhlystov/ALADDIN_NEW/ALADDIN_NEW/mobile_apps/ALADDIN_iOS/Screens/UnicornPetView.swift /Users/sergejhlystov/ALADDIN_NEW/ALADDIN_NEW/mobile_apps/ALADDIN_iOS/Core/Network/APIService.swift /Users/sergejhlystov/ALADDIN_NEW/ALADDIN_NEW/mobile_apps/ALADDIN_iOS/Screens/18_PrivacyPolicyScreen.swift /Users/sergejhlystov/ALADDIN_NEW/ALADDIN_NEW/mobile_apps/ALADDIN_iOS/Screens/10_TariffsScreen.swift /Users/sergejhlystov/ALADDIN_NEW/ALADDIN_NEW/mobile_apps/ALADDIN_iOS/Screens/03_VPNScreen.swift /Users/sergejhlystov/ALADDIN_NEW/ALADDIN_NEW/mobile_apps/ALADDIN_iOS/Screens/09_ElderlyInterfaceScreen.swift /Users/sergejhlystov/ALADDIN_NEW/ALADDIN_NEW/mobile_apps/ALADDIN_iOS/Shared/Components/SecondaryButton.swift /Users/sergejhlystov/ALADDIN_NEW/ALADDIN_NEW/mobile_apps/ALADDIN_iOS/Screens/11_ProfileScreen.swift /Users/sergejhlystov/ALADDIN_NEW/ALADDIN_NEW/mobile_apps/ALADDIN_iOS/Core/Network/NetworkManager.swift /Users/sergejhlystov/ALADDIN_NEW/ALADDIN_NEW/mobile_apps/ALADDIN_iOS/Screens/19_TermsOfServiceScreen.swift /Users/sergejhlystov/ALADDIN_NEW/ALADDIN_NEW/mobile_apps/ALADDIN_iOS/Core/Config/AppConfig.swift /Users/sergejhlystov/ALADDIN_NEW/ALADDIN_NEW/mobile_apps/ALADDIN_iOS/ViewModels/FamilyViewModel.swift /Users/sergejhlystov/ALADDIN_NEW/ALADDIN_NEW/mobile_apps/ALADDIN_iOS/ViewModels/AIAssistantViewModel.swift /Users/sergejhlystov/ALADDIN_NEW/ALADDIN_NEW/mobile_apps/ALADDIN_iOS/Screens/22_DeviceDetailScreen.swift /Users/sergejhlystov/ALADDIN_NEW/ALADDIN_NEW/mobile_apps/ALADDIN_iOS/Screens/WidgetConfigurationScreen.swift /Users/sergejhlystov/ALADDIN_NEW/ALADDIN_NEW/mobile_apps/ALADDIN_iOS/Core/Security/KeychainManager.swift /Users/sergejhlystov/ALADDIN_NEW/ALADDIN_NEW/mobile_apps/ALADDIN_iOS/Shared/Components/Modals/MemberStatsModalView.swift /Users/sergejhlystov/ALADDIN_NEW/ALADDIN_NEW/mobile_apps/ALADDIN_iOS/Shared/Styles/Spacing.swift /Users/sergejhlystov/ALADDIN_NEW/ALADDIN_NEW/mobile_apps/ALADDIN_iOS/Shared/Components/RecoveryOptionsModal.swift /Users/sergejhlystov/ALADDIN_NEW/ALADDIN_NEW/mobile_apps/ALADDIN_iOS/ViewModels/SettingsViewModel.swift /Users/sergejhlystov/ALADDIN_NEW/ALADDIN_NEW/mobile_apps/ALADDIN_iOS/Shared/Components/InfoRow.swift /Users/sergejhlystov/ALADDIN_NEW/ALADDIN_NEW/mobile_apps/ALADDIN_iOS/Screens/25_PaymentQRScreen.swift /Users/sergejhlystov/ALADDIN_NEW/ALADDIN_NEW/mobile_apps/ALADDIN_iOS/Shared/Components/Modals/RoleSelectionModal.swift /Users/sergejhlystov/ALADDIN_NEW/ALADDIN_NEW/mobile_apps/ALADDIN_iOS/ViewModels/SupportViewModel.swift /Users/sergejhlystov/ALADDIN_NEW/ALADDIN_NEW/mobile_apps/ALADDIN_iOS/ViewModels/ChildInterfaceViewModel.swift /Users/sergejhlystov/ALADDIN_NEW/ALADDIN_NEW/mobile_apps/ALADDIN_iOS/Screens/12_NotificationsScreen.swift /Users/sergejhlystov/ALADDIN_NEW/ALADDIN_NEW/mobile_apps/ALADDIN_iOS/ViewModels/ElderlyInterfaceViewModel.swift /Users/sergejhlystov/ALADDIN_NEW/ALADDIN_NEW/mobile_apps/ALADDIN_iOS/ViewModels/AnalyticsViewModel.swift /Users/sergejhlystov/ALADDIN_NEW/ALADDIN_NEW/mobile_apps/ALADDIN_iOS/Core/Cache/CacheManager.swift /Users/sergejhlystov/ALADDIN_NEW/ALADDIN_NEW/mobile_apps/ALADDIN_iOS/ViewModels/NotificationsViewModel.swift /Users/sergejhlystov/ALADDIN_NEW/ALADDIN_NEW/mobile_apps/ALADDIN_iOS/Screens/06_AIAssistantScreen.swift /Users/sergejhlystov/ALADDIN_NEW/ALADDIN_NEW/mobile_apps/ALADDIN_iOS/ViewModels/ProfileViewModel.swift /Users/sergejhlystov/ALADDIN_NEW/ALADDIN_NEW/mobile_apps/ALADDIN_iOS/Components/Modals/ConsentModal.swift /Users/sergejhlystov/ALADDIN_NEW/ALADDIN_NEW/mobile_apps/ALADDIN_iOS/ViewModels/ParentalControlViewModel.swift /Users/sergejhlystov/ALADDIN_NEW/ALADDIN_NEW/mobile_apps/ALADDIN_iOS/ViewModels/OnboardingViewModel.swift /Users/sergejhlystov/ALADDIN_NEW/ALADDIN_NEW/mobile_apps/ALADDIN_iOS/Shared/Styles/Colors.swift /Users/sergejhlystov/ALADDIN_NEW/ALADDIN_NEW/mobile_apps/ALADDIN_iOS/Screens/ChildRewardsScreen.swift /Users/sergejhlystov/ALADDIN_NEW/ALADDIN_NEW/mobile_apps/ALADDIN_iOS/Screens/21_ReferralScreen.swift /Users/sergejhlystov/ALADDIN_NEW/ALADDIN_NEW/mobile_apps/ALADDIN_iOS/Shared/Components/AvatarSelector.swift /Users/sergejhlystov/ALADDIN_NEW/ALADDIN_NEW/mobile_apps/ALADDIN_iOS/Shared/Components/Navigation/ALADDINNavigationBar.swift /Users/sergejhlystov/ALADDIN_NEW/ALADDIN_NEW/mobile_apps/ALADDIN_iOS/Screens/14_OnboardingScreen.swift /Users/sergejhlystov/ALADDIN_NEW/ALADDIN_NEW/mobile_apps/ALADDIN_iOS/Components/Modals/FamilyCreatedModal.swift /Users/sergejhlystov/ALADDIN_NEW/ALADDIN_NEW/mobile_apps/ALADDIN_iOS/ViewModels/PaymentQRViewModel.swift /Users/sergejhlystov/ALADDIN_NEW/ALADDIN_NEW/mobile_apps/ALADDIN_iOS/Core/Navigation/NavigationManager.swift /Users/sergejhlystov/ALADDIN_NEW/ALADDIN_NEW/mobile_apps/ALADDIN_iOS/Core/Accessibility/AccessibilityManager.swift /Users/sergejhlystov/ALADDIN_NEW/ALADDIN_NEW/mobile_apps/ALADDIN_iOS/Core/Store/StoreManager.swift /Users/sergejhlystov/ALADDIN_NEW/ALADDIN_NEW/mobile_apps/ALADDIN_iOS/Screens/WheelOfFortuneView.swift /Users/sergejhlystov/ALADDIN_NEW/ALADDIN_NEW/mobile_apps/ALADDIN_iOS/Screens/UnicornUniverseView.swift /Users/sergejhlystov/ALADDIN_NEW/ALADDIN_NEW/mobile_apps/ALADDIN_iOS/Core/Localization/LocalizationManager.swift /Users/sergejhlystov/ALADDIN_NEW/ALADDIN_NEW/mobile_apps/ALADDIN_iOS/Screens/13_SupportScreen.swift /Users/sergejhlystov/ALADDIN_NEW/ALADDIN_NEW/mobile_apps/ALADDIN_iOS/Core/Analytics/AnalyticsManager.swift /Users/sergejhlystov/ALADDIN_NEW/ALADDIN_NEW/mobile_apps/ALADDIN_iOS/Screens/07_ParentalControlScreen.swift /Users/sergejhlystov/ALADDIN_NEW/ALADDIN_NEW/mobile_apps/ALADDIN_iOS/Screens/05_SettingsScreen.swift -primary-file /Users/sergejhlystov/ALADDIN_NEW/ALADDIN_NEW/mobile_apps/ALADDIN_iOS/Screens/RewardsModalView.swift -primary-file /Users/sergejhlystov/ALADDIN_NEW/ALADDIN_NEW/mobile_apps/ALADDIN_iOS/Screens/23_FamilyChatScreen.swift -primary-file /Users/sergejhlystov/ALADDIN_NEW/ALADDIN_NEW/mobile_apps/ALADDIN_iOS/Screens/02_FamilyScreen.swift -primary-file /Users/sergejhlystov/ALADDIN_NEW/ALADDIN_NEW/mobile_apps/ALADDIN_iOS/Screens/20_DevicesScreen.swift -primary-file /Users/sergejhlystov/ALADDIN_NEW/ALADDIN_NEW/mobile_apps/ALADDIN_iOS/Shared/Components/ViewModifiers.swift -primary-file /Users/sergejhlystov/ALADDIN_NEW/ALADDIN_NEW/mobile_apps/ALADDIN_iOS/Shared/Components/HapticFeedback.swift -primary-file /Users/sergejhlystov/ALADDIN_NEW/ALADDIN_NEW/mobile_apps/ALADDIN_iOS/Screens/MainScreenWithRegistration.swift -primary-file /Users/sergejhlystov/ALADDIN_NEW/ALADDIN_NEW/mobile_apps/ALADDIN_iOS/Core/Network/NetworkError.swift -primary-file /Users/sergejhlystov/ALADDIN_NEW/ALADDIN_NEW/mobile_apps/ALADDIN_iOS/Screens/LanguageSettingsScreen.swift -primary-file /Users/sergejhlystov/ALADDIN_NEW/ALADDIN_NEW/mobile_apps/ALADDIN_iOS/ViewModels/FamilyRegistrationViewModel.swift -primary-file /Users/sergejhlystov/ALADDIN_NEW/ALADDIN_NEW/mobile_apps/ALADDIN_iOS/Shared/Styles/CornerRadius.swift /Users/sergejhlystov/ALADDIN_NEW/ALADDIN_NEW/mobile_apps/ALADDIN_iOS/Screens/01_MainScreen.swift /Users/sergejhlystov/ALADDIN_NEW/ALADDIN_NEW/mobile_apps/ALADDIN_iOS/Screens/FamilyTournamentView.swift /Users/sergejhlystov/ALADDIN_NEW/ALADDIN_NEW/mobile_apps/ALADDIN_iOS/Shared/Styles/Fonts.swift /Users/sergejhlystov/ALADDIN_NEW/ALADDIN_NEW/mobile_apps/ALADDIN_iOS/Screens/GamesParentalControlView.swift /Users/sergejhlystov/ALADDIN_NEW/ALADDIN_NEW/mobile_apps/ALADDIN_iOS/Shared/Components/QRScannerModal.swift /Users/sergejhlystov/ALADDIN_NEW/ALADDIN_NEW/mobile_apps/ALADDIN_iOS/Screens/04_AnalyticsScreen.swift /Users/sergejhlystov/ALADDIN_NEW/ALADDIN_NEW/mobile_apps/ALADDIN_iOS/Screens/24_VPNEnergyStatsScreen.swift /Users/sergejhlystov/ALADDIN_NEW/ALADDIN_NEW/mobile_apps/ALADDIN_iOS/Shared/Components/Modals/ProfileEditView.swift /Users/sergejhlystov/ALADDIN_NEW/ALADDIN_NEW/mobile_apps/ALADDIN_iOS/ViewModels/TariffsViewModel.swift /Users/sergejhlystov/ALADDIN_NEW/ALADDIN_NEW/mobile_apps/ALADDIN_iOS/Core/Notifications/NotificationManager.swift /Users/sergejhlystov/ALADDIN_NEW/ALADDIN_NEW/mobile_apps/ALADDIN_iOS/Core/Security/SecurityManager.swift -supplementary-output-file-map /var/folders/rf/6rxcyql17sz57_02ng7jd7pr0000gn/T/TemporaryDirectory.wFGpdC/supplementaryOutputs-7 -target x86_64-apple-ios15.0-simulator -enable-objc-interop -sdk /Applications/Xcode.app/Contents/Developer/Platforms/iPhoneSimulator.platform/Developer/SDKs/iPhoneSimulator15.2.sdk -I /Users/sergejhlystov/Library/Developer/Xcode/DerivedData/ALADDIN-eahryzmutvtbyceygnlyjsmiiaha/Build/Products/Debug-iphonesimulator -F /Users/sergejhlystov/Library/Developer/Xcode/DerivedData/ALADDIN-eahryzmutvtbyceygnlyjsmiiaha/Build/Products/Debug-iphonesimulator -enable-testing -g -module-cache-path /Users/sergejhlystov/Library/Developer/Xcode/DerivedData/ModuleCache.noindex -emit-localized-strings -emit-localized-strings-path /Users/sergejhlystov/Library/Developer/Xcode/DerivedData/ALADDIN-eahryzmutvtbyceygnlyjsmiiaha/Build/Intermediates.noindex/ALADDIN.build/Debug-iphonesimulator/ALADDIN.build/Objects-normal/x86_64 -swift-version 5 -enforce-exclusivity\=checked -Onone -D DEBUG -new-driver-path /Applications/Xcode.app/Contents/Developer/Toolchains/XcodeDefault.xctoolchain/usr/bin/swift-driver -serialize-debugging-options -Xcc -working-directory -Xcc /Users/sergejhlystov/ALADDIN_NEW/ALADDIN_NEW/mobile_apps/ALADDIN_iOS -resource-dir /Applications/Xcode.app/Contents/Developer/Toolchains/XcodeDefault.xctoolchain/usr/lib/swift -enable-anonymous-context-mangled-names -Xcc -I/Users/sergejhlystov/Library/Developer/Xcode/DerivedData/ALADDIN-eahryzmutvtbyceygnlyjsmiiaha/Build/Intermediates.noindex/ALADDIN.build/Debug-iphonesimulator/ALADDIN.build/swift-overrides.hmap -Xcc -iquote -Xcc /Users/sergejhlystov/Library/Developer/Xcode/DerivedData/ALADDIN-eahryzmutvtbyceygnlyjsmiiaha/Build/Intermediates.noindex/ALADDIN.build/Debug-iphonesimulator/ALADDIN.build/ALADDIN-generated-files.hmap -Xcc -I/Users/sergejhlystov/Library/Developer/Xcode/DerivedData/ALADDIN-eahryzmutvtbyceygnlyjsmiiaha/Build/Intermediates.noindex/ALADDIN.build/Debug-iphonesimulator/ALADDIN.build/ALADDIN-own-target-headers.hmap -Xcc -I/Users/sergejhlystov/Library/Developer/Xcode/DerivedData/ALADDIN-eahryzmutvtbyceygnlyjsmiiaha/Build/Intermediates.noindex/ALADDIN.build/Debug-iphonesimulator/ALADDIN.build/ALADDIN-all-target-headers.hmap -Xcc -iquote -Xcc /Users/sergejhlystov/Library/Developer/Xcode/DerivedData/ALADDIN-eahryzmutvtbyceygnlyjsmiiaha/Build/Intermediates.noindex/ALADDIN.build/Debug-iphonesimulator/ALADDIN.build/ALADDIN-project-headers.hmap -Xcc -I/Users/sergejhlystov/Library/Developer/Xcode/DerivedData/ALADDIN-eahryzmutvtbyceygnlyjsmiiaha/Build/Products/Debug-iphonesimulator/include -Xcc -I/Users/sergejhlystov/Library/Developer/Xcode/DerivedData/ALADDIN-eahryzmutvtbyceygnlyjsmiiaha/Build/Intermediates.noindex/ALADDIN.build/Debug-iphonesimulator/ALADDIN.build/DerivedSources-normal/x86_64 -Xcc -I/Users/sergejhlystov/Library/Developer/Xcode/DerivedData/ALADDIN-eahryzmutvtbyceygnlyjsmiiaha/Build/Intermediates.noindex/ALADDIN.build/Debug-iphonesimulator/ALADDIN.build/DerivedSources/x86_64 -Xcc -I/Users/sergejhlystov/Library/Developer/Xcode/DerivedData/ALADDIN-eahryzmutvtbyceygnlyjsmiiaha/Build/Intermediates.noindex/ALADDIN.build/Debug-iphonesimulator/ALADDIN.build/DerivedSources -Xcc -DDEBUG\=1 -module-name ALADDIN -target-sdk-version 15.2.0 -o /Users/sergejhlystov/Library/Developer/Xcode/DerivedData/ALADDIN-eahryzmutvtbyceygnlyjsmiiaha/Build/Intermediates.noindex/ALADDIN.build/Debug-iphonesimulator/ALADDIN.build/Objects-normal/x86_64/RewardsModalView.o -o /Users/sergejhlystov/Library/Developer/Xcode/DerivedData/ALADDIN-eahryzmutvtbyceygnlyjsmiiaha/Build/Intermediates.noindex/ALADDIN.build/Debug-iphonesimulator/ALADDIN.build/Objects-normal/x86_64/23_FamilyChatScreen.o -o /Users/sergejhlystov/Library/Developer/Xcode/DerivedData/ALADDIN-eahryzmutvtbyceygnlyjsmiiaha/Build/Intermediates.noindex/ALADDIN.build/Debug-iphonesimulator/ALADDIN.build/Objects-normal/x86_64/02_FamilyScreen.o -o /Users/sergejhlystov/Library/Developer/Xcode/DerivedData/ALADDIN-eahryzmutvtbyceygnlyjsmiiaha/Build/Intermediates.noindex/ALADDIN.build/Debug-iphonesimulator/ALADDIN.build/Objects-normal/x86_64/20_DevicesScreen.o -o /Users/sergejhlystov/Library/Developer/Xcode/DerivedData/ALADDIN-eahryzmutvtbyceygnlyjsmiiaha/Build/Intermediates.noindex/ALADDIN.build/Debug-iphonesimulator/ALADDIN.build/Objects-normal/x86_64/ViewModifiers.o -o /Users/sergejhlystov/Library/Developer/Xcode/DerivedData/ALADDIN-eahryzmutvtbyceygnlyjsmiiaha/Build/Intermediates.noindex/ALADDIN.build/Debug-iphonesimulator/ALADDIN.build/Objects-normal/x86_64/HapticFeedback.o -o /Users/sergejhlystov/Library/Developer/Xcode/DerivedData/ALADDIN-eahryzmutvtbyceygnlyjsmiiaha/Build/Intermediates.noindex/ALADDIN.build/Debug-iphonesimulator/ALADDIN.build/Objects-normal/x86_64/MainScreenWithRegistration.o -o /Users/sergejhlystov/Library/Developer/Xcode/DerivedData/ALADDIN-eahryzmutvtbyceygnlyjsmiiaha/Build/Intermediates.noindex/ALADDIN.build/Debug-iphonesimulator/ALADDIN.build/Objects-normal/x86_64/NetworkError.o -o /Users/sergejhlystov/Library/Developer/Xcode/DerivedData/ALADDIN-eahryzmutvtbyceygnlyjsmiiaha/Build/Intermediates.noindex/ALADDIN.build/Debug-iphonesimulator/ALADDIN.build/Objects-normal/x86_64/LanguageSettingsScreen.o -o /Users/sergejhlystov/Library/Developer/Xcode/DerivedData/ALADDIN-eahryzmutvtbyceygnlyjsmiiaha/Build/Intermediates.noindex/ALADDIN.build/Debug-iphonesimulator/ALADDIN.build/Objects-normal/x86_64/FamilyRegistrationViewModel.o -o /Users/sergejhlystov/Library/Developer/Xcode/DerivedData/ALADDIN-eahryzmutvtbyceygnlyjsmiiaha/Build/Intermediates.noindex/ALADDIN.build/Debug-iphonesimulator/ALADDIN.build/Objects-normal/x86_64/CornerRadius.o -index-store-path /Users/sergejhlystov/Library/Developer/Xcode/DerivedData/ALADDIN-eahryzmutvtbyceygnlyjsmiiaha/Index/DataStore -index-system-modules
/Users/sergejhlystov/ALADDIN_NEW/ALADDIN_NEW/mobile_apps/ALADDIN_iOS/ViewModels/FamilyRegistrationViewModel.swift:65:34: error: 'FamilyRole' is ambiguous for type lookup in this context
    @Published var selectedRole: FamilyRole?
                                 ^~~~~~~~~~
/Users/sergejhlystov/ALADDIN_NEW/ALADDIN_NEW/mobile_apps/ALADDIN_iOS/ALADDINApp.swift:112:6: note: found this candidate
enum FamilyRole: String {
     ^
/Users/sergejhlystov/ALADDIN_NEW/ALADDIN_NEW/mobile_apps/ALADDIN_iOS/ViewModels/FamilyRegistrationViewModel.swift:6:6: note: found this candidate
enum FamilyRole: String, Codable, CaseIterable, Identifiable {
     ^
/Users/sergejhlystov/ALADDIN_NEW/ALADDIN_NEW/mobile_apps/ALADDIN_iOS/Screens/MainScreenWithRegistration.swift:33:25: error: referencing subscript 'subscript(dynamicMember:)' requires wrapper 'ObservedObject<FamilyRegistrationViewModel>.Wrapper'
                        registrationVM.selectedRole = .parent
                        ^
                        $
/Users/sergejhlystov/ALADDIN_NEW/ALADDIN_NEW/mobile_apps/ALADDIN_iOS/Screens/MainScreenWithRegistration.swift:33:56: error: type 'Binding<_>' has no member 'parent'
                        registrationVM.selectedRole = .parent
                                                      ~^~~~~~
/Users/sergejhlystov/ALADDIN_NEW/ALADDIN_NEW/mobile_apps/ALADDIN_iOS/ViewModels/FamilyRegistrationViewModel.swift:6:6: error: invalid redeclaration of 'FamilyRole'
enum FamilyRole: String, Codable, CaseIterable, Identifiable {
     ^
/Users/sergejhlystov/ALADDIN_NEW/ALADDIN_NEW/mobile_apps/ALADDIN_iOS/ALADDINApp.swift:112:6: note: 'FamilyRole' previously declared here
enum FamilyRole: String {
     ^
/Users/sergejhlystov/ALADDIN_NEW/ALADDIN_NEW/mobile_apps/ALADDIN_iOS/ViewModels/FamilyRegistrationViewModel.swift:25:15: error: 'FamilyRole' is ambiguous for type lookup in this context
    var role: FamilyRole
              ^~~~~~~~~~
/Users/sergejhlystov/ALADDIN_NEW/ALADDIN_NEW/mobile_apps/ALADDIN_iOS/ALADDINApp.swift:112:6: note: found this candidate
enum FamilyRole: String {
     ^
/Users/sergejhlystov/ALADDIN_NEW/ALADDIN_NEW/mobile_apps/ALADDIN_iOS/ViewModels/FamilyRegistrationViewModel.swift:6:6: note: found this candidate
enum FamilyRole: String, Codable, CaseIterable, Identifiable {
     ^
/Users/sergejhlystov/ALADDIN_NEW/ALADDIN_NEW/mobile_apps/ALADDIN_iOS/ViewModels/FamilyRegistrationViewModel.swift:25:9: note: cannot automatically synthesize 'Decodable' because 'FamilyRole' does not conform to 'Decodable'
    var role: FamilyRole
        ^
/Users/sergejhlystov/ALADDIN_NEW/ALADDIN_NEW/mobile_apps/ALADDIN_iOS/ViewModels/FamilyRegistrationViewModel.swift:22:8: error: type 'FamilyMember' does not conform to protocol 'Decodable'
struct FamilyMember: Codable, Identifiable {
       ^
Swift.Decodable:2:5: note: protocol requires initializer 'init(from:)' with type 'Decodable'
    init(from decoder: Decoder) throws
    ^
/Users/sergejhlystov/ALADDIN_NEW/ALADDIN_NEW/mobile_apps/ALADDIN_iOS/ViewModels/FamilyRegistrationViewModel.swift:25:9: note: cannot automatically synthesize 'Encodable' because 'FamilyRole' does not conform to 'Encodable'
    var role: FamilyRole
        ^
/Users/sergejhlystov/ALADDIN_NEW/ALADDIN_NEW/mobile_apps/ALADDIN_iOS/ViewModels/FamilyRegistrationViewModel.swift:22:8: error: type 'FamilyMember' does not conform to protocol 'Encodable'
struct FamilyMember: Codable, Identifiable {
       ^
Swift.Encodable:2:10: note: protocol requires function 'encode(to:)' with type 'Encodable'
    func encode(to encoder: Encoder) throws
         ^
/Users/sergejhlystov/ALADDIN_NEW/ALADDIN_NEW/mobile_apps/ALADDIN_iOS/ViewModels/FamilyRegistrationViewModel.swift:94:31: error: 'FamilyRole' is ambiguous for type lookup in this context
    func saveUserRole(_ role: FamilyRole) {
                              ^~~~~~~~~~
/Users/sergejhlystov/ALADDIN_NEW/ALADDIN_NEW/mobile_apps/ALADDIN_iOS/ALADDINApp.swift:112:6: note: found this candidate
enum FamilyRole: String {
     ^
/Users/sergejhlystov/ALADDIN_NEW/ALADDIN_NEW/mobile_apps/ALADDIN_iOS/ViewModels/FamilyRegistrationViewModel.swift:6:6: note: found this candidate
enum FamilyRole: String, Codable, CaseIterable, Identifiable {
     ^
/Users/sergejhlystov/ALADDIN_NEW/ALADDIN_NEW/mobile_apps/ALADDIN_iOS/ViewModels/FamilyRegistrationViewModel.swift:102:34: error: 'FamilyRole' is ambiguous for type lookup in this context
    func getCurrentUserRole() -> FamilyRole? {
                                 ^~~~~~~~~~
/Users/sergejhlystov/ALADDIN_NEW/ALADDIN_NEW/mobile_apps/ALADDIN_iOS/ALADDINApp.swift:112:6: note: found this candidate
enum FamilyRole: String {
     ^
/Users/sergejhlystov/ALADDIN_NEW/ALADDIN_NEW/mobile_apps/ALADDIN_iOS/ViewModels/FamilyRegistrationViewModel.swift:6:6: note: found this candidate
enum FamilyRole: String, Codable, CaseIterable, Identifiable {
     ^
/Users/sergejhlystov/ALADDIN_NEW/ALADDIN_NEW/mobile_apps/ALADDIN_iOS/ViewModels/FamilyRegistrationViewModel.swift:170:33: error: 'FamilyRole' is ambiguous for type lookup in this context
    func onRoleSelected(_ role: FamilyRole) {
                                ^~~~~~~~~~
/Users/sergejhlystov/ALADDIN_NEW/ALADDIN_NEW/mobile_apps/ALADDIN_iOS/ALADDINApp.swift:112:6: note: found this candidate
enum FamilyRole: String {
     ^
/Users/sergejhlystov/ALADDIN_NEW/ALADDIN_NEW/mobile_apps/ALADDIN_iOS/ViewModels/FamilyRegistrationViewModel.swift:6:6: note: found this candidate
enum FamilyRole: String, Codable, CaseIterable, Identifiable {
     ^
/Users/sergejhlystov/ALADDIN_NEW/ALADDIN_NEW/mobile_apps/ALADDIN_iOS/ViewModels/FamilyRegistrationViewModel.swift:202:26: error: type of expression is ambiguous without more context
        guard let role = selectedRole,
                         ^~~~~~~~~~~~
/Users/sergejhlystov/ALADDIN_NEW/ALADDIN_NEW/mobile_apps/ALADDIN_iOS/ViewModels/FamilyRegistrationViewModel.swift:251:26: error: type of expression is ambiguous without more context
        guard let role = selectedRole,
                         ^~~~~~~~~~~~
/Users/sergejhlystov/ALADDIN_NEW/ALADDIN_NEW/mobile_apps/ALADDIN_iOS/ViewModels/FamilyRegistrationViewModel.swift:25:9: note: cannot automatically synthesize 'Decodable' because 'FamilyRole' does not conform to 'Decodable'
    var role: FamilyRole
        ^
/Users/sergejhlystov/ALADDIN_NEW/ALADDIN_NEW/mobile_apps/ALADDIN_iOS/ViewModels/FamilyRegistrationViewModel.swift:22:8: error: type 'FamilyMember' does not conform to protocol 'Decodable'
struct FamilyMember: Codable, Identifiable {
       ^
Swift.Decodable:2:5: note: protocol requires initializer 'init(from:)' with type 'Decodable'
    init(from decoder: Decoder) throws
    ^
/Users/sergejhlystov/Library/Developer/Xcode/DerivedData/ALADDIN-eahryzmutvtbyceygnlyjsmiiaha/Build/Intermediates.noindex/ALADDIN.build/Debug-iphonesimulator/ALADDIN.build/Objects-normal/x86_64/CornerRadius.dia:1:1: warning: Could not read serialized diagnostics file: error("Invalid diagnostics signature") (in target 'ALADDIN' from project 'ALADDIN')
Command CompileSwift failed with a nonzero exit code

CompileSwift normal x86_64 /Users/sergejhlystov/ALADDIN_NEW/ALADDIN_NEW/mobile_apps/ALADDIN_iOS/ViewModels/PaymentQRViewModel.swift (in target 'ALADDIN' from project 'ALADDIN')
    cd /Users/sergejhlystov/ALADDIN_NEW/ALADDIN_NEW/mobile_apps/ALADDIN_iOS
    /Applications/Xcode.app/Contents/Developer/Toolchains/XcodeDefault.xctoolchain/usr/bin/swift-frontend -frontend -c /Users/sergejhlystov/ALADDIN_NEW/ALADDIN_NEW/mobile_apps/ALADDIN_iOS/Screens/RewardsQuickModal.swift /Users/sergejhlystov/ALADDIN_NEW/ALADDIN_NEW/mobile_apps/ALADDIN_iOS/Screens/08_ChildInterfaceScreen.swift /Users/sergejhlystov/ALADDIN_NEW/ALADDIN_NEW/mobile_apps/ALADDIN_iOS/ContentView.swift /Users/sergejhlystov/ALADDIN_NEW/ALADDIN_NEW/mobile_apps/ALADDIN_iOS/Shared/Components/ALADDINToggle.swift /Users/sergejhlystov/ALADDIN_NEW/ALADDIN_NEW/mobile_apps/ALADDIN_iOS/Components/Modals/AgeGroupSelectionModal.swift /Users/sergejhlystov/ALADDIN_NEW/ALADDIN_NEW/mobile_apps/ALADDIN_iOS/ALADDINApp.swift /Users/sergejhlystov/ALADDIN_NEW/ALADDIN_NEW/mobile_apps/ALADDIN_iOS/Shared/Models/FunctionStatus.swift /Users/sergejhlystov/ALADDIN_NEW/ALADDIN_NEW/mobile_apps/ALADDIN_iOS/ViewModels/MainViewModel.swift /Users/sergejhlystov/ALADDIN_NEW/ALADDIN_NEW/mobile_apps/ALADDIN_iOS/Shared/Components/Buttons/PrimaryButton.swift /Users/sergejhlystov/ALADDIN_NEW/ALADDIN_NEW/mobile_apps/ALADDIN_iOS/Screens/NotificationSettingsScreen.swift /Users/sergejhlystov/ALADDIN_NEW/ALADDIN_NEW/mobile_apps/ALADDIN_iOS/Screens/ChildContentScreen.swift /Users/sergejhlystov/ALADDIN_NEW/ALADDIN_NEW/mobile_apps/ALADDIN_iOS/Shared/Components/StatItem.swift /Users/sergejhlystov/ALADDIN_NEW/ALADDIN_NEW/mobile_apps/ALADDIN_iOS/Shared/Components/Cards/FamilyMemberCard.swift /Users/sergejhlystov/ALADDIN_NEW/ALADDIN_NEW/mobile_apps/ALADDIN_iOS/ViewModels/VPNViewModel.swift /Users/sergejhlystov/ALADDIN_NEW/ALADDIN_NEW/mobile_apps/ALADDIN_iOS/Core/Models/APIModels.swift /Users/sergejhlystov/ALADDIN_NEW/ALADDIN_NEW/mobile_apps/ALADDIN_iOS/Core/VPN/VPNManager.swift /Users/sergejhlystov/ALADDIN_NEW/ALADDIN_NEW/mobile_apps/ALADDIN_iOS/Screens/UnicornPetView.swift /Users/sergejhlystov/ALADDIN_NEW/ALADDIN_NEW/mobile_apps/ALADDIN_iOS/Core/Network/APIService.swift /Users/sergejhlystov/ALADDIN_NEW/ALADDIN_NEW/mobile_apps/ALADDIN_iOS/Screens/18_PrivacyPolicyScreen.swift /Users/sergejhlystov/ALADDIN_NEW/ALADDIN_NEW/mobile_apps/ALADDIN_iOS/Screens/10_TariffsScreen.swift /Users/sergejhlystov/ALADDIN_NEW/ALADDIN_NEW/mobile_apps/ALADDIN_iOS/Screens/03_VPNScreen.swift /Users/sergejhlystov/ALADDIN_NEW/ALADDIN_NEW/mobile_apps/ALADDIN_iOS/Screens/09_ElderlyInterfaceScreen.swift /Users/sergejhlystov/ALADDIN_NEW/ALADDIN_NEW/mobile_apps/ALADDIN_iOS/Shared/Components/SecondaryButton.swift /Users/sergejhlystov/ALADDIN_NEW/ALADDIN_NEW/mobile_apps/ALADDIN_iOS/Screens/11_ProfileScreen.swift /Users/sergejhlystov/ALADDIN_NEW/ALADDIN_NEW/mobile_apps/ALADDIN_iOS/Core/Network/NetworkManager.swift /Users/sergejhlystov/ALADDIN_NEW/ALADDIN_NEW/mobile_apps/ALADDIN_iOS/Screens/19_TermsOfServiceScreen.swift /Users/sergejhlystov/ALADDIN_NEW/ALADDIN_NEW/mobile_apps/ALADDIN_iOS/Core/Config/AppConfig.swift /Users/sergejhlystov/ALADDIN_NEW/ALADDIN_NEW/mobile_apps/ALADDIN_iOS/ViewModels/FamilyViewModel.swift /Users/sergejhlystov/ALADDIN_NEW/ALADDIN_NEW/mobile_apps/ALADDIN_iOS/ViewModels/AIAssistantViewModel.swift /Users/sergejhlystov/ALADDIN_NEW/ALADDIN_NEW/mobile_apps/ALADDIN_iOS/Screens/22_DeviceDetailScreen.swift /Users/sergejhlystov/ALADDIN_NEW/ALADDIN_NEW/mobile_apps/ALADDIN_iOS/Screens/WidgetConfigurationScreen.swift /Users/sergejhlystov/ALADDIN_NEW/ALADDIN_NEW/mobile_apps/ALADDIN_iOS/Core/Security/KeychainManager.swift /Users/sergejhlystov/ALADDIN_NEW/ALADDIN_NEW/mobile_apps/ALADDIN_iOS/Shared/Components/Modals/MemberStatsModalView.swift /Users/sergejhlystov/ALADDIN_NEW/ALADDIN_NEW/mobile_apps/ALADDIN_iOS/Shared/Styles/Spacing.swift /Users/sergejhlystov/ALADDIN_NEW/ALADDIN_NEW/mobile_apps/ALADDIN_iOS/Shared/Components/RecoveryOptionsModal.swift /Users/sergejhlystov/ALADDIN_NEW/ALADDIN_NEW/mobile_apps/ALADDIN_iOS/ViewModels/SettingsViewModel.swift /Users/sergejhlystov/ALADDIN_NEW/ALADDIN_NEW/mobile_apps/ALADDIN_iOS/Shared/Components/InfoRow.swift /Users/sergejhlystov/ALADDIN_NEW/ALADDIN_NEW/mobile_apps/ALADDIN_iOS/Screens/25_PaymentQRScreen.swift /Users/sergejhlystov/ALADDIN_NEW/ALADDIN_NEW/mobile_apps/ALADDIN_iOS/Shared/Components/Modals/RoleSelectionModal.swift /Users/sergejhlystov/ALADDIN_NEW/ALADDIN_NEW/mobile_apps/ALADDIN_iOS/ViewModels/SupportViewModel.swift /Users/sergejhlystov/ALADDIN_NEW/ALADDIN_NEW/mobile_apps/ALADDIN_iOS/ViewModels/ChildInterfaceViewModel.swift /Users/sergejhlystov/ALADDIN_NEW/ALADDIN_NEW/mobile_apps/ALADDIN_iOS/Screens/12_NotificationsScreen.swift /Users/sergejhlystov/ALADDIN_NEW/ALADDIN_NEW/mobile_apps/ALADDIN_iOS/ViewModels/ElderlyInterfaceViewModel.swift /Users/sergejhlystov/ALADDIN_NEW/ALADDIN_NEW/mobile_apps/ALADDIN_iOS/ViewModels/AnalyticsViewModel.swift /Users/sergejhlystov/ALADDIN_NEW/ALADDIN_NEW/mobile_apps/ALADDIN_iOS/Core/Cache/CacheManager.swift /Users/sergejhlystov/ALADDIN_NEW/ALADDIN_NEW/mobile_apps/ALADDIN_iOS/ViewModels/NotificationsViewModel.swift /Users/sergejhlystov/ALADDIN_NEW/ALADDIN_NEW/mobile_apps/ALADDIN_iOS/Screens/06_AIAssistantScreen.swift /Users/sergejhlystov/ALADDIN_NEW/ALADDIN_NEW/mobile_apps/ALADDIN_iOS/ViewModels/ProfileViewModel.swift /Users/sergejhlystov/ALADDIN_NEW/ALADDIN_NEW/mobile_apps/ALADDIN_iOS/Components/Modals/ConsentModal.swift /Users/sergejhlystov/ALADDIN_NEW/ALADDIN_NEW/mobile_apps/ALADDIN_iOS/ViewModels/ParentalControlViewModel.swift /Users/sergejhlystov/ALADDIN_NEW/ALADDIN_NEW/mobile_apps/ALADDIN_iOS/ViewModels/OnboardingViewModel.swift /Users/sergejhlystov/ALADDIN_NEW/ALADDIN_NEW/mobile_apps/ALADDIN_iOS/Shared/Styles/Colors.swift /Users/sergejhlystov/ALADDIN_NEW/ALADDIN_NEW/mobile_apps/ALADDIN_iOS/Screens/ChildRewardsScreen.swift /Users/sergejhlystov/ALADDIN_NEW/ALADDIN_NEW/mobile_apps/ALADDIN_iOS/Screens/21_ReferralScreen.swift /Users/sergejhlystov/ALADDIN_NEW/ALADDIN_NEW/mobile_apps/ALADDIN_iOS/Shared/Components/AvatarSelector.swift /Users/sergejhlystov/ALADDIN_NEW/ALADDIN_NEW/mobile_apps/ALADDIN_iOS/Shared/Components/Navigation/ALADDINNavigationBar.swift /Users/sergejhlystov/ALADDIN_NEW/ALADDIN_NEW/mobile_apps/ALADDIN_iOS/Screens/14_OnboardingScreen.swift /Users/sergejhlystov/ALADDIN_NEW/ALADDIN_NEW/mobile_apps/ALADDIN_iOS/Components/Modals/FamilyCreatedModal.swift -primary-file /Users/sergejhlystov/ALADDIN_NEW/ALADDIN_NEW/mobile_apps/ALADDIN_iOS/ViewModels/PaymentQRViewModel.swift -primary-file /Users/sergejhlystov/ALADDIN_NEW/ALADDIN_NEW/mobile_apps/ALADDIN_iOS/Core/Navigation/NavigationManager.swift -primary-file /Users/sergejhlystov/ALADDIN_NEW/ALADDIN_NEW/mobile_apps/ALADDIN_iOS/Core/Accessibility/AccessibilityManager.swift -primary-file /Users/sergejhlystov/ALADDIN_NEW/ALADDIN_NEW/mobile_apps/ALADDIN_iOS/Core/Store/StoreManager.swift -primary-file /Users/sergejhlystov/ALADDIN_NEW/ALADDIN_NEW/mobile_apps/ALADDIN_iOS/Screens/WheelOfFortuneView.swift -primary-file /Users/sergejhlystov/ALADDIN_NEW/ALADDIN_NEW/mobile_apps/ALADDIN_iOS/Screens/UnicornUniverseView.swift -primary-file /Users/sergejhlystov/ALADDIN_NEW/ALADDIN_NEW/mobile_apps/ALADDIN_iOS/Core/Localization/LocalizationManager.swift -primary-file /Users/sergejhlystov/ALADDIN_NEW/ALADDIN_NEW/mobile_apps/ALADDIN_iOS/Screens/13_SupportScreen.swift -primary-file /Users/sergejhlystov/ALADDIN_NEW/ALADDIN_NEW/mobile_apps/ALADDIN_iOS/Core/Analytics/AnalyticsManager.swift -primary-file /Users/sergejhlystov/ALADDIN_NEW/ALADDIN_NEW/mobile_apps/ALADDIN_iOS/Screens/07_ParentalControlScreen.swift -primary-file /Users/sergejhlystov/ALADDIN_NEW/ALADDIN_NEW/mobile_apps/ALADDIN_iOS/Screens/05_SettingsScreen.swift /Users/sergejhlystov/ALADDIN_NEW/ALADDIN_NEW/mobile_apps/ALADDIN_iOS/Screens/RewardsModalView.swift /Users/sergejhlystov/ALADDIN_NEW/ALADDIN_NEW/mobile_apps/ALADDIN_iOS/Screens/23_FamilyChatScreen.swift /Users/sergejhlystov/ALADDIN_NEW/ALADDIN_NEW/mobile_apps/ALADDIN_iOS/Screens/02_FamilyScreen.swift /Users/sergejhlystov/ALADDIN_NEW/ALADDIN_NEW/mobile_apps/ALADDIN_iOS/Screens/20_DevicesScreen.swift /Users/sergejhlystov/ALADDIN_NEW/ALADDIN_NEW/mobile_apps/ALADDIN_iOS/Shared/Components/ViewModifiers.swift /Users/sergejhlystov/ALADDIN_NEW/ALADDIN_NEW/mobile_apps/ALADDIN_iOS/Shared/Components/HapticFeedback.swift /Users/sergejhlystov/ALADDIN_NEW/ALADDIN_NEW/mobile_apps/ALADDIN_iOS/Screens/MainScreenWithRegistration.swift /Users/sergejhlystov/ALADDIN_NEW/ALADDIN_NEW/mobile_apps/ALADDIN_iOS/Core/Network/NetworkError.swift /Users/sergejhlystov/ALADDIN_NEW/ALADDIN_NEW/mobile_apps/ALADDIN_iOS/Screens/LanguageSettingsScreen.swift /Users/sergejhlystov/ALADDIN_NEW/ALADDIN_NEW/mobile_apps/ALADDIN_iOS/ViewModels/FamilyRegistrationViewModel.swift /Users/sergejhlystov/ALADDIN_NEW/ALADDIN_NEW/mobile_apps/ALADDIN_iOS/Shared/Styles/CornerRadius.swift /Users/sergejhlystov/ALADDIN_NEW/ALADDIN_NEW/mobile_apps/ALADDIN_iOS/Screens/01_MainScreen.swift /Users/sergejhlystov/ALADDIN_NEW/ALADDIN_NEW/mobile_apps/ALADDIN_iOS/Screens/FamilyTournamentView.swift /Users/sergejhlystov/ALADDIN_NEW/ALADDIN_NEW/mobile_apps/ALADDIN_iOS/Shared/Styles/Fonts.swift /Users/sergejhlystov/ALADDIN_NEW/ALADDIN_NEW/mobile_apps/ALADDIN_iOS/Screens/GamesParentalControlView.swift /Users/sergejhlystov/ALADDIN_NEW/ALADDIN_NEW/mobile_apps/ALADDIN_iOS/Shared/Components/QRScannerModal.swift /Users/sergejhlystov/ALADDIN_NEW/ALADDIN_NEW/mobile_apps/ALADDIN_iOS/Screens/04_AnalyticsScreen.swift /Users/sergejhlystov/ALADDIN_NEW/ALADDIN_NEW/mobile_apps/ALADDIN_iOS/Screens/24_VPNEnergyStatsScreen.swift /Users/sergejhlystov/ALADDIN_NEW/ALADDIN_NEW/mobile_apps/ALADDIN_iOS/Shared/Components/Modals/ProfileEditView.swift /Users/sergejhlystov/ALADDIN_NEW/ALADDIN_NEW/mobile_apps/ALADDIN_iOS/ViewModels/TariffsViewModel.swift /Users/sergejhlystov/ALADDIN_NEW/ALADDIN_NEW/mobile_apps/ALADDIN_iOS/Core/Notifications/NotificationManager.swift /Users/sergejhlystov/ALADDIN_NEW/ALADDIN_NEW/mobile_apps/ALADDIN_iOS/Core/Security/SecurityManager.swift -supplementary-output-file-map /var/folders/rf/6rxcyql17sz57_02ng7jd7pr0000gn/T/TemporaryDirectory.wFGpdC/supplementaryOutputs-6 -target x86_64-apple-ios15.0-simulator -enable-objc-interop -sdk /Applications/Xcode.app/Contents/Developer/Platforms/iPhoneSimulator.platform/Developer/SDKs/iPhoneSimulator15.2.sdk -I /Users/sergejhlystov/Library/Developer/Xcode/DerivedData/ALADDIN-eahryzmutvtbyceygnlyjsmiiaha/Build/Products/Debug-iphonesimulator -F /Users/sergejhlystov/Library/Developer/Xcode/DerivedData/ALADDIN-eahryzmutvtbyceygnlyjsmiiaha/Build/Products/Debug-iphonesimulator -enable-testing -g -module-cache-path /Users/sergejhlystov/Library/Developer/Xcode/DerivedData/ModuleCache.noindex -emit-localized-strings -emit-localized-strings-path /Users/sergejhlystov/Library/Developer/Xcode/DerivedData/ALADDIN-eahryzmutvtbyceygnlyjsmiiaha/Build/Intermediates.noindex/ALADDIN.build/Debug-iphonesimulator/ALADDIN.build/Objects-normal/x86_64 -swift-version 5 -enforce-exclusivity\=checked -Onone -D DEBUG -new-driver-path /Applications/Xcode.app/Contents/Developer/Toolchains/XcodeDefault.xctoolchain/usr/bin/swift-driver -serialize-debugging-options -Xcc -working-directory -Xcc /Users/sergejhlystov/ALADDIN_NEW/ALADDIN_NEW/mobile_apps/ALADDIN_iOS -resource-dir /Applications/Xcode.app/Contents/Developer/Toolchains/XcodeDefault.xctoolchain/usr/lib/swift -enable-anonymous-context-mangled-names -Xcc -I/Users/sergejhlystov/Library/Developer/Xcode/DerivedData/ALADDIN-eahryzmutvtbyceygnlyjsmiiaha/Build/Intermediates.noindex/ALADDIN.build/Debug-iphonesimulator/ALADDIN.build/swift-overrides.hmap -Xcc -iquote -Xcc /Users/sergejhlystov/Library/Developer/Xcode/DerivedData/ALADDIN-eahryzmutvtbyceygnlyjsmiiaha/Build/Intermediates.noindex/ALADDIN.build/Debug-iphonesimulator/ALADDIN.build/ALADDIN-generated-files.hmap -Xcc -I/Users/sergejhlystov/Library/Developer/Xcode/DerivedData/ALADDIN-eahryzmutvtbyceygnlyjsmiiaha/Build/Intermediates.noindex/ALADDIN.build/Debug-iphonesimulator/ALADDIN.build/ALADDIN-own-target-headers.hmap -Xcc -I/Users/sergejhlystov/Library/Developer/Xcode/DerivedData/ALADDIN-eahryzmutvtbyceygnlyjsmiiaha/Build/Intermediates.noindex/ALADDIN.build/Debug-iphonesimulator/ALADDIN.build/ALADDIN-all-target-headers.hmap -Xcc -iquote -Xcc /Users/sergejhlystov/Library/Developer/Xcode/DerivedData/ALADDIN-eahryzmutvtbyceygnlyjsmiiaha/Build/Intermediates.noindex/ALADDIN.build/Debug-iphonesimulator/ALADDIN.build/ALADDIN-project-headers.hmap -Xcc -I/Users/sergejhlystov/Library/Developer/Xcode/DerivedData/ALADDIN-eahryzmutvtbyceygnlyjsmiiaha/Build/Products/Debug-iphonesimulator/include -Xcc -I/Users/sergejhlystov/Library/Developer/Xcode/DerivedData/ALADDIN-eahryzmutvtbyceygnlyjsmiiaha/Build/Intermediates.noindex/ALADDIN.build/Debug-iphonesimulator/ALADDIN.build/DerivedSources-normal/x86_64 -Xcc -I/Users/sergejhlystov/Library/Developer/Xcode/DerivedData/ALADDIN-eahryzmutvtbyceygnlyjsmiiaha/Build/Intermediates.noindex/ALADDIN.build/Debug-iphonesimulator/ALADDIN.build/DerivedSources/x86_64 -Xcc -I/Users/sergejhlystov/Library/Developer/Xcode/DerivedData/ALADDIN-eahryzmutvtbyceygnlyjsmiiaha/Build/Intermediates.noindex/ALADDIN.build/Debug-iphonesimulator/ALADDIN.build/DerivedSources -Xcc -DDEBUG\=1 -module-name ALADDIN -target-sdk-version 15.2.0 -o /Users/sergejhlystov/Library/Developer/Xcode/DerivedData/ALADDIN-eahryzmutvtbyceygnlyjsmiiaha/Build/Intermediates.noindex/ALADDIN.build/Debug-iphonesimulator/ALADDIN.build/Objects-normal/x86_64/PaymentQRViewModel.o -o /Users/sergejhlystov/Library/Developer/Xcode/DerivedData/ALADDIN-eahryzmutvtbyceygnlyjsmiiaha/Build/Intermediates.noindex/ALADDIN.build/Debug-iphonesimulator/ALADDIN.build/Objects-normal/x86_64/NavigationManager.o -o /Users/sergejhlystov/Library/Developer/Xcode/DerivedData/ALADDIN-eahryzmutvtbyceygnlyjsmiiaha/Build/Intermediates.noindex/ALADDIN.build/Debug-iphonesimulator/ALADDIN.build/Objects-normal/x86_64/AccessibilityManager.o -o /Users/sergejhlystov/Library/Developer/Xcode/DerivedData/ALADDIN-eahryzmutvtbyceygnlyjsmiiaha/Build/Intermediates.noindex/ALADDIN.build/Debug-iphonesimulator/ALADDIN.build/Objects-normal/x86_64/StoreManager.o -o /Users/sergejhlystov/Library/Developer/Xcode/DerivedData/ALADDIN-eahryzmutvtbyceygnlyjsmiiaha/Build/Intermediates.noindex/ALADDIN.build/Debug-iphonesimulator/ALADDIN.build/Objects-normal/x86_64/WheelOfFortuneView.o -o /Users/sergejhlystov/Library/Developer/Xcode/DerivedData/ALADDIN-eahryzmutvtbyceygnlyjsmiiaha/Build/Intermediates.noindex/ALADDIN.build/Debug-iphonesimulator/ALADDIN.build/Objects-normal/x86_64/UnicornUniverseView.o -o /Users/sergejhlystov/Library/Developer/Xcode/DerivedData/ALADDIN-eahryzmutvtbyceygnlyjsmiiaha/Build/Intermediates.noindex/ALADDIN.build/Debug-iphonesimulator/ALADDIN.build/Objects-normal/x86_64/LocalizationManager.o -o /Users/sergejhlystov/Library/Developer/Xcode/DerivedData/ALADDIN-eahryzmutvtbyceygnlyjsmiiaha/Build/Intermediates.noindex/ALADDIN.build/Debug-iphonesimulator/ALADDIN.build/Objects-normal/x86_64/13_SupportScreen.o -o /Users/sergejhlystov/Library/Developer/Xcode/DerivedData/ALADDIN-eahryzmutvtbyceygnlyjsmiiaha/Build/Intermediates.noindex/ALADDIN.build/Debug-iphonesimulator/ALADDIN.build/Objects-normal/x86_64/AnalyticsManager.o -o /Users/sergejhlystov/Library/Developer/Xcode/DerivedData/ALADDIN-eahryzmutvtbyceygnlyjsmiiaha/Build/Intermediates.noindex/ALADDIN.build/Debug-iphonesimulator/ALADDIN.build/Objects-normal/x86_64/07_ParentalControlScreen.o -o /Users/sergejhlystov/Library/Developer/Xcode/DerivedData/ALADDIN-eahryzmutvtbyceygnlyjsmiiaha/Build/Intermediates.noindex/ALADDIN.build/Debug-iphonesimulator/ALADDIN.build/Objects-normal/x86_64/05_SettingsScreen.o -index-store-path /Users/sergejhlystov/Library/Developer/Xcode/DerivedData/ALADDIN-eahryzmutvtbyceygnlyjsmiiaha/Index/DataStore -index-system-modules

CompileSwift normal x86_64 /Users/sergejhlystov/ALADDIN_NEW/ALADDIN_NEW/mobile_apps/ALADDIN_iOS/Core/Navigation/NavigationManager.swift (in target 'ALADDIN' from project 'ALADDIN')
    cd /Users/sergejhlystov/ALADDIN_NEW/ALADDIN_NEW/mobile_apps/ALADDIN_iOS
    /Applications/Xcode.app/Contents/Developer/Toolchains/XcodeDefault.xctoolchain/usr/bin/swift-frontend -frontend -c /Users/sergejhlystov/ALADDIN_NEW/ALADDIN_NEW/mobile_apps/ALADDIN_iOS/Screens/RewardsQuickModal.swift /Users/sergejhlystov/ALADDIN_NEW/ALADDIN_NEW/mobile_apps/ALADDIN_iOS/Screens/08_ChildInterfaceScreen.swift /Users/sergejhlystov/ALADDIN_NEW/ALADDIN_NEW/mobile_apps/ALADDIN_iOS/ContentView.swift /Users/sergejhlystov/ALADDIN_NEW/ALADDIN_NEW/mobile_apps/ALADDIN_iOS/Shared/Components/ALADDINToggle.swift /Users/sergejhlystov/ALADDIN_NEW/ALADDIN_NEW/mobile_apps/ALADDIN_iOS/Components/Modals/AgeGroupSelectionModal.swift /Users/sergejhlystov/ALADDIN_NEW/ALADDIN_NEW/mobile_apps/ALADDIN_iOS/ALADDINApp.swift /Users/sergejhlystov/ALADDIN_NEW/ALADDIN_NEW/mobile_apps/ALADDIN_iOS/Shared/Models/FunctionStatus.swift /Users/sergejhlystov/ALADDIN_NEW/ALADDIN_NEW/mobile_apps/ALADDIN_iOS/ViewModels/MainViewModel.swift /Users/sergejhlystov/ALADDIN_NEW/ALADDIN_NEW/mobile_apps/ALADDIN_iOS/Shared/Components/Buttons/PrimaryButton.swift /Users/sergejhlystov/ALADDIN_NEW/ALADDIN_NEW/mobile_apps/ALADDIN_iOS/Screens/NotificationSettingsScreen.swift /Users/sergejhlystov/ALADDIN_NEW/ALADDIN_NEW/mobile_apps/ALADDIN_iOS/Screens/ChildContentScreen.swift /Users/sergejhlystov/ALADDIN_NEW/ALADDIN_NEW/mobile_apps/ALADDIN_iOS/Shared/Components/StatItem.swift /Users/sergejhlystov/ALADDIN_NEW/ALADDIN_NEW/mobile_apps/ALADDIN_iOS/Shared/Components/Cards/FamilyMemberCard.swift /Users/sergejhlystov/ALADDIN_NEW/ALADDIN_NEW/mobile_apps/ALADDIN_iOS/ViewModels/VPNViewModel.swift /Users/sergejhlystov/ALADDIN_NEW/ALADDIN_NEW/mobile_apps/ALADDIN_iOS/Core/Models/APIModels.swift /Users/sergejhlystov/ALADDIN_NEW/ALADDIN_NEW/mobile_apps/ALADDIN_iOS/Core/VPN/VPNManager.swift /Users/sergejhlystov/ALADDIN_NEW/ALADDIN_NEW/mobile_apps/ALADDIN_iOS/Screens/UnicornPetView.swift /Users/sergejhlystov/ALADDIN_NEW/ALADDIN_NEW/mobile_apps/ALADDIN_iOS/Core/Network/APIService.swift /Users/sergejhlystov/ALADDIN_NEW/ALADDIN_NEW/mobile_apps/ALADDIN_iOS/Screens/18_PrivacyPolicyScreen.swift /Users/sergejhlystov/ALADDIN_NEW/ALADDIN_NEW/mobile_apps/ALADDIN_iOS/Screens/10_TariffsScreen.swift /Users/sergejhlystov/ALADDIN_NEW/ALADDIN_NEW/mobile_apps/ALADDIN_iOS/Screens/03_VPNScreen.swift /Users/sergejhlystov/ALADDIN_NEW/ALADDIN_NEW/mobile_apps/ALADDIN_iOS/Screens/09_ElderlyInterfaceScreen.swift /Users/sergejhlystov/ALADDIN_NEW/ALADDIN_NEW/mobile_apps/ALADDIN_iOS/Shared/Components/SecondaryButton.swift /Users/sergejhlystov/ALADDIN_NEW/ALADDIN_NEW/mobile_apps/ALADDIN_iOS/Screens/11_ProfileScreen.swift /Users/sergejhlystov/ALADDIN_NEW/ALADDIN_NEW/mobile_apps/ALADDIN_iOS/Core/Network/NetworkManager.swift /Users/sergejhlystov/ALADDIN_NEW/ALADDIN_NEW/mobile_apps/ALADDIN_iOS/Screens/19_TermsOfServiceScreen.swift /Users/sergejhlystov/ALADDIN_NEW/ALADDIN_NEW/mobile_apps/ALADDIN_iOS/Core/Config/AppConfig.swift /Users/sergejhlystov/ALADDIN_NEW/ALADDIN_NEW/mobile_apps/ALADDIN_iOS/ViewModels/FamilyViewModel.swift /Users/sergejhlystov/ALADDIN_NEW/ALADDIN_NEW/mobile_apps/ALADDIN_iOS/ViewModels/AIAssistantViewModel.swift /Users/sergejhlystov/ALADDIN_NEW/ALADDIN_NEW/mobile_apps/ALADDIN_iOS/Screens/22_DeviceDetailScreen.swift /Users/sergejhlystov/ALADDIN_NEW/ALADDIN_NEW/mobile_apps/ALADDIN_iOS/Screens/WidgetConfigurationScreen.swift /Users/sergejhlystov/ALADDIN_NEW/ALADDIN_NEW/mobile_apps/ALADDIN_iOS/Core/Security/KeychainManager.swift /Users/sergejhlystov/ALADDIN_NEW/ALADDIN_NEW/mobile_apps/ALADDIN_iOS/Shared/Components/Modals/MemberStatsModalView.swift /Users/sergejhlystov/ALADDIN_NEW/ALADDIN_NEW/mobile_apps/ALADDIN_iOS/Shared/Styles/Spacing.swift /Users/sergejhlystov/ALADDIN_NEW/ALADDIN_NEW/mobile_apps/ALADDIN_iOS/Shared/Components/RecoveryOptionsModal.swift /Users/sergejhlystov/ALADDIN_NEW/ALADDIN_NEW/mobile_apps/ALADDIN_iOS/ViewModels/SettingsViewModel.swift /Users/sergejhlystov/ALADDIN_NEW/ALADDIN_NEW/mobile_apps/ALADDIN_iOS/Shared/Components/InfoRow.swift /Users/sergejhlystov/ALADDIN_NEW/ALADDIN_NEW/mobile_apps/ALADDIN_iOS/Screens/25_PaymentQRScreen.swift /Users/sergejhlystov/ALADDIN_NEW/ALADDIN_NEW/mobile_apps/ALADDIN_iOS/Shared/Components/Modals/RoleSelectionModal.swift /Users/sergejhlystov/ALADDIN_NEW/ALADDIN_NEW/mobile_apps/ALADDIN_iOS/ViewModels/SupportViewModel.swift /Users/sergejhlystov/ALADDIN_NEW/ALADDIN_NEW/mobile_apps/ALADDIN_iOS/ViewModels/ChildInterfaceViewModel.swift /Users/sergejhlystov/ALADDIN_NEW/ALADDIN_NEW/mobile_apps/ALADDIN_iOS/Screens/12_NotificationsScreen.swift /Users/sergejhlystov/ALADDIN_NEW/ALADDIN_NEW/mobile_apps/ALADDIN_iOS/ViewModels/ElderlyInterfaceViewModel.swift /Users/sergejhlystov/ALADDIN_NEW/ALADDIN_NEW/mobile_apps/ALADDIN_iOS/ViewModels/AnalyticsViewModel.swift /Users/sergejhlystov/ALADDIN_NEW/ALADDIN_NEW/mobile_apps/ALADDIN_iOS/Core/Cache/CacheManager.swift /Users/sergejhlystov/ALADDIN_NEW/ALADDIN_NEW/mobile_apps/ALADDIN_iOS/ViewModels/NotificationsViewModel.swift /Users/sergejhlystov/ALADDIN_NEW/ALADDIN_NEW/mobile_apps/ALADDIN_iOS/Screens/06_AIAssistantScreen.swift /Users/sergejhlystov/ALADDIN_NEW/ALADDIN_NEW/mobile_apps/ALADDIN_iOS/ViewModels/ProfileViewModel.swift /Users/sergejhlystov/ALADDIN_NEW/ALADDIN_NEW/mobile_apps/ALADDIN_iOS/Components/Modals/ConsentModal.swift /Users/sergejhlystov/ALADDIN_NEW/ALADDIN_NEW/mobile_apps/ALADDIN_iOS/ViewModels/ParentalControlViewModel.swift /Users/sergejhlystov/ALADDIN_NEW/ALADDIN_NEW/mobile_apps/ALADDIN_iOS/ViewModels/OnboardingViewModel.swift /Users/sergejhlystov/ALADDIN_NEW/ALADDIN_NEW/mobile_apps/ALADDIN_iOS/Shared/Styles/Colors.swift /Users/sergejhlystov/ALADDIN_NEW/ALADDIN_NEW/mobile_apps/ALADDIN_iOS/Screens/ChildRewardsScreen.swift /Users/sergejhlystov/ALADDIN_NEW/ALADDIN_NEW/mobile_apps/ALADDIN_iOS/Screens/21_ReferralScreen.swift /Users/sergejhlystov/ALADDIN_NEW/ALADDIN_NEW/mobile_apps/ALADDIN_iOS/Shared/Components/AvatarSelector.swift /Users/sergejhlystov/ALADDIN_NEW/ALADDIN_NEW/mobile_apps/ALADDIN_iOS/Shared/Components/Navigation/ALADDINNavigationBar.swift /Users/sergejhlystov/ALADDIN_NEW/ALADDIN_NEW/mobile_apps/ALADDIN_iOS/Screens/14_OnboardingScreen.swift /Users/sergejhlystov/ALADDIN_NEW/ALADDIN_NEW/mobile_apps/ALADDIN_iOS/Components/Modals/FamilyCreatedModal.swift -primary-file /Users/sergejhlystov/ALADDIN_NEW/ALADDIN_NEW/mobile_apps/ALADDIN_iOS/ViewModels/PaymentQRViewModel.swift -primary-file /Users/sergejhlystov/ALADDIN_NEW/ALADDIN_NEW/mobile_apps/ALADDIN_iOS/Core/Navigation/NavigationManager.swift -primary-file /Users/sergejhlystov/ALADDIN_NEW/ALADDIN_NEW/mobile_apps/ALADDIN_iOS/Core/Accessibility/AccessibilityManager.swift -primary-file /Users/sergejhlystov/ALADDIN_NEW/ALADDIN_NEW/mobile_apps/ALADDIN_iOS/Core/Store/StoreManager.swift -primary-file /Users/sergejhlystov/ALADDIN_NEW/ALADDIN_NEW/mobile_apps/ALADDIN_iOS/Screens/WheelOfFortuneView.swift -primary-file /Users/sergejhlystov/ALADDIN_NEW/ALADDIN_NEW/mobile_apps/ALADDIN_iOS/Screens/UnicornUniverseView.swift -primary-file /Users/sergejhlystov/ALADDIN_NEW/ALADDIN_NEW/mobile_apps/ALADDIN_iOS/Core/Localization/LocalizationManager.swift -primary-file /Users/sergejhlystov/ALADDIN_NEW/ALADDIN_NEW/mobile_apps/ALADDIN_iOS/Screens/13_SupportScreen.swift -primary-file /Users/sergejhlystov/ALADDIN_NEW/ALADDIN_NEW/mobile_apps/ALADDIN_iOS/Core/Analytics/AnalyticsManager.swift -primary-file /Users/sergejhlystov/ALADDIN_NEW/ALADDIN_NEW/mobile_apps/ALADDIN_iOS/Screens/07_ParentalControlScreen.swift -primary-file /Users/sergejhlystov/ALADDIN_NEW/ALADDIN_NEW/mobile_apps/ALADDIN_iOS/Screens/05_SettingsScreen.swift /Users/sergejhlystov/ALADDIN_NEW/ALADDIN_NEW/mobile_apps/ALADDIN_iOS/Screens/RewardsModalView.swift /Users/sergejhlystov/ALADDIN_NEW/ALADDIN_NEW/mobile_apps/ALADDIN_iOS/Screens/23_FamilyChatScreen.swift /Users/sergejhlystov/ALADDIN_NEW/ALADDIN_NEW/mobile_apps/ALADDIN_iOS/Screens/02_FamilyScreen.swift /Users/sergejhlystov/ALADDIN_NEW/ALADDIN_NEW/mobile_apps/ALADDIN_iOS/Screens/20_DevicesScreen.swift /Users/sergejhlystov/ALADDIN_NEW/ALADDIN_NEW/mobile_apps/ALADDIN_iOS/Shared/Components/ViewModifiers.swift /Users/sergejhlystov/ALADDIN_NEW/ALADDIN_NEW/mobile_apps/ALADDIN_iOS/Shared/Components/HapticFeedback.swift /Users/sergejhlystov/ALADDIN_NEW/ALADDIN_NEW/mobile_apps/ALADDIN_iOS/Screens/MainScreenWithRegistration.swift /Users/sergejhlystov/ALADDIN_NEW/ALADDIN_NEW/mobile_apps/ALADDIN_iOS/Core/Network/NetworkError.swift /Users/sergejhlystov/ALADDIN_NEW/ALADDIN_NEW/mobile_apps/ALADDIN_iOS/Screens/LanguageSettingsScreen.swift /Users/sergejhlystov/ALADDIN_NEW/ALADDIN_NEW/mobile_apps/ALADDIN_iOS/ViewModels/FamilyRegistrationViewModel.swift /Users/sergejhlystov/ALADDIN_NEW/ALADDIN_NEW/mobile_apps/ALADDIN_iOS/Shared/Styles/CornerRadius.swift /Users/sergejhlystov/ALADDIN_NEW/ALADDIN_NEW/mobile_apps/ALADDIN_iOS/Screens/01_MainScreen.swift /Users/sergejhlystov/ALADDIN_NEW/ALADDIN_NEW/mobile_apps/ALADDIN_iOS/Screens/FamilyTournamentView.swift /Users/sergejhlystov/ALADDIN_NEW/ALADDIN_NEW/mobile_apps/ALADDIN_iOS/Shared/Styles/Fonts.swift /Users/sergejhlystov/ALADDIN_NEW/ALADDIN_NEW/mobile_apps/ALADDIN_iOS/Screens/GamesParentalControlView.swift /Users/sergejhlystov/ALADDIN_NEW/ALADDIN_NEW/mobile_apps/ALADDIN_iOS/Shared/Components/QRScannerModal.swift /Users/sergejhlystov/ALADDIN_NEW/ALADDIN_NEW/mobile_apps/ALADDIN_iOS/Screens/04_AnalyticsScreen.swift /Users/sergejhlystov/ALADDIN_NEW/ALADDIN_NEW/mobile_apps/ALADDIN_iOS/Screens/24_VPNEnergyStatsScreen.swift /Users/sergejhlystov/ALADDIN_NEW/ALADDIN_NEW/mobile_apps/ALADDIN_iOS/Shared/Components/Modals/ProfileEditView.swift /Users/sergejhlystov/ALADDIN_NEW/ALADDIN_NEW/mobile_apps/ALADDIN_iOS/ViewModels/TariffsViewModel.swift /Users/sergejhlystov/ALADDIN_NEW/ALADDIN_NEW/mobile_apps/ALADDIN_iOS/Core/Notifications/NotificationManager.swift /Users/sergejhlystov/ALADDIN_NEW/ALADDIN_NEW/mobile_apps/ALADDIN_iOS/Core/Security/SecurityManager.swift -supplementary-output-file-map /var/folders/rf/6rxcyql17sz57_02ng7jd7pr0000gn/T/TemporaryDirectory.wFGpdC/supplementaryOutputs-6 -target x86_64-apple-ios15.0-simulator -enable-objc-interop -sdk /Applications/Xcode.app/Contents/Developer/Platforms/iPhoneSimulator.platform/Developer/SDKs/iPhoneSimulator15.2.sdk -I /Users/sergejhlystov/Library/Developer/Xcode/DerivedData/ALADDIN-eahryzmutvtbyceygnlyjsmiiaha/Build/Products/Debug-iphonesimulator -F /Users/sergejhlystov/Library/Developer/Xcode/DerivedData/ALADDIN-eahryzmutvtbyceygnlyjsmiiaha/Build/Products/Debug-iphonesimulator -enable-testing -g -module-cache-path /Users/sergejhlystov/Library/Developer/Xcode/DerivedData/ModuleCache.noindex -emit-localized-strings -emit-localized-strings-path /Users/sergejhlystov/Library/Developer/Xcode/DerivedData/ALADDIN-eahryzmutvtbyceygnlyjsmiiaha/Build/Intermediates.noindex/ALADDIN.build/Debug-iphonesimulator/ALADDIN.build/Objects-normal/x86_64 -swift-version 5 -enforce-exclusivity\=checked -Onone -D DEBUG -new-driver-path /Applications/Xcode.app/Contents/Developer/Toolchains/XcodeDefault.xctoolchain/usr/bin/swift-driver -serialize-debugging-options -Xcc -working-directory -Xcc /Users/sergejhlystov/ALADDIN_NEW/ALADDIN_NEW/mobile_apps/ALADDIN_iOS -resource-dir /Applications/Xcode.app/Contents/Developer/Toolchains/XcodeDefault.xctoolchain/usr/lib/swift -enable-anonymous-context-mangled-names -Xcc -I/Users/sergejhlystov/Library/Developer/Xcode/DerivedData/ALADDIN-eahryzmutvtbyceygnlyjsmiiaha/Build/Intermediates.noindex/ALADDIN.build/Debug-iphonesimulator/ALADDIN.build/swift-overrides.hmap -Xcc -iquote -Xcc /Users/sergejhlystov/Library/Developer/Xcode/DerivedData/ALADDIN-eahryzmutvtbyceygnlyjsmiiaha/Build/Intermediates.noindex/ALADDIN.build/Debug-iphonesimulator/ALADDIN.build/ALADDIN-generated-files.hmap -Xcc -I/Users/sergejhlystov/Library/Developer/Xcode/DerivedData/ALADDIN-eahryzmutvtbyceygnlyjsmiiaha/Build/Intermediates.noindex/ALADDIN.build/Debug-iphonesimulator/ALADDIN.build/ALADDIN-own-target-headers.hmap -Xcc -I/Users/sergejhlystov/Library/Developer/Xcode/DerivedData/ALADDIN-eahryzmutvtbyceygnlyjsmiiaha/Build/Intermediates.noindex/ALADDIN.build/Debug-iphonesimulator/ALADDIN.build/ALADDIN-all-target-headers.hmap -Xcc -iquote -Xcc /Users/sergejhlystov/Library/Developer/Xcode/DerivedData/ALADDIN-eahryzmutvtbyceygnlyjsmiiaha/Build/Intermediates.noindex/ALADDIN.build/Debug-iphonesimulator/ALADDIN.build/ALADDIN-project-headers.hmap -Xcc -I/Users/sergejhlystov/Library/Developer/Xcode/DerivedData/ALADDIN-eahryzmutvtbyceygnlyjsmiiaha/Build/Products/Debug-iphonesimulator/include -Xcc -I/Users/sergejhlystov/Library/Developer/Xcode/DerivedData/ALADDIN-eahryzmutvtbyceygnlyjsmiiaha/Build/Intermediates.noindex/ALADDIN.build/Debug-iphonesimulator/ALADDIN.build/DerivedSources-normal/x86_64 -Xcc -I/Users/sergejhlystov/Library/Developer/Xcode/DerivedData/ALADDIN-eahryzmutvtbyceygnlyjsmiiaha/Build/Intermediates.noindex/ALADDIN.build/Debug-iphonesimulator/ALADDIN.build/DerivedSources/x86_64 -Xcc -I/Users/sergejhlystov/Library/Developer/Xcode/DerivedData/ALADDIN-eahryzmutvtbyceygnlyjsmiiaha/Build/Intermediates.noindex/ALADDIN.build/Debug-iphonesimulator/ALADDIN.build/DerivedSources -Xcc -DDEBUG\=1 -module-name ALADDIN -target-sdk-version 15.2.0 -o /Users/sergejhlystov/Library/Developer/Xcode/DerivedData/ALADDIN-eahryzmutvtbyceygnlyjsmiiaha/Build/Intermediates.noindex/ALADDIN.build/Debug-iphonesimulator/ALADDIN.build/Objects-normal/x86_64/PaymentQRViewModel.o -o /Users/sergejhlystov/Library/Developer/Xcode/DerivedData/ALADDIN-eahryzmutvtbyceygnlyjsmiiaha/Build/Intermediates.noindex/ALADDIN.build/Debug-iphonesimulator/ALADDIN.build/Objects-normal/x86_64/NavigationManager.o -o /Users/sergejhlystov/Library/Developer/Xcode/DerivedData/ALADDIN-eahryzmutvtbyceygnlyjsmiiaha/Build/Intermediates.noindex/ALADDIN.build/Debug-iphonesimulator/ALADDIN.build/Objects-normal/x86_64/AccessibilityManager.o -o /Users/sergejhlystov/Library/Developer/Xcode/DerivedData/ALADDIN-eahryzmutvtbyceygnlyjsmiiaha/Build/Intermediates.noindex/ALADDIN.build/Debug-iphonesimulator/ALADDIN.build/Objects-normal/x86_64/StoreManager.o -o /Users/sergejhlystov/Library/Developer/Xcode/DerivedData/ALADDIN-eahryzmutvtbyceygnlyjsmiiaha/Build/Intermediates.noindex/ALADDIN.build/Debug-iphonesimulator/ALADDIN.build/Objects-normal/x86_64/WheelOfFortuneView.o -o /Users/sergejhlystov/Library/Developer/Xcode/DerivedData/ALADDIN-eahryzmutvtbyceygnlyjsmiiaha/Build/Intermediates.noindex/ALADDIN.build/Debug-iphonesimulator/ALADDIN.build/Objects-normal/x86_64/UnicornUniverseView.o -o /Users/sergejhlystov/Library/Developer/Xcode/DerivedData/ALADDIN-eahryzmutvtbyceygnlyjsmiiaha/Build/Intermediates.noindex/ALADDIN.build/Debug-iphonesimulator/ALADDIN.build/Objects-normal/x86_64/LocalizationManager.o -o /Users/sergejhlystov/Library/Developer/Xcode/DerivedData/ALADDIN-eahryzmutvtbyceygnlyjsmiiaha/Build/Intermediates.noindex/ALADDIN.build/Debug-iphonesimulator/ALADDIN.build/Objects-normal/x86_64/13_SupportScreen.o -o /Users/sergejhlystov/Library/Developer/Xcode/DerivedData/ALADDIN-eahryzmutvtbyceygnlyjsmiiaha/Build/Intermediates.noindex/ALADDIN.build/Debug-iphonesimulator/ALADDIN.build/Objects-normal/x86_64/AnalyticsManager.o -o /Users/sergejhlystov/Library/Developer/Xcode/DerivedData/ALADDIN-eahryzmutvtbyceygnlyjsmiiaha/Build/Intermediates.noindex/ALADDIN.build/Debug-iphonesimulator/ALADDIN.build/Objects-normal/x86_64/07_ParentalControlScreen.o -o /Users/sergejhlystov/Library/Developer/Xcode/DerivedData/ALADDIN-eahryzmutvtbyceygnlyjsmiiaha/Build/Intermediates.noindex/ALADDIN.build/Debug-iphonesimulator/ALADDIN.build/Objects-normal/x86_64/05_SettingsScreen.o -index-store-path /Users/sergejhlystov/Library/Developer/Xcode/DerivedData/ALADDIN-eahryzmutvtbyceygnlyjsmiiaha/Index/DataStore -index-system-modules

CompileSwift normal x86_64 /Users/sergejhlystov/ALADDIN_NEW/ALADDIN_NEW/mobile_apps/ALADDIN_iOS/Core/Accessibility/AccessibilityManager.swift (in target 'ALADDIN' from project 'ALADDIN')
    cd /Users/sergejhlystov/ALADDIN_NEW/ALADDIN_NEW/mobile_apps/ALADDIN_iOS
    /Applications/Xcode.app/Contents/Developer/Toolchains/XcodeDefault.xctoolchain/usr/bin/swift-frontend -frontend -c /Users/sergejhlystov/ALADDIN_NEW/ALADDIN_NEW/mobile_apps/ALADDIN_iOS/Screens/RewardsQuickModal.swift /Users/sergejhlystov/ALADDIN_NEW/ALADDIN_NEW/mobile_apps/ALADDIN_iOS/Screens/08_ChildInterfaceScreen.swift /Users/sergejhlystov/ALADDIN_NEW/ALADDIN_NEW/mobile_apps/ALADDIN_iOS/ContentView.swift /Users/sergejhlystov/ALADDIN_NEW/ALADDIN_NEW/mobile_apps/ALADDIN_iOS/Shared/Components/ALADDINToggle.swift /Users/sergejhlystov/ALADDIN_NEW/ALADDIN_NEW/mobile_apps/ALADDIN_iOS/Components/Modals/AgeGroupSelectionModal.swift /Users/sergejhlystov/ALADDIN_NEW/ALADDIN_NEW/mobile_apps/ALADDIN_iOS/ALADDINApp.swift /Users/sergejhlystov/ALADDIN_NEW/ALADDIN_NEW/mobile_apps/ALADDIN_iOS/Shared/Models/FunctionStatus.swift /Users/sergejhlystov/ALADDIN_NEW/ALADDIN_NEW/mobile_apps/ALADDIN_iOS/ViewModels/MainViewModel.swift /Users/sergejhlystov/ALADDIN_NEW/ALADDIN_NEW/mobile_apps/ALADDIN_iOS/Shared/Components/Buttons/PrimaryButton.swift /Users/sergejhlystov/ALADDIN_NEW/ALADDIN_NEW/mobile_apps/ALADDIN_iOS/Screens/NotificationSettingsScreen.swift /Users/sergejhlystov/ALADDIN_NEW/ALADDIN_NEW/mobile_apps/ALADDIN_iOS/Screens/ChildContentScreen.swift /Users/sergejhlystov/ALADDIN_NEW/ALADDIN_NEW/mobile_apps/ALADDIN_iOS/Shared/Components/StatItem.swift /Users/sergejhlystov/ALADDIN_NEW/ALADDIN_NEW/mobile_apps/ALADDIN_iOS/Shared/Components/Cards/FamilyMemberCard.swift /Users/sergejhlystov/ALADDIN_NEW/ALADDIN_NEW/mobile_apps/ALADDIN_iOS/ViewModels/VPNViewModel.swift /Users/sergejhlystov/ALADDIN_NEW/ALADDIN_NEW/mobile_apps/ALADDIN_iOS/Core/Models/APIModels.swift /Users/sergejhlystov/ALADDIN_NEW/ALADDIN_NEW/mobile_apps/ALADDIN_iOS/Core/VPN/VPNManager.swift /Users/sergejhlystov/ALADDIN_NEW/ALADDIN_NEW/mobile_apps/ALADDIN_iOS/Screens/UnicornPetView.swift /Users/sergejhlystov/ALADDIN_NEW/ALADDIN_NEW/mobile_apps/ALADDIN_iOS/Core/Network/APIService.swift /Users/sergejhlystov/ALADDIN_NEW/ALADDIN_NEW/mobile_apps/ALADDIN_iOS/Screens/18_PrivacyPolicyScreen.swift /Users/sergejhlystov/ALADDIN_NEW/ALADDIN_NEW/mobile_apps/ALADDIN_iOS/Screens/10_TariffsScreen.swift /Users/sergejhlystov/ALADDIN_NEW/ALADDIN_NEW/mobile_apps/ALADDIN_iOS/Screens/03_VPNScreen.swift /Users/sergejhlystov/ALADDIN_NEW/ALADDIN_NEW/mobile_apps/ALADDIN_iOS/Screens/09_ElderlyInterfaceScreen.swift /Users/sergejhlystov/ALADDIN_NEW/ALADDIN_NEW/mobile_apps/ALADDIN_iOS/Shared/Components/SecondaryButton.swift /Users/sergejhlystov/ALADDIN_NEW/ALADDIN_NEW/mobile_apps/ALADDIN_iOS/Screens/11_ProfileScreen.swift /Users/sergejhlystov/ALADDIN_NEW/ALADDIN_NEW/mobile_apps/ALADDIN_iOS/Core/Network/NetworkManager.swift /Users/sergejhlystov/ALADDIN_NEW/ALADDIN_NEW/mobile_apps/ALADDIN_iOS/Screens/19_TermsOfServiceScreen.swift /Users/sergejhlystov/ALADDIN_NEW/ALADDIN_NEW/mobile_apps/ALADDIN_iOS/Core/Config/AppConfig.swift /Users/sergejhlystov/ALADDIN_NEW/ALADDIN_NEW/mobile_apps/ALADDIN_iOS/ViewModels/FamilyViewModel.swift /Users/sergejhlystov/ALADDIN_NEW/ALADDIN_NEW/mobile_apps/ALADDIN_iOS/ViewModels/AIAssistantViewModel.swift /Users/sergejhlystov/ALADDIN_NEW/ALADDIN_NEW/mobile_apps/ALADDIN_iOS/Screens/22_DeviceDetailScreen.swift /Users/sergejhlystov/ALADDIN_NEW/ALADDIN_NEW/mobile_apps/ALADDIN_iOS/Screens/WidgetConfigurationScreen.swift /Users/sergejhlystov/ALADDIN_NEW/ALADDIN_NEW/mobile_apps/ALADDIN_iOS/Core/Security/KeychainManager.swift /Users/sergejhlystov/ALADDIN_NEW/ALADDIN_NEW/mobile_apps/ALADDIN_iOS/Shared/Components/Modals/MemberStatsModalView.swift /Users/sergejhlystov/ALADDIN_NEW/ALADDIN_NEW/mobile_apps/ALADDIN_iOS/Shared/Styles/Spacing.swift /Users/sergejhlystov/ALADDIN_NEW/ALADDIN_NEW/mobile_apps/ALADDIN_iOS/Shared/Components/RecoveryOptionsModal.swift /Users/sergejhlystov/ALADDIN_NEW/ALADDIN_NEW/mobile_apps/ALADDIN_iOS/ViewModels/SettingsViewModel.swift /Users/sergejhlystov/ALADDIN_NEW/ALADDIN_NEW/mobile_apps/ALADDIN_iOS/Shared/Components/InfoRow.swift /Users/sergejhlystov/ALADDIN_NEW/ALADDIN_NEW/mobile_apps/ALADDIN_iOS/Screens/25_PaymentQRScreen.swift /Users/sergejhlystov/ALADDIN_NEW/ALADDIN_NEW/mobile_apps/ALADDIN_iOS/Shared/Components/Modals/RoleSelectionModal.swift /Users/sergejhlystov/ALADDIN_NEW/ALADDIN_NEW/mobile_apps/ALADDIN_iOS/ViewModels/SupportViewModel.swift /Users/sergejhlystov/ALADDIN_NEW/ALADDIN_NEW/mobile_apps/ALADDIN_iOS/ViewModels/ChildInterfaceViewModel.swift /Users/sergejhlystov/ALADDIN_NEW/ALADDIN_NEW/mobile_apps/ALADDIN_iOS/Screens/12_NotificationsScreen.swift /Users/sergejhlystov/ALADDIN_NEW/ALADDIN_NEW/mobile_apps/ALADDIN_iOS/ViewModels/ElderlyInterfaceViewModel.swift /Users/sergejhlystov/ALADDIN_NEW/ALADDIN_NEW/mobile_apps/ALADDIN_iOS/ViewModels/AnalyticsViewModel.swift /Users/sergejhlystov/ALADDIN_NEW/ALADDIN_NEW/mobile_apps/ALADDIN_iOS/Core/Cache/CacheManager.swift /Users/sergejhlystov/ALADDIN_NEW/ALADDIN_NEW/mobile_apps/ALADDIN_iOS/ViewModels/NotificationsViewModel.swift /Users/sergejhlystov/ALADDIN_NEW/ALADDIN_NEW/mobile_apps/ALADDIN_iOS/Screens/06_AIAssistantScreen.swift /Users/sergejhlystov/ALADDIN_NEW/ALADDIN_NEW/mobile_apps/ALADDIN_iOS/ViewModels/ProfileViewModel.swift /Users/sergejhlystov/ALADDIN_NEW/ALADDIN_NEW/mobile_apps/ALADDIN_iOS/Components/Modals/ConsentModal.swift /Users/sergejhlystov/ALADDIN_NEW/ALADDIN_NEW/mobile_apps/ALADDIN_iOS/ViewModels/ParentalControlViewModel.swift /Users/sergejhlystov/ALADDIN_NEW/ALADDIN_NEW/mobile_apps/ALADDIN_iOS/ViewModels/OnboardingViewModel.swift /Users/sergejhlystov/ALADDIN_NEW/ALADDIN_NEW/mobile_apps/ALADDIN_iOS/Shared/Styles/Colors.swift /Users/sergejhlystov/ALADDIN_NEW/ALADDIN_NEW/mobile_apps/ALADDIN_iOS/Screens/ChildRewardsScreen.swift /Users/sergejhlystov/ALADDIN_NEW/ALADDIN_NEW/mobile_apps/ALADDIN_iOS/Screens/21_ReferralScreen.swift /Users/sergejhlystov/ALADDIN_NEW/ALADDIN_NEW/mobile_apps/ALADDIN_iOS/Shared/Components/AvatarSelector.swift /Users/sergejhlystov/ALADDIN_NEW/ALADDIN_NEW/mobile_apps/ALADDIN_iOS/Shared/Components/Navigation/ALADDINNavigationBar.swift /Users/sergejhlystov/ALADDIN_NEW/ALADDIN_NEW/mobile_apps/ALADDIN_iOS/Screens/14_OnboardingScreen.swift /Users/sergejhlystov/ALADDIN_NEW/ALADDIN_NEW/mobile_apps/ALADDIN_iOS/Components/Modals/FamilyCreatedModal.swift -primary-file /Users/sergejhlystov/ALADDIN_NEW/ALADDIN_NEW/mobile_apps/ALADDIN_iOS/ViewModels/PaymentQRViewModel.swift -primary-file /Users/sergejhlystov/ALADDIN_NEW/ALADDIN_NEW/mobile_apps/ALADDIN_iOS/Core/Navigation/NavigationManager.swift -primary-file /Users/sergejhlystov/ALADDIN_NEW/ALADDIN_NEW/mobile_apps/ALADDIN_iOS/Core/Accessibility/AccessibilityManager.swift -primary-file /Users/sergejhlystov/ALADDIN_NEW/ALADDIN_NEW/mobile_apps/ALADDIN_iOS/Core/Store/StoreManager.swift -primary-file /Users/sergejhlystov/ALADDIN_NEW/ALADDIN_NEW/mobile_apps/ALADDIN_iOS/Screens/WheelOfFortuneView.swift -primary-file /Users/sergejhlystov/ALADDIN_NEW/ALADDIN_NEW/mobile_apps/ALADDIN_iOS/Screens/UnicornUniverseView.swift -primary-file /Users/sergejhlystov/ALADDIN_NEW/ALADDIN_NEW/mobile_apps/ALADDIN_iOS/Core/Localization/LocalizationManager.swift -primary-file /Users/sergejhlystov/ALADDIN_NEW/ALADDIN_NEW/mobile_apps/ALADDIN_iOS/Screens/13_SupportScreen.swift -primary-file /Users/sergejhlystov/ALADDIN_NEW/ALADDIN_NEW/mobile_apps/ALADDIN_iOS/Core/Analytics/AnalyticsManager.swift -primary-file /Users/sergejhlystov/ALADDIN_NEW/ALADDIN_NEW/mobile_apps/ALADDIN_iOS/Screens/07_ParentalControlScreen.swift -primary-file /Users/sergejhlystov/ALADDIN_NEW/ALADDIN_NEW/mobile_apps/ALADDIN_iOS/Screens/05_SettingsScreen.swift /Users/sergejhlystov/ALADDIN_NEW/ALADDIN_NEW/mobile_apps/ALADDIN_iOS/Screens/RewardsModalView.swift /Users/sergejhlystov/ALADDIN_NEW/ALADDIN_NEW/mobile_apps/ALADDIN_iOS/Screens/23_FamilyChatScreen.swift /Users/sergejhlystov/ALADDIN_NEW/ALADDIN_NEW/mobile_apps/ALADDIN_iOS/Screens/02_FamilyScreen.swift /Users/sergejhlystov/ALADDIN_NEW/ALADDIN_NEW/mobile_apps/ALADDIN_iOS/Screens/20_DevicesScreen.swift /Users/sergejhlystov/ALADDIN_NEW/ALADDIN_NEW/mobile_apps/ALADDIN_iOS/Shared/Components/ViewModifiers.swift /Users/sergejhlystov/ALADDIN_NEW/ALADDIN_NEW/mobile_apps/ALADDIN_iOS/Shared/Components/HapticFeedback.swift /Users/sergejhlystov/ALADDIN_NEW/ALADDIN_NEW/mobile_apps/ALADDIN_iOS/Screens/MainScreenWithRegistration.swift /Users/sergejhlystov/ALADDIN_NEW/ALADDIN_NEW/mobile_apps/ALADDIN_iOS/Core/Network/NetworkError.swift /Users/sergejhlystov/ALADDIN_NEW/ALADDIN_NEW/mobile_apps/ALADDIN_iOS/Screens/LanguageSettingsScreen.swift /Users/sergejhlystov/ALADDIN_NEW/ALADDIN_NEW/mobile_apps/ALADDIN_iOS/ViewModels/FamilyRegistrationViewModel.swift /Users/sergejhlystov/ALADDIN_NEW/ALADDIN_NEW/mobile_apps/ALADDIN_iOS/Shared/Styles/CornerRadius.swift /Users/sergejhlystov/ALADDIN_NEW/ALADDIN_NEW/mobile_apps/ALADDIN_iOS/Screens/01_MainScreen.swift /Users/sergejhlystov/ALADDIN_NEW/ALADDIN_NEW/mobile_apps/ALADDIN_iOS/Screens/FamilyTournamentView.swift /Users/sergejhlystov/ALADDIN_NEW/ALADDIN_NEW/mobile_apps/ALADDIN_iOS/Shared/Styles/Fonts.swift /Users/sergejhlystov/ALADDIN_NEW/ALADDIN_NEW/mobile_apps/ALADDIN_iOS/Screens/GamesParentalControlView.swift /Users/sergejhlystov/ALADDIN_NEW/ALADDIN_NEW/mobile_apps/ALADDIN_iOS/Shared/Components/QRScannerModal.swift /Users/sergejhlystov/ALADDIN_NEW/ALADDIN_NEW/mobile_apps/ALADDIN_iOS/Screens/04_AnalyticsScreen.swift /Users/sergejhlystov/ALADDIN_NEW/ALADDIN_NEW/mobile_apps/ALADDIN_iOS/Screens/24_VPNEnergyStatsScreen.swift /Users/sergejhlystov/ALADDIN_NEW/ALADDIN_NEW/mobile_apps/ALADDIN_iOS/Shared/Components/Modals/ProfileEditView.swift /Users/sergejhlystov/ALADDIN_NEW/ALADDIN_NEW/mobile_apps/ALADDIN_iOS/ViewModels/TariffsViewModel.swift /Users/sergejhlystov/ALADDIN_NEW/ALADDIN_NEW/mobile_apps/ALADDIN_iOS/Core/Notifications/NotificationManager.swift /Users/sergejhlystov/ALADDIN_NEW/ALADDIN_NEW/mobile_apps/ALADDIN_iOS/Core/Security/SecurityManager.swift -supplementary-output-file-map /var/folders/rf/6rxcyql17sz57_02ng7jd7pr0000gn/T/TemporaryDirectory.wFGpdC/supplementaryOutputs-6 -target x86_64-apple-ios15.0-simulator -enable-objc-interop -sdk /Applications/Xcode.app/Contents/Developer/Platforms/iPhoneSimulator.platform/Developer/SDKs/iPhoneSimulator15.2.sdk -I /Users/sergejhlystov/Library/Developer/Xcode/DerivedData/ALADDIN-eahryzmutvtbyceygnlyjsmiiaha/Build/Products/Debug-iphonesimulator -F /Users/sergejhlystov/Library/Developer/Xcode/DerivedData/ALADDIN-eahryzmutvtbyceygnlyjsmiiaha/Build/Products/Debug-iphonesimulator -enable-testing -g -module-cache-path /Users/sergejhlystov/Library/Developer/Xcode/DerivedData/ModuleCache.noindex -emit-localized-strings -emit-localized-strings-path /Users/sergejhlystov/Library/Developer/Xcode/DerivedData/ALADDIN-eahryzmutvtbyceygnlyjsmiiaha/Build/Intermediates.noindex/ALADDIN.build/Debug-iphonesimulator/ALADDIN.build/Objects-normal/x86_64 -swift-version 5 -enforce-exclusivity\=checked -Onone -D DEBUG -new-driver-path /Applications/Xcode.app/Contents/Developer/Toolchains/XcodeDefault.xctoolchain/usr/bin/swift-driver -serialize-debugging-options -Xcc -working-directory -Xcc /Users/sergejhlystov/ALADDIN_NEW/ALADDIN_NEW/mobile_apps/ALADDIN_iOS -resource-dir /Applications/Xcode.app/Contents/Developer/Toolchains/XcodeDefault.xctoolchain/usr/lib/swift -enable-anonymous-context-mangled-names -Xcc -I/Users/sergejhlystov/Library/Developer/Xcode/DerivedData/ALADDIN-eahryzmutvtbyceygnlyjsmiiaha/Build/Intermediates.noindex/ALADDIN.build/Debug-iphonesimulator/ALADDIN.build/swift-overrides.hmap -Xcc -iquote -Xcc /Users/sergejhlystov/Library/Developer/Xcode/DerivedData/ALADDIN-eahryzmutvtbyceygnlyjsmiiaha/Build/Intermediates.noindex/ALADDIN.build/Debug-iphonesimulator/ALADDIN.build/ALADDIN-generated-files.hmap -Xcc -I/Users/sergejhlystov/Library/Developer/Xcode/DerivedData/ALADDIN-eahryzmutvtbyceygnlyjsmiiaha/Build/Intermediates.noindex/ALADDIN.build/Debug-iphonesimulator/ALADDIN.build/ALADDIN-own-target-headers.hmap -Xcc -I/Users/sergejhlystov/Library/Developer/Xcode/DerivedData/ALADDIN-eahryzmutvtbyceygnlyjsmiiaha/Build/Intermediates.noindex/ALADDIN.build/Debug-iphonesimulator/ALADDIN.build/ALADDIN-all-target-headers.hmap -Xcc -iquote -Xcc /Users/sergejhlystov/Library/Developer/Xcode/DerivedData/ALADDIN-eahryzmutvtbyceygnlyjsmiiaha/Build/Intermediates.noindex/ALADDIN.build/Debug-iphonesimulator/ALADDIN.build/ALADDIN-project-headers.hmap -Xcc -I/Users/sergejhlystov/Library/Developer/Xcode/DerivedData/ALADDIN-eahryzmutvtbyceygnlyjsmiiaha/Build/Products/Debug-iphonesimulator/include -Xcc -I/Users/sergejhlystov/Library/Developer/Xcode/DerivedData/ALADDIN-eahryzmutvtbyceygnlyjsmiiaha/Build/Intermediates.noindex/ALADDIN.build/Debug-iphonesimulator/ALADDIN.build/DerivedSources-normal/x86_64 -Xcc -I/Users/sergejhlystov/Library/Developer/Xcode/DerivedData/ALADDIN-eahryzmutvtbyceygnlyjsmiiaha/Build/Intermediates.noindex/ALADDIN.build/Debug-iphonesimulator/ALADDIN.build/DerivedSources/x86_64 -Xcc -I/Users/sergejhlystov/Library/Developer/Xcode/DerivedData/ALADDIN-eahryzmutvtbyceygnlyjsmiiaha/Build/Intermediates.noindex/ALADDIN.build/Debug-iphonesimulator/ALADDIN.build/DerivedSources -Xcc -DDEBUG\=1 -module-name ALADDIN -target-sdk-version 15.2.0 -o /Users/sergejhlystov/Library/Developer/Xcode/DerivedData/ALADDIN-eahryzmutvtbyceygnlyjsmiiaha/Build/Intermediates.noindex/ALADDIN.build/Debug-iphonesimulator/ALADDIN.build/Objects-normal/x86_64/PaymentQRViewModel.o -o /Users/sergejhlystov/Library/Developer/Xcode/DerivedData/ALADDIN-eahryzmutvtbyceygnlyjsmiiaha/Build/Intermediates.noindex/ALADDIN.build/Debug-iphonesimulator/ALADDIN.build/Objects-normal/x86_64/NavigationManager.o -o /Users/sergejhlystov/Library/Developer/Xcode/DerivedData/ALADDIN-eahryzmutvtbyceygnlyjsmiiaha/Build/Intermediates.noindex/ALADDIN.build/Debug-iphonesimulator/ALADDIN.build/Objects-normal/x86_64/AccessibilityManager.o -o /Users/sergejhlystov/Library/Developer/Xcode/DerivedData/ALADDIN-eahryzmutvtbyceygnlyjsmiiaha/Build/Intermediates.noindex/ALADDIN.build/Debug-iphonesimulator/ALADDIN.build/Objects-normal/x86_64/StoreManager.o -o /Users/sergejhlystov/Library/Developer/Xcode/DerivedData/ALADDIN-eahryzmutvtbyceygnlyjsmiiaha/Build/Intermediates.noindex/ALADDIN.build/Debug-iphonesimulator/ALADDIN.build/Objects-normal/x86_64/WheelOfFortuneView.o -o /Users/sergejhlystov/Library/Developer/Xcode/DerivedData/ALADDIN-eahryzmutvtbyceygnlyjsmiiaha/Build/Intermediates.noindex/ALADDIN.build/Debug-iphonesimulator/ALADDIN.build/Objects-normal/x86_64/UnicornUniverseView.o -o /Users/sergejhlystov/Library/Developer/Xcode/DerivedData/ALADDIN-eahryzmutvtbyceygnlyjsmiiaha/Build/Intermediates.noindex/ALADDIN.build/Debug-iphonesimulator/ALADDIN.build/Objects-normal/x86_64/LocalizationManager.o -o /Users/sergejhlystov/Library/Developer/Xcode/DerivedData/ALADDIN-eahryzmutvtbyceygnlyjsmiiaha/Build/Intermediates.noindex/ALADDIN.build/Debug-iphonesimulator/ALADDIN.build/Objects-normal/x86_64/13_SupportScreen.o -o /Users/sergejhlystov/Library/Developer/Xcode/DerivedData/ALADDIN-eahryzmutvtbyceygnlyjsmiiaha/Build/Intermediates.noindex/ALADDIN.build/Debug-iphonesimulator/ALADDIN.build/Objects-normal/x86_64/AnalyticsManager.o -o /Users/sergejhlystov/Library/Developer/Xcode/DerivedData/ALADDIN-eahryzmutvtbyceygnlyjsmiiaha/Build/Intermediates.noindex/ALADDIN.build/Debug-iphonesimulator/ALADDIN.build/Objects-normal/x86_64/07_ParentalControlScreen.o -o /Users/sergejhlystov/Library/Developer/Xcode/DerivedData/ALADDIN-eahryzmutvtbyceygnlyjsmiiaha/Build/Intermediates.noindex/ALADDIN.build/Debug-iphonesimulator/ALADDIN.build/Objects-normal/x86_64/05_SettingsScreen.o -index-store-path /Users/sergejhlystov/Library/Developer/Xcode/DerivedData/ALADDIN-eahryzmutvtbyceygnlyjsmiiaha/Index/DataStore -index-system-modules

CompileSwift normal x86_64 /Users/sergejhlystov/ALADDIN_NEW/ALADDIN_NEW/mobile_apps/ALADDIN_iOS/Core/Store/StoreManager.swift (in target 'ALADDIN' from project 'ALADDIN')
    cd /Users/sergejhlystov/ALADDIN_NEW/ALADDIN_NEW/mobile_apps/ALADDIN_iOS
    /Applications/Xcode.app/Contents/Developer/Toolchains/XcodeDefault.xctoolchain/usr/bin/swift-frontend -frontend -c /Users/sergejhlystov/ALADDIN_NEW/ALADDIN_NEW/mobile_apps/ALADDIN_iOS/Screens/RewardsQuickModal.swift /Users/sergejhlystov/ALADDIN_NEW/ALADDIN_NEW/mobile_apps/ALADDIN_iOS/Screens/08_ChildInterfaceScreen.swift /Users/sergejhlystov/ALADDIN_NEW/ALADDIN_NEW/mobile_apps/ALADDIN_iOS/ContentView.swift /Users/sergejhlystov/ALADDIN_NEW/ALADDIN_NEW/mobile_apps/ALADDIN_iOS/Shared/Components/ALADDINToggle.swift /Users/sergejhlystov/ALADDIN_NEW/ALADDIN_NEW/mobile_apps/ALADDIN_iOS/Components/Modals/AgeGroupSelectionModal.swift /Users/sergejhlystov/ALADDIN_NEW/ALADDIN_NEW/mobile_apps/ALADDIN_iOS/ALADDINApp.swift /Users/sergejhlystov/ALADDIN_NEW/ALADDIN_NEW/mobile_apps/ALADDIN_iOS/Shared/Models/FunctionStatus.swift /Users/sergejhlystov/ALADDIN_NEW/ALADDIN_NEW/mobile_apps/ALADDIN_iOS/ViewModels/MainViewModel.swift /Users/sergejhlystov/ALADDIN_NEW/ALADDIN_NEW/mobile_apps/ALADDIN_iOS/Shared/Components/Buttons/PrimaryButton.swift /Users/sergejhlystov/ALADDIN_NEW/ALADDIN_NEW/mobile_apps/ALADDIN_iOS/Screens/NotificationSettingsScreen.swift /Users/sergejhlystov/ALADDIN_NEW/ALADDIN_NEW/mobile_apps/ALADDIN_iOS/Screens/ChildContentScreen.swift /Users/sergejhlystov/ALADDIN_NEW/ALADDIN_NEW/mobile_apps/ALADDIN_iOS/Shared/Components/StatItem.swift /Users/sergejhlystov/ALADDIN_NEW/ALADDIN_NEW/mobile_apps/ALADDIN_iOS/Shared/Components/Cards/FamilyMemberCard.swift /Users/sergejhlystov/ALADDIN_NEW/ALADDIN_NEW/mobile_apps/ALADDIN_iOS/ViewModels/VPNViewModel.swift /Users/sergejhlystov/ALADDIN_NEW/ALADDIN_NEW/mobile_apps/ALADDIN_iOS/Core/Models/APIModels.swift /Users/sergejhlystov/ALADDIN_NEW/ALADDIN_NEW/mobile_apps/ALADDIN_iOS/Core/VPN/VPNManager.swift /Users/sergejhlystov/ALADDIN_NEW/ALADDIN_NEW/mobile_apps/ALADDIN_iOS/Screens/UnicornPetView.swift /Users/sergejhlystov/ALADDIN_NEW/ALADDIN_NEW/mobile_apps/ALADDIN_iOS/Core/Network/APIService.swift /Users/sergejhlystov/ALADDIN_NEW/ALADDIN_NEW/mobile_apps/ALADDIN_iOS/Screens/18_PrivacyPolicyScreen.swift /Users/sergejhlystov/ALADDIN_NEW/ALADDIN_NEW/mobile_apps/ALADDIN_iOS/Screens/10_TariffsScreen.swift /Users/sergejhlystov/ALADDIN_NEW/ALADDIN_NEW/mobile_apps/ALADDIN_iOS/Screens/03_VPNScreen.swift /Users/sergejhlystov/ALADDIN_NEW/ALADDIN_NEW/mobile_apps/ALADDIN_iOS/Screens/09_ElderlyInterfaceScreen.swift /Users/sergejhlystov/ALADDIN_NEW/ALADDIN_NEW/mobile_apps/ALADDIN_iOS/Shared/Components/SecondaryButton.swift /Users/sergejhlystov/ALADDIN_NEW/ALADDIN_NEW/mobile_apps/ALADDIN_iOS/Screens/11_ProfileScreen.swift /Users/sergejhlystov/ALADDIN_NEW/ALADDIN_NEW/mobile_apps/ALADDIN_iOS/Core/Network/NetworkManager.swift /Users/sergejhlystov/ALADDIN_NEW/ALADDIN_NEW/mobile_apps/ALADDIN_iOS/Screens/19_TermsOfServiceScreen.swift /Users/sergejhlystov/ALADDIN_NEW/ALADDIN_NEW/mobile_apps/ALADDIN_iOS/Core/Config/AppConfig.swift /Users/sergejhlystov/ALADDIN_NEW/ALADDIN_NEW/mobile_apps/ALADDIN_iOS/ViewModels/FamilyViewModel.swift /Users/sergejhlystov/ALADDIN_NEW/ALADDIN_NEW/mobile_apps/ALADDIN_iOS/ViewModels/AIAssistantViewModel.swift /Users/sergejhlystov/ALADDIN_NEW/ALADDIN_NEW/mobile_apps/ALADDIN_iOS/Screens/22_DeviceDetailScreen.swift /Users/sergejhlystov/ALADDIN_NEW/ALADDIN_NEW/mobile_apps/ALADDIN_iOS/Screens/WidgetConfigurationScreen.swift /Users/sergejhlystov/ALADDIN_NEW/ALADDIN_NEW/mobile_apps/ALADDIN_iOS/Core/Security/KeychainManager.swift /Users/sergejhlystov/ALADDIN_NEW/ALADDIN_NEW/mobile_apps/ALADDIN_iOS/Shared/Components/Modals/MemberStatsModalView.swift /Users/sergejhlystov/ALADDIN_NEW/ALADDIN_NEW/mobile_apps/ALADDIN_iOS/Shared/Styles/Spacing.swift /Users/sergejhlystov/ALADDIN_NEW/ALADDIN_NEW/mobile_apps/ALADDIN_iOS/Shared/Components/RecoveryOptionsModal.swift /Users/sergejhlystov/ALADDIN_NEW/ALADDIN_NEW/mobile_apps/ALADDIN_iOS/ViewModels/SettingsViewModel.swift /Users/sergejhlystov/ALADDIN_NEW/ALADDIN_NEW/mobile_apps/ALADDIN_iOS/Shared/Components/InfoRow.swift /Users/sergejhlystov/ALADDIN_NEW/ALADDIN_NEW/mobile_apps/ALADDIN_iOS/Screens/25_PaymentQRScreen.swift /Users/sergejhlystov/ALADDIN_NEW/ALADDIN_NEW/mobile_apps/ALADDIN_iOS/Shared/Components/Modals/RoleSelectionModal.swift /Users/sergejhlystov/ALADDIN_NEW/ALADDIN_NEW/mobile_apps/ALADDIN_iOS/ViewModels/SupportViewModel.swift /Users/sergejhlystov/ALADDIN_NEW/ALADDIN_NEW/mobile_apps/ALADDIN_iOS/ViewModels/ChildInterfaceViewModel.swift /Users/sergejhlystov/ALADDIN_NEW/ALADDIN_NEW/mobile_apps/ALADDIN_iOS/Screens/12_NotificationsScreen.swift /Users/sergejhlystov/ALADDIN_NEW/ALADDIN_NEW/mobile_apps/ALADDIN_iOS/ViewModels/ElderlyInterfaceViewModel.swift /Users/sergejhlystov/ALADDIN_NEW/ALADDIN_NEW/mobile_apps/ALADDIN_iOS/ViewModels/AnalyticsViewModel.swift /Users/sergejhlystov/ALADDIN_NEW/ALADDIN_NEW/mobile_apps/ALADDIN_iOS/Core/Cache/CacheManager.swift /Users/sergejhlystov/ALADDIN_NEW/ALADDIN_NEW/mobile_apps/ALADDIN_iOS/ViewModels/NotificationsViewModel.swift /Users/sergejhlystov/ALADDIN_NEW/ALADDIN_NEW/mobile_apps/ALADDIN_iOS/Screens/06_AIAssistantScreen.swift /Users/sergejhlystov/ALADDIN_NEW/ALADDIN_NEW/mobile_apps/ALADDIN_iOS/ViewModels/ProfileViewModel.swift /Users/sergejhlystov/ALADDIN_NEW/ALADDIN_NEW/mobile_apps/ALADDIN_iOS/Components/Modals/ConsentModal.swift /Users/sergejhlystov/ALADDIN_NEW/ALADDIN_NEW/mobile_apps/ALADDIN_iOS/ViewModels/ParentalControlViewModel.swift /Users/sergejhlystov/ALADDIN_NEW/ALADDIN_NEW/mobile_apps/ALADDIN_iOS/ViewModels/OnboardingViewModel.swift /Users/sergejhlystov/ALADDIN_NEW/ALADDIN_NEW/mobile_apps/ALADDIN_iOS/Shared/Styles/Colors.swift /Users/sergejhlystov/ALADDIN_NEW/ALADDIN_NEW/mobile_apps/ALADDIN_iOS/Screens/ChildRewardsScreen.swift /Users/sergejhlystov/ALADDIN_NEW/ALADDIN_NEW/mobile_apps/ALADDIN_iOS/Screens/21_ReferralScreen.swift /Users/sergejhlystov/ALADDIN_NEW/ALADDIN_NEW/mobile_apps/ALADDIN_iOS/Shared/Components/AvatarSelector.swift /Users/sergejhlystov/ALADDIN_NEW/ALADDIN_NEW/mobile_apps/ALADDIN_iOS/Shared/Components/Navigation/ALADDINNavigationBar.swift /Users/sergejhlystov/ALADDIN_NEW/ALADDIN_NEW/mobile_apps/ALADDIN_iOS/Screens/14_OnboardingScreen.swift /Users/sergejhlystov/ALADDIN_NEW/ALADDIN_NEW/mobile_apps/ALADDIN_iOS/Components/Modals/FamilyCreatedModal.swift -primary-file /Users/sergejhlystov/ALADDIN_NEW/ALADDIN_NEW/mobile_apps/ALADDIN_iOS/ViewModels/PaymentQRViewModel.swift -primary-file /Users/sergejhlystov/ALADDIN_NEW/ALADDIN_NEW/mobile_apps/ALADDIN_iOS/Core/Navigation/NavigationManager.swift -primary-file /Users/sergejhlystov/ALADDIN_NEW/ALADDIN_NEW/mobile_apps/ALADDIN_iOS/Core/Accessibility/AccessibilityManager.swift -primary-file /Users/sergejhlystov/ALADDIN_NEW/ALADDIN_NEW/mobile_apps/ALADDIN_iOS/Core/Store/StoreManager.swift -primary-file /Users/sergejhlystov/ALADDIN_NEW/ALADDIN_NEW/mobile_apps/ALADDIN_iOS/Screens/WheelOfFortuneView.swift -primary-file /Users/sergejhlystov/ALADDIN_NEW/ALADDIN_NEW/mobile_apps/ALADDIN_iOS/Screens/UnicornUniverseView.swift -primary-file /Users/sergejhlystov/ALADDIN_NEW/ALADDIN_NEW/mobile_apps/ALADDIN_iOS/Core/Localization/LocalizationManager.swift -primary-file /Users/sergejhlystov/ALADDIN_NEW/ALADDIN_NEW/mobile_apps/ALADDIN_iOS/Screens/13_SupportScreen.swift -primary-file /Users/sergejhlystov/ALADDIN_NEW/ALADDIN_NEW/mobile_apps/ALADDIN_iOS/Core/Analytics/AnalyticsManager.swift -primary-file /Users/sergejhlystov/ALADDIN_NEW/ALADDIN_NEW/mobile_apps/ALADDIN_iOS/Screens/07_ParentalControlScreen.swift -primary-file /Users/sergejhlystov/ALADDIN_NEW/ALADDIN_NEW/mobile_apps/ALADDIN_iOS/Screens/05_SettingsScreen.swift /Users/sergejhlystov/ALADDIN_NEW/ALADDIN_NEW/mobile_apps/ALADDIN_iOS/Screens/RewardsModalView.swift /Users/sergejhlystov/ALADDIN_NEW/ALADDIN_NEW/mobile_apps/ALADDIN_iOS/Screens/23_FamilyChatScreen.swift /Users/sergejhlystov/ALADDIN_NEW/ALADDIN_NEW/mobile_apps/ALADDIN_iOS/Screens/02_FamilyScreen.swift /Users/sergejhlystov/ALADDIN_NEW/ALADDIN_NEW/mobile_apps/ALADDIN_iOS/Screens/20_DevicesScreen.swift /Users/sergejhlystov/ALADDIN_NEW/ALADDIN_NEW/mobile_apps/ALADDIN_iOS/Shared/Components/ViewModifiers.swift /Users/sergejhlystov/ALADDIN_NEW/ALADDIN_NEW/mobile_apps/ALADDIN_iOS/Shared/Components/HapticFeedback.swift /Users/sergejhlystov/ALADDIN_NEW/ALADDIN_NEW/mobile_apps/ALADDIN_iOS/Screens/MainScreenWithRegistration.swift /Users/sergejhlystov/ALADDIN_NEW/ALADDIN_NEW/mobile_apps/ALADDIN_iOS/Core/Network/NetworkError.swift /Users/sergejhlystov/ALADDIN_NEW/ALADDIN_NEW/mobile_apps/ALADDIN_iOS/Screens/LanguageSettingsScreen.swift /Users/sergejhlystov/ALADDIN_NEW/ALADDIN_NEW/mobile_apps/ALADDIN_iOS/ViewModels/FamilyRegistrationViewModel.swift /Users/sergejhlystov/ALADDIN_NEW/ALADDIN_NEW/mobile_apps/ALADDIN_iOS/Shared/Styles/CornerRadius.swift /Users/sergejhlystov/ALADDIN_NEW/ALADDIN_NEW/mobile_apps/ALADDIN_iOS/Screens/01_MainScreen.swift /Users/sergejhlystov/ALADDIN_NEW/ALADDIN_NEW/mobile_apps/ALADDIN_iOS/Screens/FamilyTournamentView.swift /Users/sergejhlystov/ALADDIN_NEW/ALADDIN_NEW/mobile_apps/ALADDIN_iOS/Shared/Styles/Fonts.swift /Users/sergejhlystov/ALADDIN_NEW/ALADDIN_NEW/mobile_apps/ALADDIN_iOS/Screens/GamesParentalControlView.swift /Users/sergejhlystov/ALADDIN_NEW/ALADDIN_NEW/mobile_apps/ALADDIN_iOS/Shared/Components/QRScannerModal.swift /Users/sergejhlystov/ALADDIN_NEW/ALADDIN_NEW/mobile_apps/ALADDIN_iOS/Screens/04_AnalyticsScreen.swift /Users/sergejhlystov/ALADDIN_NEW/ALADDIN_NEW/mobile_apps/ALADDIN_iOS/Screens/24_VPNEnergyStatsScreen.swift /Users/sergejhlystov/ALADDIN_NEW/ALADDIN_NEW/mobile_apps/ALADDIN_iOS/Shared/Components/Modals/ProfileEditView.swift /Users/sergejhlystov/ALADDIN_NEW/ALADDIN_NEW/mobile_apps/ALADDIN_iOS/ViewModels/TariffsViewModel.swift /Users/sergejhlystov/ALADDIN_NEW/ALADDIN_NEW/mobile_apps/ALADDIN_iOS/Core/Notifications/NotificationManager.swift /Users/sergejhlystov/ALADDIN_NEW/ALADDIN_NEW/mobile_apps/ALADDIN_iOS/Core/Security/SecurityManager.swift -supplementary-output-file-map /var/folders/rf/6rxcyql17sz57_02ng7jd7pr0000gn/T/TemporaryDirectory.wFGpdC/supplementaryOutputs-6 -target x86_64-apple-ios15.0-simulator -enable-objc-interop -sdk /Applications/Xcode.app/Contents/Developer/Platforms/iPhoneSimulator.platform/Developer/SDKs/iPhoneSimulator15.2.sdk -I /Users/sergejhlystov/Library/Developer/Xcode/DerivedData/ALADDIN-eahryzmutvtbyceygnlyjsmiiaha/Build/Products/Debug-iphonesimulator -F /Users/sergejhlystov/Library/Developer/Xcode/DerivedData/ALADDIN-eahryzmutvtbyceygnlyjsmiiaha/Build/Products/Debug-iphonesimulator -enable-testing -g -module-cache-path /Users/sergejhlystov/Library/Developer/Xcode/DerivedData/ModuleCache.noindex -emit-localized-strings -emit-localized-strings-path /Users/sergejhlystov/Library/Developer/Xcode/DerivedData/ALADDIN-eahryzmutvtbyceygnlyjsmiiaha/Build/Intermediates.noindex/ALADDIN.build/Debug-iphonesimulator/ALADDIN.build/Objects-normal/x86_64 -swift-version 5 -enforce-exclusivity\=checked -Onone -D DEBUG -new-driver-path /Applications/Xcode.app/Contents/Developer/Toolchains/XcodeDefault.xctoolchain/usr/bin/swift-driver -serialize-debugging-options -Xcc -working-directory -Xcc /Users/sergejhlystov/ALADDIN_NEW/ALADDIN_NEW/mobile_apps/ALADDIN_iOS -resource-dir /Applications/Xcode.app/Contents/Developer/Toolchains/XcodeDefault.xctoolchain/usr/lib/swift -enable-anonymous-context-mangled-names -Xcc -I/Users/sergejhlystov/Library/Developer/Xcode/DerivedData/ALADDIN-eahryzmutvtbyceygnlyjsmiiaha/Build/Intermediates.noindex/ALADDIN.build/Debug-iphonesimulator/ALADDIN.build/swift-overrides.hmap -Xcc -iquote -Xcc /Users/sergejhlystov/Library/Developer/Xcode/DerivedData/ALADDIN-eahryzmutvtbyceygnlyjsmiiaha/Build/Intermediates.noindex/ALADDIN.build/Debug-iphonesimulator/ALADDIN.build/ALADDIN-generated-files.hmap -Xcc -I/Users/sergejhlystov/Library/Developer/Xcode/DerivedData/ALADDIN-eahryzmutvtbyceygnlyjsmiiaha/Build/Intermediates.noindex/ALADDIN.build/Debug-iphonesimulator/ALADDIN.build/ALADDIN-own-target-headers.hmap -Xcc -I/Users/sergejhlystov/Library/Developer/Xcode/DerivedData/ALADDIN-eahryzmutvtbyceygnlyjsmiiaha/Build/Intermediates.noindex/ALADDIN.build/Debug-iphonesimulator/ALADDIN.build/ALADDIN-all-target-headers.hmap -Xcc -iquote -Xcc /Users/sergejhlystov/Library/Developer/Xcode/DerivedData/ALADDIN-eahryzmutvtbyceygnlyjsmiiaha/Build/Intermediates.noindex/ALADDIN.build/Debug-iphonesimulator/ALADDIN.build/ALADDIN-project-headers.hmap -Xcc -I/Users/sergejhlystov/Library/Developer/Xcode/DerivedData/ALADDIN-eahryzmutvtbyceygnlyjsmiiaha/Build/Products/Debug-iphonesimulator/include -Xcc -I/Users/sergejhlystov/Library/Developer/Xcode/DerivedData/ALADDIN-eahryzmutvtbyceygnlyjsmiiaha/Build/Intermediates.noindex/ALADDIN.build/Debug-iphonesimulator/ALADDIN.build/DerivedSources-normal/x86_64 -Xcc -I/Users/sergejhlystov/Library/Developer/Xcode/DerivedData/ALADDIN-eahryzmutvtbyceygnlyjsmiiaha/Build/Intermediates.noindex/ALADDIN.build/Debug-iphonesimulator/ALADDIN.build/DerivedSources/x86_64 -Xcc -I/Users/sergejhlystov/Library/Developer/Xcode/DerivedData/ALADDIN-eahryzmutvtbyceygnlyjsmiiaha/Build/Intermediates.noindex/ALADDIN.build/Debug-iphonesimulator/ALADDIN.build/DerivedSources -Xcc -DDEBUG\=1 -module-name ALADDIN -target-sdk-version 15.2.0 -o /Users/sergejhlystov/Library/Developer/Xcode/DerivedData/ALADDIN-eahryzmutvtbyceygnlyjsmiiaha/Build/Intermediates.noindex/ALADDIN.build/Debug-iphonesimulator/ALADDIN.build/Objects-normal/x86_64/PaymentQRViewModel.o -o /Users/sergejhlystov/Library/Developer/Xcode/DerivedData/ALADDIN-eahryzmutvtbyceygnlyjsmiiaha/Build/Intermediates.noindex/ALADDIN.build/Debug-iphonesimulator/ALADDIN.build/Objects-normal/x86_64/NavigationManager.o -o /Users/sergejhlystov/Library/Developer/Xcode/DerivedData/ALADDIN-eahryzmutvtbyceygnlyjsmiiaha/Build/Intermediates.noindex/ALADDIN.build/Debug-iphonesimulator/ALADDIN.build/Objects-normal/x86_64/AccessibilityManager.o -o /Users/sergejhlystov/Library/Developer/Xcode/DerivedData/ALADDIN-eahryzmutvtbyceygnlyjsmiiaha/Build/Intermediates.noindex/ALADDIN.build/Debug-iphonesimulator/ALADDIN.build/Objects-normal/x86_64/StoreManager.o -o /Users/sergejhlystov/Library/Developer/Xcode/DerivedData/ALADDIN-eahryzmutvtbyceygnlyjsmiiaha/Build/Intermediates.noindex/ALADDIN.build/Debug-iphonesimulator/ALADDIN.build/Objects-normal/x86_64/WheelOfFortuneView.o -o /Users/sergejhlystov/Library/Developer/Xcode/DerivedData/ALADDIN-eahryzmutvtbyceygnlyjsmiiaha/Build/Intermediates.noindex/ALADDIN.build/Debug-iphonesimulator/ALADDIN.build/Objects-normal/x86_64/UnicornUniverseView.o -o /Users/sergejhlystov/Library/Developer/Xcode/DerivedData/ALADDIN-eahryzmutvtbyceygnlyjsmiiaha/Build/Intermediates.noindex/ALADDIN.build/Debug-iphonesimulator/ALADDIN.build/Objects-normal/x86_64/LocalizationManager.o -o /Users/sergejhlystov/Library/Developer/Xcode/DerivedData/ALADDIN-eahryzmutvtbyceygnlyjsmiiaha/Build/Intermediates.noindex/ALADDIN.build/Debug-iphonesimulator/ALADDIN.build/Objects-normal/x86_64/13_SupportScreen.o -o /Users/sergejhlystov/Library/Developer/Xcode/DerivedData/ALADDIN-eahryzmutvtbyceygnlyjsmiiaha/Build/Intermediates.noindex/ALADDIN.build/Debug-iphonesimulator/ALADDIN.build/Objects-normal/x86_64/AnalyticsManager.o -o /Users/sergejhlystov/Library/Developer/Xcode/DerivedData/ALADDIN-eahryzmutvtbyceygnlyjsmiiaha/Build/Intermediates.noindex/ALADDIN.build/Debug-iphonesimulator/ALADDIN.build/Objects-normal/x86_64/07_ParentalControlScreen.o -o /Users/sergejhlystov/Library/Developer/Xcode/DerivedData/ALADDIN-eahryzmutvtbyceygnlyjsmiiaha/Build/Intermediates.noindex/ALADDIN.build/Debug-iphonesimulator/ALADDIN.build/Objects-normal/x86_64/05_SettingsScreen.o -index-store-path /Users/sergejhlystov/Library/Developer/Xcode/DerivedData/ALADDIN-eahryzmutvtbyceygnlyjsmiiaha/Index/DataStore -index-system-modules

CompileSwift normal x86_64 /Users/sergejhlystov/ALADDIN_NEW/ALADDIN_NEW/mobile_apps/ALADDIN_iOS/Screens/WheelOfFortuneView.swift (in target 'ALADDIN' from project 'ALADDIN')
    cd /Users/sergejhlystov/ALADDIN_NEW/ALADDIN_NEW/mobile_apps/ALADDIN_iOS
    /Applications/Xcode.app/Contents/Developer/Toolchains/XcodeDefault.xctoolchain/usr/bin/swift-frontend -frontend -c /Users/sergejhlystov/ALADDIN_NEW/ALADDIN_NEW/mobile_apps/ALADDIN_iOS/Screens/RewardsQuickModal.swift /Users/sergejhlystov/ALADDIN_NEW/ALADDIN_NEW/mobile_apps/ALADDIN_iOS/Screens/08_ChildInterfaceScreen.swift /Users/sergejhlystov/ALADDIN_NEW/ALADDIN_NEW/mobile_apps/ALADDIN_iOS/ContentView.swift /Users/sergejhlystov/ALADDIN_NEW/ALADDIN_NEW/mobile_apps/ALADDIN_iOS/Shared/Components/ALADDINToggle.swift /Users/sergejhlystov/ALADDIN_NEW/ALADDIN_NEW/mobile_apps/ALADDIN_iOS/Components/Modals/AgeGroupSelectionModal.swift /Users/sergejhlystov/ALADDIN_NEW/ALADDIN_NEW/mobile_apps/ALADDIN_iOS/ALADDINApp.swift /Users/sergejhlystov/ALADDIN_NEW/ALADDIN_NEW/mobile_apps/ALADDIN_iOS/Shared/Models/FunctionStatus.swift /Users/sergejhlystov/ALADDIN_NEW/ALADDIN_NEW/mobile_apps/ALADDIN_iOS/ViewModels/MainViewModel.swift /Users/sergejhlystov/ALADDIN_NEW/ALADDIN_NEW/mobile_apps/ALADDIN_iOS/Shared/Components/Buttons/PrimaryButton.swift /Users/sergejhlystov/ALADDIN_NEW/ALADDIN_NEW/mobile_apps/ALADDIN_iOS/Screens/NotificationSettingsScreen.swift /Users/sergejhlystov/ALADDIN_NEW/ALADDIN_NEW/mobile_apps/ALADDIN_iOS/Screens/ChildContentScreen.swift /Users/sergejhlystov/ALADDIN_NEW/ALADDIN_NEW/mobile_apps/ALADDIN_iOS/Shared/Components/StatItem.swift /Users/sergejhlystov/ALADDIN_NEW/ALADDIN_NEW/mobile_apps/ALADDIN_iOS/Shared/Components/Cards/FamilyMemberCard.swift /Users/sergejhlystov/ALADDIN_NEW/ALADDIN_NEW/mobile_apps/ALADDIN_iOS/ViewModels/VPNViewModel.swift /Users/sergejhlystov/ALADDIN_NEW/ALADDIN_NEW/mobile_apps/ALADDIN_iOS/Core/Models/APIModels.swift /Users/sergejhlystov/ALADDIN_NEW/ALADDIN_NEW/mobile_apps/ALADDIN_iOS/Core/VPN/VPNManager.swift /Users/sergejhlystov/ALADDIN_NEW/ALADDIN_NEW/mobile_apps/ALADDIN_iOS/Screens/UnicornPetView.swift /Users/sergejhlystov/ALADDIN_NEW/ALADDIN_NEW/mobile_apps/ALADDIN_iOS/Core/Network/APIService.swift /Users/sergejhlystov/ALADDIN_NEW/ALADDIN_NEW/mobile_apps/ALADDIN_iOS/Screens/18_PrivacyPolicyScreen.swift /Users/sergejhlystov/ALADDIN_NEW/ALADDIN_NEW/mobile_apps/ALADDIN_iOS/Screens/10_TariffsScreen.swift /Users/sergejhlystov/ALADDIN_NEW/ALADDIN_NEW/mobile_apps/ALADDIN_iOS/Screens/03_VPNScreen.swift /Users/sergejhlystov/ALADDIN_NEW/ALADDIN_NEW/mobile_apps/ALADDIN_iOS/Screens/09_ElderlyInterfaceScreen.swift /Users/sergejhlystov/ALADDIN_NEW/ALADDIN_NEW/mobile_apps/ALADDIN_iOS/Shared/Components/SecondaryButton.swift /Users/sergejhlystov/ALADDIN_NEW/ALADDIN_NEW/mobile_apps/ALADDIN_iOS/Screens/11_ProfileScreen.swift /Users/sergejhlystov/ALADDIN_NEW/ALADDIN_NEW/mobile_apps/ALADDIN_iOS/Core/Network/NetworkManager.swift /Users/sergejhlystov/ALADDIN_NEW/ALADDIN_NEW/mobile_apps/ALADDIN_iOS/Screens/19_TermsOfServiceScreen.swift /Users/sergejhlystov/ALADDIN_NEW/ALADDIN_NEW/mobile_apps/ALADDIN_iOS/Core/Config/AppConfig.swift /Users/sergejhlystov/ALADDIN_NEW/ALADDIN_NEW/mobile_apps/ALADDIN_iOS/ViewModels/FamilyViewModel.swift /Users/sergejhlystov/ALADDIN_NEW/ALADDIN_NEW/mobile_apps/ALADDIN_iOS/ViewModels/AIAssistantViewModel.swift /Users/sergejhlystov/ALADDIN_NEW/ALADDIN_NEW/mobile_apps/ALADDIN_iOS/Screens/22_DeviceDetailScreen.swift /Users/sergejhlystov/ALADDIN_NEW/ALADDIN_NEW/mobile_apps/ALADDIN_iOS/Screens/WidgetConfigurationScreen.swift /Users/sergejhlystov/ALADDIN_NEW/ALADDIN_NEW/mobile_apps/ALADDIN_iOS/Core/Security/KeychainManager.swift /Users/sergejhlystov/ALADDIN_NEW/ALADDIN_NEW/mobile_apps/ALADDIN_iOS/Shared/Components/Modals/MemberStatsModalView.swift /Users/sergejhlystov/ALADDIN_NEW/ALADDIN_NEW/mobile_apps/ALADDIN_iOS/Shared/Styles/Spacing.swift /Users/sergejhlystov/ALADDIN_NEW/ALADDIN_NEW/mobile_apps/ALADDIN_iOS/Shared/Components/RecoveryOptionsModal.swift /Users/sergejhlystov/ALADDIN_NEW/ALADDIN_NEW/mobile_apps/ALADDIN_iOS/ViewModels/SettingsViewModel.swift /Users/sergejhlystov/ALADDIN_NEW/ALADDIN_NEW/mobile_apps/ALADDIN_iOS/Shared/Components/InfoRow.swift /Users/sergejhlystov/ALADDIN_NEW/ALADDIN_NEW/mobile_apps/ALADDIN_iOS/Screens/25_PaymentQRScreen.swift /Users/sergejhlystov/ALADDIN_NEW/ALADDIN_NEW/mobile_apps/ALADDIN_iOS/Shared/Components/Modals/RoleSelectionModal.swift /Users/sergejhlystov/ALADDIN_NEW/ALADDIN_NEW/mobile_apps/ALADDIN_iOS/ViewModels/SupportViewModel.swift /Users/sergejhlystov/ALADDIN_NEW/ALADDIN_NEW/mobile_apps/ALADDIN_iOS/ViewModels/ChildInterfaceViewModel.swift /Users/sergejhlystov/ALADDIN_NEW/ALADDIN_NEW/mobile_apps/ALADDIN_iOS/Screens/12_NotificationsScreen.swift /Users/sergejhlystov/ALADDIN_NEW/ALADDIN_NEW/mobile_apps/ALADDIN_iOS/ViewModels/ElderlyInterfaceViewModel.swift /Users/sergejhlystov/ALADDIN_NEW/ALADDIN_NEW/mobile_apps/ALADDIN_iOS/ViewModels/AnalyticsViewModel.swift /Users/sergejhlystov/ALADDIN_NEW/ALADDIN_NEW/mobile_apps/ALADDIN_iOS/Core/Cache/CacheManager.swift /Users/sergejhlystov/ALADDIN_NEW/ALADDIN_NEW/mobile_apps/ALADDIN_iOS/ViewModels/NotificationsViewModel.swift /Users/sergejhlystov/ALADDIN_NEW/ALADDIN_NEW/mobile_apps/ALADDIN_iOS/Screens/06_AIAssistantScreen.swift /Users/sergejhlystov/ALADDIN_NEW/ALADDIN_NEW/mobile_apps/ALADDIN_iOS/ViewModels/ProfileViewModel.swift /Users/sergejhlystov/ALADDIN_NEW/ALADDIN_NEW/mobile_apps/ALADDIN_iOS/Components/Modals/ConsentModal.swift /Users/sergejhlystov/ALADDIN_NEW/ALADDIN_NEW/mobile_apps/ALADDIN_iOS/ViewModels/ParentalControlViewModel.swift /Users/sergejhlystov/ALADDIN_NEW/ALADDIN_NEW/mobile_apps/ALADDIN_iOS/ViewModels/OnboardingViewModel.swift /Users/sergejhlystov/ALADDIN_NEW/ALADDIN_NEW/mobile_apps/ALADDIN_iOS/Shared/Styles/Colors.swift /Users/sergejhlystov/ALADDIN_NEW/ALADDIN_NEW/mobile_apps/ALADDIN_iOS/Screens/ChildRewardsScreen.swift /Users/sergejhlystov/ALADDIN_NEW/ALADDIN_NEW/mobile_apps/ALADDIN_iOS/Screens/21_ReferralScreen.swift /Users/sergejhlystov/ALADDIN_NEW/ALADDIN_NEW/mobile_apps/ALADDIN_iOS/Shared/Components/AvatarSelector.swift /Users/sergejhlystov/ALADDIN_NEW/ALADDIN_NEW/mobile_apps/ALADDIN_iOS/Shared/Components/Navigation/ALADDINNavigationBar.swift /Users/sergejhlystov/ALADDIN_NEW/ALADDIN_NEW/mobile_apps/ALADDIN_iOS/Screens/14_OnboardingScreen.swift /Users/sergejhlystov/ALADDIN_NEW/ALADDIN_NEW/mobile_apps/ALADDIN_iOS/Components/Modals/FamilyCreatedModal.swift -primary-file /Users/sergejhlystov/ALADDIN_NEW/ALADDIN_NEW/mobile_apps/ALADDIN_iOS/ViewModels/PaymentQRViewModel.swift -primary-file /Users/sergejhlystov/ALADDIN_NEW/ALADDIN_NEW/mobile_apps/ALADDIN_iOS/Core/Navigation/NavigationManager.swift -primary-file /Users/sergejhlystov/ALADDIN_NEW/ALADDIN_NEW/mobile_apps/ALADDIN_iOS/Core/Accessibility/AccessibilityManager.swift -primary-file /Users/sergejhlystov/ALADDIN_NEW/ALADDIN_NEW/mobile_apps/ALADDIN_iOS/Core/Store/StoreManager.swift -primary-file /Users/sergejhlystov/ALADDIN_NEW/ALADDIN_NEW/mobile_apps/ALADDIN_iOS/Screens/WheelOfFortuneView.swift -primary-file /Users/sergejhlystov/ALADDIN_NEW/ALADDIN_NEW/mobile_apps/ALADDIN_iOS/Screens/UnicornUniverseView.swift -primary-file /Users/sergejhlystov/ALADDIN_NEW/ALADDIN_NEW/mobile_apps/ALADDIN_iOS/Core/Localization/LocalizationManager.swift -primary-file /Users/sergejhlystov/ALADDIN_NEW/ALADDIN_NEW/mobile_apps/ALADDIN_iOS/Screens/13_SupportScreen.swift -primary-file /Users/sergejhlystov/ALADDIN_NEW/ALADDIN_NEW/mobile_apps/ALADDIN_iOS/Core/Analytics/AnalyticsManager.swift -primary-file /Users/sergejhlystov/ALADDIN_NEW/ALADDIN_NEW/mobile_apps/ALADDIN_iOS/Screens/07_ParentalControlScreen.swift -primary-file /Users/sergejhlystov/ALADDIN_NEW/ALADDIN_NEW/mobile_apps/ALADDIN_iOS/Screens/05_SettingsScreen.swift /Users/sergejhlystov/ALADDIN_NEW/ALADDIN_NEW/mobile_apps/ALADDIN_iOS/Screens/RewardsModalView.swift /Users/sergejhlystov/ALADDIN_NEW/ALADDIN_NEW/mobile_apps/ALADDIN_iOS/Screens/23_FamilyChatScreen.swift /Users/sergejhlystov/ALADDIN_NEW/ALADDIN_NEW/mobile_apps/ALADDIN_iOS/Screens/02_FamilyScreen.swift /Users/sergejhlystov/ALADDIN_NEW/ALADDIN_NEW/mobile_apps/ALADDIN_iOS/Screens/20_DevicesScreen.swift /Users/sergejhlystov/ALADDIN_NEW/ALADDIN_NEW/mobile_apps/ALADDIN_iOS/Shared/Components/ViewModifiers.swift /Users/sergejhlystov/ALADDIN_NEW/ALADDIN_NEW/mobile_apps/ALADDIN_iOS/Shared/Components/HapticFeedback.swift /Users/sergejhlystov/ALADDIN_NEW/ALADDIN_NEW/mobile_apps/ALADDIN_iOS/Screens/MainScreenWithRegistration.swift /Users/sergejhlystov/ALADDIN_NEW/ALADDIN_NEW/mobile_apps/ALADDIN_iOS/Core/Network/NetworkError.swift /Users/sergejhlystov/ALADDIN_NEW/ALADDIN_NEW/mobile_apps/ALADDIN_iOS/Screens/LanguageSettingsScreen.swift /Users/sergejhlystov/ALADDIN_NEW/ALADDIN_NEW/mobile_apps/ALADDIN_iOS/ViewModels/FamilyRegistrationViewModel.swift /Users/sergejhlystov/ALADDIN_NEW/ALADDIN_NEW/mobile_apps/ALADDIN_iOS/Shared/Styles/CornerRadius.swift /Users/sergejhlystov/ALADDIN_NEW/ALADDIN_NEW/mobile_apps/ALADDIN_iOS/Screens/01_MainScreen.swift /Users/sergejhlystov/ALADDIN_NEW/ALADDIN_NEW/mobile_apps/ALADDIN_iOS/Screens/FamilyTournamentView.swift /Users/sergejhlystov/ALADDIN_NEW/ALADDIN_NEW/mobile_apps/ALADDIN_iOS/Shared/Styles/Fonts.swift /Users/sergejhlystov/ALADDIN_NEW/ALADDIN_NEW/mobile_apps/ALADDIN_iOS/Screens/GamesParentalControlView.swift /Users/sergejhlystov/ALADDIN_NEW/ALADDIN_NEW/mobile_apps/ALADDIN_iOS/Shared/Components/QRScannerModal.swift /Users/sergejhlystov/ALADDIN_NEW/ALADDIN_NEW/mobile_apps/ALADDIN_iOS/Screens/04_AnalyticsScreen.swift /Users/sergejhlystov/ALADDIN_NEW/ALADDIN_NEW/mobile_apps/ALADDIN_iOS/Screens/24_VPNEnergyStatsScreen.swift /Users/sergejhlystov/ALADDIN_NEW/ALADDIN_NEW/mobile_apps/ALADDIN_iOS/Shared/Components/Modals/ProfileEditView.swift /Users/sergejhlystov/ALADDIN_NEW/ALADDIN_NEW/mobile_apps/ALADDIN_iOS/ViewModels/TariffsViewModel.swift /Users/sergejhlystov/ALADDIN_NEW/ALADDIN_NEW/mobile_apps/ALADDIN_iOS/Core/Notifications/NotificationManager.swift /Users/sergejhlystov/ALADDIN_NEW/ALADDIN_NEW/mobile_apps/ALADDIN_iOS/Core/Security/SecurityManager.swift -supplementary-output-file-map /var/folders/rf/6rxcyql17sz57_02ng7jd7pr0000gn/T/TemporaryDirectory.wFGpdC/supplementaryOutputs-6 -target x86_64-apple-ios15.0-simulator -enable-objc-interop -sdk /Applications/Xcode.app/Contents/Developer/Platforms/iPhoneSimulator.platform/Developer/SDKs/iPhoneSimulator15.2.sdk -I /Users/sergejhlystov/Library/Developer/Xcode/DerivedData/ALADDIN-eahryzmutvtbyceygnlyjsmiiaha/Build/Products/Debug-iphonesimulator -F /Users/sergejhlystov/Library/Developer/Xcode/DerivedData/ALADDIN-eahryzmutvtbyceygnlyjsmiiaha/Build/Products/Debug-iphonesimulator -enable-testing -g -module-cache-path /Users/sergejhlystov/Library/Developer/Xcode/DerivedData/ModuleCache.noindex -emit-localized-strings -emit-localized-strings-path /Users/sergejhlystov/Library/Developer/Xcode/DerivedData/ALADDIN-eahryzmutvtbyceygnlyjsmiiaha/Build/Intermediates.noindex/ALADDIN.build/Debug-iphonesimulator/ALADDIN.build/Objects-normal/x86_64 -swift-version 5 -enforce-exclusivity\=checked -Onone -D DEBUG -new-driver-path /Applications/Xcode.app/Contents/Developer/Toolchains/XcodeDefault.xctoolchain/usr/bin/swift-driver -serialize-debugging-options -Xcc -working-directory -Xcc /Users/sergejhlystov/ALADDIN_NEW/ALADDIN_NEW/mobile_apps/ALADDIN_iOS -resource-dir /Applications/Xcode.app/Contents/Developer/Toolchains/XcodeDefault.xctoolchain/usr/lib/swift -enable-anonymous-context-mangled-names -Xcc -I/Users/sergejhlystov/Library/Developer/Xcode/DerivedData/ALADDIN-eahryzmutvtbyceygnlyjsmiiaha/Build/Intermediates.noindex/ALADDIN.build/Debug-iphonesimulator/ALADDIN.build/swift-overrides.hmap -Xcc -iquote -Xcc /Users/sergejhlystov/Library/Developer/Xcode/DerivedData/ALADDIN-eahryzmutvtbyceygnlyjsmiiaha/Build/Intermediates.noindex/ALADDIN.build/Debug-iphonesimulator/ALADDIN.build/ALADDIN-generated-files.hmap -Xcc -I/Users/sergejhlystov/Library/Developer/Xcode/DerivedData/ALADDIN-eahryzmutvtbyceygnlyjsmiiaha/Build/Intermediates.noindex/ALADDIN.build/Debug-iphonesimulator/ALADDIN.build/ALADDIN-own-target-headers.hmap -Xcc -I/Users/sergejhlystov/Library/Developer/Xcode/DerivedData/ALADDIN-eahryzmutvtbyceygnlyjsmiiaha/Build/Intermediates.noindex/ALADDIN.build/Debug-iphonesimulator/ALADDIN.build/ALADDIN-all-target-headers.hmap -Xcc -iquote -Xcc /Users/sergejhlystov/Library/Developer/Xcode/DerivedData/ALADDIN-eahryzmutvtbyceygnlyjsmiiaha/Build/Intermediates.noindex/ALADDIN.build/Debug-iphonesimulator/ALADDIN.build/ALADDIN-project-headers.hmap -Xcc -I/Users/sergejhlystov/Library/Developer/Xcode/DerivedData/ALADDIN-eahryzmutvtbyceygnlyjsmiiaha/Build/Products/Debug-iphonesimulator/include -Xcc -I/Users/sergejhlystov/Library/Developer/Xcode/DerivedData/ALADDIN-eahryzmutvtbyceygnlyjsmiiaha/Build/Intermediates.noindex/ALADDIN.build/Debug-iphonesimulator/ALADDIN.build/DerivedSources-normal/x86_64 -Xcc -I/Users/sergejhlystov/Library/Developer/Xcode/DerivedData/ALADDIN-eahryzmutvtbyceygnlyjsmiiaha/Build/Intermediates.noindex/ALADDIN.build/Debug-iphonesimulator/ALADDIN.build/DerivedSources/x86_64 -Xcc -I/Users/sergejhlystov/Library/Developer/Xcode/DerivedData/ALADDIN-eahryzmutvtbyceygnlyjsmiiaha/Build/Intermediates.noindex/ALADDIN.build/Debug-iphonesimulator/ALADDIN.build/DerivedSources -Xcc -DDEBUG\=1 -module-name ALADDIN -target-sdk-version 15.2.0 -o /Users/sergejhlystov/Library/Developer/Xcode/DerivedData/ALADDIN-eahryzmutvtbyceygnlyjsmiiaha/Build/Intermediates.noindex/ALADDIN.build/Debug-iphonesimulator/ALADDIN.build/Objects-normal/x86_64/PaymentQRViewModel.o -o /Users/sergejhlystov/Library/Developer/Xcode/DerivedData/ALADDIN-eahryzmutvtbyceygnlyjsmiiaha/Build/Intermediates.noindex/ALADDIN.build/Debug-iphonesimulator/ALADDIN.build/Objects-normal/x86_64/NavigationManager.o -o /Users/sergejhlystov/Library/Developer/Xcode/DerivedData/ALADDIN-eahryzmutvtbyceygnlyjsmiiaha/Build/Intermediates.noindex/ALADDIN.build/Debug-iphonesimulator/ALADDIN.build/Objects-normal/x86_64/AccessibilityManager.o -o /Users/sergejhlystov/Library/Developer/Xcode/DerivedData/ALADDIN-eahryzmutvtbyceygnlyjsmiiaha/Build/Intermediates.noindex/ALADDIN.build/Debug-iphonesimulator/ALADDIN.build/Objects-normal/x86_64/StoreManager.o -o /Users/sergejhlystov/Library/Developer/Xcode/DerivedData/ALADDIN-eahryzmutvtbyceygnlyjsmiiaha/Build/Intermediates.noindex/ALADDIN.build/Debug-iphonesimulator/ALADDIN.build/Objects-normal/x86_64/WheelOfFortuneView.o -o /Users/sergejhlystov/Library/Developer/Xcode/DerivedData/ALADDIN-eahryzmutvtbyceygnlyjsmiiaha/Build/Intermediates.noindex/ALADDIN.build/Debug-iphonesimulator/ALADDIN.build/Objects-normal/x86_64/UnicornUniverseView.o -o /Users/sergejhlystov/Library/Developer/Xcode/DerivedData/ALADDIN-eahryzmutvtbyceygnlyjsmiiaha/Build/Intermediates.noindex/ALADDIN.build/Debug-iphonesimulator/ALADDIN.build/Objects-normal/x86_64/LocalizationManager.o -o /Users/sergejhlystov/Library/Developer/Xcode/DerivedData/ALADDIN-eahryzmutvtbyceygnlyjsmiiaha/Build/Intermediates.noindex/ALADDIN.build/Debug-iphonesimulator/ALADDIN.build/Objects-normal/x86_64/13_SupportScreen.o -o /Users/sergejhlystov/Library/Developer/Xcode/DerivedData/ALADDIN-eahryzmutvtbyceygnlyjsmiiaha/Build/Intermediates.noindex/ALADDIN.build/Debug-iphonesimulator/ALADDIN.build/Objects-normal/x86_64/AnalyticsManager.o -o /Users/sergejhlystov/Library/Developer/Xcode/DerivedData/ALADDIN-eahryzmutvtbyceygnlyjsmiiaha/Build/Intermediates.noindex/ALADDIN.build/Debug-iphonesimulator/ALADDIN.build/Objects-normal/x86_64/07_ParentalControlScreen.o -o /Users/sergejhlystov/Library/Developer/Xcode/DerivedData/ALADDIN-eahryzmutvtbyceygnlyjsmiiaha/Build/Intermediates.noindex/ALADDIN.build/Debug-iphonesimulator/ALADDIN.build/Objects-normal/x86_64/05_SettingsScreen.o -index-store-path /Users/sergejhlystov/Library/Developer/Xcode/DerivedData/ALADDIN-eahryzmutvtbyceygnlyjsmiiaha/Index/DataStore -index-system-modules

CompileSwift normal x86_64 /Users/sergejhlystov/ALADDIN_NEW/ALADDIN_NEW/mobile_apps/ALADDIN_iOS/Screens/UnicornUniverseView.swift (in target 'ALADDIN' from project 'ALADDIN')
    cd /Users/sergejhlystov/ALADDIN_NEW/ALADDIN_NEW/mobile_apps/ALADDIN_iOS
    /Applications/Xcode.app/Contents/Developer/Toolchains/XcodeDefault.xctoolchain/usr/bin/swift-frontend -frontend -c /Users/sergejhlystov/ALADDIN_NEW/ALADDIN_NEW/mobile_apps/ALADDIN_iOS/Screens/RewardsQuickModal.swift /Users/sergejhlystov/ALADDIN_NEW/ALADDIN_NEW/mobile_apps/ALADDIN_iOS/Screens/08_ChildInterfaceScreen.swift /Users/sergejhlystov/ALADDIN_NEW/ALADDIN_NEW/mobile_apps/ALADDIN_iOS/ContentView.swift /Users/sergejhlystov/ALADDIN_NEW/ALADDIN_NEW/mobile_apps/ALADDIN_iOS/Shared/Components/ALADDINToggle.swift /Users/sergejhlystov/ALADDIN_NEW/ALADDIN_NEW/mobile_apps/ALADDIN_iOS/Components/Modals/AgeGroupSelectionModal.swift /Users/sergejhlystov/ALADDIN_NEW/ALADDIN_NEW/mobile_apps/ALADDIN_iOS/ALADDINApp.swift /Users/sergejhlystov/ALADDIN_NEW/ALADDIN_NEW/mobile_apps/ALADDIN_iOS/Shared/Models/FunctionStatus.swift /Users/sergejhlystov/ALADDIN_NEW/ALADDIN_NEW/mobile_apps/ALADDIN_iOS/ViewModels/MainViewModel.swift /Users/sergejhlystov/ALADDIN_NEW/ALADDIN_NEW/mobile_apps/ALADDIN_iOS/Shared/Components/Buttons/PrimaryButton.swift /Users/sergejhlystov/ALADDIN_NEW/ALADDIN_NEW/mobile_apps/ALADDIN_iOS/Screens/NotificationSettingsScreen.swift /Users/sergejhlystov/ALADDIN_NEW/ALADDIN_NEW/mobile_apps/ALADDIN_iOS/Screens/ChildContentScreen.swift /Users/sergejhlystov/ALADDIN_NEW/ALADDIN_NEW/mobile_apps/ALADDIN_iOS/Shared/Components/StatItem.swift /Users/sergejhlystov/ALADDIN_NEW/ALADDIN_NEW/mobile_apps/ALADDIN_iOS/Shared/Components/Cards/FamilyMemberCard.swift /Users/sergejhlystov/ALADDIN_NEW/ALADDIN_NEW/mobile_apps/ALADDIN_iOS/ViewModels/VPNViewModel.swift /Users/sergejhlystov/ALADDIN_NEW/ALADDIN_NEW/mobile_apps/ALADDIN_iOS/Core/Models/APIModels.swift /Users/sergejhlystov/ALADDIN_NEW/ALADDIN_NEW/mobile_apps/ALADDIN_iOS/Core/VPN/VPNManager.swift /Users/sergejhlystov/ALADDIN_NEW/ALADDIN_NEW/mobile_apps/ALADDIN_iOS/Screens/UnicornPetView.swift /Users/sergejhlystov/ALADDIN_NEW/ALADDIN_NEW/mobile_apps/ALADDIN_iOS/Core/Network/APIService.swift /Users/sergejhlystov/ALADDIN_NEW/ALADDIN_NEW/mobile_apps/ALADDIN_iOS/Screens/18_PrivacyPolicyScreen.swift /Users/sergejhlystov/ALADDIN_NEW/ALADDIN_NEW/mobile_apps/ALADDIN_iOS/Screens/10_TariffsScreen.swift /Users/sergejhlystov/ALADDIN_NEW/ALADDIN_NEW/mobile_apps/ALADDIN_iOS/Screens/03_VPNScreen.swift /Users/sergejhlystov/ALADDIN_NEW/ALADDIN_NEW/mobile_apps/ALADDIN_iOS/Screens/09_ElderlyInterfaceScreen.swift /Users/sergejhlystov/ALADDIN_NEW/ALADDIN_NEW/mobile_apps/ALADDIN_iOS/Shared/Components/SecondaryButton.swift /Users/sergejhlystov/ALADDIN_NEW/ALADDIN_NEW/mobile_apps/ALADDIN_iOS/Screens/11_ProfileScreen.swift /Users/sergejhlystov/ALADDIN_NEW/ALADDIN_NEW/mobile_apps/ALADDIN_iOS/Core/Network/NetworkManager.swift /Users/sergejhlystov/ALADDIN_NEW/ALADDIN_NEW/mobile_apps/ALADDIN_iOS/Screens/19_TermsOfServiceScreen.swift /Users/sergejhlystov/ALADDIN_NEW/ALADDIN_NEW/mobile_apps/ALADDIN_iOS/Core/Config/AppConfig.swift /Users/sergejhlystov/ALADDIN_NEW/ALADDIN_NEW/mobile_apps/ALADDIN_iOS/ViewModels/FamilyViewModel.swift /Users/sergejhlystov/ALADDIN_NEW/ALADDIN_NEW/mobile_apps/ALADDIN_iOS/ViewModels/AIAssistantViewModel.swift /Users/sergejhlystov/ALADDIN_NEW/ALADDIN_NEW/mobile_apps/ALADDIN_iOS/Screens/22_DeviceDetailScreen.swift /Users/sergejhlystov/ALADDIN_NEW/ALADDIN_NEW/mobile_apps/ALADDIN_iOS/Screens/WidgetConfigurationScreen.swift /Users/sergejhlystov/ALADDIN_NEW/ALADDIN_NEW/mobile_apps/ALADDIN_iOS/Core/Security/KeychainManager.swift /Users/sergejhlystov/ALADDIN_NEW/ALADDIN_NEW/mobile_apps/ALADDIN_iOS/Shared/Components/Modals/MemberStatsModalView.swift /Users/sergejhlystov/ALADDIN_NEW/ALADDIN_NEW/mobile_apps/ALADDIN_iOS/Shared/Styles/Spacing.swift /Users/sergejhlystov/ALADDIN_NEW/ALADDIN_NEW/mobile_apps/ALADDIN_iOS/Shared/Components/RecoveryOptionsModal.swift /Users/sergejhlystov/ALADDIN_NEW/ALADDIN_NEW/mobile_apps/ALADDIN_iOS/ViewModels/SettingsViewModel.swift /Users/sergejhlystov/ALADDIN_NEW/ALADDIN_NEW/mobile_apps/ALADDIN_iOS/Shared/Components/InfoRow.swift /Users/sergejhlystov/ALADDIN_NEW/ALADDIN_NEW/mobile_apps/ALADDIN_iOS/Screens/25_PaymentQRScreen.swift /Users/sergejhlystov/ALADDIN_NEW/ALADDIN_NEW/mobile_apps/ALADDIN_iOS/Shared/Components/Modals/RoleSelectionModal.swift /Users/sergejhlystov/ALADDIN_NEW/ALADDIN_NEW/mobile_apps/ALADDIN_iOS/ViewModels/SupportViewModel.swift /Users/sergejhlystov/ALADDIN_NEW/ALADDIN_NEW/mobile_apps/ALADDIN_iOS/ViewModels/ChildInterfaceViewModel.swift /Users/sergejhlystov/ALADDIN_NEW/ALADDIN_NEW/mobile_apps/ALADDIN_iOS/Screens/12_NotificationsScreen.swift /Users/sergejhlystov/ALADDIN_NEW/ALADDIN_NEW/mobile_apps/ALADDIN_iOS/ViewModels/ElderlyInterfaceViewModel.swift /Users/sergejhlystov/ALADDIN_NEW/ALADDIN_NEW/mobile_apps/ALADDIN_iOS/ViewModels/AnalyticsViewModel.swift /Users/sergejhlystov/ALADDIN_NEW/ALADDIN_NEW/mobile_apps/ALADDIN_iOS/Core/Cache/CacheManager.swift /Users/sergejhlystov/ALADDIN_NEW/ALADDIN_NEW/mobile_apps/ALADDIN_iOS/ViewModels/NotificationsViewModel.swift /Users/sergejhlystov/ALADDIN_NEW/ALADDIN_NEW/mobile_apps/ALADDIN_iOS/Screens/06_AIAssistantScreen.swift /Users/sergejhlystov/ALADDIN_NEW/ALADDIN_NEW/mobile_apps/ALADDIN_iOS/ViewModels/ProfileViewModel.swift /Users/sergejhlystov/ALADDIN_NEW/ALADDIN_NEW/mobile_apps/ALADDIN_iOS/Components/Modals/ConsentModal.swift /Users/sergejhlystov/ALADDIN_NEW/ALADDIN_NEW/mobile_apps/ALADDIN_iOS/ViewModels/ParentalControlViewModel.swift /Users/sergejhlystov/ALADDIN_NEW/ALADDIN_NEW/mobile_apps/ALADDIN_iOS/ViewModels/OnboardingViewModel.swift /Users/sergejhlystov/ALADDIN_NEW/ALADDIN_NEW/mobile_apps/ALADDIN_iOS/Shared/Styles/Colors.swift /Users/sergejhlystov/ALADDIN_NEW/ALADDIN_NEW/mobile_apps/ALADDIN_iOS/Screens/ChildRewardsScreen.swift /Users/sergejhlystov/ALADDIN_NEW/ALADDIN_NEW/mobile_apps/ALADDIN_iOS/Screens/21_ReferralScreen.swift /Users/sergejhlystov/ALADDIN_NEW/ALADDIN_NEW/mobile_apps/ALADDIN_iOS/Shared/Components/AvatarSelector.swift /Users/sergejhlystov/ALADDIN_NEW/ALADDIN_NEW/mobile_apps/ALADDIN_iOS/Shared/Components/Navigation/ALADDINNavigationBar.swift /Users/sergejhlystov/ALADDIN_NEW/ALADDIN_NEW/mobile_apps/ALADDIN_iOS/Screens/14_OnboardingScreen.swift /Users/sergejhlystov/ALADDIN_NEW/ALADDIN_NEW/mobile_apps/ALADDIN_iOS/Components/Modals/FamilyCreatedModal.swift -primary-file /Users/sergejhlystov/ALADDIN_NEW/ALADDIN_NEW/mobile_apps/ALADDIN_iOS/ViewModels/PaymentQRViewModel.swift -primary-file /Users/sergejhlystov/ALADDIN_NEW/ALADDIN_NEW/mobile_apps/ALADDIN_iOS/Core/Navigation/NavigationManager.swift -primary-file /Users/sergejhlystov/ALADDIN_NEW/ALADDIN_NEW/mobile_apps/ALADDIN_iOS/Core/Accessibility/AccessibilityManager.swift -primary-file /Users/sergejhlystov/ALADDIN_NEW/ALADDIN_NEW/mobile_apps/ALADDIN_iOS/Core/Store/StoreManager.swift -primary-file /Users/sergejhlystov/ALADDIN_NEW/ALADDIN_NEW/mobile_apps/ALADDIN_iOS/Screens/WheelOfFortuneView.swift -primary-file /Users/sergejhlystov/ALADDIN_NEW/ALADDIN_NEW/mobile_apps/ALADDIN_iOS/Screens/UnicornUniverseView.swift -primary-file /Users/sergejhlystov/ALADDIN_NEW/ALADDIN_NEW/mobile_apps/ALADDIN_iOS/Core/Localization/LocalizationManager.swift -primary-file /Users/sergejhlystov/ALADDIN_NEW/ALADDIN_NEW/mobile_apps/ALADDIN_iOS/Screens/13_SupportScreen.swift -primary-file /Users/sergejhlystov/ALADDIN_NEW/ALADDIN_NEW/mobile_apps/ALADDIN_iOS/Core/Analytics/AnalyticsManager.swift -primary-file /Users/sergejhlystov/ALADDIN_NEW/ALADDIN_NEW/mobile_apps/ALADDIN_iOS/Screens/07_ParentalControlScreen.swift -primary-file /Users/sergejhlystov/ALADDIN_NEW/ALADDIN_NEW/mobile_apps/ALADDIN_iOS/Screens/05_SettingsScreen.swift /Users/sergejhlystov/ALADDIN_NEW/ALADDIN_NEW/mobile_apps/ALADDIN_iOS/Screens/RewardsModalView.swift /Users/sergejhlystov/ALADDIN_NEW/ALADDIN_NEW/mobile_apps/ALADDIN_iOS/Screens/23_FamilyChatScreen.swift /Users/sergejhlystov/ALADDIN_NEW/ALADDIN_NEW/mobile_apps/ALADDIN_iOS/Screens/02_FamilyScreen.swift /Users/sergejhlystov/ALADDIN_NEW/ALADDIN_NEW/mobile_apps/ALADDIN_iOS/Screens/20_DevicesScreen.swift /Users/sergejhlystov/ALADDIN_NEW/ALADDIN_NEW/mobile_apps/ALADDIN_iOS/Shared/Components/ViewModifiers.swift /Users/sergejhlystov/ALADDIN_NEW/ALADDIN_NEW/mobile_apps/ALADDIN_iOS/Shared/Components/HapticFeedback.swift /Users/sergejhlystov/ALADDIN_NEW/ALADDIN_NEW/mobile_apps/ALADDIN_iOS/Screens/MainScreenWithRegistration.swift /Users/sergejhlystov/ALADDIN_NEW/ALADDIN_NEW/mobile_apps/ALADDIN_iOS/Core/Network/NetworkError.swift /Users/sergejhlystov/ALADDIN_NEW/ALADDIN_NEW/mobile_apps/ALADDIN_iOS/Screens/LanguageSettingsScreen.swift /Users/sergejhlystov/ALADDIN_NEW/ALADDIN_NEW/mobile_apps/ALADDIN_iOS/ViewModels/FamilyRegistrationViewModel.swift /Users/sergejhlystov/ALADDIN_NEW/ALADDIN_NEW/mobile_apps/ALADDIN_iOS/Shared/Styles/CornerRadius.swift /Users/sergejhlystov/ALADDIN_NEW/ALADDIN_NEW/mobile_apps/ALADDIN_iOS/Screens/01_MainScreen.swift /Users/sergejhlystov/ALADDIN_NEW/ALADDIN_NEW/mobile_apps/ALADDIN_iOS/Screens/FamilyTournamentView.swift /Users/sergejhlystov/ALADDIN_NEW/ALADDIN_NEW/mobile_apps/ALADDIN_iOS/Shared/Styles/Fonts.swift /Users/sergejhlystov/ALADDIN_NEW/ALADDIN_NEW/mobile_apps/ALADDIN_iOS/Screens/GamesParentalControlView.swift /Users/sergejhlystov/ALADDIN_NEW/ALADDIN_NEW/mobile_apps/ALADDIN_iOS/Shared/Components/QRScannerModal.swift /Users/sergejhlystov/ALADDIN_NEW/ALADDIN_NEW/mobile_apps/ALADDIN_iOS/Screens/04_AnalyticsScreen.swift /Users/sergejhlystov/ALADDIN_NEW/ALADDIN_NEW/mobile_apps/ALADDIN_iOS/Screens/24_VPNEnergyStatsScreen.swift /Users/sergejhlystov/ALADDIN_NEW/ALADDIN_NEW/mobile_apps/ALADDIN_iOS/Shared/Components/Modals/ProfileEditView.swift /Users/sergejhlystov/ALADDIN_NEW/ALADDIN_NEW/mobile_apps/ALADDIN_iOS/ViewModels/TariffsViewModel.swift /Users/sergejhlystov/ALADDIN_NEW/ALADDIN_NEW/mobile_apps/ALADDIN_iOS/Core/Notifications/NotificationManager.swift /Users/sergejhlystov/ALADDIN_NEW/ALADDIN_NEW/mobile_apps/ALADDIN_iOS/Core/Security/SecurityManager.swift -supplementary-output-file-map /var/folders/rf/6rxcyql17sz57_02ng7jd7pr0000gn/T/TemporaryDirectory.wFGpdC/supplementaryOutputs-6 -target x86_64-apple-ios15.0-simulator -enable-objc-interop -sdk /Applications/Xcode.app/Contents/Developer/Platforms/iPhoneSimulator.platform/Developer/SDKs/iPhoneSimulator15.2.sdk -I /Users/sergejhlystov/Library/Developer/Xcode/DerivedData/ALADDIN-eahryzmutvtbyceygnlyjsmiiaha/Build/Products/Debug-iphonesimulator -F /Users/sergejhlystov/Library/Developer/Xcode/DerivedData/ALADDIN-eahryzmutvtbyceygnlyjsmiiaha/Build/Products/Debug-iphonesimulator -enable-testing -g -module-cache-path /Users/sergejhlystov/Library/Developer/Xcode/DerivedData/ModuleCache.noindex -emit-localized-strings -emit-localized-strings-path /Users/sergejhlystov/Library/Developer/Xcode/DerivedData/ALADDIN-eahryzmutvtbyceygnlyjsmiiaha/Build/Intermediates.noindex/ALADDIN.build/Debug-iphonesimulator/ALADDIN.build/Objects-normal/x86_64 -swift-version 5 -enforce-exclusivity\=checked -Onone -D DEBUG -new-driver-path /Applications/Xcode.app/Contents/Developer/Toolchains/XcodeDefault.xctoolchain/usr/bin/swift-driver -serialize-debugging-options -Xcc -working-directory -Xcc /Users/sergejhlystov/ALADDIN_NEW/ALADDIN_NEW/mobile_apps/ALADDIN_iOS -resource-dir /Applications/Xcode.app/Contents/Developer/Toolchains/XcodeDefault.xctoolchain/usr/lib/swift -enable-anonymous-context-mangled-names -Xcc -I/Users/sergejhlystov/Library/Developer/Xcode/DerivedData/ALADDIN-eahryzmutvtbyceygnlyjsmiiaha/Build/Intermediates.noindex/ALADDIN.build/Debug-iphonesimulator/ALADDIN.build/swift-overrides.hmap -Xcc -iquote -Xcc /Users/sergejhlystov/Library/Developer/Xcode/DerivedData/ALADDIN-eahryzmutvtbyceygnlyjsmiiaha/Build/Intermediates.noindex/ALADDIN.build/Debug-iphonesimulator/ALADDIN.build/ALADDIN-generated-files.hmap -Xcc -I/Users/sergejhlystov/Library/Developer/Xcode/DerivedData/ALADDIN-eahryzmutvtbyceygnlyjsmiiaha/Build/Intermediates.noindex/ALADDIN.build/Debug-iphonesimulator/ALADDIN.build/ALADDIN-own-target-headers.hmap -Xcc -I/Users/sergejhlystov/Library/Developer/Xcode/DerivedData/ALADDIN-eahryzmutvtbyceygnlyjsmiiaha/Build/Intermediates.noindex/ALADDIN.build/Debug-iphonesimulator/ALADDIN.build/ALADDIN-all-target-headers.hmap -Xcc -iquote -Xcc /Users/sergejhlystov/Library/Developer/Xcode/DerivedData/ALADDIN-eahryzmutvtbyceygnlyjsmiiaha/Build/Intermediates.noindex/ALADDIN.build/Debug-iphonesimulator/ALADDIN.build/ALADDIN-project-headers.hmap -Xcc -I/Users/sergejhlystov/Library/Developer/Xcode/DerivedData/ALADDIN-eahryzmutvtbyceygnlyjsmiiaha/Build/Products/Debug-iphonesimulator/include -Xcc -I/Users/sergejhlystov/Library/Developer/Xcode/DerivedData/ALADDIN-eahryzmutvtbyceygnlyjsmiiaha/Build/Intermediates.noindex/ALADDIN.build/Debug-iphonesimulator/ALADDIN.build/DerivedSources-normal/x86_64 -Xcc -I/Users/sergejhlystov/Library/Developer/Xcode/DerivedData/ALADDIN-eahryzmutvtbyceygnlyjsmiiaha/Build/Intermediates.noindex/ALADDIN.build/Debug-iphonesimulator/ALADDIN.build/DerivedSources/x86_64 -Xcc -I/Users/sergejhlystov/Library/Developer/Xcode/DerivedData/ALADDIN-eahryzmutvtbyceygnlyjsmiiaha/Build/Intermediates.noindex/ALADDIN.build/Debug-iphonesimulator/ALADDIN.build/DerivedSources -Xcc -DDEBUG\=1 -module-name ALADDIN -target-sdk-version 15.2.0 -o /Users/sergejhlystov/Library/Developer/Xcode/DerivedData/ALADDIN-eahryzmutvtbyceygnlyjsmiiaha/Build/Intermediates.noindex/ALADDIN.build/Debug-iphonesimulator/ALADDIN.build/Objects-normal/x86_64/PaymentQRViewModel.o -o /Users/sergejhlystov/Library/Developer/Xcode/DerivedData/ALADDIN-eahryzmutvtbyceygnlyjsmiiaha/Build/Intermediates.noindex/ALADDIN.build/Debug-iphonesimulator/ALADDIN.build/Objects-normal/x86_64/NavigationManager.o -o /Users/sergejhlystov/Library/Developer/Xcode/DerivedData/ALADDIN-eahryzmutvtbyceygnlyjsmiiaha/Build/Intermediates.noindex/ALADDIN.build/Debug-iphonesimulator/ALADDIN.build/Objects-normal/x86_64/AccessibilityManager.o -o /Users/sergejhlystov/Library/Developer/Xcode/DerivedData/ALADDIN-eahryzmutvtbyceygnlyjsmiiaha/Build/Intermediates.noindex/ALADDIN.build/Debug-iphonesimulator/ALADDIN.build/Objects-normal/x86_64/StoreManager.o -o /Users/sergejhlystov/Library/Developer/Xcode/DerivedData/ALADDIN-eahryzmutvtbyceygnlyjsmiiaha/Build/Intermediates.noindex/ALADDIN.build/Debug-iphonesimulator/ALADDIN.build/Objects-normal/x86_64/WheelOfFortuneView.o -o /Users/sergejhlystov/Library/Developer/Xcode/DerivedData/ALADDIN-eahryzmutvtbyceygnlyjsmiiaha/Build/Intermediates.noindex/ALADDIN.build/Debug-iphonesimulator/ALADDIN.build/Objects-normal/x86_64/UnicornUniverseView.o -o /Users/sergejhlystov/Library/Developer/Xcode/DerivedData/ALADDIN-eahryzmutvtbyceygnlyjsmiiaha/Build/Intermediates.noindex/ALADDIN.build/Debug-iphonesimulator/ALADDIN.build/Objects-normal/x86_64/LocalizationManager.o -o /Users/sergejhlystov/Library/Developer/Xcode/DerivedData/ALADDIN-eahryzmutvtbyceygnlyjsmiiaha/Build/Intermediates.noindex/ALADDIN.build/Debug-iphonesimulator/ALADDIN.build/Objects-normal/x86_64/13_SupportScreen.o -o /Users/sergejhlystov/Library/Developer/Xcode/DerivedData/ALADDIN-eahryzmutvtbyceygnlyjsmiiaha/Build/Intermediates.noindex/ALADDIN.build/Debug-iphonesimulator/ALADDIN.build/Objects-normal/x86_64/AnalyticsManager.o -o /Users/sergejhlystov/Library/Developer/Xcode/DerivedData/ALADDIN-eahryzmutvtbyceygnlyjsmiiaha/Build/Intermediates.noindex/ALADDIN.build/Debug-iphonesimulator/ALADDIN.build/Objects-normal/x86_64/07_ParentalControlScreen.o -o /Users/sergejhlystov/Library/Developer/Xcode/DerivedData/ALADDIN-eahryzmutvtbyceygnlyjsmiiaha/Build/Intermediates.noindex/ALADDIN.build/Debug-iphonesimulator/ALADDIN.build/Objects-normal/x86_64/05_SettingsScreen.o -index-store-path /Users/sergejhlystov/Library/Developer/Xcode/DerivedData/ALADDIN-eahryzmutvtbyceygnlyjsmiiaha/Index/DataStore -index-system-modules

CompileSwift normal x86_64 /Users/sergejhlystov/ALADDIN_NEW/ALADDIN_NEW/mobile_apps/ALADDIN_iOS/Core/Localization/LocalizationManager.swift (in target 'ALADDIN' from project 'ALADDIN')
    cd /Users/sergejhlystov/ALADDIN_NEW/ALADDIN_NEW/mobile_apps/ALADDIN_iOS
    /Applications/Xcode.app/Contents/Developer/Toolchains/XcodeDefault.xctoolchain/usr/bin/swift-frontend -frontend -c /Users/sergejhlystov/ALADDIN_NEW/ALADDIN_NEW/mobile_apps/ALADDIN_iOS/Screens/RewardsQuickModal.swift /Users/sergejhlystov/ALADDIN_NEW/ALADDIN_NEW/mobile_apps/ALADDIN_iOS/Screens/08_ChildInterfaceScreen.swift /Users/sergejhlystov/ALADDIN_NEW/ALADDIN_NEW/mobile_apps/ALADDIN_iOS/ContentView.swift /Users/sergejhlystov/ALADDIN_NEW/ALADDIN_NEW/mobile_apps/ALADDIN_iOS/Shared/Components/ALADDINToggle.swift /Users/sergejhlystov/ALADDIN_NEW/ALADDIN_NEW/mobile_apps/ALADDIN_iOS/Components/Modals/AgeGroupSelectionModal.swift /Users/sergejhlystov/ALADDIN_NEW/ALADDIN_NEW/mobile_apps/ALADDIN_iOS/ALADDINApp.swift /Users/sergejhlystov/ALADDIN_NEW/ALADDIN_NEW/mobile_apps/ALADDIN_iOS/Shared/Models/FunctionStatus.swift /Users/sergejhlystov/ALADDIN_NEW/ALADDIN_NEW/mobile_apps/ALADDIN_iOS/ViewModels/MainViewModel.swift /Users/sergejhlystov/ALADDIN_NEW/ALADDIN_NEW/mobile_apps/ALADDIN_iOS/Shared/Components/Buttons/PrimaryButton.swift /Users/sergejhlystov/ALADDIN_NEW/ALADDIN_NEW/mobile_apps/ALADDIN_iOS/Screens/NotificationSettingsScreen.swift /Users/sergejhlystov/ALADDIN_NEW/ALADDIN_NEW/mobile_apps/ALADDIN_iOS/Screens/ChildContentScreen.swift /Users/sergejhlystov/ALADDIN_NEW/ALADDIN_NEW/mobile_apps/ALADDIN_iOS/Shared/Components/StatItem.swift /Users/sergejhlystov/ALADDIN_NEW/ALADDIN_NEW/mobile_apps/ALADDIN_iOS/Shared/Components/Cards/FamilyMemberCard.swift /Users/sergejhlystov/ALADDIN_NEW/ALADDIN_NEW/mobile_apps/ALADDIN_iOS/ViewModels/VPNViewModel.swift /Users/sergejhlystov/ALADDIN_NEW/ALADDIN_NEW/mobile_apps/ALADDIN_iOS/Core/Models/APIModels.swift /Users/sergejhlystov/ALADDIN_NEW/ALADDIN_NEW/mobile_apps/ALADDIN_iOS/Core/VPN/VPNManager.swift /Users/sergejhlystov/ALADDIN_NEW/ALADDIN_NEW/mobile_apps/ALADDIN_iOS/Screens/UnicornPetView.swift /Users/sergejhlystov/ALADDIN_NEW/ALADDIN_NEW/mobile_apps/ALADDIN_iOS/Core/Network/APIService.swift /Users/sergejhlystov/ALADDIN_NEW/ALADDIN_NEW/mobile_apps/ALADDIN_iOS/Screens/18_PrivacyPolicyScreen.swift /Users/sergejhlystov/ALADDIN_NEW/ALADDIN_NEW/mobile_apps/ALADDIN_iOS/Screens/10_TariffsScreen.swift /Users/sergejhlystov/ALADDIN_NEW/ALADDIN_NEW/mobile_apps/ALADDIN_iOS/Screens/03_VPNScreen.swift /Users/sergejhlystov/ALADDIN_NEW/ALADDIN_NEW/mobile_apps/ALADDIN_iOS/Screens/09_ElderlyInterfaceScreen.swift /Users/sergejhlystov/ALADDIN_NEW/ALADDIN_NEW/mobile_apps/ALADDIN_iOS/Shared/Components/SecondaryButton.swift /Users/sergejhlystov/ALADDIN_NEW/ALADDIN_NEW/mobile_apps/ALADDIN_iOS/Screens/11_ProfileScreen.swift /Users/sergejhlystov/ALADDIN_NEW/ALADDIN_NEW/mobile_apps/ALADDIN_iOS/Core/Network/NetworkManager.swift /Users/sergejhlystov/ALADDIN_NEW/ALADDIN_NEW/mobile_apps/ALADDIN_iOS/Screens/19_TermsOfServiceScreen.swift /Users/sergejhlystov/ALADDIN_NEW/ALADDIN_NEW/mobile_apps/ALADDIN_iOS/Core/Config/AppConfig.swift /Users/sergejhlystov/ALADDIN_NEW/ALADDIN_NEW/mobile_apps/ALADDIN_iOS/ViewModels/FamilyViewModel.swift /Users/sergejhlystov/ALADDIN_NEW/ALADDIN_NEW/mobile_apps/ALADDIN_iOS/ViewModels/AIAssistantViewModel.swift /Users/sergejhlystov/ALADDIN_NEW/ALADDIN_NEW/mobile_apps/ALADDIN_iOS/Screens/22_DeviceDetailScreen.swift /Users/sergejhlystov/ALADDIN_NEW/ALADDIN_NEW/mobile_apps/ALADDIN_iOS/Screens/WidgetConfigurationScreen.swift /Users/sergejhlystov/ALADDIN_NEW/ALADDIN_NEW/mobile_apps/ALADDIN_iOS/Core/Security/KeychainManager.swift /Users/sergejhlystov/ALADDIN_NEW/ALADDIN_NEW/mobile_apps/ALADDIN_iOS/Shared/Components/Modals/MemberStatsModalView.swift /Users/sergejhlystov/ALADDIN_NEW/ALADDIN_NEW/mobile_apps/ALADDIN_iOS/Shared/Styles/Spacing.swift /Users/sergejhlystov/ALADDIN_NEW/ALADDIN_NEW/mobile_apps/ALADDIN_iOS/Shared/Components/RecoveryOptionsModal.swift /Users/sergejhlystov/ALADDIN_NEW/ALADDIN_NEW/mobile_apps/ALADDIN_iOS/ViewModels/SettingsViewModel.swift /Users/sergejhlystov/ALADDIN_NEW/ALADDIN_NEW/mobile_apps/ALADDIN_iOS/Shared/Components/InfoRow.swift /Users/sergejhlystov/ALADDIN_NEW/ALADDIN_NEW/mobile_apps/ALADDIN_iOS/Screens/25_PaymentQRScreen.swift /Users/sergejhlystov/ALADDIN_NEW/ALADDIN_NEW/mobile_apps/ALADDIN_iOS/Shared/Components/Modals/RoleSelectionModal.swift /Users/sergejhlystov/ALADDIN_NEW/ALADDIN_NEW/mobile_apps/ALADDIN_iOS/ViewModels/SupportViewModel.swift /Users/sergejhlystov/ALADDIN_NEW/ALADDIN_NEW/mobile_apps/ALADDIN_iOS/ViewModels/ChildInterfaceViewModel.swift /Users/sergejhlystov/ALADDIN_NEW/ALADDIN_NEW/mobile_apps/ALADDIN_iOS/Screens/12_NotificationsScreen.swift /Users/sergejhlystov/ALADDIN_NEW/ALADDIN_NEW/mobile_apps/ALADDIN_iOS/ViewModels/ElderlyInterfaceViewModel.swift /Users/sergejhlystov/ALADDIN_NEW/ALADDIN_NEW/mobile_apps/ALADDIN_iOS/ViewModels/AnalyticsViewModel.swift /Users/sergejhlystov/ALADDIN_NEW/ALADDIN_NEW/mobile_apps/ALADDIN_iOS/Core/Cache/CacheManager.swift /Users/sergejhlystov/ALADDIN_NEW/ALADDIN_NEW/mobile_apps/ALADDIN_iOS/ViewModels/NotificationsViewModel.swift /Users/sergejhlystov/ALADDIN_NEW/ALADDIN_NEW/mobile_apps/ALADDIN_iOS/Screens/06_AIAssistantScreen.swift /Users/sergejhlystov/ALADDIN_NEW/ALADDIN_NEW/mobile_apps/ALADDIN_iOS/ViewModels/ProfileViewModel.swift /Users/sergejhlystov/ALADDIN_NEW/ALADDIN_NEW/mobile_apps/ALADDIN_iOS/Components/Modals/ConsentModal.swift /Users/sergejhlystov/ALADDIN_NEW/ALADDIN_NEW/mobile_apps/ALADDIN_iOS/ViewModels/ParentalControlViewModel.swift /Users/sergejhlystov/ALADDIN_NEW/ALADDIN_NEW/mobile_apps/ALADDIN_iOS/ViewModels/OnboardingViewModel.swift /Users/sergejhlystov/ALADDIN_NEW/ALADDIN_NEW/mobile_apps/ALADDIN_iOS/Shared/Styles/Colors.swift /Users/sergejhlystov/ALADDIN_NEW/ALADDIN_NEW/mobile_apps/ALADDIN_iOS/Screens/ChildRewardsScreen.swift /Users/sergejhlystov/ALADDIN_NEW/ALADDIN_NEW/mobile_apps/ALADDIN_iOS/Screens/21_ReferralScreen.swift /Users/sergejhlystov/ALADDIN_NEW/ALADDIN_NEW/mobile_apps/ALADDIN_iOS/Shared/Components/AvatarSelector.swift /Users/sergejhlystov/ALADDIN_NEW/ALADDIN_NEW/mobile_apps/ALADDIN_iOS/Shared/Components/Navigation/ALADDINNavigationBar.swift /Users/sergejhlystov/ALADDIN_NEW/ALADDIN_NEW/mobile_apps/ALADDIN_iOS/Screens/14_OnboardingScreen.swift /Users/sergejhlystov/ALADDIN_NEW/ALADDIN_NEW/mobile_apps/ALADDIN_iOS/Components/Modals/FamilyCreatedModal.swift -primary-file /Users/sergejhlystov/ALADDIN_NEW/ALADDIN_NEW/mobile_apps/ALADDIN_iOS/ViewModels/PaymentQRViewModel.swift -primary-file /Users/sergejhlystov/ALADDIN_NEW/ALADDIN_NEW/mobile_apps/ALADDIN_iOS/Core/Navigation/NavigationManager.swift -primary-file /Users/sergejhlystov/ALADDIN_NEW/ALADDIN_NEW/mobile_apps/ALADDIN_iOS/Core/Accessibility/AccessibilityManager.swift -primary-file /Users/sergejhlystov/ALADDIN_NEW/ALADDIN_NEW/mobile_apps/ALADDIN_iOS/Core/Store/StoreManager.swift -primary-file /Users/sergejhlystov/ALADDIN_NEW/ALADDIN_NEW/mobile_apps/ALADDIN_iOS/Screens/WheelOfFortuneView.swift -primary-file /Users/sergejhlystov/ALADDIN_NEW/ALADDIN_NEW/mobile_apps/ALADDIN_iOS/Screens/UnicornUniverseView.swift -primary-file /Users/sergejhlystov/ALADDIN_NEW/ALADDIN_NEW/mobile_apps/ALADDIN_iOS/Core/Localization/LocalizationManager.swift -primary-file /Users/sergejhlystov/ALADDIN_NEW/ALADDIN_NEW/mobile_apps/ALADDIN_iOS/Screens/13_SupportScreen.swift -primary-file /Users/sergejhlystov/ALADDIN_NEW/ALADDIN_NEW/mobile_apps/ALADDIN_iOS/Core/Analytics/AnalyticsManager.swift -primary-file /Users/sergejhlystov/ALADDIN_NEW/ALADDIN_NEW/mobile_apps/ALADDIN_iOS/Screens/07_ParentalControlScreen.swift -primary-file /Users/sergejhlystov/ALADDIN_NEW/ALADDIN_NEW/mobile_apps/ALADDIN_iOS/Screens/05_SettingsScreen.swift /Users/sergejhlystov/ALADDIN_NEW/ALADDIN_NEW/mobile_apps/ALADDIN_iOS/Screens/RewardsModalView.swift /Users/sergejhlystov/ALADDIN_NEW/ALADDIN_NEW/mobile_apps/ALADDIN_iOS/Screens/23_FamilyChatScreen.swift /Users/sergejhlystov/ALADDIN_NEW/ALADDIN_NEW/mobile_apps/ALADDIN_iOS/Screens/02_FamilyScreen.swift /Users/sergejhlystov/ALADDIN_NEW/ALADDIN_NEW/mobile_apps/ALADDIN_iOS/Screens/20_DevicesScreen.swift /Users/sergejhlystov/ALADDIN_NEW/ALADDIN_NEW/mobile_apps/ALADDIN_iOS/Shared/Components/ViewModifiers.swift /Users/sergejhlystov/ALADDIN_NEW/ALADDIN_NEW/mobile_apps/ALADDIN_iOS/Shared/Components/HapticFeedback.swift /Users/sergejhlystov/ALADDIN_NEW/ALADDIN_NEW/mobile_apps/ALADDIN_iOS/Screens/MainScreenWithRegistration.swift /Users/sergejhlystov/ALADDIN_NEW/ALADDIN_NEW/mobile_apps/ALADDIN_iOS/Core/Network/NetworkError.swift /Users/sergejhlystov/ALADDIN_NEW/ALADDIN_NEW/mobile_apps/ALADDIN_iOS/Screens/LanguageSettingsScreen.swift /Users/sergejhlystov/ALADDIN_NEW/ALADDIN_NEW/mobile_apps/ALADDIN_iOS/ViewModels/FamilyRegistrationViewModel.swift /Users/sergejhlystov/ALADDIN_NEW/ALADDIN_NEW/mobile_apps/ALADDIN_iOS/Shared/Styles/CornerRadius.swift /Users/sergejhlystov/ALADDIN_NEW/ALADDIN_NEW/mobile_apps/ALADDIN_iOS/Screens/01_MainScreen.swift /Users/sergejhlystov/ALADDIN_NEW/ALADDIN_NEW/mobile_apps/ALADDIN_iOS/Screens/FamilyTournamentView.swift /Users/sergejhlystov/ALADDIN_NEW/ALADDIN_NEW/mobile_apps/ALADDIN_iOS/Shared/Styles/Fonts.swift /Users/sergejhlystov/ALADDIN_NEW/ALADDIN_NEW/mobile_apps/ALADDIN_iOS/Screens/GamesParentalControlView.swift /Users/sergejhlystov/ALADDIN_NEW/ALADDIN_NEW/mobile_apps/ALADDIN_iOS/Shared/Components/QRScannerModal.swift /Users/sergejhlystov/ALADDIN_NEW/ALADDIN_NEW/mobile_apps/ALADDIN_iOS/Screens/04_AnalyticsScreen.swift /Users/sergejhlystov/ALADDIN_NEW/ALADDIN_NEW/mobile_apps/ALADDIN_iOS/Screens/24_VPNEnergyStatsScreen.swift /Users/sergejhlystov/ALADDIN_NEW/ALADDIN_NEW/mobile_apps/ALADDIN_iOS/Shared/Components/Modals/ProfileEditView.swift /Users/sergejhlystov/ALADDIN_NEW/ALADDIN_NEW/mobile_apps/ALADDIN_iOS/ViewModels/TariffsViewModel.swift /Users/sergejhlystov/ALADDIN_NEW/ALADDIN_NEW/mobile_apps/ALADDIN_iOS/Core/Notifications/NotificationManager.swift /Users/sergejhlystov/ALADDIN_NEW/ALADDIN_NEW/mobile_apps/ALADDIN_iOS/Core/Security/SecurityManager.swift -supplementary-output-file-map /var/folders/rf/6rxcyql17sz57_02ng7jd7pr0000gn/T/TemporaryDirectory.wFGpdC/supplementaryOutputs-6 -target x86_64-apple-ios15.0-simulator -enable-objc-interop -sdk /Applications/Xcode.app/Contents/Developer/Platforms/iPhoneSimulator.platform/Developer/SDKs/iPhoneSimulator15.2.sdk -I /Users/sergejhlystov/Library/Developer/Xcode/DerivedData/ALADDIN-eahryzmutvtbyceygnlyjsmiiaha/Build/Products/Debug-iphonesimulator -F /Users/sergejhlystov/Library/Developer/Xcode/DerivedData/ALADDIN-eahryzmutvtbyceygnlyjsmiiaha/Build/Products/Debug-iphonesimulator -enable-testing -g -module-cache-path /Users/sergejhlystov/Library/Developer/Xcode/DerivedData/ModuleCache.noindex -emit-localized-strings -emit-localized-strings-path /Users/sergejhlystov/Library/Developer/Xcode/DerivedData/ALADDIN-eahryzmutvtbyceygnlyjsmiiaha/Build/Intermediates.noindex/ALADDIN.build/Debug-iphonesimulator/ALADDIN.build/Objects-normal/x86_64 -swift-version 5 -enforce-exclusivity\=checked -Onone -D DEBUG -new-driver-path /Applications/Xcode.app/Contents/Developer/Toolchains/XcodeDefault.xctoolchain/usr/bin/swift-driver -serialize-debugging-options -Xcc -working-directory -Xcc /Users/sergejhlystov/ALADDIN_NEW/ALADDIN_NEW/mobile_apps/ALADDIN_iOS -resource-dir /Applications/Xcode.app/Contents/Developer/Toolchains/XcodeDefault.xctoolchain/usr/lib/swift -enable-anonymous-context-mangled-names -Xcc -I/Users/sergejhlystov/Library/Developer/Xcode/DerivedData/ALADDIN-eahryzmutvtbyceygnlyjsmiiaha/Build/Intermediates.noindex/ALADDIN.build/Debug-iphonesimulator/ALADDIN.build/swift-overrides.hmap -Xcc -iquote -Xcc /Users/sergejhlystov/Library/Developer/Xcode/DerivedData/ALADDIN-eahryzmutvtbyceygnlyjsmiiaha/Build/Intermediates.noindex/ALADDIN.build/Debug-iphonesimulator/ALADDIN.build/ALADDIN-generated-files.hmap -Xcc -I/Users/sergejhlystov/Library/Developer/Xcode/DerivedData/ALADDIN-eahryzmutvtbyceygnlyjsmiiaha/Build/Intermediates.noindex/ALADDIN.build/Debug-iphonesimulator/ALADDIN.build/ALADDIN-own-target-headers.hmap -Xcc -I/Users/sergejhlystov/Library/Developer/Xcode/DerivedData/ALADDIN-eahryzmutvtbyceygnlyjsmiiaha/Build/Intermediates.noindex/ALADDIN.build/Debug-iphonesimulator/ALADDIN.build/ALADDIN-all-target-headers.hmap -Xcc -iquote -Xcc /Users/sergejhlystov/Library/Developer/Xcode/DerivedData/ALADDIN-eahryzmutvtbyceygnlyjsmiiaha/Build/Intermediates.noindex/ALADDIN.build/Debug-iphonesimulator/ALADDIN.build/ALADDIN-project-headers.hmap -Xcc -I/Users/sergejhlystov/Library/Developer/Xcode/DerivedData/ALADDIN-eahryzmutvtbyceygnlyjsmiiaha/Build/Products/Debug-iphonesimulator/include -Xcc -I/Users/sergejhlystov/Library/Developer/Xcode/DerivedData/ALADDIN-eahryzmutvtbyceygnlyjsmiiaha/Build/Intermediates.noindex/ALADDIN.build/Debug-iphonesimulator/ALADDIN.build/DerivedSources-normal/x86_64 -Xcc -I/Users/sergejhlystov/Library/Developer/Xcode/DerivedData/ALADDIN-eahryzmutvtbyceygnlyjsmiiaha/Build/Intermediates.noindex/ALADDIN.build/Debug-iphonesimulator/ALADDIN.build/DerivedSources/x86_64 -Xcc -I/Users/sergejhlystov/Library/Developer/Xcode/DerivedData/ALADDIN-eahryzmutvtbyceygnlyjsmiiaha/Build/Intermediates.noindex/ALADDIN.build/Debug-iphonesimulator/ALADDIN.build/DerivedSources -Xcc -DDEBUG\=1 -module-name ALADDIN -target-sdk-version 15.2.0 -o /Users/sergejhlystov/Library/Developer/Xcode/DerivedData/ALADDIN-eahryzmutvtbyceygnlyjsmiiaha/Build/Intermediates.noindex/ALADDIN.build/Debug-iphonesimulator/ALADDIN.build/Objects-normal/x86_64/PaymentQRViewModel.o -o /Users/sergejhlystov/Library/Developer/Xcode/DerivedData/ALADDIN-eahryzmutvtbyceygnlyjsmiiaha/Build/Intermediates.noindex/ALADDIN.build/Debug-iphonesimulator/ALADDIN.build/Objects-normal/x86_64/NavigationManager.o -o /Users/sergejhlystov/Library/Developer/Xcode/DerivedData/ALADDIN-eahryzmutvtbyceygnlyjsmiiaha/Build/Intermediates.noindex/ALADDIN.build/Debug-iphonesimulator/ALADDIN.build/Objects-normal/x86_64/AccessibilityManager.o -o /Users/sergejhlystov/Library/Developer/Xcode/DerivedData/ALADDIN-eahryzmutvtbyceygnlyjsmiiaha/Build/Intermediates.noindex/ALADDIN.build/Debug-iphonesimulator/ALADDIN.build/Objects-normal/x86_64/StoreManager.o -o /Users/sergejhlystov/Library/Developer/Xcode/DerivedData/ALADDIN-eahryzmutvtbyceygnlyjsmiiaha/Build/Intermediates.noindex/ALADDIN.build/Debug-iphonesimulator/ALADDIN.build/Objects-normal/x86_64/WheelOfFortuneView.o -o /Users/sergejhlystov/Library/Developer/Xcode/DerivedData/ALADDIN-eahryzmutvtbyceygnlyjsmiiaha/Build/Intermediates.noindex/ALADDIN.build/Debug-iphonesimulator/ALADDIN.build/Objects-normal/x86_64/UnicornUniverseView.o -o /Users/sergejhlystov/Library/Developer/Xcode/DerivedData/ALADDIN-eahryzmutvtbyceygnlyjsmiiaha/Build/Intermediates.noindex/ALADDIN.build/Debug-iphonesimulator/ALADDIN.build/Objects-normal/x86_64/LocalizationManager.o -o /Users/sergejhlystov/Library/Developer/Xcode/DerivedData/ALADDIN-eahryzmutvtbyceygnlyjsmiiaha/Build/Intermediates.noindex/ALADDIN.build/Debug-iphonesimulator/ALADDIN.build/Objects-normal/x86_64/13_SupportScreen.o -o /Users/sergejhlystov/Library/Developer/Xcode/DerivedData/ALADDIN-eahryzmutvtbyceygnlyjsmiiaha/Build/Intermediates.noindex/ALADDIN.build/Debug-iphonesimulator/ALADDIN.build/Objects-normal/x86_64/AnalyticsManager.o -o /Users/sergejhlystov/Library/Developer/Xcode/DerivedData/ALADDIN-eahryzmutvtbyceygnlyjsmiiaha/Build/Intermediates.noindex/ALADDIN.build/Debug-iphonesimulator/ALADDIN.build/Objects-normal/x86_64/07_ParentalControlScreen.o -o /Users/sergejhlystov/Library/Developer/Xcode/DerivedData/ALADDIN-eahryzmutvtbyceygnlyjsmiiaha/Build/Intermediates.noindex/ALADDIN.build/Debug-iphonesimulator/ALADDIN.build/Objects-normal/x86_64/05_SettingsScreen.o -index-store-path /Users/sergejhlystov/Library/Developer/Xcode/DerivedData/ALADDIN-eahryzmutvtbyceygnlyjsmiiaha/Index/DataStore -index-system-modules

CompileSwift normal x86_64 /Users/sergejhlystov/ALADDIN_NEW/ALADDIN_NEW/mobile_apps/ALADDIN_iOS/Screens/13_SupportScreen.swift (in target 'ALADDIN' from project 'ALADDIN')
    cd /Users/sergejhlystov/ALADDIN_NEW/ALADDIN_NEW/mobile_apps/ALADDIN_iOS
    /Applications/Xcode.app/Contents/Developer/Toolchains/XcodeDefault.xctoolchain/usr/bin/swift-frontend -frontend -c /Users/sergejhlystov/ALADDIN_NEW/ALADDIN_NEW/mobile_apps/ALADDIN_iOS/Screens/RewardsQuickModal.swift /Users/sergejhlystov/ALADDIN_NEW/ALADDIN_NEW/mobile_apps/ALADDIN_iOS/Screens/08_ChildInterfaceScreen.swift /Users/sergejhlystov/ALADDIN_NEW/ALADDIN_NEW/mobile_apps/ALADDIN_iOS/ContentView.swift /Users/sergejhlystov/ALADDIN_NEW/ALADDIN_NEW/mobile_apps/ALADDIN_iOS/Shared/Components/ALADDINToggle.swift /Users/sergejhlystov/ALADDIN_NEW/ALADDIN_NEW/mobile_apps/ALADDIN_iOS/Components/Modals/AgeGroupSelectionModal.swift /Users/sergejhlystov/ALADDIN_NEW/ALADDIN_NEW/mobile_apps/ALADDIN_iOS/ALADDINApp.swift /Users/sergejhlystov/ALADDIN_NEW/ALADDIN_NEW/mobile_apps/ALADDIN_iOS/Shared/Models/FunctionStatus.swift /Users/sergejhlystov/ALADDIN_NEW/ALADDIN_NEW/mobile_apps/ALADDIN_iOS/ViewModels/MainViewModel.swift /Users/sergejhlystov/ALADDIN_NEW/ALADDIN_NEW/mobile_apps/ALADDIN_iOS/Shared/Components/Buttons/PrimaryButton.swift /Users/sergejhlystov/ALADDIN_NEW/ALADDIN_NEW/mobile_apps/ALADDIN_iOS/Screens/NotificationSettingsScreen.swift /Users/sergejhlystov/ALADDIN_NEW/ALADDIN_NEW/mobile_apps/ALADDIN_iOS/Screens/ChildContentScreen.swift /Users/sergejhlystov/ALADDIN_NEW/ALADDIN_NEW/mobile_apps/ALADDIN_iOS/Shared/Components/StatItem.swift /Users/sergejhlystov/ALADDIN_NEW/ALADDIN_NEW/mobile_apps/ALADDIN_iOS/Shared/Components/Cards/FamilyMemberCard.swift /Users/sergejhlystov/ALADDIN_NEW/ALADDIN_NEW/mobile_apps/ALADDIN_iOS/ViewModels/VPNViewModel.swift /Users/sergejhlystov/ALADDIN_NEW/ALADDIN_NEW/mobile_apps/ALADDIN_iOS/Core/Models/APIModels.swift /Users/sergejhlystov/ALADDIN_NEW/ALADDIN_NEW/mobile_apps/ALADDIN_iOS/Core/VPN/VPNManager.swift /Users/sergejhlystov/ALADDIN_NEW/ALADDIN_NEW/mobile_apps/ALADDIN_iOS/Screens/UnicornPetView.swift /Users/sergejhlystov/ALADDIN_NEW/ALADDIN_NEW/mobile_apps/ALADDIN_iOS/Core/Network/APIService.swift /Users/sergejhlystov/ALADDIN_NEW/ALADDIN_NEW/mobile_apps/ALADDIN_iOS/Screens/18_PrivacyPolicyScreen.swift /Users/sergejhlystov/ALADDIN_NEW/ALADDIN_NEW/mobile_apps/ALADDIN_iOS/Screens/10_TariffsScreen.swift /Users/sergejhlystov/ALADDIN_NEW/ALADDIN_NEW/mobile_apps/ALADDIN_iOS/Screens/03_VPNScreen.swift /Users/sergejhlystov/ALADDIN_NEW/ALADDIN_NEW/mobile_apps/ALADDIN_iOS/Screens/09_ElderlyInterfaceScreen.swift /Users/sergejhlystov/ALADDIN_NEW/ALADDIN_NEW/mobile_apps/ALADDIN_iOS/Shared/Components/SecondaryButton.swift /Users/sergejhlystov/ALADDIN_NEW/ALADDIN_NEW/mobile_apps/ALADDIN_iOS/Screens/11_ProfileScreen.swift /Users/sergejhlystov/ALADDIN_NEW/ALADDIN_NEW/mobile_apps/ALADDIN_iOS/Core/Network/NetworkManager.swift /Users/sergejhlystov/ALADDIN_NEW/ALADDIN_NEW/mobile_apps/ALADDIN_iOS/Screens/19_TermsOfServiceScreen.swift /Users/sergejhlystov/ALADDIN_NEW/ALADDIN_NEW/mobile_apps/ALADDIN_iOS/Core/Config/AppConfig.swift /Users/sergejhlystov/ALADDIN_NEW/ALADDIN_NEW/mobile_apps/ALADDIN_iOS/ViewModels/FamilyViewModel.swift /Users/sergejhlystov/ALADDIN_NEW/ALADDIN_NEW/mobile_apps/ALADDIN_iOS/ViewModels/AIAssistantViewModel.swift /Users/sergejhlystov/ALADDIN_NEW/ALADDIN_NEW/mobile_apps/ALADDIN_iOS/Screens/22_DeviceDetailScreen.swift /Users/sergejhlystov/ALADDIN_NEW/ALADDIN_NEW/mobile_apps/ALADDIN_iOS/Screens/WidgetConfigurationScreen.swift /Users/sergejhlystov/ALADDIN_NEW/ALADDIN_NEW/mobile_apps/ALADDIN_iOS/Core/Security/KeychainManager.swift /Users/sergejhlystov/ALADDIN_NEW/ALADDIN_NEW/mobile_apps/ALADDIN_iOS/Shared/Components/Modals/MemberStatsModalView.swift /Users/sergejhlystov/ALADDIN_NEW/ALADDIN_NEW/mobile_apps/ALADDIN_iOS/Shared/Styles/Spacing.swift /Users/sergejhlystov/ALADDIN_NEW/ALADDIN_NEW/mobile_apps/ALADDIN_iOS/Shared/Components/RecoveryOptionsModal.swift /Users/sergejhlystov/ALADDIN_NEW/ALADDIN_NEW/mobile_apps/ALADDIN_iOS/ViewModels/SettingsViewModel.swift /Users/sergejhlystov/ALADDIN_NEW/ALADDIN_NEW/mobile_apps/ALADDIN_iOS/Shared/Components/InfoRow.swift /Users/sergejhlystov/ALADDIN_NEW/ALADDIN_NEW/mobile_apps/ALADDIN_iOS/Screens/25_PaymentQRScreen.swift /Users/sergejhlystov/ALADDIN_NEW/ALADDIN_NEW/mobile_apps/ALADDIN_iOS/Shared/Components/Modals/RoleSelectionModal.swift /Users/sergejhlystov/ALADDIN_NEW/ALADDIN_NEW/mobile_apps/ALADDIN_iOS/ViewModels/SupportViewModel.swift /Users/sergejhlystov/ALADDIN_NEW/ALADDIN_NEW/mobile_apps/ALADDIN_iOS/ViewModels/ChildInterfaceViewModel.swift /Users/sergejhlystov/ALADDIN_NEW/ALADDIN_NEW/mobile_apps/ALADDIN_iOS/Screens/12_NotificationsScreen.swift /Users/sergejhlystov/ALADDIN_NEW/ALADDIN_NEW/mobile_apps/ALADDIN_iOS/ViewModels/ElderlyInterfaceViewModel.swift /Users/sergejhlystov/ALADDIN_NEW/ALADDIN_NEW/mobile_apps/ALADDIN_iOS/ViewModels/AnalyticsViewModel.swift /Users/sergejhlystov/ALADDIN_NEW/ALADDIN_NEW/mobile_apps/ALADDIN_iOS/Core/Cache/CacheManager.swift /Users/sergejhlystov/ALADDIN_NEW/ALADDIN_NEW/mobile_apps/ALADDIN_iOS/ViewModels/NotificationsViewModel.swift /Users/sergejhlystov/ALADDIN_NEW/ALADDIN_NEW/mobile_apps/ALADDIN_iOS/Screens/06_AIAssistantScreen.swift /Users/sergejhlystov/ALADDIN_NEW/ALADDIN_NEW/mobile_apps/ALADDIN_iOS/ViewModels/ProfileViewModel.swift /Users/sergejhlystov/ALADDIN_NEW/ALADDIN_NEW/mobile_apps/ALADDIN_iOS/Components/Modals/ConsentModal.swift /Users/sergejhlystov/ALADDIN_NEW/ALADDIN_NEW/mobile_apps/ALADDIN_iOS/ViewModels/ParentalControlViewModel.swift /Users/sergejhlystov/ALADDIN_NEW/ALADDIN_NEW/mobile_apps/ALADDIN_iOS/ViewModels/OnboardingViewModel.swift /Users/sergejhlystov/ALADDIN_NEW/ALADDIN_NEW/mobile_apps/ALADDIN_iOS/Shared/Styles/Colors.swift /Users/sergejhlystov/ALADDIN_NEW/ALADDIN_NEW/mobile_apps/ALADDIN_iOS/Screens/ChildRewardsScreen.swift /Users/sergejhlystov/ALADDIN_NEW/ALADDIN_NEW/mobile_apps/ALADDIN_iOS/Screens/21_ReferralScreen.swift /Users/sergejhlystov/ALADDIN_NEW/ALADDIN_NEW/mobile_apps/ALADDIN_iOS/Shared/Components/AvatarSelector.swift /Users/sergejhlystov/ALADDIN_NEW/ALADDIN_NEW/mobile_apps/ALADDIN_iOS/Shared/Components/Navigation/ALADDINNavigationBar.swift /Users/sergejhlystov/ALADDIN_NEW/ALADDIN_NEW/mobile_apps/ALADDIN_iOS/Screens/14_OnboardingScreen.swift /Users/sergejhlystov/ALADDIN_NEW/ALADDIN_NEW/mobile_apps/ALADDIN_iOS/Components/Modals/FamilyCreatedModal.swift -primary-file /Users/sergejhlystov/ALADDIN_NEW/ALADDIN_NEW/mobile_apps/ALADDIN_iOS/ViewModels/PaymentQRViewModel.swift -primary-file /Users/sergejhlystov/ALADDIN_NEW/ALADDIN_NEW/mobile_apps/ALADDIN_iOS/Core/Navigation/NavigationManager.swift -primary-file /Users/sergejhlystov/ALADDIN_NEW/ALADDIN_NEW/mobile_apps/ALADDIN_iOS/Core/Accessibility/AccessibilityManager.swift -primary-file /Users/sergejhlystov/ALADDIN_NEW/ALADDIN_NEW/mobile_apps/ALADDIN_iOS/Core/Store/StoreManager.swift -primary-file /Users/sergejhlystov/ALADDIN_NEW/ALADDIN_NEW/mobile_apps/ALADDIN_iOS/Screens/WheelOfFortuneView.swift -primary-file /Users/sergejhlystov/ALADDIN_NEW/ALADDIN_NEW/mobile_apps/ALADDIN_iOS/Screens/UnicornUniverseView.swift -primary-file /Users/sergejhlystov/ALADDIN_NEW/ALADDIN_NEW/mobile_apps/ALADDIN_iOS/Core/Localization/LocalizationManager.swift -primary-file /Users/sergejhlystov/ALADDIN_NEW/ALADDIN_NEW/mobile_apps/ALADDIN_iOS/Screens/13_SupportScreen.swift -primary-file /Users/sergejhlystov/ALADDIN_NEW/ALADDIN_NEW/mobile_apps/ALADDIN_iOS/Core/Analytics/AnalyticsManager.swift -primary-file /Users/sergejhlystov/ALADDIN_NEW/ALADDIN_NEW/mobile_apps/ALADDIN_iOS/Screens/07_ParentalControlScreen.swift -primary-file /Users/sergejhlystov/ALADDIN_NEW/ALADDIN_NEW/mobile_apps/ALADDIN_iOS/Screens/05_SettingsScreen.swift /Users/sergejhlystov/ALADDIN_NEW/ALADDIN_NEW/mobile_apps/ALADDIN_iOS/Screens/RewardsModalView.swift /Users/sergejhlystov/ALADDIN_NEW/ALADDIN_NEW/mobile_apps/ALADDIN_iOS/Screens/23_FamilyChatScreen.swift /Users/sergejhlystov/ALADDIN_NEW/ALADDIN_NEW/mobile_apps/ALADDIN_iOS/Screens/02_FamilyScreen.swift /Users/sergejhlystov/ALADDIN_NEW/ALADDIN_NEW/mobile_apps/ALADDIN_iOS/Screens/20_DevicesScreen.swift /Users/sergejhlystov/ALADDIN_NEW/ALADDIN_NEW/mobile_apps/ALADDIN_iOS/Shared/Components/ViewModifiers.swift /Users/sergejhlystov/ALADDIN_NEW/ALADDIN_NEW/mobile_apps/ALADDIN_iOS/Shared/Components/HapticFeedback.swift /Users/sergejhlystov/ALADDIN_NEW/ALADDIN_NEW/mobile_apps/ALADDIN_iOS/Screens/MainScreenWithRegistration.swift /Users/sergejhlystov/ALADDIN_NEW/ALADDIN_NEW/mobile_apps/ALADDIN_iOS/Core/Network/NetworkError.swift /Users/sergejhlystov/ALADDIN_NEW/ALADDIN_NEW/mobile_apps/ALADDIN_iOS/Screens/LanguageSettingsScreen.swift /Users/sergejhlystov/ALADDIN_NEW/ALADDIN_NEW/mobile_apps/ALADDIN_iOS/ViewModels/FamilyRegistrationViewModel.swift /Users/sergejhlystov/ALADDIN_NEW/ALADDIN_NEW/mobile_apps/ALADDIN_iOS/Shared/Styles/CornerRadius.swift /Users/sergejhlystov/ALADDIN_NEW/ALADDIN_NEW/mobile_apps/ALADDIN_iOS/Screens/01_MainScreen.swift /Users/sergejhlystov/ALADDIN_NEW/ALADDIN_NEW/mobile_apps/ALADDIN_iOS/Screens/FamilyTournamentView.swift /Users/sergejhlystov/ALADDIN_NEW/ALADDIN_NEW/mobile_apps/ALADDIN_iOS/Shared/Styles/Fonts.swift /Users/sergejhlystov/ALADDIN_NEW/ALADDIN_NEW/mobile_apps/ALADDIN_iOS/Screens/GamesParentalControlView.swift /Users/sergejhlystov/ALADDIN_NEW/ALADDIN_NEW/mobile_apps/ALADDIN_iOS/Shared/Components/QRScannerModal.swift /Users/sergejhlystov/ALADDIN_NEW/ALADDIN_NEW/mobile_apps/ALADDIN_iOS/Screens/04_AnalyticsScreen.swift /Users/sergejhlystov/ALADDIN_NEW/ALADDIN_NEW/mobile_apps/ALADDIN_iOS/Screens/24_VPNEnergyStatsScreen.swift /Users/sergejhlystov/ALADDIN_NEW/ALADDIN_NEW/mobile_apps/ALADDIN_iOS/Shared/Components/Modals/ProfileEditView.swift /Users/sergejhlystov/ALADDIN_NEW/ALADDIN_NEW/mobile_apps/ALADDIN_iOS/ViewModels/TariffsViewModel.swift /Users/sergejhlystov/ALADDIN_NEW/ALADDIN_NEW/mobile_apps/ALADDIN_iOS/Core/Notifications/NotificationManager.swift /Users/sergejhlystov/ALADDIN_NEW/ALADDIN_NEW/mobile_apps/ALADDIN_iOS/Core/Security/SecurityManager.swift -supplementary-output-file-map /var/folders/rf/6rxcyql17sz57_02ng7jd7pr0000gn/T/TemporaryDirectory.wFGpdC/supplementaryOutputs-6 -target x86_64-apple-ios15.0-simulator -enable-objc-interop -sdk /Applications/Xcode.app/Contents/Developer/Platforms/iPhoneSimulator.platform/Developer/SDKs/iPhoneSimulator15.2.sdk -I /Users/sergejhlystov/Library/Developer/Xcode/DerivedData/ALADDIN-eahryzmutvtbyceygnlyjsmiiaha/Build/Products/Debug-iphonesimulator -F /Users/sergejhlystov/Library/Developer/Xcode/DerivedData/ALADDIN-eahryzmutvtbyceygnlyjsmiiaha/Build/Products/Debug-iphonesimulator -enable-testing -g -module-cache-path /Users/sergejhlystov/Library/Developer/Xcode/DerivedData/ModuleCache.noindex -emit-localized-strings -emit-localized-strings-path /Users/sergejhlystov/Library/Developer/Xcode/DerivedData/ALADDIN-eahryzmutvtbyceygnlyjsmiiaha/Build/Intermediates.noindex/ALADDIN.build/Debug-iphonesimulator/ALADDIN.build/Objects-normal/x86_64 -swift-version 5 -enforce-exclusivity\=checked -Onone -D DEBUG -new-driver-path /Applications/Xcode.app/Contents/Developer/Toolchains/XcodeDefault.xctoolchain/usr/bin/swift-driver -serialize-debugging-options -Xcc -working-directory -Xcc /Users/sergejhlystov/ALADDIN_NEW/ALADDIN_NEW/mobile_apps/ALADDIN_iOS -resource-dir /Applications/Xcode.app/Contents/Developer/Toolchains/XcodeDefault.xctoolchain/usr/lib/swift -enable-anonymous-context-mangled-names -Xcc -I/Users/sergejhlystov/Library/Developer/Xcode/DerivedData/ALADDIN-eahryzmutvtbyceygnlyjsmiiaha/Build/Intermediates.noindex/ALADDIN.build/Debug-iphonesimulator/ALADDIN.build/swift-overrides.hmap -Xcc -iquote -Xcc /Users/sergejhlystov/Library/Developer/Xcode/DerivedData/ALADDIN-eahryzmutvtbyceygnlyjsmiiaha/Build/Intermediates.noindex/ALADDIN.build/Debug-iphonesimulator/ALADDIN.build/ALADDIN-generated-files.hmap -Xcc -I/Users/sergejhlystov/Library/Developer/Xcode/DerivedData/ALADDIN-eahryzmutvtbyceygnlyjsmiiaha/Build/Intermediates.noindex/ALADDIN.build/Debug-iphonesimulator/ALADDIN.build/ALADDIN-own-target-headers.hmap -Xcc -I/Users/sergejhlystov/Library/Developer/Xcode/DerivedData/ALADDIN-eahryzmutvtbyceygnlyjsmiiaha/Build/Intermediates.noindex/ALADDIN.build/Debug-iphonesimulator/ALADDIN.build/ALADDIN-all-target-headers.hmap -Xcc -iquote -Xcc /Users/sergejhlystov/Library/Developer/Xcode/DerivedData/ALADDIN-eahryzmutvtbyceygnlyjsmiiaha/Build/Intermediates.noindex/ALADDIN.build/Debug-iphonesimulator/ALADDIN.build/ALADDIN-project-headers.hmap -Xcc -I/Users/sergejhlystov/Library/Developer/Xcode/DerivedData/ALADDIN-eahryzmutvtbyceygnlyjsmiiaha/Build/Products/Debug-iphonesimulator/include -Xcc -I/Users/sergejhlystov/Library/Developer/Xcode/DerivedData/ALADDIN-eahryzmutvtbyceygnlyjsmiiaha/Build/Intermediates.noindex/ALADDIN.build/Debug-iphonesimulator/ALADDIN.build/DerivedSources-normal/x86_64 -Xcc -I/Users/sergejhlystov/Library/Developer/Xcode/DerivedData/ALADDIN-eahryzmutvtbyceygnlyjsmiiaha/Build/Intermediates.noindex/ALADDIN.build/Debug-iphonesimulator/ALADDIN.build/DerivedSources/x86_64 -Xcc -I/Users/sergejhlystov/Library/Developer/Xcode/DerivedData/ALADDIN-eahryzmutvtbyceygnlyjsmiiaha/Build/Intermediates.noindex/ALADDIN.build/Debug-iphonesimulator/ALADDIN.build/DerivedSources -Xcc -DDEBUG\=1 -module-name ALADDIN -target-sdk-version 15.2.0 -o /Users/sergejhlystov/Library/Developer/Xcode/DerivedData/ALADDIN-eahryzmutvtbyceygnlyjsmiiaha/Build/Intermediates.noindex/ALADDIN.build/Debug-iphonesimulator/ALADDIN.build/Objects-normal/x86_64/PaymentQRViewModel.o -o /Users/sergejhlystov/Library/Developer/Xcode/DerivedData/ALADDIN-eahryzmutvtbyceygnlyjsmiiaha/Build/Intermediates.noindex/ALADDIN.build/Debug-iphonesimulator/ALADDIN.build/Objects-normal/x86_64/NavigationManager.o -o /Users/sergejhlystov/Library/Developer/Xcode/DerivedData/ALADDIN-eahryzmutvtbyceygnlyjsmiiaha/Build/Intermediates.noindex/ALADDIN.build/Debug-iphonesimulator/ALADDIN.build/Objects-normal/x86_64/AccessibilityManager.o -o /Users/sergejhlystov/Library/Developer/Xcode/DerivedData/ALADDIN-eahryzmutvtbyceygnlyjsmiiaha/Build/Intermediates.noindex/ALADDIN.build/Debug-iphonesimulator/ALADDIN.build/Objects-normal/x86_64/StoreManager.o -o /Users/sergejhlystov/Library/Developer/Xcode/DerivedData/ALADDIN-eahryzmutvtbyceygnlyjsmiiaha/Build/Intermediates.noindex/ALADDIN.build/Debug-iphonesimulator/ALADDIN.build/Objects-normal/x86_64/WheelOfFortuneView.o -o /Users/sergejhlystov/Library/Developer/Xcode/DerivedData/ALADDIN-eahryzmutvtbyceygnlyjsmiiaha/Build/Intermediates.noindex/ALADDIN.build/Debug-iphonesimulator/ALADDIN.build/Objects-normal/x86_64/UnicornUniverseView.o -o /Users/sergejhlystov/Library/Developer/Xcode/DerivedData/ALADDIN-eahryzmutvtbyceygnlyjsmiiaha/Build/Intermediates.noindex/ALADDIN.build/Debug-iphonesimulator/ALADDIN.build/Objects-normal/x86_64/LocalizationManager.o -o /Users/sergejhlystov/Library/Developer/Xcode/DerivedData/ALADDIN-eahryzmutvtbyceygnlyjsmiiaha/Build/Intermediates.noindex/ALADDIN.build/Debug-iphonesimulator/ALADDIN.build/Objects-normal/x86_64/13_SupportScreen.o -o /Users/sergejhlystov/Library/Developer/Xcode/DerivedData/ALADDIN-eahryzmutvtbyceygnlyjsmiiaha/Build/Intermediates.noindex/ALADDIN.build/Debug-iphonesimulator/ALADDIN.build/Objects-normal/x86_64/AnalyticsManager.o -o /Users/sergejhlystov/Library/Developer/Xcode/DerivedData/ALADDIN-eahryzmutvtbyceygnlyjsmiiaha/Build/Intermediates.noindex/ALADDIN.build/Debug-iphonesimulator/ALADDIN.build/Objects-normal/x86_64/07_ParentalControlScreen.o -o /Users/sergejhlystov/Library/Developer/Xcode/DerivedData/ALADDIN-eahryzmutvtbyceygnlyjsmiiaha/Build/Intermediates.noindex/ALADDIN.build/Debug-iphonesimulator/ALADDIN.build/Objects-normal/x86_64/05_SettingsScreen.o -index-store-path /Users/sergejhlystov/Library/Developer/Xcode/DerivedData/ALADDIN-eahryzmutvtbyceygnlyjsmiiaha/Index/DataStore -index-system-modules

CompileSwift normal x86_64 /Users/sergejhlystov/ALADDIN_NEW/ALADDIN_NEW/mobile_apps/ALADDIN_iOS/Core/Analytics/AnalyticsManager.swift (in target 'ALADDIN' from project 'ALADDIN')
    cd /Users/sergejhlystov/ALADDIN_NEW/ALADDIN_NEW/mobile_apps/ALADDIN_iOS
    /Applications/Xcode.app/Contents/Developer/Toolchains/XcodeDefault.xctoolchain/usr/bin/swift-frontend -frontend -c /Users/sergejhlystov/ALADDIN_NEW/ALADDIN_NEW/mobile_apps/ALADDIN_iOS/Screens/RewardsQuickModal.swift /Users/sergejhlystov/ALADDIN_NEW/ALADDIN_NEW/mobile_apps/ALADDIN_iOS/Screens/08_ChildInterfaceScreen.swift /Users/sergejhlystov/ALADDIN_NEW/ALADDIN_NEW/mobile_apps/ALADDIN_iOS/ContentView.swift /Users/sergejhlystov/ALADDIN_NEW/ALADDIN_NEW/mobile_apps/ALADDIN_iOS/Shared/Components/ALADDINToggle.swift /Users/sergejhlystov/ALADDIN_NEW/ALADDIN_NEW/mobile_apps/ALADDIN_iOS/Components/Modals/AgeGroupSelectionModal.swift /Users/sergejhlystov/ALADDIN_NEW/ALADDIN_NEW/mobile_apps/ALADDIN_iOS/ALADDINApp.swift /Users/sergejhlystov/ALADDIN_NEW/ALADDIN_NEW/mobile_apps/ALADDIN_iOS/Shared/Models/FunctionStatus.swift /Users/sergejhlystov/ALADDIN_NEW/ALADDIN_NEW/mobile_apps/ALADDIN_iOS/ViewModels/MainViewModel.swift /Users/sergejhlystov/ALADDIN_NEW/ALADDIN_NEW/mobile_apps/ALADDIN_iOS/Shared/Components/Buttons/PrimaryButton.swift /Users/sergejhlystov/ALADDIN_NEW/ALADDIN_NEW/mobile_apps/ALADDIN_iOS/Screens/NotificationSettingsScreen.swift /Users/sergejhlystov/ALADDIN_NEW/ALADDIN_NEW/mobile_apps/ALADDIN_iOS/Screens/ChildContentScreen.swift /Users/sergejhlystov/ALADDIN_NEW/ALADDIN_NEW/mobile_apps/ALADDIN_iOS/Shared/Components/StatItem.swift /Users/sergejhlystov/ALADDIN_NEW/ALADDIN_NEW/mobile_apps/ALADDIN_iOS/Shared/Components/Cards/FamilyMemberCard.swift /Users/sergejhlystov/ALADDIN_NEW/ALADDIN_NEW/mobile_apps/ALADDIN_iOS/ViewModels/VPNViewModel.swift /Users/sergejhlystov/ALADDIN_NEW/ALADDIN_NEW/mobile_apps/ALADDIN_iOS/Core/Models/APIModels.swift /Users/sergejhlystov/ALADDIN_NEW/ALADDIN_NEW/mobile_apps/ALADDIN_iOS/Core/VPN/VPNManager.swift /Users/sergejhlystov/ALADDIN_NEW/ALADDIN_NEW/mobile_apps/ALADDIN_iOS/Screens/UnicornPetView.swift /Users/sergejhlystov/ALADDIN_NEW/ALADDIN_NEW/mobile_apps/ALADDIN_iOS/Core/Network/APIService.swift /Users/sergejhlystov/ALADDIN_NEW/ALADDIN_NEW/mobile_apps/ALADDIN_iOS/Screens/18_PrivacyPolicyScreen.swift /Users/sergejhlystov/ALADDIN_NEW/ALADDIN_NEW/mobile_apps/ALADDIN_iOS/Screens/10_TariffsScreen.swift /Users/sergejhlystov/ALADDIN_NEW/ALADDIN_NEW/mobile_apps/ALADDIN_iOS/Screens/03_VPNScreen.swift /Users/sergejhlystov/ALADDIN_NEW/ALADDIN_NEW/mobile_apps/ALADDIN_iOS/Screens/09_ElderlyInterfaceScreen.swift /Users/sergejhlystov/ALADDIN_NEW/ALADDIN_NEW/mobile_apps/ALADDIN_iOS/Shared/Components/SecondaryButton.swift /Users/sergejhlystov/ALADDIN_NEW/ALADDIN_NEW/mobile_apps/ALADDIN_iOS/Screens/11_ProfileScreen.swift /Users/sergejhlystov/ALADDIN_NEW/ALADDIN_NEW/mobile_apps/ALADDIN_iOS/Core/Network/NetworkManager.swift /Users/sergejhlystov/ALADDIN_NEW/ALADDIN_NEW/mobile_apps/ALADDIN_iOS/Screens/19_TermsOfServiceScreen.swift /Users/sergejhlystov/ALADDIN_NEW/ALADDIN_NEW/mobile_apps/ALADDIN_iOS/Core/Config/AppConfig.swift /Users/sergejhlystov/ALADDIN_NEW/ALADDIN_NEW/mobile_apps/ALADDIN_iOS/ViewModels/FamilyViewModel.swift /Users/sergejhlystov/ALADDIN_NEW/ALADDIN_NEW/mobile_apps/ALADDIN_iOS/ViewModels/AIAssistantViewModel.swift /Users/sergejhlystov/ALADDIN_NEW/ALADDIN_NEW/mobile_apps/ALADDIN_iOS/Screens/22_DeviceDetailScreen.swift /Users/sergejhlystov/ALADDIN_NEW/ALADDIN_NEW/mobile_apps/ALADDIN_iOS/Screens/WidgetConfigurationScreen.swift /Users/sergejhlystov/ALADDIN_NEW/ALADDIN_NEW/mobile_apps/ALADDIN_iOS/Core/Security/KeychainManager.swift /Users/sergejhlystov/ALADDIN_NEW/ALADDIN_NEW/mobile_apps/ALADDIN_iOS/Shared/Components/Modals/MemberStatsModalView.swift /Users/sergejhlystov/ALADDIN_NEW/ALADDIN_NEW/mobile_apps/ALADDIN_iOS/Shared/Styles/Spacing.swift /Users/sergejhlystov/ALADDIN_NEW/ALADDIN_NEW/mobile_apps/ALADDIN_iOS/Shared/Components/RecoveryOptionsModal.swift /Users/sergejhlystov/ALADDIN_NEW/ALADDIN_NEW/mobile_apps/ALADDIN_iOS/ViewModels/SettingsViewModel.swift /Users/sergejhlystov/ALADDIN_NEW/ALADDIN_NEW/mobile_apps/ALADDIN_iOS/Shared/Components/InfoRow.swift /Users/sergejhlystov/ALADDIN_NEW/ALADDIN_NEW/mobile_apps/ALADDIN_iOS/Screens/25_PaymentQRScreen.swift /Users/sergejhlystov/ALADDIN_NEW/ALADDIN_NEW/mobile_apps/ALADDIN_iOS/Shared/Components/Modals/RoleSelectionModal.swift /Users/sergejhlystov/ALADDIN_NEW/ALADDIN_NEW/mobile_apps/ALADDIN_iOS/ViewModels/SupportViewModel.swift /Users/sergejhlystov/ALADDIN_NEW/ALADDIN_NEW/mobile_apps/ALADDIN_iOS/ViewModels/ChildInterfaceViewModel.swift /Users/sergejhlystov/ALADDIN_NEW/ALADDIN_NEW/mobile_apps/ALADDIN_iOS/Screens/12_NotificationsScreen.swift /Users/sergejhlystov/ALADDIN_NEW/ALADDIN_NEW/mobile_apps/ALADDIN_iOS/ViewModels/ElderlyInterfaceViewModel.swift /Users/sergejhlystov/ALADDIN_NEW/ALADDIN_NEW/mobile_apps/ALADDIN_iOS/ViewModels/AnalyticsViewModel.swift /Users/sergejhlystov/ALADDIN_NEW/ALADDIN_NEW/mobile_apps/ALADDIN_iOS/Core/Cache/CacheManager.swift /Users/sergejhlystov/ALADDIN_NEW/ALADDIN_NEW/mobile_apps/ALADDIN_iOS/ViewModels/NotificationsViewModel.swift /Users/sergejhlystov/ALADDIN_NEW/ALADDIN_NEW/mobile_apps/ALADDIN_iOS/Screens/06_AIAssistantScreen.swift /Users/sergejhlystov/ALADDIN_NEW/ALADDIN_NEW/mobile_apps/ALADDIN_iOS/ViewModels/ProfileViewModel.swift /Users/sergejhlystov/ALADDIN_NEW/ALADDIN_NEW/mobile_apps/ALADDIN_iOS/Components/Modals/ConsentModal.swift /Users/sergejhlystov/ALADDIN_NEW/ALADDIN_NEW/mobile_apps/ALADDIN_iOS/ViewModels/ParentalControlViewModel.swift /Users/sergejhlystov/ALADDIN_NEW/ALADDIN_NEW/mobile_apps/ALADDIN_iOS/ViewModels/OnboardingViewModel.swift /Users/sergejhlystov/ALADDIN_NEW/ALADDIN_NEW/mobile_apps/ALADDIN_iOS/Shared/Styles/Colors.swift /Users/sergejhlystov/ALADDIN_NEW/ALADDIN_NEW/mobile_apps/ALADDIN_iOS/Screens/ChildRewardsScreen.swift /Users/sergejhlystov/ALADDIN_NEW/ALADDIN_NEW/mobile_apps/ALADDIN_iOS/Screens/21_ReferralScreen.swift /Users/sergejhlystov/ALADDIN_NEW/ALADDIN_NEW/mobile_apps/ALADDIN_iOS/Shared/Components/AvatarSelector.swift /Users/sergejhlystov/ALADDIN_NEW/ALADDIN_NEW/mobile_apps/ALADDIN_iOS/Shared/Components/Navigation/ALADDINNavigationBar.swift /Users/sergejhlystov/ALADDIN_NEW/ALADDIN_NEW/mobile_apps/ALADDIN_iOS/Screens/14_OnboardingScreen.swift /Users/sergejhlystov/ALADDIN_NEW/ALADDIN_NEW/mobile_apps/ALADDIN_iOS/Components/Modals/FamilyCreatedModal.swift -primary-file /Users/sergejhlystov/ALADDIN_NEW/ALADDIN_NEW/mobile_apps/ALADDIN_iOS/ViewModels/PaymentQRViewModel.swift -primary-file /Users/sergejhlystov/ALADDIN_NEW/ALADDIN_NEW/mobile_apps/ALADDIN_iOS/Core/Navigation/NavigationManager.swift -primary-file /Users/sergejhlystov/ALADDIN_NEW/ALADDIN_NEW/mobile_apps/ALADDIN_iOS/Core/Accessibility/AccessibilityManager.swift -primary-file /Users/sergejhlystov/ALADDIN_NEW/ALADDIN_NEW/mobile_apps/ALADDIN_iOS/Core/Store/StoreManager.swift -primary-file /Users/sergejhlystov/ALADDIN_NEW/ALADDIN_NEW/mobile_apps/ALADDIN_iOS/Screens/WheelOfFortuneView.swift -primary-file /Users/sergejhlystov/ALADDIN_NEW/ALADDIN_NEW/mobile_apps/ALADDIN_iOS/Screens/UnicornUniverseView.swift -primary-file /Users/sergejhlystov/ALADDIN_NEW/ALADDIN_NEW/mobile_apps/ALADDIN_iOS/Core/Localization/LocalizationManager.swift -primary-file /Users/sergejhlystov/ALADDIN_NEW/ALADDIN_NEW/mobile_apps/ALADDIN_iOS/Screens/13_SupportScreen.swift -primary-file /Users/sergejhlystov/ALADDIN_NEW/ALADDIN_NEW/mobile_apps/ALADDIN_iOS/Core/Analytics/AnalyticsManager.swift -primary-file /Users/sergejhlystov/ALADDIN_NEW/ALADDIN_NEW/mobile_apps/ALADDIN_iOS/Screens/07_ParentalControlScreen.swift -primary-file /Users/sergejhlystov/ALADDIN_NEW/ALADDIN_NEW/mobile_apps/ALADDIN_iOS/Screens/05_SettingsScreen.swift /Users/sergejhlystov/ALADDIN_NEW/ALADDIN_NEW/mobile_apps/ALADDIN_iOS/Screens/RewardsModalView.swift /Users/sergejhlystov/ALADDIN_NEW/ALADDIN_NEW/mobile_apps/ALADDIN_iOS/Screens/23_FamilyChatScreen.swift /Users/sergejhlystov/ALADDIN_NEW/ALADDIN_NEW/mobile_apps/ALADDIN_iOS/Screens/02_FamilyScreen.swift /Users/sergejhlystov/ALADDIN_NEW/ALADDIN_NEW/mobile_apps/ALADDIN_iOS/Screens/20_DevicesScreen.swift /Users/sergejhlystov/ALADDIN_NEW/ALADDIN_NEW/mobile_apps/ALADDIN_iOS/Shared/Components/ViewModifiers.swift /Users/sergejhlystov/ALADDIN_NEW/ALADDIN_NEW/mobile_apps/ALADDIN_iOS/Shared/Components/HapticFeedback.swift /Users/sergejhlystov/ALADDIN_NEW/ALADDIN_NEW/mobile_apps/ALADDIN_iOS/Screens/MainScreenWithRegistration.swift /Users/sergejhlystov/ALADDIN_NEW/ALADDIN_NEW/mobile_apps/ALADDIN_iOS/Core/Network/NetworkError.swift /Users/sergejhlystov/ALADDIN_NEW/ALADDIN_NEW/mobile_apps/ALADDIN_iOS/Screens/LanguageSettingsScreen.swift /Users/sergejhlystov/ALADDIN_NEW/ALADDIN_NEW/mobile_apps/ALADDIN_iOS/ViewModels/FamilyRegistrationViewModel.swift /Users/sergejhlystov/ALADDIN_NEW/ALADDIN_NEW/mobile_apps/ALADDIN_iOS/Shared/Styles/CornerRadius.swift /Users/sergejhlystov/ALADDIN_NEW/ALADDIN_NEW/mobile_apps/ALADDIN_iOS/Screens/01_MainScreen.swift /Users/sergejhlystov/ALADDIN_NEW/ALADDIN_NEW/mobile_apps/ALADDIN_iOS/Screens/FamilyTournamentView.swift /Users/sergejhlystov/ALADDIN_NEW/ALADDIN_NEW/mobile_apps/ALADDIN_iOS/Shared/Styles/Fonts.swift /Users/sergejhlystov/ALADDIN_NEW/ALADDIN_NEW/mobile_apps/ALADDIN_iOS/Screens/GamesParentalControlView.swift /Users/sergejhlystov/ALADDIN_NEW/ALADDIN_NEW/mobile_apps/ALADDIN_iOS/Shared/Components/QRScannerModal.swift /Users/sergejhlystov/ALADDIN_NEW/ALADDIN_NEW/mobile_apps/ALADDIN_iOS/Screens/04_AnalyticsScreen.swift /Users/sergejhlystov/ALADDIN_NEW/ALADDIN_NEW/mobile_apps/ALADDIN_iOS/Screens/24_VPNEnergyStatsScreen.swift /Users/sergejhlystov/ALADDIN_NEW/ALADDIN_NEW/mobile_apps/ALADDIN_iOS/Shared/Components/Modals/ProfileEditView.swift /Users/sergejhlystov/ALADDIN_NEW/ALADDIN_NEW/mobile_apps/ALADDIN_iOS/ViewModels/TariffsViewModel.swift /Users/sergejhlystov/ALADDIN_NEW/ALADDIN_NEW/mobile_apps/ALADDIN_iOS/Core/Notifications/NotificationManager.swift /Users/sergejhlystov/ALADDIN_NEW/ALADDIN_NEW/mobile_apps/ALADDIN_iOS/Core/Security/SecurityManager.swift -supplementary-output-file-map /var/folders/rf/6rxcyql17sz57_02ng7jd7pr0000gn/T/TemporaryDirectory.wFGpdC/supplementaryOutputs-6 -target x86_64-apple-ios15.0-simulator -enable-objc-interop -sdk /Applications/Xcode.app/Contents/Developer/Platforms/iPhoneSimulator.platform/Developer/SDKs/iPhoneSimulator15.2.sdk -I /Users/sergejhlystov/Library/Developer/Xcode/DerivedData/ALADDIN-eahryzmutvtbyceygnlyjsmiiaha/Build/Products/Debug-iphonesimulator -F /Users/sergejhlystov/Library/Developer/Xcode/DerivedData/ALADDIN-eahryzmutvtbyceygnlyjsmiiaha/Build/Products/Debug-iphonesimulator -enable-testing -g -module-cache-path /Users/sergejhlystov/Library/Developer/Xcode/DerivedData/ModuleCache.noindex -emit-localized-strings -emit-localized-strings-path /Users/sergejhlystov/Library/Developer/Xcode/DerivedData/ALADDIN-eahryzmutvtbyceygnlyjsmiiaha/Build/Intermediates.noindex/ALADDIN.build/Debug-iphonesimulator/ALADDIN.build/Objects-normal/x86_64 -swift-version 5 -enforce-exclusivity\=checked -Onone -D DEBUG -new-driver-path /Applications/Xcode.app/Contents/Developer/Toolchains/XcodeDefault.xctoolchain/usr/bin/swift-driver -serialize-debugging-options -Xcc -working-directory -Xcc /Users/sergejhlystov/ALADDIN_NEW/ALADDIN_NEW/mobile_apps/ALADDIN_iOS -resource-dir /Applications/Xcode.app/Contents/Developer/Toolchains/XcodeDefault.xctoolchain/usr/lib/swift -enable-anonymous-context-mangled-names -Xcc -I/Users/sergejhlystov/Library/Developer/Xcode/DerivedData/ALADDIN-eahryzmutvtbyceygnlyjsmiiaha/Build/Intermediates.noindex/ALADDIN.build/Debug-iphonesimulator/ALADDIN.build/swift-overrides.hmap -Xcc -iquote -Xcc /Users/sergejhlystov/Library/Developer/Xcode/DerivedData/ALADDIN-eahryzmutvtbyceygnlyjsmiiaha/Build/Intermediates.noindex/ALADDIN.build/Debug-iphonesimulator/ALADDIN.build/ALADDIN-generated-files.hmap -Xcc -I/Users/sergejhlystov/Library/Developer/Xcode/DerivedData/ALADDIN-eahryzmutvtbyceygnlyjsmiiaha/Build/Intermediates.noindex/ALADDIN.build/Debug-iphonesimulator/ALADDIN.build/ALADDIN-own-target-headers.hmap -Xcc -I/Users/sergejhlystov/Library/Developer/Xcode/DerivedData/ALADDIN-eahryzmutvtbyceygnlyjsmiiaha/Build/Intermediates.noindex/ALADDIN.build/Debug-iphonesimulator/ALADDIN.build/ALADDIN-all-target-headers.hmap -Xcc -iquote -Xcc /Users/sergejhlystov/Library/Developer/Xcode/DerivedData/ALADDIN-eahryzmutvtbyceygnlyjsmiiaha/Build/Intermediates.noindex/ALADDIN.build/Debug-iphonesimulator/ALADDIN.build/ALADDIN-project-headers.hmap -Xcc -I/Users/sergejhlystov/Library/Developer/Xcode/DerivedData/ALADDIN-eahryzmutvtbyceygnlyjsmiiaha/Build/Products/Debug-iphonesimulator/include -Xcc -I/Users/sergejhlystov/Library/Developer/Xcode/DerivedData/ALADDIN-eahryzmutvtbyceygnlyjsmiiaha/Build/Intermediates.noindex/ALADDIN.build/Debug-iphonesimulator/ALADDIN.build/DerivedSources-normal/x86_64 -Xcc -I/Users/sergejhlystov/Library/Developer/Xcode/DerivedData/ALADDIN-eahryzmutvtbyceygnlyjsmiiaha/Build/Intermediates.noindex/ALADDIN.build/Debug-iphonesimulator/ALADDIN.build/DerivedSources/x86_64 -Xcc -I/Users/sergejhlystov/Library/Developer/Xcode/DerivedData/ALADDIN-eahryzmutvtbyceygnlyjsmiiaha/Build/Intermediates.noindex/ALADDIN.build/Debug-iphonesimulator/ALADDIN.build/DerivedSources -Xcc -DDEBUG\=1 -module-name ALADDIN -target-sdk-version 15.2.0 -o /Users/sergejhlystov/Library/Developer/Xcode/DerivedData/ALADDIN-eahryzmutvtbyceygnlyjsmiiaha/Build/Intermediates.noindex/ALADDIN.build/Debug-iphonesimulator/ALADDIN.build/Objects-normal/x86_64/PaymentQRViewModel.o -o /Users/sergejhlystov/Library/Developer/Xcode/DerivedData/ALADDIN-eahryzmutvtbyceygnlyjsmiiaha/Build/Intermediates.noindex/ALADDIN.build/Debug-iphonesimulator/ALADDIN.build/Objects-normal/x86_64/NavigationManager.o -o /Users/sergejhlystov/Library/Developer/Xcode/DerivedData/ALADDIN-eahryzmutvtbyceygnlyjsmiiaha/Build/Intermediates.noindex/ALADDIN.build/Debug-iphonesimulator/ALADDIN.build/Objects-normal/x86_64/AccessibilityManager.o -o /Users/sergejhlystov/Library/Developer/Xcode/DerivedData/ALADDIN-eahryzmutvtbyceygnlyjsmiiaha/Build/Intermediates.noindex/ALADDIN.build/Debug-iphonesimulator/ALADDIN.build/Objects-normal/x86_64/StoreManager.o -o /Users/sergejhlystov/Library/Developer/Xcode/DerivedData/ALADDIN-eahryzmutvtbyceygnlyjsmiiaha/Build/Intermediates.noindex/ALADDIN.build/Debug-iphonesimulator/ALADDIN.build/Objects-normal/x86_64/WheelOfFortuneView.o -o /Users/sergejhlystov/Library/Developer/Xcode/DerivedData/ALADDIN-eahryzmutvtbyceygnlyjsmiiaha/Build/Intermediates.noindex/ALADDIN.build/Debug-iphonesimulator/ALADDIN.build/Objects-normal/x86_64/UnicornUniverseView.o -o /Users/sergejhlystov/Library/Developer/Xcode/DerivedData/ALADDIN-eahryzmutvtbyceygnlyjsmiiaha/Build/Intermediates.noindex/ALADDIN.build/Debug-iphonesimulator/ALADDIN.build/Objects-normal/x86_64/LocalizationManager.o -o /Users/sergejhlystov/Library/Developer/Xcode/DerivedData/ALADDIN-eahryzmutvtbyceygnlyjsmiiaha/Build/Intermediates.noindex/ALADDIN.build/Debug-iphonesimulator/ALADDIN.build/Objects-normal/x86_64/13_SupportScreen.o -o /Users/sergejhlystov/Library/Developer/Xcode/DerivedData/ALADDIN-eahryzmutvtbyceygnlyjsmiiaha/Build/Intermediates.noindex/ALADDIN.build/Debug-iphonesimulator/ALADDIN.build/Objects-normal/x86_64/AnalyticsManager.o -o /Users/sergejhlystov/Library/Developer/Xcode/DerivedData/ALADDIN-eahryzmutvtbyceygnlyjsmiiaha/Build/Intermediates.noindex/ALADDIN.build/Debug-iphonesimulator/ALADDIN.build/Objects-normal/x86_64/07_ParentalControlScreen.o -o /Users/sergejhlystov/Library/Developer/Xcode/DerivedData/ALADDIN-eahryzmutvtbyceygnlyjsmiiaha/Build/Intermediates.noindex/ALADDIN.build/Debug-iphonesimulator/ALADDIN.build/Objects-normal/x86_64/05_SettingsScreen.o -index-store-path /Users/sergejhlystov/Library/Developer/Xcode/DerivedData/ALADDIN-eahryzmutvtbyceygnlyjsmiiaha/Index/DataStore -index-system-modules

CompileSwift normal x86_64 /Users/sergejhlystov/ALADDIN_NEW/ALADDIN_NEW/mobile_apps/ALADDIN_iOS/Screens/07_ParentalControlScreen.swift (in target 'ALADDIN' from project 'ALADDIN')
    cd /Users/sergejhlystov/ALADDIN_NEW/ALADDIN_NEW/mobile_apps/ALADDIN_iOS
    /Applications/Xcode.app/Contents/Developer/Toolchains/XcodeDefault.xctoolchain/usr/bin/swift-frontend -frontend -c /Users/sergejhlystov/ALADDIN_NEW/ALADDIN_NEW/mobile_apps/ALADDIN_iOS/Screens/RewardsQuickModal.swift /Users/sergejhlystov/ALADDIN_NEW/ALADDIN_NEW/mobile_apps/ALADDIN_iOS/Screens/08_ChildInterfaceScreen.swift /Users/sergejhlystov/ALADDIN_NEW/ALADDIN_NEW/mobile_apps/ALADDIN_iOS/ContentView.swift /Users/sergejhlystov/ALADDIN_NEW/ALADDIN_NEW/mobile_apps/ALADDIN_iOS/Shared/Components/ALADDINToggle.swift /Users/sergejhlystov/ALADDIN_NEW/ALADDIN_NEW/mobile_apps/ALADDIN_iOS/Components/Modals/AgeGroupSelectionModal.swift /Users/sergejhlystov/ALADDIN_NEW/ALADDIN_NEW/mobile_apps/ALADDIN_iOS/ALADDINApp.swift /Users/sergejhlystov/ALADDIN_NEW/ALADDIN_NEW/mobile_apps/ALADDIN_iOS/Shared/Models/FunctionStatus.swift /Users/sergejhlystov/ALADDIN_NEW/ALADDIN_NEW/mobile_apps/ALADDIN_iOS/ViewModels/MainViewModel.swift /Users/sergejhlystov/ALADDIN_NEW/ALADDIN_NEW/mobile_apps/ALADDIN_iOS/Shared/Components/Buttons/PrimaryButton.swift /Users/sergejhlystov/ALADDIN_NEW/ALADDIN_NEW/mobile_apps/ALADDIN_iOS/Screens/NotificationSettingsScreen.swift /Users/sergejhlystov/ALADDIN_NEW/ALADDIN_NEW/mobile_apps/ALADDIN_iOS/Screens/ChildContentScreen.swift /Users/sergejhlystov/ALADDIN_NEW/ALADDIN_NEW/mobile_apps/ALADDIN_iOS/Shared/Components/StatItem.swift /Users/sergejhlystov/ALADDIN_NEW/ALADDIN_NEW/mobile_apps/ALADDIN_iOS/Shared/Components/Cards/FamilyMemberCard.swift /Users/sergejhlystov/ALADDIN_NEW/ALADDIN_NEW/mobile_apps/ALADDIN_iOS/ViewModels/VPNViewModel.swift /Users/sergejhlystov/ALADDIN_NEW/ALADDIN_NEW/mobile_apps/ALADDIN_iOS/Core/Models/APIModels.swift /Users/sergejhlystov/ALADDIN_NEW/ALADDIN_NEW/mobile_apps/ALADDIN_iOS/Core/VPN/VPNManager.swift /Users/sergejhlystov/ALADDIN_NEW/ALADDIN_NEW/mobile_apps/ALADDIN_iOS/Screens/UnicornPetView.swift /Users/sergejhlystov/ALADDIN_NEW/ALADDIN_NEW/mobile_apps/ALADDIN_iOS/Core/Network/APIService.swift /Users/sergejhlystov/ALADDIN_NEW/ALADDIN_NEW/mobile_apps/ALADDIN_iOS/Screens/18_PrivacyPolicyScreen.swift /Users/sergejhlystov/ALADDIN_NEW/ALADDIN_NEW/mobile_apps/ALADDIN_iOS/Screens/10_TariffsScreen.swift /Users/sergejhlystov/ALADDIN_NEW/ALADDIN_NEW/mobile_apps/ALADDIN_iOS/Screens/03_VPNScreen.swift /Users/sergejhlystov/ALADDIN_NEW/ALADDIN_NEW/mobile_apps/ALADDIN_iOS/Screens/09_ElderlyInterfaceScreen.swift /Users/sergejhlystov/ALADDIN_NEW/ALADDIN_NEW/mobile_apps/ALADDIN_iOS/Shared/Components/SecondaryButton.swift /Users/sergejhlystov/ALADDIN_NEW/ALADDIN_NEW/mobile_apps/ALADDIN_iOS/Screens/11_ProfileScreen.swift /Users/sergejhlystov/ALADDIN_NEW/ALADDIN_NEW/mobile_apps/ALADDIN_iOS/Core/Network/NetworkManager.swift /Users/sergejhlystov/ALADDIN_NEW/ALADDIN_NEW/mobile_apps/ALADDIN_iOS/Screens/19_TermsOfServiceScreen.swift /Users/sergejhlystov/ALADDIN_NEW/ALADDIN_NEW/mobile_apps/ALADDIN_iOS/Core/Config/AppConfig.swift /Users/sergejhlystov/ALADDIN_NEW/ALADDIN_NEW/mobile_apps/ALADDIN_iOS/ViewModels/FamilyViewModel.swift /Users/sergejhlystov/ALADDIN_NEW/ALADDIN_NEW/mobile_apps/ALADDIN_iOS/ViewModels/AIAssistantViewModel.swift /Users/sergejhlystov/ALADDIN_NEW/ALADDIN_NEW/mobile_apps/ALADDIN_iOS/Screens/22_DeviceDetailScreen.swift /Users/sergejhlystov/ALADDIN_NEW/ALADDIN_NEW/mobile_apps/ALADDIN_iOS/Screens/WidgetConfigurationScreen.swift /Users/sergejhlystov/ALADDIN_NEW/ALADDIN_NEW/mobile_apps/ALADDIN_iOS/Core/Security/KeychainManager.swift /Users/sergejhlystov/ALADDIN_NEW/ALADDIN_NEW/mobile_apps/ALADDIN_iOS/Shared/Components/Modals/MemberStatsModalView.swift /Users/sergejhlystov/ALADDIN_NEW/ALADDIN_NEW/mobile_apps/ALADDIN_iOS/Shared/Styles/Spacing.swift /Users/sergejhlystov/ALADDIN_NEW/ALADDIN_NEW/mobile_apps/ALADDIN_iOS/Shared/Components/RecoveryOptionsModal.swift /Users/sergejhlystov/ALADDIN_NEW/ALADDIN_NEW/mobile_apps/ALADDIN_iOS/ViewModels/SettingsViewModel.swift /Users/sergejhlystov/ALADDIN_NEW/ALADDIN_NEW/mobile_apps/ALADDIN_iOS/Shared/Components/InfoRow.swift /Users/sergejhlystov/ALADDIN_NEW/ALADDIN_NEW/mobile_apps/ALADDIN_iOS/Screens/25_PaymentQRScreen.swift /Users/sergejhlystov/ALADDIN_NEW/ALADDIN_NEW/mobile_apps/ALADDIN_iOS/Shared/Components/Modals/RoleSelectionModal.swift /Users/sergejhlystov/ALADDIN_NEW/ALADDIN_NEW/mobile_apps/ALADDIN_iOS/ViewModels/SupportViewModel.swift /Users/sergejhlystov/ALADDIN_NEW/ALADDIN_NEW/mobile_apps/ALADDIN_iOS/ViewModels/ChildInterfaceViewModel.swift /Users/sergejhlystov/ALADDIN_NEW/ALADDIN_NEW/mobile_apps/ALADDIN_iOS/Screens/12_NotificationsScreen.swift /Users/sergejhlystov/ALADDIN_NEW/ALADDIN_NEW/mobile_apps/ALADDIN_iOS/ViewModels/ElderlyInterfaceViewModel.swift /Users/sergejhlystov/ALADDIN_NEW/ALADDIN_NEW/mobile_apps/ALADDIN_iOS/ViewModels/AnalyticsViewModel.swift /Users/sergejhlystov/ALADDIN_NEW/ALADDIN_NEW/mobile_apps/ALADDIN_iOS/Core/Cache/CacheManager.swift /Users/sergejhlystov/ALADDIN_NEW/ALADDIN_NEW/mobile_apps/ALADDIN_iOS/ViewModels/NotificationsViewModel.swift /Users/sergejhlystov/ALADDIN_NEW/ALADDIN_NEW/mobile_apps/ALADDIN_iOS/Screens/06_AIAssistantScreen.swift /Users/sergejhlystov/ALADDIN_NEW/ALADDIN_NEW/mobile_apps/ALADDIN_iOS/ViewModels/ProfileViewModel.swift /Users/sergejhlystov/ALADDIN_NEW/ALADDIN_NEW/mobile_apps/ALADDIN_iOS/Components/Modals/ConsentModal.swift /Users/sergejhlystov/ALADDIN_NEW/ALADDIN_NEW/mobile_apps/ALADDIN_iOS/ViewModels/ParentalControlViewModel.swift /Users/sergejhlystov/ALADDIN_NEW/ALADDIN_NEW/mobile_apps/ALADDIN_iOS/ViewModels/OnboardingViewModel.swift /Users/sergejhlystov/ALADDIN_NEW/ALADDIN_NEW/mobile_apps/ALADDIN_iOS/Shared/Styles/Colors.swift /Users/sergejhlystov/ALADDIN_NEW/ALADDIN_NEW/mobile_apps/ALADDIN_iOS/Screens/ChildRewardsScreen.swift /Users/sergejhlystov/ALADDIN_NEW/ALADDIN_NEW/mobile_apps/ALADDIN_iOS/Screens/21_ReferralScreen.swift /Users/sergejhlystov/ALADDIN_NEW/ALADDIN_NEW/mobile_apps/ALADDIN_iOS/Shared/Components/AvatarSelector.swift /Users/sergejhlystov/ALADDIN_NEW/ALADDIN_NEW/mobile_apps/ALADDIN_iOS/Shared/Components/Navigation/ALADDINNavigationBar.swift /Users/sergejhlystov/ALADDIN_NEW/ALADDIN_NEW/mobile_apps/ALADDIN_iOS/Screens/14_OnboardingScreen.swift /Users/sergejhlystov/ALADDIN_NEW/ALADDIN_NEW/mobile_apps/ALADDIN_iOS/Components/Modals/FamilyCreatedModal.swift -primary-file /Users/sergejhlystov/ALADDIN_NEW/ALADDIN_NEW/mobile_apps/ALADDIN_iOS/ViewModels/PaymentQRViewModel.swift -primary-file /Users/sergejhlystov/ALADDIN_NEW/ALADDIN_NEW/mobile_apps/ALADDIN_iOS/Core/Navigation/NavigationManager.swift -primary-file /Users/sergejhlystov/ALADDIN_NEW/ALADDIN_NEW/mobile_apps/ALADDIN_iOS/Core/Accessibility/AccessibilityManager.swift -primary-file /Users/sergejhlystov/ALADDIN_NEW/ALADDIN_NEW/mobile_apps/ALADDIN_iOS/Core/Store/StoreManager.swift -primary-file /Users/sergejhlystov/ALADDIN_NEW/ALADDIN_NEW/mobile_apps/ALADDIN_iOS/Screens/WheelOfFortuneView.swift -primary-file /Users/sergejhlystov/ALADDIN_NEW/ALADDIN_NEW/mobile_apps/ALADDIN_iOS/Screens/UnicornUniverseView.swift -primary-file /Users/sergejhlystov/ALADDIN_NEW/ALADDIN_NEW/mobile_apps/ALADDIN_iOS/Core/Localization/LocalizationManager.swift -primary-file /Users/sergejhlystov/ALADDIN_NEW/ALADDIN_NEW/mobile_apps/ALADDIN_iOS/Screens/13_SupportScreen.swift -primary-file /Users/sergejhlystov/ALADDIN_NEW/ALADDIN_NEW/mobile_apps/ALADDIN_iOS/Core/Analytics/AnalyticsManager.swift -primary-file /Users/sergejhlystov/ALADDIN_NEW/ALADDIN_NEW/mobile_apps/ALADDIN_iOS/Screens/07_ParentalControlScreen.swift -primary-file /Users/sergejhlystov/ALADDIN_NEW/ALADDIN_NEW/mobile_apps/ALADDIN_iOS/Screens/05_SettingsScreen.swift /Users/sergejhlystov/ALADDIN_NEW/ALADDIN_NEW/mobile_apps/ALADDIN_iOS/Screens/RewardsModalView.swift /Users/sergejhlystov/ALADDIN_NEW/ALADDIN_NEW/mobile_apps/ALADDIN_iOS/Screens/23_FamilyChatScreen.swift /Users/sergejhlystov/ALADDIN_NEW/ALADDIN_NEW/mobile_apps/ALADDIN_iOS/Screens/02_FamilyScreen.swift /Users/sergejhlystov/ALADDIN_NEW/ALADDIN_NEW/mobile_apps/ALADDIN_iOS/Screens/20_DevicesScreen.swift /Users/sergejhlystov/ALADDIN_NEW/ALADDIN_NEW/mobile_apps/ALADDIN_iOS/Shared/Components/ViewModifiers.swift /Users/sergejhlystov/ALADDIN_NEW/ALADDIN_NEW/mobile_apps/ALADDIN_iOS/Shared/Components/HapticFeedback.swift /Users/sergejhlystov/ALADDIN_NEW/ALADDIN_NEW/mobile_apps/ALADDIN_iOS/Screens/MainScreenWithRegistration.swift /Users/sergejhlystov/ALADDIN_NEW/ALADDIN_NEW/mobile_apps/ALADDIN_iOS/Core/Network/NetworkError.swift /Users/sergejhlystov/ALADDIN_NEW/ALADDIN_NEW/mobile_apps/ALADDIN_iOS/Screens/LanguageSettingsScreen.swift /Users/sergejhlystov/ALADDIN_NEW/ALADDIN_NEW/mobile_apps/ALADDIN_iOS/ViewModels/FamilyRegistrationViewModel.swift /Users/sergejhlystov/ALADDIN_NEW/ALADDIN_NEW/mobile_apps/ALADDIN_iOS/Shared/Styles/CornerRadius.swift /Users/sergejhlystov/ALADDIN_NEW/ALADDIN_NEW/mobile_apps/ALADDIN_iOS/Screens/01_MainScreen.swift /Users/sergejhlystov/ALADDIN_NEW/ALADDIN_NEW/mobile_apps/ALADDIN_iOS/Screens/FamilyTournamentView.swift /Users/sergejhlystov/ALADDIN_NEW/ALADDIN_NEW/mobile_apps/ALADDIN_iOS/Shared/Styles/Fonts.swift /Users/sergejhlystov/ALADDIN_NEW/ALADDIN_NEW/mobile_apps/ALADDIN_iOS/Screens/GamesParentalControlView.swift /Users/sergejhlystov/ALADDIN_NEW/ALADDIN_NEW/mobile_apps/ALADDIN_iOS/Shared/Components/QRScannerModal.swift /Users/sergejhlystov/ALADDIN_NEW/ALADDIN_NEW/mobile_apps/ALADDIN_iOS/Screens/04_AnalyticsScreen.swift /Users/sergejhlystov/ALADDIN_NEW/ALADDIN_NEW/mobile_apps/ALADDIN_iOS/Screens/24_VPNEnergyStatsScreen.swift /Users/sergejhlystov/ALADDIN_NEW/ALADDIN_NEW/mobile_apps/ALADDIN_iOS/Shared/Components/Modals/ProfileEditView.swift /Users/sergejhlystov/ALADDIN_NEW/ALADDIN_NEW/mobile_apps/ALADDIN_iOS/ViewModels/TariffsViewModel.swift /Users/sergejhlystov/ALADDIN_NEW/ALADDIN_NEW/mobile_apps/ALADDIN_iOS/Core/Notifications/NotificationManager.swift /Users/sergejhlystov/ALADDIN_NEW/ALADDIN_NEW/mobile_apps/ALADDIN_iOS/Core/Security/SecurityManager.swift -supplementary-output-file-map /var/folders/rf/6rxcyql17sz57_02ng7jd7pr0000gn/T/TemporaryDirectory.wFGpdC/supplementaryOutputs-6 -target x86_64-apple-ios15.0-simulator -enable-objc-interop -sdk /Applications/Xcode.app/Contents/Developer/Platforms/iPhoneSimulator.platform/Developer/SDKs/iPhoneSimulator15.2.sdk -I /Users/sergejhlystov/Library/Developer/Xcode/DerivedData/ALADDIN-eahryzmutvtbyceygnlyjsmiiaha/Build/Products/Debug-iphonesimulator -F /Users/sergejhlystov/Library/Developer/Xcode/DerivedData/ALADDIN-eahryzmutvtbyceygnlyjsmiiaha/Build/Products/Debug-iphonesimulator -enable-testing -g -module-cache-path /Users/sergejhlystov/Library/Developer/Xcode/DerivedData/ModuleCache.noindex -emit-localized-strings -emit-localized-strings-path /Users/sergejhlystov/Library/Developer/Xcode/DerivedData/ALADDIN-eahryzmutvtbyceygnlyjsmiiaha/Build/Intermediates.noindex/ALADDIN.build/Debug-iphonesimulator/ALADDIN.build/Objects-normal/x86_64 -swift-version 5 -enforce-exclusivity\=checked -Onone -D DEBUG -new-driver-path /Applications/Xcode.app/Contents/Developer/Toolchains/XcodeDefault.xctoolchain/usr/bin/swift-driver -serialize-debugging-options -Xcc -working-directory -Xcc /Users/sergejhlystov/ALADDIN_NEW/ALADDIN_NEW/mobile_apps/ALADDIN_iOS -resource-dir /Applications/Xcode.app/Contents/Developer/Toolchains/XcodeDefault.xctoolchain/usr/lib/swift -enable-anonymous-context-mangled-names -Xcc -I/Users/sergejhlystov/Library/Developer/Xcode/DerivedData/ALADDIN-eahryzmutvtbyceygnlyjsmiiaha/Build/Intermediates.noindex/ALADDIN.build/Debug-iphonesimulator/ALADDIN.build/swift-overrides.hmap -Xcc -iquote -Xcc /Users/sergejhlystov/Library/Developer/Xcode/DerivedData/ALADDIN-eahryzmutvtbyceygnlyjsmiiaha/Build/Intermediates.noindex/ALADDIN.build/Debug-iphonesimulator/ALADDIN.build/ALADDIN-generated-files.hmap -Xcc -I/Users/sergejhlystov/Library/Developer/Xcode/DerivedData/ALADDIN-eahryzmutvtbyceygnlyjsmiiaha/Build/Intermediates.noindex/ALADDIN.build/Debug-iphonesimulator/ALADDIN.build/ALADDIN-own-target-headers.hmap -Xcc -I/Users/sergejhlystov/Library/Developer/Xcode/DerivedData/ALADDIN-eahryzmutvtbyceygnlyjsmiiaha/Build/Intermediates.noindex/ALADDIN.build/Debug-iphonesimulator/ALADDIN.build/ALADDIN-all-target-headers.hmap -Xcc -iquote -Xcc /Users/sergejhlystov/Library/Developer/Xcode/DerivedData/ALADDIN-eahryzmutvtbyceygnlyjsmiiaha/Build/Intermediates.noindex/ALADDIN.build/Debug-iphonesimulator/ALADDIN.build/ALADDIN-project-headers.hmap -Xcc -I/Users/sergejhlystov/Library/Developer/Xcode/DerivedData/ALADDIN-eahryzmutvtbyceygnlyjsmiiaha/Build/Products/Debug-iphonesimulator/include -Xcc -I/Users/sergejhlystov/Library/Developer/Xcode/DerivedData/ALADDIN-eahryzmutvtbyceygnlyjsmiiaha/Build/Intermediates.noindex/ALADDIN.build/Debug-iphonesimulator/ALADDIN.build/DerivedSources-normal/x86_64 -Xcc -I/Users/sergejhlystov/Library/Developer/Xcode/DerivedData/ALADDIN-eahryzmutvtbyceygnlyjsmiiaha/Build/Intermediates.noindex/ALADDIN.build/Debug-iphonesimulator/ALADDIN.build/DerivedSources/x86_64 -Xcc -I/Users/sergejhlystov/Library/Developer/Xcode/DerivedData/ALADDIN-eahryzmutvtbyceygnlyjsmiiaha/Build/Intermediates.noindex/ALADDIN.build/Debug-iphonesimulator/ALADDIN.build/DerivedSources -Xcc -DDEBUG\=1 -module-name ALADDIN -target-sdk-version 15.2.0 -o /Users/sergejhlystov/Library/Developer/Xcode/DerivedData/ALADDIN-eahryzmutvtbyceygnlyjsmiiaha/Build/Intermediates.noindex/ALADDIN.build/Debug-iphonesimulator/ALADDIN.build/Objects-normal/x86_64/PaymentQRViewModel.o -o /Users/sergejhlystov/Library/Developer/Xcode/DerivedData/ALADDIN-eahryzmutvtbyceygnlyjsmiiaha/Build/Intermediates.noindex/ALADDIN.build/Debug-iphonesimulator/ALADDIN.build/Objects-normal/x86_64/NavigationManager.o -o /Users/sergejhlystov/Library/Developer/Xcode/DerivedData/ALADDIN-eahryzmutvtbyceygnlyjsmiiaha/Build/Intermediates.noindex/ALADDIN.build/Debug-iphonesimulator/ALADDIN.build/Objects-normal/x86_64/AccessibilityManager.o -o /Users/sergejhlystov/Library/Developer/Xcode/DerivedData/ALADDIN-eahryzmutvtbyceygnlyjsmiiaha/Build/Intermediates.noindex/ALADDIN.build/Debug-iphonesimulator/ALADDIN.build/Objects-normal/x86_64/StoreManager.o -o /Users/sergejhlystov/Library/Developer/Xcode/DerivedData/ALADDIN-eahryzmutvtbyceygnlyjsmiiaha/Build/Intermediates.noindex/ALADDIN.build/Debug-iphonesimulator/ALADDIN.build/Objects-normal/x86_64/WheelOfFortuneView.o -o /Users/sergejhlystov/Library/Developer/Xcode/DerivedData/ALADDIN-eahryzmutvtbyceygnlyjsmiiaha/Build/Intermediates.noindex/ALADDIN.build/Debug-iphonesimulator/ALADDIN.build/Objects-normal/x86_64/UnicornUniverseView.o -o /Users/sergejhlystov/Library/Developer/Xcode/DerivedData/ALADDIN-eahryzmutvtbyceygnlyjsmiiaha/Build/Intermediates.noindex/ALADDIN.build/Debug-iphonesimulator/ALADDIN.build/Objects-normal/x86_64/LocalizationManager.o -o /Users/sergejhlystov/Library/Developer/Xcode/DerivedData/ALADDIN-eahryzmutvtbyceygnlyjsmiiaha/Build/Intermediates.noindex/ALADDIN.build/Debug-iphonesimulator/ALADDIN.build/Objects-normal/x86_64/13_SupportScreen.o -o /Users/sergejhlystov/Library/Developer/Xcode/DerivedData/ALADDIN-eahryzmutvtbyceygnlyjsmiiaha/Build/Intermediates.noindex/ALADDIN.build/Debug-iphonesimulator/ALADDIN.build/Objects-normal/x86_64/AnalyticsManager.o -o /Users/sergejhlystov/Library/Developer/Xcode/DerivedData/ALADDIN-eahryzmutvtbyceygnlyjsmiiaha/Build/Intermediates.noindex/ALADDIN.build/Debug-iphonesimulator/ALADDIN.build/Objects-normal/x86_64/07_ParentalControlScreen.o -o /Users/sergejhlystov/Library/Developer/Xcode/DerivedData/ALADDIN-eahryzmutvtbyceygnlyjsmiiaha/Build/Intermediates.noindex/ALADDIN.build/Debug-iphonesimulator/ALADDIN.build/Objects-normal/x86_64/05_SettingsScreen.o -index-store-path /Users/sergejhlystov/Library/Developer/Xcode/DerivedData/ALADDIN-eahryzmutvtbyceygnlyjsmiiaha/Index/DataStore -index-system-modules

CompileSwift normal x86_64 /Users/sergejhlystov/ALADDIN_NEW/ALADDIN_NEW/mobile_apps/ALADDIN_iOS/Screens/05_SettingsScreen.swift (in target 'ALADDIN' from project 'ALADDIN')
    cd /Users/sergejhlystov/ALADDIN_NEW/ALADDIN_NEW/mobile_apps/ALADDIN_iOS
    /Applications/Xcode.app/Contents/Developer/Toolchains/XcodeDefault.xctoolchain/usr/bin/swift-frontend -frontend -c /Users/sergejhlystov/ALADDIN_NEW/ALADDIN_NEW/mobile_apps/ALADDIN_iOS/Screens/RewardsQuickModal.swift /Users/sergejhlystov/ALADDIN_NEW/ALADDIN_NEW/mobile_apps/ALADDIN_iOS/Screens/08_ChildInterfaceScreen.swift /Users/sergejhlystov/ALADDIN_NEW/ALADDIN_NEW/mobile_apps/ALADDIN_iOS/ContentView.swift /Users/sergejhlystov/ALADDIN_NEW/ALADDIN_NEW/mobile_apps/ALADDIN_iOS/Shared/Components/ALADDINToggle.swift /Users/sergejhlystov/ALADDIN_NEW/ALADDIN_NEW/mobile_apps/ALADDIN_iOS/Components/Modals/AgeGroupSelectionModal.swift /Users/sergejhlystov/ALADDIN_NEW/ALADDIN_NEW/mobile_apps/ALADDIN_iOS/ALADDINApp.swift /Users/sergejhlystov/ALADDIN_NEW/ALADDIN_NEW/mobile_apps/ALADDIN_iOS/Shared/Models/FunctionStatus.swift /Users/sergejhlystov/ALADDIN_NEW/ALADDIN_NEW/mobile_apps/ALADDIN_iOS/ViewModels/MainViewModel.swift /Users/sergejhlystov/ALADDIN_NEW/ALADDIN_NEW/mobile_apps/ALADDIN_iOS/Shared/Components/Buttons/PrimaryButton.swift /Users/sergejhlystov/ALADDIN_NEW/ALADDIN_NEW/mobile_apps/ALADDIN_iOS/Screens/NotificationSettingsScreen.swift /Users/sergejhlystov/ALADDIN_NEW/ALADDIN_NEW/mobile_apps/ALADDIN_iOS/Screens/ChildContentScreen.swift /Users/sergejhlystov/ALADDIN_NEW/ALADDIN_NEW/mobile_apps/ALADDIN_iOS/Shared/Components/StatItem.swift /Users/sergejhlystov/ALADDIN_NEW/ALADDIN_NEW/mobile_apps/ALADDIN_iOS/Shared/Components/Cards/FamilyMemberCard.swift /Users/sergejhlystov/ALADDIN_NEW/ALADDIN_NEW/mobile_apps/ALADDIN_iOS/ViewModels/VPNViewModel.swift /Users/sergejhlystov/ALADDIN_NEW/ALADDIN_NEW/mobile_apps/ALADDIN_iOS/Core/Models/APIModels.swift /Users/sergejhlystov/ALADDIN_NEW/ALADDIN_NEW/mobile_apps/ALADDIN_iOS/Core/VPN/VPNManager.swift /Users/sergejhlystov/ALADDIN_NEW/ALADDIN_NEW/mobile_apps/ALADDIN_iOS/Screens/UnicornPetView.swift /Users/sergejhlystov/ALADDIN_NEW/ALADDIN_NEW/mobile_apps/ALADDIN_iOS/Core/Network/APIService.swift /Users/sergejhlystov/ALADDIN_NEW/ALADDIN_NEW/mobile_apps/ALADDIN_iOS/Screens/18_PrivacyPolicyScreen.swift /Users/sergejhlystov/ALADDIN_NEW/ALADDIN_NEW/mobile_apps/ALADDIN_iOS/Screens/10_TariffsScreen.swift /Users/sergejhlystov/ALADDIN_NEW/ALADDIN_NEW/mobile_apps/ALADDIN_iOS/Screens/03_VPNScreen.swift /Users/sergejhlystov/ALADDIN_NEW/ALADDIN_NEW/mobile_apps/ALADDIN_iOS/Screens/09_ElderlyInterfaceScreen.swift /Users/sergejhlystov/ALADDIN_NEW/ALADDIN_NEW/mobile_apps/ALADDIN_iOS/Shared/Components/SecondaryButton.swift /Users/sergejhlystov/ALADDIN_NEW/ALADDIN_NEW/mobile_apps/ALADDIN_iOS/Screens/11_ProfileScreen.swift /Users/sergejhlystov/ALADDIN_NEW/ALADDIN_NEW/mobile_apps/ALADDIN_iOS/Core/Network/NetworkManager.swift /Users/sergejhlystov/ALADDIN_NEW/ALADDIN_NEW/mobile_apps/ALADDIN_iOS/Screens/19_TermsOfServiceScreen.swift /Users/sergejhlystov/ALADDIN_NEW/ALADDIN_NEW/mobile_apps/ALADDIN_iOS/Core/Config/AppConfig.swift /Users/sergejhlystov/ALADDIN_NEW/ALADDIN_NEW/mobile_apps/ALADDIN_iOS/ViewModels/FamilyViewModel.swift /Users/sergejhlystov/ALADDIN_NEW/ALADDIN_NEW/mobile_apps/ALADDIN_iOS/ViewModels/AIAssistantViewModel.swift /Users/sergejhlystov/ALADDIN_NEW/ALADDIN_NEW/mobile_apps/ALADDIN_iOS/Screens/22_DeviceDetailScreen.swift /Users/sergejhlystov/ALADDIN_NEW/ALADDIN_NEW/mobile_apps/ALADDIN_iOS/Screens/WidgetConfigurationScreen.swift /Users/sergejhlystov/ALADDIN_NEW/ALADDIN_NEW/mobile_apps/ALADDIN_iOS/Core/Security/KeychainManager.swift /Users/sergejhlystov/ALADDIN_NEW/ALADDIN_NEW/mobile_apps/ALADDIN_iOS/Shared/Components/Modals/MemberStatsModalView.swift /Users/sergejhlystov/ALADDIN_NEW/ALADDIN_NEW/mobile_apps/ALADDIN_iOS/Shared/Styles/Spacing.swift /Users/sergejhlystov/ALADDIN_NEW/ALADDIN_NEW/mobile_apps/ALADDIN_iOS/Shared/Components/RecoveryOptionsModal.swift /Users/sergejhlystov/ALADDIN_NEW/ALADDIN_NEW/mobile_apps/ALADDIN_iOS/ViewModels/SettingsViewModel.swift /Users/sergejhlystov/ALADDIN_NEW/ALADDIN_NEW/mobile_apps/ALADDIN_iOS/Shared/Components/InfoRow.swift /Users/sergejhlystov/ALADDIN_NEW/ALADDIN_NEW/mobile_apps/ALADDIN_iOS/Screens/25_PaymentQRScreen.swift /Users/sergejhlystov/ALADDIN_NEW/ALADDIN_NEW/mobile_apps/ALADDIN_iOS/Shared/Components/Modals/RoleSelectionModal.swift /Users/sergejhlystov/ALADDIN_NEW/ALADDIN_NEW/mobile_apps/ALADDIN_iOS/ViewModels/SupportViewModel.swift /Users/sergejhlystov/ALADDIN_NEW/ALADDIN_NEW/mobile_apps/ALADDIN_iOS/ViewModels/ChildInterfaceViewModel.swift /Users/sergejhlystov/ALADDIN_NEW/ALADDIN_NEW/mobile_apps/ALADDIN_iOS/Screens/12_NotificationsScreen.swift /Users/sergejhlystov/ALADDIN_NEW/ALADDIN_NEW/mobile_apps/ALADDIN_iOS/ViewModels/ElderlyInterfaceViewModel.swift /Users/sergejhlystov/ALADDIN_NEW/ALADDIN_NEW/mobile_apps/ALADDIN_iOS/ViewModels/AnalyticsViewModel.swift /Users/sergejhlystov/ALADDIN_NEW/ALADDIN_NEW/mobile_apps/ALADDIN_iOS/Core/Cache/CacheManager.swift /Users/sergejhlystov/ALADDIN_NEW/ALADDIN_NEW/mobile_apps/ALADDIN_iOS/ViewModels/NotificationsViewModel.swift /Users/sergejhlystov/ALADDIN_NEW/ALADDIN_NEW/mobile_apps/ALADDIN_iOS/Screens/06_AIAssistantScreen.swift /Users/sergejhlystov/ALADDIN_NEW/ALADDIN_NEW/mobile_apps/ALADDIN_iOS/ViewModels/ProfileViewModel.swift /Users/sergejhlystov/ALADDIN_NEW/ALADDIN_NEW/mobile_apps/ALADDIN_iOS/Components/Modals/ConsentModal.swift /Users/sergejhlystov/ALADDIN_NEW/ALADDIN_NEW/mobile_apps/ALADDIN_iOS/ViewModels/ParentalControlViewModel.swift /Users/sergejhlystov/ALADDIN_NEW/ALADDIN_NEW/mobile_apps/ALADDIN_iOS/ViewModels/OnboardingViewModel.swift /Users/sergejhlystov/ALADDIN_NEW/ALADDIN_NEW/mobile_apps/ALADDIN_iOS/Shared/Styles/Colors.swift /Users/sergejhlystov/ALADDIN_NEW/ALADDIN_NEW/mobile_apps/ALADDIN_iOS/Screens/ChildRewardsScreen.swift /Users/sergejhlystov/ALADDIN_NEW/ALADDIN_NEW/mobile_apps/ALADDIN_iOS/Screens/21_ReferralScreen.swift /Users/sergejhlystov/ALADDIN_NEW/ALADDIN_NEW/mobile_apps/ALADDIN_iOS/Shared/Components/AvatarSelector.swift /Users/sergejhlystov/ALADDIN_NEW/ALADDIN_NEW/mobile_apps/ALADDIN_iOS/Shared/Components/Navigation/ALADDINNavigationBar.swift /Users/sergejhlystov/ALADDIN_NEW/ALADDIN_NEW/mobile_apps/ALADDIN_iOS/Screens/14_OnboardingScreen.swift /Users/sergejhlystov/ALADDIN_NEW/ALADDIN_NEW/mobile_apps/ALADDIN_iOS/Components/Modals/FamilyCreatedModal.swift -primary-file /Users/sergejhlystov/ALADDIN_NEW/ALADDIN_NEW/mobile_apps/ALADDIN_iOS/ViewModels/PaymentQRViewModel.swift -primary-file /Users/sergejhlystov/ALADDIN_NEW/ALADDIN_NEW/mobile_apps/ALADDIN_iOS/Core/Navigation/NavigationManager.swift -primary-file /Users/sergejhlystov/ALADDIN_NEW/ALADDIN_NEW/mobile_apps/ALADDIN_iOS/Core/Accessibility/AccessibilityManager.swift -primary-file /Users/sergejhlystov/ALADDIN_NEW/ALADDIN_NEW/mobile_apps/ALADDIN_iOS/Core/Store/StoreManager.swift -primary-file /Users/sergejhlystov/ALADDIN_NEW/ALADDIN_NEW/mobile_apps/ALADDIN_iOS/Screens/WheelOfFortuneView.swift -primary-file /Users/sergejhlystov/ALADDIN_NEW/ALADDIN_NEW/mobile_apps/ALADDIN_iOS/Screens/UnicornUniverseView.swift -primary-file /Users/sergejhlystov/ALADDIN_NEW/ALADDIN_NEW/mobile_apps/ALADDIN_iOS/Core/Localization/LocalizationManager.swift -primary-file /Users/sergejhlystov/ALADDIN_NEW/ALADDIN_NEW/mobile_apps/ALADDIN_iOS/Screens/13_SupportScreen.swift -primary-file /Users/sergejhlystov/ALADDIN_NEW/ALADDIN_NEW/mobile_apps/ALADDIN_iOS/Core/Analytics/AnalyticsManager.swift -primary-file /Users/sergejhlystov/ALADDIN_NEW/ALADDIN_NEW/mobile_apps/ALADDIN_iOS/Screens/07_ParentalControlScreen.swift -primary-file /Users/sergejhlystov/ALADDIN_NEW/ALADDIN_NEW/mobile_apps/ALADDIN_iOS/Screens/05_SettingsScreen.swift /Users/sergejhlystov/ALADDIN_NEW/ALADDIN_NEW/mobile_apps/ALADDIN_iOS/Screens/RewardsModalView.swift /Users/sergejhlystov/ALADDIN_NEW/ALADDIN_NEW/mobile_apps/ALADDIN_iOS/Screens/23_FamilyChatScreen.swift /Users/sergejhlystov/ALADDIN_NEW/ALADDIN_NEW/mobile_apps/ALADDIN_iOS/Screens/02_FamilyScreen.swift /Users/sergejhlystov/ALADDIN_NEW/ALADDIN_NEW/mobile_apps/ALADDIN_iOS/Screens/20_DevicesScreen.swift /Users/sergejhlystov/ALADDIN_NEW/ALADDIN_NEW/mobile_apps/ALADDIN_iOS/Shared/Components/ViewModifiers.swift /Users/sergejhlystov/ALADDIN_NEW/ALADDIN_NEW/mobile_apps/ALADDIN_iOS/Shared/Components/HapticFeedback.swift /Users/sergejhlystov/ALADDIN_NEW/ALADDIN_NEW/mobile_apps/ALADDIN_iOS/Screens/MainScreenWithRegistration.swift /Users/sergejhlystov/ALADDIN_NEW/ALADDIN_NEW/mobile_apps/ALADDIN_iOS/Core/Network/NetworkError.swift /Users/sergejhlystov/ALADDIN_NEW/ALADDIN_NEW/mobile_apps/ALADDIN_iOS/Screens/LanguageSettingsScreen.swift /Users/sergejhlystov/ALADDIN_NEW/ALADDIN_NEW/mobile_apps/ALADDIN_iOS/ViewModels/FamilyRegistrationViewModel.swift /Users/sergejhlystov/ALADDIN_NEW/ALADDIN_NEW/mobile_apps/ALADDIN_iOS/Shared/Styles/CornerRadius.swift /Users/sergejhlystov/ALADDIN_NEW/ALADDIN_NEW/mobile_apps/ALADDIN_iOS/Screens/01_MainScreen.swift /Users/sergejhlystov/ALADDIN_NEW/ALADDIN_NEW/mobile_apps/ALADDIN_iOS/Screens/FamilyTournamentView.swift /Users/sergejhlystov/ALADDIN_NEW/ALADDIN_NEW/mobile_apps/ALADDIN_iOS/Shared/Styles/Fonts.swift /Users/sergejhlystov/ALADDIN_NEW/ALADDIN_NEW/mobile_apps/ALADDIN_iOS/Screens/GamesParentalControlView.swift /Users/sergejhlystov/ALADDIN_NEW/ALADDIN_NEW/mobile_apps/ALADDIN_iOS/Shared/Components/QRScannerModal.swift /Users/sergejhlystov/ALADDIN_NEW/ALADDIN_NEW/mobile_apps/ALADDIN_iOS/Screens/04_AnalyticsScreen.swift /Users/sergejhlystov/ALADDIN_NEW/ALADDIN_NEW/mobile_apps/ALADDIN_iOS/Screens/24_VPNEnergyStatsScreen.swift /Users/sergejhlystov/ALADDIN_NEW/ALADDIN_NEW/mobile_apps/ALADDIN_iOS/Shared/Components/Modals/ProfileEditView.swift /Users/sergejhlystov/ALADDIN_NEW/ALADDIN_NEW/mobile_apps/ALADDIN_iOS/ViewModels/TariffsViewModel.swift /Users/sergejhlystov/ALADDIN_NEW/ALADDIN_NEW/mobile_apps/ALADDIN_iOS/Core/Notifications/NotificationManager.swift /Users/sergejhlystov/ALADDIN_NEW/ALADDIN_NEW/mobile_apps/ALADDIN_iOS/Core/Security/SecurityManager.swift -supplementary-output-file-map /var/folders/rf/6rxcyql17sz57_02ng7jd7pr0000gn/T/TemporaryDirectory.wFGpdC/supplementaryOutputs-6 -target x86_64-apple-ios15.0-simulator -enable-objc-interop -sdk /Applications/Xcode.app/Contents/Developer/Platforms/iPhoneSimulator.platform/Developer/SDKs/iPhoneSimulator15.2.sdk -I /Users/sergejhlystov/Library/Developer/Xcode/DerivedData/ALADDIN-eahryzmutvtbyceygnlyjsmiiaha/Build/Products/Debug-iphonesimulator -F /Users/sergejhlystov/Library/Developer/Xcode/DerivedData/ALADDIN-eahryzmutvtbyceygnlyjsmiiaha/Build/Products/Debug-iphonesimulator -enable-testing -g -module-cache-path /Users/sergejhlystov/Library/Developer/Xcode/DerivedData/ModuleCache.noindex -emit-localized-strings -emit-localized-strings-path /Users/sergejhlystov/Library/Developer/Xcode/DerivedData/ALADDIN-eahryzmutvtbyceygnlyjsmiiaha/Build/Intermediates.noindex/ALADDIN.build/Debug-iphonesimulator/ALADDIN.build/Objects-normal/x86_64 -swift-version 5 -enforce-exclusivity\=checked -Onone -D DEBUG -new-driver-path /Applications/Xcode.app/Contents/Developer/Toolchains/XcodeDefault.xctoolchain/usr/bin/swift-driver -serialize-debugging-options -Xcc -working-directory -Xcc /Users/sergejhlystov/ALADDIN_NEW/ALADDIN_NEW/mobile_apps/ALADDIN_iOS -resource-dir /Applications/Xcode.app/Contents/Developer/Toolchains/XcodeDefault.xctoolchain/usr/lib/swift -enable-anonymous-context-mangled-names -Xcc -I/Users/sergejhlystov/Library/Developer/Xcode/DerivedData/ALADDIN-eahryzmutvtbyceygnlyjsmiiaha/Build/Intermediates.noindex/ALADDIN.build/Debug-iphonesimulator/ALADDIN.build/swift-overrides.hmap -Xcc -iquote -Xcc /Users/sergejhlystov/Library/Developer/Xcode/DerivedData/ALADDIN-eahryzmutvtbyceygnlyjsmiiaha/Build/Intermediates.noindex/ALADDIN.build/Debug-iphonesimulator/ALADDIN.build/ALADDIN-generated-files.hmap -Xcc -I/Users/sergejhlystov/Library/Developer/Xcode/DerivedData/ALADDIN-eahryzmutvtbyceygnlyjsmiiaha/Build/Intermediates.noindex/ALADDIN.build/Debug-iphonesimulator/ALADDIN.build/ALADDIN-own-target-headers.hmap -Xcc -I/Users/sergejhlystov/Library/Developer/Xcode/DerivedData/ALADDIN-eahryzmutvtbyceygnlyjsmiiaha/Build/Intermediates.noindex/ALADDIN.build/Debug-iphonesimulator/ALADDIN.build/ALADDIN-all-target-headers.hmap -Xcc -iquote -Xcc /Users/sergejhlystov/Library/Developer/Xcode/DerivedData/ALADDIN-eahryzmutvtbyceygnlyjsmiiaha/Build/Intermediates.noindex/ALADDIN.build/Debug-iphonesimulator/ALADDIN.build/ALADDIN-project-headers.hmap -Xcc -I/Users/sergejhlystov/Library/Developer/Xcode/DerivedData/ALADDIN-eahryzmutvtbyceygnlyjsmiiaha/Build/Products/Debug-iphonesimulator/include -Xcc -I/Users/sergejhlystov/Library/Developer/Xcode/DerivedData/ALADDIN-eahryzmutvtbyceygnlyjsmiiaha/Build/Intermediates.noindex/ALADDIN.build/Debug-iphonesimulator/ALADDIN.build/DerivedSources-normal/x86_64 -Xcc -I/Users/sergejhlystov/Library/Developer/Xcode/DerivedData/ALADDIN-eahryzmutvtbyceygnlyjsmiiaha/Build/Intermediates.noindex/ALADDIN.build/Debug-iphonesimulator/ALADDIN.build/DerivedSources/x86_64 -Xcc -I/Users/sergejhlystov/Library/Developer/Xcode/DerivedData/ALADDIN-eahryzmutvtbyceygnlyjsmiiaha/Build/Intermediates.noindex/ALADDIN.build/Debug-iphonesimulator/ALADDIN.build/DerivedSources -Xcc -DDEBUG\=1 -module-name ALADDIN -target-sdk-version 15.2.0 -o /Users/sergejhlystov/Library/Developer/Xcode/DerivedData/ALADDIN-eahryzmutvtbyceygnlyjsmiiaha/Build/Intermediates.noindex/ALADDIN.build/Debug-iphonesimulator/ALADDIN.build/Objects-normal/x86_64/PaymentQRViewModel.o -o /Users/sergejhlystov/Library/Developer/Xcode/DerivedData/ALADDIN-eahryzmutvtbyceygnlyjsmiiaha/Build/Intermediates.noindex/ALADDIN.build/Debug-iphonesimulator/ALADDIN.build/Objects-normal/x86_64/NavigationManager.o -o /Users/sergejhlystov/Library/Developer/Xcode/DerivedData/ALADDIN-eahryzmutvtbyceygnlyjsmiiaha/Build/Intermediates.noindex/ALADDIN.build/Debug-iphonesimulator/ALADDIN.build/Objects-normal/x86_64/AccessibilityManager.o -o /Users/sergejhlystov/Library/Developer/Xcode/DerivedData/ALADDIN-eahryzmutvtbyceygnlyjsmiiaha/Build/Intermediates.noindex/ALADDIN.build/Debug-iphonesimulator/ALADDIN.build/Objects-normal/x86_64/StoreManager.o -o /Users/sergejhlystov/Library/Developer/Xcode/DerivedData/ALADDIN-eahryzmutvtbyceygnlyjsmiiaha/Build/Intermediates.noindex/ALADDIN.build/Debug-iphonesimulator/ALADDIN.build/Objects-normal/x86_64/WheelOfFortuneView.o -o /Users/sergejhlystov/Library/Developer/Xcode/DerivedData/ALADDIN-eahryzmutvtbyceygnlyjsmiiaha/Build/Intermediates.noindex/ALADDIN.build/Debug-iphonesimulator/ALADDIN.build/Objects-normal/x86_64/UnicornUniverseView.o -o /Users/sergejhlystov/Library/Developer/Xcode/DerivedData/ALADDIN-eahryzmutvtbyceygnlyjsmiiaha/Build/Intermediates.noindex/ALADDIN.build/Debug-iphonesimulator/ALADDIN.build/Objects-normal/x86_64/LocalizationManager.o -o /Users/sergejhlystov/Library/Developer/Xcode/DerivedData/ALADDIN-eahryzmutvtbyceygnlyjsmiiaha/Build/Intermediates.noindex/ALADDIN.build/Debug-iphonesimulator/ALADDIN.build/Objects-normal/x86_64/13_SupportScreen.o -o /Users/sergejhlystov/Library/Developer/Xcode/DerivedData/ALADDIN-eahryzmutvtbyceygnlyjsmiiaha/Build/Intermediates.noindex/ALADDIN.build/Debug-iphonesimulator/ALADDIN.build/Objects-normal/x86_64/AnalyticsManager.o -o /Users/sergejhlystov/Library/Developer/Xcode/DerivedData/ALADDIN-eahryzmutvtbyceygnlyjsmiiaha/Build/Intermediates.noindex/ALADDIN.build/Debug-iphonesimulator/ALADDIN.build/Objects-normal/x86_64/07_ParentalControlScreen.o -o /Users/sergejhlystov/Library/Developer/Xcode/DerivedData/ALADDIN-eahryzmutvtbyceygnlyjsmiiaha/Build/Intermediates.noindex/ALADDIN.build/Debug-iphonesimulator/ALADDIN.build/Objects-normal/x86_64/05_SettingsScreen.o -index-store-path /Users/sergejhlystov/Library/Developer/Xcode/DerivedData/ALADDIN-eahryzmutvtbyceygnlyjsmiiaha/Index/DataStore -index-system-modules

CompileSwift normal x86_64 /Users/sergejhlystov/ALADDIN_NEW/ALADDIN_NEW/mobile_apps/ALADDIN_iOS/Screens/01_MainScreen.swift (in target 'ALADDIN' from project 'ALADDIN')
    cd /Users/sergejhlystov/ALADDIN_NEW/ALADDIN_NEW/mobile_apps/ALADDIN_iOS
    /Applications/Xcode.app/Contents/Developer/Toolchains/XcodeDefault.xctoolchain/usr/bin/swift-frontend -frontend -c /Users/sergejhlystov/ALADDIN_NEW/ALADDIN_NEW/mobile_apps/ALADDIN_iOS/Screens/RewardsQuickModal.swift /Users/sergejhlystov/ALADDIN_NEW/ALADDIN_NEW/mobile_apps/ALADDIN_iOS/Screens/08_ChildInterfaceScreen.swift /Users/sergejhlystov/ALADDIN_NEW/ALADDIN_NEW/mobile_apps/ALADDIN_iOS/ContentView.swift /Users/sergejhlystov/ALADDIN_NEW/ALADDIN_NEW/mobile_apps/ALADDIN_iOS/Shared/Components/ALADDINToggle.swift /Users/sergejhlystov/ALADDIN_NEW/ALADDIN_NEW/mobile_apps/ALADDIN_iOS/Components/Modals/AgeGroupSelectionModal.swift /Users/sergejhlystov/ALADDIN_NEW/ALADDIN_NEW/mobile_apps/ALADDIN_iOS/ALADDINApp.swift /Users/sergejhlystov/ALADDIN_NEW/ALADDIN_NEW/mobile_apps/ALADDIN_iOS/Shared/Models/FunctionStatus.swift /Users/sergejhlystov/ALADDIN_NEW/ALADDIN_NEW/mobile_apps/ALADDIN_iOS/ViewModels/MainViewModel.swift /Users/sergejhlystov/ALADDIN_NEW/ALADDIN_NEW/mobile_apps/ALADDIN_iOS/Shared/Components/Buttons/PrimaryButton.swift /Users/sergejhlystov/ALADDIN_NEW/ALADDIN_NEW/mobile_apps/ALADDIN_iOS/Screens/NotificationSettingsScreen.swift /Users/sergejhlystov/ALADDIN_NEW/ALADDIN_NEW/mobile_apps/ALADDIN_iOS/Screens/ChildContentScreen.swift /Users/sergejhlystov/ALADDIN_NEW/ALADDIN_NEW/mobile_apps/ALADDIN_iOS/Shared/Components/StatItem.swift /Users/sergejhlystov/ALADDIN_NEW/ALADDIN_NEW/mobile_apps/ALADDIN_iOS/Shared/Components/Cards/FamilyMemberCard.swift /Users/sergejhlystov/ALADDIN_NEW/ALADDIN_NEW/mobile_apps/ALADDIN_iOS/ViewModels/VPNViewModel.swift /Users/sergejhlystov/ALADDIN_NEW/ALADDIN_NEW/mobile_apps/ALADDIN_iOS/Core/Models/APIModels.swift /Users/sergejhlystov/ALADDIN_NEW/ALADDIN_NEW/mobile_apps/ALADDIN_iOS/Core/VPN/VPNManager.swift /Users/sergejhlystov/ALADDIN_NEW/ALADDIN_NEW/mobile_apps/ALADDIN_iOS/Screens/UnicornPetView.swift /Users/sergejhlystov/ALADDIN_NEW/ALADDIN_NEW/mobile_apps/ALADDIN_iOS/Core/Network/APIService.swift /Users/sergejhlystov/ALADDIN_NEW/ALADDIN_NEW/mobile_apps/ALADDIN_iOS/Screens/18_PrivacyPolicyScreen.swift /Users/sergejhlystov/ALADDIN_NEW/ALADDIN_NEW/mobile_apps/ALADDIN_iOS/Screens/10_TariffsScreen.swift /Users/sergejhlystov/ALADDIN_NEW/ALADDIN_NEW/mobile_apps/ALADDIN_iOS/Screens/03_VPNScreen.swift /Users/sergejhlystov/ALADDIN_NEW/ALADDIN_NEW/mobile_apps/ALADDIN_iOS/Screens/09_ElderlyInterfaceScreen.swift /Users/sergejhlystov/ALADDIN_NEW/ALADDIN_NEW/mobile_apps/ALADDIN_iOS/Shared/Components/SecondaryButton.swift /Users/sergejhlystov/ALADDIN_NEW/ALADDIN_NEW/mobile_apps/ALADDIN_iOS/Screens/11_ProfileScreen.swift /Users/sergejhlystov/ALADDIN_NEW/ALADDIN_NEW/mobile_apps/ALADDIN_iOS/Core/Network/NetworkManager.swift /Users/sergejhlystov/ALADDIN_NEW/ALADDIN_NEW/mobile_apps/ALADDIN_iOS/Screens/19_TermsOfServiceScreen.swift /Users/sergejhlystov/ALADDIN_NEW/ALADDIN_NEW/mobile_apps/ALADDIN_iOS/Core/Config/AppConfig.swift /Users/sergejhlystov/ALADDIN_NEW/ALADDIN_NEW/mobile_apps/ALADDIN_iOS/ViewModels/FamilyViewModel.swift /Users/sergejhlystov/ALADDIN_NEW/ALADDIN_NEW/mobile_apps/ALADDIN_iOS/ViewModels/AIAssistantViewModel.swift /Users/sergejhlystov/ALADDIN_NEW/ALADDIN_NEW/mobile_apps/ALADDIN_iOS/Screens/22_DeviceDetailScreen.swift /Users/sergejhlystov/ALADDIN_NEW/ALADDIN_NEW/mobile_apps/ALADDIN_iOS/Screens/WidgetConfigurationScreen.swift /Users/sergejhlystov/ALADDIN_NEW/ALADDIN_NEW/mobile_apps/ALADDIN_iOS/Core/Security/KeychainManager.swift /Users/sergejhlystov/ALADDIN_NEW/ALADDIN_NEW/mobile_apps/ALADDIN_iOS/Shared/Components/Modals/MemberStatsModalView.swift /Users/sergejhlystov/ALADDIN_NEW/ALADDIN_NEW/mobile_apps/ALADDIN_iOS/Shared/Styles/Spacing.swift /Users/sergejhlystov/ALADDIN_NEW/ALADDIN_NEW/mobile_apps/ALADDIN_iOS/Shared/Components/RecoveryOptionsModal.swift /Users/sergejhlystov/ALADDIN_NEW/ALADDIN_NEW/mobile_apps/ALADDIN_iOS/ViewModels/SettingsViewModel.swift /Users/sergejhlystov/ALADDIN_NEW/ALADDIN_NEW/mobile_apps/ALADDIN_iOS/Shared/Components/InfoRow.swift /Users/sergejhlystov/ALADDIN_NEW/ALADDIN_NEW/mobile_apps/ALADDIN_iOS/Screens/25_PaymentQRScreen.swift /Users/sergejhlystov/ALADDIN_NEW/ALADDIN_NEW/mobile_apps/ALADDIN_iOS/Shared/Components/Modals/RoleSelectionModal.swift /Users/sergejhlystov/ALADDIN_NEW/ALADDIN_NEW/mobile_apps/ALADDIN_iOS/ViewModels/SupportViewModel.swift /Users/sergejhlystov/ALADDIN_NEW/ALADDIN_NEW/mobile_apps/ALADDIN_iOS/ViewModels/ChildInterfaceViewModel.swift /Users/sergejhlystov/ALADDIN_NEW/ALADDIN_NEW/mobile_apps/ALADDIN_iOS/Screens/12_NotificationsScreen.swift /Users/sergejhlystov/ALADDIN_NEW/ALADDIN_NEW/mobile_apps/ALADDIN_iOS/ViewModels/ElderlyInterfaceViewModel.swift /Users/sergejhlystov/ALADDIN_NEW/ALADDIN_NEW/mobile_apps/ALADDIN_iOS/ViewModels/AnalyticsViewModel.swift /Users/sergejhlystov/ALADDIN_NEW/ALADDIN_NEW/mobile_apps/ALADDIN_iOS/Core/Cache/CacheManager.swift /Users/sergejhlystov/ALADDIN_NEW/ALADDIN_NEW/mobile_apps/ALADDIN_iOS/ViewModels/NotificationsViewModel.swift /Users/sergejhlystov/ALADDIN_NEW/ALADDIN_NEW/mobile_apps/ALADDIN_iOS/Screens/06_AIAssistantScreen.swift /Users/sergejhlystov/ALADDIN_NEW/ALADDIN_NEW/mobile_apps/ALADDIN_iOS/ViewModels/ProfileViewModel.swift /Users/sergejhlystov/ALADDIN_NEW/ALADDIN_NEW/mobile_apps/ALADDIN_iOS/Components/Modals/ConsentModal.swift /Users/sergejhlystov/ALADDIN_NEW/ALADDIN_NEW/mobile_apps/ALADDIN_iOS/ViewModels/ParentalControlViewModel.swift /Users/sergejhlystov/ALADDIN_NEW/ALADDIN_NEW/mobile_apps/ALADDIN_iOS/ViewModels/OnboardingViewModel.swift /Users/sergejhlystov/ALADDIN_NEW/ALADDIN_NEW/mobile_apps/ALADDIN_iOS/Shared/Styles/Colors.swift /Users/sergejhlystov/ALADDIN_NEW/ALADDIN_NEW/mobile_apps/ALADDIN_iOS/Screens/ChildRewardsScreen.swift /Users/sergejhlystov/ALADDIN_NEW/ALADDIN_NEW/mobile_apps/ALADDIN_iOS/Screens/21_ReferralScreen.swift /Users/sergejhlystov/ALADDIN_NEW/ALADDIN_NEW/mobile_apps/ALADDIN_iOS/Shared/Components/AvatarSelector.swift /Users/sergejhlystov/ALADDIN_NEW/ALADDIN_NEW/mobile_apps/ALADDIN_iOS/Shared/Components/Navigation/ALADDINNavigationBar.swift /Users/sergejhlystov/ALADDIN_NEW/ALADDIN_NEW/mobile_apps/ALADDIN_iOS/Screens/14_OnboardingScreen.swift /Users/sergejhlystov/ALADDIN_NEW/ALADDIN_NEW/mobile_apps/ALADDIN_iOS/Components/Modals/FamilyCreatedModal.swift /Users/sergejhlystov/ALADDIN_NEW/ALADDIN_NEW/mobile_apps/ALADDIN_iOS/ViewModels/PaymentQRViewModel.swift /Users/sergejhlystov/ALADDIN_NEW/ALADDIN_NEW/mobile_apps/ALADDIN_iOS/Core/Navigation/NavigationManager.swift /Users/sergejhlystov/ALADDIN_NEW/ALADDIN_NEW/mobile_apps/ALADDIN_iOS/Core/Accessibility/AccessibilityManager.swift /Users/sergejhlystov/ALADDIN_NEW/ALADDIN_NEW/mobile_apps/ALADDIN_iOS/Core/Store/StoreManager.swift /Users/sergejhlystov/ALADDIN_NEW/ALADDIN_NEW/mobile_apps/ALADDIN_iOS/Screens/WheelOfFortuneView.swift /Users/sergejhlystov/ALADDIN_NEW/ALADDIN_NEW/mobile_apps/ALADDIN_iOS/Screens/UnicornUniverseView.swift /Users/sergejhlystov/ALADDIN_NEW/ALADDIN_NEW/mobile_apps/ALADDIN_iOS/Core/Localization/LocalizationManager.swift /Users/sergejhlystov/ALADDIN_NEW/ALADDIN_NEW/mobile_apps/ALADDIN_iOS/Screens/13_SupportScreen.swift /Users/sergejhlystov/ALADDIN_NEW/ALADDIN_NEW/mobile_apps/ALADDIN_iOS/Core/Analytics/AnalyticsManager.swift /Users/sergejhlystov/ALADDIN_NEW/ALADDIN_NEW/mobile_apps/ALADDIN_iOS/Screens/07_ParentalControlScreen.swift /Users/sergejhlystov/ALADDIN_NEW/ALADDIN_NEW/mobile_apps/ALADDIN_iOS/Screens/05_SettingsScreen.swift /Users/sergejhlystov/ALADDIN_NEW/ALADDIN_NEW/mobile_apps/ALADDIN_iOS/Screens/RewardsModalView.swift /Users/sergejhlystov/ALADDIN_NEW/ALADDIN_NEW/mobile_apps/ALADDIN_iOS/Screens/23_FamilyChatScreen.swift /Users/sergejhlystov/ALADDIN_NEW/ALADDIN_NEW/mobile_apps/ALADDIN_iOS/Screens/02_FamilyScreen.swift /Users/sergejhlystov/ALADDIN_NEW/ALADDIN_NEW/mobile_apps/ALADDIN_iOS/Screens/20_DevicesScreen.swift /Users/sergejhlystov/ALADDIN_NEW/ALADDIN_NEW/mobile_apps/ALADDIN_iOS/Shared/Components/ViewModifiers.swift /Users/sergejhlystov/ALADDIN_NEW/ALADDIN_NEW/mobile_apps/ALADDIN_iOS/Shared/Components/HapticFeedback.swift /Users/sergejhlystov/ALADDIN_NEW/ALADDIN_NEW/mobile_apps/ALADDIN_iOS/Screens/MainScreenWithRegistration.swift /Users/sergejhlystov/ALADDIN_NEW/ALADDIN_NEW/mobile_apps/ALADDIN_iOS/Core/Network/NetworkError.swift /Users/sergejhlystov/ALADDIN_NEW/ALADDIN_NEW/mobile_apps/ALADDIN_iOS/Screens/LanguageSettingsScreen.swift /Users/sergejhlystov/ALADDIN_NEW/ALADDIN_NEW/mobile_apps/ALADDIN_iOS/ViewModels/FamilyRegistrationViewModel.swift /Users/sergejhlystov/ALADDIN_NEW/ALADDIN_NEW/mobile_apps/ALADDIN_iOS/Shared/Styles/CornerRadius.swift -primary-file /Users/sergejhlystov/ALADDIN_NEW/ALADDIN_NEW/mobile_apps/ALADDIN_iOS/Screens/01_MainScreen.swift -primary-file /Users/sergejhlystov/ALADDIN_NEW/ALADDIN_NEW/mobile_apps/ALADDIN_iOS/Screens/FamilyTournamentView.swift -primary-file /Users/sergejhlystov/ALADDIN_NEW/ALADDIN_NEW/mobile_apps/ALADDIN_iOS/Shared/Styles/Fonts.swift -primary-file /Users/sergejhlystov/ALADDIN_NEW/ALADDIN_NEW/mobile_apps/ALADDIN_iOS/Screens/GamesParentalControlView.swift -primary-file /Users/sergejhlystov/ALADDIN_NEW/ALADDIN_NEW/mobile_apps/ALADDIN_iOS/Shared/Components/QRScannerModal.swift -primary-file /Users/sergejhlystov/ALADDIN_NEW/ALADDIN_NEW/mobile_apps/ALADDIN_iOS/Screens/04_AnalyticsScreen.swift -primary-file /Users/sergejhlystov/ALADDIN_NEW/ALADDIN_NEW/mobile_apps/ALADDIN_iOS/Screens/24_VPNEnergyStatsScreen.swift -primary-file /Users/sergejhlystov/ALADDIN_NEW/ALADDIN_NEW/mobile_apps/ALADDIN_iOS/Shared/Components/Modals/ProfileEditView.swift -primary-file /Users/sergejhlystov/ALADDIN_NEW/ALADDIN_NEW/mobile_apps/ALADDIN_iOS/ViewModels/TariffsViewModel.swift -primary-file /Users/sergejhlystov/ALADDIN_NEW/ALADDIN_NEW/mobile_apps/ALADDIN_iOS/Core/Notifications/NotificationManager.swift -primary-file /Users/sergejhlystov/ALADDIN_NEW/ALADDIN_NEW/mobile_apps/ALADDIN_iOS/Core/Security/SecurityManager.swift -supplementary-output-file-map /var/folders/rf/6rxcyql17sz57_02ng7jd7pr0000gn/T/TemporaryDirectory.wFGpdC/supplementaryOutputs-8 -target x86_64-apple-ios15.0-simulator -enable-objc-interop -sdk /Applications/Xcode.app/Contents/Developer/Platforms/iPhoneSimulator.platform/Developer/SDKs/iPhoneSimulator15.2.sdk -I /Users/sergejhlystov/Library/Developer/Xcode/DerivedData/ALADDIN-eahryzmutvtbyceygnlyjsmiiaha/Build/Products/Debug-iphonesimulator -F /Users/sergejhlystov/Library/Developer/Xcode/DerivedData/ALADDIN-eahryzmutvtbyceygnlyjsmiiaha/Build/Products/Debug-iphonesimulator -enable-testing -g -module-cache-path /Users/sergejhlystov/Library/Developer/Xcode/DerivedData/ModuleCache.noindex -emit-localized-strings -emit-localized-strings-path /Users/sergejhlystov/Library/Developer/Xcode/DerivedData/ALADDIN-eahryzmutvtbyceygnlyjsmiiaha/Build/Intermediates.noindex/ALADDIN.build/Debug-iphonesimulator/ALADDIN.build/Objects-normal/x86_64 -swift-version 5 -enforce-exclusivity\=checked -Onone -D DEBUG -new-driver-path /Applications/Xcode.app/Contents/Developer/Toolchains/XcodeDefault.xctoolchain/usr/bin/swift-driver -serialize-debugging-options -Xcc -working-directory -Xcc /Users/sergejhlystov/ALADDIN_NEW/ALADDIN_NEW/mobile_apps/ALADDIN_iOS -resource-dir /Applications/Xcode.app/Contents/Developer/Toolchains/XcodeDefault.xctoolchain/usr/lib/swift -enable-anonymous-context-mangled-names -Xcc -I/Users/sergejhlystov/Library/Developer/Xcode/DerivedData/ALADDIN-eahryzmutvtbyceygnlyjsmiiaha/Build/Intermediates.noindex/ALADDIN.build/Debug-iphonesimulator/ALADDIN.build/swift-overrides.hmap -Xcc -iquote -Xcc /Users/sergejhlystov/Library/Developer/Xcode/DerivedData/ALADDIN-eahryzmutvtbyceygnlyjsmiiaha/Build/Intermediates.noindex/ALADDIN.build/Debug-iphonesimulator/ALADDIN.build/ALADDIN-generated-files.hmap -Xcc -I/Users/sergejhlystov/Library/Developer/Xcode/DerivedData/ALADDIN-eahryzmutvtbyceygnlyjsmiiaha/Build/Intermediates.noindex/ALADDIN.build/Debug-iphonesimulator/ALADDIN.build/ALADDIN-own-target-headers.hmap -Xcc -I/Users/sergejhlystov/Library/Developer/Xcode/DerivedData/ALADDIN-eahryzmutvtbyceygnlyjsmiiaha/Build/Intermediates.noindex/ALADDIN.build/Debug-iphonesimulator/ALADDIN.build/ALADDIN-all-target-headers.hmap -Xcc -iquote -Xcc /Users/sergejhlystov/Library/Developer/Xcode/DerivedData/ALADDIN-eahryzmutvtbyceygnlyjsmiiaha/Build/Intermediates.noindex/ALADDIN.build/Debug-iphonesimulator/ALADDIN.build/ALADDIN-project-headers.hmap -Xcc -I/Users/sergejhlystov/Library/Developer/Xcode/DerivedData/ALADDIN-eahryzmutvtbyceygnlyjsmiiaha/Build/Products/Debug-iphonesimulator/include -Xcc -I/Users/sergejhlystov/Library/Developer/Xcode/DerivedData/ALADDIN-eahryzmutvtbyceygnlyjsmiiaha/Build/Intermediates.noindex/ALADDIN.build/Debug-iphonesimulator/ALADDIN.build/DerivedSources-normal/x86_64 -Xcc -I/Users/sergejhlystov/Library/Developer/Xcode/DerivedData/ALADDIN-eahryzmutvtbyceygnlyjsmiiaha/Build/Intermediates.noindex/ALADDIN.build/Debug-iphonesimulator/ALADDIN.build/DerivedSources/x86_64 -Xcc -I/Users/sergejhlystov/Library/Developer/Xcode/DerivedData/ALADDIN-eahryzmutvtbyceygnlyjsmiiaha/Build/Intermediates.noindex/ALADDIN.build/Debug-iphonesimulator/ALADDIN.build/DerivedSources -Xcc -DDEBUG\=1 -module-name ALADDIN -target-sdk-version 15.2.0 -o /Users/sergejhlystov/Library/Developer/Xcode/DerivedData/ALADDIN-eahryzmutvtbyceygnlyjsmiiaha/Build/Intermediates.noindex/ALADDIN.build/Debug-iphonesimulator/ALADDIN.build/Objects-normal/x86_64/01_MainScreen.o -o /Users/sergejhlystov/Library/Developer/Xcode/DerivedData/ALADDIN-eahryzmutvtbyceygnlyjsmiiaha/Build/Intermediates.noindex/ALADDIN.build/Debug-iphonesimulator/ALADDIN.build/Objects-normal/x86_64/FamilyTournamentView.o -o /Users/sergejhlystov/Library/Developer/Xcode/DerivedData/ALADDIN-eahryzmutvtbyceygnlyjsmiiaha/Build/Intermediates.noindex/ALADDIN.build/Debug-iphonesimulator/ALADDIN.build/Objects-normal/x86_64/Fonts.o -o /Users/sergejhlystov/Library/Developer/Xcode/DerivedData/ALADDIN-eahryzmutvtbyceygnlyjsmiiaha/Build/Intermediates.noindex/ALADDIN.build/Debug-iphonesimulator/ALADDIN.build/Objects-normal/x86_64/GamesParentalControlView.o -o /Users/sergejhlystov/Library/Developer/Xcode/DerivedData/ALADDIN-eahryzmutvtbyceygnlyjsmiiaha/Build/Intermediates.noindex/ALADDIN.build/Debug-iphonesimulator/ALADDIN.build/Objects-normal/x86_64/QRScannerModal.o -o /Users/sergejhlystov/Library/Developer/Xcode/DerivedData/ALADDIN-eahryzmutvtbyceygnlyjsmiiaha/Build/Intermediates.noindex/ALADDIN.build/Debug-iphonesimulator/ALADDIN.build/Objects-normal/x86_64/04_AnalyticsScreen.o -o /Users/sergejhlystov/Library/Developer/Xcode/DerivedData/ALADDIN-eahryzmutvtbyceygnlyjsmiiaha/Build/Intermediates.noindex/ALADDIN.build/Debug-iphonesimulator/ALADDIN.build/Objects-normal/x86_64/24_VPNEnergyStatsScreen.o -o /Users/sergejhlystov/Library/Developer/Xcode/DerivedData/ALADDIN-eahryzmutvtbyceygnlyjsmiiaha/Build/Intermediates.noindex/ALADDIN.build/Debug-iphonesimulator/ALADDIN.build/Objects-normal/x86_64/ProfileEditView.o -o /Users/sergejhlystov/Library/Developer/Xcode/DerivedData/ALADDIN-eahryzmutvtbyceygnlyjsmiiaha/Build/Intermediates.noindex/ALADDIN.build/Debug-iphonesimulator/ALADDIN.build/Objects-normal/x86_64/TariffsViewModel.o -o /Users/sergejhlystov/Library/Developer/Xcode/DerivedData/ALADDIN-eahryzmutvtbyceygnlyjsmiiaha/Build/Intermediates.noindex/ALADDIN.build/Debug-iphonesimulator/ALADDIN.build/Objects-normal/x86_64/NotificationManager.o -o /Users/sergejhlystov/Library/Developer/Xcode/DerivedData/ALADDIN-eahryzmutvtbyceygnlyjsmiiaha/Build/Intermediates.noindex/ALADDIN.build/Debug-iphonesimulator/ALADDIN.build/Objects-normal/x86_64/SecurityManager.o -index-store-path /Users/sergejhlystov/Library/Developer/Xcode/DerivedData/ALADDIN-eahryzmutvtbyceygnlyjsmiiaha/Index/DataStore -index-system-modules

CompileSwift normal x86_64 /Users/sergejhlystov/ALADDIN_NEW/ALADDIN_NEW/mobile_apps/ALADDIN_iOS/Screens/FamilyTournamentView.swift (in target 'ALADDIN' from project 'ALADDIN')
    cd /Users/sergejhlystov/ALADDIN_NEW/ALADDIN_NEW/mobile_apps/ALADDIN_iOS
    /Applications/Xcode.app/Contents/Developer/Toolchains/XcodeDefault.xctoolchain/usr/bin/swift-frontend -frontend -c /Users/sergejhlystov/ALADDIN_NEW/ALADDIN_NEW/mobile_apps/ALADDIN_iOS/Screens/RewardsQuickModal.swift /Users/sergejhlystov/ALADDIN_NEW/ALADDIN_NEW/mobile_apps/ALADDIN_iOS/Screens/08_ChildInterfaceScreen.swift /Users/sergejhlystov/ALADDIN_NEW/ALADDIN_NEW/mobile_apps/ALADDIN_iOS/ContentView.swift /Users/sergejhlystov/ALADDIN_NEW/ALADDIN_NEW/mobile_apps/ALADDIN_iOS/Shared/Components/ALADDINToggle.swift /Users/sergejhlystov/ALADDIN_NEW/ALADDIN_NEW/mobile_apps/ALADDIN_iOS/Components/Modals/AgeGroupSelectionModal.swift /Users/sergejhlystov/ALADDIN_NEW/ALADDIN_NEW/mobile_apps/ALADDIN_iOS/ALADDINApp.swift /Users/sergejhlystov/ALADDIN_NEW/ALADDIN_NEW/mobile_apps/ALADDIN_iOS/Shared/Models/FunctionStatus.swift /Users/sergejhlystov/ALADDIN_NEW/ALADDIN_NEW/mobile_apps/ALADDIN_iOS/ViewModels/MainViewModel.swift /Users/sergejhlystov/ALADDIN_NEW/ALADDIN_NEW/mobile_apps/ALADDIN_iOS/Shared/Components/Buttons/PrimaryButton.swift /Users/sergejhlystov/ALADDIN_NEW/ALADDIN_NEW/mobile_apps/ALADDIN_iOS/Screens/NotificationSettingsScreen.swift /Users/sergejhlystov/ALADDIN_NEW/ALADDIN_NEW/mobile_apps/ALADDIN_iOS/Screens/ChildContentScreen.swift /Users/sergejhlystov/ALADDIN_NEW/ALADDIN_NEW/mobile_apps/ALADDIN_iOS/Shared/Components/StatItem.swift /Users/sergejhlystov/ALADDIN_NEW/ALADDIN_NEW/mobile_apps/ALADDIN_iOS/Shared/Components/Cards/FamilyMemberCard.swift /Users/sergejhlystov/ALADDIN_NEW/ALADDIN_NEW/mobile_apps/ALADDIN_iOS/ViewModels/VPNViewModel.swift /Users/sergejhlystov/ALADDIN_NEW/ALADDIN_NEW/mobile_apps/ALADDIN_iOS/Core/Models/APIModels.swift /Users/sergejhlystov/ALADDIN_NEW/ALADDIN_NEW/mobile_apps/ALADDIN_iOS/Core/VPN/VPNManager.swift /Users/sergejhlystov/ALADDIN_NEW/ALADDIN_NEW/mobile_apps/ALADDIN_iOS/Screens/UnicornPetView.swift /Users/sergejhlystov/ALADDIN_NEW/ALADDIN_NEW/mobile_apps/ALADDIN_iOS/Core/Network/APIService.swift /Users/sergejhlystov/ALADDIN_NEW/ALADDIN_NEW/mobile_apps/ALADDIN_iOS/Screens/18_PrivacyPolicyScreen.swift /Users/sergejhlystov/ALADDIN_NEW/ALADDIN_NEW/mobile_apps/ALADDIN_iOS/Screens/10_TariffsScreen.swift /Users/sergejhlystov/ALADDIN_NEW/ALADDIN_NEW/mobile_apps/ALADDIN_iOS/Screens/03_VPNScreen.swift /Users/sergejhlystov/ALADDIN_NEW/ALADDIN_NEW/mobile_apps/ALADDIN_iOS/Screens/09_ElderlyInterfaceScreen.swift /Users/sergejhlystov/ALADDIN_NEW/ALADDIN_NEW/mobile_apps/ALADDIN_iOS/Shared/Components/SecondaryButton.swift /Users/sergejhlystov/ALADDIN_NEW/ALADDIN_NEW/mobile_apps/ALADDIN_iOS/Screens/11_ProfileScreen.swift /Users/sergejhlystov/ALADDIN_NEW/ALADDIN_NEW/mobile_apps/ALADDIN_iOS/Core/Network/NetworkManager.swift /Users/sergejhlystov/ALADDIN_NEW/ALADDIN_NEW/mobile_apps/ALADDIN_iOS/Screens/19_TermsOfServiceScreen.swift /Users/sergejhlystov/ALADDIN_NEW/ALADDIN_NEW/mobile_apps/ALADDIN_iOS/Core/Config/AppConfig.swift /Users/sergejhlystov/ALADDIN_NEW/ALADDIN_NEW/mobile_apps/ALADDIN_iOS/ViewModels/FamilyViewModel.swift /Users/sergejhlystov/ALADDIN_NEW/ALADDIN_NEW/mobile_apps/ALADDIN_iOS/ViewModels/AIAssistantViewModel.swift /Users/sergejhlystov/ALADDIN_NEW/ALADDIN_NEW/mobile_apps/ALADDIN_iOS/Screens/22_DeviceDetailScreen.swift /Users/sergejhlystov/ALADDIN_NEW/ALADDIN_NEW/mobile_apps/ALADDIN_iOS/Screens/WidgetConfigurationScreen.swift /Users/sergejhlystov/ALADDIN_NEW/ALADDIN_NEW/mobile_apps/ALADDIN_iOS/Core/Security/KeychainManager.swift /Users/sergejhlystov/ALADDIN_NEW/ALADDIN_NEW/mobile_apps/ALADDIN_iOS/Shared/Components/Modals/MemberStatsModalView.swift /Users/sergejhlystov/ALADDIN_NEW/ALADDIN_NEW/mobile_apps/ALADDIN_iOS/Shared/Styles/Spacing.swift /Users/sergejhlystov/ALADDIN_NEW/ALADDIN_NEW/mobile_apps/ALADDIN_iOS/Shared/Components/RecoveryOptionsModal.swift /Users/sergejhlystov/ALADDIN_NEW/ALADDIN_NEW/mobile_apps/ALADDIN_iOS/ViewModels/SettingsViewModel.swift /Users/sergejhlystov/ALADDIN_NEW/ALADDIN_NEW/mobile_apps/ALADDIN_iOS/Shared/Components/InfoRow.swift /Users/sergejhlystov/ALADDIN_NEW/ALADDIN_NEW/mobile_apps/ALADDIN_iOS/Screens/25_PaymentQRScreen.swift /Users/sergejhlystov/ALADDIN_NEW/ALADDIN_NEW/mobile_apps/ALADDIN_iOS/Shared/Components/Modals/RoleSelectionModal.swift /Users/sergejhlystov/ALADDIN_NEW/ALADDIN_NEW/mobile_apps/ALADDIN_iOS/ViewModels/SupportViewModel.swift /Users/sergejhlystov/ALADDIN_NEW/ALADDIN_NEW/mobile_apps/ALADDIN_iOS/ViewModels/ChildInterfaceViewModel.swift /Users/sergejhlystov/ALADDIN_NEW/ALADDIN_NEW/mobile_apps/ALADDIN_iOS/Screens/12_NotificationsScreen.swift /Users/sergejhlystov/ALADDIN_NEW/ALADDIN_NEW/mobile_apps/ALADDIN_iOS/ViewModels/ElderlyInterfaceViewModel.swift /Users/sergejhlystov/ALADDIN_NEW/ALADDIN_NEW/mobile_apps/ALADDIN_iOS/ViewModels/AnalyticsViewModel.swift /Users/sergejhlystov/ALADDIN_NEW/ALADDIN_NEW/mobile_apps/ALADDIN_iOS/Core/Cache/CacheManager.swift /Users/sergejhlystov/ALADDIN_NEW/ALADDIN_NEW/mobile_apps/ALADDIN_iOS/ViewModels/NotificationsViewModel.swift /Users/sergejhlystov/ALADDIN_NEW/ALADDIN_NEW/mobile_apps/ALADDIN_iOS/Screens/06_AIAssistantScreen.swift /Users/sergejhlystov/ALADDIN_NEW/ALADDIN_NEW/mobile_apps/ALADDIN_iOS/ViewModels/ProfileViewModel.swift /Users/sergejhlystov/ALADDIN_NEW/ALADDIN_NEW/mobile_apps/ALADDIN_iOS/Components/Modals/ConsentModal.swift /Users/sergejhlystov/ALADDIN_NEW/ALADDIN_NEW/mobile_apps/ALADDIN_iOS/ViewModels/ParentalControlViewModel.swift /Users/sergejhlystov/ALADDIN_NEW/ALADDIN_NEW/mobile_apps/ALADDIN_iOS/ViewModels/OnboardingViewModel.swift /Users/sergejhlystov/ALADDIN_NEW/ALADDIN_NEW/mobile_apps/ALADDIN_iOS/Shared/Styles/Colors.swift /Users/sergejhlystov/ALADDIN_NEW/ALADDIN_NEW/mobile_apps/ALADDIN_iOS/Screens/ChildRewardsScreen.swift /Users/sergejhlystov/ALADDIN_NEW/ALADDIN_NEW/mobile_apps/ALADDIN_iOS/Screens/21_ReferralScreen.swift /Users/sergejhlystov/ALADDIN_NEW/ALADDIN_NEW/mobile_apps/ALADDIN_iOS/Shared/Components/AvatarSelector.swift /Users/sergejhlystov/ALADDIN_NEW/ALADDIN_NEW/mobile_apps/ALADDIN_iOS/Shared/Components/Navigation/ALADDINNavigationBar.swift /Users/sergejhlystov/ALADDIN_NEW/ALADDIN_NEW/mobile_apps/ALADDIN_iOS/Screens/14_OnboardingScreen.swift /Users/sergejhlystov/ALADDIN_NEW/ALADDIN_NEW/mobile_apps/ALADDIN_iOS/Components/Modals/FamilyCreatedModal.swift /Users/sergejhlystov/ALADDIN_NEW/ALADDIN_NEW/mobile_apps/ALADDIN_iOS/ViewModels/PaymentQRViewModel.swift /Users/sergejhlystov/ALADDIN_NEW/ALADDIN_NEW/mobile_apps/ALADDIN_iOS/Core/Navigation/NavigationManager.swift /Users/sergejhlystov/ALADDIN_NEW/ALADDIN_NEW/mobile_apps/ALADDIN_iOS/Core/Accessibility/AccessibilityManager.swift /Users/sergejhlystov/ALADDIN_NEW/ALADDIN_NEW/mobile_apps/ALADDIN_iOS/Core/Store/StoreManager.swift /Users/sergejhlystov/ALADDIN_NEW/ALADDIN_NEW/mobile_apps/ALADDIN_iOS/Screens/WheelOfFortuneView.swift /Users/sergejhlystov/ALADDIN_NEW/ALADDIN_NEW/mobile_apps/ALADDIN_iOS/Screens/UnicornUniverseView.swift /Users/sergejhlystov/ALADDIN_NEW/ALADDIN_NEW/mobile_apps/ALADDIN_iOS/Core/Localization/LocalizationManager.swift /Users/sergejhlystov/ALADDIN_NEW/ALADDIN_NEW/mobile_apps/ALADDIN_iOS/Screens/13_SupportScreen.swift /Users/sergejhlystov/ALADDIN_NEW/ALADDIN_NEW/mobile_apps/ALADDIN_iOS/Core/Analytics/AnalyticsManager.swift /Users/sergejhlystov/ALADDIN_NEW/ALADDIN_NEW/mobile_apps/ALADDIN_iOS/Screens/07_ParentalControlScreen.swift /Users/sergejhlystov/ALADDIN_NEW/ALADDIN_NEW/mobile_apps/ALADDIN_iOS/Screens/05_SettingsScreen.swift /Users/sergejhlystov/ALADDIN_NEW/ALADDIN_NEW/mobile_apps/ALADDIN_iOS/Screens/RewardsModalView.swift /Users/sergejhlystov/ALADDIN_NEW/ALADDIN_NEW/mobile_apps/ALADDIN_iOS/Screens/23_FamilyChatScreen.swift /Users/sergejhlystov/ALADDIN_NEW/ALADDIN_NEW/mobile_apps/ALADDIN_iOS/Screens/02_FamilyScreen.swift /Users/sergejhlystov/ALADDIN_NEW/ALADDIN_NEW/mobile_apps/ALADDIN_iOS/Screens/20_DevicesScreen.swift /Users/sergejhlystov/ALADDIN_NEW/ALADDIN_NEW/mobile_apps/ALADDIN_iOS/Shared/Components/ViewModifiers.swift /Users/sergejhlystov/ALADDIN_NEW/ALADDIN_NEW/mobile_apps/ALADDIN_iOS/Shared/Components/HapticFeedback.swift /Users/sergejhlystov/ALADDIN_NEW/ALADDIN_NEW/mobile_apps/ALADDIN_iOS/Screens/MainScreenWithRegistration.swift /Users/sergejhlystov/ALADDIN_NEW/ALADDIN_NEW/mobile_apps/ALADDIN_iOS/Core/Network/NetworkError.swift /Users/sergejhlystov/ALADDIN_NEW/ALADDIN_NEW/mobile_apps/ALADDIN_iOS/Screens/LanguageSettingsScreen.swift /Users/sergejhlystov/ALADDIN_NEW/ALADDIN_NEW/mobile_apps/ALADDIN_iOS/ViewModels/FamilyRegistrationViewModel.swift /Users/sergejhlystov/ALADDIN_NEW/ALADDIN_NEW/mobile_apps/ALADDIN_iOS/Shared/Styles/CornerRadius.swift -primary-file /Users/sergejhlystov/ALADDIN_NEW/ALADDIN_NEW/mobile_apps/ALADDIN_iOS/Screens/01_MainScreen.swift -primary-file /Users/sergejhlystov/ALADDIN_NEW/ALADDIN_NEW/mobile_apps/ALADDIN_iOS/Screens/FamilyTournamentView.swift -primary-file /Users/sergejhlystov/ALADDIN_NEW/ALADDIN_NEW/mobile_apps/ALADDIN_iOS/Shared/Styles/Fonts.swift -primary-file /Users/sergejhlystov/ALADDIN_NEW/ALADDIN_NEW/mobile_apps/ALADDIN_iOS/Screens/GamesParentalControlView.swift -primary-file /Users/sergejhlystov/ALADDIN_NEW/ALADDIN_NEW/mobile_apps/ALADDIN_iOS/Shared/Components/QRScannerModal.swift -primary-file /Users/sergejhlystov/ALADDIN_NEW/ALADDIN_NEW/mobile_apps/ALADDIN_iOS/Screens/04_AnalyticsScreen.swift -primary-file /Users/sergejhlystov/ALADDIN_NEW/ALADDIN_NEW/mobile_apps/ALADDIN_iOS/Screens/24_VPNEnergyStatsScreen.swift -primary-file /Users/sergejhlystov/ALADDIN_NEW/ALADDIN_NEW/mobile_apps/ALADDIN_iOS/Shared/Components/Modals/ProfileEditView.swift -primary-file /Users/sergejhlystov/ALADDIN_NEW/ALADDIN_NEW/mobile_apps/ALADDIN_iOS/ViewModels/TariffsViewModel.swift -primary-file /Users/sergejhlystov/ALADDIN_NEW/ALADDIN_NEW/mobile_apps/ALADDIN_iOS/Core/Notifications/NotificationManager.swift -primary-file /Users/sergejhlystov/ALADDIN_NEW/ALADDIN_NEW/mobile_apps/ALADDIN_iOS/Core/Security/SecurityManager.swift -supplementary-output-file-map /var/folders/rf/6rxcyql17sz57_02ng7jd7pr0000gn/T/TemporaryDirectory.wFGpdC/supplementaryOutputs-8 -target x86_64-apple-ios15.0-simulator -enable-objc-interop -sdk /Applications/Xcode.app/Contents/Developer/Platforms/iPhoneSimulator.platform/Developer/SDKs/iPhoneSimulator15.2.sdk -I /Users/sergejhlystov/Library/Developer/Xcode/DerivedData/ALADDIN-eahryzmutvtbyceygnlyjsmiiaha/Build/Products/Debug-iphonesimulator -F /Users/sergejhlystov/Library/Developer/Xcode/DerivedData/ALADDIN-eahryzmutvtbyceygnlyjsmiiaha/Build/Products/Debug-iphonesimulator -enable-testing -g -module-cache-path /Users/sergejhlystov/Library/Developer/Xcode/DerivedData/ModuleCache.noindex -emit-localized-strings -emit-localized-strings-path /Users/sergejhlystov/Library/Developer/Xcode/DerivedData/ALADDIN-eahryzmutvtbyceygnlyjsmiiaha/Build/Intermediates.noindex/ALADDIN.build/Debug-iphonesimulator/ALADDIN.build/Objects-normal/x86_64 -swift-version 5 -enforce-exclusivity\=checked -Onone -D DEBUG -new-driver-path /Applications/Xcode.app/Contents/Developer/Toolchains/XcodeDefault.xctoolchain/usr/bin/swift-driver -serialize-debugging-options -Xcc -working-directory -Xcc /Users/sergejhlystov/ALADDIN_NEW/ALADDIN_NEW/mobile_apps/ALADDIN_iOS -resource-dir /Applications/Xcode.app/Contents/Developer/Toolchains/XcodeDefault.xctoolchain/usr/lib/swift -enable-anonymous-context-mangled-names -Xcc -I/Users/sergejhlystov/Library/Developer/Xcode/DerivedData/ALADDIN-eahryzmutvtbyceygnlyjsmiiaha/Build/Intermediates.noindex/ALADDIN.build/Debug-iphonesimulator/ALADDIN.build/swift-overrides.hmap -Xcc -iquote -Xcc /Users/sergejhlystov/Library/Developer/Xcode/DerivedData/ALADDIN-eahryzmutvtbyceygnlyjsmiiaha/Build/Intermediates.noindex/ALADDIN.build/Debug-iphonesimulator/ALADDIN.build/ALADDIN-generated-files.hmap -Xcc -I/Users/sergejhlystov/Library/Developer/Xcode/DerivedData/ALADDIN-eahryzmutvtbyceygnlyjsmiiaha/Build/Intermediates.noindex/ALADDIN.build/Debug-iphonesimulator/ALADDIN.build/ALADDIN-own-target-headers.hmap -Xcc -I/Users/sergejhlystov/Library/Developer/Xcode/DerivedData/ALADDIN-eahryzmutvtbyceygnlyjsmiiaha/Build/Intermediates.noindex/ALADDIN.build/Debug-iphonesimulator/ALADDIN.build/ALADDIN-all-target-headers.hmap -Xcc -iquote -Xcc /Users/sergejhlystov/Library/Developer/Xcode/DerivedData/ALADDIN-eahryzmutvtbyceygnlyjsmiiaha/Build/Intermediates.noindex/ALADDIN.build/Debug-iphonesimulator/ALADDIN.build/ALADDIN-project-headers.hmap -Xcc -I/Users/sergejhlystov/Library/Developer/Xcode/DerivedData/ALADDIN-eahryzmutvtbyceygnlyjsmiiaha/Build/Products/Debug-iphonesimulator/include -Xcc -I/Users/sergejhlystov/Library/Developer/Xcode/DerivedData/ALADDIN-eahryzmutvtbyceygnlyjsmiiaha/Build/Intermediates.noindex/ALADDIN.build/Debug-iphonesimulator/ALADDIN.build/DerivedSources-normal/x86_64 -Xcc -I/Users/sergejhlystov/Library/Developer/Xcode/DerivedData/ALADDIN-eahryzmutvtbyceygnlyjsmiiaha/Build/Intermediates.noindex/ALADDIN.build/Debug-iphonesimulator/ALADDIN.build/DerivedSources/x86_64 -Xcc -I/Users/sergejhlystov/Library/Developer/Xcode/DerivedData/ALADDIN-eahryzmutvtbyceygnlyjsmiiaha/Build/Intermediates.noindex/ALADDIN.build/Debug-iphonesimulator/ALADDIN.build/DerivedSources -Xcc -DDEBUG\=1 -module-name ALADDIN -target-sdk-version 15.2.0 -o /Users/sergejhlystov/Library/Developer/Xcode/DerivedData/ALADDIN-eahryzmutvtbyceygnlyjsmiiaha/Build/Intermediates.noindex/ALADDIN.build/Debug-iphonesimulator/ALADDIN.build/Objects-normal/x86_64/01_MainScreen.o -o /Users/sergejhlystov/Library/Developer/Xcode/DerivedData/ALADDIN-eahryzmutvtbyceygnlyjsmiiaha/Build/Intermediates.noindex/ALADDIN.build/Debug-iphonesimulator/ALADDIN.build/Objects-normal/x86_64/FamilyTournamentView.o -o /Users/sergejhlystov/Library/Developer/Xcode/DerivedData/ALADDIN-eahryzmutvtbyceygnlyjsmiiaha/Build/Intermediates.noindex/ALADDIN.build/Debug-iphonesimulator/ALADDIN.build/Objects-normal/x86_64/Fonts.o -o /Users/sergejhlystov/Library/Developer/Xcode/DerivedData/ALADDIN-eahryzmutvtbyceygnlyjsmiiaha/Build/Intermediates.noindex/ALADDIN.build/Debug-iphonesimulator/ALADDIN.build/Objects-normal/x86_64/GamesParentalControlView.o -o /Users/sergejhlystov/Library/Developer/Xcode/DerivedData/ALADDIN-eahryzmutvtbyceygnlyjsmiiaha/Build/Intermediates.noindex/ALADDIN.build/Debug-iphonesimulator/ALADDIN.build/Objects-normal/x86_64/QRScannerModal.o -o /Users/sergejhlystov/Library/Developer/Xcode/DerivedData/ALADDIN-eahryzmutvtbyceygnlyjsmiiaha/Build/Intermediates.noindex/ALADDIN.build/Debug-iphonesimulator/ALADDIN.build/Objects-normal/x86_64/04_AnalyticsScreen.o -o /Users/sergejhlystov/Library/Developer/Xcode/DerivedData/ALADDIN-eahryzmutvtbyceygnlyjsmiiaha/Build/Intermediates.noindex/ALADDIN.build/Debug-iphonesimulator/ALADDIN.build/Objects-normal/x86_64/24_VPNEnergyStatsScreen.o -o /Users/sergejhlystov/Library/Developer/Xcode/DerivedData/ALADDIN-eahryzmutvtbyceygnlyjsmiiaha/Build/Intermediates.noindex/ALADDIN.build/Debug-iphonesimulator/ALADDIN.build/Objects-normal/x86_64/ProfileEditView.o -o /Users/sergejhlystov/Library/Developer/Xcode/DerivedData/ALADDIN-eahryzmutvtbyceygnlyjsmiiaha/Build/Intermediates.noindex/ALADDIN.build/Debug-iphonesimulator/ALADDIN.build/Objects-normal/x86_64/TariffsViewModel.o -o /Users/sergejhlystov/Library/Developer/Xcode/DerivedData/ALADDIN-eahryzmutvtbyceygnlyjsmiiaha/Build/Intermediates.noindex/ALADDIN.build/Debug-iphonesimulator/ALADDIN.build/Objects-normal/x86_64/NotificationManager.o -o /Users/sergejhlystov/Library/Developer/Xcode/DerivedData/ALADDIN-eahryzmutvtbyceygnlyjsmiiaha/Build/Intermediates.noindex/ALADDIN.build/Debug-iphonesimulator/ALADDIN.build/Objects-normal/x86_64/SecurityManager.o -index-store-path /Users/sergejhlystov/Library/Developer/Xcode/DerivedData/ALADDIN-eahryzmutvtbyceygnlyjsmiiaha/Index/DataStore -index-system-modules

CompileSwift normal x86_64 /Users/sergejhlystov/ALADDIN_NEW/ALADDIN_NEW/mobile_apps/ALADDIN_iOS/Shared/Styles/Fonts.swift (in target 'ALADDIN' from project 'ALADDIN')
    cd /Users/sergejhlystov/ALADDIN_NEW/ALADDIN_NEW/mobile_apps/ALADDIN_iOS
    /Applications/Xcode.app/Contents/Developer/Toolchains/XcodeDefault.xctoolchain/usr/bin/swift-frontend -frontend -c /Users/sergejhlystov/ALADDIN_NEW/ALADDIN_NEW/mobile_apps/ALADDIN_iOS/Screens/RewardsQuickModal.swift /Users/sergejhlystov/ALADDIN_NEW/ALADDIN_NEW/mobile_apps/ALADDIN_iOS/Screens/08_ChildInterfaceScreen.swift /Users/sergejhlystov/ALADDIN_NEW/ALADDIN_NEW/mobile_apps/ALADDIN_iOS/ContentView.swift /Users/sergejhlystov/ALADDIN_NEW/ALADDIN_NEW/mobile_apps/ALADDIN_iOS/Shared/Components/ALADDINToggle.swift /Users/sergejhlystov/ALADDIN_NEW/ALADDIN_NEW/mobile_apps/ALADDIN_iOS/Components/Modals/AgeGroupSelectionModal.swift /Users/sergejhlystov/ALADDIN_NEW/ALADDIN_NEW/mobile_apps/ALADDIN_iOS/ALADDINApp.swift /Users/sergejhlystov/ALADDIN_NEW/ALADDIN_NEW/mobile_apps/ALADDIN_iOS/Shared/Models/FunctionStatus.swift /Users/sergejhlystov/ALADDIN_NEW/ALADDIN_NEW/mobile_apps/ALADDIN_iOS/ViewModels/MainViewModel.swift /Users/sergejhlystov/ALADDIN_NEW/ALADDIN_NEW/mobile_apps/ALADDIN_iOS/Shared/Components/Buttons/PrimaryButton.swift /Users/sergejhlystov/ALADDIN_NEW/ALADDIN_NEW/mobile_apps/ALADDIN_iOS/Screens/NotificationSettingsScreen.swift /Users/sergejhlystov/ALADDIN_NEW/ALADDIN_NEW/mobile_apps/ALADDIN_iOS/Screens/ChildContentScreen.swift /Users/sergejhlystov/ALADDIN_NEW/ALADDIN_NEW/mobile_apps/ALADDIN_iOS/Shared/Components/StatItem.swift /Users/sergejhlystov/ALADDIN_NEW/ALADDIN_NEW/mobile_apps/ALADDIN_iOS/Shared/Components/Cards/FamilyMemberCard.swift /Users/sergejhlystov/ALADDIN_NEW/ALADDIN_NEW/mobile_apps/ALADDIN_iOS/ViewModels/VPNViewModel.swift /Users/sergejhlystov/ALADDIN_NEW/ALADDIN_NEW/mobile_apps/ALADDIN_iOS/Core/Models/APIModels.swift /Users/sergejhlystov/ALADDIN_NEW/ALADDIN_NEW/mobile_apps/ALADDIN_iOS/Core/VPN/VPNManager.swift /Users/sergejhlystov/ALADDIN_NEW/ALADDIN_NEW/mobile_apps/ALADDIN_iOS/Screens/UnicornPetView.swift /Users/sergejhlystov/ALADDIN_NEW/ALADDIN_NEW/mobile_apps/ALADDIN_iOS/Core/Network/APIService.swift /Users/sergejhlystov/ALADDIN_NEW/ALADDIN_NEW/mobile_apps/ALADDIN_iOS/Screens/18_PrivacyPolicyScreen.swift /Users/sergejhlystov/ALADDIN_NEW/ALADDIN_NEW/mobile_apps/ALADDIN_iOS/Screens/10_TariffsScreen.swift /Users/sergejhlystov/ALADDIN_NEW/ALADDIN_NEW/mobile_apps/ALADDIN_iOS/Screens/03_VPNScreen.swift /Users/sergejhlystov/ALADDIN_NEW/ALADDIN_NEW/mobile_apps/ALADDIN_iOS/Screens/09_ElderlyInterfaceScreen.swift /Users/sergejhlystov/ALADDIN_NEW/ALADDIN_NEW/mobile_apps/ALADDIN_iOS/Shared/Components/SecondaryButton.swift /Users/sergejhlystov/ALADDIN_NEW/ALADDIN_NEW/mobile_apps/ALADDIN_iOS/Screens/11_ProfileScreen.swift /Users/sergejhlystov/ALADDIN_NEW/ALADDIN_NEW/mobile_apps/ALADDIN_iOS/Core/Network/NetworkManager.swift /Users/sergejhlystov/ALADDIN_NEW/ALADDIN_NEW/mobile_apps/ALADDIN_iOS/Screens/19_TermsOfServiceScreen.swift /Users/sergejhlystov/ALADDIN_NEW/ALADDIN_NEW/mobile_apps/ALADDIN_iOS/Core/Config/AppConfig.swift /Users/sergejhlystov/ALADDIN_NEW/ALADDIN_NEW/mobile_apps/ALADDIN_iOS/ViewModels/FamilyViewModel.swift /Users/sergejhlystov/ALADDIN_NEW/ALADDIN_NEW/mobile_apps/ALADDIN_iOS/ViewModels/AIAssistantViewModel.swift /Users/sergejhlystov/ALADDIN_NEW/ALADDIN_NEW/mobile_apps/ALADDIN_iOS/Screens/22_DeviceDetailScreen.swift /Users/sergejhlystov/ALADDIN_NEW/ALADDIN_NEW/mobile_apps/ALADDIN_iOS/Screens/WidgetConfigurationScreen.swift /Users/sergejhlystov/ALADDIN_NEW/ALADDIN_NEW/mobile_apps/ALADDIN_iOS/Core/Security/KeychainManager.swift /Users/sergejhlystov/ALADDIN_NEW/ALADDIN_NEW/mobile_apps/ALADDIN_iOS/Shared/Components/Modals/MemberStatsModalView.swift /Users/sergejhlystov/ALADDIN_NEW/ALADDIN_NEW/mobile_apps/ALADDIN_iOS/Shared/Styles/Spacing.swift /Users/sergejhlystov/ALADDIN_NEW/ALADDIN_NEW/mobile_apps/ALADDIN_iOS/Shared/Components/RecoveryOptionsModal.swift /Users/sergejhlystov/ALADDIN_NEW/ALADDIN_NEW/mobile_apps/ALADDIN_iOS/ViewModels/SettingsViewModel.swift /Users/sergejhlystov/ALADDIN_NEW/ALADDIN_NEW/mobile_apps/ALADDIN_iOS/Shared/Components/InfoRow.swift /Users/sergejhlystov/ALADDIN_NEW/ALADDIN_NEW/mobile_apps/ALADDIN_iOS/Screens/25_PaymentQRScreen.swift /Users/sergejhlystov/ALADDIN_NEW/ALADDIN_NEW/mobile_apps/ALADDIN_iOS/Shared/Components/Modals/RoleSelectionModal.swift /Users/sergejhlystov/ALADDIN_NEW/ALADDIN_NEW/mobile_apps/ALADDIN_iOS/ViewModels/SupportViewModel.swift /Users/sergejhlystov/ALADDIN_NEW/ALADDIN_NEW/mobile_apps/ALADDIN_iOS/ViewModels/ChildInterfaceViewModel.swift /Users/sergejhlystov/ALADDIN_NEW/ALADDIN_NEW/mobile_apps/ALADDIN_iOS/Screens/12_NotificationsScreen.swift /Users/sergejhlystov/ALADDIN_NEW/ALADDIN_NEW/mobile_apps/ALADDIN_iOS/ViewModels/ElderlyInterfaceViewModel.swift /Users/sergejhlystov/ALADDIN_NEW/ALADDIN_NEW/mobile_apps/ALADDIN_iOS/ViewModels/AnalyticsViewModel.swift /Users/sergejhlystov/ALADDIN_NEW/ALADDIN_NEW/mobile_apps/ALADDIN_iOS/Core/Cache/CacheManager.swift /Users/sergejhlystov/ALADDIN_NEW/ALADDIN_NEW/mobile_apps/ALADDIN_iOS/ViewModels/NotificationsViewModel.swift /Users/sergejhlystov/ALADDIN_NEW/ALADDIN_NEW/mobile_apps/ALADDIN_iOS/Screens/06_AIAssistantScreen.swift /Users/sergejhlystov/ALADDIN_NEW/ALADDIN_NEW/mobile_apps/ALADDIN_iOS/ViewModels/ProfileViewModel.swift /Users/sergejhlystov/ALADDIN_NEW/ALADDIN_NEW/mobile_apps/ALADDIN_iOS/Components/Modals/ConsentModal.swift /Users/sergejhlystov/ALADDIN_NEW/ALADDIN_NEW/mobile_apps/ALADDIN_iOS/ViewModels/ParentalControlViewModel.swift /Users/sergejhlystov/ALADDIN_NEW/ALADDIN_NEW/mobile_apps/ALADDIN_iOS/ViewModels/OnboardingViewModel.swift /Users/sergejhlystov/ALADDIN_NEW/ALADDIN_NEW/mobile_apps/ALADDIN_iOS/Shared/Styles/Colors.swift /Users/sergejhlystov/ALADDIN_NEW/ALADDIN_NEW/mobile_apps/ALADDIN_iOS/Screens/ChildRewardsScreen.swift /Users/sergejhlystov/ALADDIN_NEW/ALADDIN_NEW/mobile_apps/ALADDIN_iOS/Screens/21_ReferralScreen.swift /Users/sergejhlystov/ALADDIN_NEW/ALADDIN_NEW/mobile_apps/ALADDIN_iOS/Shared/Components/AvatarSelector.swift /Users/sergejhlystov/ALADDIN_NEW/ALADDIN_NEW/mobile_apps/ALADDIN_iOS/Shared/Components/Navigation/ALADDINNavigationBar.swift /Users/sergejhlystov/ALADDIN_NEW/ALADDIN_NEW/mobile_apps/ALADDIN_iOS/Screens/14_OnboardingScreen.swift /Users/sergejhlystov/ALADDIN_NEW/ALADDIN_NEW/mobile_apps/ALADDIN_iOS/Components/Modals/FamilyCreatedModal.swift /Users/sergejhlystov/ALADDIN_NEW/ALADDIN_NEW/mobile_apps/ALADDIN_iOS/ViewModels/PaymentQRViewModel.swift /Users/sergejhlystov/ALADDIN_NEW/ALADDIN_NEW/mobile_apps/ALADDIN_iOS/Core/Navigation/NavigationManager.swift /Users/sergejhlystov/ALADDIN_NEW/ALADDIN_NEW/mobile_apps/ALADDIN_iOS/Core/Accessibility/AccessibilityManager.swift /Users/sergejhlystov/ALADDIN_NEW/ALADDIN_NEW/mobile_apps/ALADDIN_iOS/Core/Store/StoreManager.swift /Users/sergejhlystov/ALADDIN_NEW/ALADDIN_NEW/mobile_apps/ALADDIN_iOS/Screens/WheelOfFortuneView.swift /Users/sergejhlystov/ALADDIN_NEW/ALADDIN_NEW/mobile_apps/ALADDIN_iOS/Screens/UnicornUniverseView.swift /Users/sergejhlystov/ALADDIN_NEW/ALADDIN_NEW/mobile_apps/ALADDIN_iOS/Core/Localization/LocalizationManager.swift /Users/sergejhlystov/ALADDIN_NEW/ALADDIN_NEW/mobile_apps/ALADDIN_iOS/Screens/13_SupportScreen.swift /Users/sergejhlystov/ALADDIN_NEW/ALADDIN_NEW/mobile_apps/ALADDIN_iOS/Core/Analytics/AnalyticsManager.swift /Users/sergejhlystov/ALADDIN_NEW/ALADDIN_NEW/mobile_apps/ALADDIN_iOS/Screens/07_ParentalControlScreen.swift /Users/sergejhlystov/ALADDIN_NEW/ALADDIN_NEW/mobile_apps/ALADDIN_iOS/Screens/05_SettingsScreen.swift /Users/sergejhlystov/ALADDIN_NEW/ALADDIN_NEW/mobile_apps/ALADDIN_iOS/Screens/RewardsModalView.swift /Users/sergejhlystov/ALADDIN_NEW/ALADDIN_NEW/mobile_apps/ALADDIN_iOS/Screens/23_FamilyChatScreen.swift /Users/sergejhlystov/ALADDIN_NEW/ALADDIN_NEW/mobile_apps/ALADDIN_iOS/Screens/02_FamilyScreen.swift /Users/sergejhlystov/ALADDIN_NEW/ALADDIN_NEW/mobile_apps/ALADDIN_iOS/Screens/20_DevicesScreen.swift /Users/sergejhlystov/ALADDIN_NEW/ALADDIN_NEW/mobile_apps/ALADDIN_iOS/Shared/Components/ViewModifiers.swift /Users/sergejhlystov/ALADDIN_NEW/ALADDIN_NEW/mobile_apps/ALADDIN_iOS/Shared/Components/HapticFeedback.swift /Users/sergejhlystov/ALADDIN_NEW/ALADDIN_NEW/mobile_apps/ALADDIN_iOS/Screens/MainScreenWithRegistration.swift /Users/sergejhlystov/ALADDIN_NEW/ALADDIN_NEW/mobile_apps/ALADDIN_iOS/Core/Network/NetworkError.swift /Users/sergejhlystov/ALADDIN_NEW/ALADDIN_NEW/mobile_apps/ALADDIN_iOS/Screens/LanguageSettingsScreen.swift /Users/sergejhlystov/ALADDIN_NEW/ALADDIN_NEW/mobile_apps/ALADDIN_iOS/ViewModels/FamilyRegistrationViewModel.swift /Users/sergejhlystov/ALADDIN_NEW/ALADDIN_NEW/mobile_apps/ALADDIN_iOS/Shared/Styles/CornerRadius.swift -primary-file /Users/sergejhlystov/ALADDIN_NEW/ALADDIN_NEW/mobile_apps/ALADDIN_iOS/Screens/01_MainScreen.swift -primary-file /Users/sergejhlystov/ALADDIN_NEW/ALADDIN_NEW/mobile_apps/ALADDIN_iOS/Screens/FamilyTournamentView.swift -primary-file /Users/sergejhlystov/ALADDIN_NEW/ALADDIN_NEW/mobile_apps/ALADDIN_iOS/Shared/Styles/Fonts.swift -primary-file /Users/sergejhlystov/ALADDIN_NEW/ALADDIN_NEW/mobile_apps/ALADDIN_iOS/Screens/GamesParentalControlView.swift -primary-file /Users/sergejhlystov/ALADDIN_NEW/ALADDIN_NEW/mobile_apps/ALADDIN_iOS/Shared/Components/QRScannerModal.swift -primary-file /Users/sergejhlystov/ALADDIN_NEW/ALADDIN_NEW/mobile_apps/ALADDIN_iOS/Screens/04_AnalyticsScreen.swift -primary-file /Users/sergejhlystov/ALADDIN_NEW/ALADDIN_NEW/mobile_apps/ALADDIN_iOS/Screens/24_VPNEnergyStatsScreen.swift -primary-file /Users/sergejhlystov/ALADDIN_NEW/ALADDIN_NEW/mobile_apps/ALADDIN_iOS/Shared/Components/Modals/ProfileEditView.swift -primary-file /Users/sergejhlystov/ALADDIN_NEW/ALADDIN_NEW/mobile_apps/ALADDIN_iOS/ViewModels/TariffsViewModel.swift -primary-file /Users/sergejhlystov/ALADDIN_NEW/ALADDIN_NEW/mobile_apps/ALADDIN_iOS/Core/Notifications/NotificationManager.swift -primary-file /Users/sergejhlystov/ALADDIN_NEW/ALADDIN_NEW/mobile_apps/ALADDIN_iOS/Core/Security/SecurityManager.swift -supplementary-output-file-map /var/folders/rf/6rxcyql17sz57_02ng7jd7pr0000gn/T/TemporaryDirectory.wFGpdC/supplementaryOutputs-8 -target x86_64-apple-ios15.0-simulator -enable-objc-interop -sdk /Applications/Xcode.app/Contents/Developer/Platforms/iPhoneSimulator.platform/Developer/SDKs/iPhoneSimulator15.2.sdk -I /Users/sergejhlystov/Library/Developer/Xcode/DerivedData/ALADDIN-eahryzmutvtbyceygnlyjsmiiaha/Build/Products/Debug-iphonesimulator -F /Users/sergejhlystov/Library/Developer/Xcode/DerivedData/ALADDIN-eahryzmutvtbyceygnlyjsmiiaha/Build/Products/Debug-iphonesimulator -enable-testing -g -module-cache-path /Users/sergejhlystov/Library/Developer/Xcode/DerivedData/ModuleCache.noindex -emit-localized-strings -emit-localized-strings-path /Users/sergejhlystov/Library/Developer/Xcode/DerivedData/ALADDIN-eahryzmutvtbyceygnlyjsmiiaha/Build/Intermediates.noindex/ALADDIN.build/Debug-iphonesimulator/ALADDIN.build/Objects-normal/x86_64 -swift-version 5 -enforce-exclusivity\=checked -Onone -D DEBUG -new-driver-path /Applications/Xcode.app/Contents/Developer/Toolchains/XcodeDefault.xctoolchain/usr/bin/swift-driver -serialize-debugging-options -Xcc -working-directory -Xcc /Users/sergejhlystov/ALADDIN_NEW/ALADDIN_NEW/mobile_apps/ALADDIN_iOS -resource-dir /Applications/Xcode.app/Contents/Developer/Toolchains/XcodeDefault.xctoolchain/usr/lib/swift -enable-anonymous-context-mangled-names -Xcc -I/Users/sergejhlystov/Library/Developer/Xcode/DerivedData/ALADDIN-eahryzmutvtbyceygnlyjsmiiaha/Build/Intermediates.noindex/ALADDIN.build/Debug-iphonesimulator/ALADDIN.build/swift-overrides.hmap -Xcc -iquote -Xcc /Users/sergejhlystov/Library/Developer/Xcode/DerivedData/ALADDIN-eahryzmutvtbyceygnlyjsmiiaha/Build/Intermediates.noindex/ALADDIN.build/Debug-iphonesimulator/ALADDIN.build/ALADDIN-generated-files.hmap -Xcc -I/Users/sergejhlystov/Library/Developer/Xcode/DerivedData/ALADDIN-eahryzmutvtbyceygnlyjsmiiaha/Build/Intermediates.noindex/ALADDIN.build/Debug-iphonesimulator/ALADDIN.build/ALADDIN-own-target-headers.hmap -Xcc -I/Users/sergejhlystov/Library/Developer/Xcode/DerivedData/ALADDIN-eahryzmutvtbyceygnlyjsmiiaha/Build/Intermediates.noindex/ALADDIN.build/Debug-iphonesimulator/ALADDIN.build/ALADDIN-all-target-headers.hmap -Xcc -iquote -Xcc /Users/sergejhlystov/Library/Developer/Xcode/DerivedData/ALADDIN-eahryzmutvtbyceygnlyjsmiiaha/Build/Intermediates.noindex/ALADDIN.build/Debug-iphonesimulator/ALADDIN.build/ALADDIN-project-headers.hmap -Xcc -I/Users/sergejhlystov/Library/Developer/Xcode/DerivedData/ALADDIN-eahryzmutvtbyceygnlyjsmiiaha/Build/Products/Debug-iphonesimulator/include -Xcc -I/Users/sergejhlystov/Library/Developer/Xcode/DerivedData/ALADDIN-eahryzmutvtbyceygnlyjsmiiaha/Build/Intermediates.noindex/ALADDIN.build/Debug-iphonesimulator/ALADDIN.build/DerivedSources-normal/x86_64 -Xcc -I/Users/sergejhlystov/Library/Developer/Xcode/DerivedData/ALADDIN-eahryzmutvtbyceygnlyjsmiiaha/Build/Intermediates.noindex/ALADDIN.build/Debug-iphonesimulator/ALADDIN.build/DerivedSources/x86_64 -Xcc -I/Users/sergejhlystov/Library/Developer/Xcode/DerivedData/ALADDIN-eahryzmutvtbyceygnlyjsmiiaha/Build/Intermediates.noindex/ALADDIN.build/Debug-iphonesimulator/ALADDIN.build/DerivedSources -Xcc -DDEBUG\=1 -module-name ALADDIN -target-sdk-version 15.2.0 -o /Users/sergejhlystov/Library/Developer/Xcode/DerivedData/ALADDIN-eahryzmutvtbyceygnlyjsmiiaha/Build/Intermediates.noindex/ALADDIN.build/Debug-iphonesimulator/ALADDIN.build/Objects-normal/x86_64/01_MainScreen.o -o /Users/sergejhlystov/Library/Developer/Xcode/DerivedData/ALADDIN-eahryzmutvtbyceygnlyjsmiiaha/Build/Intermediates.noindex/ALADDIN.build/Debug-iphonesimulator/ALADDIN.build/Objects-normal/x86_64/FamilyTournamentView.o -o /Users/sergejhlystov/Library/Developer/Xcode/DerivedData/ALADDIN-eahryzmutvtbyceygnlyjsmiiaha/Build/Intermediates.noindex/ALADDIN.build/Debug-iphonesimulator/ALADDIN.build/Objects-normal/x86_64/Fonts.o -o /Users/sergejhlystov/Library/Developer/Xcode/DerivedData/ALADDIN-eahryzmutvtbyceygnlyjsmiiaha/Build/Intermediates.noindex/ALADDIN.build/Debug-iphonesimulator/ALADDIN.build/Objects-normal/x86_64/GamesParentalControlView.o -o /Users/sergejhlystov/Library/Developer/Xcode/DerivedData/ALADDIN-eahryzmutvtbyceygnlyjsmiiaha/Build/Intermediates.noindex/ALADDIN.build/Debug-iphonesimulator/ALADDIN.build/Objects-normal/x86_64/QRScannerModal.o -o /Users/sergejhlystov/Library/Developer/Xcode/DerivedData/ALADDIN-eahryzmutvtbyceygnlyjsmiiaha/Build/Intermediates.noindex/ALADDIN.build/Debug-iphonesimulator/ALADDIN.build/Objects-normal/x86_64/04_AnalyticsScreen.o -o /Users/sergejhlystov/Library/Developer/Xcode/DerivedData/ALADDIN-eahryzmutvtbyceygnlyjsmiiaha/Build/Intermediates.noindex/ALADDIN.build/Debug-iphonesimulator/ALADDIN.build/Objects-normal/x86_64/24_VPNEnergyStatsScreen.o -o /Users/sergejhlystov/Library/Developer/Xcode/DerivedData/ALADDIN-eahryzmutvtbyceygnlyjsmiiaha/Build/Intermediates.noindex/ALADDIN.build/Debug-iphonesimulator/ALADDIN.build/Objects-normal/x86_64/ProfileEditView.o -o /Users/sergejhlystov/Library/Developer/Xcode/DerivedData/ALADDIN-eahryzmutvtbyceygnlyjsmiiaha/Build/Intermediates.noindex/ALADDIN.build/Debug-iphonesimulator/ALADDIN.build/Objects-normal/x86_64/TariffsViewModel.o -o /Users/sergejhlystov/Library/Developer/Xcode/DerivedData/ALADDIN-eahryzmutvtbyceygnlyjsmiiaha/Build/Intermediates.noindex/ALADDIN.build/Debug-iphonesimulator/ALADDIN.build/Objects-normal/x86_64/NotificationManager.o -o /Users/sergejhlystov/Library/Developer/Xcode/DerivedData/ALADDIN-eahryzmutvtbyceygnlyjsmiiaha/Build/Intermediates.noindex/ALADDIN.build/Debug-iphonesimulator/ALADDIN.build/Objects-normal/x86_64/SecurityManager.o -index-store-path /Users/sergejhlystov/Library/Developer/Xcode/DerivedData/ALADDIN-eahryzmutvtbyceygnlyjsmiiaha/Index/DataStore -index-system-modules

CompileSwift normal x86_64 /Users/sergejhlystov/ALADDIN_NEW/ALADDIN_NEW/mobile_apps/ALADDIN_iOS/Screens/GamesParentalControlView.swift (in target 'ALADDIN' from project 'ALADDIN')
    cd /Users/sergejhlystov/ALADDIN_NEW/ALADDIN_NEW/mobile_apps/ALADDIN_iOS
    /Applications/Xcode.app/Contents/Developer/Toolchains/XcodeDefault.xctoolchain/usr/bin/swift-frontend -frontend -c /Users/sergejhlystov/ALADDIN_NEW/ALADDIN_NEW/mobile_apps/ALADDIN_iOS/Screens/RewardsQuickModal.swift /Users/sergejhlystov/ALADDIN_NEW/ALADDIN_NEW/mobile_apps/ALADDIN_iOS/Screens/08_ChildInterfaceScreen.swift /Users/sergejhlystov/ALADDIN_NEW/ALADDIN_NEW/mobile_apps/ALADDIN_iOS/ContentView.swift /Users/sergejhlystov/ALADDIN_NEW/ALADDIN_NEW/mobile_apps/ALADDIN_iOS/Shared/Components/ALADDINToggle.swift /Users/sergejhlystov/ALADDIN_NEW/ALADDIN_NEW/mobile_apps/ALADDIN_iOS/Components/Modals/AgeGroupSelectionModal.swift /Users/sergejhlystov/ALADDIN_NEW/ALADDIN_NEW/mobile_apps/ALADDIN_iOS/ALADDINApp.swift /Users/sergejhlystov/ALADDIN_NEW/ALADDIN_NEW/mobile_apps/ALADDIN_iOS/Shared/Models/FunctionStatus.swift /Users/sergejhlystov/ALADDIN_NEW/ALADDIN_NEW/mobile_apps/ALADDIN_iOS/ViewModels/MainViewModel.swift /Users/sergejhlystov/ALADDIN_NEW/ALADDIN_NEW/mobile_apps/ALADDIN_iOS/Shared/Components/Buttons/PrimaryButton.swift /Users/sergejhlystov/ALADDIN_NEW/ALADDIN_NEW/mobile_apps/ALADDIN_iOS/Screens/NotificationSettingsScreen.swift /Users/sergejhlystov/ALADDIN_NEW/ALADDIN_NEW/mobile_apps/ALADDIN_iOS/Screens/ChildContentScreen.swift /Users/sergejhlystov/ALADDIN_NEW/ALADDIN_NEW/mobile_apps/ALADDIN_iOS/Shared/Components/StatItem.swift /Users/sergejhlystov/ALADDIN_NEW/ALADDIN_NEW/mobile_apps/ALADDIN_iOS/Shared/Components/Cards/FamilyMemberCard.swift /Users/sergejhlystov/ALADDIN_NEW/ALADDIN_NEW/mobile_apps/ALADDIN_iOS/ViewModels/VPNViewModel.swift /Users/sergejhlystov/ALADDIN_NEW/ALADDIN_NEW/mobile_apps/ALADDIN_iOS/Core/Models/APIModels.swift /Users/sergejhlystov/ALADDIN_NEW/ALADDIN_NEW/mobile_apps/ALADDIN_iOS/Core/VPN/VPNManager.swift /Users/sergejhlystov/ALADDIN_NEW/ALADDIN_NEW/mobile_apps/ALADDIN_iOS/Screens/UnicornPetView.swift /Users/sergejhlystov/ALADDIN_NEW/ALADDIN_NEW/mobile_apps/ALADDIN_iOS/Core/Network/APIService.swift /Users/sergejhlystov/ALADDIN_NEW/ALADDIN_NEW/mobile_apps/ALADDIN_iOS/Screens/18_PrivacyPolicyScreen.swift /Users/sergejhlystov/ALADDIN_NEW/ALADDIN_NEW/mobile_apps/ALADDIN_iOS/Screens/10_TariffsScreen.swift /Users/sergejhlystov/ALADDIN_NEW/ALADDIN_NEW/mobile_apps/ALADDIN_iOS/Screens/03_VPNScreen.swift /Users/sergejhlystov/ALADDIN_NEW/ALADDIN_NEW/mobile_apps/ALADDIN_iOS/Screens/09_ElderlyInterfaceScreen.swift /Users/sergejhlystov/ALADDIN_NEW/ALADDIN_NEW/mobile_apps/ALADDIN_iOS/Shared/Components/SecondaryButton.swift /Users/sergejhlystov/ALADDIN_NEW/ALADDIN_NEW/mobile_apps/ALADDIN_iOS/Screens/11_ProfileScreen.swift /Users/sergejhlystov/ALADDIN_NEW/ALADDIN_NEW/mobile_apps/ALADDIN_iOS/Core/Network/NetworkManager.swift /Users/sergejhlystov/ALADDIN_NEW/ALADDIN_NEW/mobile_apps/ALADDIN_iOS/Screens/19_TermsOfServiceScreen.swift /Users/sergejhlystov/ALADDIN_NEW/ALADDIN_NEW/mobile_apps/ALADDIN_iOS/Core/Config/AppConfig.swift /Users/sergejhlystov/ALADDIN_NEW/ALADDIN_NEW/mobile_apps/ALADDIN_iOS/ViewModels/FamilyViewModel.swift /Users/sergejhlystov/ALADDIN_NEW/ALADDIN_NEW/mobile_apps/ALADDIN_iOS/ViewModels/AIAssistantViewModel.swift /Users/sergejhlystov/ALADDIN_NEW/ALADDIN_NEW/mobile_apps/ALADDIN_iOS/Screens/22_DeviceDetailScreen.swift /Users/sergejhlystov/ALADDIN_NEW/ALADDIN_NEW/mobile_apps/ALADDIN_iOS/Screens/WidgetConfigurationScreen.swift /Users/sergejhlystov/ALADDIN_NEW/ALADDIN_NEW/mobile_apps/ALADDIN_iOS/Core/Security/KeychainManager.swift /Users/sergejhlystov/ALADDIN_NEW/ALADDIN_NEW/mobile_apps/ALADDIN_iOS/Shared/Components/Modals/MemberStatsModalView.swift /Users/sergejhlystov/ALADDIN_NEW/ALADDIN_NEW/mobile_apps/ALADDIN_iOS/Shared/Styles/Spacing.swift /Users/sergejhlystov/ALADDIN_NEW/ALADDIN_NEW/mobile_apps/ALADDIN_iOS/Shared/Components/RecoveryOptionsModal.swift /Users/sergejhlystov/ALADDIN_NEW/ALADDIN_NEW/mobile_apps/ALADDIN_iOS/ViewModels/SettingsViewModel.swift /Users/sergejhlystov/ALADDIN_NEW/ALADDIN_NEW/mobile_apps/ALADDIN_iOS/Shared/Components/InfoRow.swift /Users/sergejhlystov/ALADDIN_NEW/ALADDIN_NEW/mobile_apps/ALADDIN_iOS/Screens/25_PaymentQRScreen.swift /Users/sergejhlystov/ALADDIN_NEW/ALADDIN_NEW/mobile_apps/ALADDIN_iOS/Shared/Components/Modals/RoleSelectionModal.swift /Users/sergejhlystov/ALADDIN_NEW/ALADDIN_NEW/mobile_apps/ALADDIN_iOS/ViewModels/SupportViewModel.swift /Users/sergejhlystov/ALADDIN_NEW/ALADDIN_NEW/mobile_apps/ALADDIN_iOS/ViewModels/ChildInterfaceViewModel.swift /Users/sergejhlystov/ALADDIN_NEW/ALADDIN_NEW/mobile_apps/ALADDIN_iOS/Screens/12_NotificationsScreen.swift /Users/sergejhlystov/ALADDIN_NEW/ALADDIN_NEW/mobile_apps/ALADDIN_iOS/ViewModels/ElderlyInterfaceViewModel.swift /Users/sergejhlystov/ALADDIN_NEW/ALADDIN_NEW/mobile_apps/ALADDIN_iOS/ViewModels/AnalyticsViewModel.swift /Users/sergejhlystov/ALADDIN_NEW/ALADDIN_NEW/mobile_apps/ALADDIN_iOS/Core/Cache/CacheManager.swift /Users/sergejhlystov/ALADDIN_NEW/ALADDIN_NEW/mobile_apps/ALADDIN_iOS/ViewModels/NotificationsViewModel.swift /Users/sergejhlystov/ALADDIN_NEW/ALADDIN_NEW/mobile_apps/ALADDIN_iOS/Screens/06_AIAssistantScreen.swift /Users/sergejhlystov/ALADDIN_NEW/ALADDIN_NEW/mobile_apps/ALADDIN_iOS/ViewModels/ProfileViewModel.swift /Users/sergejhlystov/ALADDIN_NEW/ALADDIN_NEW/mobile_apps/ALADDIN_iOS/Components/Modals/ConsentModal.swift /Users/sergejhlystov/ALADDIN_NEW/ALADDIN_NEW/mobile_apps/ALADDIN_iOS/ViewModels/ParentalControlViewModel.swift /Users/sergejhlystov/ALADDIN_NEW/ALADDIN_NEW/mobile_apps/ALADDIN_iOS/ViewModels/OnboardingViewModel.swift /Users/sergejhlystov/ALADDIN_NEW/ALADDIN_NEW/mobile_apps/ALADDIN_iOS/Shared/Styles/Colors.swift /Users/sergejhlystov/ALADDIN_NEW/ALADDIN_NEW/mobile_apps/ALADDIN_iOS/Screens/ChildRewardsScreen.swift /Users/sergejhlystov/ALADDIN_NEW/ALADDIN_NEW/mobile_apps/ALADDIN_iOS/Screens/21_ReferralScreen.swift /Users/sergejhlystov/ALADDIN_NEW/ALADDIN_NEW/mobile_apps/ALADDIN_iOS/Shared/Components/AvatarSelector.swift /Users/sergejhlystov/ALADDIN_NEW/ALADDIN_NEW/mobile_apps/ALADDIN_iOS/Shared/Components/Navigation/ALADDINNavigationBar.swift /Users/sergejhlystov/ALADDIN_NEW/ALADDIN_NEW/mobile_apps/ALADDIN_iOS/Screens/14_OnboardingScreen.swift /Users/sergejhlystov/ALADDIN_NEW/ALADDIN_NEW/mobile_apps/ALADDIN_iOS/Components/Modals/FamilyCreatedModal.swift /Users/sergejhlystov/ALADDIN_NEW/ALADDIN_NEW/mobile_apps/ALADDIN_iOS/ViewModels/PaymentQRViewModel.swift /Users/sergejhlystov/ALADDIN_NEW/ALADDIN_NEW/mobile_apps/ALADDIN_iOS/Core/Navigation/NavigationManager.swift /Users/sergejhlystov/ALADDIN_NEW/ALADDIN_NEW/mobile_apps/ALADDIN_iOS/Core/Accessibility/AccessibilityManager.swift /Users/sergejhlystov/ALADDIN_NEW/ALADDIN_NEW/mobile_apps/ALADDIN_iOS/Core/Store/StoreManager.swift /Users/sergejhlystov/ALADDIN_NEW/ALADDIN_NEW/mobile_apps/ALADDIN_iOS/Screens/WheelOfFortuneView.swift /Users/sergejhlystov/ALADDIN_NEW/ALADDIN_NEW/mobile_apps/ALADDIN_iOS/Screens/UnicornUniverseView.swift /Users/sergejhlystov/ALADDIN_NEW/ALADDIN_NEW/mobile_apps/ALADDIN_iOS/Core/Localization/LocalizationManager.swift /Users/sergejhlystov/ALADDIN_NEW/ALADDIN_NEW/mobile_apps/ALADDIN_iOS/Screens/13_SupportScreen.swift /Users/sergejhlystov/ALADDIN_NEW/ALADDIN_NEW/mobile_apps/ALADDIN_iOS/Core/Analytics/AnalyticsManager.swift /Users/sergejhlystov/ALADDIN_NEW/ALADDIN_NEW/mobile_apps/ALADDIN_iOS/Screens/07_ParentalControlScreen.swift /Users/sergejhlystov/ALADDIN_NEW/ALADDIN_NEW/mobile_apps/ALADDIN_iOS/Screens/05_SettingsScreen.swift /Users/sergejhlystov/ALADDIN_NEW/ALADDIN_NEW/mobile_apps/ALADDIN_iOS/Screens/RewardsModalView.swift /Users/sergejhlystov/ALADDIN_NEW/ALADDIN_NEW/mobile_apps/ALADDIN_iOS/Screens/23_FamilyChatScreen.swift /Users/sergejhlystov/ALADDIN_NEW/ALADDIN_NEW/mobile_apps/ALADDIN_iOS/Screens/02_FamilyScreen.swift /Users/sergejhlystov/ALADDIN_NEW/ALADDIN_NEW/mobile_apps/ALADDIN_iOS/Screens/20_DevicesScreen.swift /Users/sergejhlystov/ALADDIN_NEW/ALADDIN_NEW/mobile_apps/ALADDIN_iOS/Shared/Components/ViewModifiers.swift /Users/sergejhlystov/ALADDIN_NEW/ALADDIN_NEW/mobile_apps/ALADDIN_iOS/Shared/Components/HapticFeedback.swift /Users/sergejhlystov/ALADDIN_NEW/ALADDIN_NEW/mobile_apps/ALADDIN_iOS/Screens/MainScreenWithRegistration.swift /Users/sergejhlystov/ALADDIN_NEW/ALADDIN_NEW/mobile_apps/ALADDIN_iOS/Core/Network/NetworkError.swift /Users/sergejhlystov/ALADDIN_NEW/ALADDIN_NEW/mobile_apps/ALADDIN_iOS/Screens/LanguageSettingsScreen.swift /Users/sergejhlystov/ALADDIN_NEW/ALADDIN_NEW/mobile_apps/ALADDIN_iOS/ViewModels/FamilyRegistrationViewModel.swift /Users/sergejhlystov/ALADDIN_NEW/ALADDIN_NEW/mobile_apps/ALADDIN_iOS/Shared/Styles/CornerRadius.swift -primary-file /Users/sergejhlystov/ALADDIN_NEW/ALADDIN_NEW/mobile_apps/ALADDIN_iOS/Screens/01_MainScreen.swift -primary-file /Users/sergejhlystov/ALADDIN_NEW/ALADDIN_NEW/mobile_apps/ALADDIN_iOS/Screens/FamilyTournamentView.swift -primary-file /Users/sergejhlystov/ALADDIN_NEW/ALADDIN_NEW/mobile_apps/ALADDIN_iOS/Shared/Styles/Fonts.swift -primary-file /Users/sergejhlystov/ALADDIN_NEW/ALADDIN_NEW/mobile_apps/ALADDIN_iOS/Screens/GamesParentalControlView.swift -primary-file /Users/sergejhlystov/ALADDIN_NEW/ALADDIN_NEW/mobile_apps/ALADDIN_iOS/Shared/Components/QRScannerModal.swift -primary-file /Users/sergejhlystov/ALADDIN_NEW/ALADDIN_NEW/mobile_apps/ALADDIN_iOS/Screens/04_AnalyticsScreen.swift -primary-file /Users/sergejhlystov/ALADDIN_NEW/ALADDIN_NEW/mobile_apps/ALADDIN_iOS/Screens/24_VPNEnergyStatsScreen.swift -primary-file /Users/sergejhlystov/ALADDIN_NEW/ALADDIN_NEW/mobile_apps/ALADDIN_iOS/Shared/Components/Modals/ProfileEditView.swift -primary-file /Users/sergejhlystov/ALADDIN_NEW/ALADDIN_NEW/mobile_apps/ALADDIN_iOS/ViewModels/TariffsViewModel.swift -primary-file /Users/sergejhlystov/ALADDIN_NEW/ALADDIN_NEW/mobile_apps/ALADDIN_iOS/Core/Notifications/NotificationManager.swift -primary-file /Users/sergejhlystov/ALADDIN_NEW/ALADDIN_NEW/mobile_apps/ALADDIN_iOS/Core/Security/SecurityManager.swift -supplementary-output-file-map /var/folders/rf/6rxcyql17sz57_02ng7jd7pr0000gn/T/TemporaryDirectory.wFGpdC/supplementaryOutputs-8 -target x86_64-apple-ios15.0-simulator -enable-objc-interop -sdk /Applications/Xcode.app/Contents/Developer/Platforms/iPhoneSimulator.platform/Developer/SDKs/iPhoneSimulator15.2.sdk -I /Users/sergejhlystov/Library/Developer/Xcode/DerivedData/ALADDIN-eahryzmutvtbyceygnlyjsmiiaha/Build/Products/Debug-iphonesimulator -F /Users/sergejhlystov/Library/Developer/Xcode/DerivedData/ALADDIN-eahryzmutvtbyceygnlyjsmiiaha/Build/Products/Debug-iphonesimulator -enable-testing -g -module-cache-path /Users/sergejhlystov/Library/Developer/Xcode/DerivedData/ModuleCache.noindex -emit-localized-strings -emit-localized-strings-path /Users/sergejhlystov/Library/Developer/Xcode/DerivedData/ALADDIN-eahryzmutvtbyceygnlyjsmiiaha/Build/Intermediates.noindex/ALADDIN.build/Debug-iphonesimulator/ALADDIN.build/Objects-normal/x86_64 -swift-version 5 -enforce-exclusivity\=checked -Onone -D DEBUG -new-driver-path /Applications/Xcode.app/Contents/Developer/Toolchains/XcodeDefault.xctoolchain/usr/bin/swift-driver -serialize-debugging-options -Xcc -working-directory -Xcc /Users/sergejhlystov/ALADDIN_NEW/ALADDIN_NEW/mobile_apps/ALADDIN_iOS -resource-dir /Applications/Xcode.app/Contents/Developer/Toolchains/XcodeDefault.xctoolchain/usr/lib/swift -enable-anonymous-context-mangled-names -Xcc -I/Users/sergejhlystov/Library/Developer/Xcode/DerivedData/ALADDIN-eahryzmutvtbyceygnlyjsmiiaha/Build/Intermediates.noindex/ALADDIN.build/Debug-iphonesimulator/ALADDIN.build/swift-overrides.hmap -Xcc -iquote -Xcc /Users/sergejhlystov/Library/Developer/Xcode/DerivedData/ALADDIN-eahryzmutvtbyceygnlyjsmiiaha/Build/Intermediates.noindex/ALADDIN.build/Debug-iphonesimulator/ALADDIN.build/ALADDIN-generated-files.hmap -Xcc -I/Users/sergejhlystov/Library/Developer/Xcode/DerivedData/ALADDIN-eahryzmutvtbyceygnlyjsmiiaha/Build/Intermediates.noindex/ALADDIN.build/Debug-iphonesimulator/ALADDIN.build/ALADDIN-own-target-headers.hmap -Xcc -I/Users/sergejhlystov/Library/Developer/Xcode/DerivedData/ALADDIN-eahryzmutvtbyceygnlyjsmiiaha/Build/Intermediates.noindex/ALADDIN.build/Debug-iphonesimulator/ALADDIN.build/ALADDIN-all-target-headers.hmap -Xcc -iquote -Xcc /Users/sergejhlystov/Library/Developer/Xcode/DerivedData/ALADDIN-eahryzmutvtbyceygnlyjsmiiaha/Build/Intermediates.noindex/ALADDIN.build/Debug-iphonesimulator/ALADDIN.build/ALADDIN-project-headers.hmap -Xcc -I/Users/sergejhlystov/Library/Developer/Xcode/DerivedData/ALADDIN-eahryzmutvtbyceygnlyjsmiiaha/Build/Products/Debug-iphonesimulator/include -Xcc -I/Users/sergejhlystov/Library/Developer/Xcode/DerivedData/ALADDIN-eahryzmutvtbyceygnlyjsmiiaha/Build/Intermediates.noindex/ALADDIN.build/Debug-iphonesimulator/ALADDIN.build/DerivedSources-normal/x86_64 -Xcc -I/Users/sergejhlystov/Library/Developer/Xcode/DerivedData/ALADDIN-eahryzmutvtbyceygnlyjsmiiaha/Build/Intermediates.noindex/ALADDIN.build/Debug-iphonesimulator/ALADDIN.build/DerivedSources/x86_64 -Xcc -I/Users/sergejhlystov/Library/Developer/Xcode/DerivedData/ALADDIN-eahryzmutvtbyceygnlyjsmiiaha/Build/Intermediates.noindex/ALADDIN.build/Debug-iphonesimulator/ALADDIN.build/DerivedSources -Xcc -DDEBUG\=1 -module-name ALADDIN -target-sdk-version 15.2.0 -o /Users/sergejhlystov/Library/Developer/Xcode/DerivedData/ALADDIN-eahryzmutvtbyceygnlyjsmiiaha/Build/Intermediates.noindex/ALADDIN.build/Debug-iphonesimulator/ALADDIN.build/Objects-normal/x86_64/01_MainScreen.o -o /Users/sergejhlystov/Library/Developer/Xcode/DerivedData/ALADDIN-eahryzmutvtbyceygnlyjsmiiaha/Build/Intermediates.noindex/ALADDIN.build/Debug-iphonesimulator/ALADDIN.build/Objects-normal/x86_64/FamilyTournamentView.o -o /Users/sergejhlystov/Library/Developer/Xcode/DerivedData/ALADDIN-eahryzmutvtbyceygnlyjsmiiaha/Build/Intermediates.noindex/ALADDIN.build/Debug-iphonesimulator/ALADDIN.build/Objects-normal/x86_64/Fonts.o -o /Users/sergejhlystov/Library/Developer/Xcode/DerivedData/ALADDIN-eahryzmutvtbyceygnlyjsmiiaha/Build/Intermediates.noindex/ALADDIN.build/Debug-iphonesimulator/ALADDIN.build/Objects-normal/x86_64/GamesParentalControlView.o -o /Users/sergejhlystov/Library/Developer/Xcode/DerivedData/ALADDIN-eahryzmutvtbyceygnlyjsmiiaha/Build/Intermediates.noindex/ALADDIN.build/Debug-iphonesimulator/ALADDIN.build/Objects-normal/x86_64/QRScannerModal.o -o /Users/sergejhlystov/Library/Developer/Xcode/DerivedData/ALADDIN-eahryzmutvtbyceygnlyjsmiiaha/Build/Intermediates.noindex/ALADDIN.build/Debug-iphonesimulator/ALADDIN.build/Objects-normal/x86_64/04_AnalyticsScreen.o -o /Users/sergejhlystov/Library/Developer/Xcode/DerivedData/ALADDIN-eahryzmutvtbyceygnlyjsmiiaha/Build/Intermediates.noindex/ALADDIN.build/Debug-iphonesimulator/ALADDIN.build/Objects-normal/x86_64/24_VPNEnergyStatsScreen.o -o /Users/sergejhlystov/Library/Developer/Xcode/DerivedData/ALADDIN-eahryzmutvtbyceygnlyjsmiiaha/Build/Intermediates.noindex/ALADDIN.build/Debug-iphonesimulator/ALADDIN.build/Objects-normal/x86_64/ProfileEditView.o -o /Users/sergejhlystov/Library/Developer/Xcode/DerivedData/ALADDIN-eahryzmutvtbyceygnlyjsmiiaha/Build/Intermediates.noindex/ALADDIN.build/Debug-iphonesimulator/ALADDIN.build/Objects-normal/x86_64/TariffsViewModel.o -o /Users/sergejhlystov/Library/Developer/Xcode/DerivedData/ALADDIN-eahryzmutvtbyceygnlyjsmiiaha/Build/Intermediates.noindex/ALADDIN.build/Debug-iphonesimulator/ALADDIN.build/Objects-normal/x86_64/NotificationManager.o -o /Users/sergejhlystov/Library/Developer/Xcode/DerivedData/ALADDIN-eahryzmutvtbyceygnlyjsmiiaha/Build/Intermediates.noindex/ALADDIN.build/Debug-iphonesimulator/ALADDIN.build/Objects-normal/x86_64/SecurityManager.o -index-store-path /Users/sergejhlystov/Library/Developer/Xcode/DerivedData/ALADDIN-eahryzmutvtbyceygnlyjsmiiaha/Index/DataStore -index-system-modules

CompileSwift normal x86_64 /Users/sergejhlystov/ALADDIN_NEW/ALADDIN_NEW/mobile_apps/ALADDIN_iOS/Shared/Components/QRScannerModal.swift (in target 'ALADDIN' from project 'ALADDIN')
    cd /Users/sergejhlystov/ALADDIN_NEW/ALADDIN_NEW/mobile_apps/ALADDIN_iOS
    /Applications/Xcode.app/Contents/Developer/Toolchains/XcodeDefault.xctoolchain/usr/bin/swift-frontend -frontend -c /Users/sergejhlystov/ALADDIN_NEW/ALADDIN_NEW/mobile_apps/ALADDIN_iOS/Screens/RewardsQuickModal.swift /Users/sergejhlystov/ALADDIN_NEW/ALADDIN_NEW/mobile_apps/ALADDIN_iOS/Screens/08_ChildInterfaceScreen.swift /Users/sergejhlystov/ALADDIN_NEW/ALADDIN_NEW/mobile_apps/ALADDIN_iOS/ContentView.swift /Users/sergejhlystov/ALADDIN_NEW/ALADDIN_NEW/mobile_apps/ALADDIN_iOS/Shared/Components/ALADDINToggle.swift /Users/sergejhlystov/ALADDIN_NEW/ALADDIN_NEW/mobile_apps/ALADDIN_iOS/Components/Modals/AgeGroupSelectionModal.swift /Users/sergejhlystov/ALADDIN_NEW/ALADDIN_NEW/mobile_apps/ALADDIN_iOS/ALADDINApp.swift /Users/sergejhlystov/ALADDIN_NEW/ALADDIN_NEW/mobile_apps/ALADDIN_iOS/Shared/Models/FunctionStatus.swift /Users/sergejhlystov/ALADDIN_NEW/ALADDIN_NEW/mobile_apps/ALADDIN_iOS/ViewModels/MainViewModel.swift /Users/sergejhlystov/ALADDIN_NEW/ALADDIN_NEW/mobile_apps/ALADDIN_iOS/Shared/Components/Buttons/PrimaryButton.swift /Users/sergejhlystov/ALADDIN_NEW/ALADDIN_NEW/mobile_apps/ALADDIN_iOS/Screens/NotificationSettingsScreen.swift /Users/sergejhlystov/ALADDIN_NEW/ALADDIN_NEW/mobile_apps/ALADDIN_iOS/Screens/ChildContentScreen.swift /Users/sergejhlystov/ALADDIN_NEW/ALADDIN_NEW/mobile_apps/ALADDIN_iOS/Shared/Components/StatItem.swift /Users/sergejhlystov/ALADDIN_NEW/ALADDIN_NEW/mobile_apps/ALADDIN_iOS/Shared/Components/Cards/FamilyMemberCard.swift /Users/sergejhlystov/ALADDIN_NEW/ALADDIN_NEW/mobile_apps/ALADDIN_iOS/ViewModels/VPNViewModel.swift /Users/sergejhlystov/ALADDIN_NEW/ALADDIN_NEW/mobile_apps/ALADDIN_iOS/Core/Models/APIModels.swift /Users/sergejhlystov/ALADDIN_NEW/ALADDIN_NEW/mobile_apps/ALADDIN_iOS/Core/VPN/VPNManager.swift /Users/sergejhlystov/ALADDIN_NEW/ALADDIN_NEW/mobile_apps/ALADDIN_iOS/Screens/UnicornPetView.swift /Users/sergejhlystov/ALADDIN_NEW/ALADDIN_NEW/mobile_apps/ALADDIN_iOS/Core/Network/APIService.swift /Users/sergejhlystov/ALADDIN_NEW/ALADDIN_NEW/mobile_apps/ALADDIN_iOS/Screens/18_PrivacyPolicyScreen.swift /Users/sergejhlystov/ALADDIN_NEW/ALADDIN_NEW/mobile_apps/ALADDIN_iOS/Screens/10_TariffsScreen.swift /Users/sergejhlystov/ALADDIN_NEW/ALADDIN_NEW/mobile_apps/ALADDIN_iOS/Screens/03_VPNScreen.swift /Users/sergejhlystov/ALADDIN_NEW/ALADDIN_NEW/mobile_apps/ALADDIN_iOS/Screens/09_ElderlyInterfaceScreen.swift /Users/sergejhlystov/ALADDIN_NEW/ALADDIN_NEW/mobile_apps/ALADDIN_iOS/Shared/Components/SecondaryButton.swift /Users/sergejhlystov/ALADDIN_NEW/ALADDIN_NEW/mobile_apps/ALADDIN_iOS/Screens/11_ProfileScreen.swift /Users/sergejhlystov/ALADDIN_NEW/ALADDIN_NEW/mobile_apps/ALADDIN_iOS/Core/Network/NetworkManager.swift /Users/sergejhlystov/ALADDIN_NEW/ALADDIN_NEW/mobile_apps/ALADDIN_iOS/Screens/19_TermsOfServiceScreen.swift /Users/sergejhlystov/ALADDIN_NEW/ALADDIN_NEW/mobile_apps/ALADDIN_iOS/Core/Config/AppConfig.swift /Users/sergejhlystov/ALADDIN_NEW/ALADDIN_NEW/mobile_apps/ALADDIN_iOS/ViewModels/FamilyViewModel.swift /Users/sergejhlystov/ALADDIN_NEW/ALADDIN_NEW/mobile_apps/ALADDIN_iOS/ViewModels/AIAssistantViewModel.swift /Users/sergejhlystov/ALADDIN_NEW/ALADDIN_NEW/mobile_apps/ALADDIN_iOS/Screens/22_DeviceDetailScreen.swift /Users/sergejhlystov/ALADDIN_NEW/ALADDIN_NEW/mobile_apps/ALADDIN_iOS/Screens/WidgetConfigurationScreen.swift /Users/sergejhlystov/ALADDIN_NEW/ALADDIN_NEW/mobile_apps/ALADDIN_iOS/Core/Security/KeychainManager.swift /Users/sergejhlystov/ALADDIN_NEW/ALADDIN_NEW/mobile_apps/ALADDIN_iOS/Shared/Components/Modals/MemberStatsModalView.swift /Users/sergejhlystov/ALADDIN_NEW/ALADDIN_NEW/mobile_apps/ALADDIN_iOS/Shared/Styles/Spacing.swift /Users/sergejhlystov/ALADDIN_NEW/ALADDIN_NEW/mobile_apps/ALADDIN_iOS/Shared/Components/RecoveryOptionsModal.swift /Users/sergejhlystov/ALADDIN_NEW/ALADDIN_NEW/mobile_apps/ALADDIN_iOS/ViewModels/SettingsViewModel.swift /Users/sergejhlystov/ALADDIN_NEW/ALADDIN_NEW/mobile_apps/ALADDIN_iOS/Shared/Components/InfoRow.swift /Users/sergejhlystov/ALADDIN_NEW/ALADDIN_NEW/mobile_apps/ALADDIN_iOS/Screens/25_PaymentQRScreen.swift /Users/sergejhlystov/ALADDIN_NEW/ALADDIN_NEW/mobile_apps/ALADDIN_iOS/Shared/Components/Modals/RoleSelectionModal.swift /Users/sergejhlystov/ALADDIN_NEW/ALADDIN_NEW/mobile_apps/ALADDIN_iOS/ViewModels/SupportViewModel.swift /Users/sergejhlystov/ALADDIN_NEW/ALADDIN_NEW/mobile_apps/ALADDIN_iOS/ViewModels/ChildInterfaceViewModel.swift /Users/sergejhlystov/ALADDIN_NEW/ALADDIN_NEW/mobile_apps/ALADDIN_iOS/Screens/12_NotificationsScreen.swift /Users/sergejhlystov/ALADDIN_NEW/ALADDIN_NEW/mobile_apps/ALADDIN_iOS/ViewModels/ElderlyInterfaceViewModel.swift /Users/sergejhlystov/ALADDIN_NEW/ALADDIN_NEW/mobile_apps/ALADDIN_iOS/ViewModels/AnalyticsViewModel.swift /Users/sergejhlystov/ALADDIN_NEW/ALADDIN_NEW/mobile_apps/ALADDIN_iOS/Core/Cache/CacheManager.swift /Users/sergejhlystov/ALADDIN_NEW/ALADDIN_NEW/mobile_apps/ALADDIN_iOS/ViewModels/NotificationsViewModel.swift /Users/sergejhlystov/ALADDIN_NEW/ALADDIN_NEW/mobile_apps/ALADDIN_iOS/Screens/06_AIAssistantScreen.swift /Users/sergejhlystov/ALADDIN_NEW/ALADDIN_NEW/mobile_apps/ALADDIN_iOS/ViewModels/ProfileViewModel.swift /Users/sergejhlystov/ALADDIN_NEW/ALADDIN_NEW/mobile_apps/ALADDIN_iOS/Components/Modals/ConsentModal.swift /Users/sergejhlystov/ALADDIN_NEW/ALADDIN_NEW/mobile_apps/ALADDIN_iOS/ViewModels/ParentalControlViewModel.swift /Users/sergejhlystov/ALADDIN_NEW/ALADDIN_NEW/mobile_apps/ALADDIN_iOS/ViewModels/OnboardingViewModel.swift /Users/sergejhlystov/ALADDIN_NEW/ALADDIN_NEW/mobile_apps/ALADDIN_iOS/Shared/Styles/Colors.swift /Users/sergejhlystov/ALADDIN_NEW/ALADDIN_NEW/mobile_apps/ALADDIN_iOS/Screens/ChildRewardsScreen.swift /Users/sergejhlystov/ALADDIN_NEW/ALADDIN_NEW/mobile_apps/ALADDIN_iOS/Screens/21_ReferralScreen.swift /Users/sergejhlystov/ALADDIN_NEW/ALADDIN_NEW/mobile_apps/ALADDIN_iOS/Shared/Components/AvatarSelector.swift /Users/sergejhlystov/ALADDIN_NEW/ALADDIN_NEW/mobile_apps/ALADDIN_iOS/Shared/Components/Navigation/ALADDINNavigationBar.swift /Users/sergejhlystov/ALADDIN_NEW/ALADDIN_NEW/mobile_apps/ALADDIN_iOS/Screens/14_OnboardingScreen.swift /Users/sergejhlystov/ALADDIN_NEW/ALADDIN_NEW/mobile_apps/ALADDIN_iOS/Components/Modals/FamilyCreatedModal.swift /Users/sergejhlystov/ALADDIN_NEW/ALADDIN_NEW/mobile_apps/ALADDIN_iOS/ViewModels/PaymentQRViewModel.swift /Users/sergejhlystov/ALADDIN_NEW/ALADDIN_NEW/mobile_apps/ALADDIN_iOS/Core/Navigation/NavigationManager.swift /Users/sergejhlystov/ALADDIN_NEW/ALADDIN_NEW/mobile_apps/ALADDIN_iOS/Core/Accessibility/AccessibilityManager.swift /Users/sergejhlystov/ALADDIN_NEW/ALADDIN_NEW/mobile_apps/ALADDIN_iOS/Core/Store/StoreManager.swift /Users/sergejhlystov/ALADDIN_NEW/ALADDIN_NEW/mobile_apps/ALADDIN_iOS/Screens/WheelOfFortuneView.swift /Users/sergejhlystov/ALADDIN_NEW/ALADDIN_NEW/mobile_apps/ALADDIN_iOS/Screens/UnicornUniverseView.swift /Users/sergejhlystov/ALADDIN_NEW/ALADDIN_NEW/mobile_apps/ALADDIN_iOS/Core/Localization/LocalizationManager.swift /Users/sergejhlystov/ALADDIN_NEW/ALADDIN_NEW/mobile_apps/ALADDIN_iOS/Screens/13_SupportScreen.swift /Users/sergejhlystov/ALADDIN_NEW/ALADDIN_NEW/mobile_apps/ALADDIN_iOS/Core/Analytics/AnalyticsManager.swift /Users/sergejhlystov/ALADDIN_NEW/ALADDIN_NEW/mobile_apps/ALADDIN_iOS/Screens/07_ParentalControlScreen.swift /Users/sergejhlystov/ALADDIN_NEW/ALADDIN_NEW/mobile_apps/ALADDIN_iOS/Screens/05_SettingsScreen.swift /Users/sergejhlystov/ALADDIN_NEW/ALADDIN_NEW/mobile_apps/ALADDIN_iOS/Screens/RewardsModalView.swift /Users/sergejhlystov/ALADDIN_NEW/ALADDIN_NEW/mobile_apps/ALADDIN_iOS/Screens/23_FamilyChatScreen.swift /Users/sergejhlystov/ALADDIN_NEW/ALADDIN_NEW/mobile_apps/ALADDIN_iOS/Screens/02_FamilyScreen.swift /Users/sergejhlystov/ALADDIN_NEW/ALADDIN_NEW/mobile_apps/ALADDIN_iOS/Screens/20_DevicesScreen.swift /Users/sergejhlystov/ALADDIN_NEW/ALADDIN_NEW/mobile_apps/ALADDIN_iOS/Shared/Components/ViewModifiers.swift /Users/sergejhlystov/ALADDIN_NEW/ALADDIN_NEW/mobile_apps/ALADDIN_iOS/Shared/Components/HapticFeedback.swift /Users/sergejhlystov/ALADDIN_NEW/ALADDIN_NEW/mobile_apps/ALADDIN_iOS/Screens/MainScreenWithRegistration.swift /Users/sergejhlystov/ALADDIN_NEW/ALADDIN_NEW/mobile_apps/ALADDIN_iOS/Core/Network/NetworkError.swift /Users/sergejhlystov/ALADDIN_NEW/ALADDIN_NEW/mobile_apps/ALADDIN_iOS/Screens/LanguageSettingsScreen.swift /Users/sergejhlystov/ALADDIN_NEW/ALADDIN_NEW/mobile_apps/ALADDIN_iOS/ViewModels/FamilyRegistrationViewModel.swift /Users/sergejhlystov/ALADDIN_NEW/ALADDIN_NEW/mobile_apps/ALADDIN_iOS/Shared/Styles/CornerRadius.swift -primary-file /Users/sergejhlystov/ALADDIN_NEW/ALADDIN_NEW/mobile_apps/ALADDIN_iOS/Screens/01_MainScreen.swift -primary-file /Users/sergejhlystov/ALADDIN_NEW/ALADDIN_NEW/mobile_apps/ALADDIN_iOS/Screens/FamilyTournamentView.swift -primary-file /Users/sergejhlystov/ALADDIN_NEW/ALADDIN_NEW/mobile_apps/ALADDIN_iOS/Shared/Styles/Fonts.swift -primary-file /Users/sergejhlystov/ALADDIN_NEW/ALADDIN_NEW/mobile_apps/ALADDIN_iOS/Screens/GamesParentalControlView.swift -primary-file /Users/sergejhlystov/ALADDIN_NEW/ALADDIN_NEW/mobile_apps/ALADDIN_iOS/Shared/Components/QRScannerModal.swift -primary-file /Users/sergejhlystov/ALADDIN_NEW/ALADDIN_NEW/mobile_apps/ALADDIN_iOS/Screens/04_AnalyticsScreen.swift -primary-file /Users/sergejhlystov/ALADDIN_NEW/ALADDIN_NEW/mobile_apps/ALADDIN_iOS/Screens/24_VPNEnergyStatsScreen.swift -primary-file /Users/sergejhlystov/ALADDIN_NEW/ALADDIN_NEW/mobile_apps/ALADDIN_iOS/Shared/Components/Modals/ProfileEditView.swift -primary-file /Users/sergejhlystov/ALADDIN_NEW/ALADDIN_NEW/mobile_apps/ALADDIN_iOS/ViewModels/TariffsViewModel.swift -primary-file /Users/sergejhlystov/ALADDIN_NEW/ALADDIN_NEW/mobile_apps/ALADDIN_iOS/Core/Notifications/NotificationManager.swift -primary-file /Users/sergejhlystov/ALADDIN_NEW/ALADDIN_NEW/mobile_apps/ALADDIN_iOS/Core/Security/SecurityManager.swift -supplementary-output-file-map /var/folders/rf/6rxcyql17sz57_02ng7jd7pr0000gn/T/TemporaryDirectory.wFGpdC/supplementaryOutputs-8 -target x86_64-apple-ios15.0-simulator -enable-objc-interop -sdk /Applications/Xcode.app/Contents/Developer/Platforms/iPhoneSimulator.platform/Developer/SDKs/iPhoneSimulator15.2.sdk -I /Users/sergejhlystov/Library/Developer/Xcode/DerivedData/ALADDIN-eahryzmutvtbyceygnlyjsmiiaha/Build/Products/Debug-iphonesimulator -F /Users/sergejhlystov/Library/Developer/Xcode/DerivedData/ALADDIN-eahryzmutvtbyceygnlyjsmiiaha/Build/Products/Debug-iphonesimulator -enable-testing -g -module-cache-path /Users/sergejhlystov/Library/Developer/Xcode/DerivedData/ModuleCache.noindex -emit-localized-strings -emit-localized-strings-path /Users/sergejhlystov/Library/Developer/Xcode/DerivedData/ALADDIN-eahryzmutvtbyceygnlyjsmiiaha/Build/Intermediates.noindex/ALADDIN.build/Debug-iphonesimulator/ALADDIN.build/Objects-normal/x86_64 -swift-version 5 -enforce-exclusivity\=checked -Onone -D DEBUG -new-driver-path /Applications/Xcode.app/Contents/Developer/Toolchains/XcodeDefault.xctoolchain/usr/bin/swift-driver -serialize-debugging-options -Xcc -working-directory -Xcc /Users/sergejhlystov/ALADDIN_NEW/ALADDIN_NEW/mobile_apps/ALADDIN_iOS -resource-dir /Applications/Xcode.app/Contents/Developer/Toolchains/XcodeDefault.xctoolchain/usr/lib/swift -enable-anonymous-context-mangled-names -Xcc -I/Users/sergejhlystov/Library/Developer/Xcode/DerivedData/ALADDIN-eahryzmutvtbyceygnlyjsmiiaha/Build/Intermediates.noindex/ALADDIN.build/Debug-iphonesimulator/ALADDIN.build/swift-overrides.hmap -Xcc -iquote -Xcc /Users/sergejhlystov/Library/Developer/Xcode/DerivedData/ALADDIN-eahryzmutvtbyceygnlyjsmiiaha/Build/Intermediates.noindex/ALADDIN.build/Debug-iphonesimulator/ALADDIN.build/ALADDIN-generated-files.hmap -Xcc -I/Users/sergejhlystov/Library/Developer/Xcode/DerivedData/ALADDIN-eahryzmutvtbyceygnlyjsmiiaha/Build/Intermediates.noindex/ALADDIN.build/Debug-iphonesimulator/ALADDIN.build/ALADDIN-own-target-headers.hmap -Xcc -I/Users/sergejhlystov/Library/Developer/Xcode/DerivedData/ALADDIN-eahryzmutvtbyceygnlyjsmiiaha/Build/Intermediates.noindex/ALADDIN.build/Debug-iphonesimulator/ALADDIN.build/ALADDIN-all-target-headers.hmap -Xcc -iquote -Xcc /Users/sergejhlystov/Library/Developer/Xcode/DerivedData/ALADDIN-eahryzmutvtbyceygnlyjsmiiaha/Build/Intermediates.noindex/ALADDIN.build/Debug-iphonesimulator/ALADDIN.build/ALADDIN-project-headers.hmap -Xcc -I/Users/sergejhlystov/Library/Developer/Xcode/DerivedData/ALADDIN-eahryzmutvtbyceygnlyjsmiiaha/Build/Products/Debug-iphonesimulator/include -Xcc -I/Users/sergejhlystov/Library/Developer/Xcode/DerivedData/ALADDIN-eahryzmutvtbyceygnlyjsmiiaha/Build/Intermediates.noindex/ALADDIN.build/Debug-iphonesimulator/ALADDIN.build/DerivedSources-normal/x86_64 -Xcc -I/Users/sergejhlystov/Library/Developer/Xcode/DerivedData/ALADDIN-eahryzmutvtbyceygnlyjsmiiaha/Build/Intermediates.noindex/ALADDIN.build/Debug-iphonesimulator/ALADDIN.build/DerivedSources/x86_64 -Xcc -I/Users/sergejhlystov/Library/Developer/Xcode/DerivedData/ALADDIN-eahryzmutvtbyceygnlyjsmiiaha/Build/Intermediates.noindex/ALADDIN.build/Debug-iphonesimulator/ALADDIN.build/DerivedSources -Xcc -DDEBUG\=1 -module-name ALADDIN -target-sdk-version 15.2.0 -o /Users/sergejhlystov/Library/Developer/Xcode/DerivedData/ALADDIN-eahryzmutvtbyceygnlyjsmiiaha/Build/Intermediates.noindex/ALADDIN.build/Debug-iphonesimulator/ALADDIN.build/Objects-normal/x86_64/01_MainScreen.o -o /Users/sergejhlystov/Library/Developer/Xcode/DerivedData/ALADDIN-eahryzmutvtbyceygnlyjsmiiaha/Build/Intermediates.noindex/ALADDIN.build/Debug-iphonesimulator/ALADDIN.build/Objects-normal/x86_64/FamilyTournamentView.o -o /Users/sergejhlystov/Library/Developer/Xcode/DerivedData/ALADDIN-eahryzmutvtbyceygnlyjsmiiaha/Build/Intermediates.noindex/ALADDIN.build/Debug-iphonesimulator/ALADDIN.build/Objects-normal/x86_64/Fonts.o -o /Users/sergejhlystov/Library/Developer/Xcode/DerivedData/ALADDIN-eahryzmutvtbyceygnlyjsmiiaha/Build/Intermediates.noindex/ALADDIN.build/Debug-iphonesimulator/ALADDIN.build/Objects-normal/x86_64/GamesParentalControlView.o -o /Users/sergejhlystov/Library/Developer/Xcode/DerivedData/ALADDIN-eahryzmutvtbyceygnlyjsmiiaha/Build/Intermediates.noindex/ALADDIN.build/Debug-iphonesimulator/ALADDIN.build/Objects-normal/x86_64/QRScannerModal.o -o /Users/sergejhlystov/Library/Developer/Xcode/DerivedData/ALADDIN-eahryzmutvtbyceygnlyjsmiiaha/Build/Intermediates.noindex/ALADDIN.build/Debug-iphonesimulator/ALADDIN.build/Objects-normal/x86_64/04_AnalyticsScreen.o -o /Users/sergejhlystov/Library/Developer/Xcode/DerivedData/ALADDIN-eahryzmutvtbyceygnlyjsmiiaha/Build/Intermediates.noindex/ALADDIN.build/Debug-iphonesimulator/ALADDIN.build/Objects-normal/x86_64/24_VPNEnergyStatsScreen.o -o /Users/sergejhlystov/Library/Developer/Xcode/DerivedData/ALADDIN-eahryzmutvtbyceygnlyjsmiiaha/Build/Intermediates.noindex/ALADDIN.build/Debug-iphonesimulator/ALADDIN.build/Objects-normal/x86_64/ProfileEditView.o -o /Users/sergejhlystov/Library/Developer/Xcode/DerivedData/ALADDIN-eahryzmutvtbyceygnlyjsmiiaha/Build/Intermediates.noindex/ALADDIN.build/Debug-iphonesimulator/ALADDIN.build/Objects-normal/x86_64/TariffsViewModel.o -o /Users/sergejhlystov/Library/Developer/Xcode/DerivedData/ALADDIN-eahryzmutvtbyceygnlyjsmiiaha/Build/Intermediates.noindex/ALADDIN.build/Debug-iphonesimulator/ALADDIN.build/Objects-normal/x86_64/NotificationManager.o -o /Users/sergejhlystov/Library/Developer/Xcode/DerivedData/ALADDIN-eahryzmutvtbyceygnlyjsmiiaha/Build/Intermediates.noindex/ALADDIN.build/Debug-iphonesimulator/ALADDIN.build/Objects-normal/x86_64/SecurityManager.o -index-store-path /Users/sergejhlystov/Library/Developer/Xcode/DerivedData/ALADDIN-eahryzmutvtbyceygnlyjsmiiaha/Index/DataStore -index-system-modules

CompileSwift normal x86_64 /Users/sergejhlystov/ALADDIN_NEW/ALADDIN_NEW/mobile_apps/ALADDIN_iOS/Screens/04_AnalyticsScreen.swift (in target 'ALADDIN' from project 'ALADDIN')
    cd /Users/sergejhlystov/ALADDIN_NEW/ALADDIN_NEW/mobile_apps/ALADDIN_iOS
    /Applications/Xcode.app/Contents/Developer/Toolchains/XcodeDefault.xctoolchain/usr/bin/swift-frontend -frontend -c /Users/sergejhlystov/ALADDIN_NEW/ALADDIN_NEW/mobile_apps/ALADDIN_iOS/Screens/RewardsQuickModal.swift /Users/sergejhlystov/ALADDIN_NEW/ALADDIN_NEW/mobile_apps/ALADDIN_iOS/Screens/08_ChildInterfaceScreen.swift /Users/sergejhlystov/ALADDIN_NEW/ALADDIN_NEW/mobile_apps/ALADDIN_iOS/ContentView.swift /Users/sergejhlystov/ALADDIN_NEW/ALADDIN_NEW/mobile_apps/ALADDIN_iOS/Shared/Components/ALADDINToggle.swift /Users/sergejhlystov/ALADDIN_NEW/ALADDIN_NEW/mobile_apps/ALADDIN_iOS/Components/Modals/AgeGroupSelectionModal.swift /Users/sergejhlystov/ALADDIN_NEW/ALADDIN_NEW/mobile_apps/ALADDIN_iOS/ALADDINApp.swift /Users/sergejhlystov/ALADDIN_NEW/ALADDIN_NEW/mobile_apps/ALADDIN_iOS/Shared/Models/FunctionStatus.swift /Users/sergejhlystov/ALADDIN_NEW/ALADDIN_NEW/mobile_apps/ALADDIN_iOS/ViewModels/MainViewModel.swift /Users/sergejhlystov/ALADDIN_NEW/ALADDIN_NEW/mobile_apps/ALADDIN_iOS/Shared/Components/Buttons/PrimaryButton.swift /Users/sergejhlystov/ALADDIN_NEW/ALADDIN_NEW/mobile_apps/ALADDIN_iOS/Screens/NotificationSettingsScreen.swift /Users/sergejhlystov/ALADDIN_NEW/ALADDIN_NEW/mobile_apps/ALADDIN_iOS/Screens/ChildContentScreen.swift /Users/sergejhlystov/ALADDIN_NEW/ALADDIN_NEW/mobile_apps/ALADDIN_iOS/Shared/Components/StatItem.swift /Users/sergejhlystov/ALADDIN_NEW/ALADDIN_NEW/mobile_apps/ALADDIN_iOS/Shared/Components/Cards/FamilyMemberCard.swift /Users/sergejhlystov/ALADDIN_NEW/ALADDIN_NEW/mobile_apps/ALADDIN_iOS/ViewModels/VPNViewModel.swift /Users/sergejhlystov/ALADDIN_NEW/ALADDIN_NEW/mobile_apps/ALADDIN_iOS/Core/Models/APIModels.swift /Users/sergejhlystov/ALADDIN_NEW/ALADDIN_NEW/mobile_apps/ALADDIN_iOS/Core/VPN/VPNManager.swift /Users/sergejhlystov/ALADDIN_NEW/ALADDIN_NEW/mobile_apps/ALADDIN_iOS/Screens/UnicornPetView.swift /Users/sergejhlystov/ALADDIN_NEW/ALADDIN_NEW/mobile_apps/ALADDIN_iOS/Core/Network/APIService.swift /Users/sergejhlystov/ALADDIN_NEW/ALADDIN_NEW/mobile_apps/ALADDIN_iOS/Screens/18_PrivacyPolicyScreen.swift /Users/sergejhlystov/ALADDIN_NEW/ALADDIN_NEW/mobile_apps/ALADDIN_iOS/Screens/10_TariffsScreen.swift /Users/sergejhlystov/ALADDIN_NEW/ALADDIN_NEW/mobile_apps/ALADDIN_iOS/Screens/03_VPNScreen.swift /Users/sergejhlystov/ALADDIN_NEW/ALADDIN_NEW/mobile_apps/ALADDIN_iOS/Screens/09_ElderlyInterfaceScreen.swift /Users/sergejhlystov/ALADDIN_NEW/ALADDIN_NEW/mobile_apps/ALADDIN_iOS/Shared/Components/SecondaryButton.swift /Users/sergejhlystov/ALADDIN_NEW/ALADDIN_NEW/mobile_apps/ALADDIN_iOS/Screens/11_ProfileScreen.swift /Users/sergejhlystov/ALADDIN_NEW/ALADDIN_NEW/mobile_apps/ALADDIN_iOS/Core/Network/NetworkManager.swift /Users/sergejhlystov/ALADDIN_NEW/ALADDIN_NEW/mobile_apps/ALADDIN_iOS/Screens/19_TermsOfServiceScreen.swift /Users/sergejhlystov/ALADDIN_NEW/ALADDIN_NEW/mobile_apps/ALADDIN_iOS/Core/Config/AppConfig.swift /Users/sergejhlystov/ALADDIN_NEW/ALADDIN_NEW/mobile_apps/ALADDIN_iOS/ViewModels/FamilyViewModel.swift /Users/sergejhlystov/ALADDIN_NEW/ALADDIN_NEW/mobile_apps/ALADDIN_iOS/ViewModels/AIAssistantViewModel.swift /Users/sergejhlystov/ALADDIN_NEW/ALADDIN_NEW/mobile_apps/ALADDIN_iOS/Screens/22_DeviceDetailScreen.swift /Users/sergejhlystov/ALADDIN_NEW/ALADDIN_NEW/mobile_apps/ALADDIN_iOS/Screens/WidgetConfigurationScreen.swift /Users/sergejhlystov/ALADDIN_NEW/ALADDIN_NEW/mobile_apps/ALADDIN_iOS/Core/Security/KeychainManager.swift /Users/sergejhlystov/ALADDIN_NEW/ALADDIN_NEW/mobile_apps/ALADDIN_iOS/Shared/Components/Modals/MemberStatsModalView.swift /Users/sergejhlystov/ALADDIN_NEW/ALADDIN_NEW/mobile_apps/ALADDIN_iOS/Shared/Styles/Spacing.swift /Users/sergejhlystov/ALADDIN_NEW/ALADDIN_NEW/mobile_apps/ALADDIN_iOS/Shared/Components/RecoveryOptionsModal.swift /Users/sergejhlystov/ALADDIN_NEW/ALADDIN_NEW/mobile_apps/ALADDIN_iOS/ViewModels/SettingsViewModel.swift /Users/sergejhlystov/ALADDIN_NEW/ALADDIN_NEW/mobile_apps/ALADDIN_iOS/Shared/Components/InfoRow.swift /Users/sergejhlystov/ALADDIN_NEW/ALADDIN_NEW/mobile_apps/ALADDIN_iOS/Screens/25_PaymentQRScreen.swift /Users/sergejhlystov/ALADDIN_NEW/ALADDIN_NEW/mobile_apps/ALADDIN_iOS/Shared/Components/Modals/RoleSelectionModal.swift /Users/sergejhlystov/ALADDIN_NEW/ALADDIN_NEW/mobile_apps/ALADDIN_iOS/ViewModels/SupportViewModel.swift /Users/sergejhlystov/ALADDIN_NEW/ALADDIN_NEW/mobile_apps/ALADDIN_iOS/ViewModels/ChildInterfaceViewModel.swift /Users/sergejhlystov/ALADDIN_NEW/ALADDIN_NEW/mobile_apps/ALADDIN_iOS/Screens/12_NotificationsScreen.swift /Users/sergejhlystov/ALADDIN_NEW/ALADDIN_NEW/mobile_apps/ALADDIN_iOS/ViewModels/ElderlyInterfaceViewModel.swift /Users/sergejhlystov/ALADDIN_NEW/ALADDIN_NEW/mobile_apps/ALADDIN_iOS/ViewModels/AnalyticsViewModel.swift /Users/sergejhlystov/ALADDIN_NEW/ALADDIN_NEW/mobile_apps/ALADDIN_iOS/Core/Cache/CacheManager.swift /Users/sergejhlystov/ALADDIN_NEW/ALADDIN_NEW/mobile_apps/ALADDIN_iOS/ViewModels/NotificationsViewModel.swift /Users/sergejhlystov/ALADDIN_NEW/ALADDIN_NEW/mobile_apps/ALADDIN_iOS/Screens/06_AIAssistantScreen.swift /Users/sergejhlystov/ALADDIN_NEW/ALADDIN_NEW/mobile_apps/ALADDIN_iOS/ViewModels/ProfileViewModel.swift /Users/sergejhlystov/ALADDIN_NEW/ALADDIN_NEW/mobile_apps/ALADDIN_iOS/Components/Modals/ConsentModal.swift /Users/sergejhlystov/ALADDIN_NEW/ALADDIN_NEW/mobile_apps/ALADDIN_iOS/ViewModels/ParentalControlViewModel.swift /Users/sergejhlystov/ALADDIN_NEW/ALADDIN_NEW/mobile_apps/ALADDIN_iOS/ViewModels/OnboardingViewModel.swift /Users/sergejhlystov/ALADDIN_NEW/ALADDIN_NEW/mobile_apps/ALADDIN_iOS/Shared/Styles/Colors.swift /Users/sergejhlystov/ALADDIN_NEW/ALADDIN_NEW/mobile_apps/ALADDIN_iOS/Screens/ChildRewardsScreen.swift /Users/sergejhlystov/ALADDIN_NEW/ALADDIN_NEW/mobile_apps/ALADDIN_iOS/Screens/21_ReferralScreen.swift /Users/sergejhlystov/ALADDIN_NEW/ALADDIN_NEW/mobile_apps/ALADDIN_iOS/Shared/Components/AvatarSelector.swift /Users/sergejhlystov/ALADDIN_NEW/ALADDIN_NEW/mobile_apps/ALADDIN_iOS/Shared/Components/Navigation/ALADDINNavigationBar.swift /Users/sergejhlystov/ALADDIN_NEW/ALADDIN_NEW/mobile_apps/ALADDIN_iOS/Screens/14_OnboardingScreen.swift /Users/sergejhlystov/ALADDIN_NEW/ALADDIN_NEW/mobile_apps/ALADDIN_iOS/Components/Modals/FamilyCreatedModal.swift /Users/sergejhlystov/ALADDIN_NEW/ALADDIN_NEW/mobile_apps/ALADDIN_iOS/ViewModels/PaymentQRViewModel.swift /Users/sergejhlystov/ALADDIN_NEW/ALADDIN_NEW/mobile_apps/ALADDIN_iOS/Core/Navigation/NavigationManager.swift /Users/sergejhlystov/ALADDIN_NEW/ALADDIN_NEW/mobile_apps/ALADDIN_iOS/Core/Accessibility/AccessibilityManager.swift /Users/sergejhlystov/ALADDIN_NEW/ALADDIN_NEW/mobile_apps/ALADDIN_iOS/Core/Store/StoreManager.swift /Users/sergejhlystov/ALADDIN_NEW/ALADDIN_NEW/mobile_apps/ALADDIN_iOS/Screens/WheelOfFortuneView.swift /Users/sergejhlystov/ALADDIN_NEW/ALADDIN_NEW/mobile_apps/ALADDIN_iOS/Screens/UnicornUniverseView.swift /Users/sergejhlystov/ALADDIN_NEW/ALADDIN_NEW/mobile_apps/ALADDIN_iOS/Core/Localization/LocalizationManager.swift /Users/sergejhlystov/ALADDIN_NEW/ALADDIN_NEW/mobile_apps/ALADDIN_iOS/Screens/13_SupportScreen.swift /Users/sergejhlystov/ALADDIN_NEW/ALADDIN_NEW/mobile_apps/ALADDIN_iOS/Core/Analytics/AnalyticsManager.swift /Users/sergejhlystov/ALADDIN_NEW/ALADDIN_NEW/mobile_apps/ALADDIN_iOS/Screens/07_ParentalControlScreen.swift /Users/sergejhlystov/ALADDIN_NEW/ALADDIN_NEW/mobile_apps/ALADDIN_iOS/Screens/05_SettingsScreen.swift /Users/sergejhlystov/ALADDIN_NEW/ALADDIN_NEW/mobile_apps/ALADDIN_iOS/Screens/RewardsModalView.swift /Users/sergejhlystov/ALADDIN_NEW/ALADDIN_NEW/mobile_apps/ALADDIN_iOS/Screens/23_FamilyChatScreen.swift /Users/sergejhlystov/ALADDIN_NEW/ALADDIN_NEW/mobile_apps/ALADDIN_iOS/Screens/02_FamilyScreen.swift /Users/sergejhlystov/ALADDIN_NEW/ALADDIN_NEW/mobile_apps/ALADDIN_iOS/Screens/20_DevicesScreen.swift /Users/sergejhlystov/ALADDIN_NEW/ALADDIN_NEW/mobile_apps/ALADDIN_iOS/Shared/Components/ViewModifiers.swift /Users/sergejhlystov/ALADDIN_NEW/ALADDIN_NEW/mobile_apps/ALADDIN_iOS/Shared/Components/HapticFeedback.swift /Users/sergejhlystov/ALADDIN_NEW/ALADDIN_NEW/mobile_apps/ALADDIN_iOS/Screens/MainScreenWithRegistration.swift /Users/sergejhlystov/ALADDIN_NEW/ALADDIN_NEW/mobile_apps/ALADDIN_iOS/Core/Network/NetworkError.swift /Users/sergejhlystov/ALADDIN_NEW/ALADDIN_NEW/mobile_apps/ALADDIN_iOS/Screens/LanguageSettingsScreen.swift /Users/sergejhlystov/ALADDIN_NEW/ALADDIN_NEW/mobile_apps/ALADDIN_iOS/ViewModels/FamilyRegistrationViewModel.swift /Users/sergejhlystov/ALADDIN_NEW/ALADDIN_NEW/mobile_apps/ALADDIN_iOS/Shared/Styles/CornerRadius.swift -primary-file /Users/sergejhlystov/ALADDIN_NEW/ALADDIN_NEW/mobile_apps/ALADDIN_iOS/Screens/01_MainScreen.swift -primary-file /Users/sergejhlystov/ALADDIN_NEW/ALADDIN_NEW/mobile_apps/ALADDIN_iOS/Screens/FamilyTournamentView.swift -primary-file /Users/sergejhlystov/ALADDIN_NEW/ALADDIN_NEW/mobile_apps/ALADDIN_iOS/Shared/Styles/Fonts.swift -primary-file /Users/sergejhlystov/ALADDIN_NEW/ALADDIN_NEW/mobile_apps/ALADDIN_iOS/Screens/GamesParentalControlView.swift -primary-file /Users/sergejhlystov/ALADDIN_NEW/ALADDIN_NEW/mobile_apps/ALADDIN_iOS/Shared/Components/QRScannerModal.swift -primary-file /Users/sergejhlystov/ALADDIN_NEW/ALADDIN_NEW/mobile_apps/ALADDIN_iOS/Screens/04_AnalyticsScreen.swift -primary-file /Users/sergejhlystov/ALADDIN_NEW/ALADDIN_NEW/mobile_apps/ALADDIN_iOS/Screens/24_VPNEnergyStatsScreen.swift -primary-file /Users/sergejhlystov/ALADDIN_NEW/ALADDIN_NEW/mobile_apps/ALADDIN_iOS/Shared/Components/Modals/ProfileEditView.swift -primary-file /Users/sergejhlystov/ALADDIN_NEW/ALADDIN_NEW/mobile_apps/ALADDIN_iOS/ViewModels/TariffsViewModel.swift -primary-file /Users/sergejhlystov/ALADDIN_NEW/ALADDIN_NEW/mobile_apps/ALADDIN_iOS/Core/Notifications/NotificationManager.swift -primary-file /Users/sergejhlystov/ALADDIN_NEW/ALADDIN_NEW/mobile_apps/ALADDIN_iOS/Core/Security/SecurityManager.swift -supplementary-output-file-map /var/folders/rf/6rxcyql17sz57_02ng7jd7pr0000gn/T/TemporaryDirectory.wFGpdC/supplementaryOutputs-8 -target x86_64-apple-ios15.0-simulator -enable-objc-interop -sdk /Applications/Xcode.app/Contents/Developer/Platforms/iPhoneSimulator.platform/Developer/SDKs/iPhoneSimulator15.2.sdk -I /Users/sergejhlystov/Library/Developer/Xcode/DerivedData/ALADDIN-eahryzmutvtbyceygnlyjsmiiaha/Build/Products/Debug-iphonesimulator -F /Users/sergejhlystov/Library/Developer/Xcode/DerivedData/ALADDIN-eahryzmutvtbyceygnlyjsmiiaha/Build/Products/Debug-iphonesimulator -enable-testing -g -module-cache-path /Users/sergejhlystov/Library/Developer/Xcode/DerivedData/ModuleCache.noindex -emit-localized-strings -emit-localized-strings-path /Users/sergejhlystov/Library/Developer/Xcode/DerivedData/ALADDIN-eahryzmutvtbyceygnlyjsmiiaha/Build/Intermediates.noindex/ALADDIN.build/Debug-iphonesimulator/ALADDIN.build/Objects-normal/x86_64 -swift-version 5 -enforce-exclusivity\=checked -Onone -D DEBUG -new-driver-path /Applications/Xcode.app/Contents/Developer/Toolchains/XcodeDefault.xctoolchain/usr/bin/swift-driver -serialize-debugging-options -Xcc -working-directory -Xcc /Users/sergejhlystov/ALADDIN_NEW/ALADDIN_NEW/mobile_apps/ALADDIN_iOS -resource-dir /Applications/Xcode.app/Contents/Developer/Toolchains/XcodeDefault.xctoolchain/usr/lib/swift -enable-anonymous-context-mangled-names -Xcc -I/Users/sergejhlystov/Library/Developer/Xcode/DerivedData/ALADDIN-eahryzmutvtbyceygnlyjsmiiaha/Build/Intermediates.noindex/ALADDIN.build/Debug-iphonesimulator/ALADDIN.build/swift-overrides.hmap -Xcc -iquote -Xcc /Users/sergejhlystov/Library/Developer/Xcode/DerivedData/ALADDIN-eahryzmutvtbyceygnlyjsmiiaha/Build/Intermediates.noindex/ALADDIN.build/Debug-iphonesimulator/ALADDIN.build/ALADDIN-generated-files.hmap -Xcc -I/Users/sergejhlystov/Library/Developer/Xcode/DerivedData/ALADDIN-eahryzmutvtbyceygnlyjsmiiaha/Build/Intermediates.noindex/ALADDIN.build/Debug-iphonesimulator/ALADDIN.build/ALADDIN-own-target-headers.hmap -Xcc -I/Users/sergejhlystov/Library/Developer/Xcode/DerivedData/ALADDIN-eahryzmutvtbyceygnlyjsmiiaha/Build/Intermediates.noindex/ALADDIN.build/Debug-iphonesimulator/ALADDIN.build/ALADDIN-all-target-headers.hmap -Xcc -iquote -Xcc /Users/sergejhlystov/Library/Developer/Xcode/DerivedData/ALADDIN-eahryzmutvtbyceygnlyjsmiiaha/Build/Intermediates.noindex/ALADDIN.build/Debug-iphonesimulator/ALADDIN.build/ALADDIN-project-headers.hmap -Xcc -I/Users/sergejhlystov/Library/Developer/Xcode/DerivedData/ALADDIN-eahryzmutvtbyceygnlyjsmiiaha/Build/Products/Debug-iphonesimulator/include -Xcc -I/Users/sergejhlystov/Library/Developer/Xcode/DerivedData/ALADDIN-eahryzmutvtbyceygnlyjsmiiaha/Build/Intermediates.noindex/ALADDIN.build/Debug-iphonesimulator/ALADDIN.build/DerivedSources-normal/x86_64 -Xcc -I/Users/sergejhlystov/Library/Developer/Xcode/DerivedData/ALADDIN-eahryzmutvtbyceygnlyjsmiiaha/Build/Intermediates.noindex/ALADDIN.build/Debug-iphonesimulator/ALADDIN.build/DerivedSources/x86_64 -Xcc -I/Users/sergejhlystov/Library/Developer/Xcode/DerivedData/ALADDIN-eahryzmutvtbyceygnlyjsmiiaha/Build/Intermediates.noindex/ALADDIN.build/Debug-iphonesimulator/ALADDIN.build/DerivedSources -Xcc -DDEBUG\=1 -module-name ALADDIN -target-sdk-version 15.2.0 -o /Users/sergejhlystov/Library/Developer/Xcode/DerivedData/ALADDIN-eahryzmutvtbyceygnlyjsmiiaha/Build/Intermediates.noindex/ALADDIN.build/Debug-iphonesimulator/ALADDIN.build/Objects-normal/x86_64/01_MainScreen.o -o /Users/sergejhlystov/Library/Developer/Xcode/DerivedData/ALADDIN-eahryzmutvtbyceygnlyjsmiiaha/Build/Intermediates.noindex/ALADDIN.build/Debug-iphonesimulator/ALADDIN.build/Objects-normal/x86_64/FamilyTournamentView.o -o /Users/sergejhlystov/Library/Developer/Xcode/DerivedData/ALADDIN-eahryzmutvtbyceygnlyjsmiiaha/Build/Intermediates.noindex/ALADDIN.build/Debug-iphonesimulator/ALADDIN.build/Objects-normal/x86_64/Fonts.o -o /Users/sergejhlystov/Library/Developer/Xcode/DerivedData/ALADDIN-eahryzmutvtbyceygnlyjsmiiaha/Build/Intermediates.noindex/ALADDIN.build/Debug-iphonesimulator/ALADDIN.build/Objects-normal/x86_64/GamesParentalControlView.o -o /Users/sergejhlystov/Library/Developer/Xcode/DerivedData/ALADDIN-eahryzmutvtbyceygnlyjsmiiaha/Build/Intermediates.noindex/ALADDIN.build/Debug-iphonesimulator/ALADDIN.build/Objects-normal/x86_64/QRScannerModal.o -o /Users/sergejhlystov/Library/Developer/Xcode/DerivedData/ALADDIN-eahryzmutvtbyceygnlyjsmiiaha/Build/Intermediates.noindex/ALADDIN.build/Debug-iphonesimulator/ALADDIN.build/Objects-normal/x86_64/04_AnalyticsScreen.o -o /Users/sergejhlystov/Library/Developer/Xcode/DerivedData/ALADDIN-eahryzmutvtbyceygnlyjsmiiaha/Build/Intermediates.noindex/ALADDIN.build/Debug-iphonesimulator/ALADDIN.build/Objects-normal/x86_64/24_VPNEnergyStatsScreen.o -o /Users/sergejhlystov/Library/Developer/Xcode/DerivedData/ALADDIN-eahryzmutvtbyceygnlyjsmiiaha/Build/Intermediates.noindex/ALADDIN.build/Debug-iphonesimulator/ALADDIN.build/Objects-normal/x86_64/ProfileEditView.o -o /Users/sergejhlystov/Library/Developer/Xcode/DerivedData/ALADDIN-eahryzmutvtbyceygnlyjsmiiaha/Build/Intermediates.noindex/ALADDIN.build/Debug-iphonesimulator/ALADDIN.build/Objects-normal/x86_64/TariffsViewModel.o -o /Users/sergejhlystov/Library/Developer/Xcode/DerivedData/ALADDIN-eahryzmutvtbyceygnlyjsmiiaha/Build/Intermediates.noindex/ALADDIN.build/Debug-iphonesimulator/ALADDIN.build/Objects-normal/x86_64/NotificationManager.o -o /Users/sergejhlystov/Library/Developer/Xcode/DerivedData/ALADDIN-eahryzmutvtbyceygnlyjsmiiaha/Build/Intermediates.noindex/ALADDIN.build/Debug-iphonesimulator/ALADDIN.build/Objects-normal/x86_64/SecurityManager.o -index-store-path /Users/sergejhlystov/Library/Developer/Xcode/DerivedData/ALADDIN-eahryzmutvtbyceygnlyjsmiiaha/Index/DataStore -index-system-modules

CompileSwift normal x86_64 /Users/sergejhlystov/ALADDIN_NEW/ALADDIN_NEW/mobile_apps/ALADDIN_iOS/Screens/24_VPNEnergyStatsScreen.swift (in target 'ALADDIN' from project 'ALADDIN')
    cd /Users/sergejhlystov/ALADDIN_NEW/ALADDIN_NEW/mobile_apps/ALADDIN_iOS
    /Applications/Xcode.app/Contents/Developer/Toolchains/XcodeDefault.xctoolchain/usr/bin/swift-frontend -frontend -c /Users/sergejhlystov/ALADDIN_NEW/ALADDIN_NEW/mobile_apps/ALADDIN_iOS/Screens/RewardsQuickModal.swift /Users/sergejhlystov/ALADDIN_NEW/ALADDIN_NEW/mobile_apps/ALADDIN_iOS/Screens/08_ChildInterfaceScreen.swift /Users/sergejhlystov/ALADDIN_NEW/ALADDIN_NEW/mobile_apps/ALADDIN_iOS/ContentView.swift /Users/sergejhlystov/ALADDIN_NEW/ALADDIN_NEW/mobile_apps/ALADDIN_iOS/Shared/Components/ALADDINToggle.swift /Users/sergejhlystov/ALADDIN_NEW/ALADDIN_NEW/mobile_apps/ALADDIN_iOS/Components/Modals/AgeGroupSelectionModal.swift /Users/sergejhlystov/ALADDIN_NEW/ALADDIN_NEW/mobile_apps/ALADDIN_iOS/ALADDINApp.swift /Users/sergejhlystov/ALADDIN_NEW/ALADDIN_NEW/mobile_apps/ALADDIN_iOS/Shared/Models/FunctionStatus.swift /Users/sergejhlystov/ALADDIN_NEW/ALADDIN_NEW/mobile_apps/ALADDIN_iOS/ViewModels/MainViewModel.swift /Users/sergejhlystov/ALADDIN_NEW/ALADDIN_NEW/mobile_apps/ALADDIN_iOS/Shared/Components/Buttons/PrimaryButton.swift /Users/sergejhlystov/ALADDIN_NEW/ALADDIN_NEW/mobile_apps/ALADDIN_iOS/Screens/NotificationSettingsScreen.swift /Users/sergejhlystov/ALADDIN_NEW/ALADDIN_NEW/mobile_apps/ALADDIN_iOS/Screens/ChildContentScreen.swift /Users/sergejhlystov/ALADDIN_NEW/ALADDIN_NEW/mobile_apps/ALADDIN_iOS/Shared/Components/StatItem.swift /Users/sergejhlystov/ALADDIN_NEW/ALADDIN_NEW/mobile_apps/ALADDIN_iOS/Shared/Components/Cards/FamilyMemberCard.swift /Users/sergejhlystov/ALADDIN_NEW/ALADDIN_NEW/mobile_apps/ALADDIN_iOS/ViewModels/VPNViewModel.swift /Users/sergejhlystov/ALADDIN_NEW/ALADDIN_NEW/mobile_apps/ALADDIN_iOS/Core/Models/APIModels.swift /Users/sergejhlystov/ALADDIN_NEW/ALADDIN_NEW/mobile_apps/ALADDIN_iOS/Core/VPN/VPNManager.swift /Users/sergejhlystov/ALADDIN_NEW/ALADDIN_NEW/mobile_apps/ALADDIN_iOS/Screens/UnicornPetView.swift /Users/sergejhlystov/ALADDIN_NEW/ALADDIN_NEW/mobile_apps/ALADDIN_iOS/Core/Network/APIService.swift /Users/sergejhlystov/ALADDIN_NEW/ALADDIN_NEW/mobile_apps/ALADDIN_iOS/Screens/18_PrivacyPolicyScreen.swift /Users/sergejhlystov/ALADDIN_NEW/ALADDIN_NEW/mobile_apps/ALADDIN_iOS/Screens/10_TariffsScreen.swift /Users/sergejhlystov/ALADDIN_NEW/ALADDIN_NEW/mobile_apps/ALADDIN_iOS/Screens/03_VPNScreen.swift /Users/sergejhlystov/ALADDIN_NEW/ALADDIN_NEW/mobile_apps/ALADDIN_iOS/Screens/09_ElderlyInterfaceScreen.swift /Users/sergejhlystov/ALADDIN_NEW/ALADDIN_NEW/mobile_apps/ALADDIN_iOS/Shared/Components/SecondaryButton.swift /Users/sergejhlystov/ALADDIN_NEW/ALADDIN_NEW/mobile_apps/ALADDIN_iOS/Screens/11_ProfileScreen.swift /Users/sergejhlystov/ALADDIN_NEW/ALADDIN_NEW/mobile_apps/ALADDIN_iOS/Core/Network/NetworkManager.swift /Users/sergejhlystov/ALADDIN_NEW/ALADDIN_NEW/mobile_apps/ALADDIN_iOS/Screens/19_TermsOfServiceScreen.swift /Users/sergejhlystov/ALADDIN_NEW/ALADDIN_NEW/mobile_apps/ALADDIN_iOS/Core/Config/AppConfig.swift /Users/sergejhlystov/ALADDIN_NEW/ALADDIN_NEW/mobile_apps/ALADDIN_iOS/ViewModels/FamilyViewModel.swift /Users/sergejhlystov/ALADDIN_NEW/ALADDIN_NEW/mobile_apps/ALADDIN_iOS/ViewModels/AIAssistantViewModel.swift /Users/sergejhlystov/ALADDIN_NEW/ALADDIN_NEW/mobile_apps/ALADDIN_iOS/Screens/22_DeviceDetailScreen.swift /Users/sergejhlystov/ALADDIN_NEW/ALADDIN_NEW/mobile_apps/ALADDIN_iOS/Screens/WidgetConfigurationScreen.swift /Users/sergejhlystov/ALADDIN_NEW/ALADDIN_NEW/mobile_apps/ALADDIN_iOS/Core/Security/KeychainManager.swift /Users/sergejhlystov/ALADDIN_NEW/ALADDIN_NEW/mobile_apps/ALADDIN_iOS/Shared/Components/Modals/MemberStatsModalView.swift /Users/sergejhlystov/ALADDIN_NEW/ALADDIN_NEW/mobile_apps/ALADDIN_iOS/Shared/Styles/Spacing.swift /Users/sergejhlystov/ALADDIN_NEW/ALADDIN_NEW/mobile_apps/ALADDIN_iOS/Shared/Components/RecoveryOptionsModal.swift /Users/sergejhlystov/ALADDIN_NEW/ALADDIN_NEW/mobile_apps/ALADDIN_iOS/ViewModels/SettingsViewModel.swift /Users/sergejhlystov/ALADDIN_NEW/ALADDIN_NEW/mobile_apps/ALADDIN_iOS/Shared/Components/InfoRow.swift /Users/sergejhlystov/ALADDIN_NEW/ALADDIN_NEW/mobile_apps/ALADDIN_iOS/Screens/25_PaymentQRScreen.swift /Users/sergejhlystov/ALADDIN_NEW/ALADDIN_NEW/mobile_apps/ALADDIN_iOS/Shared/Components/Modals/RoleSelectionModal.swift /Users/sergejhlystov/ALADDIN_NEW/ALADDIN_NEW/mobile_apps/ALADDIN_iOS/ViewModels/SupportViewModel.swift /Users/sergejhlystov/ALADDIN_NEW/ALADDIN_NEW/mobile_apps/ALADDIN_iOS/ViewModels/ChildInterfaceViewModel.swift /Users/sergejhlystov/ALADDIN_NEW/ALADDIN_NEW/mobile_apps/ALADDIN_iOS/Screens/12_NotificationsScreen.swift /Users/sergejhlystov/ALADDIN_NEW/ALADDIN_NEW/mobile_apps/ALADDIN_iOS/ViewModels/ElderlyInterfaceViewModel.swift /Users/sergejhlystov/ALADDIN_NEW/ALADDIN_NEW/mobile_apps/ALADDIN_iOS/ViewModels/AnalyticsViewModel.swift /Users/sergejhlystov/ALADDIN_NEW/ALADDIN_NEW/mobile_apps/ALADDIN_iOS/Core/Cache/CacheManager.swift /Users/sergejhlystov/ALADDIN_NEW/ALADDIN_NEW/mobile_apps/ALADDIN_iOS/ViewModels/NotificationsViewModel.swift /Users/sergejhlystov/ALADDIN_NEW/ALADDIN_NEW/mobile_apps/ALADDIN_iOS/Screens/06_AIAssistantScreen.swift /Users/sergejhlystov/ALADDIN_NEW/ALADDIN_NEW/mobile_apps/ALADDIN_iOS/ViewModels/ProfileViewModel.swift /Users/sergejhlystov/ALADDIN_NEW/ALADDIN_NEW/mobile_apps/ALADDIN_iOS/Components/Modals/ConsentModal.swift /Users/sergejhlystov/ALADDIN_NEW/ALADDIN_NEW/mobile_apps/ALADDIN_iOS/ViewModels/ParentalControlViewModel.swift /Users/sergejhlystov/ALADDIN_NEW/ALADDIN_NEW/mobile_apps/ALADDIN_iOS/ViewModels/OnboardingViewModel.swift /Users/sergejhlystov/ALADDIN_NEW/ALADDIN_NEW/mobile_apps/ALADDIN_iOS/Shared/Styles/Colors.swift /Users/sergejhlystov/ALADDIN_NEW/ALADDIN_NEW/mobile_apps/ALADDIN_iOS/Screens/ChildRewardsScreen.swift /Users/sergejhlystov/ALADDIN_NEW/ALADDIN_NEW/mobile_apps/ALADDIN_iOS/Screens/21_ReferralScreen.swift /Users/sergejhlystov/ALADDIN_NEW/ALADDIN_NEW/mobile_apps/ALADDIN_iOS/Shared/Components/AvatarSelector.swift /Users/sergejhlystov/ALADDIN_NEW/ALADDIN_NEW/mobile_apps/ALADDIN_iOS/Shared/Components/Navigation/ALADDINNavigationBar.swift /Users/sergejhlystov/ALADDIN_NEW/ALADDIN_NEW/mobile_apps/ALADDIN_iOS/Screens/14_OnboardingScreen.swift /Users/sergejhlystov/ALADDIN_NEW/ALADDIN_NEW/mobile_apps/ALADDIN_iOS/Components/Modals/FamilyCreatedModal.swift /Users/sergejhlystov/ALADDIN_NEW/ALADDIN_NEW/mobile_apps/ALADDIN_iOS/ViewModels/PaymentQRViewModel.swift /Users/sergejhlystov/ALADDIN_NEW/ALADDIN_NEW/mobile_apps/ALADDIN_iOS/Core/Navigation/NavigationManager.swift /Users/sergejhlystov/ALADDIN_NEW/ALADDIN_NEW/mobile_apps/ALADDIN_iOS/Core/Accessibility/AccessibilityManager.swift /Users/sergejhlystov/ALADDIN_NEW/ALADDIN_NEW/mobile_apps/ALADDIN_iOS/Core/Store/StoreManager.swift /Users/sergejhlystov/ALADDIN_NEW/ALADDIN_NEW/mobile_apps/ALADDIN_iOS/Screens/WheelOfFortuneView.swift /Users/sergejhlystov/ALADDIN_NEW/ALADDIN_NEW/mobile_apps/ALADDIN_iOS/Screens/UnicornUniverseView.swift /Users/sergejhlystov/ALADDIN_NEW/ALADDIN_NEW/mobile_apps/ALADDIN_iOS/Core/Localization/LocalizationManager.swift /Users/sergejhlystov/ALADDIN_NEW/ALADDIN_NEW/mobile_apps/ALADDIN_iOS/Screens/13_SupportScreen.swift /Users/sergejhlystov/ALADDIN_NEW/ALADDIN_NEW/mobile_apps/ALADDIN_iOS/Core/Analytics/AnalyticsManager.swift /Users/sergejhlystov/ALADDIN_NEW/ALADDIN_NEW/mobile_apps/ALADDIN_iOS/Screens/07_ParentalControlScreen.swift /Users/sergejhlystov/ALADDIN_NEW/ALADDIN_NEW/mobile_apps/ALADDIN_iOS/Screens/05_SettingsScreen.swift /Users/sergejhlystov/ALADDIN_NEW/ALADDIN_NEW/mobile_apps/ALADDIN_iOS/Screens/RewardsModalView.swift /Users/sergejhlystov/ALADDIN_NEW/ALADDIN_NEW/mobile_apps/ALADDIN_iOS/Screens/23_FamilyChatScreen.swift /Users/sergejhlystov/ALADDIN_NEW/ALADDIN_NEW/mobile_apps/ALADDIN_iOS/Screens/02_FamilyScreen.swift /Users/sergejhlystov/ALADDIN_NEW/ALADDIN_NEW/mobile_apps/ALADDIN_iOS/Screens/20_DevicesScreen.swift /Users/sergejhlystov/ALADDIN_NEW/ALADDIN_NEW/mobile_apps/ALADDIN_iOS/Shared/Components/ViewModifiers.swift /Users/sergejhlystov/ALADDIN_NEW/ALADDIN_NEW/mobile_apps/ALADDIN_iOS/Shared/Components/HapticFeedback.swift /Users/sergejhlystov/ALADDIN_NEW/ALADDIN_NEW/mobile_apps/ALADDIN_iOS/Screens/MainScreenWithRegistration.swift /Users/sergejhlystov/ALADDIN_NEW/ALADDIN_NEW/mobile_apps/ALADDIN_iOS/Core/Network/NetworkError.swift /Users/sergejhlystov/ALADDIN_NEW/ALADDIN_NEW/mobile_apps/ALADDIN_iOS/Screens/LanguageSettingsScreen.swift /Users/sergejhlystov/ALADDIN_NEW/ALADDIN_NEW/mobile_apps/ALADDIN_iOS/ViewModels/FamilyRegistrationViewModel.swift /Users/sergejhlystov/ALADDIN_NEW/ALADDIN_NEW/mobile_apps/ALADDIN_iOS/Shared/Styles/CornerRadius.swift -primary-file /Users/sergejhlystov/ALADDIN_NEW/ALADDIN_NEW/mobile_apps/ALADDIN_iOS/Screens/01_MainScreen.swift -primary-file /Users/sergejhlystov/ALADDIN_NEW/ALADDIN_NEW/mobile_apps/ALADDIN_iOS/Screens/FamilyTournamentView.swift -primary-file /Users/sergejhlystov/ALADDIN_NEW/ALADDIN_NEW/mobile_apps/ALADDIN_iOS/Shared/Styles/Fonts.swift -primary-file /Users/sergejhlystov/ALADDIN_NEW/ALADDIN_NEW/mobile_apps/ALADDIN_iOS/Screens/GamesParentalControlView.swift -primary-file /Users/sergejhlystov/ALADDIN_NEW/ALADDIN_NEW/mobile_apps/ALADDIN_iOS/Shared/Components/QRScannerModal.swift -primary-file /Users/sergejhlystov/ALADDIN_NEW/ALADDIN_NEW/mobile_apps/ALADDIN_iOS/Screens/04_AnalyticsScreen.swift -primary-file /Users/sergejhlystov/ALADDIN_NEW/ALADDIN_NEW/mobile_apps/ALADDIN_iOS/Screens/24_VPNEnergyStatsScreen.swift -primary-file /Users/sergejhlystov/ALADDIN_NEW/ALADDIN_NEW/mobile_apps/ALADDIN_iOS/Shared/Components/Modals/ProfileEditView.swift -primary-file /Users/sergejhlystov/ALADDIN_NEW/ALADDIN_NEW/mobile_apps/ALADDIN_iOS/ViewModels/TariffsViewModel.swift -primary-file /Users/sergejhlystov/ALADDIN_NEW/ALADDIN_NEW/mobile_apps/ALADDIN_iOS/Core/Notifications/NotificationManager.swift -primary-file /Users/sergejhlystov/ALADDIN_NEW/ALADDIN_NEW/mobile_apps/ALADDIN_iOS/Core/Security/SecurityManager.swift -supplementary-output-file-map /var/folders/rf/6rxcyql17sz57_02ng7jd7pr0000gn/T/TemporaryDirectory.wFGpdC/supplementaryOutputs-8 -target x86_64-apple-ios15.0-simulator -enable-objc-interop -sdk /Applications/Xcode.app/Contents/Developer/Platforms/iPhoneSimulator.platform/Developer/SDKs/iPhoneSimulator15.2.sdk -I /Users/sergejhlystov/Library/Developer/Xcode/DerivedData/ALADDIN-eahryzmutvtbyceygnlyjsmiiaha/Build/Products/Debug-iphonesimulator -F /Users/sergejhlystov/Library/Developer/Xcode/DerivedData/ALADDIN-eahryzmutvtbyceygnlyjsmiiaha/Build/Products/Debug-iphonesimulator -enable-testing -g -module-cache-path /Users/sergejhlystov/Library/Developer/Xcode/DerivedData/ModuleCache.noindex -emit-localized-strings -emit-localized-strings-path /Users/sergejhlystov/Library/Developer/Xcode/DerivedData/ALADDIN-eahryzmutvtbyceygnlyjsmiiaha/Build/Intermediates.noindex/ALADDIN.build/Debug-iphonesimulator/ALADDIN.build/Objects-normal/x86_64 -swift-version 5 -enforce-exclusivity\=checked -Onone -D DEBUG -new-driver-path /Applications/Xcode.app/Contents/Developer/Toolchains/XcodeDefault.xctoolchain/usr/bin/swift-driver -serialize-debugging-options -Xcc -working-directory -Xcc /Users/sergejhlystov/ALADDIN_NEW/ALADDIN_NEW/mobile_apps/ALADDIN_iOS -resource-dir /Applications/Xcode.app/Contents/Developer/Toolchains/XcodeDefault.xctoolchain/usr/lib/swift -enable-anonymous-context-mangled-names -Xcc -I/Users/sergejhlystov/Library/Developer/Xcode/DerivedData/ALADDIN-eahryzmutvtbyceygnlyjsmiiaha/Build/Intermediates.noindex/ALADDIN.build/Debug-iphonesimulator/ALADDIN.build/swift-overrides.hmap -Xcc -iquote -Xcc /Users/sergejhlystov/Library/Developer/Xcode/DerivedData/ALADDIN-eahryzmutvtbyceygnlyjsmiiaha/Build/Intermediates.noindex/ALADDIN.build/Debug-iphonesimulator/ALADDIN.build/ALADDIN-generated-files.hmap -Xcc -I/Users/sergejhlystov/Library/Developer/Xcode/DerivedData/ALADDIN-eahryzmutvtbyceygnlyjsmiiaha/Build/Intermediates.noindex/ALADDIN.build/Debug-iphonesimulator/ALADDIN.build/ALADDIN-own-target-headers.hmap -Xcc -I/Users/sergejhlystov/Library/Developer/Xcode/DerivedData/ALADDIN-eahryzmutvtbyceygnlyjsmiiaha/Build/Intermediates.noindex/ALADDIN.build/Debug-iphonesimulator/ALADDIN.build/ALADDIN-all-target-headers.hmap -Xcc -iquote -Xcc /Users/sergejhlystov/Library/Developer/Xcode/DerivedData/ALADDIN-eahryzmutvtbyceygnlyjsmiiaha/Build/Intermediates.noindex/ALADDIN.build/Debug-iphonesimulator/ALADDIN.build/ALADDIN-project-headers.hmap -Xcc -I/Users/sergejhlystov/Library/Developer/Xcode/DerivedData/ALADDIN-eahryzmutvtbyceygnlyjsmiiaha/Build/Products/Debug-iphonesimulator/include -Xcc -I/Users/sergejhlystov/Library/Developer/Xcode/DerivedData/ALADDIN-eahryzmutvtbyceygnlyjsmiiaha/Build/Intermediates.noindex/ALADDIN.build/Debug-iphonesimulator/ALADDIN.build/DerivedSources-normal/x86_64 -Xcc -I/Users/sergejhlystov/Library/Developer/Xcode/DerivedData/ALADDIN-eahryzmutvtbyceygnlyjsmiiaha/Build/Intermediates.noindex/ALADDIN.build/Debug-iphonesimulator/ALADDIN.build/DerivedSources/x86_64 -Xcc -I/Users/sergejhlystov/Library/Developer/Xcode/DerivedData/ALADDIN-eahryzmutvtbyceygnlyjsmiiaha/Build/Intermediates.noindex/ALADDIN.build/Debug-iphonesimulator/ALADDIN.build/DerivedSources -Xcc -DDEBUG\=1 -module-name ALADDIN -target-sdk-version 15.2.0 -o /Users/sergejhlystov/Library/Developer/Xcode/DerivedData/ALADDIN-eahryzmutvtbyceygnlyjsmiiaha/Build/Intermediates.noindex/ALADDIN.build/Debug-iphonesimulator/ALADDIN.build/Objects-normal/x86_64/01_MainScreen.o -o /Users/sergejhlystov/Library/Developer/Xcode/DerivedData/ALADDIN-eahryzmutvtbyceygnlyjsmiiaha/Build/Intermediates.noindex/ALADDIN.build/Debug-iphonesimulator/ALADDIN.build/Objects-normal/x86_64/FamilyTournamentView.o -o /Users/sergejhlystov/Library/Developer/Xcode/DerivedData/ALADDIN-eahryzmutvtbyceygnlyjsmiiaha/Build/Intermediates.noindex/ALADDIN.build/Debug-iphonesimulator/ALADDIN.build/Objects-normal/x86_64/Fonts.o -o /Users/sergejhlystov/Library/Developer/Xcode/DerivedData/ALADDIN-eahryzmutvtbyceygnlyjsmiiaha/Build/Intermediates.noindex/ALADDIN.build/Debug-iphonesimulator/ALADDIN.build/Objects-normal/x86_64/GamesParentalControlView.o -o /Users/sergejhlystov/Library/Developer/Xcode/DerivedData/ALADDIN-eahryzmutvtbyceygnlyjsmiiaha/Build/Intermediates.noindex/ALADDIN.build/Debug-iphonesimulator/ALADDIN.build/Objects-normal/x86_64/QRScannerModal.o -o /Users/sergejhlystov/Library/Developer/Xcode/DerivedData/ALADDIN-eahryzmutvtbyceygnlyjsmiiaha/Build/Intermediates.noindex/ALADDIN.build/Debug-iphonesimulator/ALADDIN.build/Objects-normal/x86_64/04_AnalyticsScreen.o -o /Users/sergejhlystov/Library/Developer/Xcode/DerivedData/ALADDIN-eahryzmutvtbyceygnlyjsmiiaha/Build/Intermediates.noindex/ALADDIN.build/Debug-iphonesimulator/ALADDIN.build/Objects-normal/x86_64/24_VPNEnergyStatsScreen.o -o /Users/sergejhlystov/Library/Developer/Xcode/DerivedData/ALADDIN-eahryzmutvtbyceygnlyjsmiiaha/Build/Intermediates.noindex/ALADDIN.build/Debug-iphonesimulator/ALADDIN.build/Objects-normal/x86_64/ProfileEditView.o -o /Users/sergejhlystov/Library/Developer/Xcode/DerivedData/ALADDIN-eahryzmutvtbyceygnlyjsmiiaha/Build/Intermediates.noindex/ALADDIN.build/Debug-iphonesimulator/ALADDIN.build/Objects-normal/x86_64/TariffsViewModel.o -o /Users/sergejhlystov/Library/Developer/Xcode/DerivedData/ALADDIN-eahryzmutvtbyceygnlyjsmiiaha/Build/Intermediates.noindex/ALADDIN.build/Debug-iphonesimulator/ALADDIN.build/Objects-normal/x86_64/NotificationManager.o -o /Users/sergejhlystov/Library/Developer/Xcode/DerivedData/ALADDIN-eahryzmutvtbyceygnlyjsmiiaha/Build/Intermediates.noindex/ALADDIN.build/Debug-iphonesimulator/ALADDIN.build/Objects-normal/x86_64/SecurityManager.o -index-store-path /Users/sergejhlystov/Library/Developer/Xcode/DerivedData/ALADDIN-eahryzmutvtbyceygnlyjsmiiaha/Index/DataStore -index-system-modules

CompileSwift normal x86_64 /Users/sergejhlystov/ALADDIN_NEW/ALADDIN_NEW/mobile_apps/ALADDIN_iOS/Shared/Components/Modals/ProfileEditView.swift (in target 'ALADDIN' from project 'ALADDIN')
    cd /Users/sergejhlystov/ALADDIN_NEW/ALADDIN_NEW/mobile_apps/ALADDIN_iOS
    /Applications/Xcode.app/Contents/Developer/Toolchains/XcodeDefault.xctoolchain/usr/bin/swift-frontend -frontend -c /Users/sergejhlystov/ALADDIN_NEW/ALADDIN_NEW/mobile_apps/ALADDIN_iOS/Screens/RewardsQuickModal.swift /Users/sergejhlystov/ALADDIN_NEW/ALADDIN_NEW/mobile_apps/ALADDIN_iOS/Screens/08_ChildInterfaceScreen.swift /Users/sergejhlystov/ALADDIN_NEW/ALADDIN_NEW/mobile_apps/ALADDIN_iOS/ContentView.swift /Users/sergejhlystov/ALADDIN_NEW/ALADDIN_NEW/mobile_apps/ALADDIN_iOS/Shared/Components/ALADDINToggle.swift /Users/sergejhlystov/ALADDIN_NEW/ALADDIN_NEW/mobile_apps/ALADDIN_iOS/Components/Modals/AgeGroupSelectionModal.swift /Users/sergejhlystov/ALADDIN_NEW/ALADDIN_NEW/mobile_apps/ALADDIN_iOS/ALADDINApp.swift /Users/sergejhlystov/ALADDIN_NEW/ALADDIN_NEW/mobile_apps/ALADDIN_iOS/Shared/Models/FunctionStatus.swift /Users/sergejhlystov/ALADDIN_NEW/ALADDIN_NEW/mobile_apps/ALADDIN_iOS/ViewModels/MainViewModel.swift /Users/sergejhlystov/ALADDIN_NEW/ALADDIN_NEW/mobile_apps/ALADDIN_iOS/Shared/Components/Buttons/PrimaryButton.swift /Users/sergejhlystov/ALADDIN_NEW/ALADDIN_NEW/mobile_apps/ALADDIN_iOS/Screens/NotificationSettingsScreen.swift /Users/sergejhlystov/ALADDIN_NEW/ALADDIN_NEW/mobile_apps/ALADDIN_iOS/Screens/ChildContentScreen.swift /Users/sergejhlystov/ALADDIN_NEW/ALADDIN_NEW/mobile_apps/ALADDIN_iOS/Shared/Components/StatItem.swift /Users/sergejhlystov/ALADDIN_NEW/ALADDIN_NEW/mobile_apps/ALADDIN_iOS/Shared/Components/Cards/FamilyMemberCard.swift /Users/sergejhlystov/ALADDIN_NEW/ALADDIN_NEW/mobile_apps/ALADDIN_iOS/ViewModels/VPNViewModel.swift /Users/sergejhlystov/ALADDIN_NEW/ALADDIN_NEW/mobile_apps/ALADDIN_iOS/Core/Models/APIModels.swift /Users/sergejhlystov/ALADDIN_NEW/ALADDIN_NEW/mobile_apps/ALADDIN_iOS/Core/VPN/VPNManager.swift /Users/sergejhlystov/ALADDIN_NEW/ALADDIN_NEW/mobile_apps/ALADDIN_iOS/Screens/UnicornPetView.swift /Users/sergejhlystov/ALADDIN_NEW/ALADDIN_NEW/mobile_apps/ALADDIN_iOS/Core/Network/APIService.swift /Users/sergejhlystov/ALADDIN_NEW/ALADDIN_NEW/mobile_apps/ALADDIN_iOS/Screens/18_PrivacyPolicyScreen.swift /Users/sergejhlystov/ALADDIN_NEW/ALADDIN_NEW/mobile_apps/ALADDIN_iOS/Screens/10_TariffsScreen.swift /Users/sergejhlystov/ALADDIN_NEW/ALADDIN_NEW/mobile_apps/ALADDIN_iOS/Screens/03_VPNScreen.swift /Users/sergejhlystov/ALADDIN_NEW/ALADDIN_NEW/mobile_apps/ALADDIN_iOS/Screens/09_ElderlyInterfaceScreen.swift /Users/sergejhlystov/ALADDIN_NEW/ALADDIN_NEW/mobile_apps/ALADDIN_iOS/Shared/Components/SecondaryButton.swift /Users/sergejhlystov/ALADDIN_NEW/ALADDIN_NEW/mobile_apps/ALADDIN_iOS/Screens/11_ProfileScreen.swift /Users/sergejhlystov/ALADDIN_NEW/ALADDIN_NEW/mobile_apps/ALADDIN_iOS/Core/Network/NetworkManager.swift /Users/sergejhlystov/ALADDIN_NEW/ALADDIN_NEW/mobile_apps/ALADDIN_iOS/Screens/19_TermsOfServiceScreen.swift /Users/sergejhlystov/ALADDIN_NEW/ALADDIN_NEW/mobile_apps/ALADDIN_iOS/Core/Config/AppConfig.swift /Users/sergejhlystov/ALADDIN_NEW/ALADDIN_NEW/mobile_apps/ALADDIN_iOS/ViewModels/FamilyViewModel.swift /Users/sergejhlystov/ALADDIN_NEW/ALADDIN_NEW/mobile_apps/ALADDIN_iOS/ViewModels/AIAssistantViewModel.swift /Users/sergejhlystov/ALADDIN_NEW/ALADDIN_NEW/mobile_apps/ALADDIN_iOS/Screens/22_DeviceDetailScreen.swift /Users/sergejhlystov/ALADDIN_NEW/ALADDIN_NEW/mobile_apps/ALADDIN_iOS/Screens/WidgetConfigurationScreen.swift /Users/sergejhlystov/ALADDIN_NEW/ALADDIN_NEW/mobile_apps/ALADDIN_iOS/Core/Security/KeychainManager.swift /Users/sergejhlystov/ALADDIN_NEW/ALADDIN_NEW/mobile_apps/ALADDIN_iOS/Shared/Components/Modals/MemberStatsModalView.swift /Users/sergejhlystov/ALADDIN_NEW/ALADDIN_NEW/mobile_apps/ALADDIN_iOS/Shared/Styles/Spacing.swift /Users/sergejhlystov/ALADDIN_NEW/ALADDIN_NEW/mobile_apps/ALADDIN_iOS/Shared/Components/RecoveryOptionsModal.swift /Users/sergejhlystov/ALADDIN_NEW/ALADDIN_NEW/mobile_apps/ALADDIN_iOS/ViewModels/SettingsViewModel.swift /Users/sergejhlystov/ALADDIN_NEW/ALADDIN_NEW/mobile_apps/ALADDIN_iOS/Shared/Components/InfoRow.swift /Users/sergejhlystov/ALADDIN_NEW/ALADDIN_NEW/mobile_apps/ALADDIN_iOS/Screens/25_PaymentQRScreen.swift /Users/sergejhlystov/ALADDIN_NEW/ALADDIN_NEW/mobile_apps/ALADDIN_iOS/Shared/Components/Modals/RoleSelectionModal.swift /Users/sergejhlystov/ALADDIN_NEW/ALADDIN_NEW/mobile_apps/ALADDIN_iOS/ViewModels/SupportViewModel.swift /Users/sergejhlystov/ALADDIN_NEW/ALADDIN_NEW/mobile_apps/ALADDIN_iOS/ViewModels/ChildInterfaceViewModel.swift /Users/sergejhlystov/ALADDIN_NEW/ALADDIN_NEW/mobile_apps/ALADDIN_iOS/Screens/12_NotificationsScreen.swift /Users/sergejhlystov/ALADDIN_NEW/ALADDIN_NEW/mobile_apps/ALADDIN_iOS/ViewModels/ElderlyInterfaceViewModel.swift /Users/sergejhlystov/ALADDIN_NEW/ALADDIN_NEW/mobile_apps/ALADDIN_iOS/ViewModels/AnalyticsViewModel.swift /Users/sergejhlystov/ALADDIN_NEW/ALADDIN_NEW/mobile_apps/ALADDIN_iOS/Core/Cache/CacheManager.swift /Users/sergejhlystov/ALADDIN_NEW/ALADDIN_NEW/mobile_apps/ALADDIN_iOS/ViewModels/NotificationsViewModel.swift /Users/sergejhlystov/ALADDIN_NEW/ALADDIN_NEW/mobile_apps/ALADDIN_iOS/Screens/06_AIAssistantScreen.swift /Users/sergejhlystov/ALADDIN_NEW/ALADDIN_NEW/mobile_apps/ALADDIN_iOS/ViewModels/ProfileViewModel.swift /Users/sergejhlystov/ALADDIN_NEW/ALADDIN_NEW/mobile_apps/ALADDIN_iOS/Components/Modals/ConsentModal.swift /Users/sergejhlystov/ALADDIN_NEW/ALADDIN_NEW/mobile_apps/ALADDIN_iOS/ViewModels/ParentalControlViewModel.swift /Users/sergejhlystov/ALADDIN_NEW/ALADDIN_NEW/mobile_apps/ALADDIN_iOS/ViewModels/OnboardingViewModel.swift /Users/sergejhlystov/ALADDIN_NEW/ALADDIN_NEW/mobile_apps/ALADDIN_iOS/Shared/Styles/Colors.swift /Users/sergejhlystov/ALADDIN_NEW/ALADDIN_NEW/mobile_apps/ALADDIN_iOS/Screens/ChildRewardsScreen.swift /Users/sergejhlystov/ALADDIN_NEW/ALADDIN_NEW/mobile_apps/ALADDIN_iOS/Screens/21_ReferralScreen.swift /Users/sergejhlystov/ALADDIN_NEW/ALADDIN_NEW/mobile_apps/ALADDIN_iOS/Shared/Components/AvatarSelector.swift /Users/sergejhlystov/ALADDIN_NEW/ALADDIN_NEW/mobile_apps/ALADDIN_iOS/Shared/Components/Navigation/ALADDINNavigationBar.swift /Users/sergejhlystov/ALADDIN_NEW/ALADDIN_NEW/mobile_apps/ALADDIN_iOS/Screens/14_OnboardingScreen.swift /Users/sergejhlystov/ALADDIN_NEW/ALADDIN_NEW/mobile_apps/ALADDIN_iOS/Components/Modals/FamilyCreatedModal.swift /Users/sergejhlystov/ALADDIN_NEW/ALADDIN_NEW/mobile_apps/ALADDIN_iOS/ViewModels/PaymentQRViewModel.swift /Users/sergejhlystov/ALADDIN_NEW/ALADDIN_NEW/mobile_apps/ALADDIN_iOS/Core/Navigation/NavigationManager.swift /Users/sergejhlystov/ALADDIN_NEW/ALADDIN_NEW/mobile_apps/ALADDIN_iOS/Core/Accessibility/AccessibilityManager.swift /Users/sergejhlystov/ALADDIN_NEW/ALADDIN_NEW/mobile_apps/ALADDIN_iOS/Core/Store/StoreManager.swift /Users/sergejhlystov/ALADDIN_NEW/ALADDIN_NEW/mobile_apps/ALADDIN_iOS/Screens/WheelOfFortuneView.swift /Users/sergejhlystov/ALADDIN_NEW/ALADDIN_NEW/mobile_apps/ALADDIN_iOS/Screens/UnicornUniverseView.swift /Users/sergejhlystov/ALADDIN_NEW/ALADDIN_NEW/mobile_apps/ALADDIN_iOS/Core/Localization/LocalizationManager.swift /Users/sergejhlystov/ALADDIN_NEW/ALADDIN_NEW/mobile_apps/ALADDIN_iOS/Screens/13_SupportScreen.swift /Users/sergejhlystov/ALADDIN_NEW/ALADDIN_NEW/mobile_apps/ALADDIN_iOS/Core/Analytics/AnalyticsManager.swift /Users/sergejhlystov/ALADDIN_NEW/ALADDIN_NEW/mobile_apps/ALADDIN_iOS/Screens/07_ParentalControlScreen.swift /Users/sergejhlystov/ALADDIN_NEW/ALADDIN_NEW/mobile_apps/ALADDIN_iOS/Screens/05_SettingsScreen.swift /Users/sergejhlystov/ALADDIN_NEW/ALADDIN_NEW/mobile_apps/ALADDIN_iOS/Screens/RewardsModalView.swift /Users/sergejhlystov/ALADDIN_NEW/ALADDIN_NEW/mobile_apps/ALADDIN_iOS/Screens/23_FamilyChatScreen.swift /Users/sergejhlystov/ALADDIN_NEW/ALADDIN_NEW/mobile_apps/ALADDIN_iOS/Screens/02_FamilyScreen.swift /Users/sergejhlystov/ALADDIN_NEW/ALADDIN_NEW/mobile_apps/ALADDIN_iOS/Screens/20_DevicesScreen.swift /Users/sergejhlystov/ALADDIN_NEW/ALADDIN_NEW/mobile_apps/ALADDIN_iOS/Shared/Components/ViewModifiers.swift /Users/sergejhlystov/ALADDIN_NEW/ALADDIN_NEW/mobile_apps/ALADDIN_iOS/Shared/Components/HapticFeedback.swift /Users/sergejhlystov/ALADDIN_NEW/ALADDIN_NEW/mobile_apps/ALADDIN_iOS/Screens/MainScreenWithRegistration.swift /Users/sergejhlystov/ALADDIN_NEW/ALADDIN_NEW/mobile_apps/ALADDIN_iOS/Core/Network/NetworkError.swift /Users/sergejhlystov/ALADDIN_NEW/ALADDIN_NEW/mobile_apps/ALADDIN_iOS/Screens/LanguageSettingsScreen.swift /Users/sergejhlystov/ALADDIN_NEW/ALADDIN_NEW/mobile_apps/ALADDIN_iOS/ViewModels/FamilyRegistrationViewModel.swift /Users/sergejhlystov/ALADDIN_NEW/ALADDIN_NEW/mobile_apps/ALADDIN_iOS/Shared/Styles/CornerRadius.swift -primary-file /Users/sergejhlystov/ALADDIN_NEW/ALADDIN_NEW/mobile_apps/ALADDIN_iOS/Screens/01_MainScreen.swift -primary-file /Users/sergejhlystov/ALADDIN_NEW/ALADDIN_NEW/mobile_apps/ALADDIN_iOS/Screens/FamilyTournamentView.swift -primary-file /Users/sergejhlystov/ALADDIN_NEW/ALADDIN_NEW/mobile_apps/ALADDIN_iOS/Shared/Styles/Fonts.swift -primary-file /Users/sergejhlystov/ALADDIN_NEW/ALADDIN_NEW/mobile_apps/ALADDIN_iOS/Screens/GamesParentalControlView.swift -primary-file /Users/sergejhlystov/ALADDIN_NEW/ALADDIN_NEW/mobile_apps/ALADDIN_iOS/Shared/Components/QRScannerModal.swift -primary-file /Users/sergejhlystov/ALADDIN_NEW/ALADDIN_NEW/mobile_apps/ALADDIN_iOS/Screens/04_AnalyticsScreen.swift -primary-file /Users/sergejhlystov/ALADDIN_NEW/ALADDIN_NEW/mobile_apps/ALADDIN_iOS/Screens/24_VPNEnergyStatsScreen.swift -primary-file /Users/sergejhlystov/ALADDIN_NEW/ALADDIN_NEW/mobile_apps/ALADDIN_iOS/Shared/Components/Modals/ProfileEditView.swift -primary-file /Users/sergejhlystov/ALADDIN_NEW/ALADDIN_NEW/mobile_apps/ALADDIN_iOS/ViewModels/TariffsViewModel.swift -primary-file /Users/sergejhlystov/ALADDIN_NEW/ALADDIN_NEW/mobile_apps/ALADDIN_iOS/Core/Notifications/NotificationManager.swift -primary-file /Users/sergejhlystov/ALADDIN_NEW/ALADDIN_NEW/mobile_apps/ALADDIN_iOS/Core/Security/SecurityManager.swift -supplementary-output-file-map /var/folders/rf/6rxcyql17sz57_02ng7jd7pr0000gn/T/TemporaryDirectory.wFGpdC/supplementaryOutputs-8 -target x86_64-apple-ios15.0-simulator -enable-objc-interop -sdk /Applications/Xcode.app/Contents/Developer/Platforms/iPhoneSimulator.platform/Developer/SDKs/iPhoneSimulator15.2.sdk -I /Users/sergejhlystov/Library/Developer/Xcode/DerivedData/ALADDIN-eahryzmutvtbyceygnlyjsmiiaha/Build/Products/Debug-iphonesimulator -F /Users/sergejhlystov/Library/Developer/Xcode/DerivedData/ALADDIN-eahryzmutvtbyceygnlyjsmiiaha/Build/Products/Debug-iphonesimulator -enable-testing -g -module-cache-path /Users/sergejhlystov/Library/Developer/Xcode/DerivedData/ModuleCache.noindex -emit-localized-strings -emit-localized-strings-path /Users/sergejhlystov/Library/Developer/Xcode/DerivedData/ALADDIN-eahryzmutvtbyceygnlyjsmiiaha/Build/Intermediates.noindex/ALADDIN.build/Debug-iphonesimulator/ALADDIN.build/Objects-normal/x86_64 -swift-version 5 -enforce-exclusivity\=checked -Onone -D DEBUG -new-driver-path /Applications/Xcode.app/Contents/Developer/Toolchains/XcodeDefault.xctoolchain/usr/bin/swift-driver -serialize-debugging-options -Xcc -working-directory -Xcc /Users/sergejhlystov/ALADDIN_NEW/ALADDIN_NEW/mobile_apps/ALADDIN_iOS -resource-dir /Applications/Xcode.app/Contents/Developer/Toolchains/XcodeDefault.xctoolchain/usr/lib/swift -enable-anonymous-context-mangled-names -Xcc -I/Users/sergejhlystov/Library/Developer/Xcode/DerivedData/ALADDIN-eahryzmutvtbyceygnlyjsmiiaha/Build/Intermediates.noindex/ALADDIN.build/Debug-iphonesimulator/ALADDIN.build/swift-overrides.hmap -Xcc -iquote -Xcc /Users/sergejhlystov/Library/Developer/Xcode/DerivedData/ALADDIN-eahryzmutvtbyceygnlyjsmiiaha/Build/Intermediates.noindex/ALADDIN.build/Debug-iphonesimulator/ALADDIN.build/ALADDIN-generated-files.hmap -Xcc -I/Users/sergejhlystov/Library/Developer/Xcode/DerivedData/ALADDIN-eahryzmutvtbyceygnlyjsmiiaha/Build/Intermediates.noindex/ALADDIN.build/Debug-iphonesimulator/ALADDIN.build/ALADDIN-own-target-headers.hmap -Xcc -I/Users/sergejhlystov/Library/Developer/Xcode/DerivedData/ALADDIN-eahryzmutvtbyceygnlyjsmiiaha/Build/Intermediates.noindex/ALADDIN.build/Debug-iphonesimulator/ALADDIN.build/ALADDIN-all-target-headers.hmap -Xcc -iquote -Xcc /Users/sergejhlystov/Library/Developer/Xcode/DerivedData/ALADDIN-eahryzmutvtbyceygnlyjsmiiaha/Build/Intermediates.noindex/ALADDIN.build/Debug-iphonesimulator/ALADDIN.build/ALADDIN-project-headers.hmap -Xcc -I/Users/sergejhlystov/Library/Developer/Xcode/DerivedData/ALADDIN-eahryzmutvtbyceygnlyjsmiiaha/Build/Products/Debug-iphonesimulator/include -Xcc -I/Users/sergejhlystov/Library/Developer/Xcode/DerivedData/ALADDIN-eahryzmutvtbyceygnlyjsmiiaha/Build/Intermediates.noindex/ALADDIN.build/Debug-iphonesimulator/ALADDIN.build/DerivedSources-normal/x86_64 -Xcc -I/Users/sergejhlystov/Library/Developer/Xcode/DerivedData/ALADDIN-eahryzmutvtbyceygnlyjsmiiaha/Build/Intermediates.noindex/ALADDIN.build/Debug-iphonesimulator/ALADDIN.build/DerivedSources/x86_64 -Xcc -I/Users/sergejhlystov/Library/Developer/Xcode/DerivedData/ALADDIN-eahryzmutvtbyceygnlyjsmiiaha/Build/Intermediates.noindex/ALADDIN.build/Debug-iphonesimulator/ALADDIN.build/DerivedSources -Xcc -DDEBUG\=1 -module-name ALADDIN -target-sdk-version 15.2.0 -o /Users/sergejhlystov/Library/Developer/Xcode/DerivedData/ALADDIN-eahryzmutvtbyceygnlyjsmiiaha/Build/Intermediates.noindex/ALADDIN.build/Debug-iphonesimulator/ALADDIN.build/Objects-normal/x86_64/01_MainScreen.o -o /Users/sergejhlystov/Library/Developer/Xcode/DerivedData/ALADDIN-eahryzmutvtbyceygnlyjsmiiaha/Build/Intermediates.noindex/ALADDIN.build/Debug-iphonesimulator/ALADDIN.build/Objects-normal/x86_64/FamilyTournamentView.o -o /Users/sergejhlystov/Library/Developer/Xcode/DerivedData/ALADDIN-eahryzmutvtbyceygnlyjsmiiaha/Build/Intermediates.noindex/ALADDIN.build/Debug-iphonesimulator/ALADDIN.build/Objects-normal/x86_64/Fonts.o -o /Users/sergejhlystov/Library/Developer/Xcode/DerivedData/ALADDIN-eahryzmutvtbyceygnlyjsmiiaha/Build/Intermediates.noindex/ALADDIN.build/Debug-iphonesimulator/ALADDIN.build/Objects-normal/x86_64/GamesParentalControlView.o -o /Users/sergejhlystov/Library/Developer/Xcode/DerivedData/ALADDIN-eahryzmutvtbyceygnlyjsmiiaha/Build/Intermediates.noindex/ALADDIN.build/Debug-iphonesimulator/ALADDIN.build/Objects-normal/x86_64/QRScannerModal.o -o /Users/sergejhlystov/Library/Developer/Xcode/DerivedData/ALADDIN-eahryzmutvtbyceygnlyjsmiiaha/Build/Intermediates.noindex/ALADDIN.build/Debug-iphonesimulator/ALADDIN.build/Objects-normal/x86_64/04_AnalyticsScreen.o -o /Users/sergejhlystov/Library/Developer/Xcode/DerivedData/ALADDIN-eahryzmutvtbyceygnlyjsmiiaha/Build/Intermediates.noindex/ALADDIN.build/Debug-iphonesimulator/ALADDIN.build/Objects-normal/x86_64/24_VPNEnergyStatsScreen.o -o /Users/sergejhlystov/Library/Developer/Xcode/DerivedData/ALADDIN-eahryzmutvtbyceygnlyjsmiiaha/Build/Intermediates.noindex/ALADDIN.build/Debug-iphonesimulator/ALADDIN.build/Objects-normal/x86_64/ProfileEditView.o -o /Users/sergejhlystov/Library/Developer/Xcode/DerivedData/ALADDIN-eahryzmutvtbyceygnlyjsmiiaha/Build/Intermediates.noindex/ALADDIN.build/Debug-iphonesimulator/ALADDIN.build/Objects-normal/x86_64/TariffsViewModel.o -o /Users/sergejhlystov/Library/Developer/Xcode/DerivedData/ALADDIN-eahryzmutvtbyceygnlyjsmiiaha/Build/Intermediates.noindex/ALADDIN.build/Debug-iphonesimulator/ALADDIN.build/Objects-normal/x86_64/NotificationManager.o -o /Users/sergejhlystov/Library/Developer/Xcode/DerivedData/ALADDIN-eahryzmutvtbyceygnlyjsmiiaha/Build/Intermediates.noindex/ALADDIN.build/Debug-iphonesimulator/ALADDIN.build/Objects-normal/x86_64/SecurityManager.o -index-store-path /Users/sergejhlystov/Library/Developer/Xcode/DerivedData/ALADDIN-eahryzmutvtbyceygnlyjsmiiaha/Index/DataStore -index-system-modules

CompileSwift normal x86_64 /Users/sergejhlystov/ALADDIN_NEW/ALADDIN_NEW/mobile_apps/ALADDIN_iOS/ViewModels/TariffsViewModel.swift (in target 'ALADDIN' from project 'ALADDIN')
    cd /Users/sergejhlystov/ALADDIN_NEW/ALADDIN_NEW/mobile_apps/ALADDIN_iOS
    /Applications/Xcode.app/Contents/Developer/Toolchains/XcodeDefault.xctoolchain/usr/bin/swift-frontend -frontend -c /Users/sergejhlystov/ALADDIN_NEW/ALADDIN_NEW/mobile_apps/ALADDIN_iOS/Screens/RewardsQuickModal.swift /Users/sergejhlystov/ALADDIN_NEW/ALADDIN_NEW/mobile_apps/ALADDIN_iOS/Screens/08_ChildInterfaceScreen.swift /Users/sergejhlystov/ALADDIN_NEW/ALADDIN_NEW/mobile_apps/ALADDIN_iOS/ContentView.swift /Users/sergejhlystov/ALADDIN_NEW/ALADDIN_NEW/mobile_apps/ALADDIN_iOS/Shared/Components/ALADDINToggle.swift /Users/sergejhlystov/ALADDIN_NEW/ALADDIN_NEW/mobile_apps/ALADDIN_iOS/Components/Modals/AgeGroupSelectionModal.swift /Users/sergejhlystov/ALADDIN_NEW/ALADDIN_NEW/mobile_apps/ALADDIN_iOS/ALADDINApp.swift /Users/sergejhlystov/ALADDIN_NEW/ALADDIN_NEW/mobile_apps/ALADDIN_iOS/Shared/Models/FunctionStatus.swift /Users/sergejhlystov/ALADDIN_NEW/ALADDIN_NEW/mobile_apps/ALADDIN_iOS/ViewModels/MainViewModel.swift /Users/sergejhlystov/ALADDIN_NEW/ALADDIN_NEW/mobile_apps/ALADDIN_iOS/Shared/Components/Buttons/PrimaryButton.swift /Users/sergejhlystov/ALADDIN_NEW/ALADDIN_NEW/mobile_apps/ALADDIN_iOS/Screens/NotificationSettingsScreen.swift /Users/sergejhlystov/ALADDIN_NEW/ALADDIN_NEW/mobile_apps/ALADDIN_iOS/Screens/ChildContentScreen.swift /Users/sergejhlystov/ALADDIN_NEW/ALADDIN_NEW/mobile_apps/ALADDIN_iOS/Shared/Components/StatItem.swift /Users/sergejhlystov/ALADDIN_NEW/ALADDIN_NEW/mobile_apps/ALADDIN_iOS/Shared/Components/Cards/FamilyMemberCard.swift /Users/sergejhlystov/ALADDIN_NEW/ALADDIN_NEW/mobile_apps/ALADDIN_iOS/ViewModels/VPNViewModel.swift /Users/sergejhlystov/ALADDIN_NEW/ALADDIN_NEW/mobile_apps/ALADDIN_iOS/Core/Models/APIModels.swift /Users/sergejhlystov/ALADDIN_NEW/ALADDIN_NEW/mobile_apps/ALADDIN_iOS/Core/VPN/VPNManager.swift /Users/sergejhlystov/ALADDIN_NEW/ALADDIN_NEW/mobile_apps/ALADDIN_iOS/Screens/UnicornPetView.swift /Users/sergejhlystov/ALADDIN_NEW/ALADDIN_NEW/mobile_apps/ALADDIN_iOS/Core/Network/APIService.swift /Users/sergejhlystov/ALADDIN_NEW/ALADDIN_NEW/mobile_apps/ALADDIN_iOS/Screens/18_PrivacyPolicyScreen.swift /Users/sergejhlystov/ALADDIN_NEW/ALADDIN_NEW/mobile_apps/ALADDIN_iOS/Screens/10_TariffsScreen.swift /Users/sergejhlystov/ALADDIN_NEW/ALADDIN_NEW/mobile_apps/ALADDIN_iOS/Screens/03_VPNScreen.swift /Users/sergejhlystov/ALADDIN_NEW/ALADDIN_NEW/mobile_apps/ALADDIN_iOS/Screens/09_ElderlyInterfaceScreen.swift /Users/sergejhlystov/ALADDIN_NEW/ALADDIN_NEW/mobile_apps/ALADDIN_iOS/Shared/Components/SecondaryButton.swift /Users/sergejhlystov/ALADDIN_NEW/ALADDIN_NEW/mobile_apps/ALADDIN_iOS/Screens/11_ProfileScreen.swift /Users/sergejhlystov/ALADDIN_NEW/ALADDIN_NEW/mobile_apps/ALADDIN_iOS/Core/Network/NetworkManager.swift /Users/sergejhlystov/ALADDIN_NEW/ALADDIN_NEW/mobile_apps/ALADDIN_iOS/Screens/19_TermsOfServiceScreen.swift /Users/sergejhlystov/ALADDIN_NEW/ALADDIN_NEW/mobile_apps/ALADDIN_iOS/Core/Config/AppConfig.swift /Users/sergejhlystov/ALADDIN_NEW/ALADDIN_NEW/mobile_apps/ALADDIN_iOS/ViewModels/FamilyViewModel.swift /Users/sergejhlystov/ALADDIN_NEW/ALADDIN_NEW/mobile_apps/ALADDIN_iOS/ViewModels/AIAssistantViewModel.swift /Users/sergejhlystov/ALADDIN_NEW/ALADDIN_NEW/mobile_apps/ALADDIN_iOS/Screens/22_DeviceDetailScreen.swift /Users/sergejhlystov/ALADDIN_NEW/ALADDIN_NEW/mobile_apps/ALADDIN_iOS/Screens/WidgetConfigurationScreen.swift /Users/sergejhlystov/ALADDIN_NEW/ALADDIN_NEW/mobile_apps/ALADDIN_iOS/Core/Security/KeychainManager.swift /Users/sergejhlystov/ALADDIN_NEW/ALADDIN_NEW/mobile_apps/ALADDIN_iOS/Shared/Components/Modals/MemberStatsModalView.swift /Users/sergejhlystov/ALADDIN_NEW/ALADDIN_NEW/mobile_apps/ALADDIN_iOS/Shared/Styles/Spacing.swift /Users/sergejhlystov/ALADDIN_NEW/ALADDIN_NEW/mobile_apps/ALADDIN_iOS/Shared/Components/RecoveryOptionsModal.swift /Users/sergejhlystov/ALADDIN_NEW/ALADDIN_NEW/mobile_apps/ALADDIN_iOS/ViewModels/SettingsViewModel.swift /Users/sergejhlystov/ALADDIN_NEW/ALADDIN_NEW/mobile_apps/ALADDIN_iOS/Shared/Components/InfoRow.swift /Users/sergejhlystov/ALADDIN_NEW/ALADDIN_NEW/mobile_apps/ALADDIN_iOS/Screens/25_PaymentQRScreen.swift /Users/sergejhlystov/ALADDIN_NEW/ALADDIN_NEW/mobile_apps/ALADDIN_iOS/Shared/Components/Modals/RoleSelectionModal.swift /Users/sergejhlystov/ALADDIN_NEW/ALADDIN_NEW/mobile_apps/ALADDIN_iOS/ViewModels/SupportViewModel.swift /Users/sergejhlystov/ALADDIN_NEW/ALADDIN_NEW/mobile_apps/ALADDIN_iOS/ViewModels/ChildInterfaceViewModel.swift /Users/sergejhlystov/ALADDIN_NEW/ALADDIN_NEW/mobile_apps/ALADDIN_iOS/Screens/12_NotificationsScreen.swift /Users/sergejhlystov/ALADDIN_NEW/ALADDIN_NEW/mobile_apps/ALADDIN_iOS/ViewModels/ElderlyInterfaceViewModel.swift /Users/sergejhlystov/ALADDIN_NEW/ALADDIN_NEW/mobile_apps/ALADDIN_iOS/ViewModels/AnalyticsViewModel.swift /Users/sergejhlystov/ALADDIN_NEW/ALADDIN_NEW/mobile_apps/ALADDIN_iOS/Core/Cache/CacheManager.swift /Users/sergejhlystov/ALADDIN_NEW/ALADDIN_NEW/mobile_apps/ALADDIN_iOS/ViewModels/NotificationsViewModel.swift /Users/sergejhlystov/ALADDIN_NEW/ALADDIN_NEW/mobile_apps/ALADDIN_iOS/Screens/06_AIAssistantScreen.swift /Users/sergejhlystov/ALADDIN_NEW/ALADDIN_NEW/mobile_apps/ALADDIN_iOS/ViewModels/ProfileViewModel.swift /Users/sergejhlystov/ALADDIN_NEW/ALADDIN_NEW/mobile_apps/ALADDIN_iOS/Components/Modals/ConsentModal.swift /Users/sergejhlystov/ALADDIN_NEW/ALADDIN_NEW/mobile_apps/ALADDIN_iOS/ViewModels/ParentalControlViewModel.swift /Users/sergejhlystov/ALADDIN_NEW/ALADDIN_NEW/mobile_apps/ALADDIN_iOS/ViewModels/OnboardingViewModel.swift /Users/sergejhlystov/ALADDIN_NEW/ALADDIN_NEW/mobile_apps/ALADDIN_iOS/Shared/Styles/Colors.swift /Users/sergejhlystov/ALADDIN_NEW/ALADDIN_NEW/mobile_apps/ALADDIN_iOS/Screens/ChildRewardsScreen.swift /Users/sergejhlystov/ALADDIN_NEW/ALADDIN_NEW/mobile_apps/ALADDIN_iOS/Screens/21_ReferralScreen.swift /Users/sergejhlystov/ALADDIN_NEW/ALADDIN_NEW/mobile_apps/ALADDIN_iOS/Shared/Components/AvatarSelector.swift /Users/sergejhlystov/ALADDIN_NEW/ALADDIN_NEW/mobile_apps/ALADDIN_iOS/Shared/Components/Navigation/ALADDINNavigationBar.swift /Users/sergejhlystov/ALADDIN_NEW/ALADDIN_NEW/mobile_apps/ALADDIN_iOS/Screens/14_OnboardingScreen.swift /Users/sergejhlystov/ALADDIN_NEW/ALADDIN_NEW/mobile_apps/ALADDIN_iOS/Components/Modals/FamilyCreatedModal.swift /Users/sergejhlystov/ALADDIN_NEW/ALADDIN_NEW/mobile_apps/ALADDIN_iOS/ViewModels/PaymentQRViewModel.swift /Users/sergejhlystov/ALADDIN_NEW/ALADDIN_NEW/mobile_apps/ALADDIN_iOS/Core/Navigation/NavigationManager.swift /Users/sergejhlystov/ALADDIN_NEW/ALADDIN_NEW/mobile_apps/ALADDIN_iOS/Core/Accessibility/AccessibilityManager.swift /Users/sergejhlystov/ALADDIN_NEW/ALADDIN_NEW/mobile_apps/ALADDIN_iOS/Core/Store/StoreManager.swift /Users/sergejhlystov/ALADDIN_NEW/ALADDIN_NEW/mobile_apps/ALADDIN_iOS/Screens/WheelOfFortuneView.swift /Users/sergejhlystov/ALADDIN_NEW/ALADDIN_NEW/mobile_apps/ALADDIN_iOS/Screens/UnicornUniverseView.swift /Users/sergejhlystov/ALADDIN_NEW/ALADDIN_NEW/mobile_apps/ALADDIN_iOS/Core/Localization/LocalizationManager.swift /Users/sergejhlystov/ALADDIN_NEW/ALADDIN_NEW/mobile_apps/ALADDIN_iOS/Screens/13_SupportScreen.swift /Users/sergejhlystov/ALADDIN_NEW/ALADDIN_NEW/mobile_apps/ALADDIN_iOS/Core/Analytics/AnalyticsManager.swift /Users/sergejhlystov/ALADDIN_NEW/ALADDIN_NEW/mobile_apps/ALADDIN_iOS/Screens/07_ParentalControlScreen.swift /Users/sergejhlystov/ALADDIN_NEW/ALADDIN_NEW/mobile_apps/ALADDIN_iOS/Screens/05_SettingsScreen.swift /Users/sergejhlystov/ALADDIN_NEW/ALADDIN_NEW/mobile_apps/ALADDIN_iOS/Screens/RewardsModalView.swift /Users/sergejhlystov/ALADDIN_NEW/ALADDIN_NEW/mobile_apps/ALADDIN_iOS/Screens/23_FamilyChatScreen.swift /Users/sergejhlystov/ALADDIN_NEW/ALADDIN_NEW/mobile_apps/ALADDIN_iOS/Screens/02_FamilyScreen.swift /Users/sergejhlystov/ALADDIN_NEW/ALADDIN_NEW/mobile_apps/ALADDIN_iOS/Screens/20_DevicesScreen.swift /Users/sergejhlystov/ALADDIN_NEW/ALADDIN_NEW/mobile_apps/ALADDIN_iOS/Shared/Components/ViewModifiers.swift /Users/sergejhlystov/ALADDIN_NEW/ALADDIN_NEW/mobile_apps/ALADDIN_iOS/Shared/Components/HapticFeedback.swift /Users/sergejhlystov/ALADDIN_NEW/ALADDIN_NEW/mobile_apps/ALADDIN_iOS/Screens/MainScreenWithRegistration.swift /Users/sergejhlystov/ALADDIN_NEW/ALADDIN_NEW/mobile_apps/ALADDIN_iOS/Core/Network/NetworkError.swift /Users/sergejhlystov/ALADDIN_NEW/ALADDIN_NEW/mobile_apps/ALADDIN_iOS/Screens/LanguageSettingsScreen.swift /Users/sergejhlystov/ALADDIN_NEW/ALADDIN_NEW/mobile_apps/ALADDIN_iOS/ViewModels/FamilyRegistrationViewModel.swift /Users/sergejhlystov/ALADDIN_NEW/ALADDIN_NEW/mobile_apps/ALADDIN_iOS/Shared/Styles/CornerRadius.swift -primary-file /Users/sergejhlystov/ALADDIN_NEW/ALADDIN_NEW/mobile_apps/ALADDIN_iOS/Screens/01_MainScreen.swift -primary-file /Users/sergejhlystov/ALADDIN_NEW/ALADDIN_NEW/mobile_apps/ALADDIN_iOS/Screens/FamilyTournamentView.swift -primary-file /Users/sergejhlystov/ALADDIN_NEW/ALADDIN_NEW/mobile_apps/ALADDIN_iOS/Shared/Styles/Fonts.swift -primary-file /Users/sergejhlystov/ALADDIN_NEW/ALADDIN_NEW/mobile_apps/ALADDIN_iOS/Screens/GamesParentalControlView.swift -primary-file /Users/sergejhlystov/ALADDIN_NEW/ALADDIN_NEW/mobile_apps/ALADDIN_iOS/Shared/Components/QRScannerModal.swift -primary-file /Users/sergejhlystov/ALADDIN_NEW/ALADDIN_NEW/mobile_apps/ALADDIN_iOS/Screens/04_AnalyticsScreen.swift -primary-file /Users/sergejhlystov/ALADDIN_NEW/ALADDIN_NEW/mobile_apps/ALADDIN_iOS/Screens/24_VPNEnergyStatsScreen.swift -primary-file /Users/sergejhlystov/ALADDIN_NEW/ALADDIN_NEW/mobile_apps/ALADDIN_iOS/Shared/Components/Modals/ProfileEditView.swift -primary-file /Users/sergejhlystov/ALADDIN_NEW/ALADDIN_NEW/mobile_apps/ALADDIN_iOS/ViewModels/TariffsViewModel.swift -primary-file /Users/sergejhlystov/ALADDIN_NEW/ALADDIN_NEW/mobile_apps/ALADDIN_iOS/Core/Notifications/NotificationManager.swift -primary-file /Users/sergejhlystov/ALADDIN_NEW/ALADDIN_NEW/mobile_apps/ALADDIN_iOS/Core/Security/SecurityManager.swift -supplementary-output-file-map /var/folders/rf/6rxcyql17sz57_02ng7jd7pr0000gn/T/TemporaryDirectory.wFGpdC/supplementaryOutputs-8 -target x86_64-apple-ios15.0-simulator -enable-objc-interop -sdk /Applications/Xcode.app/Contents/Developer/Platforms/iPhoneSimulator.platform/Developer/SDKs/iPhoneSimulator15.2.sdk -I /Users/sergejhlystov/Library/Developer/Xcode/DerivedData/ALADDIN-eahryzmutvtbyceygnlyjsmiiaha/Build/Products/Debug-iphonesimulator -F /Users/sergejhlystov/Library/Developer/Xcode/DerivedData/ALADDIN-eahryzmutvtbyceygnlyjsmiiaha/Build/Products/Debug-iphonesimulator -enable-testing -g -module-cache-path /Users/sergejhlystov/Library/Developer/Xcode/DerivedData/ModuleCache.noindex -emit-localized-strings -emit-localized-strings-path /Users/sergejhlystov/Library/Developer/Xcode/DerivedData/ALADDIN-eahryzmutvtbyceygnlyjsmiiaha/Build/Intermediates.noindex/ALADDIN.build/Debug-iphonesimulator/ALADDIN.build/Objects-normal/x86_64 -swift-version 5 -enforce-exclusivity\=checked -Onone -D DEBUG -new-driver-path /Applications/Xcode.app/Contents/Developer/Toolchains/XcodeDefault.xctoolchain/usr/bin/swift-driver -serialize-debugging-options -Xcc -working-directory -Xcc /Users/sergejhlystov/ALADDIN_NEW/ALADDIN_NEW/mobile_apps/ALADDIN_iOS -resource-dir /Applications/Xcode.app/Contents/Developer/Toolchains/XcodeDefault.xctoolchain/usr/lib/swift -enable-anonymous-context-mangled-names -Xcc -I/Users/sergejhlystov/Library/Developer/Xcode/DerivedData/ALADDIN-eahryzmutvtbyceygnlyjsmiiaha/Build/Intermediates.noindex/ALADDIN.build/Debug-iphonesimulator/ALADDIN.build/swift-overrides.hmap -Xcc -iquote -Xcc /Users/sergejhlystov/Library/Developer/Xcode/DerivedData/ALADDIN-eahryzmutvtbyceygnlyjsmiiaha/Build/Intermediates.noindex/ALADDIN.build/Debug-iphonesimulator/ALADDIN.build/ALADDIN-generated-files.hmap -Xcc -I/Users/sergejhlystov/Library/Developer/Xcode/DerivedData/ALADDIN-eahryzmutvtbyceygnlyjsmiiaha/Build/Intermediates.noindex/ALADDIN.build/Debug-iphonesimulator/ALADDIN.build/ALADDIN-own-target-headers.hmap -Xcc -I/Users/sergejhlystov/Library/Developer/Xcode/DerivedData/ALADDIN-eahryzmutvtbyceygnlyjsmiiaha/Build/Intermediates.noindex/ALADDIN.build/Debug-iphonesimulator/ALADDIN.build/ALADDIN-all-target-headers.hmap -Xcc -iquote -Xcc /Users/sergejhlystov/Library/Developer/Xcode/DerivedData/ALADDIN-eahryzmutvtbyceygnlyjsmiiaha/Build/Intermediates.noindex/ALADDIN.build/Debug-iphonesimulator/ALADDIN.build/ALADDIN-project-headers.hmap -Xcc -I/Users/sergejhlystov/Library/Developer/Xcode/DerivedData/ALADDIN-eahryzmutvtbyceygnlyjsmiiaha/Build/Products/Debug-iphonesimulator/include -Xcc -I/Users/sergejhlystov/Library/Developer/Xcode/DerivedData/ALADDIN-eahryzmutvtbyceygnlyjsmiiaha/Build/Intermediates.noindex/ALADDIN.build/Debug-iphonesimulator/ALADDIN.build/DerivedSources-normal/x86_64 -Xcc -I/Users/sergejhlystov/Library/Developer/Xcode/DerivedData/ALADDIN-eahryzmutvtbyceygnlyjsmiiaha/Build/Intermediates.noindex/ALADDIN.build/Debug-iphonesimulator/ALADDIN.build/DerivedSources/x86_64 -Xcc -I/Users/sergejhlystov/Library/Developer/Xcode/DerivedData/ALADDIN-eahryzmutvtbyceygnlyjsmiiaha/Build/Intermediates.noindex/ALADDIN.build/Debug-iphonesimulator/ALADDIN.build/DerivedSources -Xcc -DDEBUG\=1 -module-name ALADDIN -target-sdk-version 15.2.0 -o /Users/sergejhlystov/Library/Developer/Xcode/DerivedData/ALADDIN-eahryzmutvtbyceygnlyjsmiiaha/Build/Intermediates.noindex/ALADDIN.build/Debug-iphonesimulator/ALADDIN.build/Objects-normal/x86_64/01_MainScreen.o -o /Users/sergejhlystov/Library/Developer/Xcode/DerivedData/ALADDIN-eahryzmutvtbyceygnlyjsmiiaha/Build/Intermediates.noindex/ALADDIN.build/Debug-iphonesimulator/ALADDIN.build/Objects-normal/x86_64/FamilyTournamentView.o -o /Users/sergejhlystov/Library/Developer/Xcode/DerivedData/ALADDIN-eahryzmutvtbyceygnlyjsmiiaha/Build/Intermediates.noindex/ALADDIN.build/Debug-iphonesimulator/ALADDIN.build/Objects-normal/x86_64/Fonts.o -o /Users/sergejhlystov/Library/Developer/Xcode/DerivedData/ALADDIN-eahryzmutvtbyceygnlyjsmiiaha/Build/Intermediates.noindex/ALADDIN.build/Debug-iphonesimulator/ALADDIN.build/Objects-normal/x86_64/GamesParentalControlView.o -o /Users/sergejhlystov/Library/Developer/Xcode/DerivedData/ALADDIN-eahryzmutvtbyceygnlyjsmiiaha/Build/Intermediates.noindex/ALADDIN.build/Debug-iphonesimulator/ALADDIN.build/Objects-normal/x86_64/QRScannerModal.o -o /Users/sergejhlystov/Library/Developer/Xcode/DerivedData/ALADDIN-eahryzmutvtbyceygnlyjsmiiaha/Build/Intermediates.noindex/ALADDIN.build/Debug-iphonesimulator/ALADDIN.build/Objects-normal/x86_64/04_AnalyticsScreen.o -o /Users/sergejhlystov/Library/Developer/Xcode/DerivedData/ALADDIN-eahryzmutvtbyceygnlyjsmiiaha/Build/Intermediates.noindex/ALADDIN.build/Debug-iphonesimulator/ALADDIN.build/Objects-normal/x86_64/24_VPNEnergyStatsScreen.o -o /Users/sergejhlystov/Library/Developer/Xcode/DerivedData/ALADDIN-eahryzmutvtbyceygnlyjsmiiaha/Build/Intermediates.noindex/ALADDIN.build/Debug-iphonesimulator/ALADDIN.build/Objects-normal/x86_64/ProfileEditView.o -o /Users/sergejhlystov/Library/Developer/Xcode/DerivedData/ALADDIN-eahryzmutvtbyceygnlyjsmiiaha/Build/Intermediates.noindex/ALADDIN.build/Debug-iphonesimulator/ALADDIN.build/Objects-normal/x86_64/TariffsViewModel.o -o /Users/sergejhlystov/Library/Developer/Xcode/DerivedData/ALADDIN-eahryzmutvtbyceygnlyjsmiiaha/Build/Intermediates.noindex/ALADDIN.build/Debug-iphonesimulator/ALADDIN.build/Objects-normal/x86_64/NotificationManager.o -o /Users/sergejhlystov/Library/Developer/Xcode/DerivedData/ALADDIN-eahryzmutvtbyceygnlyjsmiiaha/Build/Intermediates.noindex/ALADDIN.build/Debug-iphonesimulator/ALADDIN.build/Objects-normal/x86_64/SecurityManager.o -index-store-path /Users/sergejhlystov/Library/Developer/Xcode/DerivedData/ALADDIN-eahryzmutvtbyceygnlyjsmiiaha/Index/DataStore -index-system-modules

CompileSwift normal x86_64 /Users/sergejhlystov/ALADDIN_NEW/ALADDIN_NEW/mobile_apps/ALADDIN_iOS/Core/Notifications/NotificationManager.swift (in target 'ALADDIN' from project 'ALADDIN')
    cd /Users/sergejhlystov/ALADDIN_NEW/ALADDIN_NEW/mobile_apps/ALADDIN_iOS
    /Applications/Xcode.app/Contents/Developer/Toolchains/XcodeDefault.xctoolchain/usr/bin/swift-frontend -frontend -c /Users/sergejhlystov/ALADDIN_NEW/ALADDIN_NEW/mobile_apps/ALADDIN_iOS/Screens/RewardsQuickModal.swift /Users/sergejhlystov/ALADDIN_NEW/ALADDIN_NEW/mobile_apps/ALADDIN_iOS/Screens/08_ChildInterfaceScreen.swift /Users/sergejhlystov/ALADDIN_NEW/ALADDIN_NEW/mobile_apps/ALADDIN_iOS/ContentView.swift /Users/sergejhlystov/ALADDIN_NEW/ALADDIN_NEW/mobile_apps/ALADDIN_iOS/Shared/Components/ALADDINToggle.swift /Users/sergejhlystov/ALADDIN_NEW/ALADDIN_NEW/mobile_apps/ALADDIN_iOS/Components/Modals/AgeGroupSelectionModal.swift /Users/sergejhlystov/ALADDIN_NEW/ALADDIN_NEW/mobile_apps/ALADDIN_iOS/ALADDINApp.swift /Users/sergejhlystov/ALADDIN_NEW/ALADDIN_NEW/mobile_apps/ALADDIN_iOS/Shared/Models/FunctionStatus.swift /Users/sergejhlystov/ALADDIN_NEW/ALADDIN_NEW/mobile_apps/ALADDIN_iOS/ViewModels/MainViewModel.swift /Users/sergejhlystov/ALADDIN_NEW/ALADDIN_NEW/mobile_apps/ALADDIN_iOS/Shared/Components/Buttons/PrimaryButton.swift /Users/sergejhlystov/ALADDIN_NEW/ALADDIN_NEW/mobile_apps/ALADDIN_iOS/Screens/NotificationSettingsScreen.swift /Users/sergejhlystov/ALADDIN_NEW/ALADDIN_NEW/mobile_apps/ALADDIN_iOS/Screens/ChildContentScreen.swift /Users/sergejhlystov/ALADDIN_NEW/ALADDIN_NEW/mobile_apps/ALADDIN_iOS/Shared/Components/StatItem.swift /Users/sergejhlystov/ALADDIN_NEW/ALADDIN_NEW/mobile_apps/ALADDIN_iOS/Shared/Components/Cards/FamilyMemberCard.swift /Users/sergejhlystov/ALADDIN_NEW/ALADDIN_NEW/mobile_apps/ALADDIN_iOS/ViewModels/VPNViewModel.swift /Users/sergejhlystov/ALADDIN_NEW/ALADDIN_NEW/mobile_apps/ALADDIN_iOS/Core/Models/APIModels.swift /Users/sergejhlystov/ALADDIN_NEW/ALADDIN_NEW/mobile_apps/ALADDIN_iOS/Core/VPN/VPNManager.swift /Users/sergejhlystov/ALADDIN_NEW/ALADDIN_NEW/mobile_apps/ALADDIN_iOS/Screens/UnicornPetView.swift /Users/sergejhlystov/ALADDIN_NEW/ALADDIN_NEW/mobile_apps/ALADDIN_iOS/Core/Network/APIService.swift /Users/sergejhlystov/ALADDIN_NEW/ALADDIN_NEW/mobile_apps/ALADDIN_iOS/Screens/18_PrivacyPolicyScreen.swift /Users/sergejhlystov/ALADDIN_NEW/ALADDIN_NEW/mobile_apps/ALADDIN_iOS/Screens/10_TariffsScreen.swift /Users/sergejhlystov/ALADDIN_NEW/ALADDIN_NEW/mobile_apps/ALADDIN_iOS/Screens/03_VPNScreen.swift /Users/sergejhlystov/ALADDIN_NEW/ALADDIN_NEW/mobile_apps/ALADDIN_iOS/Screens/09_ElderlyInterfaceScreen.swift /Users/sergejhlystov/ALADDIN_NEW/ALADDIN_NEW/mobile_apps/ALADDIN_iOS/Shared/Components/SecondaryButton.swift /Users/sergejhlystov/ALADDIN_NEW/ALADDIN_NEW/mobile_apps/ALADDIN_iOS/Screens/11_ProfileScreen.swift /Users/sergejhlystov/ALADDIN_NEW/ALADDIN_NEW/mobile_apps/ALADDIN_iOS/Core/Network/NetworkManager.swift /Users/sergejhlystov/ALADDIN_NEW/ALADDIN_NEW/mobile_apps/ALADDIN_iOS/Screens/19_TermsOfServiceScreen.swift /Users/sergejhlystov/ALADDIN_NEW/ALADDIN_NEW/mobile_apps/ALADDIN_iOS/Core/Config/AppConfig.swift /Users/sergejhlystov/ALADDIN_NEW/ALADDIN_NEW/mobile_apps/ALADDIN_iOS/ViewModels/FamilyViewModel.swift /Users/sergejhlystov/ALADDIN_NEW/ALADDIN_NEW/mobile_apps/ALADDIN_iOS/ViewModels/AIAssistantViewModel.swift /Users/sergejhlystov/ALADDIN_NEW/ALADDIN_NEW/mobile_apps/ALADDIN_iOS/Screens/22_DeviceDetailScreen.swift /Users/sergejhlystov/ALADDIN_NEW/ALADDIN_NEW/mobile_apps/ALADDIN_iOS/Screens/WidgetConfigurationScreen.swift /Users/sergejhlystov/ALADDIN_NEW/ALADDIN_NEW/mobile_apps/ALADDIN_iOS/Core/Security/KeychainManager.swift /Users/sergejhlystov/ALADDIN_NEW/ALADDIN_NEW/mobile_apps/ALADDIN_iOS/Shared/Components/Modals/MemberStatsModalView.swift /Users/sergejhlystov/ALADDIN_NEW/ALADDIN_NEW/mobile_apps/ALADDIN_iOS/Shared/Styles/Spacing.swift /Users/sergejhlystov/ALADDIN_NEW/ALADDIN_NEW/mobile_apps/ALADDIN_iOS/Shared/Components/RecoveryOptionsModal.swift /Users/sergejhlystov/ALADDIN_NEW/ALADDIN_NEW/mobile_apps/ALADDIN_iOS/ViewModels/SettingsViewModel.swift /Users/sergejhlystov/ALADDIN_NEW/ALADDIN_NEW/mobile_apps/ALADDIN_iOS/Shared/Components/InfoRow.swift /Users/sergejhlystov/ALADDIN_NEW/ALADDIN_NEW/mobile_apps/ALADDIN_iOS/Screens/25_PaymentQRScreen.swift /Users/sergejhlystov/ALADDIN_NEW/ALADDIN_NEW/mobile_apps/ALADDIN_iOS/Shared/Components/Modals/RoleSelectionModal.swift /Users/sergejhlystov/ALADDIN_NEW/ALADDIN_NEW/mobile_apps/ALADDIN_iOS/ViewModels/SupportViewModel.swift /Users/sergejhlystov/ALADDIN_NEW/ALADDIN_NEW/mobile_apps/ALADDIN_iOS/ViewModels/ChildInterfaceViewModel.swift /Users/sergejhlystov/ALADDIN_NEW/ALADDIN_NEW/mobile_apps/ALADDIN_iOS/Screens/12_NotificationsScreen.swift /Users/sergejhlystov/ALADDIN_NEW/ALADDIN_NEW/mobile_apps/ALADDIN_iOS/ViewModels/ElderlyInterfaceViewModel.swift /Users/sergejhlystov/ALADDIN_NEW/ALADDIN_NEW/mobile_apps/ALADDIN_iOS/ViewModels/AnalyticsViewModel.swift /Users/sergejhlystov/ALADDIN_NEW/ALADDIN_NEW/mobile_apps/ALADDIN_iOS/Core/Cache/CacheManager.swift /Users/sergejhlystov/ALADDIN_NEW/ALADDIN_NEW/mobile_apps/ALADDIN_iOS/ViewModels/NotificationsViewModel.swift /Users/sergejhlystov/ALADDIN_NEW/ALADDIN_NEW/mobile_apps/ALADDIN_iOS/Screens/06_AIAssistantScreen.swift /Users/sergejhlystov/ALADDIN_NEW/ALADDIN_NEW/mobile_apps/ALADDIN_iOS/ViewModels/ProfileViewModel.swift /Users/sergejhlystov/ALADDIN_NEW/ALADDIN_NEW/mobile_apps/ALADDIN_iOS/Components/Modals/ConsentModal.swift /Users/sergejhlystov/ALADDIN_NEW/ALADDIN_NEW/mobile_apps/ALADDIN_iOS/ViewModels/ParentalControlViewModel.swift /Users/sergejhlystov/ALADDIN_NEW/ALADDIN_NEW/mobile_apps/ALADDIN_iOS/ViewModels/OnboardingViewModel.swift /Users/sergejhlystov/ALADDIN_NEW/ALADDIN_NEW/mobile_apps/ALADDIN_iOS/Shared/Styles/Colors.swift /Users/sergejhlystov/ALADDIN_NEW/ALADDIN_NEW/mobile_apps/ALADDIN_iOS/Screens/ChildRewardsScreen.swift /Users/sergejhlystov/ALADDIN_NEW/ALADDIN_NEW/mobile_apps/ALADDIN_iOS/Screens/21_ReferralScreen.swift /Users/sergejhlystov/ALADDIN_NEW/ALADDIN_NEW/mobile_apps/ALADDIN_iOS/Shared/Components/AvatarSelector.swift /Users/sergejhlystov/ALADDIN_NEW/ALADDIN_NEW/mobile_apps/ALADDIN_iOS/Shared/Components/Navigation/ALADDINNavigationBar.swift /Users/sergejhlystov/ALADDIN_NEW/ALADDIN_NEW/mobile_apps/ALADDIN_iOS/Screens/14_OnboardingScreen.swift /Users/sergejhlystov/ALADDIN_NEW/ALADDIN_NEW/mobile_apps/ALADDIN_iOS/Components/Modals/FamilyCreatedModal.swift /Users/sergejhlystov/ALADDIN_NEW/ALADDIN_NEW/mobile_apps/ALADDIN_iOS/ViewModels/PaymentQRViewModel.swift /Users/sergejhlystov/ALADDIN_NEW/ALADDIN_NEW/mobile_apps/ALADDIN_iOS/Core/Navigation/NavigationManager.swift /Users/sergejhlystov/ALADDIN_NEW/ALADDIN_NEW/mobile_apps/ALADDIN_iOS/Core/Accessibility/AccessibilityManager.swift /Users/sergejhlystov/ALADDIN_NEW/ALADDIN_NEW/mobile_apps/ALADDIN_iOS/Core/Store/StoreManager.swift /Users/sergejhlystov/ALADDIN_NEW/ALADDIN_NEW/mobile_apps/ALADDIN_iOS/Screens/WheelOfFortuneView.swift /Users/sergejhlystov/ALADDIN_NEW/ALADDIN_NEW/mobile_apps/ALADDIN_iOS/Screens/UnicornUniverseView.swift /Users/sergejhlystov/ALADDIN_NEW/ALADDIN_NEW/mobile_apps/ALADDIN_iOS/Core/Localization/LocalizationManager.swift /Users/sergejhlystov/ALADDIN_NEW/ALADDIN_NEW/mobile_apps/ALADDIN_iOS/Screens/13_SupportScreen.swift /Users/sergejhlystov/ALADDIN_NEW/ALADDIN_NEW/mobile_apps/ALADDIN_iOS/Core/Analytics/AnalyticsManager.swift /Users/sergejhlystov/ALADDIN_NEW/ALADDIN_NEW/mobile_apps/ALADDIN_iOS/Screens/07_ParentalControlScreen.swift /Users/sergejhlystov/ALADDIN_NEW/ALADDIN_NEW/mobile_apps/ALADDIN_iOS/Screens/05_SettingsScreen.swift /Users/sergejhlystov/ALADDIN_NEW/ALADDIN_NEW/mobile_apps/ALADDIN_iOS/Screens/RewardsModalView.swift /Users/sergejhlystov/ALADDIN_NEW/ALADDIN_NEW/mobile_apps/ALADDIN_iOS/Screens/23_FamilyChatScreen.swift /Users/sergejhlystov/ALADDIN_NEW/ALADDIN_NEW/mobile_apps/ALADDIN_iOS/Screens/02_FamilyScreen.swift /Users/sergejhlystov/ALADDIN_NEW/ALADDIN_NEW/mobile_apps/ALADDIN_iOS/Screens/20_DevicesScreen.swift /Users/sergejhlystov/ALADDIN_NEW/ALADDIN_NEW/mobile_apps/ALADDIN_iOS/Shared/Components/ViewModifiers.swift /Users/sergejhlystov/ALADDIN_NEW/ALADDIN_NEW/mobile_apps/ALADDIN_iOS/Shared/Components/HapticFeedback.swift /Users/sergejhlystov/ALADDIN_NEW/ALADDIN_NEW/mobile_apps/ALADDIN_iOS/Screens/MainScreenWithRegistration.swift /Users/sergejhlystov/ALADDIN_NEW/ALADDIN_NEW/mobile_apps/ALADDIN_iOS/Core/Network/NetworkError.swift /Users/sergejhlystov/ALADDIN_NEW/ALADDIN_NEW/mobile_apps/ALADDIN_iOS/Screens/LanguageSettingsScreen.swift /Users/sergejhlystov/ALADDIN_NEW/ALADDIN_NEW/mobile_apps/ALADDIN_iOS/ViewModels/FamilyRegistrationViewModel.swift /Users/sergejhlystov/ALADDIN_NEW/ALADDIN_NEW/mobile_apps/ALADDIN_iOS/Shared/Styles/CornerRadius.swift -primary-file /Users/sergejhlystov/ALADDIN_NEW/ALADDIN_NEW/mobile_apps/ALADDIN_iOS/Screens/01_MainScreen.swift -primary-file /Users/sergejhlystov/ALADDIN_NEW/ALADDIN_NEW/mobile_apps/ALADDIN_iOS/Screens/FamilyTournamentView.swift -primary-file /Users/sergejhlystov/ALADDIN_NEW/ALADDIN_NEW/mobile_apps/ALADDIN_iOS/Shared/Styles/Fonts.swift -primary-file /Users/sergejhlystov/ALADDIN_NEW/ALADDIN_NEW/mobile_apps/ALADDIN_iOS/Screens/GamesParentalControlView.swift -primary-file /Users/sergejhlystov/ALADDIN_NEW/ALADDIN_NEW/mobile_apps/ALADDIN_iOS/Shared/Components/QRScannerModal.swift -primary-file /Users/sergejhlystov/ALADDIN_NEW/ALADDIN_NEW/mobile_apps/ALADDIN_iOS/Screens/04_AnalyticsScreen.swift -primary-file /Users/sergejhlystov/ALADDIN_NEW/ALADDIN_NEW/mobile_apps/ALADDIN_iOS/Screens/24_VPNEnergyStatsScreen.swift -primary-file /Users/sergejhlystov/ALADDIN_NEW/ALADDIN_NEW/mobile_apps/ALADDIN_iOS/Shared/Components/Modals/ProfileEditView.swift -primary-file /Users/sergejhlystov/ALADDIN_NEW/ALADDIN_NEW/mobile_apps/ALADDIN_iOS/ViewModels/TariffsViewModel.swift -primary-file /Users/sergejhlystov/ALADDIN_NEW/ALADDIN_NEW/mobile_apps/ALADDIN_iOS/Core/Notifications/NotificationManager.swift -primary-file /Users/sergejhlystov/ALADDIN_NEW/ALADDIN_NEW/mobile_apps/ALADDIN_iOS/Core/Security/SecurityManager.swift -supplementary-output-file-map /var/folders/rf/6rxcyql17sz57_02ng7jd7pr0000gn/T/TemporaryDirectory.wFGpdC/supplementaryOutputs-8 -target x86_64-apple-ios15.0-simulator -enable-objc-interop -sdk /Applications/Xcode.app/Contents/Developer/Platforms/iPhoneSimulator.platform/Developer/SDKs/iPhoneSimulator15.2.sdk -I /Users/sergejhlystov/Library/Developer/Xcode/DerivedData/ALADDIN-eahryzmutvtbyceygnlyjsmiiaha/Build/Products/Debug-iphonesimulator -F /Users/sergejhlystov/Library/Developer/Xcode/DerivedData/ALADDIN-eahryzmutvtbyceygnlyjsmiiaha/Build/Products/Debug-iphonesimulator -enable-testing -g -module-cache-path /Users/sergejhlystov/Library/Developer/Xcode/DerivedData/ModuleCache.noindex -emit-localized-strings -emit-localized-strings-path /Users/sergejhlystov/Library/Developer/Xcode/DerivedData/ALADDIN-eahryzmutvtbyceygnlyjsmiiaha/Build/Intermediates.noindex/ALADDIN.build/Debug-iphonesimulator/ALADDIN.build/Objects-normal/x86_64 -swift-version 5 -enforce-exclusivity\=checked -Onone -D DEBUG -new-driver-path /Applications/Xcode.app/Contents/Developer/Toolchains/XcodeDefault.xctoolchain/usr/bin/swift-driver -serialize-debugging-options -Xcc -working-directory -Xcc /Users/sergejhlystov/ALADDIN_NEW/ALADDIN_NEW/mobile_apps/ALADDIN_iOS -resource-dir /Applications/Xcode.app/Contents/Developer/Toolchains/XcodeDefault.xctoolchain/usr/lib/swift -enable-anonymous-context-mangled-names -Xcc -I/Users/sergejhlystov/Library/Developer/Xcode/DerivedData/ALADDIN-eahryzmutvtbyceygnlyjsmiiaha/Build/Intermediates.noindex/ALADDIN.build/Debug-iphonesimulator/ALADDIN.build/swift-overrides.hmap -Xcc -iquote -Xcc /Users/sergejhlystov/Library/Developer/Xcode/DerivedData/ALADDIN-eahryzmutvtbyceygnlyjsmiiaha/Build/Intermediates.noindex/ALADDIN.build/Debug-iphonesimulator/ALADDIN.build/ALADDIN-generated-files.hmap -Xcc -I/Users/sergejhlystov/Library/Developer/Xcode/DerivedData/ALADDIN-eahryzmutvtbyceygnlyjsmiiaha/Build/Intermediates.noindex/ALADDIN.build/Debug-iphonesimulator/ALADDIN.build/ALADDIN-own-target-headers.hmap -Xcc -I/Users/sergejhlystov/Library/Developer/Xcode/DerivedData/ALADDIN-eahryzmutvtbyceygnlyjsmiiaha/Build/Intermediates.noindex/ALADDIN.build/Debug-iphonesimulator/ALADDIN.build/ALADDIN-all-target-headers.hmap -Xcc -iquote -Xcc /Users/sergejhlystov/Library/Developer/Xcode/DerivedData/ALADDIN-eahryzmutvtbyceygnlyjsmiiaha/Build/Intermediates.noindex/ALADDIN.build/Debug-iphonesimulator/ALADDIN.build/ALADDIN-project-headers.hmap -Xcc -I/Users/sergejhlystov/Library/Developer/Xcode/DerivedData/ALADDIN-eahryzmutvtbyceygnlyjsmiiaha/Build/Products/Debug-iphonesimulator/include -Xcc -I/Users/sergejhlystov/Library/Developer/Xcode/DerivedData/ALADDIN-eahryzmutvtbyceygnlyjsmiiaha/Build/Intermediates.noindex/ALADDIN.build/Debug-iphonesimulator/ALADDIN.build/DerivedSources-normal/x86_64 -Xcc -I/Users/sergejhlystov/Library/Developer/Xcode/DerivedData/ALADDIN-eahryzmutvtbyceygnlyjsmiiaha/Build/Intermediates.noindex/ALADDIN.build/Debug-iphonesimulator/ALADDIN.build/DerivedSources/x86_64 -Xcc -I/Users/sergejhlystov/Library/Developer/Xcode/DerivedData/ALADDIN-eahryzmutvtbyceygnlyjsmiiaha/Build/Intermediates.noindex/ALADDIN.build/Debug-iphonesimulator/ALADDIN.build/DerivedSources -Xcc -DDEBUG\=1 -module-name ALADDIN -target-sdk-version 15.2.0 -o /Users/sergejhlystov/Library/Developer/Xcode/DerivedData/ALADDIN-eahryzmutvtbyceygnlyjsmiiaha/Build/Intermediates.noindex/ALADDIN.build/Debug-iphonesimulator/ALADDIN.build/Objects-normal/x86_64/01_MainScreen.o -o /Users/sergejhlystov/Library/Developer/Xcode/DerivedData/ALADDIN-eahryzmutvtbyceygnlyjsmiiaha/Build/Intermediates.noindex/ALADDIN.build/Debug-iphonesimulator/ALADDIN.build/Objects-normal/x86_64/FamilyTournamentView.o -o /Users/sergejhlystov/Library/Developer/Xcode/DerivedData/ALADDIN-eahryzmutvtbyceygnlyjsmiiaha/Build/Intermediates.noindex/ALADDIN.build/Debug-iphonesimulator/ALADDIN.build/Objects-normal/x86_64/Fonts.o -o /Users/sergejhlystov/Library/Developer/Xcode/DerivedData/ALADDIN-eahryzmutvtbyceygnlyjsmiiaha/Build/Intermediates.noindex/ALADDIN.build/Debug-iphonesimulator/ALADDIN.build/Objects-normal/x86_64/GamesParentalControlView.o -o /Users/sergejhlystov/Library/Developer/Xcode/DerivedData/ALADDIN-eahryzmutvtbyceygnlyjsmiiaha/Build/Intermediates.noindex/ALADDIN.build/Debug-iphonesimulator/ALADDIN.build/Objects-normal/x86_64/QRScannerModal.o -o /Users/sergejhlystov/Library/Developer/Xcode/DerivedData/ALADDIN-eahryzmutvtbyceygnlyjsmiiaha/Build/Intermediates.noindex/ALADDIN.build/Debug-iphonesimulator/ALADDIN.build/Objects-normal/x86_64/04_AnalyticsScreen.o -o /Users/sergejhlystov/Library/Developer/Xcode/DerivedData/ALADDIN-eahryzmutvtbyceygnlyjsmiiaha/Build/Intermediates.noindex/ALADDIN.build/Debug-iphonesimulator/ALADDIN.build/Objects-normal/x86_64/24_VPNEnergyStatsScreen.o -o /Users/sergejhlystov/Library/Developer/Xcode/DerivedData/ALADDIN-eahryzmutvtbyceygnlyjsmiiaha/Build/Intermediates.noindex/ALADDIN.build/Debug-iphonesimulator/ALADDIN.build/Objects-normal/x86_64/ProfileEditView.o -o /Users/sergejhlystov/Library/Developer/Xcode/DerivedData/ALADDIN-eahryzmutvtbyceygnlyjsmiiaha/Build/Intermediates.noindex/ALADDIN.build/Debug-iphonesimulator/ALADDIN.build/Objects-normal/x86_64/TariffsViewModel.o -o /Users/sergejhlystov/Library/Developer/Xcode/DerivedData/ALADDIN-eahryzmutvtbyceygnlyjsmiiaha/Build/Intermediates.noindex/ALADDIN.build/Debug-iphonesimulator/ALADDIN.build/Objects-normal/x86_64/NotificationManager.o -o /Users/sergejhlystov/Library/Developer/Xcode/DerivedData/ALADDIN-eahryzmutvtbyceygnlyjsmiiaha/Build/Intermediates.noindex/ALADDIN.build/Debug-iphonesimulator/ALADDIN.build/Objects-normal/x86_64/SecurityManager.o -index-store-path /Users/sergejhlystov/Library/Developer/Xcode/DerivedData/ALADDIN-eahryzmutvtbyceygnlyjsmiiaha/Index/DataStore -index-system-modules

CompileSwift normal x86_64 /Users/sergejhlystov/ALADDIN_NEW/ALADDIN_NEW/mobile_apps/ALADDIN_iOS/Core/Security/SecurityManager.swift (in target 'ALADDIN' from project 'ALADDIN')
    cd /Users/sergejhlystov/ALADDIN_NEW/ALADDIN_NEW/mobile_apps/ALADDIN_iOS
    /Applications/Xcode.app/Contents/Developer/Toolchains/XcodeDefault.xctoolchain/usr/bin/swift-frontend -frontend -c /Users/sergejhlystov/ALADDIN_NEW/ALADDIN_NEW/mobile_apps/ALADDIN_iOS/Screens/RewardsQuickModal.swift /Users/sergejhlystov/ALADDIN_NEW/ALADDIN_NEW/mobile_apps/ALADDIN_iOS/Screens/08_ChildInterfaceScreen.swift /Users/sergejhlystov/ALADDIN_NEW/ALADDIN_NEW/mobile_apps/ALADDIN_iOS/ContentView.swift /Users/sergejhlystov/ALADDIN_NEW/ALADDIN_NEW/mobile_apps/ALADDIN_iOS/Shared/Components/ALADDINToggle.swift /Users/sergejhlystov/ALADDIN_NEW/ALADDIN_NEW/mobile_apps/ALADDIN_iOS/Components/Modals/AgeGroupSelectionModal.swift /Users/sergejhlystov/ALADDIN_NEW/ALADDIN_NEW/mobile_apps/ALADDIN_iOS/ALADDINApp.swift /Users/sergejhlystov/ALADDIN_NEW/ALADDIN_NEW/mobile_apps/ALADDIN_iOS/Shared/Models/FunctionStatus.swift /Users/sergejhlystov/ALADDIN_NEW/ALADDIN_NEW/mobile_apps/ALADDIN_iOS/ViewModels/MainViewModel.swift /Users/sergejhlystov/ALADDIN_NEW/ALADDIN_NEW/mobile_apps/ALADDIN_iOS/Shared/Components/Buttons/PrimaryButton.swift /Users/sergejhlystov/ALADDIN_NEW/ALADDIN_NEW/mobile_apps/ALADDIN_iOS/Screens/NotificationSettingsScreen.swift /Users/sergejhlystov/ALADDIN_NEW/ALADDIN_NEW/mobile_apps/ALADDIN_iOS/Screens/ChildContentScreen.swift /Users/sergejhlystov/ALADDIN_NEW/ALADDIN_NEW/mobile_apps/ALADDIN_iOS/Shared/Components/StatItem.swift /Users/sergejhlystov/ALADDIN_NEW/ALADDIN_NEW/mobile_apps/ALADDIN_iOS/Shared/Components/Cards/FamilyMemberCard.swift /Users/sergejhlystov/ALADDIN_NEW/ALADDIN_NEW/mobile_apps/ALADDIN_iOS/ViewModels/VPNViewModel.swift /Users/sergejhlystov/ALADDIN_NEW/ALADDIN_NEW/mobile_apps/ALADDIN_iOS/Core/Models/APIModels.swift /Users/sergejhlystov/ALADDIN_NEW/ALADDIN_NEW/mobile_apps/ALADDIN_iOS/Core/VPN/VPNManager.swift /Users/sergejhlystov/ALADDIN_NEW/ALADDIN_NEW/mobile_apps/ALADDIN_iOS/Screens/UnicornPetView.swift /Users/sergejhlystov/ALADDIN_NEW/ALADDIN_NEW/mobile_apps/ALADDIN_iOS/Core/Network/APIService.swift /Users/sergejhlystov/ALADDIN_NEW/ALADDIN_NEW/mobile_apps/ALADDIN_iOS/Screens/18_PrivacyPolicyScreen.swift /Users/sergejhlystov/ALADDIN_NEW/ALADDIN_NEW/mobile_apps/ALADDIN_iOS/Screens/10_TariffsScreen.swift /Users/sergejhlystov/ALADDIN_NEW/ALADDIN_NEW/mobile_apps/ALADDIN_iOS/Screens/03_VPNScreen.swift /Users/sergejhlystov/ALADDIN_NEW/ALADDIN_NEW/mobile_apps/ALADDIN_iOS/Screens/09_ElderlyInterfaceScreen.swift /Users/sergejhlystov/ALADDIN_NEW/ALADDIN_NEW/mobile_apps/ALADDIN_iOS/Shared/Components/SecondaryButton.swift /Users/sergejhlystov/ALADDIN_NEW/ALADDIN_NEW/mobile_apps/ALADDIN_iOS/Screens/11_ProfileScreen.swift /Users/sergejhlystov/ALADDIN_NEW/ALADDIN_NEW/mobile_apps/ALADDIN_iOS/Core/Network/NetworkManager.swift /Users/sergejhlystov/ALADDIN_NEW/ALADDIN_NEW/mobile_apps/ALADDIN_iOS/Screens/19_TermsOfServiceScreen.swift /Users/sergejhlystov/ALADDIN_NEW/ALADDIN_NEW/mobile_apps/ALADDIN_iOS/Core/Config/AppConfig.swift /Users/sergejhlystov/ALADDIN_NEW/ALADDIN_NEW/mobile_apps/ALADDIN_iOS/ViewModels/FamilyViewModel.swift /Users/sergejhlystov/ALADDIN_NEW/ALADDIN_NEW/mobile_apps/ALADDIN_iOS/ViewModels/AIAssistantViewModel.swift /Users/sergejhlystov/ALADDIN_NEW/ALADDIN_NEW/mobile_apps/ALADDIN_iOS/Screens/22_DeviceDetailScreen.swift /Users/sergejhlystov/ALADDIN_NEW/ALADDIN_NEW/mobile_apps/ALADDIN_iOS/Screens/WidgetConfigurationScreen.swift /Users/sergejhlystov/ALADDIN_NEW/ALADDIN_NEW/mobile_apps/ALADDIN_iOS/Core/Security/KeychainManager.swift /Users/sergejhlystov/ALADDIN_NEW/ALADDIN_NEW/mobile_apps/ALADDIN_iOS/Shared/Components/Modals/MemberStatsModalView.swift /Users/sergejhlystov/ALADDIN_NEW/ALADDIN_NEW/mobile_apps/ALADDIN_iOS/Shared/Styles/Spacing.swift /Users/sergejhlystov/ALADDIN_NEW/ALADDIN_NEW/mobile_apps/ALADDIN_iOS/Shared/Components/RecoveryOptionsModal.swift /Users/sergejhlystov/ALADDIN_NEW/ALADDIN_NEW/mobile_apps/ALADDIN_iOS/ViewModels/SettingsViewModel.swift /Users/sergejhlystov/ALADDIN_NEW/ALADDIN_NEW/mobile_apps/ALADDIN_iOS/Shared/Components/InfoRow.swift /Users/sergejhlystov/ALADDIN_NEW/ALADDIN_NEW/mobile_apps/ALADDIN_iOS/Screens/25_PaymentQRScreen.swift /Users/sergejhlystov/ALADDIN_NEW/ALADDIN_NEW/mobile_apps/ALADDIN_iOS/Shared/Components/Modals/RoleSelectionModal.swift /Users/sergejhlystov/ALADDIN_NEW/ALADDIN_NEW/mobile_apps/ALADDIN_iOS/ViewModels/SupportViewModel.swift /Users/sergejhlystov/ALADDIN_NEW/ALADDIN_NEW/mobile_apps/ALADDIN_iOS/ViewModels/ChildInterfaceViewModel.swift /Users/sergejhlystov/ALADDIN_NEW/ALADDIN_NEW/mobile_apps/ALADDIN_iOS/Screens/12_NotificationsScreen.swift /Users/sergejhlystov/ALADDIN_NEW/ALADDIN_NEW/mobile_apps/ALADDIN_iOS/ViewModels/ElderlyInterfaceViewModel.swift /Users/sergejhlystov/ALADDIN_NEW/ALADDIN_NEW/mobile_apps/ALADDIN_iOS/ViewModels/AnalyticsViewModel.swift /Users/sergejhlystov/ALADDIN_NEW/ALADDIN_NEW/mobile_apps/ALADDIN_iOS/Core/Cache/CacheManager.swift /Users/sergejhlystov/ALADDIN_NEW/ALADDIN_NEW/mobile_apps/ALADDIN_iOS/ViewModels/NotificationsViewModel.swift /Users/sergejhlystov/ALADDIN_NEW/ALADDIN_NEW/mobile_apps/ALADDIN_iOS/Screens/06_AIAssistantScreen.swift /Users/sergejhlystov/ALADDIN_NEW/ALADDIN_NEW/mobile_apps/ALADDIN_iOS/ViewModels/ProfileViewModel.swift /Users/sergejhlystov/ALADDIN_NEW/ALADDIN_NEW/mobile_apps/ALADDIN_iOS/Components/Modals/ConsentModal.swift /Users/sergejhlystov/ALADDIN_NEW/ALADDIN_NEW/mobile_apps/ALADDIN_iOS/ViewModels/ParentalControlViewModel.swift /Users/sergejhlystov/ALADDIN_NEW/ALADDIN_NEW/mobile_apps/ALADDIN_iOS/ViewModels/OnboardingViewModel.swift /Users/sergejhlystov/ALADDIN_NEW/ALADDIN_NEW/mobile_apps/ALADDIN_iOS/Shared/Styles/Colors.swift /Users/sergejhlystov/ALADDIN_NEW/ALADDIN_NEW/mobile_apps/ALADDIN_iOS/Screens/ChildRewardsScreen.swift /Users/sergejhlystov/ALADDIN_NEW/ALADDIN_NEW/mobile_apps/ALADDIN_iOS/Screens/21_ReferralScreen.swift /Users/sergejhlystov/ALADDIN_NEW/ALADDIN_NEW/mobile_apps/ALADDIN_iOS/Shared/Components/AvatarSelector.swift /Users/sergejhlystov/ALADDIN_NEW/ALADDIN_NEW/mobile_apps/ALADDIN_iOS/Shared/Components/Navigation/ALADDINNavigationBar.swift /Users/sergejhlystov/ALADDIN_NEW/ALADDIN_NEW/mobile_apps/ALADDIN_iOS/Screens/14_OnboardingScreen.swift /Users/sergejhlystov/ALADDIN_NEW/ALADDIN_NEW/mobile_apps/ALADDIN_iOS/Components/Modals/FamilyCreatedModal.swift /Users/sergejhlystov/ALADDIN_NEW/ALADDIN_NEW/mobile_apps/ALADDIN_iOS/ViewModels/PaymentQRViewModel.swift /Users/sergejhlystov/ALADDIN_NEW/ALADDIN_NEW/mobile_apps/ALADDIN_iOS/Core/Navigation/NavigationManager.swift /Users/sergejhlystov/ALADDIN_NEW/ALADDIN_NEW/mobile_apps/ALADDIN_iOS/Core/Accessibility/AccessibilityManager.swift /Users/sergejhlystov/ALADDIN_NEW/ALADDIN_NEW/mobile_apps/ALADDIN_iOS/Core/Store/StoreManager.swift /Users/sergejhlystov/ALADDIN_NEW/ALADDIN_NEW/mobile_apps/ALADDIN_iOS/Screens/WheelOfFortuneView.swift /Users/sergejhlystov/ALADDIN_NEW/ALADDIN_NEW/mobile_apps/ALADDIN_iOS/Screens/UnicornUniverseView.swift /Users/sergejhlystov/ALADDIN_NEW/ALADDIN_NEW/mobile_apps/ALADDIN_iOS/Core/Localization/LocalizationManager.swift /Users/sergejhlystov/ALADDIN_NEW/ALADDIN_NEW/mobile_apps/ALADDIN_iOS/Screens/13_SupportScreen.swift /Users/sergejhlystov/ALADDIN_NEW/ALADDIN_NEW/mobile_apps/ALADDIN_iOS/Core/Analytics/AnalyticsManager.swift /Users/sergejhlystov/ALADDIN_NEW/ALADDIN_NEW/mobile_apps/ALADDIN_iOS/Screens/07_ParentalControlScreen.swift /Users/sergejhlystov/ALADDIN_NEW/ALADDIN_NEW/mobile_apps/ALADDIN_iOS/Screens/05_SettingsScreen.swift /Users/sergejhlystov/ALADDIN_NEW/ALADDIN_NEW/mobile_apps/ALADDIN_iOS/Screens/RewardsModalView.swift /Users/sergejhlystov/ALADDIN_NEW/ALADDIN_NEW/mobile_apps/ALADDIN_iOS/Screens/23_FamilyChatScreen.swift /Users/sergejhlystov/ALADDIN_NEW/ALADDIN_NEW/mobile_apps/ALADDIN_iOS/Screens/02_FamilyScreen.swift /Users/sergejhlystov/ALADDIN_NEW/ALADDIN_NEW/mobile_apps/ALADDIN_iOS/Screens/20_DevicesScreen.swift /Users/sergejhlystov/ALADDIN_NEW/ALADDIN_NEW/mobile_apps/ALADDIN_iOS/Shared/Components/ViewModifiers.swift /Users/sergejhlystov/ALADDIN_NEW/ALADDIN_NEW/mobile_apps/ALADDIN_iOS/Shared/Components/HapticFeedback.swift /Users/sergejhlystov/ALADDIN_NEW/ALADDIN_NEW/mobile_apps/ALADDIN_iOS/Screens/MainScreenWithRegistration.swift /Users/sergejhlystov/ALADDIN_NEW/ALADDIN_NEW/mobile_apps/ALADDIN_iOS/Core/Network/NetworkError.swift /Users/sergejhlystov/ALADDIN_NEW/ALADDIN_NEW/mobile_apps/ALADDIN_iOS/Screens/LanguageSettingsScreen.swift /Users/sergejhlystov/ALADDIN_NEW/ALADDIN_NEW/mobile_apps/ALADDIN_iOS/ViewModels/FamilyRegistrationViewModel.swift /Users/sergejhlystov/ALADDIN_NEW/ALADDIN_NEW/mobile_apps/ALADDIN_iOS/Shared/Styles/CornerRadius.swift -primary-file /Users/sergejhlystov/ALADDIN_NEW/ALADDIN_NEW/mobile_apps/ALADDIN_iOS/Screens/01_MainScreen.swift -primary-file /Users/sergejhlystov/ALADDIN_NEW/ALADDIN_NEW/mobile_apps/ALADDIN_iOS/Screens/FamilyTournamentView.swift -primary-file /Users/sergejhlystov/ALADDIN_NEW/ALADDIN_NEW/mobile_apps/ALADDIN_iOS/Shared/Styles/Fonts.swift -primary-file /Users/sergejhlystov/ALADDIN_NEW/ALADDIN_NEW/mobile_apps/ALADDIN_iOS/Screens/GamesParentalControlView.swift -primary-file /Users/sergejhlystov/ALADDIN_NEW/ALADDIN_NEW/mobile_apps/ALADDIN_iOS/Shared/Components/QRScannerModal.swift -primary-file /Users/sergejhlystov/ALADDIN_NEW/ALADDIN_NEW/mobile_apps/ALADDIN_iOS/Screens/04_AnalyticsScreen.swift -primary-file /Users/sergejhlystov/ALADDIN_NEW/ALADDIN_NEW/mobile_apps/ALADDIN_iOS/Screens/24_VPNEnergyStatsScreen.swift -primary-file /Users/sergejhlystov/ALADDIN_NEW/ALADDIN_NEW/mobile_apps/ALADDIN_iOS/Shared/Components/Modals/ProfileEditView.swift -primary-file /Users/sergejhlystov/ALADDIN_NEW/ALADDIN_NEW/mobile_apps/ALADDIN_iOS/ViewModels/TariffsViewModel.swift -primary-file /Users/sergejhlystov/ALADDIN_NEW/ALADDIN_NEW/mobile_apps/ALADDIN_iOS/Core/Notifications/NotificationManager.swift -primary-file /Users/sergejhlystov/ALADDIN_NEW/ALADDIN_NEW/mobile_apps/ALADDIN_iOS/Core/Security/SecurityManager.swift -supplementary-output-file-map /var/folders/rf/6rxcyql17sz57_02ng7jd7pr0000gn/T/TemporaryDirectory.wFGpdC/supplementaryOutputs-8 -target x86_64-apple-ios15.0-simulator -enable-objc-interop -sdk /Applications/Xcode.app/Contents/Developer/Platforms/iPhoneSimulator.platform/Developer/SDKs/iPhoneSimulator15.2.sdk -I /Users/sergejhlystov/Library/Developer/Xcode/DerivedData/ALADDIN-eahryzmutvtbyceygnlyjsmiiaha/Build/Products/Debug-iphonesimulator -F /Users/sergejhlystov/Library/Developer/Xcode/DerivedData/ALADDIN-eahryzmutvtbyceygnlyjsmiiaha/Build/Products/Debug-iphonesimulator -enable-testing -g -module-cache-path /Users/sergejhlystov/Library/Developer/Xcode/DerivedData/ModuleCache.noindex -emit-localized-strings -emit-localized-strings-path /Users/sergejhlystov/Library/Developer/Xcode/DerivedData/ALADDIN-eahryzmutvtbyceygnlyjsmiiaha/Build/Intermediates.noindex/ALADDIN.build/Debug-iphonesimulator/ALADDIN.build/Objects-normal/x86_64 -swift-version 5 -enforce-exclusivity\=checked -Onone -D DEBUG -new-driver-path /Applications/Xcode.app/Contents/Developer/Toolchains/XcodeDefault.xctoolchain/usr/bin/swift-driver -serialize-debugging-options -Xcc -working-directory -Xcc /Users/sergejhlystov/ALADDIN_NEW/ALADDIN_NEW/mobile_apps/ALADDIN_iOS -resource-dir /Applications/Xcode.app/Contents/Developer/Toolchains/XcodeDefault.xctoolchain/usr/lib/swift -enable-anonymous-context-mangled-names -Xcc -I/Users/sergejhlystov/Library/Developer/Xcode/DerivedData/ALADDIN-eahryzmutvtbyceygnlyjsmiiaha/Build/Intermediates.noindex/ALADDIN.build/Debug-iphonesimulator/ALADDIN.build/swift-overrides.hmap -Xcc -iquote -Xcc /Users/sergejhlystov/Library/Developer/Xcode/DerivedData/ALADDIN-eahryzmutvtbyceygnlyjsmiiaha/Build/Intermediates.noindex/ALADDIN.build/Debug-iphonesimulator/ALADDIN.build/ALADDIN-generated-files.hmap -Xcc -I/Users/sergejhlystov/Library/Developer/Xcode/DerivedData/ALADDIN-eahryzmutvtbyceygnlyjsmiiaha/Build/Intermediates.noindex/ALADDIN.build/Debug-iphonesimulator/ALADDIN.build/ALADDIN-own-target-headers.hmap -Xcc -I/Users/sergejhlystov/Library/Developer/Xcode/DerivedData/ALADDIN-eahryzmutvtbyceygnlyjsmiiaha/Build/Intermediates.noindex/ALADDIN.build/Debug-iphonesimulator/ALADDIN.build/ALADDIN-all-target-headers.hmap -Xcc -iquote -Xcc /Users/sergejhlystov/Library/Developer/Xcode/DerivedData/ALADDIN-eahryzmutvtbyceygnlyjsmiiaha/Build/Intermediates.noindex/ALADDIN.build/Debug-iphonesimulator/ALADDIN.build/ALADDIN-project-headers.hmap -Xcc -I/Users/sergejhlystov/Library/Developer/Xcode/DerivedData/ALADDIN-eahryzmutvtbyceygnlyjsmiiaha/Build/Products/Debug-iphonesimulator/include -Xcc -I/Users/sergejhlystov/Library/Developer/Xcode/DerivedData/ALADDIN-eahryzmutvtbyceygnlyjsmiiaha/Build/Intermediates.noindex/ALADDIN.build/Debug-iphonesimulator/ALADDIN.build/DerivedSources-normal/x86_64 -Xcc -I/Users/sergejhlystov/Library/Developer/Xcode/DerivedData/ALADDIN-eahryzmutvtbyceygnlyjsmiiaha/Build/Intermediates.noindex/ALADDIN.build/Debug-iphonesimulator/ALADDIN.build/DerivedSources/x86_64 -Xcc -I/Users/sergejhlystov/Library/Developer/Xcode/DerivedData/ALADDIN-eahryzmutvtbyceygnlyjsmiiaha/Build/Intermediates.noindex/ALADDIN.build/Debug-iphonesimulator/ALADDIN.build/DerivedSources -Xcc -DDEBUG\=1 -module-name ALADDIN -target-sdk-version 15.2.0 -o /Users/sergejhlystov/Library/Developer/Xcode/DerivedData/ALADDIN-eahryzmutvtbyceygnlyjsmiiaha/Build/Intermediates.noindex/ALADDIN.build/Debug-iphonesimulator/ALADDIN.build/Objects-normal/x86_64/01_MainScreen.o -o /Users/sergejhlystov/Library/Developer/Xcode/DerivedData/ALADDIN-eahryzmutvtbyceygnlyjsmiiaha/Build/Intermediates.noindex/ALADDIN.build/Debug-iphonesimulator/ALADDIN.build/Objects-normal/x86_64/FamilyTournamentView.o -o /Users/sergejhlystov/Library/Developer/Xcode/DerivedData/ALADDIN-eahryzmutvtbyceygnlyjsmiiaha/Build/Intermediates.noindex/ALADDIN.build/Debug-iphonesimulator/ALADDIN.build/Objects-normal/x86_64/Fonts.o -o /Users/sergejhlystov/Library/Developer/Xcode/DerivedData/ALADDIN-eahryzmutvtbyceygnlyjsmiiaha/Build/Intermediates.noindex/ALADDIN.build/Debug-iphonesimulator/ALADDIN.build/Objects-normal/x86_64/GamesParentalControlView.o -o /Users/sergejhlystov/Library/Developer/Xcode/DerivedData/ALADDIN-eahryzmutvtbyceygnlyjsmiiaha/Build/Intermediates.noindex/ALADDIN.build/Debug-iphonesimulator/ALADDIN.build/Objects-normal/x86_64/QRScannerModal.o -o /Users/sergejhlystov/Library/Developer/Xcode/DerivedData/ALADDIN-eahryzmutvtbyceygnlyjsmiiaha/Build/Intermediates.noindex/ALADDIN.build/Debug-iphonesimulator/ALADDIN.build/Objects-normal/x86_64/04_AnalyticsScreen.o -o /Users/sergejhlystov/Library/Developer/Xcode/DerivedData/ALADDIN-eahryzmutvtbyceygnlyjsmiiaha/Build/Intermediates.noindex/ALADDIN.build/Debug-iphonesimulator/ALADDIN.build/Objects-normal/x86_64/24_VPNEnergyStatsScreen.o -o /Users/sergejhlystov/Library/Developer/Xcode/DerivedData/ALADDIN-eahryzmutvtbyceygnlyjsmiiaha/Build/Intermediates.noindex/ALADDIN.build/Debug-iphonesimulator/ALADDIN.build/Objects-normal/x86_64/ProfileEditView.o -o /Users/sergejhlystov/Library/Developer/Xcode/DerivedData/ALADDIN-eahryzmutvtbyceygnlyjsmiiaha/Build/Intermediates.noindex/ALADDIN.build/Debug-iphonesimulator/ALADDIN.build/Objects-normal/x86_64/TariffsViewModel.o -o /Users/sergejhlystov/Library/Developer/Xcode/DerivedData/ALADDIN-eahryzmutvtbyceygnlyjsmiiaha/Build/Intermediates.noindex/ALADDIN.build/Debug-iphonesimulator/ALADDIN.build/Objects-normal/x86_64/NotificationManager.o -o /Users/sergejhlystov/Library/Developer/Xcode/DerivedData/ALADDIN-eahryzmutvtbyceygnlyjsmiiaha/Build/Intermediates.noindex/ALADDIN.build/Debug-iphonesimulator/ALADDIN.build/Objects-normal/x86_64/SecurityManager.o -index-store-path /Users/sergejhlystov/Library/Developer/Xcode/DerivedData/ALADDIN-eahryzmutvtbyceygnlyjsmiiaha/Index/DataStore -index-system-modules

** BUILD FAILED **


The following build commands failed:
	CompileSwift normal x86_64 /Users/sergejhlystov/ALADDIN_NEW/ALADDIN_NEW/mobile_apps/ALADDIN_iOS/Screens/RewardsQuickModal.swift (in target 'ALADDIN' from project 'ALADDIN')
	CompileSwift normal x86_64 /Users/sergejhlystov/ALADDIN_NEW/ALADDIN_NEW/mobile_apps/ALADDIN_iOS/Screens/08_ChildInterfaceScreen.swift (in target 'ALADDIN' from project 'ALADDIN')
	CompileSwift normal x86_64 /Users/sergejhlystov/ALADDIN_NEW/ALADDIN_NEW/mobile_apps/ALADDIN_iOS/ContentView.swift (in target 'ALADDIN' from project 'ALADDIN')
	CompileSwift normal x86_64 /Users/sergejhlystov/ALADDIN_NEW/ALADDIN_NEW/mobile_apps/ALADDIN_iOS/Shared/Components/ALADDINToggle.swift (in target 'ALADDIN' from project 'ALADDIN')
	CompileSwift normal x86_64 /Users/sergejhlystov/ALADDIN_NEW/ALADDIN_NEW/mobile_apps/ALADDIN_iOS/Components/Modals/AgeGroupSelectionModal.swift (in target 'ALADDIN' from project 'ALADDIN')
	CompileSwift normal x86_64 /Users/sergejhlystov/ALADDIN_NEW/ALADDIN_NEW/mobile_apps/ALADDIN_iOS/ALADDINApp.swift (in target 'ALADDIN' from project 'ALADDIN')
	CompileSwift normal x86_64 /Users/sergejhlystov/ALADDIN_NEW/ALADDIN_NEW/mobile_apps/ALADDIN_iOS/Shared/Models/FunctionStatus.swift (in target 'ALADDIN' from project 'ALADDIN')
	CompileSwift normal x86_64 /Users/sergejhlystov/ALADDIN_NEW/ALADDIN_NEW/mobile_apps/ALADDIN_iOS/ViewModels/MainViewModel.swift (in target 'ALADDIN' from project 'ALADDIN')
	CompileSwift normal x86_64 /Users/sergejhlystov/ALADDIN_NEW/ALADDIN_NEW/mobile_apps/ALADDIN_iOS/Shared/Components/Buttons/PrimaryButton.swift (in target 'ALADDIN' from project 'ALADDIN')
	CompileSwift normal x86_64 /Users/sergejhlystov/ALADDIN_NEW/ALADDIN_NEW/mobile_apps/ALADDIN_iOS/Screens/NotificationSettingsScreen.swift (in target 'ALADDIN' from project 'ALADDIN')
	CompileSwift normal x86_64 /Users/sergejhlystov/ALADDIN_NEW/ALADDIN_NEW/mobile_apps/ALADDIN_iOS/Screens/ChildContentScreen.swift (in target 'ALADDIN' from project 'ALADDIN')
	CompileSwift normal x86_64 /Users/sergejhlystov/ALADDIN_NEW/ALADDIN_NEW/mobile_apps/ALADDIN_iOS/Shared/Components/StatItem.swift (in target 'ALADDIN' from project 'ALADDIN')
	CompileSwift normal x86_64 /Users/sergejhlystov/ALADDIN_NEW/ALADDIN_NEW/mobile_apps/ALADDIN_iOS/Shared/Components/InfoRow.swift (in target 'ALADDIN' from project 'ALADDIN')
	CompileSwift normal x86_64 /Users/sergejhlystov/ALADDIN_NEW/ALADDIN_NEW/mobile_apps/ALADDIN_iOS/Screens/25_PaymentQRScreen.swift (in target 'ALADDIN' from project 'ALADDIN')
	CompileSwift normal x86_64 /Users/sergejhlystov/ALADDIN_NEW/ALADDIN_NEW/mobile_apps/ALADDIN_iOS/Shared/Components/Modals/RoleSelectionModal.swift (in target 'ALADDIN' from project 'ALADDIN')
	CompileSwift normal x86_64 /Users/sergejhlystov/ALADDIN_NEW/ALADDIN_NEW/mobile_apps/ALADDIN_iOS/ViewModels/SupportViewModel.swift (in target 'ALADDIN' from project 'ALADDIN')
	CompileSwift normal x86_64 /Users/sergejhlystov/ALADDIN_NEW/ALADDIN_NEW/mobile_apps/ALADDIN_iOS/ViewModels/ChildInterfaceViewModel.swift (in target 'ALADDIN' from project 'ALADDIN')
	CompileSwift normal x86_64 /Users/sergejhlystov/ALADDIN_NEW/ALADDIN_NEW/mobile_apps/ALADDIN_iOS/Screens/12_NotificationsScreen.swift (in target 'ALADDIN' from project 'ALADDIN')
	CompileSwift normal x86_64 /Users/sergejhlystov/ALADDIN_NEW/ALADDIN_NEW/mobile_apps/ALADDIN_iOS/ViewModels/ElderlyInterfaceViewModel.swift (in target 'ALADDIN' from project 'ALADDIN')
	CompileSwift normal x86_64 /Users/sergejhlystov/ALADDIN_NEW/ALADDIN_NEW/mobile_apps/ALADDIN_iOS/ViewModels/AnalyticsViewModel.swift (in target 'ALADDIN' from project 'ALADDIN')
	CompileSwift normal x86_64 /Users/sergejhlystov/ALADDIN_NEW/ALADDIN_NEW/mobile_apps/ALADDIN_iOS/Core/Cache/CacheManager.swift (in target 'ALADDIN' from project 'ALADDIN')
	CompileSwift normal x86_64 /Users/sergejhlystov/ALADDIN_NEW/ALADDIN_NEW/mobile_apps/ALADDIN_iOS/ViewModels/NotificationsViewModel.swift (in target 'ALADDIN' from project 'ALADDIN')
	CompileSwift normal x86_64 /Users/sergejhlystov/ALADDIN_NEW/ALADDIN_NEW/mobile_apps/ALADDIN_iOS/Screens/06_AIAssistantScreen.swift (in target 'ALADDIN' from project 'ALADDIN')
	CompileSwift normal x86_64 /Users/sergejhlystov/ALADDIN_NEW/ALADDIN_NEW/mobile_apps/ALADDIN_iOS/Screens/RewardsModalView.swift (in target 'ALADDIN' from project 'ALADDIN')
	CompileSwift normal x86_64 /Users/sergejhlystov/ALADDIN_NEW/ALADDIN_NEW/mobile_apps/ALADDIN_iOS/Screens/23_FamilyChatScreen.swift (in target 'ALADDIN' from project 'ALADDIN')
	CompileSwift normal x86_64 /Users/sergejhlystov/ALADDIN_NEW/ALADDIN_NEW/mobile_apps/ALADDIN_iOS/Screens/02_FamilyScreen.swift (in target 'ALADDIN' from project 'ALADDIN')
	CompileSwift normal x86_64 /Users/sergejhlystov/ALADDIN_NEW/ALADDIN_NEW/mobile_apps/ALADDIN_iOS/Screens/20_DevicesScreen.swift (in target 'ALADDIN' from project 'ALADDIN')
	CompileSwift normal x86_64 /Users/sergejhlystov/ALADDIN_NEW/ALADDIN_NEW/mobile_apps/ALADDIN_iOS/Shared/Components/ViewModifiers.swift (in target 'ALADDIN' from project 'ALADDIN')
	CompileSwift normal x86_64 /Users/sergejhlystov/ALADDIN_NEW/ALADDIN_NEW/mobile_apps/ALADDIN_iOS/Shared/Components/HapticFeedback.swift (in target 'ALADDIN' from project 'ALADDIN')
	CompileSwift normal x86_64 /Users/sergejhlystov/ALADDIN_NEW/ALADDIN_NEW/mobile_apps/ALADDIN_iOS/Screens/MainScreenWithRegistration.swift (in target 'ALADDIN' from project 'ALADDIN')
	CompileSwift normal x86_64 /Users/sergejhlystov/ALADDIN_NEW/ALADDIN_NEW/mobile_apps/ALADDIN_iOS/Core/Network/NetworkError.swift (in target 'ALADDIN' from project 'ALADDIN')
	CompileSwift normal x86_64 /Users/sergejhlystov/ALADDIN_NEW/ALADDIN_NEW/mobile_apps/ALADDIN_iOS/Screens/LanguageSettingsScreen.swift (in target 'ALADDIN' from project 'ALADDIN')
	CompileSwift normal x86_64 /Users/sergejhlystov/ALADDIN_NEW/ALADDIN_NEW/mobile_apps/ALADDIN_iOS/ViewModels/FamilyRegistrationViewModel.swift (in target 'ALADDIN' from project 'ALADDIN')
	CompileSwift normal x86_64 /Users/sergejhlystov/ALADDIN_NEW/ALADDIN_NEW/mobile_apps/ALADDIN_iOS/Shared/Styles/CornerRadius.swift (in target 'ALADDIN' from project 'ALADDIN')
	CompileSwiftSources normal x86_64 com.apple.xcode.tools.swift.compiler (in target 'ALADDIN' from project 'ALADDIN')
(35 failures)
