Command line invocation:
    /Applications/Xcode.app/Contents/Developer/usr/bin/xcodebuild -project ALADDIN.xcodeproj -scheme ALADDIN -sdk iphonesimulator -destination "platform=iOS Simulator,id=13EA3AB9-49EE-4349-95F1-015F8A0AFC1B" clean build

User defaults from command line:
    IDEPackageSupportUseBuiltinSCM = YES

Build settings from command line:
    SDKROOT = iphonesimulator15.2

objc[67584]: Class RemoteXPCPair is implemented in both /Library/Developer/PrivateFrameworks/Mercury.framework/Versions/A/Mercury (0x114e52708) and /Library/Apple/System/Library/PrivateFrameworks/Mercury.framework/Versions/A/Mercury (0x12952a0d0). One of the two will be used. Which one is undefined.
objc[67584]: Class RemoteXPCShim is implemented in both /Library/Developer/PrivateFrameworks/Mercury.framework/Versions/A/Mercury (0x114e52780) and /Library/Apple/System/Library/PrivateFrameworks/Mercury.framework/Versions/A/Mercury (0x12952a148). One of the two will be used. Which one is undefined.
objc[67584]: Class _TtC7Mercury11XPCEndpoint is implemented in both /Library/Developer/PrivateFrameworks/Mercury.framework/Versions/A/Mercury (0x114e52e58) and /Library/Apple/System/Library/PrivateFrameworks/Mercury.framework/Versions/A/Mercury (0x12952a448). One of the two will be used. Which one is undefined.
objc[67584]: Class _TtC7Mercury15XPCPeerEndpoint is implemented in both /Library/Developer/PrivateFrameworks/Mercury.framework/Versions/A/Mercury (0x114e52ef8) and /Library/Apple/System/Library/PrivateFrameworks/Mercury.framework/Versions/A/Mercury (0x12952a4f0). One of the two will be used. Which one is undefined.
objc[67584]: Class _TtC7Mercury19XPCListenerEndpoint is implemented in both /Library/Developer/PrivateFrameworks/Mercury.framework/Versions/A/Mercury (0x114e52f98) and /Library/Apple/System/Library/PrivateFrameworks/Mercury.framework/Versions/A/Mercury (0x12952a598). One of the two will be used. Which one is undefined.
objc[67584]: Class _TtC7Mercury16XPCObjectEncoder is implemented in both /Library/Developer/PrivateFrameworks/Mercury.framework/Versions/A/Mercury (0x114e530a8) and /Library/Apple/System/Library/PrivateFrameworks/Mercury.framework/Versions/A/Mercury (0x12952a6b8). One of the two will be used. Which one is undefined.
objc[67584]: Class _TtC7Mercury17_XPCObjectEncoder is implemented in both /Library/Developer/PrivateFrameworks/Mercury.framework/Versions/A/Mercury (0x114e53150) and /Library/Apple/System/Library/PrivateFrameworks/Mercury.framework/Versions/A/Mercury (0x12952a768). One of the two will be used. Which one is undefined.
objc[67584]: Class _TtC7Mercury16XPCObjectDecoder is implemented in both /Library/Developer/PrivateFrameworks/Mercury.framework/Versions/A/Mercury (0x114e53200) and /Library/Apple/System/Library/PrivateFrameworks/Mercury.framework/Versions/A/Mercury (0x12952a820). One of the two will be used. Which one is undefined.
objc[67584]: Class _TtC7Mercury17_XPCObjectDecoder is implemented in both /Library/Developer/PrivateFrameworks/Mercury.framework/Versions/A/Mercury (0x114e532a8) and /Library/Apple/System/Library/PrivateFrameworks/Mercury.framework/Versions/A/Mercury (0x12952a8d0). One of the two will be used. Which one is undefined.
objc[67584]: Class _TtC7Mercury14XPCSideChannel is implemented in both /Library/Developer/PrivateFrameworks/Mercury.framework/Versions/A/Mercury (0x114e535e8) and /Library/Apple/System/Library/PrivateFrameworks/Mercury.framework/Versions/A/Mercury (0x12952ac20). One of the two will be used. Which one is undefined.
objc[67584]: Class _TtC7Mercury19RemoteDeviceBrowser is implemented in both /Library/Developer/PrivateFrameworks/Mercury.framework/Versions/A/Mercury (0x114e53730) and /Library/Apple/System/Library/PrivateFrameworks/Mercury.framework/Versions/A/Mercury (0x12952af68). One of the two will be used. Which one is undefined.
objc[67584]: Class _TtC7Mercury17XPCFileDescriptor is implemented in both /Library/Developer/PrivateFrameworks/Mercury.framework/Versions/A/Mercury (0x114e538b0) and /Library/Apple/System/Library/PrivateFrameworks/Mercury.framework/Versions/A/Mercury (0x12952b0d8). One of the two will be used. Which one is undefined.
objc[67584]: Class _TtC7Mercury12RemoteDevice is implemented in both /Library/Developer/PrivateFrameworks/Mercury.framework/Versions/A/Mercury (0x114e53b00) and /Library/Apple/System/Library/PrivateFrameworks/Mercury.framework/Versions/A/Mercury (0x12952b540). One of the two will be used. Which one is undefined.
objc[67584]: Class _TtC7Mercury13XPCConnection is implemented in both /Library/Developer/PrivateFrameworks/Mercury.framework/Versions/A/Mercury (0x114e53d20) and /Library/Apple/System/Library/PrivateFrameworks/Mercury.framework/Versions/A/Mercury (0x12952b7c0). One of the two will be used. Which one is undefined.
objc[67584]: Class _TtC7Mercury19RemoteXPCConnection is implemented in both /Library/Developer/PrivateFrameworks/Mercury.framework/Versions/A/Mercury (0x114e53ee8) and /Library/Apple/System/Library/PrivateFrameworks/Mercury.framework/Versions/A/Mercury (0x12952b9a8). One of the two will be used. Which one is undefined.
objc[67584]: Class _TtC7Mercury27RemoteXPCListenerConnection is implemented in both /Library/Developer/PrivateFrameworks/Mercury.framework/Versions/A/Mercury (0x114e54040) and /Library/Apple/System/Library/PrivateFrameworks/Mercury.framework/Versions/A/Mercury (0x12952bb08). One of the two will be used. Which one is undefined.
objc[67584]: Class _TtC7Mercury23RemoteXPCPeerConnection is implemented in both /Library/Developer/PrivateFrameworks/Mercury.framework/Versions/A/Mercury (0x114e541e8) and /Library/Apple/System/Library/PrivateFrameworks/Mercury.framework/Versions/A/Mercury (0x12952bcb8). One of the two will be used. Which one is undefined.
objc[67584]: Class _TtC7Mercury19SystemXPCConnection is implemented in both /Library/Developer/PrivateFrameworks/Mercury.framework/Versions/A/Mercury (0x114e54a98) and /Library/Apple/System/Library/PrivateFrameworks/Mercury.framework/Versions/A/Mercury (0x12952c5f8). One of the two will be used. Which one is undefined.
objc[67584]: Class _TtC7Mercury27SystemXPCListenerConnection is implemented in both /Library/Developer/PrivateFrameworks/Mercury.framework/Versions/A/Mercury (0x114e54be0) and /Library/Apple/System/Library/PrivateFrameworks/Mercury.framework/Versions/A/Mercury (0x12952c750). One of the two will be used. Which one is undefined.
objc[67584]: Class _TtC7Mercury23SystemXPCPeerConnection is implemented in both /Library/Developer/PrivateFrameworks/Mercury.framework/Versions/A/Mercury (0x114e54d50) and /Library/Apple/System/Library/PrivateFrameworks/Mercury.framework/Versions/A/Mercury (0x12952c8d0). One of the two will be used. Which one is undefined.
objc[67584]: Class _TtC7Mercury15XPCFileTransfer is implemented in both /Library/Developer/PrivateFrameworks/Mercury.framework/Versions/A/Mercury (0x114e54fa8) and /Library/Apple/System/Library/PrivateFrameworks/Mercury.framework/Versions/A/Mercury (0x12952cb18). One of the two will be used. Which one is undefined.
objc[67584]: Class _TtC7MercuryP33_2B1830E49151A2D290BADAC81D16B73411_HandlerBox is implemented in both /Library/Developer/PrivateFrameworks/Mercury.framework/Versions/A/Mercury (0x114e52ae8) and /Library/Apple/System/Library/PrivateFrameworks/Mercury.framework/Versions/A/Mercury (0x12952a220). One of the two will be used. Which one is undefined.
2026-02-12 23:58:41.184 xcodebuild[67584:5609691]  DVTAssertions: Warning in /Library/Caches/com.apple.xbs/Sources/DVTiOSFrameworks/DVTiOSFrameworks-19527/DTDeviceKitBase/DTDKRemoteDeviceData.m:373
Details:  (null) deviceType from 00008030-001C141E2660402E was NULL when -platform called.
Object:   <DTDKMobileDeviceToken: 0x7fc496922ee0>
Method:   -platform
Thread:   <NSThread: 0x7fc4965ae6c0>{number = 4, name = (null)}
Please file a bug at https://feedbackassistant.apple.com with this warning message and any useful information you can provide.
2026-02-12 23:58:41.374 xcodebuild[67584:5609692]  DVTAssertions: Warning in /Library/Caches/com.apple.xbs/Sources/DVTiOSFrameworks/DVTiOSFrameworks-19527/DTDeviceKitBase/DTDKRemoteDeviceData.m:373
Details:  (null) deviceType from 00008030-001C141E2660402E was NULL when -platform called.
Object:   <DTDKMobileDeviceToken: 0x7fc496922ee0>
Method:   -platform
Thread:   <NSThread: 0x7fc496810490>{number = 8, name = (null)}
Please file a bug at https://feedbackassistant.apple.com with this warning message and any useful information you can provide.
2026-02-12 23:58:41.485 xcodebuild[67584:5609692]  DVTAssertions: Warning in /Library/Caches/com.apple.xbs/Sources/DVTiOSFrameworks/DVTiOSFrameworks-19527/DTDeviceKitBase/DTDKRemoteDeviceData.m:373
Details:  (null) deviceType from 00008030-001C141E2660402E was NULL when -platform called.
Object:   <DTDKMobileDeviceToken: 0x7fc496922ee0>
Method:   -platform
Thread:   <NSThread: 0x7fc496810490>{number = 8, name = (null)}
Please file a bug at https://feedbackassistant.apple.com with this warning message and any useful information you can provide.
2026-02-12 23:58:42.415 xcodebuild[67584:5609692]  iPhoneConnect: 📱<DVTiOSDevice (0x7fc49683db10), iPhone, iPhone, 26.1 (23B85), 00008030-001C141E2660402E> unable to mount developer disk image, (Error Domain=com.apple.dtdevicekit Code=601 "Could not locate device support files" UserInfo={NSLocalizedDescription=Could not locate device support files, NSLocalizedRecoverySuggestion=iPhone may be running a version of iOS that is not supported by this version of Xcode. You can download the latest version of Xcode from the Mac App Store or developer.apple.com., DVTRadarComponentKey=487927, DeviceType=iPhone12,8, NSUnderlyingError=0x7fc4965b6e70 {Error Domain=com.apple.dt.DVTDeviceSupportFilesError Code=2 "Unable to locate ideal DDI for platform: <DVTPlatform:0x7fc49162d520:'com.apple.platform.iphoneos':<DVTFilePath:0x7fc49162d4a0:'/Applications/Xcode.app/Contents/Developer/Platforms/iPhoneOS.platform'>>, version: 26.1, build: 23B85" UserInfo={NSLocalizedDescription=Unable to locate ideal DDI for platform: <DVTPlatform:0x7fc49162d520:'com.apple.platform.iphoneos':<DVTFilePath:0x7fc49162d4a0:'/Applications/Xcode.app/Contents/Developer/Platforms/iPhoneOS.platform'>>, version: 26.1, build: 23B85, DVTRadarComponentKey=487927}}}) {
    DVTRadarComponentKey = 487927;
    DeviceType = "iPhone12,8";
    NSLocalizedDescription = "Could not locate device support files";
    NSLocalizedRecoverySuggestion = "iPhone may be running a version of iOS that is not supported by this version of Xcode. You can download the latest version of Xcode from the Mac App Store or developer.apple.com.";
    NSUnderlyingError = "Error Domain=com.apple.dt.DVTDeviceSupportFilesError Code=2 \"Unable to locate ideal DDI for platform: <DVTPlatform:0x7fc49162d520:'com.apple.platform.iphoneos':<DVTFilePath:0x7fc49162d4a0:'/Applications/Xcode.app/Contents/Developer/Platforms/iPhoneOS.platform'>>, version: 26.1, build: 23B85\" UserInfo={NSLocalizedDescription=Unable to locate ideal DDI for platform: <DVTPlatform:0x7fc49162d520:'com.apple.platform.iphoneos':<DVTFilePath:0x7fc49162d4a0:'/Applications/Xcode.app/Contents/Developer/Platforms/iPhoneOS.platform'>>, version: 26.1, build: 23B85, DVTRadarComponentKey=487927}";
}
2026-02-12 23:58:42.488 xcodebuild[67584:5609559] [MT] iPhoneConnect: 📱<DVTiOSDevice (0x7fc49683db10), iPhone, iPhone, 26.1 (23B85), 00008030-001C141E2660402E> -- An error occurred whilst preparing device for development -- Could not locate device support files
Domain: com.apple.dtdevicekit
Code: 601
Recovery Suggestion: iPhone may be running a version of iOS that is not supported by this version of Xcode. You can download the latest version of Xcode from the Mac App Store or developer.apple.com.
User Info: {
    DVTRadarComponentKey = 487927;
    DeviceType = "iPhone12,8";
}
--
Unable to locate ideal DDI for platform: <DVTPlatform:0x7fc49162d520:'com.apple.platform.iphoneos':<DVTFilePath:0x7fc49162d4a0:'/Applications/Xcode.app/Contents/Developer/Platforms/iPhoneOS.platform'>>, version: 26.1, build: 23B85
Domain: com.apple.dt.DVTDeviceSupportFilesError
Code: 2
User Info: {
    DVTRadarComponentKey = 487927;
}
--
2026-02-12 23:58:42.488 xcodebuild[67584:5609559] [MT] iPhoneConnect: 📱<DVTiOSDevice (0x7fc49683db10), iPhone, iPhone, 26.1 (23B85), 00008030-001C141E2660402E> == Underlying device preparation errors ==
2026-02-12 23:58:42.488 xcodebuild[67584:5609559] [MT] iPhoneConnect: Could not locate device support files
Domain: com.apple.dtdevicekit
Code: 601
Recovery Suggestion: iPhone may be running a version of iOS that is not supported by this version of Xcode. You can download the latest version of Xcode from the Mac App Store or developer.apple.com.
User Info: {
    DVTRadarComponentKey = 487927;
    DeviceType = "iPhone12,8";
}
--
Unable to locate ideal DDI for platform: <DVTPlatform:0x7fc49162d520:'com.apple.platform.iphoneos':<DVTFilePath:0x7fc49162d4a0:'/Applications/Xcode.app/Contents/Developer/Platforms/iPhoneOS.platform'>>, version: 26.1, build: 23B85
Domain: com.apple.dt.DVTDeviceSupportFilesError
Code: 2
User Info: {
    DVTRadarComponentKey = 487927;
}
--
2026-02-12 23:58:42.488 xcodebuild[67584:5609559] [MT] iPhoneConnect: 📱<DVTiOSDevice (0x7fc49683db10), iPhone, iPhone, 26.1 (23B85), 00008030-001C141E2660402E> == END: Underlying device preparation errors ==
note: Using new build system
2026-02-12 23:58:42.580 xcodebuild[67584:5610055]  iPhoneConnect: 📱<DVTiOSDevice (0x7fc49683db10), iPhone, iPhone, 26.1 (23B85), 00008030-001C141E2660402E> unable to mount developer disk image, (Error Domain=com.apple.dtdevicekit Code=601 "Could not locate device support files" UserInfo={NSLocalizedDescription=Could not locate device support files, NSLocalizedRecoverySuggestion=iPhone may be running a version of iOS that is not supported by this version of Xcode. You can download the latest version of Xcode from the Mac App Store or developer.apple.com., DVTRadarComponentKey=487927, DeviceType=iPhone12,8, NSUnderlyingError=0x7fc491788520 {Error Domain=com.apple.dt.DVTDeviceSupportFilesError Code=2 "Unable to locate ideal DDI for platform: <DVTPlatform:0x7fc49162d520:'com.apple.platform.iphoneos':<DVTFilePath:0x7fc49162d4a0:'/Applications/Xcode.app/Contents/Developer/Platforms/iPhoneOS.platform'>>, version: 26.1, build: 23B85" UserInfo={NSLocalizedDescription=Unable to locate ideal DDI for platform: <DVTPlatform:0x7fc49162d520:'com.apple.platform.iphoneos':<DVTFilePath:0x7fc49162d4a0:'/Applications/Xcode.app/Contents/Developer/Platforms/iPhoneOS.platform'>>, version: 26.1, build: 23B85, DVTRadarComponentKey=487927}}}) {
    DVTRadarComponentKey = 487927;
    DeviceType = "iPhone12,8";
    NSLocalizedDescription = "Could not locate device support files";
    NSLocalizedRecoverySuggestion = "iPhone may be running a version of iOS that is not supported by this version of Xcode. You can download the latest version of Xcode from the Mac App Store or developer.apple.com.";
    NSUnderlyingError = "Error Domain=com.apple.dt.DVTDeviceSupportFilesError Code=2 \"Unable to locate ideal DDI for platform: <DVTPlatform:0x7fc49162d520:'com.apple.platform.iphoneos':<DVTFilePath:0x7fc49162d4a0:'/Applications/Xcode.app/Contents/Developer/Platforms/iPhoneOS.platform'>>, version: 26.1, build: 23B85\" UserInfo={NSLocalizedDescription=Unable to locate ideal DDI for platform: <DVTPlatform:0x7fc49162d520:'com.apple.platform.iphoneos':<DVTFilePath:0x7fc49162d4a0:'/Applications/Xcode.app/Contents/Developer/Platforms/iPhoneOS.platform'>>, version: 26.1, build: 23B85, DVTRadarComponentKey=487927}";
}
2026-02-12 23:58:42.580 xcodebuild[67584:5609559] [MT] iPhoneConnect: 📱<DVTiOSDevice (0x7fc49683db10), iPhone, iPhone, 26.1 (23B85), 00008030-001C141E2660402E> -- An error occurred whilst preparing device for development -- Could not locate device support files
Domain: com.apple.dtdevicekit
Code: 601
Recovery Suggestion: iPhone may be running a version of iOS that is not supported by this version of Xcode. You can download the latest version of Xcode from the Mac App Store or developer.apple.com.
User Info: {
    DVTRadarComponentKey = 487927;
    DeviceType = "iPhone12,8";
}
--
Unable to locate ideal DDI for platform: <DVTPlatform:0x7fc49162d520:'com.apple.platform.iphoneos':<DVTFilePath:0x7fc49162d4a0:'/Applications/Xcode.app/Contents/Developer/Platforms/iPhoneOS.platform'>>, version: 26.1, build: 23B85
Domain: com.apple.dt.DVTDeviceSupportFilesError
Code: 2
User Info: {
    DVTRadarComponentKey = 487927;
}
--
2026-02-12 23:58:42.581 xcodebuild[67584:5609559] [MT] iPhoneConnect: 📱<DVTiOSDevice (0x7fc49683db10), iPhone, iPhone, 26.1 (23B85), 00008030-001C141E2660402E> == Underlying device preparation errors ==
2026-02-12 23:58:42.581 xcodebuild[67584:5609559] [MT] iPhoneConnect: Could not locate device support files
Domain: com.apple.dtdevicekit
Code: 601
Recovery Suggestion: iPhone may be running a version of iOS that is not supported by this version of Xcode. You can download the latest version of Xcode from the Mac App Store or developer.apple.com.
User Info: {
    DVTRadarComponentKey = 487927;
    DeviceType = "iPhone12,8";
}
--
Unable to locate ideal DDI for platform: <DVTPlatform:0x7fc49162d520:'com.apple.platform.iphoneos':<DVTFilePath:0x7fc49162d4a0:'/Applications/Xcode.app/Contents/Developer/Platforms/iPhoneOS.platform'>>, version: 26.1, build: 23B85
Domain: com.apple.dt.DVTDeviceSupportFilesError
Code: 2
User Info: {
    DVTRadarComponentKey = 487927;
}
--
2026-02-12 23:58:42.581 xcodebuild[67584:5609559] [MT] iPhoneConnect: 📱<DVTiOSDevice (0x7fc49683db10), iPhone, iPhone, 26.1 (23B85), 00008030-001C141E2660402E> == END: Underlying device preparation errors ==
note: Build preparation complete

** CLEAN SUCCEEDED **

note: Using new build system
note: Planning
Analyze workspace

Create build description
Build description signature: 1d145f3a6fba18e968d71d8b0a3393df
Build description path: /Users/sergejhlystov/Library/Developer/Xcode/DerivedData/ALADDIN-eahryzmutvtbyceygnlyjsmiiaha/Build/Intermediates.noindex/XCBuildData/1d145f3a6fba18e968d71d8b0a3393df-desc.xcbuild

note: Build preparation complete
note: Building targets in dependency order
note: Swift build system integration enabled.
CreateBuildDirectory /Users/sergejhlystov/Library/Developer/Xcode/DerivedData/ALADDIN-eahryzmutvtbyceygnlyjsmiiaha/Build/Intermediates.noindex
    cd /Users/sergejhlystov/ALADDIN_NEW/ALADDIN_NEW/mobile_apps/ALADDIN_iOS/ALADDIN.xcodeproj
    builtin-create-build-directory /Users/sergejhlystov/Library/Developer/Xcode/DerivedData/ALADDIN-eahryzmutvtbyceygnlyjsmiiaha/Build/Intermediates.noindex

CreateBuildDirectory /Users/sergejhlystov/Library/Developer/Xcode/DerivedData/ALADDIN-eahryzmutvtbyceygnlyjsmiiaha/Build/Products
    cd /Users/sergejhlystov/ALADDIN_NEW/ALADDIN_NEW/mobile_apps/ALADDIN_iOS/ALADDIN.xcodeproj
    builtin-create-build-directory /Users/sergejhlystov/Library/Developer/Xcode/DerivedData/ALADDIN-eahryzmutvtbyceygnlyjsmiiaha/Build/Products

CreateBuildDirectory /Users/sergejhlystov/Library/Developer/Xcode/DerivedData/ALADDIN-eahryzmutvtbyceygnlyjsmiiaha/Build/Products/Debug-iphonesimulator
    cd /Users/sergejhlystov/ALADDIN_NEW/ALADDIN_NEW/mobile_apps/ALADDIN_iOS/ALADDIN.xcodeproj
    builtin-create-build-directory /Users/sergejhlystov/Library/Developer/Xcode/DerivedData/ALADDIN-eahryzmutvtbyceygnlyjsmiiaha/Build/Products/Debug-iphonesimulator

MkDir /Users/sergejhlystov/Library/Developer/Xcode/DerivedData/ALADDIN-eahryzmutvtbyceygnlyjsmiiaha/Build/Products/Debug-iphonesimulator/ALADDINContentBlocker.appex (in target 'ALADDINContentBlocker' from project 'ALADDIN')
    cd /Users/sergejhlystov/ALADDIN_NEW/ALADDIN_NEW/mobile_apps/ALADDIN_iOS
    /bin/mkdir -p /Users/sergejhlystov/Library/Developer/Xcode/DerivedData/ALADDIN-eahryzmutvtbyceygnlyjsmiiaha/Build/Products/Debug-iphonesimulator/ALADDINContentBlocker.appex

MkDir /Users/sergejhlystov/Library/Developer/Xcode/DerivedData/ALADDIN-eahryzmutvtbyceygnlyjsmiiaha/Build/Products/Debug-iphonesimulator/ALADDIN.app (in target 'ALADDIN' from project 'ALADDIN')
    cd /Users/sergejhlystov/ALADDIN_NEW/ALADDIN_NEW/mobile_apps/ALADDIN_iOS
    /bin/mkdir -p /Users/sergejhlystov/Library/Developer/Xcode/DerivedData/ALADDIN-eahryzmutvtbyceygnlyjsmiiaha/Build/Products/Debug-iphonesimulator/ALADDIN.app

MkDir /Users/sergejhlystov/Library/Developer/Xcode/DerivedData/ALADDIN-eahryzmutvtbyceygnlyjsmiiaha/Build/Products/Debug-iphonesimulator/ALADDIN.app/PlugIns (in target 'ALADDIN' from project 'ALADDIN')
    cd /Users/sergejhlystov/ALADDIN_NEW/ALADDIN_NEW/mobile_apps/ALADDIN_iOS
    /bin/mkdir -p /Users/sergejhlystov/Library/Developer/Xcode/DerivedData/ALADDIN-eahryzmutvtbyceygnlyjsmiiaha/Build/Products/Debug-iphonesimulator/ALADDIN.app/PlugIns

WriteAuxiliaryFile /Users/sergejhlystov/Library/Developer/Xcode/DerivedData/ALADDIN-eahryzmutvtbyceygnlyjsmiiaha/Build/Intermediates.noindex/ALADDIN.build/Debug-iphonesimulator/ALADDINContentBlocker.build/DerivedSources/Entitlements-Simulated.plist (in target 'ALADDINContentBlocker' from project 'ALADDIN')
    cd /Users/sergejhlystov/ALADDIN_NEW/ALADDIN_NEW/mobile_apps/ALADDIN_iOS
    write-file /Users/sergejhlystov/Library/Developer/Xcode/DerivedData/ALADDIN-eahryzmutvtbyceygnlyjsmiiaha/Build/Intermediates.noindex/ALADDIN.build/Debug-iphonesimulator/ALADDINContentBlocker.build/DerivedSources/Entitlements-Simulated.plist

WriteAuxiliaryFile /Users/sergejhlystov/Library/Developer/Xcode/DerivedData/ALADDIN-eahryzmutvtbyceygnlyjsmiiaha/Build/Intermediates.noindex/ALADDIN.build/Debug-iphonesimulator/ALADDINContentBlocker.build/DerivedSources/Entitlements.plist (in target 'ALADDINContentBlocker' from project 'ALADDIN')
    cd /Users/sergejhlystov/ALADDIN_NEW/ALADDIN_NEW/mobile_apps/ALADDIN_iOS
    write-file /Users/sergejhlystov/Library/Developer/Xcode/DerivedData/ALADDIN-eahryzmutvtbyceygnlyjsmiiaha/Build/Intermediates.noindex/ALADDIN.build/Debug-iphonesimulator/ALADDINContentBlocker.build/DerivedSources/Entitlements.plist

ProcessProductPackaging "" /Users/sergejhlystov/Library/Developer/Xcode/DerivedData/ALADDIN-eahryzmutvtbyceygnlyjsmiiaha/Build/Intermediates.noindex/ALADDIN.build/Debug-iphonesimulator/ALADDINContentBlocker.build/ALADDINContentBlocker.appex.xcent (in target 'ALADDINContentBlocker' from project 'ALADDIN')
    cd /Users/sergejhlystov/ALADDIN_NEW/ALADDIN_NEW/mobile_apps/ALADDIN_iOS
    
    Entitlements:
    
    {
    "com.apple.security.get-task-allow" = 1;
}
    
    builtin-productPackagingUtility -entitlements -format xml -o /Users/sergejhlystov/Library/Developer/Xcode/DerivedData/ALADDIN-eahryzmutvtbyceygnlyjsmiiaha/Build/Intermediates.noindex/ALADDIN.build/Debug-iphonesimulator/ALADDINContentBlocker.build/ALADDINContentBlocker.appex.xcent

ProcessProductPackaging "" /Users/sergejhlystov/Library/Developer/Xcode/DerivedData/ALADDIN-eahryzmutvtbyceygnlyjsmiiaha/Build/Intermediates.noindex/ALADDIN.build/Debug-iphonesimulator/ALADDINContentBlocker.build/ALADDINContentBlocker.appex-Simulated.xcent (in target 'ALADDINContentBlocker' from project 'ALADDIN')
    cd /Users/sergejhlystov/ALADDIN_NEW/ALADDIN_NEW/mobile_apps/ALADDIN_iOS
    
    Entitlements:
    
    {
    "application-identifier" = "6CJVBBUGSN.family.aladdin.ios.ALADDINContentBlocker";
    "keychain-access-groups" =     (
        "6CJVBBUGSN.family.aladdin.ios.ALADDINContentBlocker"
    );
}
    
    builtin-productPackagingUtility -entitlements -format xml -o /Users/sergejhlystov/Library/Developer/Xcode/DerivedData/ALADDIN-eahryzmutvtbyceygnlyjsmiiaha/Build/Intermediates.noindex/ALADDIN.build/Debug-iphonesimulator/ALADDINContentBlocker.build/ALADDINContentBlocker.appex-Simulated.xcent

WriteAuxiliaryFile /Users/sergejhlystov/Library/Developer/Xcode/DerivedData/ALADDIN-eahryzmutvtbyceygnlyjsmiiaha/Build/Intermediates.noindex/ALADDIN.build/Debug-iphonesimulator/ALADDINContentBlocker.build/all-product-headers.yaml (in target 'ALADDINContentBlocker' from project 'ALADDIN')
    cd /Users/sergejhlystov/ALADDIN_NEW/ALADDIN_NEW/mobile_apps/ALADDIN_iOS
    write-file /Users/sergejhlystov/Library/Developer/Xcode/DerivedData/ALADDIN-eahryzmutvtbyceygnlyjsmiiaha/Build/Intermediates.noindex/ALADDIN.build/Debug-iphonesimulator/ALADDINContentBlocker.build/all-product-headers.yaml

WriteAuxiliaryFile /Users/sergejhlystov/Library/Developer/Xcode/DerivedData/ALADDIN-eahryzmutvtbyceygnlyjsmiiaha/Build/Intermediates.noindex/ALADDIN.build/Debug-iphonesimulator/ALADDINContentBlocker.build/ALADDINContentBlocker-all-non-framework-target-headers.hmap (in target 'ALADDINContentBlocker' from project 'ALADDIN')
    cd /Users/sergejhlystov/ALADDIN_NEW/ALADDIN_NEW/mobile_apps/ALADDIN_iOS
    write-file /Users/sergejhlystov/Library/Developer/Xcode/DerivedData/ALADDIN-eahryzmutvtbyceygnlyjsmiiaha/Build/Intermediates.noindex/ALADDIN.build/Debug-iphonesimulator/ALADDINContentBlocker.build/ALADDINContentBlocker-all-non-framework-target-headers.hmap

WriteAuxiliaryFile /Users/sergejhlystov/Library/Developer/Xcode/DerivedData/ALADDIN-eahryzmutvtbyceygnlyjsmiiaha/Build/Intermediates.noindex/ALADDIN.build/Debug-iphonesimulator/ALADDINContentBlocker.build/ALADDINContentBlocker-project-headers.hmap (in target 'ALADDINContentBlocker' from project 'ALADDIN')
    cd /Users/sergejhlystov/ALADDIN_NEW/ALADDIN_NEW/mobile_apps/ALADDIN_iOS
    write-file /Users/sergejhlystov/Library/Developer/Xcode/DerivedData/ALADDIN-eahryzmutvtbyceygnlyjsmiiaha/Build/Intermediates.noindex/ALADDIN.build/Debug-iphonesimulator/ALADDINContentBlocker.build/ALADDINContentBlocker-project-headers.hmap

WriteAuxiliaryFile /Users/sergejhlystov/Library/Developer/Xcode/DerivedData/ALADDIN-eahryzmutvtbyceygnlyjsmiiaha/Build/Intermediates.noindex/ALADDIN.build/Debug-iphonesimulator/ALADDINContentBlocker.build/ALADDINContentBlocker-all-target-headers.hmap (in target 'ALADDINContentBlocker' from project 'ALADDIN')
    cd /Users/sergejhlystov/ALADDIN_NEW/ALADDIN_NEW/mobile_apps/ALADDIN_iOS
    write-file /Users/sergejhlystov/Library/Developer/Xcode/DerivedData/ALADDIN-eahryzmutvtbyceygnlyjsmiiaha/Build/Intermediates.noindex/ALADDIN.build/Debug-iphonesimulator/ALADDINContentBlocker.build/ALADDINContentBlocker-all-target-headers.hmap

WriteAuxiliaryFile /Users/sergejhlystov/Library/Developer/Xcode/DerivedData/ALADDIN-eahryzmutvtbyceygnlyjsmiiaha/Build/Intermediates.noindex/ALADDIN.build/Debug-iphonesimulator/ALADDINContentBlocker.build/ALADDINContentBlocker-generated-files.hmap (in target 'ALADDINContentBlocker' from project 'ALADDIN')
    cd /Users/sergejhlystov/ALADDIN_NEW/ALADDIN_NEW/mobile_apps/ALADDIN_iOS
    write-file /Users/sergejhlystov/Library/Developer/Xcode/DerivedData/ALADDIN-eahryzmutvtbyceygnlyjsmiiaha/Build/Intermediates.noindex/ALADDIN.build/Debug-iphonesimulator/ALADDINContentBlocker.build/ALADDINContentBlocker-generated-files.hmap

WriteAuxiliaryFile /Users/sergejhlystov/Library/Developer/Xcode/DerivedData/ALADDIN-eahryzmutvtbyceygnlyjsmiiaha/Build/Intermediates.noindex/ALADDIN.build/Debug-iphonesimulator/ALADDINContentBlocker.build/ALADDINContentBlocker-own-target-headers.hmap (in target 'ALADDINContentBlocker' from project 'ALADDIN')
    cd /Users/sergejhlystov/ALADDIN_NEW/ALADDIN_NEW/mobile_apps/ALADDIN_iOS
    write-file /Users/sergejhlystov/Library/Developer/Xcode/DerivedData/ALADDIN-eahryzmutvtbyceygnlyjsmiiaha/Build/Intermediates.noindex/ALADDIN.build/Debug-iphonesimulator/ALADDINContentBlocker.build/ALADDINContentBlocker-own-target-headers.hmap

WriteAuxiliaryFile /Users/sergejhlystov/Library/Developer/Xcode/DerivedData/ALADDIN-eahryzmutvtbyceygnlyjsmiiaha/Build/Intermediates.noindex/ALADDIN.build/Debug-iphonesimulator/ALADDINContentBlocker.build/ALADDINContentBlocker.hmap (in target 'ALADDINContentBlocker' from project 'ALADDIN')
    cd /Users/sergejhlystov/ALADDIN_NEW/ALADDIN_NEW/mobile_apps/ALADDIN_iOS
    write-file /Users/sergejhlystov/Library/Developer/Xcode/DerivedData/ALADDIN-eahryzmutvtbyceygnlyjsmiiaha/Build/Intermediates.noindex/ALADDIN.build/Debug-iphonesimulator/ALADDINContentBlocker.build/ALADDINContentBlocker.hmap

WriteAuxiliaryFile /Users/sergejhlystov/Library/Developer/Xcode/DerivedData/ALADDIN-eahryzmutvtbyceygnlyjsmiiaha/Build/Intermediates.noindex/ALADDIN.build/Debug-iphonesimulator/ALADDINContentBlocker.build/Objects-normal/x86_64/ALADDINContentBlocker.SwiftFileList (in target 'ALADDINContentBlocker' from project 'ALADDIN')
    cd /Users/sergejhlystov/ALADDIN_NEW/ALADDIN_NEW/mobile_apps/ALADDIN_iOS
    write-file /Users/sergejhlystov/Library/Developer/Xcode/DerivedData/ALADDIN-eahryzmutvtbyceygnlyjsmiiaha/Build/Intermediates.noindex/ALADDIN.build/Debug-iphonesimulator/ALADDINContentBlocker.build/Objects-normal/x86_64/ALADDINContentBlocker.SwiftFileList

WriteAuxiliaryFile /Users/sergejhlystov/Library/Developer/Xcode/DerivedData/ALADDIN-eahryzmutvtbyceygnlyjsmiiaha/Build/Intermediates.noindex/ALADDIN.build/Debug-iphonesimulator/ALADDINContentBlocker.build/Objects-normal/x86_64/ALADDINContentBlocker.LinkFileList (in target 'ALADDINContentBlocker' from project 'ALADDIN')
    cd /Users/sergejhlystov/ALADDIN_NEW/ALADDIN_NEW/mobile_apps/ALADDIN_iOS
    write-file /Users/sergejhlystov/Library/Developer/Xcode/DerivedData/ALADDIN-eahryzmutvtbyceygnlyjsmiiaha/Build/Intermediates.noindex/ALADDIN.build/Debug-iphonesimulator/ALADDINContentBlocker.build/Objects-normal/x86_64/ALADDINContentBlocker.LinkFileList

WriteAuxiliaryFile /Users/sergejhlystov/Library/Developer/Xcode/DerivedData/ALADDIN-eahryzmutvtbyceygnlyjsmiiaha/Build/Intermediates.noindex/ALADDIN.build/Debug-iphonesimulator/ALADDINContentBlocker.build/Objects-normal/x86_64/ALADDINContentBlocker-OutputFileMap.json (in target 'ALADDINContentBlocker' from project 'ALADDIN')
    cd /Users/sergejhlystov/ALADDIN_NEW/ALADDIN_NEW/mobile_apps/ALADDIN_iOS
    write-file /Users/sergejhlystov/Library/Developer/Xcode/DerivedData/ALADDIN-eahryzmutvtbyceygnlyjsmiiaha/Build/Intermediates.noindex/ALADDIN.build/Debug-iphonesimulator/ALADDINContentBlocker.build/Objects-normal/x86_64/ALADDINContentBlocker-OutputFileMap.json

ProcessInfoPlistFile /Users/sergejhlystov/Library/Developer/Xcode/DerivedData/ALADDIN-eahryzmutvtbyceygnlyjsmiiaha/Build/Products/Debug-iphonesimulator/ALADDINContentBlocker.appex/Info.plist /Users/sergejhlystov/ALADDIN_NEW/ALADDIN_NEW/mobile_apps/ALADDIN_iOS/ALADDINContentBlocker/Info.plist (in target 'ALADDINContentBlocker' from project 'ALADDIN')
    cd /Users/sergejhlystov/ALADDIN_NEW/ALADDIN_NEW/mobile_apps/ALADDIN_iOS
    builtin-infoPlistUtility /Users/sergejhlystov/ALADDIN_NEW/ALADDIN_NEW/mobile_apps/ALADDIN_iOS/ALADDINContentBlocker/Info.plist -producttype com.apple.product-type.app-extension -expandbuildsettings -format binary -platform iphonesimulator -o /Users/sergejhlystov/Library/Developer/Xcode/DerivedData/ALADDIN-eahryzmutvtbyceygnlyjsmiiaha/Build/Products/Debug-iphonesimulator/ALADDINContentBlocker.appex/Info.plist

SwiftDriver ALADDINContentBlocker normal x86_64 com.apple.xcode.tools.swift.compiler (in target 'ALADDINContentBlocker' from project 'ALADDIN')
    cd /Users/sergejhlystov/ALADDIN_NEW/ALADDIN_NEW/mobile_apps/ALADDIN_iOS
    export DEVELOPER_DIR\=/Applications/Xcode.app/Contents/Developer
    export SDKROOT\=/Applications/Xcode.app/Contents/Developer/Platforms/iPhoneSimulator.platform/Developer/SDKs/iPhoneSimulator15.2.sdk
    builtin-SwiftDriver -o /Users/sergejhlystov/Library/Developer/Xcode/DerivedData/ALADDIN-eahryzmutvtbyceygnlyjsmiiaha/Build/Intermediates.noindex/ALADDIN.build/Debug-iphonesimulator/ALADDINContentBlocker.build/Objects-normal/x86_64/ALADDINContentBlocker\ Swift\ Driver\ Planning\ Finished -- /Applications/Xcode.app/Contents/Developer/Toolchains/XcodeDefault.xctoolchain/usr/bin/swiftc -incremental -module-name ALADDINContentBlocker -Onone -enable-batch-mode -enforce-exclusivity\=checked @/Users/sergejhlystov/Library/Developer/Xcode/DerivedData/ALADDIN-eahryzmutvtbyceygnlyjsmiiaha/Build/Intermediates.noindex/ALADDIN.build/Debug-iphonesimulator/ALADDINContentBlocker.build/Objects-normal/x86_64/ALADDINContentBlocker.SwiftFileList -DDEBUG -sdk /Applications/Xcode.app/Contents/Developer/Platforms/iPhoneSimulator.platform/Developer/SDKs/iPhoneSimulator15.2.sdk -target x86_64-apple-ios15.2-simulator -g -module-cache-path /Users/sergejhlystov/Library/Developer/Xcode/DerivedData/ModuleCache.noindex -Xfrontend -serialize-debugging-options -application-extension -enable-testing -index-store-path /Users/sergejhlystov/Library/Developer/Xcode/DerivedData/ALADDIN-eahryzmutvtbyceygnlyjsmiiaha/Index/DataStore -swift-version 5 -I /Users/sergejhlystov/Library/Developer/Xcode/DerivedData/ALADDIN-eahryzmutvtbyceygnlyjsmiiaha/Build/Products/Debug-iphonesimulator -F /Users/sergejhlystov/Library/Developer/Xcode/DerivedData/ALADDIN-eahryzmutvtbyceygnlyjsmiiaha/Build/Products/Debug-iphonesimulator -parse-as-library -emit-localized-strings -emit-localized-strings-path /Users/sergejhlystov/Library/Developer/Xcode/DerivedData/ALADDIN-eahryzmutvtbyceygnlyjsmiiaha/Build/Intermediates.noindex/ALADDIN.build/Debug-iphonesimulator/ALADDINContentBlocker.build/Objects-normal/x86_64 -c -j8 -output-file-map /Users/sergejhlystov/Library/Developer/Xcode/DerivedData/ALADDIN-eahryzmutvtbyceygnlyjsmiiaha/Build/Intermediates.noindex/ALADDIN.build/Debug-iphonesimulator/ALADDINContentBlocker.build/Objects-normal/x86_64/ALADDINContentBlocker-OutputFileMap.json -save-temps -no-color-diagnostics -serialize-diagnostics -emit-dependencies -emit-module -emit-module-path /Users/sergejhlystov/Library/Developer/Xcode/DerivedData/ALADDIN-eahryzmutvtbyceygnlyjsmiiaha/Build/Intermediates.noindex/ALADDIN.build/Debug-iphonesimulator/ALADDINContentBlocker.build/Objects-normal/x86_64/ALADDINContentBlocker.swiftmodule -Xcc -I/Users/sergejhlystov/Library/Developer/Xcode/DerivedData/ALADDIN-eahryzmutvtbyceygnlyjsmiiaha/Build/Intermediates.noindex/ALADDIN.build/Debug-iphonesimulator/ALADDINContentBlocker.build/swift-overrides.hmap -Xcc -iquote -Xcc /Users/sergejhlystov/Library/Developer/Xcode/DerivedData/ALADDIN-eahryzmutvtbyceygnlyjsmiiaha/Build/Intermediates.noindex/ALADDIN.build/Debug-iphonesimulator/ALADDINContentBlocker.build/ALADDINContentBlocker-generated-files.hmap -Xcc -I/Users/sergejhlystov/Library/Developer/Xcode/DerivedData/ALADDIN-eahryzmutvtbyceygnlyjsmiiaha/Build/Intermediates.noindex/ALADDIN.build/Debug-iphonesimulator/ALADDINContentBlocker.build/ALADDINContentBlocker-own-target-headers.hmap -Xcc -I/Users/sergejhlystov/Library/Developer/Xcode/DerivedData/ALADDIN-eahryzmutvtbyceygnlyjsmiiaha/Build/Intermediates.noindex/ALADDIN.build/Debug-iphonesimulator/ALADDINContentBlocker.build/ALADDINContentBlocker-all-target-headers.hmap -Xcc -iquote -Xcc /Users/sergejhlystov/Library/Developer/Xcode/DerivedData/ALADDIN-eahryzmutvtbyceygnlyjsmiiaha/Build/Intermediates.noindex/ALADDIN.build/Debug-iphonesimulator/ALADDINContentBlocker.build/ALADDINContentBlocker-project-headers.hmap -Xcc -I/Users/sergejhlystov/Library/Developer/Xcode/DerivedData/ALADDIN-eahryzmutvtbyceygnlyjsmiiaha/Build/Products/Debug-iphonesimulator/include -Xcc -I/Users/sergejhlystov/Library/Developer/Xcode/DerivedData/ALADDIN-eahryzmutvtbyceygnlyjsmiiaha/Build/Intermediates.noindex/ALADDIN.build/Debug-iphonesimulator/ALADDINContentBlocker.build/DerivedSources-normal/x86_64 -Xcc -I/Users/sergejhlystov/Library/Developer/Xcode/DerivedData/ALADDIN-eahryzmutvtbyceygnlyjsmiiaha/Build/Intermediates.noindex/ALADDIN.build/Debug-iphonesimulator/ALADDINContentBlocker.build/DerivedSources/x86_64 -Xcc -I/Users/sergejhlystov/Library/Developer/Xcode/DerivedData/ALADDIN-eahryzmutvtbyceygnlyjsmiiaha/Build/Intermediates.noindex/ALADDIN.build/Debug-iphonesimulator/ALADDINContentBlocker.build/DerivedSources -Xcc -DDEBUG\=1 -emit-objc-header -emit-objc-header-path /Users/sergejhlystov/Library/Developer/Xcode/DerivedData/ALADDIN-eahryzmutvtbyceygnlyjsmiiaha/Build/Intermediates.noindex/ALADDIN.build/Debug-iphonesimulator/ALADDINContentBlocker.build/Objects-normal/x86_64/ALADDINContentBlocker-Swift.h -working-directory /Users/sergejhlystov/ALADDIN_NEW/ALADDIN_NEW/mobile_apps/ALADDIN_iOS -experimental-emit-module-separately

SwiftDriverJob-Emit-Module normal x86_64 Emitting\ module\ for\ ALADDINContentBlocker (in target 'ALADDINContentBlocker' from project 'ALADDIN')
    cd /Users/sergejhlystov/ALADDIN_NEW/ALADDIN_NEW/mobile_apps/ALADDIN_iOS
    export DEVELOPER_DIR\=/Applications/Xcode.app/Contents/Developer
    export SDKROOT\=/Applications/Xcode.app/Contents/Developer/Platforms/iPhoneSimulator.platform/Developer/SDKs/iPhoneSimulator15.2.sdk
    builtin-swiftDriverJobExecution -- /Applications/Xcode.app/Contents/Developer/Toolchains/XcodeDefault.xctoolchain/usr/bin/swift-frontend -frontend -emit-module -experimental-skip-non-inlinable-function-bodies-without-types /Users/sergejhlystov/ALADDIN_NEW/ALADDIN_NEW/mobile_apps/ALADDIN_iOS/ALADDINContentBlocker/ActionRequestHandler.swift -target x86_64-apple-ios15.2-simulator -enable-objc-interop -sdk /Applications/Xcode.app/Contents/Developer/Platforms/iPhoneSimulator.platform/Developer/SDKs/iPhoneSimulator15.2.sdk -I /Users/sergejhlystov/Library/Developer/Xcode/DerivedData/ALADDIN-eahryzmutvtbyceygnlyjsmiiaha/Build/Products/Debug-iphonesimulator -F /Users/sergejhlystov/Library/Developer/Xcode/DerivedData/ALADDIN-eahryzmutvtbyceygnlyjsmiiaha/Build/Products/Debug-iphonesimulator -no-color-diagnostics -application-extension -enable-testing -g -module-cache-path /Users/sergejhlystov/Library/Developer/Xcode/DerivedData/ModuleCache.noindex -emit-localized-strings -emit-localized-strings-path /Users/sergejhlystov/Library/Developer/Xcode/DerivedData/ALADDIN-eahryzmutvtbyceygnlyjsmiiaha/Build/Intermediates.noindex/ALADDIN.build/Debug-iphonesimulator/ALADDINContentBlocker.build/Objects-normal/x86_64 -swift-version 5 -enforce-exclusivity\=checked -Onone -D DEBUG -serialize-debugging-options -Xcc -working-directory -Xcc /Users/sergejhlystov/ALADDIN_NEW/ALADDIN_NEW/mobile_apps/ALADDIN_iOS -resource-dir /Applications/Xcode.app/Contents/Developer/Toolchains/XcodeDefault.xctoolchain/usr/lib/swift -enable-anonymous-context-mangled-names -Xcc -I/Users/sergejhlystov/Library/Developer/Xcode/DerivedData/ALADDIN-eahryzmutvtbyceygnlyjsmiiaha/Build/Intermediates.noindex/ALADDIN.build/Debug-iphonesimulator/ALADDINContentBlocker.build/swift-overrides.hmap -Xcc -iquote -Xcc /Users/sergejhlystov/Library/Developer/Xcode/DerivedData/ALADDIN-eahryzmutvtbyceygnlyjsmiiaha/Build/Intermediates.noindex/ALADDIN.build/Debug-iphonesimulator/ALADDINContentBlocker.build/ALADDINContentBlocker-generated-files.hmap -Xcc -I/Users/sergejhlystov/Library/Developer/Xcode/DerivedData/ALADDIN-eahryzmutvtbyceygnlyjsmiiaha/Build/Intermediates.noindex/ALADDIN.build/Debug-iphonesimulator/ALADDINContentBlocker.build/ALADDINContentBlocker-own-target-headers.hmap -Xcc -I/Users/sergejhlystov/Library/Developer/Xcode/DerivedData/ALADDIN-eahryzmutvtbyceygnlyjsmiiaha/Build/Intermediates.noindex/ALADDIN.build/Debug-iphonesimulator/ALADDINContentBlocker.build/ALADDINContentBlocker-all-target-headers.hmap -Xcc -iquote -Xcc /Users/sergejhlystov/Library/Developer/Xcode/DerivedData/ALADDIN-eahryzmutvtbyceygnlyjsmiiaha/Build/Intermediates.noindex/ALADDIN.build/Debug-iphonesimulator/ALADDINContentBlocker.build/ALADDINContentBlocker-project-headers.hmap -Xcc -I/Users/sergejhlystov/Library/Developer/Xcode/DerivedData/ALADDIN-eahryzmutvtbyceygnlyjsmiiaha/Build/Products/Debug-iphonesimulator/include -Xcc -I/Users/sergejhlystov/Library/Developer/Xcode/DerivedData/ALADDIN-eahryzmutvtbyceygnlyjsmiiaha/Build/Intermediates.noindex/ALADDIN.build/Debug-iphonesimulator/ALADDINContentBlocker.build/DerivedSources-normal/x86_64 -Xcc -I/Users/sergejhlystov/Library/Developer/Xcode/DerivedData/ALADDIN-eahryzmutvtbyceygnlyjsmiiaha/Build/Intermediates.noindex/ALADDIN.build/Debug-iphonesimulator/ALADDINContentBlocker.build/DerivedSources/x86_64 -Xcc -I/Users/sergejhlystov/Library/Developer/Xcode/DerivedData/ALADDIN-eahryzmutvtbyceygnlyjsmiiaha/Build/Intermediates.noindex/ALADDIN.build/Debug-iphonesimulator/ALADDINContentBlocker.build/DerivedSources -Xcc -DDEBUG\=1 -module-name ALADDINContentBlocker -target-sdk-version 15.2.0 -emit-module-doc-path /Users/sergejhlystov/Library/Developer/Xcode/DerivedData/ALADDIN-eahryzmutvtbyceygnlyjsmiiaha/Build/Intermediates.noindex/ALADDIN.build/Debug-iphonesimulator/ALADDINContentBlocker.build/Objects-normal/x86_64/ALADDINContentBlocker.swiftdoc -emit-module-source-info-path /Users/sergejhlystov/Library/Developer/Xcode/DerivedData/ALADDIN-eahryzmutvtbyceygnlyjsmiiaha/Build/Intermediates.noindex/ALADDIN.build/Debug-iphonesimulator/ALADDINContentBlocker.build/Objects-normal/x86_64/ALADDINContentBlocker.swiftsourceinfo -emit-objc-header-path /Users/sergejhlystov/Library/Developer/Xcode/DerivedData/ALADDIN-eahryzmutvtbyceygnlyjsmiiaha/Build/Intermediates.noindex/ALADDIN.build/Debug-iphonesimulator/ALADDINContentBlocker.build/Objects-normal/x86_64/ALADDINContentBlocker-Swift.h -parse-as-library -o /Users/sergejhlystov/Library/Developer/Xcode/DerivedData/ALADDIN-eahryzmutvtbyceygnlyjsmiiaha/Build/Intermediates.noindex/ALADDIN.build/Debug-iphonesimulator/ALADDINContentBlocker.build/Objects-normal/x86_64/ALADDINContentBlocker.swiftmodule -emit-abi-descriptor-path /Users/sergejhlystov/Library/Developer/Xcode/DerivedData/ALADDIN-eahryzmutvtbyceygnlyjsmiiaha/Build/Intermediates.noindex/ALADDIN.build/Debug-iphonesimulator/ALADDINContentBlocker.build/Objects-normal/x86_64/ALADDINContentBlocker.abi.json

SwiftDriver\ Compilation\ Requirements ALADDINContentBlocker normal x86_64 com.apple.xcode.tools.swift.compiler (in target 'ALADDINContentBlocker' from project 'ALADDIN')
    cd /Users/sergejhlystov/ALADDIN_NEW/ALADDIN_NEW/mobile_apps/ALADDIN_iOS
    export DEVELOPER_DIR\=/Applications/Xcode.app/Contents/Developer
    export SDKROOT\=/Applications/Xcode.app/Contents/Developer/Platforms/iPhoneSimulator.platform/Developer/SDKs/iPhoneSimulator15.2.sdk
    builtin-Swift-Compilation-Requirements -- /Applications/Xcode.app/Contents/Developer/Toolchains/XcodeDefault.xctoolchain/usr/bin/swiftc -incremental -module-name ALADDINContentBlocker -Onone -enable-batch-mode -enforce-exclusivity\=checked @/Users/sergejhlystov/Library/Developer/Xcode/DerivedData/ALADDIN-eahryzmutvtbyceygnlyjsmiiaha/Build/Intermediates.noindex/ALADDIN.build/Debug-iphonesimulator/ALADDINContentBlocker.build/Objects-normal/x86_64/ALADDINContentBlocker.SwiftFileList -DDEBUG -sdk /Applications/Xcode.app/Contents/Developer/Platforms/iPhoneSimulator.platform/Developer/SDKs/iPhoneSimulator15.2.sdk -target x86_64-apple-ios15.2-simulator -g -module-cache-path /Users/sergejhlystov/Library/Developer/Xcode/DerivedData/ModuleCache.noindex -Xfrontend -serialize-debugging-options -application-extension -enable-testing -index-store-path /Users/sergejhlystov/Library/Developer/Xcode/DerivedData/ALADDIN-eahryzmutvtbyceygnlyjsmiiaha/Index/DataStore -swift-version 5 -I /Users/sergejhlystov/Library/Developer/Xcode/DerivedData/ALADDIN-eahryzmutvtbyceygnlyjsmiiaha/Build/Products/Debug-iphonesimulator -F /Users/sergejhlystov/Library/Developer/Xcode/DerivedData/ALADDIN-eahryzmutvtbyceygnlyjsmiiaha/Build/Products/Debug-iphonesimulator -parse-as-library -emit-localized-strings -emit-localized-strings-path /Users/sergejhlystov/Library/Developer/Xcode/DerivedData/ALADDIN-eahryzmutvtbyceygnlyjsmiiaha/Build/Intermediates.noindex/ALADDIN.build/Debug-iphonesimulator/ALADDINContentBlocker.build/Objects-normal/x86_64 -c -j8 -output-file-map /Users/sergejhlystov/Library/Developer/Xcode/DerivedData/ALADDIN-eahryzmutvtbyceygnlyjsmiiaha/Build/Intermediates.noindex/ALADDIN.build/Debug-iphonesimulator/ALADDINContentBlocker.build/Objects-normal/x86_64/ALADDINContentBlocker-OutputFileMap.json -save-temps -no-color-diagnostics -serialize-diagnostics -emit-dependencies -emit-module -emit-module-path /Users/sergejhlystov/Library/Developer/Xcode/DerivedData/ALADDIN-eahryzmutvtbyceygnlyjsmiiaha/Build/Intermediates.noindex/ALADDIN.build/Debug-iphonesimulator/ALADDINContentBlocker.build/Objects-normal/x86_64/ALADDINContentBlocker.swiftmodule -Xcc -I/Users/sergejhlystov/Library/Developer/Xcode/DerivedData/ALADDIN-eahryzmutvtbyceygnlyjsmiiaha/Build/Intermediates.noindex/ALADDIN.build/Debug-iphonesimulator/ALADDINContentBlocker.build/swift-overrides.hmap -Xcc -iquote -Xcc /Users/sergejhlystov/Library/Developer/Xcode/DerivedData/ALADDIN-eahryzmutvtbyceygnlyjsmiiaha/Build/Intermediates.noindex/ALADDIN.build/Debug-iphonesimulator/ALADDINContentBlocker.build/ALADDINContentBlocker-generated-files.hmap -Xcc -I/Users/sergejhlystov/Library/Developer/Xcode/DerivedData/ALADDIN-eahryzmutvtbyceygnlyjsmiiaha/Build/Intermediates.noindex/ALADDIN.build/Debug-iphonesimulator/ALADDINContentBlocker.build/ALADDINContentBlocker-own-target-headers.hmap -Xcc -I/Users/sergejhlystov/Library/Developer/Xcode/DerivedData/ALADDIN-eahryzmutvtbyceygnlyjsmiiaha/Build/Intermediates.noindex/ALADDIN.build/Debug-iphonesimulator/ALADDINContentBlocker.build/ALADDINContentBlocker-all-target-headers.hmap -Xcc -iquote -Xcc /Users/sergejhlystov/Library/Developer/Xcode/DerivedData/ALADDIN-eahryzmutvtbyceygnlyjsmiiaha/Build/Intermediates.noindex/ALADDIN.build/Debug-iphonesimulator/ALADDINContentBlocker.build/ALADDINContentBlocker-project-headers.hmap -Xcc -I/Users/sergejhlystov/Library/Developer/Xcode/DerivedData/ALADDIN-eahryzmutvtbyceygnlyjsmiiaha/Build/Products/Debug-iphonesimulator/include -Xcc -I/Users/sergejhlystov/Library/Developer/Xcode/DerivedData/ALADDIN-eahryzmutvtbyceygnlyjsmiiaha/Build/Intermediates.noindex/ALADDIN.build/Debug-iphonesimulator/ALADDINContentBlocker.build/DerivedSources-normal/x86_64 -Xcc -I/Users/sergejhlystov/Library/Developer/Xcode/DerivedData/ALADDIN-eahryzmutvtbyceygnlyjsmiiaha/Build/Intermediates.noindex/ALADDIN.build/Debug-iphonesimulator/ALADDINContentBlocker.build/DerivedSources/x86_64 -Xcc -I/Users/sergejhlystov/Library/Developer/Xcode/DerivedData/ALADDIN-eahryzmutvtbyceygnlyjsmiiaha/Build/Intermediates.noindex/ALADDIN.build/Debug-iphonesimulator/ALADDINContentBlocker.build/DerivedSources -Xcc -DDEBUG\=1 -emit-objc-header -emit-objc-header-path /Users/sergejhlystov/Library/Developer/Xcode/DerivedData/ALADDIN-eahryzmutvtbyceygnlyjsmiiaha/Build/Intermediates.noindex/ALADDIN.build/Debug-iphonesimulator/ALADDINContentBlocker.build/Objects-normal/x86_64/ALADDINContentBlocker-Swift.h -working-directory /Users/sergejhlystov/ALADDIN_NEW/ALADDIN_NEW/mobile_apps/ALADDIN_iOS -experimental-emit-module-separately

PBXCp /Users/sergejhlystov/Library/Developer/Xcode/DerivedData/ALADDIN-eahryzmutvtbyceygnlyjsmiiaha/Build/Intermediates.noindex/ALADDIN.build/Debug-iphonesimulator/ALADDINContentBlocker.build/Objects-normal/x86_64/ALADDINContentBlocker-Swift.h /Users/sergejhlystov/Library/Developer/Xcode/DerivedData/ALADDIN-eahryzmutvtbyceygnlyjsmiiaha/Build/Intermediates.noindex/ALADDIN.build/Debug-iphonesimulator/ALADDINContentBlocker.build/DerivedSources/ALADDINContentBlocker-Swift.h (in target 'ALADDINContentBlocker' from project 'ALADDIN')
    cd /Users/sergejhlystov/ALADDIN_NEW/ALADDIN_NEW/mobile_apps/ALADDIN_iOS
    builtin-copy -exclude .DS_Store -exclude CVS -exclude .svn -exclude .git -exclude .hg -resolve-src-symlinks /Users/sergejhlystov/Library/Developer/Xcode/DerivedData/ALADDIN-eahryzmutvtbyceygnlyjsmiiaha/Build/Intermediates.noindex/ALADDIN.build/Debug-iphonesimulator/ALADDINContentBlocker.build/Objects-normal/x86_64/ALADDINContentBlocker-Swift.h /Users/sergejhlystov/Library/Developer/Xcode/DerivedData/ALADDIN-eahryzmutvtbyceygnlyjsmiiaha/Build/Intermediates.noindex/ALADDIN.build/Debug-iphonesimulator/ALADDINContentBlocker.build/DerivedSources

PBXCp /Users/sergejhlystov/Library/Developer/Xcode/DerivedData/ALADDIN-eahryzmutvtbyceygnlyjsmiiaha/Build/Intermediates.noindex/ALADDIN.build/Debug-iphonesimulator/ALADDINContentBlocker.build/Objects-normal/x86_64/ALADDINContentBlocker.swiftmodule /Users/sergejhlystov/Library/Developer/Xcode/DerivedData/ALADDIN-eahryzmutvtbyceygnlyjsmiiaha/Build/Products/Debug-iphonesimulator/ALADDINContentBlocker.swiftmodule/x86_64-apple-ios-simulator.swiftmodule (in target 'ALADDINContentBlocker' from project 'ALADDIN')
    cd /Users/sergejhlystov/ALADDIN_NEW/ALADDIN_NEW/mobile_apps/ALADDIN_iOS
    builtin-copy -exclude .DS_Store -exclude CVS -exclude .svn -exclude .git -exclude .hg -resolve-src-symlinks -rename /Users/sergejhlystov/Library/Developer/Xcode/DerivedData/ALADDIN-eahryzmutvtbyceygnlyjsmiiaha/Build/Intermediates.noindex/ALADDIN.build/Debug-iphonesimulator/ALADDINContentBlocker.build/Objects-normal/x86_64/ALADDINContentBlocker.swiftmodule /Users/sergejhlystov/Library/Developer/Xcode/DerivedData/ALADDIN-eahryzmutvtbyceygnlyjsmiiaha/Build/Products/Debug-iphonesimulator/ALADDINContentBlocker.swiftmodule/x86_64-apple-ios-simulator.swiftmodule

PBXCp /Users/sergejhlystov/Library/Developer/Xcode/DerivedData/ALADDIN-eahryzmutvtbyceygnlyjsmiiaha/Build/Intermediates.noindex/ALADDIN.build/Debug-iphonesimulator/ALADDINContentBlocker.build/Objects-normal/x86_64/ALADDINContentBlocker.swiftmodule /Users/sergejhlystov/Library/Developer/Xcode/DerivedData/ALADDIN-eahryzmutvtbyceygnlyjsmiiaha/Build/Products/Debug-iphonesimulator/ALADDINContentBlocker.swiftmodule/x86_64.swiftmodule (in target 'ALADDINContentBlocker' from project 'ALADDIN')
    cd /Users/sergejhlystov/ALADDIN_NEW/ALADDIN_NEW/mobile_apps/ALADDIN_iOS
    builtin-copy -exclude .DS_Store -exclude CVS -exclude .svn -exclude .git -exclude .hg -resolve-src-symlinks -rename /Users/sergejhlystov/Library/Developer/Xcode/DerivedData/ALADDIN-eahryzmutvtbyceygnlyjsmiiaha/Build/Intermediates.noindex/ALADDIN.build/Debug-iphonesimulator/ALADDINContentBlocker.build/Objects-normal/x86_64/ALADDINContentBlocker.swiftmodule /Users/sergejhlystov/Library/Developer/Xcode/DerivedData/ALADDIN-eahryzmutvtbyceygnlyjsmiiaha/Build/Products/Debug-iphonesimulator/ALADDINContentBlocker.swiftmodule/x86_64.swiftmodule

PBXCp /Users/sergejhlystov/Library/Developer/Xcode/DerivedData/ALADDIN-eahryzmutvtbyceygnlyjsmiiaha/Build/Intermediates.noindex/ALADDIN.build/Debug-iphonesimulator/ALADDINContentBlocker.build/Objects-normal/x86_64/ALADDINContentBlocker.swiftdoc /Users/sergejhlystov/Library/Developer/Xcode/DerivedData/ALADDIN-eahryzmutvtbyceygnlyjsmiiaha/Build/Products/Debug-iphonesimulator/ALADDINContentBlocker.swiftmodule/x86_64-apple-ios-simulator.swiftdoc (in target 'ALADDINContentBlocker' from project 'ALADDIN')
    cd /Users/sergejhlystov/ALADDIN_NEW/ALADDIN_NEW/mobile_apps/ALADDIN_iOS
    builtin-copy -exclude .DS_Store -exclude CVS -exclude .svn -exclude .git -exclude .hg -resolve-src-symlinks -rename /Users/sergejhlystov/Library/Developer/Xcode/DerivedData/ALADDIN-eahryzmutvtbyceygnlyjsmiiaha/Build/Intermediates.noindex/ALADDIN.build/Debug-iphonesimulator/ALADDINContentBlocker.build/Objects-normal/x86_64/ALADDINContentBlocker.swiftdoc /Users/sergejhlystov/Library/Developer/Xcode/DerivedData/ALADDIN-eahryzmutvtbyceygnlyjsmiiaha/Build/Products/Debug-iphonesimulator/ALADDINContentBlocker.swiftmodule/x86_64-apple-ios-simulator.swiftdoc

PBXCp /Users/sergejhlystov/Library/Developer/Xcode/DerivedData/ALADDIN-eahryzmutvtbyceygnlyjsmiiaha/Build/Intermediates.noindex/ALADDIN.build/Debug-iphonesimulator/ALADDINContentBlocker.build/Objects-normal/x86_64/ALADDINContentBlocker.swiftdoc /Users/sergejhlystov/Library/Developer/Xcode/DerivedData/ALADDIN-eahryzmutvtbyceygnlyjsmiiaha/Build/Products/Debug-iphonesimulator/ALADDINContentBlocker.swiftmodule/x86_64.swiftdoc (in target 'ALADDINContentBlocker' from project 'ALADDIN')
    cd /Users/sergejhlystov/ALADDIN_NEW/ALADDIN_NEW/mobile_apps/ALADDIN_iOS
    builtin-copy -exclude .DS_Store -exclude CVS -exclude .svn -exclude .git -exclude .hg -resolve-src-symlinks -rename /Users/sergejhlystov/Library/Developer/Xcode/DerivedData/ALADDIN-eahryzmutvtbyceygnlyjsmiiaha/Build/Intermediates.noindex/ALADDIN.build/Debug-iphonesimulator/ALADDINContentBlocker.build/Objects-normal/x86_64/ALADDINContentBlocker.swiftdoc /Users/sergejhlystov/Library/Developer/Xcode/DerivedData/ALADDIN-eahryzmutvtbyceygnlyjsmiiaha/Build/Products/Debug-iphonesimulator/ALADDINContentBlocker.swiftmodule/x86_64.swiftdoc

PBXCp /Users/sergejhlystov/Library/Developer/Xcode/DerivedData/ALADDIN-eahryzmutvtbyceygnlyjsmiiaha/Build/Intermediates.noindex/ALADDIN.build/Debug-iphonesimulator/ALADDINContentBlocker.build/Objects-normal/x86_64/ALADDINContentBlocker.swiftsourceinfo /Users/sergejhlystov/Library/Developer/Xcode/DerivedData/ALADDIN-eahryzmutvtbyceygnlyjsmiiaha/Build/Products/Debug-iphonesimulator/ALADDINContentBlocker.swiftmodule/Project/x86_64-apple-ios-simulator.swiftsourceinfo (in target 'ALADDINContentBlocker' from project 'ALADDIN')
    cd /Users/sergejhlystov/ALADDIN_NEW/ALADDIN_NEW/mobile_apps/ALADDIN_iOS
    builtin-copy -exclude .DS_Store -exclude CVS -exclude .svn -exclude .git -exclude .hg -resolve-src-symlinks -rename /Users/sergejhlystov/Library/Developer/Xcode/DerivedData/ALADDIN-eahryzmutvtbyceygnlyjsmiiaha/Build/Intermediates.noindex/ALADDIN.build/Debug-iphonesimulator/ALADDINContentBlocker.build/Objects-normal/x86_64/ALADDINContentBlocker.swiftsourceinfo /Users/sergejhlystov/Library/Developer/Xcode/DerivedData/ALADDIN-eahryzmutvtbyceygnlyjsmiiaha/Build/Products/Debug-iphonesimulator/ALADDINContentBlocker.swiftmodule/Project/x86_64-apple-ios-simulator.swiftsourceinfo

PBXCp /Users/sergejhlystov/Library/Developer/Xcode/DerivedData/ALADDIN-eahryzmutvtbyceygnlyjsmiiaha/Build/Intermediates.noindex/ALADDIN.build/Debug-iphonesimulator/ALADDINContentBlocker.build/Objects-normal/x86_64/ALADDINContentBlocker.swiftsourceinfo /Users/sergejhlystov/Library/Developer/Xcode/DerivedData/ALADDIN-eahryzmutvtbyceygnlyjsmiiaha/Build/Products/Debug-iphonesimulator/ALADDINContentBlocker.swiftmodule/Project/x86_64.swiftsourceinfo (in target 'ALADDINContentBlocker' from project 'ALADDIN')
    cd /Users/sergejhlystov/ALADDIN_NEW/ALADDIN_NEW/mobile_apps/ALADDIN_iOS
    builtin-copy -exclude .DS_Store -exclude CVS -exclude .svn -exclude .git -exclude .hg -resolve-src-symlinks -rename /Users/sergejhlystov/Library/Developer/Xcode/DerivedData/ALADDIN-eahryzmutvtbyceygnlyjsmiiaha/Build/Intermediates.noindex/ALADDIN.build/Debug-iphonesimulator/ALADDINContentBlocker.build/Objects-normal/x86_64/ALADDINContentBlocker.swiftsourceinfo /Users/sergejhlystov/Library/Developer/Xcode/DerivedData/ALADDIN-eahryzmutvtbyceygnlyjsmiiaha/Build/Products/Debug-iphonesimulator/ALADDINContentBlocker.swiftmodule/Project/x86_64.swiftsourceinfo

SwiftDriverJob-Compile normal x86_64 Compiling\ ActionRequestHandler.swift /Users/sergejhlystov/ALADDIN_NEW/ALADDIN_NEW/mobile_apps/ALADDIN_iOS/ALADDINContentBlocker/ActionRequestHandler.swift (in target 'ALADDINContentBlocker' from project 'ALADDIN')
    cd /Users/sergejhlystov/ALADDIN_NEW/ALADDIN_NEW/mobile_apps/ALADDIN_iOS
    export DEVELOPER_DIR\=/Applications/Xcode.app/Contents/Developer
    export SDKROOT\=/Applications/Xcode.app/Contents/Developer/Platforms/iPhoneSimulator.platform/Developer/SDKs/iPhoneSimulator15.2.sdk
    builtin-swiftDriverJobExecution -- /Applications/Xcode.app/Contents/Developer/Toolchains/XcodeDefault.xctoolchain/usr/bin/swift-frontend -frontend -c -primary-file /Users/sergejhlystov/ALADDIN_NEW/ALADDIN_NEW/mobile_apps/ALADDIN_iOS/ALADDINContentBlocker/ActionRequestHandler.swift -emit-dependencies-path /Users/sergejhlystov/Library/Developer/Xcode/DerivedData/ALADDIN-eahryzmutvtbyceygnlyjsmiiaha/Build/Intermediates.noindex/ALADDIN.build/Debug-iphonesimulator/ALADDINContentBlocker.build/Objects-normal/x86_64/ActionRequestHandler.d -emit-reference-dependencies-path /Users/sergejhlystov/Library/Developer/Xcode/DerivedData/ALADDIN-eahryzmutvtbyceygnlyjsmiiaha/Build/Intermediates.noindex/ALADDIN.build/Debug-iphonesimulator/ALADDINContentBlocker.build/Objects-normal/x86_64/ActionRequestHandler.swiftdeps -serialize-diagnostics-path /Users/sergejhlystov/Library/Developer/Xcode/DerivedData/ALADDIN-eahryzmutvtbyceygnlyjsmiiaha/Build/Intermediates.noindex/ALADDIN.build/Debug-iphonesimulator/ALADDINContentBlocker.build/Objects-normal/x86_64/ActionRequestHandler.dia -target x86_64-apple-ios15.2-simulator -enable-objc-interop -sdk /Applications/Xcode.app/Contents/Developer/Platforms/iPhoneSimulator.platform/Developer/SDKs/iPhoneSimulator15.2.sdk -I /Users/sergejhlystov/Library/Developer/Xcode/DerivedData/ALADDIN-eahryzmutvtbyceygnlyjsmiiaha/Build/Products/Debug-iphonesimulator -F /Users/sergejhlystov/Library/Developer/Xcode/DerivedData/ALADDIN-eahryzmutvtbyceygnlyjsmiiaha/Build/Products/Debug-iphonesimulator -no-color-diagnostics -application-extension -enable-testing -g -module-cache-path /Users/sergejhlystov/Library/Developer/Xcode/DerivedData/ModuleCache.noindex -emit-localized-strings -emit-localized-strings-path /Users/sergejhlystov/Library/Developer/Xcode/DerivedData/ALADDIN-eahryzmutvtbyceygnlyjsmiiaha/Build/Intermediates.noindex/ALADDIN.build/Debug-iphonesimulator/ALADDINContentBlocker.build/Objects-normal/x86_64 -swift-version 5 -enforce-exclusivity\=checked -Onone -D DEBUG -serialize-debugging-options -Xcc -working-directory -Xcc /Users/sergejhlystov/ALADDIN_NEW/ALADDIN_NEW/mobile_apps/ALADDIN_iOS -resource-dir /Applications/Xcode.app/Contents/Developer/Toolchains/XcodeDefault.xctoolchain/usr/lib/swift -enable-anonymous-context-mangled-names -Xcc -I/Users/sergejhlystov/Library/Developer/Xcode/DerivedData/ALADDIN-eahryzmutvtbyceygnlyjsmiiaha/Build/Intermediates.noindex/ALADDIN.build/Debug-iphonesimulator/ALADDINContentBlocker.build/swift-overrides.hmap -Xcc -iquote -Xcc /Users/sergejhlystov/Library/Developer/Xcode/DerivedData/ALADDIN-eahryzmutvtbyceygnlyjsmiiaha/Build/Intermediates.noindex/ALADDIN.build/Debug-iphonesimulator/ALADDINContentBlocker.build/ALADDINContentBlocker-generated-files.hmap -Xcc -I/Users/sergejhlystov/Library/Developer/Xcode/DerivedData/ALADDIN-eahryzmutvtbyceygnlyjsmiiaha/Build/Intermediates.noindex/ALADDIN.build/Debug-iphonesimulator/ALADDINContentBlocker.build/ALADDINContentBlocker-own-target-headers.hmap -Xcc -I/Users/sergejhlystov/Library/Developer/Xcode/DerivedData/ALADDIN-eahryzmutvtbyceygnlyjsmiiaha/Build/Intermediates.noindex/ALADDIN.build/Debug-iphonesimulator/ALADDINContentBlocker.build/ALADDINContentBlocker-all-target-headers.hmap -Xcc -iquote -Xcc /Users/sergejhlystov/Library/Developer/Xcode/DerivedData/ALADDIN-eahryzmutvtbyceygnlyjsmiiaha/Build/Intermediates.noindex/ALADDIN.build/Debug-iphonesimulator/ALADDINContentBlocker.build/ALADDINContentBlocker-project-headers.hmap -Xcc -I/Users/sergejhlystov/Library/Developer/Xcode/DerivedData/ALADDIN-eahryzmutvtbyceygnlyjsmiiaha/Build/Products/Debug-iphonesimulator/include -Xcc -I/Users/sergejhlystov/Library/Developer/Xcode/DerivedData/ALADDIN-eahryzmutvtbyceygnlyjsmiiaha/Build/Intermediates.noindex/ALADDIN.build/Debug-iphonesimulator/ALADDINContentBlocker.build/DerivedSources-normal/x86_64 -Xcc -I/Users/sergejhlystov/Library/Developer/Xcode/DerivedData/ALADDIN-eahryzmutvtbyceygnlyjsmiiaha/Build/Intermediates.noindex/ALADDIN.build/Debug-iphonesimulator/ALADDINContentBlocker.build/DerivedSources/x86_64 -Xcc -I/Users/sergejhlystov/Library/Developer/Xcode/DerivedData/ALADDIN-eahryzmutvtbyceygnlyjsmiiaha/Build/Intermediates.noindex/ALADDIN.build/Debug-iphonesimulator/ALADDINContentBlocker.build/DerivedSources -Xcc -DDEBUG\=1 -module-name ALADDINContentBlocker -target-sdk-version 15.2.0 -parse-as-library -o /Users/sergejhlystov/Library/Developer/Xcode/DerivedData/ALADDIN-eahryzmutvtbyceygnlyjsmiiaha/Build/Intermediates.noindex/ALADDIN.build/Debug-iphonesimulator/ALADDINContentBlocker.build/Objects-normal/x86_64/ActionRequestHandler.o -index-store-path /Users/sergejhlystov/Library/Developer/Xcode/DerivedData/ALADDIN-eahryzmutvtbyceygnlyjsmiiaha/Index/DataStore -index-system-modules

WriteAuxiliaryFile /Users/sergejhlystov/Library/Developer/Xcode/DerivedData/ALADDIN-eahryzmutvtbyceygnlyjsmiiaha/Build/Intermediates.noindex/ALADDIN.build/Debug-iphonesimulator/ALADDIN.build/DerivedSources/Entitlements.plist (in target 'ALADDIN' from project 'ALADDIN')
    cd /Users/sergejhlystov/ALADDIN_NEW/ALADDIN_NEW/mobile_apps/ALADDIN_iOS
    write-file /Users/sergejhlystov/Library/Developer/Xcode/DerivedData/ALADDIN-eahryzmutvtbyceygnlyjsmiiaha/Build/Intermediates.noindex/ALADDIN.build/Debug-iphonesimulator/ALADDIN.build/DerivedSources/Entitlements.plist

WriteAuxiliaryFile /Users/sergejhlystov/Library/Developer/Xcode/DerivedData/ALADDIN-eahryzmutvtbyceygnlyjsmiiaha/Build/Intermediates.noindex/ALADDIN.build/Debug-iphonesimulator/ALADDIN.build/DerivedSources/Entitlements-Simulated.plist (in target 'ALADDIN' from project 'ALADDIN')
    cd /Users/sergejhlystov/ALADDIN_NEW/ALADDIN_NEW/mobile_apps/ALADDIN_iOS
    write-file /Users/sergejhlystov/Library/Developer/Xcode/DerivedData/ALADDIN-eahryzmutvtbyceygnlyjsmiiaha/Build/Intermediates.noindex/ALADDIN.build/Debug-iphonesimulator/ALADDIN.build/DerivedSources/Entitlements-Simulated.plist

ProcessProductPackaging "" /Users/sergejhlystov/Library/Developer/Xcode/DerivedData/ALADDIN-eahryzmutvtbyceygnlyjsmiiaha/Build/Intermediates.noindex/ALADDIN.build/Debug-iphonesimulator/ALADDIN.build/ALADDIN.app.xcent (in target 'ALADDIN' from project 'ALADDIN')
    cd /Users/sergejhlystov/ALADDIN_NEW/ALADDIN_NEW/mobile_apps/ALADDIN_iOS
    
    Entitlements:
    
    {
    "com.apple.security.get-task-allow" = 1;
}
    
    builtin-productPackagingUtility -entitlements -format xml -o /Users/sergejhlystov/Library/Developer/Xcode/DerivedData/ALADDIN-eahryzmutvtbyceygnlyjsmiiaha/Build/Intermediates.noindex/ALADDIN.build/Debug-iphonesimulator/ALADDIN.build/ALADDIN.app.xcent

ProcessProductPackaging "" /Users/sergejhlystov/Library/Developer/Xcode/DerivedData/ALADDIN-eahryzmutvtbyceygnlyjsmiiaha/Build/Intermediates.noindex/ALADDIN.build/Debug-iphonesimulator/ALADDIN.build/ALADDIN.app-Simulated.xcent (in target 'ALADDIN' from project 'ALADDIN')
    cd /Users/sergejhlystov/ALADDIN_NEW/ALADDIN_NEW/mobile_apps/ALADDIN_iOS
    
    Entitlements:
    
    {
    "application-identifier" = "6CJVBBUGSN.family.aladdin.ios";
    "keychain-access-groups" =     (
        "6CJVBBUGSN.family.aladdin.ios"
    );
}
    
    builtin-productPackagingUtility -entitlements -format xml -o /Users/sergejhlystov/Library/Developer/Xcode/DerivedData/ALADDIN-eahryzmutvtbyceygnlyjsmiiaha/Build/Intermediates.noindex/ALADDIN.build/Debug-iphonesimulator/ALADDIN.build/ALADDIN.app-Simulated.xcent

WriteAuxiliaryFile /Users/sergejhlystov/Library/Developer/Xcode/DerivedData/ALADDIN-eahryzmutvtbyceygnlyjsmiiaha/Build/Intermediates.noindex/ALADDIN.build/Debug-iphonesimulator/ALADDIN.build/all-product-headers.yaml (in target 'ALADDIN' from project 'ALADDIN')
    cd /Users/sergejhlystov/ALADDIN_NEW/ALADDIN_NEW/mobile_apps/ALADDIN_iOS
    write-file /Users/sergejhlystov/Library/Developer/Xcode/DerivedData/ALADDIN-eahryzmutvtbyceygnlyjsmiiaha/Build/Intermediates.noindex/ALADDIN.build/Debug-iphonesimulator/ALADDIN.build/all-product-headers.yaml

WriteAuxiliaryFile /Users/sergejhlystov/Library/Developer/Xcode/DerivedData/ALADDIN-eahryzmutvtbyceygnlyjsmiiaha/Build/Intermediates.noindex/ALADDIN.build/Debug-iphonesimulator/ALADDIN.build/ALADDIN-project-headers.hmap (in target 'ALADDIN' from project 'ALADDIN')
    cd /Users/sergejhlystov/ALADDIN_NEW/ALADDIN_NEW/mobile_apps/ALADDIN_iOS
    write-file /Users/sergejhlystov/Library/Developer/Xcode/DerivedData/ALADDIN-eahryzmutvtbyceygnlyjsmiiaha/Build/Intermediates.noindex/ALADDIN.build/Debug-iphonesimulator/ALADDIN.build/ALADDIN-project-headers.hmap

WriteAuxiliaryFile /Users/sergejhlystov/Library/Developer/Xcode/DerivedData/ALADDIN-eahryzmutvtbyceygnlyjsmiiaha/Build/Intermediates.noindex/ALADDIN.build/Debug-iphonesimulator/ALADDIN.build/ALADDIN.hmap (in target 'ALADDIN' from project 'ALADDIN')
    cd /Users/sergejhlystov/ALADDIN_NEW/ALADDIN_NEW/mobile_apps/ALADDIN_iOS
    write-file /Users/sergejhlystov/Library/Developer/Xcode/DerivedData/ALADDIN-eahryzmutvtbyceygnlyjsmiiaha/Build/Intermediates.noindex/ALADDIN.build/Debug-iphonesimulator/ALADDIN.build/ALADDIN.hmap

WriteAuxiliaryFile /Users/sergejhlystov/Library/Developer/Xcode/DerivedData/ALADDIN-eahryzmutvtbyceygnlyjsmiiaha/Build/Intermediates.noindex/ALADDIN.build/Debug-iphonesimulator/ALADDIN.build/ALADDIN-generated-files.hmap (in target 'ALADDIN' from project 'ALADDIN')
    cd /Users/sergejhlystov/ALADDIN_NEW/ALADDIN_NEW/mobile_apps/ALADDIN_iOS
    write-file /Users/sergejhlystov/Library/Developer/Xcode/DerivedData/ALADDIN-eahryzmutvtbyceygnlyjsmiiaha/Build/Intermediates.noindex/ALADDIN.build/Debug-iphonesimulator/ALADDIN.build/ALADDIN-generated-files.hmap

WriteAuxiliaryFile /Users/sergejhlystov/Library/Developer/Xcode/DerivedData/ALADDIN-eahryzmutvtbyceygnlyjsmiiaha/Build/Intermediates.noindex/ALADDIN.build/Debug-iphonesimulator/ALADDIN.build/ALADDIN-own-target-headers.hmap (in target 'ALADDIN' from project 'ALADDIN')
    cd /Users/sergejhlystov/ALADDIN_NEW/ALADDIN_NEW/mobile_apps/ALADDIN_iOS
    write-file /Users/sergejhlystov/Library/Developer/Xcode/DerivedData/ALADDIN-eahryzmutvtbyceygnlyjsmiiaha/Build/Intermediates.noindex/ALADDIN.build/Debug-iphonesimulator/ALADDIN.build/ALADDIN-own-target-headers.hmap

WriteAuxiliaryFile /Users/sergejhlystov/Library/Developer/Xcode/DerivedData/ALADDIN-eahryzmutvtbyceygnlyjsmiiaha/Build/Intermediates.noindex/ALADDIN.build/Debug-iphonesimulator/ALADDIN.build/ALADDIN-all-target-headers.hmap (in target 'ALADDIN' from project 'ALADDIN')
    cd /Users/sergejhlystov/ALADDIN_NEW/ALADDIN_NEW/mobile_apps/ALADDIN_iOS
    write-file /Users/sergejhlystov/Library/Developer/Xcode/DerivedData/ALADDIN-eahryzmutvtbyceygnlyjsmiiaha/Build/Intermediates.noindex/ALADDIN.build/Debug-iphonesimulator/ALADDIN.build/ALADDIN-all-target-headers.hmap

WriteAuxiliaryFile /Users/sergejhlystov/Library/Developer/Xcode/DerivedData/ALADDIN-eahryzmutvtbyceygnlyjsmiiaha/Build/Intermediates.noindex/ALADDIN.build/Debug-iphonesimulator/ALADDIN.build/ALADDIN-all-non-framework-target-headers.hmap (in target 'ALADDIN' from project 'ALADDIN')
    cd /Users/sergejhlystov/ALADDIN_NEW/ALADDIN_NEW/mobile_apps/ALADDIN_iOS
    write-file /Users/sergejhlystov/Library/Developer/Xcode/DerivedData/ALADDIN-eahryzmutvtbyceygnlyjsmiiaha/Build/Intermediates.noindex/ALADDIN.build/Debug-iphonesimulator/ALADDIN.build/ALADDIN-all-non-framework-target-headers.hmap

WriteAuxiliaryFile /Users/sergejhlystov/Library/Developer/Xcode/DerivedData/ALADDIN-eahryzmutvtbyceygnlyjsmiiaha/Build/Intermediates.noindex/ALADDIN.build/Debug-iphonesimulator/ALADDIN.build/Objects-normal/x86_64/ALADDIN-OutputFileMap.json (in target 'ALADDIN' from project 'ALADDIN')
    cd /Users/sergejhlystov/ALADDIN_NEW/ALADDIN_NEW/mobile_apps/ALADDIN_iOS
    write-file /Users/sergejhlystov/Library/Developer/Xcode/DerivedData/ALADDIN-eahryzmutvtbyceygnlyjsmiiaha/Build/Intermediates.noindex/ALADDIN.build/Debug-iphonesimulator/ALADDIN.build/Objects-normal/x86_64/ALADDIN-OutputFileMap.json

WriteAuxiliaryFile /Users/sergejhlystov/Library/Developer/Xcode/DerivedData/ALADDIN-eahryzmutvtbyceygnlyjsmiiaha/Build/Intermediates.noindex/ALADDIN.build/Debug-iphonesimulator/ALADDIN.build/Objects-normal/x86_64/ALADDIN.SwiftFileList (in target 'ALADDIN' from project 'ALADDIN')
    cd /Users/sergejhlystov/ALADDIN_NEW/ALADDIN_NEW/mobile_apps/ALADDIN_iOS
    write-file /Users/sergejhlystov/Library/Developer/Xcode/DerivedData/ALADDIN-eahryzmutvtbyceygnlyjsmiiaha/Build/Intermediates.noindex/ALADDIN.build/Debug-iphonesimulator/ALADDIN.build/Objects-normal/x86_64/ALADDIN.SwiftFileList

SwiftDriver ALADDIN normal x86_64 com.apple.xcode.tools.swift.compiler (in target 'ALADDIN' from project 'ALADDIN')
    cd /Users/sergejhlystov/ALADDIN_NEW/ALADDIN_NEW/mobile_apps/ALADDIN_iOS
    export DEVELOPER_DIR\=/Applications/Xcode.app/Contents/Developer
    export SDKROOT\=/Applications/Xcode.app/Contents/Developer/Platforms/iPhoneSimulator.platform/Developer/SDKs/iPhoneSimulator15.2.sdk
    builtin-SwiftDriver -o /Users/sergejhlystov/Library/Developer/Xcode/DerivedData/ALADDIN-eahryzmutvtbyceygnlyjsmiiaha/Build/Intermediates.noindex/ALADDIN.build/Debug-iphonesimulator/ALADDIN.build/Objects-normal/x86_64/ALADDIN\ Swift\ Driver\ Planning\ Finished -- /Applications/Xcode.app/Contents/Developer/Toolchains/XcodeDefault.xctoolchain/usr/bin/swiftc -incremental -module-name ALADDIN -Onone -enable-batch-mode -enforce-exclusivity\=checked @/Users/sergejhlystov/Library/Developer/Xcode/DerivedData/ALADDIN-eahryzmutvtbyceygnlyjsmiiaha/Build/Intermediates.noindex/ALADDIN.build/Debug-iphonesimulator/ALADDIN.build/Objects-normal/x86_64/ALADDIN.SwiftFileList -DDEBUG -sdk /Applications/Xcode.app/Contents/Developer/Platforms/iPhoneSimulator.platform/Developer/SDKs/iPhoneSimulator15.2.sdk -target x86_64-apple-ios15.2-simulator -g -module-cache-path /Users/sergejhlystov/Library/Developer/Xcode/DerivedData/ModuleCache.noindex -Xfrontend -serialize-debugging-options -enable-testing -index-store-path /Users/sergejhlystov/Library/Developer/Xcode/DerivedData/ALADDIN-eahryzmutvtbyceygnlyjsmiiaha/Index/DataStore -swift-version 5 -I /Users/sergejhlystov/Library/Developer/Xcode/DerivedData/ALADDIN-eahryzmutvtbyceygnlyjsmiiaha/Build/Products/Debug-iphonesimulator -F /Users/sergejhlystov/Library/Developer/Xcode/DerivedData/ALADDIN-eahryzmutvtbyceygnlyjsmiiaha/Build/Products/Debug-iphonesimulator -emit-localized-strings -emit-localized-strings-path /Users/sergejhlystov/Library/Developer/Xcode/DerivedData/ALADDIN-eahryzmutvtbyceygnlyjsmiiaha/Build/Intermediates.noindex/ALADDIN.build/Debug-iphonesimulator/ALADDIN.build/Objects-normal/x86_64 -c -j8 -output-file-map /Users/sergejhlystov/Library/Developer/Xcode/DerivedData/ALADDIN-eahryzmutvtbyceygnlyjsmiiaha/Build/Intermediates.noindex/ALADDIN.build/Debug-iphonesimulator/ALADDIN.build/Objects-normal/x86_64/ALADDIN-OutputFileMap.json -save-temps -no-color-diagnostics -serialize-diagnostics -emit-dependencies -emit-module -emit-module-path /Users/sergejhlystov/Library/Developer/Xcode/DerivedData/ALADDIN-eahryzmutvtbyceygnlyjsmiiaha/Build/Intermediates.noindex/ALADDIN.build/Debug-iphonesimulator/ALADDIN.build/Objects-normal/x86_64/ALADDIN.swiftmodule -Xcc -I/Users/sergejhlystov/Library/Developer/Xcode/DerivedData/ALADDIN-eahryzmutvtbyceygnlyjsmiiaha/Build/Intermediates.noindex/ALADDIN.build/Debug-iphonesimulator/ALADDIN.build/swift-overrides.hmap -Xcc -iquote -Xcc /Users/sergejhlystov/Library/Developer/Xcode/DerivedData/ALADDIN-eahryzmutvtbyceygnlyjsmiiaha/Build/Intermediates.noindex/ALADDIN.build/Debug-iphonesimulator/ALADDIN.build/ALADDIN-generated-files.hmap -Xcc -I/Users/sergejhlystov/Library/Developer/Xcode/DerivedData/ALADDIN-eahryzmutvtbyceygnlyjsmiiaha/Build/Intermediates.noindex/ALADDIN.build/Debug-iphonesimulator/ALADDIN.build/ALADDIN-own-target-headers.hmap -Xcc -I/Users/sergejhlystov/Library/Developer/Xcode/DerivedData/ALADDIN-eahryzmutvtbyceygnlyjsmiiaha/Build/Intermediates.noindex/ALADDIN.build/Debug-iphonesimulator/ALADDIN.build/ALADDIN-all-target-headers.hmap -Xcc -iquote -Xcc /Users/sergejhlystov/Library/Developer/Xcode/DerivedData/ALADDIN-eahryzmutvtbyceygnlyjsmiiaha/Build/Intermediates.noindex/ALADDIN.build/Debug-iphonesimulator/ALADDIN.build/ALADDIN-project-headers.hmap -Xcc -I/Users/sergejhlystov/Library/Developer/Xcode/DerivedData/ALADDIN-eahryzmutvtbyceygnlyjsmiiaha/Build/Products/Debug-iphonesimulator/include -Xcc -I/Users/sergejhlystov/Library/Developer/Xcode/DerivedData/ALADDIN-eahryzmutvtbyceygnlyjsmiiaha/Build/Intermediates.noindex/ALADDIN.build/Debug-iphonesimulator/ALADDIN.build/DerivedSources-normal/x86_64 -Xcc -I/Users/sergejhlystov/Library/Developer/Xcode/DerivedData/ALADDIN-eahryzmutvtbyceygnlyjsmiiaha/Build/Intermediates.noindex/ALADDIN.build/Debug-iphonesimulator/ALADDIN.build/DerivedSources/x86_64 -Xcc -I/Users/sergejhlystov/Library/Developer/Xcode/DerivedData/ALADDIN-eahryzmutvtbyceygnlyjsmiiaha/Build/Intermediates.noindex/ALADDIN.build/Debug-iphonesimulator/ALADDIN.build/DerivedSources -Xcc -DDEBUG\=1 -emit-objc-header -emit-objc-header-path /Users/sergejhlystov/Library/Developer/Xcode/DerivedData/ALADDIN-eahryzmutvtbyceygnlyjsmiiaha/Build/Intermediates.noindex/ALADDIN.build/Debug-iphonesimulator/ALADDIN.build/Objects-normal/x86_64/ALADDIN-Swift.h -working-directory /Users/sergejhlystov/ALADDIN_NEW/ALADDIN_NEW/mobile_apps/ALADDIN_iOS -experimental-emit-module-separately

SwiftDriverJob-Emit-Module normal x86_64 Emitting\ module\ for\ ALADDIN (in target 'ALADDIN' from project 'ALADDIN')
    cd /Users/sergejhlystov/ALADDIN_NEW/ALADDIN_NEW/mobile_apps/ALADDIN_iOS
    export DEVELOPER_DIR\=/Applications/Xcode.app/Contents/Developer
    export SDKROOT\=/Applications/Xcode.app/Contents/Developer/Platforms/iPhoneSimulator.platform/Developer/SDKs/iPhoneSimulator15.2.sdk
    builtin-swiftDriverJobExecution -- /Applications/Xcode.app/Contents/Developer/Toolchains/XcodeDefault.xctoolchain/usr/bin/swift-frontend -frontend -emit-module -experimental-skip-non-inlinable-function-bodies-without-types /Users/sergejhlystov/ALADDIN_NEW/ALADDIN_NEW/mobile_apps/ALADDIN_iOS/ViewModels/DrivingReportsViewModel.swift /Users/sergejhlystov/ALADDIN_NEW/ALADDIN_NEW/mobile_apps/ALADDIN_iOS/Screens/08_ChildInterfaceScreen.swift /Users/sergejhlystov/ALADDIN_NEW/ALADDIN_NEW/mobile_apps/ALADDIN_iOS/ContentView.swift /Users/sergejhlystov/ALADDIN_NEW/ALADDIN_NEW/mobile_apps/ALADDIN_iOS/AppDelegate.swift /Users/sergejhlystov/ALADDIN_NEW/ALADDIN_NEW/mobile_apps/ALADDIN_iOS/Shared/Components/UserSelectorView.swift /Users/sergejhlystov/ALADDIN_NEW/ALADDIN_NEW/mobile_apps/ALADDIN_iOS/Screens/Views/VoiceControlView.swift /Users/sergejhlystov/ALADDIN_NEW/ALADDIN_NEW/mobile_apps/ALADDIN_iOS/Components/Modals/AgeGroupSelectionModal.swift /Users/sergejhlystov/ALADDIN_NEW/ALADDIN_NEW/mobile_apps/ALADDIN_iOS/ViewModels/ActivationCodeViewModel.swift /Users/sergejhlystov/ALADDIN_NEW/ALADDIN_NEW/mobile_apps/ALADDIN_iOS/Shared/Components/Modals/MobileSecuritySettingsModal.swift /Users/sergejhlystov/ALADDIN_NEW/ALADDIN_NEW/mobile_apps/ALADDIN_iOS/Shared/Components/Modals/IdentityTheftModal.swift /Users/sergejhlystov/ALADDIN_NEW/ALADDIN_NEW/mobile_apps/ALADDIN_iOS/ViewModels/PrivacyReportsViewModel.swift /Users/sergejhlystov/ALADDIN_NEW/ALADDIN_NEW/mobile_apps/ALADDIN_iOS/Components/TariffCardView.swift /Users/sergejhlystov/ALADDIN_NEW/ALADDIN_NEW/mobile_apps/ALADDIN_iOS/ALADDINApp.swift /Users/sergejhlystov/ALADDIN_NEW/ALADDIN_NEW/mobile_apps/ALADDIN_iOS/Core/ContentBlocker/ContentBlockerManager.swift /Users/sergejhlystov/ALADDIN_NEW/ALADDIN_NEW/mobile_apps/ALADDIN_iOS/Shared/Components/Modals/PrivacyReportsModal.swift /Users/sergejhlystov/ALADDIN_NEW/ALADDIN_NEW/mobile_apps/ALADDIN_iOS/Shared/Models/FunctionStatus.swift /Users/sergejhlystov/ALADDIN_NEW/ALADDIN_NEW/mobile_apps/ALADDIN_iOS/Screens/26_ActivationCodeScreen.swift /Users/sergejhlystov/ALADDIN_NEW/ALADDIN_NEW/mobile_apps/ALADDIN_iOS/ViewModels/MainViewModel.swift /Users/sergejhlystov/ALADDIN_NEW/ALADDIN_NEW/mobile_apps/ALADDIN_iOS/Components/TariffCardSections.swift /Users/sergejhlystov/ALADDIN_NEW/ALADDIN_NEW/mobile_apps/ALADDIN_iOS/Shared/Components/PositioningSystemPickerView.swift /Users/sergejhlystov/ALADDIN_NEW/ALADDIN_NEW/mobile_apps/ALADDIN_iOS/Components/Modals/FamilyContentBlockModal.swift /Users/sergejhlystov/ALADDIN_NEW/ALADDIN_NEW/mobile_apps/ALADDIN_iOS/Shared/Components/Modals/NetworkSecuritySettingsModal.swift /Users/sergejhlystov/ALADDIN_NEW/ALADDIN_NEW/mobile_apps/ALADDIN_iOS/Shared/Components/Buttons/PrimaryButton.swift /Users/sergejhlystov/ALADDIN_NEW/ALADDIN_NEW/mobile_apps/ALADDIN_iOS/Shared/Components/SecurityFeatureRow.swift /Users/sergejhlystov/ALADDIN_NEW/ALADDIN_NEW/mobile_apps/ALADDIN_iOS/Screens/NotificationSettingsScreen.swift /Users/sergejhlystov/ALADDIN_NEW/ALADDIN_NEW/mobile_apps/ALADDIN_iOS/Core/Managers/TariffManager.swift /Users/sergejhlystov/ALADDIN_NEW/ALADDIN_NEW/mobile_apps/ALADDIN_iOS/Screens/ChildContentScreen.swift /Users/sergejhlystov/ALADDIN_NEW/ALADDIN_NEW/mobile_apps/ALADDIN_iOS/Shared/Models/AdditionalFeature.swift /Users/sergejhlystov/ALADDIN_NEW/ALADDIN_NEW/mobile_apps/ALADDIN_iOS/Shared/Components/Modals/DarkWebDataInputView.swift /Users/sergejhlystov/ALADDIN_NEW/ALADDIN_NEW/mobile_apps/ALADDIN_iOS/Shared/Components/StatItem.swift /Users/sergejhlystov/ALADDIN_NEW/ALADDIN_NEW/mobile_apps/ALADDIN_iOS/Shared/Components/Cards/FamilyMemberCard.swift /Users/sergejhlystov/ALADDIN_NEW/ALADDIN_NEW/mobile_apps/ALADDIN_iOS/Shared/Components/Cards/AddMoreMemberCard.swift /Users/sergejhlystov/ALADDIN_NEW/ALADDIN_NEW/mobile_apps/ALADDIN_iOS/Components/Modals/ChildRewardsSettingsModal.swift /Users/sergejhlystov/ALADDIN_NEW/ALADDIN_NEW/mobile_apps/ALADDIN_iOS/Core/Models/APIModels.swift /Users/sergejhlystov/ALADDIN_NEW/ALADDIN_NEW/mobile_apps/ALADDIN_iOS/Core/NetworkProtection/NetworkProtectionManager.swift /Users/sergejhlystov/ALADDIN_NEW/ALADDIN_NEW/mobile_apps/ALADDIN_iOS/Screens/UnicornPetView.swift /Users/sergejhlystov/ALADDIN_NEW/ALADDIN_NEW/mobile_apps/ALADDIN_iOS/Core/Network/APIService.swift /Users/sergejhlystov/ALADDIN_NEW/ALADDIN_NEW/mobile_apps/ALADDIN_iOS/ViewModels/NetworkProtectionViewModel.swift /Users/sergejhlystov/ALADDIN_NEW/ALADDIN_NEW/mobile_apps/ALADDIN_iOS/Screens/18_PrivacyPolicyScreen.swift /Users/sergejhlystov/ALADDIN_NEW/ALADDIN_NEW/mobile_apps/ALADDIN_iOS/Core/Services/ComponentStatusService.swift /Users/sergejhlystov/ALADDIN_NEW/ALADDIN_NEW/mobile_apps/ALADDIN_iOS/Screens/10_TariffsScreen.swift /Users/sergejhlystov/ALADDIN_NEW/ALADDIN_NEW/mobile_apps/ALADDIN_iOS/ViewModels/IdentityTheftViewModel.swift /Users/sergejhlystov/ALADDIN_NEW/ALADDIN_NEW/mobile_apps/ALADDIN_iOS/Screens/09_ElderlyInterfaceScreen.swift /Users/sergejhlystov/ALADDIN_NEW/ALADDIN_NEW/mobile_apps/ALADDIN_iOS/Screens/11_ProfileScreen.swift /Users/sergejhlystov/ALADDIN_NEW/ALADDIN_NEW/mobile_apps/ALADDIN_iOS/Core/Network/NetworkManager.swift /Users/sergejhlystov/ALADDIN_NEW/ALADDIN_NEW/mobile_apps/ALADDIN_iOS/Screens/19_TermsOfServiceScreen.swift /Users/sergejhlystov/ALADDIN_NEW/ALADDIN_NEW/mobile_apps/ALADDIN_iOS/Core/Config/AppConfig.swift /Users/sergejhlystov/ALADDIN_NEW/ALADDIN_NEW/mobile_apps/ALADDIN_iOS/Core/Utils/ParallelLoader.swift /Users/sergejhlystov/ALADDIN_NEW/ALADDIN_NEW/mobile_apps/ALADDIN_iOS/ViewModels/FamilyViewModel.swift /Users/sergejhlystov/ALADDIN_NEW/ALADDIN_NEW/mobile_apps/ALADDIN_iOS/ViewModels/AIAssistantViewModel.swift /Users/sergejhlystov/ALADDIN_NEW/ALADDIN_NEW/mobile_apps/ALADDIN_iOS/Screens/22_DeviceDetailScreen.swift /Users/sergejhlystov/ALADDIN_NEW/ALADDIN_NEW/mobile_apps/ALADDIN_iOS/Screens/WidgetConfigurationScreen.swift /Users/sergejhlystov/ALADDIN_NEW/ALADDIN_NEW/mobile_apps/ALADDIN_iOS/Core/Network/FamilyChatWebSocket.swift /Users/sergejhlystov/ALADDIN_NEW/ALADDIN_NEW/mobile_apps/ALADDIN_iOS/Screens/SecurityEducationScreen.swift /Users/sergejhlystov/ALADDIN_NEW/ALADDIN_NEW/mobile_apps/ALADDIN_iOS/Core/Monitoring/MetricsService.swift /Users/sergejhlystov/ALADDIN_NEW/ALADDIN_NEW/mobile_apps/ALADDIN_iOS/Core/Models/ComponentStatus.swift /Users/sergejhlystov/ALADDIN_NEW/ALADDIN_NEW/mobile_apps/ALADDIN_iOS/Core/Security/KeychainManager.swift /Users/sergejhlystov/ALADDIN_NEW/ALADDIN_NEW/mobile_apps/ALADDIN_iOS/Shared/Components/Modals/MemberStatsModalView.swift /Users/sergejhlystov/ALADDIN_NEW/ALADDIN_NEW/mobile_apps/ALADDIN_iOS/ViewModels/ProtectionSettingsViewModel.swift /Users/sergejhlystov/ALADDIN_NEW/ALADDIN_NEW/mobile_apps/ALADDIN_iOS/Shared/Components/Modals/AddMemberOptionsModal.swift /Users/sergejhlystov/ALADDIN_NEW/ALADDIN_NEW/mobile_apps/ALADDIN_iOS/Shared/Components/Modals/InvitationCodeInputModal.swift /Users/sergejhlystov/ALADDIN_NEW/ALADDIN_NEW/mobile_apps/ALADDIN_iOS/Shared/Components/Chat/MessageActionsMenu.swift /Users/sergejhlystov/ALADDIN_NEW/ALADDIN_NEW/mobile_apps/ALADDIN_iOS/Shared/Styles/Spacing.swift /Users/sergejhlystov/ALADDIN_NEW/ALADDIN_NEW/mobile_apps/ALADDIN_iOS/Shared/Components/RecoveryOptionsModal.swift /Users/sergejhlystov/ALADDIN_NEW/ALADDIN_NEW/mobile_apps/ALADDIN_iOS/Core/Models/ComponentError.swift /Users/sergejhlystov/ALADDIN_NEW/ALADDIN_NEW/mobile_apps/ALADDIN_iOS/Shared/Components/ShareSheet.swift /Users/sergejhlystov/ALADDIN_NEW/ALADDIN_NEW/mobile_apps/ALADDIN_iOS/Shared/Models/TariffCard.swift /Users/sergejhlystov/ALADDIN_NEW/ALADDIN_NEW/mobile_apps/ALADDIN_iOS/ViewModels/SettingsViewModel.swift /Users/sergejhlystov/ALADDIN_NEW/ALADDIN_NEW/mobile_apps/ALADDIN_iOS/Shared/Components/Modals/DrivingReportsModal.swift /Users/sergejhlystov/ALADDIN_NEW/ALADDIN_NEW/mobile_apps/ALADDIN_iOS/Shared/Components/Chat/VoiceRecordingView.swift /Users/sergejhlystov/ALADDIN_NEW/ALADDIN_NEW/mobile_apps/ALADDIN_iOS/Shared/Components/InfoRow.swift /Users/sergejhlystov/ALADDIN_NEW/ALADDIN_NEW/mobile_apps/ALADDIN_iOS/Screens/25_PaymentQRScreen.swift /Users/sergejhlystov/ALADDIN_NEW/ALADDIN_NEW/mobile_apps/ALADDIN_iOS/Shared/Components/Modals/RoleSelectionModal.swift /Users/sergejhlystov/ALADDIN_NEW/ALADDIN_NEW/mobile_apps/ALADDIN_iOS/Shared/Components/Modals/ProtectionLevelExplanationModal.swift /Users/sergejhlystov/ALADDIN_NEW/ALADDIN_NEW/mobile_apps/ALADDIN_iOS/Shared/Components/Modals/ProtectionLevelHistoryModal.swift /Users/sergejhlystov/ALADDIN_NEW/ALADDIN_NEW/mobile_apps/ALADDIN_iOS/Shared/Components/Modals/RecoveryCodeModal.swift /Users/sergejhlystov/ALADDIN_NEW/ALADDIN_NEW/mobile_apps/ALADDIN_iOS/ViewModels/SupportViewModel.swift /Users/sergejhlystov/ALADDIN_NEW/ALADDIN_NEW/mobile_apps/ALADDIN_iOS/Shared/Components/Chat/MessageReactionsView.swift /Users/sergejhlystov/ALADDIN_NEW/ALADDIN_NEW/mobile_apps/ALADDIN_iOS/ViewModels/ChildInterfaceViewModel.swift /Users/sergejhlystov/ALADDIN_NEW/ALADDIN_NEW/mobile_apps/ALADDIN_iOS/Screens/12_NotificationsScreen.swift /Users/sergejhlystov/ALADDIN_NEW/ALADDIN_NEW/mobile_apps/ALADDIN_iOS/Core/Validation/InputSanitizer.swift /Users/sergejhlystov/ALADDIN_NEW/ALADDIN_NEW/mobile_apps/ALADDIN_iOS/Shared/Components/Chat/VoiceMessageBubble.swift /Users/sergejhlystov/ALADDIN_NEW/ALADDIN_NEW/mobile_apps/ALADDIN_iOS/ViewModels/ElderlyInterfaceViewModel.swift /Users/sergejhlystov/ALADDIN_NEW/ALADDIN_NEW/mobile_apps/ALADDIN_iOS/ViewModels/AnalyticsViewModel.swift /Users/sergejhlystov/ALADDIN_NEW/ALADDIN_NEW/mobile_apps/ALADDIN_iOS/Core/Cache/CacheManager.swift /Users/sergejhlystov/ALADDIN_NEW/ALADDIN_NEW/mobile_apps/ALADDIN_iOS/ALADDINWidgets/SharedDataManager.swift /Users/sergejhlystov/ALADDIN_NEW/ALADDIN_NEW/mobile_apps/ALADDIN_iOS/Core/Models/ProtectionFeature.swift /Users/sergejhlystov/ALADDIN_NEW/ALADDIN_NEW/mobile_apps/ALADDIN_iOS/Core/Models/ProtectionLevelHistory.swift /Users/sergejhlystov/ALADDIN_NEW/ALADDIN_NEW/mobile_apps/ALADDIN_iOS/Core/Models/ComponentReportsModels.swift /Users/sergejhlystov/ALADDIN_NEW/ALADDIN_NEW/mobile_apps/ALADDIN_iOS/Core/Audio/VoiceMessagePlayer.swift /Users/sergejhlystov/ALADDIN_NEW/ALADDIN_NEW/mobile_apps/ALADDIN_iOS/Core/Analytics/ComponentAnalytics.swift /Users/sergejhlystov/ALADDIN_NEW/ALADDIN_NEW/mobile_apps/ALADDIN_iOS/Shared/Components/Modals/DarkWebScanExplanationView.swift /Users/sergejhlystov/ALADDIN_NEW/ALADDIN_NEW/mobile_apps/ALADDIN_iOS/ViewModels/NotificationsViewModel.swift /Users/sergejhlystov/ALADDIN_NEW/ALADDIN_NEW/mobile_apps/ALADDIN_iOS/Screens/06_AIAssistantScreen.swift /Users/sergejhlystov/ALADDIN_NEW/ALADDIN_NEW/mobile_apps/ALADDIN_iOS/Shared/Components/Modals/AICategoriesModal.swift /Users/sergejhlystov/ALADDIN_NEW/ALADDIN_NEW/mobile_apps/ALADDIN_iOS/Shared/Components/Modals/MalwareDetectionSettingsModal.swift /Users/sergejhlystov/ALADDIN_NEW/ALADDIN_NEW/mobile_apps/ALADDIN_iOS/Components/Modals/RewardsQuickModal.swift /Users/sergejhlystov/ALADDIN_NEW/ALADDIN_NEW/mobile_apps/ALADDIN_iOS/Screens/Views/ComplianceView.swift /Users/sergejhlystov/ALADDIN_NEW/ALADDIN_NEW/mobile_apps/ALADDIN_iOS/Screens/AdvancedProtectionSettingsScreen.swift /Users/sergejhlystov/ALADDIN_NEW/ALADDIN_NEW/mobile_apps/ALADDIN_iOS/Core/Chat/FamilyChatOfflineManager.swift /Users/sergejhlystov/ALADDIN_NEW/ALADDIN_NEW/mobile_apps/ALADDIN_iOS/ViewModels/ProfileViewModel.swift /Users/sergejhlystov/ALADDIN_NEW/ALADDIN_NEW/mobile_apps/ALADDIN_iOS/Components/Modals/ConsentModal.swift /Users/sergejhlystov/ALADDIN_NEW/ALADDIN_NEW/mobile_apps/ALADDIN_iOS/Shared/Components/Modals/IncidentResponseSettingsModal.swift /Users/sergejhlystov/ALADDIN_NEW/ALADDIN_NEW/mobile_apps/ALADDIN_iOS/ViewModels/ParentalControlViewModel.swift /Users/sergejhlystov/ALADDIN_NEW/ALADDIN_NEW/mobile_apps/ALADDIN_iOS/ViewModels/OnboardingViewModel.swift /Users/sergejhlystov/ALADDIN_NEW/ALADDIN_NEW/mobile_apps/ALADDIN_iOS/Shared/Styles/Colors.swift /Users/sergejhlystov/ALADDIN_NEW/ALADDIN_NEW/mobile_apps/ALADDIN_iOS/Shared/Components/SettingsAccordion.swift /Users/sergejhlystov/ALADDIN_NEW/ALADDIN_NEW/mobile_apps/ALADDIN_iOS/Screens/ChildRewardsScreen.swift /Users/sergejhlystov/ALADDIN_NEW/ALADDIN_NEW/mobile_apps/ALADDIN_iOS/Screens/ChildGoalEditorView.swift /Users/sergejhlystov/ALADDIN_NEW/ALADDIN_NEW/mobile_apps/ALADDIN_iOS/Core/Security/RecoveryCodeStorageManager.swift /Users/sergejhlystov/ALADDIN_NEW/ALADDIN_NEW/mobile_apps/ALADDIN_iOS/Screens/21_ReferralScreen.swift /Users/sergejhlystov/ALADDIN_NEW/ALADDIN_NEW/mobile_apps/ALADDIN_iOS/Core/Network/RetryManager.swift /Users/sergejhlystov/ALADDIN_NEW/ALADDIN_NEW/mobile_apps/ALADDIN_iOS/Shared/Components/AvatarSelector.swift /Users/sergejhlystov/ALADDIN_NEW/ALADDIN_NEW/mobile_apps/ALADDIN_iOS/Components/MotivationBanner.swift /Users/sergejhlystov/ALADDIN_NEW/ALADDIN_NEW/mobile_apps/ALADDIN_iOS/ViewModels/DarkWebMonitoringViewModel.swift /Users/sergejhlystov/ALADDIN_NEW/ALADDIN_NEW/mobile_apps/ALADDIN_iOS/Shared/Components/Toast.swift /Users/sergejhlystov/ALADDIN_NEW/ALADDIN_NEW/mobile_apps/ALADDIN_iOS/Shared/Components/Navigation/ALADDINNavigationBar.swift /Users/sergejhlystov/ALADDIN_NEW/ALADDIN_NEW/mobile_apps/ALADDIN_iOS/Shared/Components/Modals/DarkWebMonitoringModal.swift /Users/sergejhlystov/ALADDIN_NEW/ALADDIN_NEW/mobile_apps/ALADDIN_iOS/Screens/14_OnboardingScreen.swift /Users/sergejhlystov/ALADDIN_NEW/ALADDIN_NEW/mobile_apps/ALADDIN_iOS/Components/Modals/FamilyCreatedModal.swift /Users/sergejhlystov/ALADDIN_NEW/ALADDIN_NEW/mobile_apps/ALADDIN_iOS/Core/Managers/LocationManager.swift /Users/sergejhlystov/ALADDIN_NEW/ALADDIN_NEW/mobile_apps/ALADDIN_iOS/Core/Managers/CrashDetectionManager.swift /Users/sergejhlystov/ALADDIN_NEW/ALADDIN_NEW/mobile_apps/ALADDIN_iOS/Shared/Components/Modals/CrashDetectionAlertModal.swift /Users/sergejhlystov/ALADDIN_NEW/ALADDIN_NEW/mobile_apps/ALADDIN_iOS/ViewModels/PaymentQRViewModel.swift /Users/sergejhlystov/ALADDIN_NEW/ALADDIN_NEW/mobile_apps/ALADDIN_iOS/Shared/Components/Chat/MediaMessageBubble.swift /Users/sergejhlystov/ALADDIN_NEW/ALADDIN_NEW/mobile_apps/ALADDIN_iOS/Core/Navigation/NavigationManager.swift /Users/sergejhlystov/ALADDIN_NEW/ALADDIN_NEW/mobile_apps/ALADDIN_iOS/Core/Accessibility/AccessibilityManager.swift /Users/sergejhlystov/ALADDIN_NEW/ALADDIN_NEW/mobile_apps/ALADDIN_iOS/Core/Helpers/URLHelper.swift /Users/sergejhlystov/ALADDIN_NEW/ALADDIN_NEW/mobile_apps/ALADDIN_iOS/Core/Store/StoreManager.swift /Users/sergejhlystov/ALADDIN_NEW/ALADDIN_NEW/mobile_apps/ALADDIN_iOS/Screens/WheelOfFortuneView.swift /Users/sergejhlystov/ALADDIN_NEW/ALADDIN_NEW/mobile_apps/ALADDIN_iOS/Screens/UnicornUniverseView.swift /Users/sergejhlystov/ALADDIN_NEW/ALADDIN_NEW/mobile_apps/ALADDIN_iOS/Screens/YoungDefenderView.swift /Users/sergejhlystov/ALADDIN_NEW/ALADDIN_NEW/mobile_apps/ALADDIN_iOS/Core/Localization/LocalizationManager.swift /Users/sergejhlystov/ALADDIN_NEW/ALADDIN_NEW/mobile_apps/ALADDIN_iOS/Screens/13_SupportScreen.swift /Users/sergejhlystov/ALADDIN_NEW/ALADDIN_NEW/mobile_apps/ALADDIN_iOS/Core/Audio/VoiceMessageRecorder.swift /Users/sergejhlystov/ALADDIN_NEW/ALADDIN_NEW/mobile_apps/ALADDIN_iOS/Core/Analytics/AnalyticsManager.swift /Users/sergejhlystov/ALADDIN_NEW/ALADDIN_NEW/mobile_apps/ALADDIN_iOS/Screens/07_ParentalControlScreen.swift /Users/sergejhlystov/ALADDIN_NEW/ALADDIN_NEW/mobile_apps/ALADDIN_iOS/Screens/05_SettingsScreen.swift /Users/sergejhlystov/ALADDIN_NEW/ALADDIN_NEW/mobile_apps/ALADDIN_iOS/Shared/Components/Inputs/ALADDINTextField.swift /Users/sergejhlystov/ALADDIN_NEW/ALADDIN_NEW/mobile_apps/ALADDIN_iOS/Shared/Components/Chat/ChatSearchBar.swift /Users/sergejhlystov/ALADDIN_NEW/ALADDIN_NEW/mobile_apps/ALADDIN_iOS/Shared/Components/Modals/BackupRecoveryModal.swift /Users/sergejhlystov/ALADDIN_NEW/ALADDIN_NEW/mobile_apps/ALADDIN_iOS/Screens/RewardsModalView.swift /Users/sergejhlystov/ALADDIN_NEW/ALADDIN_NEW/mobile_apps/ALADDIN_iOS/Screens/23_FamilyChatScreen.swift /Users/sergejhlystov/ALADDIN_NEW/ALADDIN_NEW/mobile_apps/ALADDIN_iOS/Core/Storage/StorageManager.swift /Users/sergejhlystov/ALADDIN_NEW/ALADDIN_NEW/mobile_apps/ALADDIN_iOS/Screens/02_FamilyScreen.swift /Users/sergejhlystov/ALADDIN_NEW/ALADDIN_NEW/mobile_apps/ALADDIN_iOS/Screens/20_DevicesScreen.swift /Users/sergejhlystov/ALADDIN_NEW/ALADDIN_NEW/mobile_apps/ALADDIN_iOS/Shared/Components/Buttons/SecondaryButton.swift /Users/sergejhlystov/ALADDIN_NEW/ALADDIN_NEW/mobile_apps/ALADDIN_iOS/Shared/Components/Modals/PasswordGeneratorModal.swift /Users/sergejhlystov/ALADDIN_NEW/ALADDIN_NEW/mobile_apps/ALADDIN_iOS/Components/EnhancedThreatCategoryCard.swift /Users/sergejhlystov/ALADDIN_NEW/ALADDIN_NEW/mobile_apps/ALADDIN_iOS/Shared/Components/Modals/PhishingProtectionSettingsModal.swift /Users/sergejhlystov/ALADDIN_NEW/ALADDIN_NEW/mobile_apps/ALADDIN_iOS/Shared/Components/ViewModifiers.swift /Users/sergejhlystov/ALADDIN_NEW/ALADDIN_NEW/mobile_apps/ALADDIN_iOS/Shared/Components/CollapsibleSection.swift /Users/sergejhlystov/ALADDIN_NEW/ALADDIN_NEW/mobile_apps/ALADDIN_iOS/Shared/Components/HapticFeedback.swift /Users/sergejhlystov/ALADDIN_NEW/ALADDIN_NEW/mobile_apps/ALADDIN_iOS/Screens/MainScreenWithRegistration.swift /Users/sergejhlystov/ALADDIN_NEW/ALADDIN_NEW/mobile_apps/ALADDIN_iOS/Core/Network/NetworkError.swift /Users/sergejhlystov/ALADDIN_NEW/ALADDIN_NEW/mobile_apps/ALADDIN_iOS/Screens/LanguageSettingsScreen.swift /Users/sergejhlystov/ALADDIN_NEW/ALADDIN_NEW/mobile_apps/ALADDIN_iOS/ViewModels/FamilyRegistrationViewModel.swift /Users/sergejhlystov/ALADDIN_NEW/ALADDIN_NEW/mobile_apps/ALADDIN_iOS/Shared/Models/ParentalControlFeature.swift /Users/sergejhlystov/ALADDIN_NEW/ALADDIN_NEW/mobile_apps/ALADDIN_iOS/Shared/Styles/CornerRadius.swift /Users/sergejhlystov/ALADDIN_NEW/ALADDIN_NEW/mobile_apps/ALADDIN_iOS/Screens/01_MainScreen.swift /Users/sergejhlystov/ALADDIN_NEW/ALADDIN_NEW/mobile_apps/ALADDIN_iOS/Screens/03_NetworkProtectionScreen.swift /Users/sergejhlystov/ALADDIN_NEW/ALADDIN_NEW/mobile_apps/ALADDIN_iOS/Screens/FamilyTournamentView.swift /Users/sergejhlystov/ALADDIN_NEW/ALADDIN_NEW/mobile_apps/ALADDIN_iOS/Screens/FamilyProtectorView.swift /Users/sergejhlystov/ALADDIN_NEW/ALADDIN_NEW/mobile_apps/ALADDIN_iOS/Shared/Styles/Fonts.swift /Users/sergejhlystov/ALADDIN_NEW/ALADDIN_NEW/mobile_apps/ALADDIN_iOS/Screens/GamesParentalControlView.swift /Users/sergejhlystov/ALADDIN_NEW/ALADDIN_NEW/mobile_apps/ALADDIN_iOS/Shared/Components/QRScannerModal.swift /Users/sergejhlystov/ALADDIN_NEW/ALADDIN_NEW/mobile_apps/ALADDIN_iOS/Screens/04_AnalyticsScreen.swift /Users/sergejhlystov/ALADDIN_NEW/ALADDIN_NEW/mobile_apps/ALADDIN_iOS/Components/TariffFeaturesGallery.swift /Users/sergejhlystov/ALADDIN_NEW/ALADDIN_NEW/mobile_apps/ALADDIN_iOS/Core/ContentBlocker/ContentBlockerRule.swift /Users/sergejhlystov/ALADDIN_NEW/ALADDIN_NEW/mobile_apps/ALADDIN_iOS/Screens/24_NetworkProtectionEnergyStatsScreen.swift /Users/sergejhlystov/ALADDIN_NEW/ALADDIN_NEW/mobile_apps/ALADDIN_iOS/Screens/Views/EmergencyNotificationsView.swift /Users/sergejhlystov/ALADDIN_NEW/ALADDIN_NEW/mobile_apps/ALADDIN_iOS/Shared/Components/Modals/ProfileEditView.swift /Users/sergejhlystov/ALADDIN_NEW/ALADDIN_NEW/mobile_apps/ALADDIN_iOS/Shared/Components/ComponentToggleCard.swift /Users/sergejhlystov/ALADDIN_NEW/ALADDIN_NEW/mobile_apps/ALADDIN_iOS/ViewModels/TariffsViewModel.swift /Users/sergejhlystov/ALADDIN_NEW/ALADDIN_NEW/mobile_apps/ALADDIN_iOS/Core/Notifications/NotificationManager.swift /Users/sergejhlystov/ALADDIN_NEW/ALADDIN_NEW/mobile_apps/ALADDIN_iOS/Shared/Models/ProtectionSettings.swift /Users/sergejhlystov/ALADDIN_NEW/ALADDIN_NEW/mobile_apps/ALADDIN_iOS/Core/Notifications/RemoteNotificationsService.swift /Users/sergejhlystov/ALADDIN_NEW/ALADDIN_NEW/mobile_apps/ALADDIN_iOS/Core/Models/GeofenceModels.swift /Users/sergejhlystov/ALADDIN_NEW/ALADDIN_NEW/mobile_apps/ALADDIN_iOS/Core/Models/ComponentConfiguration.swift /Users/sergejhlystov/ALADDIN_NEW/ALADDIN_NEW/mobile_apps/ALADDIN_iOS/Core/Security/SecurityManager.swift /Users/sergejhlystov/ALADDIN_NEW/ALADDIN_NEW/mobile_apps/ALADDIN_iOS/Shared/Components/Modals/FamilyNotificationSettingsModal.swift /Users/sergejhlystov/ALADDIN_NEW/ALADDIN_NEW/mobile_apps/ALADDIN_iOS/Screens/ThreatProtectionScreen.swift /Users/sergejhlystov/ALADDIN_NEW/ALADDIN_NEW/mobile_apps/ALADDIN_iOS/Components/ThreatProtectionCard.swift /Users/sergejhlystov/ALADDIN_NEW/ALADDIN_NEW/mobile_apps/ALADDIN_iOS/Core/Validation/APIResponseValidator.swift /Users/sergejhlystov/ALADDIN_NEW/ALADDIN_NEW/mobile_apps/ALADDIN_iOS/Components/ThreatProtectionCategoriesView.swift /Users/sergejhlystov/ALADDIN_NEW/ALADDIN_NEW/mobile_apps/ALADDIN_iOS/Shared/Components/Modals/AnalyticsSettingsModal.swift /Users/sergejhlystov/ALADDIN_NEW/ALADDIN_NEW/mobile_apps/ALADDIN_iOS/Core/Services/ComponentConfigurationService.swift /Users/sergejhlystov/ALADDIN_NEW/ALADDIN_NEW/mobile_apps/ALADDIN_iOS/Shared/Models/ThreatProtectionCategory.swift /Users/sergejhlystov/ALADDIN_NEW/ALADDIN_NEW/mobile_apps/ALADDIN_iOS/ViewModels/AICategoriesViewModel.swift /Users/sergejhlystov/ALADDIN_NEW/ALADDIN_NEW/mobile_apps/ALADDIN_iOS/Shared/Components/Modals/DarkWebScanMethodSelector.swift /Users/sergejhlystov/ALADDIN_NEW/ALADDIN_NEW/mobile_apps/ALADDIN_iOS/Core/Managers/GamesSettingsManager.swift /Users/sergejhlystov/ALADDIN_NEW/ALADDIN_NEW/mobile_apps/ALADDIN_iOS/Core/Managers/ParentalControlManager.swift /Users/sergejhlystov/ALADDIN_NEW/ALADDIN_NEW/mobile_apps/ALADDIN_iOS/Core/Analytics/AnalyticsService.swift /Users/sergejhlystov/ALADDIN_NEW/ALADDIN_NEW/mobile_apps/ALADDIN_iOS/Shared/Components/Chat/ReplyBubbleView.swift /Users/sergejhlystov/ALADDIN_NEW/ALADDIN_NEW/mobile_apps/ALADDIN_iOS/Core/Services/ComponentCacheService.swift /Users/sergejhlystov/ALADDIN_NEW/ALADDIN_NEW/mobile_apps/ALADDIN_iOS/Core/Services/PushNotificationService.swift /Users/sergejhlystov/ALADDIN_NEW/ALADDIN_NEW/mobile_apps/ALADDIN_iOS/Screens/AddMemberOptionsScreen.swift /Users/sergejhlystov/ALADDIN_NEW/ALADDIN_NEW/mobile_apps/ALADDIN_iOS/Core/Services/PositioningSystemService.swift /Users/sergejhlystov/ALADDIN_NEW/ALADDIN_NEW/mobile_apps/ALADDIN_iOS/Shared/Components/ComponentReportCard.swift /Users/sergejhlystov/ALADDIN_NEW/ALADDIN_NEW/mobile_apps/ALADDIN_iOS/Core/Analytics/RemoteAnalyticsService.swift /Users/sergejhlystov/ALADDIN_NEW/ALADDIN_NEW/mobile_apps/ALADDIN_iOS/Shared/Components/Modals/ComponentSettingsModal.swift /Users/sergejhlystov/ALADDIN_NEW/ALADDIN_NEW/mobile_apps/ALADDIN_iOS/Core/Storage/ProfileImageManager.swift /Users/sergejhlystov/ALADDIN_NEW/ALADDIN_NEW/mobile_apps/ALADDIN_iOS/Shared/Models/RewardModels.swift /Users/sergejhlystov/ALADDIN_NEW/ALADDIN_NEW/mobile_apps/ALADDIN_iOS/ViewModels/ChildRewardsViewModel.swift /Users/sergejhlystov/ALADDIN_NEW/ALADDIN_NEW/mobile_apps/ALADDIN_iOS/Core/Antivirus/AntivirusManager.swift /Users/sergejhlystov/ALADDIN_NEW/ALADDIN_NEW/mobile_apps/ALADDIN_iOS/Core/Network/MockAPIService.swift /Users/sergejhlystov/ALADDIN_NEW/ALADDIN_NEW/mobile_apps/ALADDIN_iOS/Core/Managers/ProtectionSettingsManager.swift /Users/sergejhlystov/ALADDIN_NEW/ALADDIN_NEW/mobile_apps/ALADDIN_iOS/Screens/ThreatProtectionSettingsScreen.swift /Users/sergejhlystov/ALADDIN_NEW/ALADDIN_NEW/mobile_apps/ALADDIN_iOS/Components/ProtectionCategoryRow.swift /Users/sergejhlystov/ALADDIN_NEW/ALADDIN_NEW/mobile_apps/ALADDIN_iOS/Shared/Models/ProtectionGroup.swift /Users/sergejhlystov/ALADDIN_NEW/ALADDIN_NEW/mobile_apps/ALADDIN_iOS/Core/IoT/IoTSecurityModule.swift /Users/sergejhlystov/ALADDIN_NEW/ALADDIN_NEW/mobile_apps/ALADDIN_iOS/Components/ProtectionGroupSection.swift /Users/sergejhlystov/ALADDIN_NEW/ALADDIN_NEW/mobile_apps/ALADDIN_iOS/Core/Antivirus/LocalThreatDatabase.swift /Users/sergejhlystov/ALADDIN_NEW/ALADDIN_NEW/mobile_apps/ALADDIN_iOS/Screens/RoadsideAssistanceView.swift /Users/sergejhlystov/ALADDIN_NEW/ALADDIN_NEW/mobile_apps/ALADDIN_iOS/Shared/Components/Inputs/ALADDINToggle.swift /Users/sergejhlystov/ALADDIN_NEW/ALADDIN_NEW/mobile_apps/ALADDIN_iOS/Screens/Views/EmergencyContactsView.swift /Users/sergejhlystov/ALADDIN_NEW/ALADDIN_NEW/mobile_apps/ALADDIN_iOS/Shared/Components/EmptyStateView.swift /Users/sergejhlystov/ALADDIN_NEW/ALADDIN_NEW/mobile_apps/ALADDIN_iOS/Core/Network/RateLimiter.swift /Users/sergejhlystov/ALADDIN_NEW/ALADDIN_NEW/mobile_apps/ALADDIN_iOS/Shared/Components/Chat/TypingIndicatorView.swift /Users/sergejhlystov/ALADDIN_NEW/ALADDIN_NEW/mobile_apps/ALADDIN_iOS/Core/Monitoring/PerformanceMonitor.swift /Users/sergejhlystov/ALADDIN_NEW/ALADDIN_NEW/mobile_apps/ALADDIN_iOS/Core/Security/JWTTokenManager.swift /Users/sergejhlystov/ALADDIN_NEW/ALADDIN_NEW/mobile_apps/ALADDIN_iOS/Components/ThreatItemRow.swift -target x86_64-apple-ios15.2-simulator -enable-objc-interop -sdk /Applications/Xcode.app/Contents/Developer/Platforms/iPhoneSimulator.platform/Developer/SDKs/iPhoneSimulator15.2.sdk -I /Users/sergejhlystov/Library/Developer/Xcode/DerivedData/ALADDIN-eahryzmutvtbyceygnlyjsmiiaha/Build/Products/Debug-iphonesimulator -F /Users/sergejhlystov/Library/Developer/Xcode/DerivedData/ALADDIN-eahryzmutvtbyceygnlyjsmiiaha/Build/Products/Debug-iphonesimulator -no-color-diagnostics -enable-testing -g -module-cache-path /Users/sergejhlystov/Library/Developer/Xcode/DerivedData/ModuleCache.noindex -emit-localized-strings -emit-localized-strings-path /Users/sergejhlystov/Library/Developer/Xcode/DerivedData/ALADDIN-eahryzmutvtbyceygnlyjsmiiaha/Build/Intermediates.noindex/ALADDIN.build/Debug-iphonesimulator/ALADDIN.build/Objects-normal/x86_64 -swift-version 5 -enforce-exclusivity\=checked -Onone -D DEBUG -serialize-debugging-options -Xcc -working-directory -Xcc /Users/sergejhlystov/ALADDIN_NEW/ALADDIN_NEW/mobile_apps/ALADDIN_iOS -resource-dir /Applications/Xcode.app/Contents/Developer/Toolchains/XcodeDefault.xctoolchain/usr/lib/swift -enable-anonymous-context-mangled-names -Xcc -I/Users/sergejhlystov/Library/Developer/Xcode/DerivedData/ALADDIN-eahryzmutvtbyceygnlyjsmiiaha/Build/Intermediates.noindex/ALADDIN.build/Debug-iphonesimulator/ALADDIN.build/swift-overrides.hmap -Xcc -iquote -Xcc /Users/sergejhlystov/Library/Developer/Xcode/DerivedData/ALADDIN-eahryzmutvtbyceygnlyjsmiiaha/Build/Intermediates.noindex/ALADDIN.build/Debug-iphonesimulator/ALADDIN.build/ALADDIN-generated-files.hmap -Xcc -I/Users/sergejhlystov/Library/Developer/Xcode/DerivedData/ALADDIN-eahryzmutvtbyceygnlyjsmiiaha/Build/Intermediates.noindex/ALADDIN.build/Debug-iphonesimulator/ALADDIN.build/ALADDIN-own-target-headers.hmap -Xcc -I/Users/sergejhlystov/Library/Developer/Xcode/DerivedData/ALADDIN-eahryzmutvtbyceygnlyjsmiiaha/Build/Intermediates.noindex/ALADDIN.build/Debug-iphonesimulator/ALADDIN.build/ALADDIN-all-target-headers.hmap -Xcc -iquote -Xcc /Users/sergejhlystov/Library/Developer/Xcode/DerivedData/ALADDIN-eahryzmutvtbyceygnlyjsmiiaha/Build/Intermediates.noindex/ALADDIN.build/Debug-iphonesimulator/ALADDIN.build/ALADDIN-project-headers.hmap -Xcc -I/Users/sergejhlystov/Library/Developer/Xcode/DerivedData/ALADDIN-eahryzmutvtbyceygnlyjsmiiaha/Build/Products/Debug-iphonesimulator/include -Xcc -I/Users/sergejhlystov/Library/Developer/Xcode/DerivedData/ALADDIN-eahryzmutvtbyceygnlyjsmiiaha/Build/Intermediates.noindex/ALADDIN.build/Debug-iphonesimulator/ALADDIN.build/DerivedSources-normal/x86_64 -Xcc -I/Users/sergejhlystov/Library/Developer/Xcode/DerivedData/ALADDIN-eahryzmutvtbyceygnlyjsmiiaha/Build/Intermediates.noindex/ALADDIN.build/Debug-iphonesimulator/ALADDIN.build/DerivedSources/x86_64 -Xcc -I/Users/sergejhlystov/Library/Developer/Xcode/DerivedData/ALADDIN-eahryzmutvtbyceygnlyjsmiiaha/Build/Intermediates.noindex/ALADDIN.build/Debug-iphonesimulator/ALADDIN.build/DerivedSources -Xcc -DDEBUG\=1 -module-name ALADDIN -target-sdk-version 15.2.0 -emit-module-doc-path /Users/sergejhlystov/Library/Developer/Xcode/DerivedData/ALADDIN-eahryzmutvtbyceygnlyjsmiiaha/Build/Intermediates.noindex/ALADDIN.build/Debug-iphonesimulator/ALADDIN.build/Objects-normal/x86_64/ALADDIN.swiftdoc -emit-module-source-info-path /Users/sergejhlystov/Library/Developer/Xcode/DerivedData/ALADDIN-eahryzmutvtbyceygnlyjsmiiaha/Build/Intermediates.noindex/ALADDIN.build/Debug-iphonesimulator/ALADDIN.build/Objects-normal/x86_64/ALADDIN.swiftsourceinfo -emit-objc-header-path /Users/sergejhlystov/Library/Developer/Xcode/DerivedData/ALADDIN-eahryzmutvtbyceygnlyjsmiiaha/Build/Intermediates.noindex/ALADDIN.build/Debug-iphonesimulator/ALADDIN.build/Objects-normal/x86_64/ALADDIN-Swift.h -o /Users/sergejhlystov/Library/Developer/Xcode/DerivedData/ALADDIN-eahryzmutvtbyceygnlyjsmiiaha/Build/Intermediates.noindex/ALADDIN.build/Debug-iphonesimulator/ALADDIN.build/Objects-normal/x86_64/ALADDIN.swiftmodule -emit-abi-descriptor-path /Users/sergejhlystov/Library/Developer/Xcode/DerivedData/ALADDIN-eahryzmutvtbyceygnlyjsmiiaha/Build/Intermediates.noindex/ALADDIN.build/Debug-iphonesimulator/ALADDIN.build/Objects-normal/x86_64/ALADDIN.abi.json
/Users/sergejhlystov/ALADDIN_NEW/ALADDIN_NEW/mobile_apps/ALADDIN_iOS/Core/Network/APIService.swift:2134:35: warning: immutable value 'response' was never used; consider replacing with '_' or removing it
                case .success(let response):
                              ~~~~^~~~~~~~
                              _
/Users/sergejhlystov/ALADDIN_NEW/ALADDIN_NEW/mobile_apps/ALADDIN_iOS/Core/Network/APIService.swift:2218:35: warning: immutable value 'response' was never used; consider replacing with '_' or removing it
                case .success(let response):
                              ~~~~^~~~~~~~
                              _
/Users/sergejhlystov/ALADDIN_NEW/ALADDIN_NEW/mobile_apps/ALADDIN_iOS/Core/Network/APIService.swift:2123:21: warning: immutable property will not be decoded because it is declared with an initial value which cannot be overwritten
                let fields: [String]? = ["componentId", "isEnabled", "lastUpdate", "uptime"] // Только нужные поля
/Users/sergejhlystov/ALADDIN_NEW/ALADDIN_NEW/mobile_apps/ALADDIN_iOS/Core/Network/APIService.swift:2123:21: note: set the initial value via the initializer or explicitly define a CodingKeys enum including a 'fields' case to silence this warning
                let fields: [String]? = ["componentId", "isEnabled", "lastUpdate", "uptime"] // Только нужные поля
/Users/sergejhlystov/ALADDIN_NEW/ALADDIN_NEW/mobile_apps/ALADDIN_iOS/Core/Network/APIService.swift:2123:21: note: make the property mutable instead
                let fields: [String]? = ["componentId", "isEnabled", "lastUpdate", "uptime"] // Только нужные поля
/Users/sergejhlystov/ALADDIN_NEW/ALADDIN_NEW/mobile_apps/ALADDIN_iOS/Core/Monitoring/MetricsService.swift:282:9: warning: immutable property will not be decoded because it is declared with an initial value which cannot be overwritten
    let type: String = "api_request"
        ^
/Users/sergejhlystov/ALADDIN_NEW/ALADDIN_NEW/mobile_apps/ALADDIN_iOS/Core/Monitoring/MetricsService.swift:282:9: note: set the initial value via the initializer or explicitly define a CodingKeys enum including a 'type' case to silence this warning
    let type: String = "api_request"
        ^
/Users/sergejhlystov/ALADDIN_NEW/ALADDIN_NEW/mobile_apps/ALADDIN_iOS/Core/Monitoring/MetricsService.swift:282:9: note: make the property mutable instead
    let type: String = "api_request"
    ~~~ ^
    var
/Users/sergejhlystov/ALADDIN_NEW/ALADDIN_NEW/mobile_apps/ALADDIN_iOS/Core/Monitoring/MetricsService.swift:341:9: warning: immutable property will not be decoded because it is declared with an initial value which cannot be overwritten
    let type: String = "error"
        ^
/Users/sergejhlystov/ALADDIN_NEW/ALADDIN_NEW/mobile_apps/ALADDIN_iOS/Core/Monitoring/MetricsService.swift:341:9: note: set the initial value via the initializer or explicitly define a CodingKeys enum including a 'type' case to silence this warning
    let type: String = "error"
        ^
/Users/sergejhlystov/ALADDIN_NEW/ALADDIN_NEW/mobile_apps/ALADDIN_iOS/Core/Monitoring/MetricsService.swift:341:9: note: make the property mutable instead
    let type: String = "error"
    ~~~ ^
    var
/Users/sergejhlystov/ALADDIN_NEW/ALADDIN_NEW/mobile_apps/ALADDIN_iOS/Core/Monitoring/MetricsService.swift:350:9: warning: immutable property will not be decoded because it is declared with an initial value which cannot be overwritten
    let type: String = "alert"
        ^
/Users/sergejhlystov/ALADDIN_NEW/ALADDIN_NEW/mobile_apps/ALADDIN_iOS/Core/Monitoring/MetricsService.swift:350:9: note: set the initial value via the initializer or explicitly define a CodingKeys enum including a 'type' case to silence this warning
    let type: String = "alert"
        ^
/Users/sergejhlystov/ALADDIN_NEW/ALADDIN_NEW/mobile_apps/ALADDIN_iOS/Core/Monitoring/MetricsService.swift:350:9: note: make the property mutable instead
    let type: String = "alert"
    ~~~ ^
    var
/Users/sergejhlystov/ALADDIN_NEW/ALADDIN_NEW/mobile_apps/ALADDIN_iOS/Core/Monitoring/MetricsService.swift:360:9: warning: immutable property will not be decoded because it is declared with an initial value which cannot be overwritten
    let type: String = "health"
        ^
/Users/sergejhlystov/ALADDIN_NEW/ALADDIN_NEW/mobile_apps/ALADDIN_iOS/Core/Monitoring/MetricsService.swift:360:9: note: set the initial value via the initializer or explicitly define a CodingKeys enum including a 'type' case to silence this warning
    let type: String = "health"
        ^
/Users/sergejhlystov/ALADDIN_NEW/ALADDIN_NEW/mobile_apps/ALADDIN_iOS/Core/Monitoring/MetricsService.swift:360:9: note: make the property mutable instead
    let type: String = "health"
    ~~~ ^
    var

SwiftDriver\ Compilation ALADDINContentBlocker normal x86_64 com.apple.xcode.tools.swift.compiler (in target 'ALADDINContentBlocker' from project 'ALADDIN')
    cd /Users/sergejhlystov/ALADDIN_NEW/ALADDIN_NEW/mobile_apps/ALADDIN_iOS
    export DEVELOPER_DIR\=/Applications/Xcode.app/Contents/Developer
    export SDKROOT\=/Applications/Xcode.app/Contents/Developer/Platforms/iPhoneSimulator.platform/Developer/SDKs/iPhoneSimulator15.2.sdk
    builtin-Swift-Compilation -- /Applications/Xcode.app/Contents/Developer/Toolchains/XcodeDefault.xctoolchain/usr/bin/swiftc -incremental -module-name ALADDINContentBlocker -Onone -enable-batch-mode -enforce-exclusivity\=checked @/Users/sergejhlystov/Library/Developer/Xcode/DerivedData/ALADDIN-eahryzmutvtbyceygnlyjsmiiaha/Build/Intermediates.noindex/ALADDIN.build/Debug-iphonesimulator/ALADDINContentBlocker.build/Objects-normal/x86_64/ALADDINContentBlocker.SwiftFileList -DDEBUG -sdk /Applications/Xcode.app/Contents/Developer/Platforms/iPhoneSimulator.platform/Developer/SDKs/iPhoneSimulator15.2.sdk -target x86_64-apple-ios15.2-simulator -g -module-cache-path /Users/sergejhlystov/Library/Developer/Xcode/DerivedData/ModuleCache.noindex -Xfrontend -serialize-debugging-options -application-extension -enable-testing -index-store-path /Users/sergejhlystov/Library/Developer/Xcode/DerivedData/ALADDIN-eahryzmutvtbyceygnlyjsmiiaha/Index/DataStore -swift-version 5 -I /Users/sergejhlystov/Library/Developer/Xcode/DerivedData/ALADDIN-eahryzmutvtbyceygnlyjsmiiaha/Build/Products/Debug-iphonesimulator -F /Users/sergejhlystov/Library/Developer/Xcode/DerivedData/ALADDIN-eahryzmutvtbyceygnlyjsmiiaha/Build/Products/Debug-iphonesimulator -parse-as-library -emit-localized-strings -emit-localized-strings-path /Users/sergejhlystov/Library/Developer/Xcode/DerivedData/ALADDIN-eahryzmutvtbyceygnlyjsmiiaha/Build/Intermediates.noindex/ALADDIN.build/Debug-iphonesimulator/ALADDINContentBlocker.build/Objects-normal/x86_64 -c -j8 -output-file-map /Users/sergejhlystov/Library/Developer/Xcode/DerivedData/ALADDIN-eahryzmutvtbyceygnlyjsmiiaha/Build/Intermediates.noindex/ALADDIN.build/Debug-iphonesimulator/ALADDINContentBlocker.build/Objects-normal/x86_64/ALADDINContentBlocker-OutputFileMap.json -save-temps -no-color-diagnostics -serialize-diagnostics -emit-dependencies -emit-module -emit-module-path /Users/sergejhlystov/Library/Developer/Xcode/DerivedData/ALADDIN-eahryzmutvtbyceygnlyjsmiiaha/Build/Intermediates.noindex/ALADDIN.build/Debug-iphonesimulator/ALADDINContentBlocker.build/Objects-normal/x86_64/ALADDINContentBlocker.swiftmodule -Xcc -I/Users/sergejhlystov/Library/Developer/Xcode/DerivedData/ALADDIN-eahryzmutvtbyceygnlyjsmiiaha/Build/Intermediates.noindex/ALADDIN.build/Debug-iphonesimulator/ALADDINContentBlocker.build/swift-overrides.hmap -Xcc -iquote -Xcc /Users/sergejhlystov/Library/Developer/Xcode/DerivedData/ALADDIN-eahryzmutvtbyceygnlyjsmiiaha/Build/Intermediates.noindex/ALADDIN.build/Debug-iphonesimulator/ALADDINContentBlocker.build/ALADDINContentBlocker-generated-files.hmap -Xcc -I/Users/sergejhlystov/Library/Developer/Xcode/DerivedData/ALADDIN-eahryzmutvtbyceygnlyjsmiiaha/Build/Intermediates.noindex/ALADDIN.build/Debug-iphonesimulator/ALADDINContentBlocker.build/ALADDINContentBlocker-own-target-headers.hmap -Xcc -I/Users/sergejhlystov/Library/Developer/Xcode/DerivedData/ALADDIN-eahryzmutvtbyceygnlyjsmiiaha/Build/Intermediates.noindex/ALADDIN.build/Debug-iphonesimulator/ALADDINContentBlocker.build/ALADDINContentBlocker-all-target-headers.hmap -Xcc -iquote -Xcc /Users/sergejhlystov/Library/Developer/Xcode/DerivedData/ALADDIN-eahryzmutvtbyceygnlyjsmiiaha/Build/Intermediates.noindex/ALADDIN.build/Debug-iphonesimulator/ALADDINContentBlocker.build/ALADDINContentBlocker-project-headers.hmap -Xcc -I/Users/sergejhlystov/Library/Developer/Xcode/DerivedData/ALADDIN-eahryzmutvtbyceygnlyjsmiiaha/Build/Products/Debug-iphonesimulator/include -Xcc -I/Users/sergejhlystov/Library/Developer/Xcode/DerivedData/ALADDIN-eahryzmutvtbyceygnlyjsmiiaha/Build/Intermediates.noindex/ALADDIN.build/Debug-iphonesimulator/ALADDINContentBlocker.build/DerivedSources-normal/x86_64 -Xcc -I/Users/sergejhlystov/Library/Developer/Xcode/DerivedData/ALADDIN-eahryzmutvtbyceygnlyjsmiiaha/Build/Intermediates.noindex/ALADDIN.build/Debug-iphonesimulator/ALADDINContentBlocker.build/DerivedSources/x86_64 -Xcc -I/Users/sergejhlystov/Library/Developer/Xcode/DerivedData/ALADDIN-eahryzmutvtbyceygnlyjsmiiaha/Build/Intermediates.noindex/ALADDIN.build/Debug-iphonesimulator/ALADDINContentBlocker.build/DerivedSources -Xcc -DDEBUG\=1 -emit-objc-header -emit-objc-header-path /Users/sergejhlystov/Library/Developer/Xcode/DerivedData/ALADDIN-eahryzmutvtbyceygnlyjsmiiaha/Build/Intermediates.noindex/ALADDIN.build/Debug-iphonesimulator/ALADDINContentBlocker.build/Objects-normal/x86_64/ALADDINContentBlocker-Swift.h -working-directory /Users/sergejhlystov/ALADDIN_NEW/ALADDIN_NEW/mobile_apps/ALADDIN_iOS -experimental-emit-module-separately

Ld /Users/sergejhlystov/Library/Developer/Xcode/DerivedData/ALADDIN-eahryzmutvtbyceygnlyjsmiiaha/Build/Products/Debug-iphonesimulator/ALADDINContentBlocker.appex/ALADDINContentBlocker normal (in target 'ALADDINContentBlocker' from project 'ALADDIN')
    cd /Users/sergejhlystov/ALADDIN_NEW/ALADDIN_NEW/mobile_apps/ALADDIN_iOS
    /Applications/Xcode.app/Contents/Developer/Toolchains/XcodeDefault.xctoolchain/usr/bin/clang -target x86_64-apple-ios15.2-simulator -isysroot /Applications/Xcode.app/Contents/Developer/Platforms/iPhoneSimulator.platform/Developer/SDKs/iPhoneSimulator15.2.sdk -L/Users/sergejhlystov/Library/Developer/Xcode/DerivedData/ALADDIN-eahryzmutvtbyceygnlyjsmiiaha/Build/Products/Debug-iphonesimulator -F/Users/sergejhlystov/Library/Developer/Xcode/DerivedData/ALADDIN-eahryzmutvtbyceygnlyjsmiiaha/Build/Products/Debug-iphonesimulator -filelist /Users/sergejhlystov/Library/Developer/Xcode/DerivedData/ALADDIN-eahryzmutvtbyceygnlyjsmiiaha/Build/Intermediates.noindex/ALADDIN.build/Debug-iphonesimulator/ALADDINContentBlocker.build/Objects-normal/x86_64/ALADDINContentBlocker.LinkFileList -Xlinker -rpath -Xlinker @executable_path/Frameworks -Xlinker -rpath -Xlinker @executable_path/../../Frameworks -dead_strip -Xlinker -object_path_lto -Xlinker /Users/sergejhlystov/Library/Developer/Xcode/DerivedData/ALADDIN-eahryzmutvtbyceygnlyjsmiiaha/Build/Intermediates.noindex/ALADDIN.build/Debug-iphonesimulator/ALADDINContentBlocker.build/Objects-normal/x86_64/ALADDINContentBlocker_lto.o -Xlinker -export_dynamic -Xlinker -no_deduplicate -Xlinker -objc_abi_version -Xlinker 2 -fapplication-extension -fobjc-link-runtime -L/Applications/Xcode.app/Contents/Developer/Toolchains/XcodeDefault.xctoolchain/usr/lib/swift/iphonesimulator -L/usr/lib/swift -Xlinker -add_ast_path -Xlinker /Users/sergejhlystov/Library/Developer/Xcode/DerivedData/ALADDIN-eahryzmutvtbyceygnlyjsmiiaha/Build/Intermediates.noindex/ALADDIN.build/Debug-iphonesimulator/ALADDINContentBlocker.build/Objects-normal/x86_64/ALADDINContentBlocker.swiftmodule -e _NSExtensionMain -Xlinker -sectcreate -Xlinker __TEXT -Xlinker __entitlements -Xlinker /Users/sergejhlystov/Library/Developer/Xcode/DerivedData/ALADDIN-eahryzmutvtbyceygnlyjsmiiaha/Build/Intermediates.noindex/ALADDIN.build/Debug-iphonesimulator/ALADDINContentBlocker.build/ALADDINContentBlocker.appex-Simulated.xcent -Xlinker -no_adhoc_codesign -Xlinker -dependency_info -Xlinker /Users/sergejhlystov/Library/Developer/Xcode/DerivedData/ALADDIN-eahryzmutvtbyceygnlyjsmiiaha/Build/Intermediates.noindex/ALADDIN.build/Debug-iphonesimulator/ALADDINContentBlocker.build/Objects-normal/x86_64/ALADDINContentBlocker_dependency_info.dat -o /Users/sergejhlystov/Library/Developer/Xcode/DerivedData/ALADDIN-eahryzmutvtbyceygnlyjsmiiaha/Build/Products/Debug-iphonesimulator/ALADDINContentBlocker.appex/ALADDINContentBlocker

CpResource /Users/sergejhlystov/ALADDIN_NEW/ALADDIN_NEW/mobile_apps/ALADDIN_iOS/ALADDINContentBlocker/blockerList.json /Users/sergejhlystov/Library/Developer/Xcode/DerivedData/ALADDIN-eahryzmutvtbyceygnlyjsmiiaha/Build/Products/Debug-iphonesimulator/ALADDINContentBlocker.appex/blockerList.json (in target 'ALADDINContentBlocker' from project 'ALADDIN')
    cd /Users/sergejhlystov/ALADDIN_NEW/ALADDIN_NEW/mobile_apps/ALADDIN_iOS
    builtin-copy -exclude .DS_Store -exclude CVS -exclude .svn -exclude .git -exclude .hg -resolve-src-symlinks /Users/sergejhlystov/ALADDIN_NEW/ALADDIN_NEW/mobile_apps/ALADDIN_iOS/ALADDINContentBlocker/blockerList.json /Users/sergejhlystov/Library/Developer/Xcode/DerivedData/ALADDIN-eahryzmutvtbyceygnlyjsmiiaha/Build/Products/Debug-iphonesimulator/ALADDINContentBlocker.appex

CodeSign /Users/sergejhlystov/Library/Developer/Xcode/DerivedData/ALADDIN-eahryzmutvtbyceygnlyjsmiiaha/Build/Products/Debug-iphonesimulator/ALADDINContentBlocker.appex (in target 'ALADDINContentBlocker' from project 'ALADDIN')
    cd /Users/sergejhlystov/ALADDIN_NEW/ALADDIN_NEW/mobile_apps/ALADDIN_iOS
    export CODESIGN_ALLOCATE\=/Applications/Xcode.app/Contents/Developer/Toolchains/XcodeDefault.xctoolchain/usr/bin/codesign_allocate
    
    Signing Identity:     "-"
    
    /usr/bin/codesign --force --sign - --entitlements /Users/sergejhlystov/Library/Developer/Xcode/DerivedData/ALADDIN-eahryzmutvtbyceygnlyjsmiiaha/Build/Intermediates.noindex/ALADDIN.build/Debug-iphonesimulator/ALADDINContentBlocker.build/ALADDINContentBlocker.appex.xcent --timestamp\=none --generate-entitlement-der /Users/sergejhlystov/Library/Developer/Xcode/DerivedData/ALADDIN-eahryzmutvtbyceygnlyjsmiiaha/Build/Products/Debug-iphonesimulator/ALADDINContentBlocker.appex

RegisterExecutionPolicyException /Users/sergejhlystov/Library/Developer/Xcode/DerivedData/ALADDIN-eahryzmutvtbyceygnlyjsmiiaha/Build/Products/Debug-iphonesimulator/ALADDINContentBlocker.appex (in target 'ALADDINContentBlocker' from project 'ALADDIN')
    cd /Users/sergejhlystov/ALADDIN_NEW/ALADDIN_NEW/mobile_apps/ALADDIN_iOS
    builtin-RegisterExecutionPolicyException /Users/sergejhlystov/Library/Developer/Xcode/DerivedData/ALADDIN-eahryzmutvtbyceygnlyjsmiiaha/Build/Products/Debug-iphonesimulator/ALADDINContentBlocker.appex

Touch /Users/sergejhlystov/Library/Developer/Xcode/DerivedData/ALADDIN-eahryzmutvtbyceygnlyjsmiiaha/Build/Products/Debug-iphonesimulator/ALADDINContentBlocker.appex (in target 'ALADDINContentBlocker' from project 'ALADDIN')
    cd /Users/sergejhlystov/ALADDIN_NEW/ALADDIN_NEW/mobile_apps/ALADDIN_iOS
    /usr/bin/touch -c /Users/sergejhlystov/Library/Developer/Xcode/DerivedData/ALADDIN-eahryzmutvtbyceygnlyjsmiiaha/Build/Products/Debug-iphonesimulator/ALADDINContentBlocker.appex

WriteAuxiliaryFile /Users/sergejhlystov/Library/Developer/Xcode/DerivedData/ALADDIN-eahryzmutvtbyceygnlyjsmiiaha/Build/Intermediates.noindex/ALADDIN.build/Debug-iphonesimulator/ALADDIN.build/Objects-normal/x86_64/ALADDIN.LinkFileList (in target 'ALADDIN' from project 'ALADDIN')
    cd /Users/sergejhlystov/ALADDIN_NEW/ALADDIN_NEW/mobile_apps/ALADDIN_iOS
    write-file /Users/sergejhlystov/Library/Developer/Xcode/DerivedData/ALADDIN-eahryzmutvtbyceygnlyjsmiiaha/Build/Intermediates.noindex/ALADDIN.build/Debug-iphonesimulator/ALADDIN.build/Objects-normal/x86_64/ALADDIN.LinkFileList

SwiftDriver\ Compilation\ Requirements ALADDIN normal x86_64 com.apple.xcode.tools.swift.compiler (in target 'ALADDIN' from project 'ALADDIN')
    cd /Users/sergejhlystov/ALADDIN_NEW/ALADDIN_NEW/mobile_apps/ALADDIN_iOS
    export DEVELOPER_DIR\=/Applications/Xcode.app/Contents/Developer
    export SDKROOT\=/Applications/Xcode.app/Contents/Developer/Platforms/iPhoneSimulator.platform/Developer/SDKs/iPhoneSimulator15.2.sdk
    builtin-Swift-Compilation-Requirements -- /Applications/Xcode.app/Contents/Developer/Toolchains/XcodeDefault.xctoolchain/usr/bin/swiftc -incremental -module-name ALADDIN -Onone -enable-batch-mode -enforce-exclusivity\=checked @/Users/sergejhlystov/Library/Developer/Xcode/DerivedData/ALADDIN-eahryzmutvtbyceygnlyjsmiiaha/Build/Intermediates.noindex/ALADDIN.build/Debug-iphonesimulator/ALADDIN.build/Objects-normal/x86_64/ALADDIN.SwiftFileList -DDEBUG -sdk /Applications/Xcode.app/Contents/Developer/Platforms/iPhoneSimulator.platform/Developer/SDKs/iPhoneSimulator15.2.sdk -target x86_64-apple-ios15.2-simulator -g -module-cache-path /Users/sergejhlystov/Library/Developer/Xcode/DerivedData/ModuleCache.noindex -Xfrontend -serialize-debugging-options -enable-testing -index-store-path /Users/sergejhlystov/Library/Developer/Xcode/DerivedData/ALADDIN-eahryzmutvtbyceygnlyjsmiiaha/Index/DataStore -swift-version 5 -I /Users/sergejhlystov/Library/Developer/Xcode/DerivedData/ALADDIN-eahryzmutvtbyceygnlyjsmiiaha/Build/Products/Debug-iphonesimulator -F /Users/sergejhlystov/Library/Developer/Xcode/DerivedData/ALADDIN-eahryzmutvtbyceygnlyjsmiiaha/Build/Products/Debug-iphonesimulator -emit-localized-strings -emit-localized-strings-path /Users/sergejhlystov/Library/Developer/Xcode/DerivedData/ALADDIN-eahryzmutvtbyceygnlyjsmiiaha/Build/Intermediates.noindex/ALADDIN.build/Debug-iphonesimulator/ALADDIN.build/Objects-normal/x86_64 -c -j8 -output-file-map /Users/sergejhlystov/Library/Developer/Xcode/DerivedData/ALADDIN-eahryzmutvtbyceygnlyjsmiiaha/Build/Intermediates.noindex/ALADDIN.build/Debug-iphonesimulator/ALADDIN.build/Objects-normal/x86_64/ALADDIN-OutputFileMap.json -save-temps -no-color-diagnostics -serialize-diagnostics -emit-dependencies -emit-module -emit-module-path /Users/sergejhlystov/Library/Developer/Xcode/DerivedData/ALADDIN-eahryzmutvtbyceygnlyjsmiiaha/Build/Intermediates.noindex/ALADDIN.build/Debug-iphonesimulator/ALADDIN.build/Objects-normal/x86_64/ALADDIN.swiftmodule -Xcc -I/Users/sergejhlystov/Library/Developer/Xcode/DerivedData/ALADDIN-eahryzmutvtbyceygnlyjsmiiaha/Build/Intermediates.noindex/ALADDIN.build/Debug-iphonesimulator/ALADDIN.build/swift-overrides.hmap -Xcc -iquote -Xcc /Users/sergejhlystov/Library/Developer/Xcode/DerivedData/ALADDIN-eahryzmutvtbyceygnlyjsmiiaha/Build/Intermediates.noindex/ALADDIN.build/Debug-iphonesimulator/ALADDIN.build/ALADDIN-generated-files.hmap -Xcc -I/Users/sergejhlystov/Library/Developer/Xcode/DerivedData/ALADDIN-eahryzmutvtbyceygnlyjsmiiaha/Build/Intermediates.noindex/ALADDIN.build/Debug-iphonesimulator/ALADDIN.build/ALADDIN-own-target-headers.hmap -Xcc -I/Users/sergejhlystov/Library/Developer/Xcode/DerivedData/ALADDIN-eahryzmutvtbyceygnlyjsmiiaha/Build/Intermediates.noindex/ALADDIN.build/Debug-iphonesimulator/ALADDIN.build/ALADDIN-all-target-headers.hmap -Xcc -iquote -Xcc /Users/sergejhlystov/Library/Developer/Xcode/DerivedData/ALADDIN-eahryzmutvtbyceygnlyjsmiiaha/Build/Intermediates.noindex/ALADDIN.build/Debug-iphonesimulator/ALADDIN.build/ALADDIN-project-headers.hmap -Xcc -I/Users/sergejhlystov/Library/Developer/Xcode/DerivedData/ALADDIN-eahryzmutvtbyceygnlyjsmiiaha/Build/Products/Debug-iphonesimulator/include -Xcc -I/Users/sergejhlystov/Library/Developer/Xcode/DerivedData/ALADDIN-eahryzmutvtbyceygnlyjsmiiaha/Build/Intermediates.noindex/ALADDIN.build/Debug-iphonesimulator/ALADDIN.build/DerivedSources-normal/x86_64 -Xcc -I/Users/sergejhlystov/Library/Developer/Xcode/DerivedData/ALADDIN-eahryzmutvtbyceygnlyjsmiiaha/Build/Intermediates.noindex/ALADDIN.build/Debug-iphonesimulator/ALADDIN.build/DerivedSources/x86_64 -Xcc -I/Users/sergejhlystov/Library/Developer/Xcode/DerivedData/ALADDIN-eahryzmutvtbyceygnlyjsmiiaha/Build/Intermediates.noindex/ALADDIN.build/Debug-iphonesimulator/ALADDIN.build/DerivedSources -Xcc -DDEBUG\=1 -emit-objc-header -emit-objc-header-path /Users/sergejhlystov/Library/Developer/Xcode/DerivedData/ALADDIN-eahryzmutvtbyceygnlyjsmiiaha/Build/Intermediates.noindex/ALADDIN.build/Debug-iphonesimulator/ALADDIN.build/Objects-normal/x86_64/ALADDIN-Swift.h -working-directory /Users/sergejhlystov/ALADDIN_NEW/ALADDIN_NEW/mobile_apps/ALADDIN_iOS -experimental-emit-module-separately

PBXCp /Users/sergejhlystov/Library/Developer/Xcode/DerivedData/ALADDIN-eahryzmutvtbyceygnlyjsmiiaha/Build/Intermediates.noindex/ALADDIN.build/Debug-iphonesimulator/ALADDIN.build/Objects-normal/x86_64/ALADDIN-Swift.h /Users/sergejhlystov/Library/Developer/Xcode/DerivedData/ALADDIN-eahryzmutvtbyceygnlyjsmiiaha/Build/Intermediates.noindex/ALADDIN.build/Debug-iphonesimulator/ALADDIN.build/DerivedSources/ALADDIN-Swift.h (in target 'ALADDIN' from project 'ALADDIN')
    cd /Users/sergejhlystov/ALADDIN_NEW/ALADDIN_NEW/mobile_apps/ALADDIN_iOS
    builtin-copy -exclude .DS_Store -exclude CVS -exclude .svn -exclude .git -exclude .hg -resolve-src-symlinks /Users/sergejhlystov/Library/Developer/Xcode/DerivedData/ALADDIN-eahryzmutvtbyceygnlyjsmiiaha/Build/Intermediates.noindex/ALADDIN.build/Debug-iphonesimulator/ALADDIN.build/Objects-normal/x86_64/ALADDIN-Swift.h /Users/sergejhlystov/Library/Developer/Xcode/DerivedData/ALADDIN-eahryzmutvtbyceygnlyjsmiiaha/Build/Intermediates.noindex/ALADDIN.build/Debug-iphonesimulator/ALADDIN.build/DerivedSources

PBXCp /Users/sergejhlystov/Library/Developer/Xcode/DerivedData/ALADDIN-eahryzmutvtbyceygnlyjsmiiaha/Build/Intermediates.noindex/ALADDIN.build/Debug-iphonesimulator/ALADDIN.build/Objects-normal/x86_64/ALADDIN.swiftmodule /Users/sergejhlystov/Library/Developer/Xcode/DerivedData/ALADDIN-eahryzmutvtbyceygnlyjsmiiaha/Build/Products/Debug-iphonesimulator/ALADDIN.swiftmodule/x86_64-apple-ios-simulator.swiftmodule (in target 'ALADDIN' from project 'ALADDIN')
    cd /Users/sergejhlystov/ALADDIN_NEW/ALADDIN_NEW/mobile_apps/ALADDIN_iOS
    builtin-copy -exclude .DS_Store -exclude CVS -exclude .svn -exclude .git -exclude .hg -resolve-src-symlinks -rename /Users/sergejhlystov/Library/Developer/Xcode/DerivedData/ALADDIN-eahryzmutvtbyceygnlyjsmiiaha/Build/Intermediates.noindex/ALADDIN.build/Debug-iphonesimulator/ALADDIN.build/Objects-normal/x86_64/ALADDIN.swiftmodule /Users/sergejhlystov/Library/Developer/Xcode/DerivedData/ALADDIN-eahryzmutvtbyceygnlyjsmiiaha/Build/Products/Debug-iphonesimulator/ALADDIN.swiftmodule/x86_64-apple-ios-simulator.swiftmodule

PBXCp /Users/sergejhlystov/Library/Developer/Xcode/DerivedData/ALADDIN-eahryzmutvtbyceygnlyjsmiiaha/Build/Intermediates.noindex/ALADDIN.build/Debug-iphonesimulator/ALADDIN.build/Objects-normal/x86_64/ALADDIN.swiftmodule /Users/sergejhlystov/Library/Developer/Xcode/DerivedData/ALADDIN-eahryzmutvtbyceygnlyjsmiiaha/Build/Products/Debug-iphonesimulator/ALADDIN.swiftmodule/x86_64.swiftmodule (in target 'ALADDIN' from project 'ALADDIN')
    cd /Users/sergejhlystov/ALADDIN_NEW/ALADDIN_NEW/mobile_apps/ALADDIN_iOS
    builtin-copy -exclude .DS_Store -exclude CVS -exclude .svn -exclude .git -exclude .hg -resolve-src-symlinks -rename /Users/sergejhlystov/Library/Developer/Xcode/DerivedData/ALADDIN-eahryzmutvtbyceygnlyjsmiiaha/Build/Intermediates.noindex/ALADDIN.build/Debug-iphonesimulator/ALADDIN.build/Objects-normal/x86_64/ALADDIN.swiftmodule /Users/sergejhlystov/Library/Developer/Xcode/DerivedData/ALADDIN-eahryzmutvtbyceygnlyjsmiiaha/Build/Products/Debug-iphonesimulator/ALADDIN.swiftmodule/x86_64.swiftmodule

PBXCp /Users/sergejhlystov/Library/Developer/Xcode/DerivedData/ALADDIN-eahryzmutvtbyceygnlyjsmiiaha/Build/Intermediates.noindex/ALADDIN.build/Debug-iphonesimulator/ALADDIN.build/Objects-normal/x86_64/ALADDIN.swiftdoc /Users/sergejhlystov/Library/Developer/Xcode/DerivedData/ALADDIN-eahryzmutvtbyceygnlyjsmiiaha/Build/Products/Debug-iphonesimulator/ALADDIN.swiftmodule/x86_64.swiftdoc (in target 'ALADDIN' from project 'ALADDIN')
    cd /Users/sergejhlystov/ALADDIN_NEW/ALADDIN_NEW/mobile_apps/ALADDIN_iOS
    builtin-copy -exclude .DS_Store -exclude CVS -exclude .svn -exclude .git -exclude .hg -resolve-src-symlinks -rename /Users/sergejhlystov/Library/Developer/Xcode/DerivedData/ALADDIN-eahryzmutvtbyceygnlyjsmiiaha/Build/Intermediates.noindex/ALADDIN.build/Debug-iphonesimulator/ALADDIN.build/Objects-normal/x86_64/ALADDIN.swiftdoc /Users/sergejhlystov/Library/Developer/Xcode/DerivedData/ALADDIN-eahryzmutvtbyceygnlyjsmiiaha/Build/Products/Debug-iphonesimulator/ALADDIN.swiftmodule/x86_64.swiftdoc

PBXCp /Users/sergejhlystov/Library/Developer/Xcode/DerivedData/ALADDIN-eahryzmutvtbyceygnlyjsmiiaha/Build/Intermediates.noindex/ALADDIN.build/Debug-iphonesimulator/ALADDIN.build/Objects-normal/x86_64/ALADDIN.swiftdoc /Users/sergejhlystov/Library/Developer/Xcode/DerivedData/ALADDIN-eahryzmutvtbyceygnlyjsmiiaha/Build/Products/Debug-iphonesimulator/ALADDIN.swiftmodule/x86_64-apple-ios-simulator.swiftdoc (in target 'ALADDIN' from project 'ALADDIN')
    cd /Users/sergejhlystov/ALADDIN_NEW/ALADDIN_NEW/mobile_apps/ALADDIN_iOS
    builtin-copy -exclude .DS_Store -exclude CVS -exclude .svn -exclude .git -exclude .hg -resolve-src-symlinks -rename /Users/sergejhlystov/Library/Developer/Xcode/DerivedData/ALADDIN-eahryzmutvtbyceygnlyjsmiiaha/Build/Intermediates.noindex/ALADDIN.build/Debug-iphonesimulator/ALADDIN.build/Objects-normal/x86_64/ALADDIN.swiftdoc /Users/sergejhlystov/Library/Developer/Xcode/DerivedData/ALADDIN-eahryzmutvtbyceygnlyjsmiiaha/Build/Products/Debug-iphonesimulator/ALADDIN.swiftmodule/x86_64-apple-ios-simulator.swiftdoc

PBXCp /Users/sergejhlystov/Library/Developer/Xcode/DerivedData/ALADDIN-eahryzmutvtbyceygnlyjsmiiaha/Build/Intermediates.noindex/ALADDIN.build/Debug-iphonesimulator/ALADDIN.build/Objects-normal/x86_64/ALADDIN.swiftsourceinfo /Users/sergejhlystov/Library/Developer/Xcode/DerivedData/ALADDIN-eahryzmutvtbyceygnlyjsmiiaha/Build/Products/Debug-iphonesimulator/ALADDIN.swiftmodule/Project/x86_64.swiftsourceinfo (in target 'ALADDIN' from project 'ALADDIN')
    cd /Users/sergejhlystov/ALADDIN_NEW/ALADDIN_NEW/mobile_apps/ALADDIN_iOS
    builtin-copy -exclude .DS_Store -exclude CVS -exclude .svn -exclude .git -exclude .hg -resolve-src-symlinks -rename /Users/sergejhlystov/Library/Developer/Xcode/DerivedData/ALADDIN-eahryzmutvtbyceygnlyjsmiiaha/Build/Intermediates.noindex/ALADDIN.build/Debug-iphonesimulator/ALADDIN.build/Objects-normal/x86_64/ALADDIN.swiftsourceinfo /Users/sergejhlystov/Library/Developer/Xcode/DerivedData/ALADDIN-eahryzmutvtbyceygnlyjsmiiaha/Build/Products/Debug-iphonesimulator/ALADDIN.swiftmodule/Project/x86_64.swiftsourceinfo

PBXCp /Users/sergejhlystov/Library/Developer/Xcode/DerivedData/ALADDIN-eahryzmutvtbyceygnlyjsmiiaha/Build/Intermediates.noindex/ALADDIN.build/Debug-iphonesimulator/ALADDIN.build/Objects-normal/x86_64/ALADDIN.swiftsourceinfo /Users/sergejhlystov/Library/Developer/Xcode/DerivedData/ALADDIN-eahryzmutvtbyceygnlyjsmiiaha/Build/Products/Debug-iphonesimulator/ALADDIN.swiftmodule/Project/x86_64-apple-ios-simulator.swiftsourceinfo (in target 'ALADDIN' from project 'ALADDIN')
    cd /Users/sergejhlystov/ALADDIN_NEW/ALADDIN_NEW/mobile_apps/ALADDIN_iOS
    builtin-copy -exclude .DS_Store -exclude CVS -exclude .svn -exclude .git -exclude .hg -resolve-src-symlinks -rename /Users/sergejhlystov/Library/Developer/Xcode/DerivedData/ALADDIN-eahryzmutvtbyceygnlyjsmiiaha/Build/Intermediates.noindex/ALADDIN.build/Debug-iphonesimulator/ALADDIN.build/Objects-normal/x86_64/ALADDIN.swiftsourceinfo /Users/sergejhlystov/Library/Developer/Xcode/DerivedData/ALADDIN-eahryzmutvtbyceygnlyjsmiiaha/Build/Products/Debug-iphonesimulator/ALADDIN.swiftmodule/Project/x86_64-apple-ios-simulator.swiftsourceinfo

SwiftDriverJob-Compile normal x86_64 Compiling\ NotificationManager.swift,\ ProtectionSettings.swift,\ RemoteNotificationsService.swift,\ GeofenceModels.swift,\ ComponentConfiguration.swift,\ SecurityManager.swift,\ FamilyNotificationSettingsModal.swift,\ ThreatProtectionScreen.swift,\ ThreatProtectionCard.swift,\ APIResponseValidator.swift,\ ThreatProtectionCategoriesView.swift,\ AnalyticsSettingsModal.swift,\ ComponentConfigurationService.swift,\ ThreatProtectionCategory.swift,\ AICategoriesViewModel.swift,\ DarkWebScanMethodSelector.swift,\ GamesSettingsManager.swift,\ ParentalControlManager.swift,\ AnalyticsService.swift,\ ReplyBubbleView.swift,\ ComponentCacheService.swift,\ PushNotificationService.swift,\ AddMemberOptionsScreen.swift,\ PositioningSystemService.swift /Users/sergejhlystov/ALADDIN_NEW/ALADDIN_NEW/mobile_apps/ALADDIN_iOS/Core/Notifications/NotificationManager.swift /Users/sergejhlystov/ALADDIN_NEW/ALADDIN_NEW/mobile_apps/ALADDIN_iOS/Shared/Models/ProtectionSettings.swift /Users/sergejhlystov/ALADDIN_NEW/ALADDIN_NEW/mobile_apps/ALADDIN_iOS/Core/Notifications/RemoteNotificationsService.swift /Users/sergejhlystov/ALADDIN_NEW/ALADDIN_NEW/mobile_apps/ALADDIN_iOS/Core/Models/GeofenceModels.swift /Users/sergejhlystov/ALADDIN_NEW/ALADDIN_NEW/mobile_apps/ALADDIN_iOS/Core/Models/ComponentConfiguration.swift /Users/sergejhlystov/ALADDIN_NEW/ALADDIN_NEW/mobile_apps/ALADDIN_iOS/Core/Security/SecurityManager.swift /Users/sergejhlystov/ALADDIN_NEW/ALADDIN_NEW/mobile_apps/ALADDIN_iOS/Shared/Components/Modals/FamilyNotificationSettingsModal.swift /Users/sergejhlystov/ALADDIN_NEW/ALADDIN_NEW/mobile_apps/ALADDIN_iOS/Screens/ThreatProtectionScreen.swift /Users/sergejhlystov/ALADDIN_NEW/ALADDIN_NEW/mobile_apps/ALADDIN_iOS/Components/ThreatProtectionCard.swift /Users/sergejhlystov/ALADDIN_NEW/ALADDIN_NEW/mobile_apps/ALADDIN_iOS/Core/Validation/APIResponseValidator.swift /Users/sergejhlystov/ALADDIN_NEW/ALADDIN_NEW/mobile_apps/ALADDIN_iOS/Components/ThreatProtectionCategoriesView.swift /Users/sergejhlystov/ALADDIN_NEW/ALADDIN_NEW/mobile_apps/ALADDIN_iOS/Shared/Components/Modals/AnalyticsSettingsModal.swift /Users/sergejhlystov/ALADDIN_NEW/ALADDIN_NEW/mobile_apps/ALADDIN_iOS/Core/Services/ComponentConfigurationService.swift /Users/sergejhlystov/ALADDIN_NEW/ALADDIN_NEW/mobile_apps/ALADDIN_iOS/Shared/Models/ThreatProtectionCategory.swift /Users/sergejhlystov/ALADDIN_NEW/ALADDIN_NEW/mobile_apps/ALADDIN_iOS/ViewModels/AICategoriesViewModel.swift /Users/sergejhlystov/ALADDIN_NEW/ALADDIN_NEW/mobile_apps/ALADDIN_iOS/Shared/Components/Modals/DarkWebScanMethodSelector.swift /Users/sergejhlystov/ALADDIN_NEW/ALADDIN_NEW/mobile_apps/ALADDIN_iOS/Core/Managers/GamesSettingsManager.swift /Users/sergejhlystov/ALADDIN_NEW/ALADDIN_NEW/mobile_apps/ALADDIN_iOS/Core/Managers/ParentalControlManager.swift /Users/sergejhlystov/ALADDIN_NEW/ALADDIN_NEW/mobile_apps/ALADDIN_iOS/Core/Analytics/AnalyticsService.swift /Users/sergejhlystov/ALADDIN_NEW/ALADDIN_NEW/mobile_apps/ALADDIN_iOS/Shared/Components/Chat/ReplyBubbleView.swift /Users/sergejhlystov/ALADDIN_NEW/ALADDIN_NEW/mobile_apps/ALADDIN_iOS/Core/Services/ComponentCacheService.swift /Users/sergejhlystov/ALADDIN_NEW/ALADDIN_NEW/mobile_apps/ALADDIN_iOS/Core/Services/PushNotificationService.swift /Users/sergejhlystov/ALADDIN_NEW/ALADDIN_NEW/mobile_apps/ALADDIN_iOS/Screens/AddMemberOptionsScreen.swift /Users/sergejhlystov/ALADDIN_NEW/ALADDIN_NEW/mobile_apps/ALADDIN_iOS/Core/Services/PositioningSystemService.swift (in target 'ALADDIN' from project 'ALADDIN')
    cd /Users/sergejhlystov/ALADDIN_NEW/ALADDIN_NEW/mobile_apps/ALADDIN_iOS
    export DEVELOPER_DIR\=/Applications/Xcode.app/Contents/Developer
    export SDKROOT\=/Applications/Xcode.app/Contents/Developer/Platforms/iPhoneSimulator.platform/Developer/SDKs/iPhoneSimulator15.2.sdk
    builtin-swiftDriverJobExecution -- /Applications/Xcode.app/Contents/Developer/Toolchains/XcodeDefault.xctoolchain/usr/bin/swift-frontend -frontend -c -filelist /Users/sergejhlystov/Library/Developer/Xcode/DerivedData/ALADDIN-eahryzmutvtbyceygnlyjsmiiaha/Build/Intermediates.noindex/ALADDIN.build/Debug-iphonesimulator/ALADDIN.build/Objects-normal/x86_64/sources-1 -primary-file /Users/sergejhlystov/ALADDIN_NEW/ALADDIN_NEW/mobile_apps/ALADDIN_iOS/Core/Notifications/NotificationManager.swift -primary-file /Users/sergejhlystov/ALADDIN_NEW/ALADDIN_NEW/mobile_apps/ALADDIN_iOS/Shared/Models/ProtectionSettings.swift -primary-file /Users/sergejhlystov/ALADDIN_NEW/ALADDIN_NEW/mobile_apps/ALADDIN_iOS/Core/Notifications/RemoteNotificationsService.swift -primary-file /Users/sergejhlystov/ALADDIN_NEW/ALADDIN_NEW/mobile_apps/ALADDIN_iOS/Core/Models/GeofenceModels.swift -primary-file /Users/sergejhlystov/ALADDIN_NEW/ALADDIN_NEW/mobile_apps/ALADDIN_iOS/Core/Models/ComponentConfiguration.swift -primary-file /Users/sergejhlystov/ALADDIN_NEW/ALADDIN_NEW/mobile_apps/ALADDIN_iOS/Core/Security/SecurityManager.swift -primary-file /Users/sergejhlystov/ALADDIN_NEW/ALADDIN_NEW/mobile_apps/ALADDIN_iOS/Shared/Components/Modals/FamilyNotificationSettingsModal.swift -primary-file /Users/sergejhlystov/ALADDIN_NEW/ALADDIN_NEW/mobile_apps/ALADDIN_iOS/Screens/ThreatProtectionScreen.swift -primary-file /Users/sergejhlystov/ALADDIN_NEW/ALADDIN_NEW/mobile_apps/ALADDIN_iOS/Components/ThreatProtectionCard.swift -primary-file /Users/sergejhlystov/ALADDIN_NEW/ALADDIN_NEW/mobile_apps/ALADDIN_iOS/Core/Validation/APIResponseValidator.swift -primary-file /Users/sergejhlystov/ALADDIN_NEW/ALADDIN_NEW/mobile_apps/ALADDIN_iOS/Components/ThreatProtectionCategoriesView.swift -primary-file /Users/sergejhlystov/ALADDIN_NEW/ALADDIN_NEW/mobile_apps/ALADDIN_iOS/Shared/Components/Modals/AnalyticsSettingsModal.swift -primary-file /Users/sergejhlystov/ALADDIN_NEW/ALADDIN_NEW/mobile_apps/ALADDIN_iOS/Core/Services/ComponentConfigurationService.swift -primary-file /Users/sergejhlystov/ALADDIN_NEW/ALADDIN_NEW/mobile_apps/ALADDIN_iOS/Shared/Models/ThreatProtectionCategory.swift -primary-file /Users/sergejhlystov/ALADDIN_NEW/ALADDIN_NEW/mobile_apps/ALADDIN_iOS/ViewModels/AICategoriesViewModel.swift -primary-file /Users/sergejhlystov/ALADDIN_NEW/ALADDIN_NEW/mobile_apps/ALADDIN_iOS/Shared/Components/Modals/DarkWebScanMethodSelector.swift -primary-file /Users/sergejhlystov/ALADDIN_NEW/ALADDIN_NEW/mobile_apps/ALADDIN_iOS/Core/Managers/GamesSettingsManager.swift -primary-file /Users/sergejhlystov/ALADDIN_NEW/ALADDIN_NEW/mobile_apps/ALADDIN_iOS/Core/Managers/ParentalControlManager.swift -primary-file /Users/sergejhlystov/ALADDIN_NEW/ALADDIN_NEW/mobile_apps/ALADDIN_iOS/Core/Analytics/AnalyticsService.swift -primary-file /Users/sergejhlystov/ALADDIN_NEW/ALADDIN_NEW/mobile_apps/ALADDIN_iOS/Shared/Components/Chat/ReplyBubbleView.swift -primary-file /Users/sergejhlystov/ALADDIN_NEW/ALADDIN_NEW/mobile_apps/ALADDIN_iOS/Core/Services/ComponentCacheService.swift -primary-file /Users/sergejhlystov/ALADDIN_NEW/ALADDIN_NEW/mobile_apps/ALADDIN_iOS/Core/Services/PushNotificationService.swift -primary-file /Users/sergejhlystov/ALADDIN_NEW/ALADDIN_NEW/mobile_apps/ALADDIN_iOS/Screens/AddMemberOptionsScreen.swift -primary-file /Users/sergejhlystov/ALADDIN_NEW/ALADDIN_NEW/mobile_apps/ALADDIN_iOS/Core/Services/PositioningSystemService.swift -supplementary-output-file-map /Users/sergejhlystov/Library/Developer/Xcode/DerivedData/ALADDIN-eahryzmutvtbyceygnlyjsmiiaha/Build/Intermediates.noindex/ALADDIN.build/Debug-iphonesimulator/ALADDIN.build/Objects-normal/x86_64/supplementaryOutputs-8 -target x86_64-apple-ios15.2-simulator -enable-objc-interop -sdk /Applications/Xcode.app/Contents/Developer/Platforms/iPhoneSimulator.platform/Developer/SDKs/iPhoneSimulator15.2.sdk -I /Users/sergejhlystov/Library/Developer/Xcode/DerivedData/ALADDIN-eahryzmutvtbyceygnlyjsmiiaha/Build/Products/Debug-iphonesimulator -F /Users/sergejhlystov/Library/Developer/Xcode/DerivedData/ALADDIN-eahryzmutvtbyceygnlyjsmiiaha/Build/Products/Debug-iphonesimulator -no-color-diagnostics -enable-testing -g -module-cache-path /Users/sergejhlystov/Library/Developer/Xcode/DerivedData/ModuleCache.noindex -emit-localized-strings -emit-localized-strings-path /Users/sergejhlystov/Library/Developer/Xcode/DerivedData/ALADDIN-eahryzmutvtbyceygnlyjsmiiaha/Build/Intermediates.noindex/ALADDIN.build/Debug-iphonesimulator/ALADDIN.build/Objects-normal/x86_64 -swift-version 5 -enforce-exclusivity\=checked -Onone -D DEBUG -serialize-debugging-options -Xcc -working-directory -Xcc /Users/sergejhlystov/ALADDIN_NEW/ALADDIN_NEW/mobile_apps/ALADDIN_iOS -resource-dir /Applications/Xcode.app/Contents/Developer/Toolchains/XcodeDefault.xctoolchain/usr/lib/swift -enable-anonymous-context-mangled-names -Xcc -I/Users/sergejhlystov/Library/Developer/Xcode/DerivedData/ALADDIN-eahryzmutvtbyceygnlyjsmiiaha/Build/Intermediates.noindex/ALADDIN.build/Debug-iphonesimulator/ALADDIN.build/swift-overrides.hmap -Xcc -iquote -Xcc /Users/sergejhlystov/Library/Developer/Xcode/DerivedData/ALADDIN-eahryzmutvtbyceygnlyjsmiiaha/Build/Intermediates.noindex/ALADDIN.build/Debug-iphonesimulator/ALADDIN.build/ALADDIN-generated-files.hmap -Xcc -I/Users/sergejhlystov/Library/Developer/Xcode/DerivedData/ALADDIN-eahryzmutvtbyceygnlyjsmiiaha/Build/Intermediates.noindex/ALADDIN.build/Debug-iphonesimulator/ALADDIN.build/ALADDIN-own-target-headers.hmap -Xcc -I/Users/sergejhlystov/Library/Developer/Xcode/DerivedData/ALADDIN-eahryzmutvtbyceygnlyjsmiiaha/Build/Intermediates.noindex/ALADDIN.build/Debug-iphonesimulator/ALADDIN.build/ALADDIN-all-target-headers.hmap -Xcc -iquote -Xcc /Users/sergejhlystov/Library/Developer/Xcode/DerivedData/ALADDIN-eahryzmutvtbyceygnlyjsmiiaha/Build/Intermediates.noindex/ALADDIN.build/Debug-iphonesimulator/ALADDIN.build/ALADDIN-project-headers.hmap -Xcc -I/Users/sergejhlystov/Library/Developer/Xcode/DerivedData/ALADDIN-eahryzmutvtbyceygnlyjsmiiaha/Build/Products/Debug-iphonesimulator/include -Xcc -I/Users/sergejhlystov/Library/Developer/Xcode/DerivedData/ALADDIN-eahryzmutvtbyceygnlyjsmiiaha/Build/Intermediates.noindex/ALADDIN.build/Debug-iphonesimulator/ALADDIN.build/DerivedSources-normal/x86_64 -Xcc -I/Users/sergejhlystov/Library/Developer/Xcode/DerivedData/ALADDIN-eahryzmutvtbyceygnlyjsmiiaha/Build/Intermediates.noindex/ALADDIN.build/Debug-iphonesimulator/ALADDIN.build/DerivedSources/x86_64 -Xcc -I/Users/sergejhlystov/Library/Developer/Xcode/DerivedData/ALADDIN-eahryzmutvtbyceygnlyjsmiiaha/Build/Intermediates.noindex/ALADDIN.build/Debug-iphonesimulator/ALADDIN.build/DerivedSources -Xcc -DDEBUG\=1 -module-name ALADDIN -target-sdk-version 15.2.0 -o /Users/sergejhlystov/Library/Developer/Xcode/DerivedData/ALADDIN-eahryzmutvtbyceygnlyjsmiiaha/Build/Intermediates.noindex/ALADDIN.build/Debug-iphonesimulator/ALADDIN.build/Objects-normal/x86_64/NotificationManager.o -o /Users/sergejhlystov/Library/Developer/Xcode/DerivedData/ALADDIN-eahryzmutvtbyceygnlyjsmiiaha/Build/Intermediates.noindex/ALADDIN.build/Debug-iphonesimulator/ALADDIN.build/Objects-normal/x86_64/ProtectionSettings.o -o /Users/sergejhlystov/Library/Developer/Xcode/DerivedData/ALADDIN-eahryzmutvtbyceygnlyjsmiiaha/Build/Intermediates.noindex/ALADDIN.build/Debug-iphonesimulator/ALADDIN.build/Objects-normal/x86_64/RemoteNotificationsService.o -o /Users/sergejhlystov/Library/Developer/Xcode/DerivedData/ALADDIN-eahryzmutvtbyceygnlyjsmiiaha/Build/Intermediates.noindex/ALADDIN.build/Debug-iphonesimulator/ALADDIN.build/Objects-normal/x86_64/GeofenceModels.o -o /Users/sergejhlystov/Library/Developer/Xcode/DerivedData/ALADDIN-eahryzmutvtbyceygnlyjsmiiaha/Build/Intermediates.noindex/ALADDIN.build/Debug-iphonesimulator/ALADDIN.build/Objects-normal/x86_64/ComponentConfiguration.o -o /Users/sergejhlystov/Library/Developer/Xcode/DerivedData/ALADDIN-eahryzmutvtbyceygnlyjsmiiaha/Build/Intermediates.noindex/ALADDIN.build/Debug-iphonesimulator/ALADDIN.build/Objects-normal/x86_64/SecurityManager.o -o /Users/sergejhlystov/Library/Developer/Xcode/DerivedData/ALADDIN-eahryzmutvtbyceygnlyjsmiiaha/Build/Intermediates.noindex/ALADDIN.build/Debug-iphonesimulator/ALADDIN.build/Objects-normal/x86_64/FamilyNotificationSettingsModal.o -o /Users/sergejhlystov/Library/Developer/Xcode/DerivedData/ALADDIN-eahryzmutvtbyceygnlyjsmiiaha/Build/Intermediates.noindex/ALADDIN.build/Debug-iphonesimulator/ALADDIN.build/Objects-normal/x86_64/ThreatProtectionScreen.o -o /Users/sergejhlystov/Library/Developer/Xcode/DerivedData/ALADDIN-eahryzmutvtbyceygnlyjsmiiaha/Build/Intermediates.noindex/ALADDIN.build/Debug-iphonesimulator/ALADDIN.build/Objects-normal/x86_64/ThreatProtectionCard.o -o /Users/sergejhlystov/Library/Developer/Xcode/DerivedData/ALADDIN-eahryzmutvtbyceygnlyjsmiiaha/Build/Intermediates.noindex/ALADDIN.build/Debug-iphonesimulator/ALADDIN.build/Objects-normal/x86_64/APIResponseValidator.o -o /Users/sergejhlystov/Library/Developer/Xcode/DerivedData/ALADDIN-eahryzmutvtbyceygnlyjsmiiaha/Build/Intermediates.noindex/ALADDIN.build/Debug-iphonesimulator/ALADDIN.build/Objects-normal/x86_64/ThreatProtectionCategoriesView.o -o /Users/sergejhlystov/Library/Developer/Xcode/DerivedData/ALADDIN-eahryzmutvtbyceygnlyjsmiiaha/Build/Intermediates.noindex/ALADDIN.build/Debug-iphonesimulator/ALADDIN.build/Objects-normal/x86_64/AnalyticsSettingsModal.o -o /Users/sergejhlystov/Library/Developer/Xcode/DerivedData/ALADDIN-eahryzmutvtbyceygnlyjsmiiaha/Build/Intermediates.noindex/ALADDIN.build/Debug-iphonesimulator/ALADDIN.build/Objects-normal/x86_64/ComponentConfigurationService.o -o /Users/sergejhlystov/Library/Developer/Xcode/DerivedData/ALADDIN-eahryzmutvtbyceygnlyjsmiiaha/Build/Intermediates.noindex/ALADDIN.build/Debug-iphonesimulator/ALADDIN.build/Objects-normal/x86_64/ThreatProtectionCategory.o -o /Users/sergejhlystov/Library/Developer/Xcode/DerivedData/ALADDIN-eahryzmutvtbyceygnlyjsmiiaha/Build/Intermediates.noindex/ALADDIN.build/Debug-iphonesimulator/ALADDIN.build/Objects-normal/x86_64/AICategoriesViewModel.o -o /Users/sergejhlystov/Library/Developer/Xcode/DerivedData/ALADDIN-eahryzmutvtbyceygnlyjsmiiaha/Build/Intermediates.noindex/ALADDIN.build/Debug-iphonesimulator/ALADDIN.build/Objects-normal/x86_64/DarkWebScanMethodSelector.o -o /Users/sergejhlystov/Library/Developer/Xcode/DerivedData/ALADDIN-eahryzmutvtbyceygnlyjsmiiaha/Build/Intermediates.noindex/ALADDIN.build/Debug-iphonesimulator/ALADDIN.build/Objects-normal/x86_64/GamesSettingsManager.o -o /Users/sergejhlystov/Library/Developer/Xcode/DerivedData/ALADDIN-eahryzmutvtbyceygnlyjsmiiaha/Build/Intermediates.noindex/ALADDIN.build/Debug-iphonesimulator/ALADDIN.build/Objects-normal/x86_64/ParentalControlManager.o -o /Users/sergejhlystov/Library/Developer/Xcode/DerivedData/ALADDIN-eahryzmutvtbyceygnlyjsmiiaha/Build/Intermediates.noindex/ALADDIN.build/Debug-iphonesimulator/ALADDIN.build/Objects-normal/x86_64/AnalyticsService.o -o /Users/sergejhlystov/Library/Developer/Xcode/DerivedData/ALADDIN-eahryzmutvtbyceygnlyjsmiiaha/Build/Intermediates.noindex/ALADDIN.build/Debug-iphonesimulator/ALADDIN.build/Objects-normal/x86_64/ReplyBubbleView.o -o /Users/sergejhlystov/Library/Developer/Xcode/DerivedData/ALADDIN-eahryzmutvtbyceygnlyjsmiiaha/Build/Intermediates.noindex/ALADDIN.build/Debug-iphonesimulator/ALADDIN.build/Objects-normal/x86_64/ComponentCacheService.o -o /Users/sergejhlystov/Library/Developer/Xcode/DerivedData/ALADDIN-eahryzmutvtbyceygnlyjsmiiaha/Build/Intermediates.noindex/ALADDIN.build/Debug-iphonesimulator/ALADDIN.build/Objects-normal/x86_64/PushNotificationService.o -o /Users/sergejhlystov/Library/Developer/Xcode/DerivedData/ALADDIN-eahryzmutvtbyceygnlyjsmiiaha/Build/Intermediates.noindex/ALADDIN.build/Debug-iphonesimulator/ALADDIN.build/Objects-normal/x86_64/AddMemberOptionsScreen.o -o /Users/sergejhlystov/Library/Developer/Xcode/DerivedData/ALADDIN-eahryzmutvtbyceygnlyjsmiiaha/Build/Intermediates.noindex/ALADDIN.build/Debug-iphonesimulator/ALADDIN.build/Objects-normal/x86_64/PositioningSystemService.o -index-store-path /Users/sergejhlystov/Library/Developer/Xcode/DerivedData/ALADDIN-eahryzmutvtbyceygnlyjsmiiaha/Index/DataStore -index-system-modules

SwiftDriverJob-Compile normal x86_64 Compiling\ ViewModifiers.swift,\ CollapsibleSection.swift,\ HapticFeedback.swift,\ MainScreenWithRegistration.swift,\ NetworkError.swift,\ LanguageSettingsScreen.swift,\ FamilyRegistrationViewModel.swift,\ ParentalControlFeature.swift,\ CornerRadius.swift,\ 01_MainScreen.swift,\ 03_NetworkProtectionScreen.swift,\ FamilyTournamentView.swift,\ FamilyProtectorView.swift,\ Fonts.swift,\ GamesParentalControlView.swift,\ QRScannerModal.swift,\ 04_AnalyticsScreen.swift,\ TariffFeaturesGallery.swift,\ ContentBlockerRule.swift,\ 24_NetworkProtectionEnergyStatsScreen.swift,\ EmergencyNotificationsView.swift,\ ProfileEditView.swift,\ ComponentToggleCard.swift,\ TariffsViewModel.swift /Users/sergejhlystov/ALADDIN_NEW/ALADDIN_NEW/mobile_apps/ALADDIN_iOS/Shared/Components/ViewModifiers.swift /Users/sergejhlystov/ALADDIN_NEW/ALADDIN_NEW/mobile_apps/ALADDIN_iOS/Shared/Components/CollapsibleSection.swift /Users/sergejhlystov/ALADDIN_NEW/ALADDIN_NEW/mobile_apps/ALADDIN_iOS/Shared/Components/HapticFeedback.swift /Users/sergejhlystov/ALADDIN_NEW/ALADDIN_NEW/mobile_apps/ALADDIN_iOS/Screens/MainScreenWithRegistration.swift /Users/sergejhlystov/ALADDIN_NEW/ALADDIN_NEW/mobile_apps/ALADDIN_iOS/Core/Network/NetworkError.swift /Users/sergejhlystov/ALADDIN_NEW/ALADDIN_NEW/mobile_apps/ALADDIN_iOS/Screens/LanguageSettingsScreen.swift /Users/sergejhlystov/ALADDIN_NEW/ALADDIN_NEW/mobile_apps/ALADDIN_iOS/ViewModels/FamilyRegistrationViewModel.swift /Users/sergejhlystov/ALADDIN_NEW/ALADDIN_NEW/mobile_apps/ALADDIN_iOS/Shared/Models/ParentalControlFeature.swift /Users/sergejhlystov/ALADDIN_NEW/ALADDIN_NEW/mobile_apps/ALADDIN_iOS/Shared/Styles/CornerRadius.swift /Users/sergejhlystov/ALADDIN_NEW/ALADDIN_NEW/mobile_apps/ALADDIN_iOS/Screens/01_MainScreen.swift /Users/sergejhlystov/ALADDIN_NEW/ALADDIN_NEW/mobile_apps/ALADDIN_iOS/Screens/03_NetworkProtectionScreen.swift /Users/sergejhlystov/ALADDIN_NEW/ALADDIN_NEW/mobile_apps/ALADDIN_iOS/Screens/FamilyTournamentView.swift /Users/sergejhlystov/ALADDIN_NEW/ALADDIN_NEW/mobile_apps/ALADDIN_iOS/Screens/FamilyProtectorView.swift /Users/sergejhlystov/ALADDIN_NEW/ALADDIN_NEW/mobile_apps/ALADDIN_iOS/Shared/Styles/Fonts.swift /Users/sergejhlystov/ALADDIN_NEW/ALADDIN_NEW/mobile_apps/ALADDIN_iOS/Screens/GamesParentalControlView.swift /Users/sergejhlystov/ALADDIN_NEW/ALADDIN_NEW/mobile_apps/ALADDIN_iOS/Shared/Components/QRScannerModal.swift /Users/sergejhlystov/ALADDIN_NEW/ALADDIN_NEW/mobile_apps/ALADDIN_iOS/Screens/04_AnalyticsScreen.swift /Users/sergejhlystov/ALADDIN_NEW/ALADDIN_NEW/mobile_apps/ALADDIN_iOS/Components/TariffFeaturesGallery.swift /Users/sergejhlystov/ALADDIN_NEW/ALADDIN_NEW/mobile_apps/ALADDIN_iOS/Core/ContentBlocker/ContentBlockerRule.swift /Users/sergejhlystov/ALADDIN_NEW/ALADDIN_NEW/mobile_apps/ALADDIN_iOS/Screens/24_NetworkProtectionEnergyStatsScreen.swift /Users/sergejhlystov/ALADDIN_NEW/ALADDIN_NEW/mobile_apps/ALADDIN_iOS/Screens/Views/EmergencyNotificationsView.swift /Users/sergejhlystov/ALADDIN_NEW/ALADDIN_NEW/mobile_apps/ALADDIN_iOS/Shared/Components/Modals/ProfileEditView.swift /Users/sergejhlystov/ALADDIN_NEW/ALADDIN_NEW/mobile_apps/ALADDIN_iOS/Shared/Components/ComponentToggleCard.swift /Users/sergejhlystov/ALADDIN_NEW/ALADDIN_NEW/mobile_apps/ALADDIN_iOS/ViewModels/TariffsViewModel.swift (in target 'ALADDIN' from project 'ALADDIN')
    cd /Users/sergejhlystov/ALADDIN_NEW/ALADDIN_NEW/mobile_apps/ALADDIN_iOS
    export DEVELOPER_DIR\=/Applications/Xcode.app/Contents/Developer
    export SDKROOT\=/Applications/Xcode.app/Contents/Developer/Platforms/iPhoneSimulator.platform/Developer/SDKs/iPhoneSimulator15.2.sdk
    builtin-swiftDriverJobExecution -- /Applications/Xcode.app/Contents/Developer/Toolchains/XcodeDefault.xctoolchain/usr/bin/swift-frontend -frontend -c -filelist /Users/sergejhlystov/Library/Developer/Xcode/DerivedData/ALADDIN-eahryzmutvtbyceygnlyjsmiiaha/Build/Intermediates.noindex/ALADDIN.build/Debug-iphonesimulator/ALADDIN.build/Objects-normal/x86_64/sources-1 -primary-file /Users/sergejhlystov/ALADDIN_NEW/ALADDIN_NEW/mobile_apps/ALADDIN_iOS/Shared/Components/ViewModifiers.swift -primary-file /Users/sergejhlystov/ALADDIN_NEW/ALADDIN_NEW/mobile_apps/ALADDIN_iOS/Shared/Components/CollapsibleSection.swift -primary-file /Users/sergejhlystov/ALADDIN_NEW/ALADDIN_NEW/mobile_apps/ALADDIN_iOS/Shared/Components/HapticFeedback.swift -primary-file /Users/sergejhlystov/ALADDIN_NEW/ALADDIN_NEW/mobile_apps/ALADDIN_iOS/Screens/MainScreenWithRegistration.swift -primary-file /Users/sergejhlystov/ALADDIN_NEW/ALADDIN_NEW/mobile_apps/ALADDIN_iOS/Core/Network/NetworkError.swift -primary-file /Users/sergejhlystov/ALADDIN_NEW/ALADDIN_NEW/mobile_apps/ALADDIN_iOS/Screens/LanguageSettingsScreen.swift -primary-file /Users/sergejhlystov/ALADDIN_NEW/ALADDIN_NEW/mobile_apps/ALADDIN_iOS/ViewModels/FamilyRegistrationViewModel.swift -primary-file /Users/sergejhlystov/ALADDIN_NEW/ALADDIN_NEW/mobile_apps/ALADDIN_iOS/Shared/Models/ParentalControlFeature.swift -primary-file /Users/sergejhlystov/ALADDIN_NEW/ALADDIN_NEW/mobile_apps/ALADDIN_iOS/Shared/Styles/CornerRadius.swift -primary-file /Users/sergejhlystov/ALADDIN_NEW/ALADDIN_NEW/mobile_apps/ALADDIN_iOS/Screens/01_MainScreen.swift -primary-file /Users/sergejhlystov/ALADDIN_NEW/ALADDIN_NEW/mobile_apps/ALADDIN_iOS/Screens/03_NetworkProtectionScreen.swift -primary-file /Users/sergejhlystov/ALADDIN_NEW/ALADDIN_NEW/mobile_apps/ALADDIN_iOS/Screens/FamilyTournamentView.swift -primary-file /Users/sergejhlystov/ALADDIN_NEW/ALADDIN_NEW/mobile_apps/ALADDIN_iOS/Screens/FamilyProtectorView.swift -primary-file /Users/sergejhlystov/ALADDIN_NEW/ALADDIN_NEW/mobile_apps/ALADDIN_iOS/Shared/Styles/Fonts.swift -primary-file /Users/sergejhlystov/ALADDIN_NEW/ALADDIN_NEW/mobile_apps/ALADDIN_iOS/Screens/GamesParentalControlView.swift -primary-file /Users/sergejhlystov/ALADDIN_NEW/ALADDIN_NEW/mobile_apps/ALADDIN_iOS/Shared/Components/QRScannerModal.swift -primary-file /Users/sergejhlystov/ALADDIN_NEW/ALADDIN_NEW/mobile_apps/ALADDIN_iOS/Screens/04_AnalyticsScreen.swift -primary-file /Users/sergejhlystov/ALADDIN_NEW/ALADDIN_NEW/mobile_apps/ALADDIN_iOS/Components/TariffFeaturesGallery.swift -primary-file /Users/sergejhlystov/ALADDIN_NEW/ALADDIN_NEW/mobile_apps/ALADDIN_iOS/Core/ContentBlocker/ContentBlockerRule.swift -primary-file /Users/sergejhlystov/ALADDIN_NEW/ALADDIN_NEW/mobile_apps/ALADDIN_iOS/Screens/24_NetworkProtectionEnergyStatsScreen.swift -primary-file /Users/sergejhlystov/ALADDIN_NEW/ALADDIN_NEW/mobile_apps/ALADDIN_iOS/Screens/Views/EmergencyNotificationsView.swift -primary-file /Users/sergejhlystov/ALADDIN_NEW/ALADDIN_NEW/mobile_apps/ALADDIN_iOS/Shared/Components/Modals/ProfileEditView.swift -primary-file /Users/sergejhlystov/ALADDIN_NEW/ALADDIN_NEW/mobile_apps/ALADDIN_iOS/Shared/Components/ComponentToggleCard.swift -primary-file /Users/sergejhlystov/ALADDIN_NEW/ALADDIN_NEW/mobile_apps/ALADDIN_iOS/ViewModels/TariffsViewModel.swift -supplementary-output-file-map /Users/sergejhlystov/Library/Developer/Xcode/DerivedData/ALADDIN-eahryzmutvtbyceygnlyjsmiiaha/Build/Intermediates.noindex/ALADDIN.build/Debug-iphonesimulator/ALADDIN.build/Objects-normal/x86_64/supplementaryOutputs-7 -target x86_64-apple-ios15.2-simulator -enable-objc-interop -sdk /Applications/Xcode.app/Contents/Developer/Platforms/iPhoneSimulator.platform/Developer/SDKs/iPhoneSimulator15.2.sdk -I /Users/sergejhlystov/Library/Developer/Xcode/DerivedData/ALADDIN-eahryzmutvtbyceygnlyjsmiiaha/Build/Products/Debug-iphonesimulator -F /Users/sergejhlystov/Library/Developer/Xcode/DerivedData/ALADDIN-eahryzmutvtbyceygnlyjsmiiaha/Build/Products/Debug-iphonesimulator -no-color-diagnostics -enable-testing -g -module-cache-path /Users/sergejhlystov/Library/Developer/Xcode/DerivedData/ModuleCache.noindex -emit-localized-strings -emit-localized-strings-path /Users/sergejhlystov/Library/Developer/Xcode/DerivedData/ALADDIN-eahryzmutvtbyceygnlyjsmiiaha/Build/Intermediates.noindex/ALADDIN.build/Debug-iphonesimulator/ALADDIN.build/Objects-normal/x86_64 -swift-version 5 -enforce-exclusivity\=checked -Onone -D DEBUG -serialize-debugging-options -Xcc -working-directory -Xcc /Users/sergejhlystov/ALADDIN_NEW/ALADDIN_NEW/mobile_apps/ALADDIN_iOS -resource-dir /Applications/Xcode.app/Contents/Developer/Toolchains/XcodeDefault.xctoolchain/usr/lib/swift -enable-anonymous-context-mangled-names -Xcc -I/Users/sergejhlystov/Library/Developer/Xcode/DerivedData/ALADDIN-eahryzmutvtbyceygnlyjsmiiaha/Build/Intermediates.noindex/ALADDIN.build/Debug-iphonesimulator/ALADDIN.build/swift-overrides.hmap -Xcc -iquote -Xcc /Users/sergejhlystov/Library/Developer/Xcode/DerivedData/ALADDIN-eahryzmutvtbyceygnlyjsmiiaha/Build/Intermediates.noindex/ALADDIN.build/Debug-iphonesimulator/ALADDIN.build/ALADDIN-generated-files.hmap -Xcc -I/Users/sergejhlystov/Library/Developer/Xcode/DerivedData/ALADDIN-eahryzmutvtbyceygnlyjsmiiaha/Build/Intermediates.noindex/ALADDIN.build/Debug-iphonesimulator/ALADDIN.build/ALADDIN-own-target-headers.hmap -Xcc -I/Users/sergejhlystov/Library/Developer/Xcode/DerivedData/ALADDIN-eahryzmutvtbyceygnlyjsmiiaha/Build/Intermediates.noindex/ALADDIN.build/Debug-iphonesimulator/ALADDIN.build/ALADDIN-all-target-headers.hmap -Xcc -iquote -Xcc /Users/sergejhlystov/Library/Developer/Xcode/DerivedData/ALADDIN-eahryzmutvtbyceygnlyjsmiiaha/Build/Intermediates.noindex/ALADDIN.build/Debug-iphonesimulator/ALADDIN.build/ALADDIN-project-headers.hmap -Xcc -I/Users/sergejhlystov/Library/Developer/Xcode/DerivedData/ALADDIN-eahryzmutvtbyceygnlyjsmiiaha/Build/Products/Debug-iphonesimulator/include -Xcc -I/Users/sergejhlystov/Library/Developer/Xcode/DerivedData/ALADDIN-eahryzmutvtbyceygnlyjsmiiaha/Build/Intermediates.noindex/ALADDIN.build/Debug-iphonesimulator/ALADDIN.build/DerivedSources-normal/x86_64 -Xcc -I/Users/sergejhlystov/Library/Developer/Xcode/DerivedData/ALADDIN-eahryzmutvtbyceygnlyjsmiiaha/Build/Intermediates.noindex/ALADDIN.build/Debug-iphonesimulator/ALADDIN.build/DerivedSources/x86_64 -Xcc -I/Users/sergejhlystov/Library/Developer/Xcode/DerivedData/ALADDIN-eahryzmutvtbyceygnlyjsmiiaha/Build/Intermediates.noindex/ALADDIN.build/Debug-iphonesimulator/ALADDIN.build/DerivedSources -Xcc -DDEBUG\=1 -module-name ALADDIN -target-sdk-version 15.2.0 -o /Users/sergejhlystov/Library/Developer/Xcode/DerivedData/ALADDIN-eahryzmutvtbyceygnlyjsmiiaha/Build/Intermediates.noindex/ALADDIN.build/Debug-iphonesimulator/ALADDIN.build/Objects-normal/x86_64/ViewModifiers.o -o /Users/sergejhlystov/Library/Developer/Xcode/DerivedData/ALADDIN-eahryzmutvtbyceygnlyjsmiiaha/Build/Intermediates.noindex/ALADDIN.build/Debug-iphonesimulator/ALADDIN.build/Objects-normal/x86_64/CollapsibleSection.o -o /Users/sergejhlystov/Library/Developer/Xcode/DerivedData/ALADDIN-eahryzmutvtbyceygnlyjsmiiaha/Build/Intermediates.noindex/ALADDIN.build/Debug-iphonesimulator/ALADDIN.build/Objects-normal/x86_64/HapticFeedback.o -o /Users/sergejhlystov/Library/Developer/Xcode/DerivedData/ALADDIN-eahryzmutvtbyceygnlyjsmiiaha/Build/Intermediates.noindex/ALADDIN.build/Debug-iphonesimulator/ALADDIN.build/Objects-normal/x86_64/MainScreenWithRegistration.o -o /Users/sergejhlystov/Library/Developer/Xcode/DerivedData/ALADDIN-eahryzmutvtbyceygnlyjsmiiaha/Build/Intermediates.noindex/ALADDIN.build/Debug-iphonesimulator/ALADDIN.build/Objects-normal/x86_64/NetworkError.o -o /Users/sergejhlystov/Library/Developer/Xcode/DerivedData/ALADDIN-eahryzmutvtbyceygnlyjsmiiaha/Build/Intermediates.noindex/ALADDIN.build/Debug-iphonesimulator/ALADDIN.build/Objects-normal/x86_64/LanguageSettingsScreen.o -o /Users/sergejhlystov/Library/Developer/Xcode/DerivedData/ALADDIN-eahryzmutvtbyceygnlyjsmiiaha/Build/Intermediates.noindex/ALADDIN.build/Debug-iphonesimulator/ALADDIN.build/Objects-normal/x86_64/FamilyRegistrationViewModel.o -o /Users/sergejhlystov/Library/Developer/Xcode/DerivedData/ALADDIN-eahryzmutvtbyceygnlyjsmiiaha/Build/Intermediates.noindex/ALADDIN.build/Debug-iphonesimulator/ALADDIN.build/Objects-normal/x86_64/ParentalControlFeature.o -o /Users/sergejhlystov/Library/Developer/Xcode/DerivedData/ALADDIN-eahryzmutvtbyceygnlyjsmiiaha/Build/Intermediates.noindex/ALADDIN.build/Debug-iphonesimulator/ALADDIN.build/Objects-normal/x86_64/CornerRadius.o -o /Users/sergejhlystov/Library/Developer/Xcode/DerivedData/ALADDIN-eahryzmutvtbyceygnlyjsmiiaha/Build/Intermediates.noindex/ALADDIN.build/Debug-iphonesimulator/ALADDIN.build/Objects-normal/x86_64/01_MainScreen.o -o /Users/sergejhlystov/Library/Developer/Xcode/DerivedData/ALADDIN-eahryzmutvtbyceygnlyjsmiiaha/Build/Intermediates.noindex/ALADDIN.build/Debug-iphonesimulator/ALADDIN.build/Objects-normal/x86_64/03_NetworkProtectionScreen.o -o /Users/sergejhlystov/Library/Developer/Xcode/DerivedData/ALADDIN-eahryzmutvtbyceygnlyjsmiiaha/Build/Intermediates.noindex/ALADDIN.build/Debug-iphonesimulator/ALADDIN.build/Objects-normal/x86_64/FamilyTournamentView.o -o /Users/sergejhlystov/Library/Developer/Xcode/DerivedData/ALADDIN-eahryzmutvtbyceygnlyjsmiiaha/Build/Intermediates.noindex/ALADDIN.build/Debug-iphonesimulator/ALADDIN.build/Objects-normal/x86_64/FamilyProtectorView.o -o /Users/sergejhlystov/Library/Developer/Xcode/DerivedData/ALADDIN-eahryzmutvtbyceygnlyjsmiiaha/Build/Intermediates.noindex/ALADDIN.build/Debug-iphonesimulator/ALADDIN.build/Objects-normal/x86_64/Fonts.o -o /Users/sergejhlystov/Library/Developer/Xcode/DerivedData/ALADDIN-eahryzmutvtbyceygnlyjsmiiaha/Build/Intermediates.noindex/ALADDIN.build/Debug-iphonesimulator/ALADDIN.build/Objects-normal/x86_64/GamesParentalControlView.o -o /Users/sergejhlystov/Library/Developer/Xcode/DerivedData/ALADDIN-eahryzmutvtbyceygnlyjsmiiaha/Build/Intermediates.noindex/ALADDIN.build/Debug-iphonesimulator/ALADDIN.build/Objects-normal/x86_64/QRScannerModal.o -o /Users/sergejhlystov/Library/Developer/Xcode/DerivedData/ALADDIN-eahryzmutvtbyceygnlyjsmiiaha/Build/Intermediates.noindex/ALADDIN.build/Debug-iphonesimulator/ALADDIN.build/Objects-normal/x86_64/04_AnalyticsScreen.o -o /Users/sergejhlystov/Library/Developer/Xcode/DerivedData/ALADDIN-eahryzmutvtbyceygnlyjsmiiaha/Build/Intermediates.noindex/ALADDIN.build/Debug-iphonesimulator/ALADDIN.build/Objects-normal/x86_64/TariffFeaturesGallery.o -o /Users/sergejhlystov/Library/Developer/Xcode/DerivedData/ALADDIN-eahryzmutvtbyceygnlyjsmiiaha/Build/Intermediates.noindex/ALADDIN.build/Debug-iphonesimulator/ALADDIN.build/Objects-normal/x86_64/ContentBlockerRule.o -o /Users/sergejhlystov/Library/Developer/Xcode/DerivedData/ALADDIN-eahryzmutvtbyceygnlyjsmiiaha/Build/Intermediates.noindex/ALADDIN.build/Debug-iphonesimulator/ALADDIN.build/Objects-normal/x86_64/24_NetworkProtectionEnergyStatsScreen.o -o /Users/sergejhlystov/Library/Developer/Xcode/DerivedData/ALADDIN-eahryzmutvtbyceygnlyjsmiiaha/Build/Intermediates.noindex/ALADDIN.build/Debug-iphonesimulator/ALADDIN.build/Objects-normal/x86_64/EmergencyNotificationsView.o -o /Users/sergejhlystov/Library/Developer/Xcode/DerivedData/ALADDIN-eahryzmutvtbyceygnlyjsmiiaha/Build/Intermediates.noindex/ALADDIN.build/Debug-iphonesimulator/ALADDIN.build/Objects-normal/x86_64/ProfileEditView.o -o /Users/sergejhlystov/Library/Developer/Xcode/DerivedData/ALADDIN-eahryzmutvtbyceygnlyjsmiiaha/Build/Intermediates.noindex/ALADDIN.build/Debug-iphonesimulator/ALADDIN.build/Objects-normal/x86_64/ComponentToggleCard.o -o /Users/sergejhlystov/Library/Developer/Xcode/DerivedData/ALADDIN-eahryzmutvtbyceygnlyjsmiiaha/Build/Intermediates.noindex/ALADDIN.build/Debug-iphonesimulator/ALADDIN.build/Objects-normal/x86_64/TariffsViewModel.o -index-store-path /Users/sergejhlystov/Library/Developer/Xcode/DerivedData/ALADDIN-eahryzmutvtbyceygnlyjsmiiaha/Index/DataStore -index-system-modules
/Users/sergejhlystov/ALADDIN_NEW/ALADDIN_NEW/mobile_apps/ALADDIN_iOS/ViewModels/FamilyRegistrationViewModel.swift:459:75: warning: variable 'self' was written to, but never read
            DispatchQueue.main.asyncAfter(deadline: .now() + 0.5) { [weak self] in
                                                                          ^
/Users/sergejhlystov/ALADDIN_NEW/ALADDIN_NEW/mobile_apps/ALADDIN_iOS/ViewModels/FamilyRegistrationViewModel.swift:483:19: warning: immutable value 'role' was never used; consider replacing with '_' or removing it
        guard let role = selectedRole,
              ~~~~^~~~
              _
/Users/sergejhlystov/ALADDIN_NEW/ALADDIN_NEW/mobile_apps/ALADDIN_iOS/ViewModels/FamilyRegistrationViewModel.swift:484:19: warning: immutable value 'ageGroup' was never used; consider replacing with '_' or removing it
              let ageGroup = selectedAgeGroup,
              ~~~~^~~~~~~~
              _
/Users/sergejhlystov/ALADDIN_NEW/ALADDIN_NEW/mobile_apps/ALADDIN_iOS/ViewModels/FamilyRegistrationViewModel.swift:485:19: warning: immutable value 'letter' was never used; consider replacing with '_' or removing it
              let letter = selectedLetter else {
              ~~~~^~~~~~
              _

SwiftDriverJob-Compile normal x86_64 Compiling\ NavigationManager.swift,\ AccessibilityManager.swift,\ URLHelper.swift,\ StoreManager.swift,\ WheelOfFortuneView.swift,\ UnicornUniverseView.swift,\ YoungDefenderView.swift,\ LocalizationManager.swift,\ 13_SupportScreen.swift,\ VoiceMessageRecorder.swift,\ AnalyticsManager.swift,\ 07_ParentalControlScreen.swift,\ 05_SettingsScreen.swift,\ ALADDINTextField.swift,\ ChatSearchBar.swift,\ BackupRecoveryModal.swift,\ RewardsModalView.swift,\ 23_FamilyChatScreen.swift,\ StorageManager.swift,\ 02_FamilyScreen.swift,\ 20_DevicesScreen.swift,\ SecondaryButton.swift,\ PasswordGeneratorModal.swift,\ EnhancedThreatCategoryCard.swift,\ PhishingProtectionSettingsModal.swift /Users/sergejhlystov/ALADDIN_NEW/ALADDIN_NEW/mobile_apps/ALADDIN_iOS/Core/Navigation/NavigationManager.swift /Users/sergejhlystov/ALADDIN_NEW/ALADDIN_NEW/mobile_apps/ALADDIN_iOS/Core/Accessibility/AccessibilityManager.swift /Users/sergejhlystov/ALADDIN_NEW/ALADDIN_NEW/mobile_apps/ALADDIN_iOS/Core/Helpers/URLHelper.swift /Users/sergejhlystov/ALADDIN_NEW/ALADDIN_NEW/mobile_apps/ALADDIN_iOS/Core/Store/StoreManager.swift /Users/sergejhlystov/ALADDIN_NEW/ALADDIN_NEW/mobile_apps/ALADDIN_iOS/Screens/WheelOfFortuneView.swift /Users/sergejhlystov/ALADDIN_NEW/ALADDIN_NEW/mobile_apps/ALADDIN_iOS/Screens/UnicornUniverseView.swift /Users/sergejhlystov/ALADDIN_NEW/ALADDIN_NEW/mobile_apps/ALADDIN_iOS/Screens/YoungDefenderView.swift /Users/sergejhlystov/ALADDIN_NEW/ALADDIN_NEW/mobile_apps/ALADDIN_iOS/Core/Localization/LocalizationManager.swift /Users/sergejhlystov/ALADDIN_NEW/ALADDIN_NEW/mobile_apps/ALADDIN_iOS/Screens/13_SupportScreen.swift /Users/sergejhlystov/ALADDIN_NEW/ALADDIN_NEW/mobile_apps/ALADDIN_iOS/Core/Audio/VoiceMessageRecorder.swift /Users/sergejhlystov/ALADDIN_NEW/ALADDIN_NEW/mobile_apps/ALADDIN_iOS/Core/Analytics/AnalyticsManager.swift /Users/sergejhlystov/ALADDIN_NEW/ALADDIN_NEW/mobile_apps/ALADDIN_iOS/Screens/07_ParentalControlScreen.swift /Users/sergejhlystov/ALADDIN_NEW/ALADDIN_NEW/mobile_apps/ALADDIN_iOS/Screens/05_SettingsScreen.swift /Users/sergejhlystov/ALADDIN_NEW/ALADDIN_NEW/mobile_apps/ALADDIN_iOS/Shared/Components/Inputs/ALADDINTextField.swift /Users/sergejhlystov/ALADDIN_NEW/ALADDIN_NEW/mobile_apps/ALADDIN_iOS/Shared/Components/Chat/ChatSearchBar.swift /Users/sergejhlystov/ALADDIN_NEW/ALADDIN_NEW/mobile_apps/ALADDIN_iOS/Shared/Components/Modals/BackupRecoveryModal.swift /Users/sergejhlystov/ALADDIN_NEW/ALADDIN_NEW/mobile_apps/ALADDIN_iOS/Screens/RewardsModalView.swift /Users/sergejhlystov/ALADDIN_NEW/ALADDIN_NEW/mobile_apps/ALADDIN_iOS/Screens/23_FamilyChatScreen.swift /Users/sergejhlystov/ALADDIN_NEW/ALADDIN_NEW/mobile_apps/ALADDIN_iOS/Core/Storage/StorageManager.swift /Users/sergejhlystov/ALADDIN_NEW/ALADDIN_NEW/mobile_apps/ALADDIN_iOS/Screens/02_FamilyScreen.swift /Users/sergejhlystov/ALADDIN_NEW/ALADDIN_NEW/mobile_apps/ALADDIN_iOS/Screens/20_DevicesScreen.swift /Users/sergejhlystov/ALADDIN_NEW/ALADDIN_NEW/mobile_apps/ALADDIN_iOS/Shared/Components/Buttons/SecondaryButton.swift /Users/sergejhlystov/ALADDIN_NEW/ALADDIN_NEW/mobile_apps/ALADDIN_iOS/Shared/Components/Modals/PasswordGeneratorModal.swift /Users/sergejhlystov/ALADDIN_NEW/ALADDIN_NEW/mobile_apps/ALADDIN_iOS/Components/EnhancedThreatCategoryCard.swift /Users/sergejhlystov/ALADDIN_NEW/ALADDIN_NEW/mobile_apps/ALADDIN_iOS/Shared/Components/Modals/PhishingProtectionSettingsModal.swift (in target 'ALADDIN' from project 'ALADDIN')
    cd /Users/sergejhlystov/ALADDIN_NEW/ALADDIN_NEW/mobile_apps/ALADDIN_iOS
    export DEVELOPER_DIR\=/Applications/Xcode.app/Contents/Developer
    export SDKROOT\=/Applications/Xcode.app/Contents/Developer/Platforms/iPhoneSimulator.platform/Developer/SDKs/iPhoneSimulator15.2.sdk
    builtin-swiftDriverJobExecution -- /Applications/Xcode.app/Contents/Developer/Toolchains/XcodeDefault.xctoolchain/usr/bin/swift-frontend -frontend -c -filelist /Users/sergejhlystov/Library/Developer/Xcode/DerivedData/ALADDIN-eahryzmutvtbyceygnlyjsmiiaha/Build/Intermediates.noindex/ALADDIN.build/Debug-iphonesimulator/ALADDIN.build/Objects-normal/x86_64/sources-1 -primary-file /Users/sergejhlystov/ALADDIN_NEW/ALADDIN_NEW/mobile_apps/ALADDIN_iOS/Core/Navigation/NavigationManager.swift -primary-file /Users/sergejhlystov/ALADDIN_NEW/ALADDIN_NEW/mobile_apps/ALADDIN_iOS/Core/Accessibility/AccessibilityManager.swift -primary-file /Users/sergejhlystov/ALADDIN_NEW/ALADDIN_NEW/mobile_apps/ALADDIN_iOS/Core/Helpers/URLHelper.swift -primary-file /Users/sergejhlystov/ALADDIN_NEW/ALADDIN_NEW/mobile_apps/ALADDIN_iOS/Core/Store/StoreManager.swift -primary-file /Users/sergejhlystov/ALADDIN_NEW/ALADDIN_NEW/mobile_apps/ALADDIN_iOS/Screens/WheelOfFortuneView.swift -primary-file /Users/sergejhlystov/ALADDIN_NEW/ALADDIN_NEW/mobile_apps/ALADDIN_iOS/Screens/UnicornUniverseView.swift -primary-file /Users/sergejhlystov/ALADDIN_NEW/ALADDIN_NEW/mobile_apps/ALADDIN_iOS/Screens/YoungDefenderView.swift -primary-file /Users/sergejhlystov/ALADDIN_NEW/ALADDIN_NEW/mobile_apps/ALADDIN_iOS/Core/Localization/LocalizationManager.swift -primary-file /Users/sergejhlystov/ALADDIN_NEW/ALADDIN_NEW/mobile_apps/ALADDIN_iOS/Screens/13_SupportScreen.swift -primary-file /Users/sergejhlystov/ALADDIN_NEW/ALADDIN_NEW/mobile_apps/ALADDIN_iOS/Core/Audio/VoiceMessageRecorder.swift -primary-file /Users/sergejhlystov/ALADDIN_NEW/ALADDIN_NEW/mobile_apps/ALADDIN_iOS/Core/Analytics/AnalyticsManager.swift -primary-file /Users/sergejhlystov/ALADDIN_NEW/ALADDIN_NEW/mobile_apps/ALADDIN_iOS/Screens/07_ParentalControlScreen.swift -primary-file /Users/sergejhlystov/ALADDIN_NEW/ALADDIN_NEW/mobile_apps/ALADDIN_iOS/Screens/05_SettingsScreen.swift -primary-file /Users/sergejhlystov/ALADDIN_NEW/ALADDIN_NEW/mobile_apps/ALADDIN_iOS/Shared/Components/Inputs/ALADDINTextField.swift -primary-file /Users/sergejhlystov/ALADDIN_NEW/ALADDIN_NEW/mobile_apps/ALADDIN_iOS/Shared/Components/Chat/ChatSearchBar.swift -primary-file /Users/sergejhlystov/ALADDIN_NEW/ALADDIN_NEW/mobile_apps/ALADDIN_iOS/Shared/Components/Modals/BackupRecoveryModal.swift -primary-file /Users/sergejhlystov/ALADDIN_NEW/ALADDIN_NEW/mobile_apps/ALADDIN_iOS/Screens/RewardsModalView.swift -primary-file /Users/sergejhlystov/ALADDIN_NEW/ALADDIN_NEW/mobile_apps/ALADDIN_iOS/Screens/23_FamilyChatScreen.swift -primary-file /Users/sergejhlystov/ALADDIN_NEW/ALADDIN_NEW/mobile_apps/ALADDIN_iOS/Core/Storage/StorageManager.swift -primary-file /Users/sergejhlystov/ALADDIN_NEW/ALADDIN_NEW/mobile_apps/ALADDIN_iOS/Screens/02_FamilyScreen.swift -primary-file /Users/sergejhlystov/ALADDIN_NEW/ALADDIN_NEW/mobile_apps/ALADDIN_iOS/Screens/20_DevicesScreen.swift -primary-file /Users/sergejhlystov/ALADDIN_NEW/ALADDIN_NEW/mobile_apps/ALADDIN_iOS/Shared/Components/Buttons/SecondaryButton.swift -primary-file /Users/sergejhlystov/ALADDIN_NEW/ALADDIN_NEW/mobile_apps/ALADDIN_iOS/Shared/Components/Modals/PasswordGeneratorModal.swift -primary-file /Users/sergejhlystov/ALADDIN_NEW/ALADDIN_NEW/mobile_apps/ALADDIN_iOS/Components/EnhancedThreatCategoryCard.swift -primary-file /Users/sergejhlystov/ALADDIN_NEW/ALADDIN_NEW/mobile_apps/ALADDIN_iOS/Shared/Components/Modals/PhishingProtectionSettingsModal.swift -supplementary-output-file-map /Users/sergejhlystov/Library/Developer/Xcode/DerivedData/ALADDIN-eahryzmutvtbyceygnlyjsmiiaha/Build/Intermediates.noindex/ALADDIN.build/Debug-iphonesimulator/ALADDIN.build/Objects-normal/x86_64/supplementaryOutputs-6 -target x86_64-apple-ios15.2-simulator -enable-objc-interop -sdk /Applications/Xcode.app/Contents/Developer/Platforms/iPhoneSimulator.platform/Developer/SDKs/iPhoneSimulator15.2.sdk -I /Users/sergejhlystov/Library/Developer/Xcode/DerivedData/ALADDIN-eahryzmutvtbyceygnlyjsmiiaha/Build/Products/Debug-iphonesimulator -F /Users/sergejhlystov/Library/Developer/Xcode/DerivedData/ALADDIN-eahryzmutvtbyceygnlyjsmiiaha/Build/Products/Debug-iphonesimulator -no-color-diagnostics -enable-testing -g -module-cache-path /Users/sergejhlystov/Library/Developer/Xcode/DerivedData/ModuleCache.noindex -emit-localized-strings -emit-localized-strings-path /Users/sergejhlystov/Library/Developer/Xcode/DerivedData/ALADDIN-eahryzmutvtbyceygnlyjsmiiaha/Build/Intermediates.noindex/ALADDIN.build/Debug-iphonesimulator/ALADDIN.build/Objects-normal/x86_64 -swift-version 5 -enforce-exclusivity\=checked -Onone -D DEBUG -serialize-debugging-options -Xcc -working-directory -Xcc /Users/sergejhlystov/ALADDIN_NEW/ALADDIN_NEW/mobile_apps/ALADDIN_iOS -resource-dir /Applications/Xcode.app/Contents/Developer/Toolchains/XcodeDefault.xctoolchain/usr/lib/swift -enable-anonymous-context-mangled-names -Xcc -I/Users/sergejhlystov/Library/Developer/Xcode/DerivedData/ALADDIN-eahryzmutvtbyceygnlyjsmiiaha/Build/Intermediates.noindex/ALADDIN.build/Debug-iphonesimulator/ALADDIN.build/swift-overrides.hmap -Xcc -iquote -Xcc /Users/sergejhlystov/Library/Developer/Xcode/DerivedData/ALADDIN-eahryzmutvtbyceygnlyjsmiiaha/Build/Intermediates.noindex/ALADDIN.build/Debug-iphonesimulator/ALADDIN.build/ALADDIN-generated-files.hmap -Xcc -I/Users/sergejhlystov/Library/Developer/Xcode/DerivedData/ALADDIN-eahryzmutvtbyceygnlyjsmiiaha/Build/Intermediates.noindex/ALADDIN.build/Debug-iphonesimulator/ALADDIN.build/ALADDIN-own-target-headers.hmap -Xcc -I/Users/sergejhlystov/Library/Developer/Xcode/DerivedData/ALADDIN-eahryzmutvtbyceygnlyjsmiiaha/Build/Intermediates.noindex/ALADDIN.build/Debug-iphonesimulator/ALADDIN.build/ALADDIN-all-target-headers.hmap -Xcc -iquote -Xcc /Users/sergejhlystov/Library/Developer/Xcode/DerivedData/ALADDIN-eahryzmutvtbyceygnlyjsmiiaha/Build/Intermediates.noindex/ALADDIN.build/Debug-iphonesimulator/ALADDIN.build/ALADDIN-project-headers.hmap -Xcc -I/Users/sergejhlystov/Library/Developer/Xcode/DerivedData/ALADDIN-eahryzmutvtbyceygnlyjsmiiaha/Build/Products/Debug-iphonesimulator/include -Xcc -I/Users/sergejhlystov/Library/Developer/Xcode/DerivedData/ALADDIN-eahryzmutvtbyceygnlyjsmiiaha/Build/Intermediates.noindex/ALADDIN.build/Debug-iphonesimulator/ALADDIN.build/DerivedSources-normal/x86_64 -Xcc -I/Users/sergejhlystov/Library/Developer/Xcode/DerivedData/ALADDIN-eahryzmutvtbyceygnlyjsmiiaha/Build/Intermediates.noindex/ALADDIN.build/Debug-iphonesimulator/ALADDIN.build/DerivedSources/x86_64 -Xcc -I/Users/sergejhlystov/Library/Developer/Xcode/DerivedData/ALADDIN-eahryzmutvtbyceygnlyjsmiiaha/Build/Intermediates.noindex/ALADDIN.build/Debug-iphonesimulator/ALADDIN.build/DerivedSources -Xcc -DDEBUG\=1 -module-name ALADDIN -target-sdk-version 15.2.0 -o /Users/sergejhlystov/Library/Developer/Xcode/DerivedData/ALADDIN-eahryzmutvtbyceygnlyjsmiiaha/Build/Intermediates.noindex/ALADDIN.build/Debug-iphonesimulator/ALADDIN.build/Objects-normal/x86_64/NavigationManager.o -o /Users/sergejhlystov/Library/Developer/Xcode/DerivedData/ALADDIN-eahryzmutvtbyceygnlyjsmiiaha/Build/Intermediates.noindex/ALADDIN.build/Debug-iphonesimulator/ALADDIN.build/Objects-normal/x86_64/AccessibilityManager.o -o /Users/sergejhlystov/Library/Developer/Xcode/DerivedData/ALADDIN-eahryzmutvtbyceygnlyjsmiiaha/Build/Intermediates.noindex/ALADDIN.build/Debug-iphonesimulator/ALADDIN.build/Objects-normal/x86_64/URLHelper.o -o /Users/sergejhlystov/Library/Developer/Xcode/DerivedData/ALADDIN-eahryzmutvtbyceygnlyjsmiiaha/Build/Intermediates.noindex/ALADDIN.build/Debug-iphonesimulator/ALADDIN.build/Objects-normal/x86_64/StoreManager.o -o /Users/sergejhlystov/Library/Developer/Xcode/DerivedData/ALADDIN-eahryzmutvtbyceygnlyjsmiiaha/Build/Intermediates.noindex/ALADDIN.build/Debug-iphonesimulator/ALADDIN.build/Objects-normal/x86_64/WheelOfFortuneView.o -o /Users/sergejhlystov/Library/Developer/Xcode/DerivedData/ALADDIN-eahryzmutvtbyceygnlyjsmiiaha/Build/Intermediates.noindex/ALADDIN.build/Debug-iphonesimulator/ALADDIN.build/Objects-normal/x86_64/UnicornUniverseView.o -o /Users/sergejhlystov/Library/Developer/Xcode/DerivedData/ALADDIN-eahryzmutvtbyceygnlyjsmiiaha/Build/Intermediates.noindex/ALADDIN.build/Debug-iphonesimulator/ALADDIN.build/Objects-normal/x86_64/YoungDefenderView.o -o /Users/sergejhlystov/Library/Developer/Xcode/DerivedData/ALADDIN-eahryzmutvtbyceygnlyjsmiiaha/Build/Intermediates.noindex/ALADDIN.build/Debug-iphonesimulator/ALADDIN.build/Objects-normal/x86_64/LocalizationManager.o -o /Users/sergejhlystov/Library/Developer/Xcode/DerivedData/ALADDIN-eahryzmutvtbyceygnlyjsmiiaha/Build/Intermediates.noindex/ALADDIN.build/Debug-iphonesimulator/ALADDIN.build/Objects-normal/x86_64/13_SupportScreen.o -o /Users/sergejhlystov/Library/Developer/Xcode/DerivedData/ALADDIN-eahryzmutvtbyceygnlyjsmiiaha/Build/Intermediates.noindex/ALADDIN.build/Debug-iphonesimulator/ALADDIN.build/Objects-normal/x86_64/VoiceMessageRecorder.o -o /Users/sergejhlystov/Library/Developer/Xcode/DerivedData/ALADDIN-eahryzmutvtbyceygnlyjsmiiaha/Build/Intermediates.noindex/ALADDIN.build/Debug-iphonesimulator/ALADDIN.build/Objects-normal/x86_64/AnalyticsManager.o -o /Users/sergejhlystov/Library/Developer/Xcode/DerivedData/ALADDIN-eahryzmutvtbyceygnlyjsmiiaha/Build/Intermediates.noindex/ALADDIN.build/Debug-iphonesimulator/ALADDIN.build/Objects-normal/x86_64/07_ParentalControlScreen.o -o /Users/sergejhlystov/Library/Developer/Xcode/DerivedData/ALADDIN-eahryzmutvtbyceygnlyjsmiiaha/Build/Intermediates.noindex/ALADDIN.build/Debug-iphonesimulator/ALADDIN.build/Objects-normal/x86_64/05_SettingsScreen.o -o /Users/sergejhlystov/Library/Developer/Xcode/DerivedData/ALADDIN-eahryzmutvtbyceygnlyjsmiiaha/Build/Intermediates.noindex/ALADDIN.build/Debug-iphonesimulator/ALADDIN.build/Objects-normal/x86_64/ALADDINTextField.o -o /Users/sergejhlystov/Library/Developer/Xcode/DerivedData/ALADDIN-eahryzmutvtbyceygnlyjsmiiaha/Build/Intermediates.noindex/ALADDIN.build/Debug-iphonesimulator/ALADDIN.build/Objects-normal/x86_64/ChatSearchBar.o -o /Users/sergejhlystov/Library/Developer/Xcode/DerivedData/ALADDIN-eahryzmutvtbyceygnlyjsmiiaha/Build/Intermediates.noindex/ALADDIN.build/Debug-iphonesimulator/ALADDIN.build/Objects-normal/x86_64/BackupRecoveryModal.o -o /Users/sergejhlystov/Library/Developer/Xcode/DerivedData/ALADDIN-eahryzmutvtbyceygnlyjsmiiaha/Build/Intermediates.noindex/ALADDIN.build/Debug-iphonesimulator/ALADDIN.build/Objects-normal/x86_64/RewardsModalView.o -o /Users/sergejhlystov/Library/Developer/Xcode/DerivedData/ALADDIN-eahryzmutvtbyceygnlyjsmiiaha/Build/Intermediates.noindex/ALADDIN.build/Debug-iphonesimulator/ALADDIN.build/Objects-normal/x86_64/23_FamilyChatScreen.o -o /Users/sergejhlystov/Library/Developer/Xcode/DerivedData/ALADDIN-eahryzmutvtbyceygnlyjsmiiaha/Build/Intermediates.noindex/ALADDIN.build/Debug-iphonesimulator/ALADDIN.build/Objects-normal/x86_64/StorageManager.o -o /Users/sergejhlystov/Library/Developer/Xcode/DerivedData/ALADDIN-eahryzmutvtbyceygnlyjsmiiaha/Build/Intermediates.noindex/ALADDIN.build/Debug-iphonesimulator/ALADDIN.build/Objects-normal/x86_64/02_FamilyScreen.o -o /Users/sergejhlystov/Library/Developer/Xcode/DerivedData/ALADDIN-eahryzmutvtbyceygnlyjsmiiaha/Build/Intermediates.noindex/ALADDIN.build/Debug-iphonesimulator/ALADDIN.build/Objects-normal/x86_64/20_DevicesScreen.o -o /Users/sergejhlystov/Library/Developer/Xcode/DerivedData/ALADDIN-eahryzmutvtbyceygnlyjsmiiaha/Build/Intermediates.noindex/ALADDIN.build/Debug-iphonesimulator/ALADDIN.build/Objects-normal/x86_64/SecondaryButton.o -o /Users/sergejhlystov/Library/Developer/Xcode/DerivedData/ALADDIN-eahryzmutvtbyceygnlyjsmiiaha/Build/Intermediates.noindex/ALADDIN.build/Debug-iphonesimulator/ALADDIN.build/Objects-normal/x86_64/PasswordGeneratorModal.o -o /Users/sergejhlystov/Library/Developer/Xcode/DerivedData/ALADDIN-eahryzmutvtbyceygnlyjsmiiaha/Build/Intermediates.noindex/ALADDIN.build/Debug-iphonesimulator/ALADDIN.build/Objects-normal/x86_64/EnhancedThreatCategoryCard.o -o /Users/sergejhlystov/Library/Developer/Xcode/DerivedData/ALADDIN-eahryzmutvtbyceygnlyjsmiiaha/Build/Intermediates.noindex/ALADDIN.build/Debug-iphonesimulator/ALADDIN.build/Objects-normal/x86_64/PhishingProtectionSettingsModal.o -index-store-path /Users/sergejhlystov/Library/Developer/Xcode/DerivedData/ALADDIN-eahryzmutvtbyceygnlyjsmiiaha/Index/DataStore -index-system-modules

SwiftDriverJob-Compile normal x86_64 Compiling\ ComponentReportCard.swift,\ RemoteAnalyticsService.swift,\ ComponentSettingsModal.swift,\ ProfileImageManager.swift,\ RewardModels.swift,\ ChildRewardsViewModel.swift,\ AntivirusManager.swift,\ MockAPIService.swift,\ ProtectionSettingsManager.swift,\ ThreatProtectionSettingsScreen.swift,\ ProtectionCategoryRow.swift,\ ProtectionGroup.swift,\ IoTSecurityModule.swift,\ ProtectionGroupSection.swift,\ LocalThreatDatabase.swift,\ RoadsideAssistanceView.swift,\ ALADDINToggle.swift,\ EmergencyContactsView.swift,\ EmptyStateView.swift,\ RateLimiter.swift,\ TypingIndicatorView.swift,\ PerformanceMonitor.swift,\ JWTTokenManager.swift,\ ThreatItemRow.swift /Users/sergejhlystov/ALADDIN_NEW/ALADDIN_NEW/mobile_apps/ALADDIN_iOS/Shared/Components/ComponentReportCard.swift /Users/sergejhlystov/ALADDIN_NEW/ALADDIN_NEW/mobile_apps/ALADDIN_iOS/Core/Analytics/RemoteAnalyticsService.swift /Users/sergejhlystov/ALADDIN_NEW/ALADDIN_NEW/mobile_apps/ALADDIN_iOS/Shared/Components/Modals/ComponentSettingsModal.swift /Users/sergejhlystov/ALADDIN_NEW/ALADDIN_NEW/mobile_apps/ALADDIN_iOS/Core/Storage/ProfileImageManager.swift /Users/sergejhlystov/ALADDIN_NEW/ALADDIN_NEW/mobile_apps/ALADDIN_iOS/Shared/Models/RewardModels.swift /Users/sergejhlystov/ALADDIN_NEW/ALADDIN_NEW/mobile_apps/ALADDIN_iOS/ViewModels/ChildRewardsViewModel.swift /Users/sergejhlystov/ALADDIN_NEW/ALADDIN_NEW/mobile_apps/ALADDIN_iOS/Core/Antivirus/AntivirusManager.swift /Users/sergejhlystov/ALADDIN_NEW/ALADDIN_NEW/mobile_apps/ALADDIN_iOS/Core/Network/MockAPIService.swift /Users/sergejhlystov/ALADDIN_NEW/ALADDIN_NEW/mobile_apps/ALADDIN_iOS/Core/Managers/ProtectionSettingsManager.swift /Users/sergejhlystov/ALADDIN_NEW/ALADDIN_NEW/mobile_apps/ALADDIN_iOS/Screens/ThreatProtectionSettingsScreen.swift /Users/sergejhlystov/ALADDIN_NEW/ALADDIN_NEW/mobile_apps/ALADDIN_iOS/Components/ProtectionCategoryRow.swift /Users/sergejhlystov/ALADDIN_NEW/ALADDIN_NEW/mobile_apps/ALADDIN_iOS/Shared/Models/ProtectionGroup.swift /Users/sergejhlystov/ALADDIN_NEW/ALADDIN_NEW/mobile_apps/ALADDIN_iOS/Core/IoT/IoTSecurityModule.swift /Users/sergejhlystov/ALADDIN_NEW/ALADDIN_NEW/mobile_apps/ALADDIN_iOS/Components/ProtectionGroupSection.swift /Users/sergejhlystov/ALADDIN_NEW/ALADDIN_NEW/mobile_apps/ALADDIN_iOS/Core/Antivirus/LocalThreatDatabase.swift /Users/sergejhlystov/ALADDIN_NEW/ALADDIN_NEW/mobile_apps/ALADDIN_iOS/Screens/RoadsideAssistanceView.swift /Users/sergejhlystov/ALADDIN_NEW/ALADDIN_NEW/mobile_apps/ALADDIN_iOS/Shared/Components/Inputs/ALADDINToggle.swift /Users/sergejhlystov/ALADDIN_NEW/ALADDIN_NEW/mobile_apps/ALADDIN_iOS/Screens/Views/EmergencyContactsView.swift /Users/sergejhlystov/ALADDIN_NEW/ALADDIN_NEW/mobile_apps/ALADDIN_iOS/Shared/Components/EmptyStateView.swift /Users/sergejhlystov/ALADDIN_NEW/ALADDIN_NEW/mobile_apps/ALADDIN_iOS/Core/Network/RateLimiter.swift /Users/sergejhlystov/ALADDIN_NEW/ALADDIN_NEW/mobile_apps/ALADDIN_iOS/Shared/Components/Chat/TypingIndicatorView.swift /Users/sergejhlystov/ALADDIN_NEW/ALADDIN_NEW/mobile_apps/ALADDIN_iOS/Core/Monitoring/PerformanceMonitor.swift /Users/sergejhlystov/ALADDIN_NEW/ALADDIN_NEW/mobile_apps/ALADDIN_iOS/Core/Security/JWTTokenManager.swift /Users/sergejhlystov/ALADDIN_NEW/ALADDIN_NEW/mobile_apps/ALADDIN_iOS/Components/ThreatItemRow.swift (in target 'ALADDIN' from project 'ALADDIN')
    cd /Users/sergejhlystov/ALADDIN_NEW/ALADDIN_NEW/mobile_apps/ALADDIN_iOS
    export DEVELOPER_DIR\=/Applications/Xcode.app/Contents/Developer
    export SDKROOT\=/Applications/Xcode.app/Contents/Developer/Platforms/iPhoneSimulator.platform/Developer/SDKs/iPhoneSimulator15.2.sdk
    builtin-swiftDriverJobExecution -- /Applications/Xcode.app/Contents/Developer/Toolchains/XcodeDefault.xctoolchain/usr/bin/swift-frontend -frontend -c -filelist /Users/sergejhlystov/Library/Developer/Xcode/DerivedData/ALADDIN-eahryzmutvtbyceygnlyjsmiiaha/Build/Intermediates.noindex/ALADDIN.build/Debug-iphonesimulator/ALADDIN.build/Objects-normal/x86_64/sources-1 -primary-file /Users/sergejhlystov/ALADDIN_NEW/ALADDIN_NEW/mobile_apps/ALADDIN_iOS/Shared/Components/ComponentReportCard.swift -primary-file /Users/sergejhlystov/ALADDIN_NEW/ALADDIN_NEW/mobile_apps/ALADDIN_iOS/Core/Analytics/RemoteAnalyticsService.swift -primary-file /Users/sergejhlystov/ALADDIN_NEW/ALADDIN_NEW/mobile_apps/ALADDIN_iOS/Shared/Components/Modals/ComponentSettingsModal.swift -primary-file /Users/sergejhlystov/ALADDIN_NEW/ALADDIN_NEW/mobile_apps/ALADDIN_iOS/Core/Storage/ProfileImageManager.swift -primary-file /Users/sergejhlystov/ALADDIN_NEW/ALADDIN_NEW/mobile_apps/ALADDIN_iOS/Shared/Models/RewardModels.swift -primary-file /Users/sergejhlystov/ALADDIN_NEW/ALADDIN_NEW/mobile_apps/ALADDIN_iOS/ViewModels/ChildRewardsViewModel.swift -primary-file /Users/sergejhlystov/ALADDIN_NEW/ALADDIN_NEW/mobile_apps/ALADDIN_iOS/Core/Antivirus/AntivirusManager.swift -primary-file /Users/sergejhlystov/ALADDIN_NEW/ALADDIN_NEW/mobile_apps/ALADDIN_iOS/Core/Network/MockAPIService.swift -primary-file /Users/sergejhlystov/ALADDIN_NEW/ALADDIN_NEW/mobile_apps/ALADDIN_iOS/Core/Managers/ProtectionSettingsManager.swift -primary-file /Users/sergejhlystov/ALADDIN_NEW/ALADDIN_NEW/mobile_apps/ALADDIN_iOS/Screens/ThreatProtectionSettingsScreen.swift -primary-file /Users/sergejhlystov/ALADDIN_NEW/ALADDIN_NEW/mobile_apps/ALADDIN_iOS/Components/ProtectionCategoryRow.swift -primary-file /Users/sergejhlystov/ALADDIN_NEW/ALADDIN_NEW/mobile_apps/ALADDIN_iOS/Shared/Models/ProtectionGroup.swift -primary-file /Users/sergejhlystov/ALADDIN_NEW/ALADDIN_NEW/mobile_apps/ALADDIN_iOS/Core/IoT/IoTSecurityModule.swift -primary-file /Users/sergejhlystov/ALADDIN_NEW/ALADDIN_NEW/mobile_apps/ALADDIN_iOS/Components/ProtectionGroupSection.swift -primary-file /Users/sergejhlystov/ALADDIN_NEW/ALADDIN_NEW/mobile_apps/ALADDIN_iOS/Core/Antivirus/LocalThreatDatabase.swift -primary-file /Users/sergejhlystov/ALADDIN_NEW/ALADDIN_NEW/mobile_apps/ALADDIN_iOS/Screens/RoadsideAssistanceView.swift -primary-file /Users/sergejhlystov/ALADDIN_NEW/ALADDIN_NEW/mobile_apps/ALADDIN_iOS/Shared/Components/Inputs/ALADDINToggle.swift -primary-file /Users/sergejhlystov/ALADDIN_NEW/ALADDIN_NEW/mobile_apps/ALADDIN_iOS/Screens/Views/EmergencyContactsView.swift -primary-file /Users/sergejhlystov/ALADDIN_NEW/ALADDIN_NEW/mobile_apps/ALADDIN_iOS/Shared/Components/EmptyStateView.swift -primary-file /Users/sergejhlystov/ALADDIN_NEW/ALADDIN_NEW/mobile_apps/ALADDIN_iOS/Core/Network/RateLimiter.swift -primary-file /Users/sergejhlystov/ALADDIN_NEW/ALADDIN_NEW/mobile_apps/ALADDIN_iOS/Shared/Components/Chat/TypingIndicatorView.swift -primary-file /Users/sergejhlystov/ALADDIN_NEW/ALADDIN_NEW/mobile_apps/ALADDIN_iOS/Core/Monitoring/PerformanceMonitor.swift -primary-file /Users/sergejhlystov/ALADDIN_NEW/ALADDIN_NEW/mobile_apps/ALADDIN_iOS/Core/Security/JWTTokenManager.swift -primary-file /Users/sergejhlystov/ALADDIN_NEW/ALADDIN_NEW/mobile_apps/ALADDIN_iOS/Components/ThreatItemRow.swift -supplementary-output-file-map /Users/sergejhlystov/Library/Developer/Xcode/DerivedData/ALADDIN-eahryzmutvtbyceygnlyjsmiiaha/Build/Intermediates.noindex/ALADDIN.build/Debug-iphonesimulator/ALADDIN.build/Objects-normal/x86_64/supplementaryOutputs-9 -target x86_64-apple-ios15.2-simulator -enable-objc-interop -sdk /Applications/Xcode.app/Contents/Developer/Platforms/iPhoneSimulator.platform/Developer/SDKs/iPhoneSimulator15.2.sdk -I /Users/sergejhlystov/Library/Developer/Xcode/DerivedData/ALADDIN-eahryzmutvtbyceygnlyjsmiiaha/Build/Products/Debug-iphonesimulator -F /Users/sergejhlystov/Library/Developer/Xcode/DerivedData/ALADDIN-eahryzmutvtbyceygnlyjsmiiaha/Build/Products/Debug-iphonesimulator -no-color-diagnostics -enable-testing -g -module-cache-path /Users/sergejhlystov/Library/Developer/Xcode/DerivedData/ModuleCache.noindex -emit-localized-strings -emit-localized-strings-path /Users/sergejhlystov/Library/Developer/Xcode/DerivedData/ALADDIN-eahryzmutvtbyceygnlyjsmiiaha/Build/Intermediates.noindex/ALADDIN.build/Debug-iphonesimulator/ALADDIN.build/Objects-normal/x86_64 -swift-version 5 -enforce-exclusivity\=checked -Onone -D DEBUG -serialize-debugging-options -Xcc -working-directory -Xcc /Users/sergejhlystov/ALADDIN_NEW/ALADDIN_NEW/mobile_apps/ALADDIN_iOS -resource-dir /Applications/Xcode.app/Contents/Developer/Toolchains/XcodeDefault.xctoolchain/usr/lib/swift -enable-anonymous-context-mangled-names -Xcc -I/Users/sergejhlystov/Library/Developer/Xcode/DerivedData/ALADDIN-eahryzmutvtbyceygnlyjsmiiaha/Build/Intermediates.noindex/ALADDIN.build/Debug-iphonesimulator/ALADDIN.build/swift-overrides.hmap -Xcc -iquote -Xcc /Users/sergejhlystov/Library/Developer/Xcode/DerivedData/ALADDIN-eahryzmutvtbyceygnlyjsmiiaha/Build/Intermediates.noindex/ALADDIN.build/Debug-iphonesimulator/ALADDIN.build/ALADDIN-generated-files.hmap -Xcc -I/Users/sergejhlystov/Library/Developer/Xcode/DerivedData/ALADDIN-eahryzmutvtbyceygnlyjsmiiaha/Build/Intermediates.noindex/ALADDIN.build/Debug-iphonesimulator/ALADDIN.build/ALADDIN-own-target-headers.hmap -Xcc -I/Users/sergejhlystov/Library/Developer/Xcode/DerivedData/ALADDIN-eahryzmutvtbyceygnlyjsmiiaha/Build/Intermediates.noindex/ALADDIN.build/Debug-iphonesimulator/ALADDIN.build/ALADDIN-all-target-headers.hmap -Xcc -iquote -Xcc /Users/sergejhlystov/Library/Developer/Xcode/DerivedData/ALADDIN-eahryzmutvtbyceygnlyjsmiiaha/Build/Intermediates.noindex/ALADDIN.build/Debug-iphonesimulator/ALADDIN.build/ALADDIN-project-headers.hmap -Xcc -I/Users/sergejhlystov/Library/Developer/Xcode/DerivedData/ALADDIN-eahryzmutvtbyceygnlyjsmiiaha/Build/Products/Debug-iphonesimulator/include -Xcc -I/Users/sergejhlystov/Library/Developer/Xcode/DerivedData/ALADDIN-eahryzmutvtbyceygnlyjsmiiaha/Build/Intermediates.noindex/ALADDIN.build/Debug-iphonesimulator/ALADDIN.build/DerivedSources-normal/x86_64 -Xcc -I/Users/sergejhlystov/Library/Developer/Xcode/DerivedData/ALADDIN-eahryzmutvtbyceygnlyjsmiiaha/Build/Intermediates.noindex/ALADDIN.build/Debug-iphonesimulator/ALADDIN.build/DerivedSources/x86_64 -Xcc -I/Users/sergejhlystov/Library/Developer/Xcode/DerivedData/ALADDIN-eahryzmutvtbyceygnlyjsmiiaha/Build/Intermediates.noindex/ALADDIN.build/Debug-iphonesimulator/ALADDIN.build/DerivedSources -Xcc -DDEBUG\=1 -module-name ALADDIN -target-sdk-version 15.2.0 -o /Users/sergejhlystov/Library/Developer/Xcode/DerivedData/ALADDIN-eahryzmutvtbyceygnlyjsmiiaha/Build/Intermediates.noindex/ALADDIN.build/Debug-iphonesimulator/ALADDIN.build/Objects-normal/x86_64/ComponentReportCard.o -o /Users/sergejhlystov/Library/Developer/Xcode/DerivedData/ALADDIN-eahryzmutvtbyceygnlyjsmiiaha/Build/Intermediates.noindex/ALADDIN.build/Debug-iphonesimulator/ALADDIN.build/Objects-normal/x86_64/RemoteAnalyticsService.o -o /Users/sergejhlystov/Library/Developer/Xcode/DerivedData/ALADDIN-eahryzmutvtbyceygnlyjsmiiaha/Build/Intermediates.noindex/ALADDIN.build/Debug-iphonesimulator/ALADDIN.build/Objects-normal/x86_64/ComponentSettingsModal.o -o /Users/sergejhlystov/Library/Developer/Xcode/DerivedData/ALADDIN-eahryzmutvtbyceygnlyjsmiiaha/Build/Intermediates.noindex/ALADDIN.build/Debug-iphonesimulator/ALADDIN.build/Objects-normal/x86_64/ProfileImageManager.o -o /Users/sergejhlystov/Library/Developer/Xcode/DerivedData/ALADDIN-eahryzmutvtbyceygnlyjsmiiaha/Build/Intermediates.noindex/ALADDIN.build/Debug-iphonesimulator/ALADDIN.build/Objects-normal/x86_64/RewardModels.o -o /Users/sergejhlystov/Library/Developer/Xcode/DerivedData/ALADDIN-eahryzmutvtbyceygnlyjsmiiaha/Build/Intermediates.noindex/ALADDIN.build/Debug-iphonesimulator/ALADDIN.build/Objects-normal/x86_64/ChildRewardsViewModel.o -o /Users/sergejhlystov/Library/Developer/Xcode/DerivedData/ALADDIN-eahryzmutvtbyceygnlyjsmiiaha/Build/Intermediates.noindex/ALADDIN.build/Debug-iphonesimulator/ALADDIN.build/Objects-normal/x86_64/AntivirusManager.o -o /Users/sergejhlystov/Library/Developer/Xcode/DerivedData/ALADDIN-eahryzmutvtbyceygnlyjsmiiaha/Build/Intermediates.noindex/ALADDIN.build/Debug-iphonesimulator/ALADDIN.build/Objects-normal/x86_64/MockAPIService.o -o /Users/sergejhlystov/Library/Developer/Xcode/DerivedData/ALADDIN-eahryzmutvtbyceygnlyjsmiiaha/Build/Intermediates.noindex/ALADDIN.build/Debug-iphonesimulator/ALADDIN.build/Objects-normal/x86_64/ProtectionSettingsManager.o -o /Users/sergejhlystov/Library/Developer/Xcode/DerivedData/ALADDIN-eahryzmutvtbyceygnlyjsmiiaha/Build/Intermediates.noindex/ALADDIN.build/Debug-iphonesimulator/ALADDIN.build/Objects-normal/x86_64/ThreatProtectionSettingsScreen.o -o /Users/sergejhlystov/Library/Developer/Xcode/DerivedData/ALADDIN-eahryzmutvtbyceygnlyjsmiiaha/Build/Intermediates.noindex/ALADDIN.build/Debug-iphonesimulator/ALADDIN.build/Objects-normal/x86_64/ProtectionCategoryRow.o -o /Users/sergejhlystov/Library/Developer/Xcode/DerivedData/ALADDIN-eahryzmutvtbyceygnlyjsmiiaha/Build/Intermediates.noindex/ALADDIN.build/Debug-iphonesimulator/ALADDIN.build/Objects-normal/x86_64/ProtectionGroup.o -o /Users/sergejhlystov/Library/Developer/Xcode/DerivedData/ALADDIN-eahryzmutvtbyceygnlyjsmiiaha/Build/Intermediates.noindex/ALADDIN.build/Debug-iphonesimulator/ALADDIN.build/Objects-normal/x86_64/IoTSecurityModule.o -o /Users/sergejhlystov/Library/Developer/Xcode/DerivedData/ALADDIN-eahryzmutvtbyceygnlyjsmiiaha/Build/Intermediates.noindex/ALADDIN.build/Debug-iphonesimulator/ALADDIN.build/Objects-normal/x86_64/ProtectionGroupSection.o -o /Users/sergejhlystov/Library/Developer/Xcode/DerivedData/ALADDIN-eahryzmutvtbyceygnlyjsmiiaha/Build/Intermediates.noindex/ALADDIN.build/Debug-iphonesimulator/ALADDIN.build/Objects-normal/x86_64/LocalThreatDatabase.o -o /Users/sergejhlystov/Library/Developer/Xcode/DerivedData/ALADDIN-eahryzmutvtbyceygnlyjsmiiaha/Build/Intermediates.noindex/ALADDIN.build/Debug-iphonesimulator/ALADDIN.build/Objects-normal/x86_64/RoadsideAssistanceView.o -o /Users/sergejhlystov/Library/Developer/Xcode/DerivedData/ALADDIN-eahryzmutvtbyceygnlyjsmiiaha/Build/Intermediates.noindex/ALADDIN.build/Debug-iphonesimulator/ALADDIN.build/Objects-normal/x86_64/ALADDINToggle.o -o /Users/sergejhlystov/Library/Developer/Xcode/DerivedData/ALADDIN-eahryzmutvtbyceygnlyjsmiiaha/Build/Intermediates.noindex/ALADDIN.build/Debug-iphonesimulator/ALADDIN.build/Objects-normal/x86_64/EmergencyContactsView.o -o /Users/sergejhlystov/Library/Developer/Xcode/DerivedData/ALADDIN-eahryzmutvtbyceygnlyjsmiiaha/Build/Intermediates.noindex/ALADDIN.build/Debug-iphonesimulator/ALADDIN.build/Objects-normal/x86_64/EmptyStateView.o -o /Users/sergejhlystov/Library/Developer/Xcode/DerivedData/ALADDIN-eahryzmutvtbyceygnlyjsmiiaha/Build/Intermediates.noindex/ALADDIN.build/Debug-iphonesimulator/ALADDIN.build/Objects-normal/x86_64/RateLimiter.o -o /Users/sergejhlystov/Library/Developer/Xcode/DerivedData/ALADDIN-eahryzmutvtbyceygnlyjsmiiaha/Build/Intermediates.noindex/ALADDIN.build/Debug-iphonesimulator/ALADDIN.build/Objects-normal/x86_64/TypingIndicatorView.o -o /Users/sergejhlystov/Library/Developer/Xcode/DerivedData/ALADDIN-eahryzmutvtbyceygnlyjsmiiaha/Build/Intermediates.noindex/ALADDIN.build/Debug-iphonesimulator/ALADDIN.build/Objects-normal/x86_64/PerformanceMonitor.o -o /Users/sergejhlystov/Library/Developer/Xcode/DerivedData/ALADDIN-eahryzmutvtbyceygnlyjsmiiaha/Build/Intermediates.noindex/ALADDIN.build/Debug-iphonesimulator/ALADDIN.build/Objects-normal/x86_64/JWTTokenManager.o -o /Users/sergejhlystov/Library/Developer/Xcode/DerivedData/ALADDIN-eahryzmutvtbyceygnlyjsmiiaha/Build/Intermediates.noindex/ALADDIN.build/Debug-iphonesimulator/ALADDIN.build/Objects-normal/x86_64/ThreatItemRow.o -index-store-path /Users/sergejhlystov/Library/Developer/Xcode/DerivedData/ALADDIN-eahryzmutvtbyceygnlyjsmiiaha/Index/DataStore -index-system-modules
/Users/sergejhlystov/ALADDIN_NEW/ALADDIN_NEW/mobile_apps/ALADDIN_iOS/Core/Analytics/RemoteAnalyticsService.swift:244:35: warning: immutable value 'analyticsResponse' was never used; consider replacing with '_' or removing it
                case .success(let analyticsResponse):
                              ~~~~^~~~~~~~~~~~~~~~~
                              _
/Users/sergejhlystov/ALADDIN_NEW/ALADDIN_NEW/mobile_apps/ALADDIN_iOS/Core/Network/RateLimiter.swift:219:28: warning: immutable value 'requests' was never used; consider replacing with '_' or removing it
            for (endpoint, requests) in requestCounts {
                           ^~~~~~~~
                           _
/Users/sergejhlystov/ALADDIN_NEW/ALADDIN_NEW/mobile_apps/ALADDIN_iOS/Core/Monitoring/PerformanceMonitor.swift:373:13: warning: initialization of immutable value 'endpoint' was never used; consider replacing with assignment to '_' or removing it
        let endpoint = request.url?.path ?? "unknown"
        ~~~~^~~~~~~~
        _

SwiftDriverJob-Compile normal x86_64 Compiling\ RecoveryCodeModal.swift,\ SupportViewModel.swift,\ MessageReactionsView.swift,\ ChildInterfaceViewModel.swift,\ 12_NotificationsScreen.swift,\ InputSanitizer.swift,\ VoiceMessageBubble.swift,\ ElderlyInterfaceViewModel.swift,\ AnalyticsViewModel.swift,\ CacheManager.swift,\ SharedDataManager.swift,\ ProtectionFeature.swift,\ ProtectionLevelHistory.swift,\ ComponentReportsModels.swift,\ VoiceMessagePlayer.swift,\ ComponentAnalytics.swift,\ DarkWebScanExplanationView.swift,\ NotificationsViewModel.swift,\ 06_AIAssistantScreen.swift,\ AICategoriesModal.swift,\ MalwareDetectionSettingsModal.swift,\ RewardsQuickModal.swift,\ ComplianceView.swift,\ AdvancedProtectionSettingsScreen.swift,\ FamilyChatOfflineManager.swift /Users/sergejhlystov/ALADDIN_NEW/ALADDIN_NEW/mobile_apps/ALADDIN_iOS/Shared/Components/Modals/RecoveryCodeModal.swift /Users/sergejhlystov/ALADDIN_NEW/ALADDIN_NEW/mobile_apps/ALADDIN_iOS/ViewModels/SupportViewModel.swift /Users/sergejhlystov/ALADDIN_NEW/ALADDIN_NEW/mobile_apps/ALADDIN_iOS/Shared/Components/Chat/MessageReactionsView.swift /Users/sergejhlystov/ALADDIN_NEW/ALADDIN_NEW/mobile_apps/ALADDIN_iOS/ViewModels/ChildInterfaceViewModel.swift /Users/sergejhlystov/ALADDIN_NEW/ALADDIN_NEW/mobile_apps/ALADDIN_iOS/Screens/12_NotificationsScreen.swift /Users/sergejhlystov/ALADDIN_NEW/ALADDIN_NEW/mobile_apps/ALADDIN_iOS/Core/Validation/InputSanitizer.swift /Users/sergejhlystov/ALADDIN_NEW/ALADDIN_NEW/mobile_apps/ALADDIN_iOS/Shared/Components/Chat/VoiceMessageBubble.swift /Users/sergejhlystov/ALADDIN_NEW/ALADDIN_NEW/mobile_apps/ALADDIN_iOS/ViewModels/ElderlyInterfaceViewModel.swift /Users/sergejhlystov/ALADDIN_NEW/ALADDIN_NEW/mobile_apps/ALADDIN_iOS/ViewModels/AnalyticsViewModel.swift /Users/sergejhlystov/ALADDIN_NEW/ALADDIN_NEW/mobile_apps/ALADDIN_iOS/Core/Cache/CacheManager.swift /Users/sergejhlystov/ALADDIN_NEW/ALADDIN_NEW/mobile_apps/ALADDIN_iOS/ALADDINWidgets/SharedDataManager.swift /Users/sergejhlystov/ALADDIN_NEW/ALADDIN_NEW/mobile_apps/ALADDIN_iOS/Core/Models/ProtectionFeature.swift /Users/sergejhlystov/ALADDIN_NEW/ALADDIN_NEW/mobile_apps/ALADDIN_iOS/Core/Models/ProtectionLevelHistory.swift /Users/sergejhlystov/ALADDIN_NEW/ALADDIN_NEW/mobile_apps/ALADDIN_iOS/Core/Models/ComponentReportsModels.swift /Users/sergejhlystov/ALADDIN_NEW/ALADDIN_NEW/mobile_apps/ALADDIN_iOS/Core/Audio/VoiceMessagePlayer.swift /Users/sergejhlystov/ALADDIN_NEW/ALADDIN_NEW/mobile_apps/ALADDIN_iOS/Core/Analytics/ComponentAnalytics.swift /Users/sergejhlystov/ALADDIN_NEW/ALADDIN_NEW/mobile_apps/ALADDIN_iOS/Shared/Components/Modals/DarkWebScanExplanationView.swift /Users/sergejhlystov/ALADDIN_NEW/ALADDIN_NEW/mobile_apps/ALADDIN_iOS/ViewModels/NotificationsViewModel.swift /Users/sergejhlystov/ALADDIN_NEW/ALADDIN_NEW/mobile_apps/ALADDIN_iOS/Screens/06_AIAssistantScreen.swift /Users/sergejhlystov/ALADDIN_NEW/ALADDIN_NEW/mobile_apps/ALADDIN_iOS/Shared/Components/Modals/AICategoriesModal.swift /Users/sergejhlystov/ALADDIN_NEW/ALADDIN_NEW/mobile_apps/ALADDIN_iOS/Shared/Components/Modals/MalwareDetectionSettingsModal.swift /Users/sergejhlystov/ALADDIN_NEW/ALADDIN_NEW/mobile_apps/ALADDIN_iOS/Components/Modals/RewardsQuickModal.swift /Users/sergejhlystov/ALADDIN_NEW/ALADDIN_NEW/mobile_apps/ALADDIN_iOS/Screens/Views/ComplianceView.swift /Users/sergejhlystov/ALADDIN_NEW/ALADDIN_NEW/mobile_apps/ALADDIN_iOS/Screens/AdvancedProtectionSettingsScreen.swift /Users/sergejhlystov/ALADDIN_NEW/ALADDIN_NEW/mobile_apps/ALADDIN_iOS/Core/Chat/FamilyChatOfflineManager.swift (in target 'ALADDIN' from project 'ALADDIN')
    cd /Users/sergejhlystov/ALADDIN_NEW/ALADDIN_NEW/mobile_apps/ALADDIN_iOS
    export DEVELOPER_DIR\=/Applications/Xcode.app/Contents/Developer
    export SDKROOT\=/Applications/Xcode.app/Contents/Developer/Platforms/iPhoneSimulator.platform/Developer/SDKs/iPhoneSimulator15.2.sdk
    builtin-swiftDriverJobExecution -- /Applications/Xcode.app/Contents/Developer/Toolchains/XcodeDefault.xctoolchain/usr/bin/swift-frontend -frontend -c -filelist /Users/sergejhlystov/Library/Developer/Xcode/DerivedData/ALADDIN-eahryzmutvtbyceygnlyjsmiiaha/Build/Intermediates.noindex/ALADDIN.build/Debug-iphonesimulator/ALADDIN.build/Objects-normal/x86_64/sources-1 -primary-file /Users/sergejhlystov/ALADDIN_NEW/ALADDIN_NEW/mobile_apps/ALADDIN_iOS/Shared/Components/Modals/RecoveryCodeModal.swift -primary-file /Users/sergejhlystov/ALADDIN_NEW/ALADDIN_NEW/mobile_apps/ALADDIN_iOS/ViewModels/SupportViewModel.swift -primary-file /Users/sergejhlystov/ALADDIN_NEW/ALADDIN_NEW/mobile_apps/ALADDIN_iOS/Shared/Components/Chat/MessageReactionsView.swift -primary-file /Users/sergejhlystov/ALADDIN_NEW/ALADDIN_NEW/mobile_apps/ALADDIN_iOS/ViewModels/ChildInterfaceViewModel.swift -primary-file /Users/sergejhlystov/ALADDIN_NEW/ALADDIN_NEW/mobile_apps/ALADDIN_iOS/Screens/12_NotificationsScreen.swift -primary-file /Users/sergejhlystov/ALADDIN_NEW/ALADDIN_NEW/mobile_apps/ALADDIN_iOS/Core/Validation/InputSanitizer.swift -primary-file /Users/sergejhlystov/ALADDIN_NEW/ALADDIN_NEW/mobile_apps/ALADDIN_iOS/Shared/Components/Chat/VoiceMessageBubble.swift -primary-file /Users/sergejhlystov/ALADDIN_NEW/ALADDIN_NEW/mobile_apps/ALADDIN_iOS/ViewModels/ElderlyInterfaceViewModel.swift -primary-file /Users/sergejhlystov/ALADDIN_NEW/ALADDIN_NEW/mobile_apps/ALADDIN_iOS/ViewModels/AnalyticsViewModel.swift -primary-file /Users/sergejhlystov/ALADDIN_NEW/ALADDIN_NEW/mobile_apps/ALADDIN_iOS/Core/Cache/CacheManager.swift -primary-file /Users/sergejhlystov/ALADDIN_NEW/ALADDIN_NEW/mobile_apps/ALADDIN_iOS/ALADDINWidgets/SharedDataManager.swift -primary-file /Users/sergejhlystov/ALADDIN_NEW/ALADDIN_NEW/mobile_apps/ALADDIN_iOS/Core/Models/ProtectionFeature.swift -primary-file /Users/sergejhlystov/ALADDIN_NEW/ALADDIN_NEW/mobile_apps/ALADDIN_iOS/Core/Models/ProtectionLevelHistory.swift -primary-file /Users/sergejhlystov/ALADDIN_NEW/ALADDIN_NEW/mobile_apps/ALADDIN_iOS/Core/Models/ComponentReportsModels.swift -primary-file /Users/sergejhlystov/ALADDIN_NEW/ALADDIN_NEW/mobile_apps/ALADDIN_iOS/Core/Audio/VoiceMessagePlayer.swift -primary-file /Users/sergejhlystov/ALADDIN_NEW/ALADDIN_NEW/mobile_apps/ALADDIN_iOS/Core/Analytics/ComponentAnalytics.swift -primary-file /Users/sergejhlystov/ALADDIN_NEW/ALADDIN_NEW/mobile_apps/ALADDIN_iOS/Shared/Components/Modals/DarkWebScanExplanationView.swift -primary-file /Users/sergejhlystov/ALADDIN_NEW/ALADDIN_NEW/mobile_apps/ALADDIN_iOS/ViewModels/NotificationsViewModel.swift -primary-file /Users/sergejhlystov/ALADDIN_NEW/ALADDIN_NEW/mobile_apps/ALADDIN_iOS/Screens/06_AIAssistantScreen.swift -primary-file /Users/sergejhlystov/ALADDIN_NEW/ALADDIN_NEW/mobile_apps/ALADDIN_iOS/Shared/Components/Modals/AICategoriesModal.swift -primary-file /Users/sergejhlystov/ALADDIN_NEW/ALADDIN_NEW/mobile_apps/ALADDIN_iOS/Shared/Components/Modals/MalwareDetectionSettingsModal.swift -primary-file /Users/sergejhlystov/ALADDIN_NEW/ALADDIN_NEW/mobile_apps/ALADDIN_iOS/Components/Modals/RewardsQuickModal.swift -primary-file /Users/sergejhlystov/ALADDIN_NEW/ALADDIN_NEW/mobile_apps/ALADDIN_iOS/Screens/Views/ComplianceView.swift -primary-file /Users/sergejhlystov/ALADDIN_NEW/ALADDIN_NEW/mobile_apps/ALADDIN_iOS/Screens/AdvancedProtectionSettingsScreen.swift -primary-file /Users/sergejhlystov/ALADDIN_NEW/ALADDIN_NEW/mobile_apps/ALADDIN_iOS/Core/Chat/FamilyChatOfflineManager.swift -supplementary-output-file-map /Users/sergejhlystov/Library/Developer/Xcode/DerivedData/ALADDIN-eahryzmutvtbyceygnlyjsmiiaha/Build/Intermediates.noindex/ALADDIN.build/Debug-iphonesimulator/ALADDIN.build/Objects-normal/x86_64/supplementaryOutputs-4 -target x86_64-apple-ios15.2-simulator -enable-objc-interop -sdk /Applications/Xcode.app/Contents/Developer/Platforms/iPhoneSimulator.platform/Developer/SDKs/iPhoneSimulator15.2.sdk -I /Users/sergejhlystov/Library/Developer/Xcode/DerivedData/ALADDIN-eahryzmutvtbyceygnlyjsmiiaha/Build/Products/Debug-iphonesimulator -F /Users/sergejhlystov/Library/Developer/Xcode/DerivedData/ALADDIN-eahryzmutvtbyceygnlyjsmiiaha/Build/Products/Debug-iphonesimulator -no-color-diagnostics -enable-testing -g -module-cache-path /Users/sergejhlystov/Library/Developer/Xcode/DerivedData/ModuleCache.noindex -emit-localized-strings -emit-localized-strings-path /Users/sergejhlystov/Library/Developer/Xcode/DerivedData/ALADDIN-eahryzmutvtbyceygnlyjsmiiaha/Build/Intermediates.noindex/ALADDIN.build/Debug-iphonesimulator/ALADDIN.build/Objects-normal/x86_64 -swift-version 5 -enforce-exclusivity\=checked -Onone -D DEBUG -serialize-debugging-options -Xcc -working-directory -Xcc /Users/sergejhlystov/ALADDIN_NEW/ALADDIN_NEW/mobile_apps/ALADDIN_iOS -resource-dir /Applications/Xcode.app/Contents/Developer/Toolchains/XcodeDefault.xctoolchain/usr/lib/swift -enable-anonymous-context-mangled-names -Xcc -I/Users/sergejhlystov/Library/Developer/Xcode/DerivedData/ALADDIN-eahryzmutvtbyceygnlyjsmiiaha/Build/Intermediates.noindex/ALADDIN.build/Debug-iphonesimulator/ALADDIN.build/swift-overrides.hmap -Xcc -iquote -Xcc /Users/sergejhlystov/Library/Developer/Xcode/DerivedData/ALADDIN-eahryzmutvtbyceygnlyjsmiiaha/Build/Intermediates.noindex/ALADDIN.build/Debug-iphonesimulator/ALADDIN.build/ALADDIN-generated-files.hmap -Xcc -I/Users/sergejhlystov/Library/Developer/Xcode/DerivedData/ALADDIN-eahryzmutvtbyceygnlyjsmiiaha/Build/Intermediates.noindex/ALADDIN.build/Debug-iphonesimulator/ALADDIN.build/ALADDIN-own-target-headers.hmap -Xcc -I/Users/sergejhlystov/Library/Developer/Xcode/DerivedData/ALADDIN-eahryzmutvtbyceygnlyjsmiiaha/Build/Intermediates.noindex/ALADDIN.build/Debug-iphonesimulator/ALADDIN.build/ALADDIN-all-target-headers.hmap -Xcc -iquote -Xcc /Users/sergejhlystov/Library/Developer/Xcode/DerivedData/ALADDIN-eahryzmutvtbyceygnlyjsmiiaha/Build/Intermediates.noindex/ALADDIN.build/Debug-iphonesimulator/ALADDIN.build/ALADDIN-project-headers.hmap -Xcc -I/Users/sergejhlystov/Library/Developer/Xcode/DerivedData/ALADDIN-eahryzmutvtbyceygnlyjsmiiaha/Build/Products/Debug-iphonesimulator/include -Xcc -I/Users/sergejhlystov/Library/Developer/Xcode/DerivedData/ALADDIN-eahryzmutvtbyceygnlyjsmiiaha/Build/Intermediates.noindex/ALADDIN.build/Debug-iphonesimulator/ALADDIN.build/DerivedSources-normal/x86_64 -Xcc -I/Users/sergejhlystov/Library/Developer/Xcode/DerivedData/ALADDIN-eahryzmutvtbyceygnlyjsmiiaha/Build/Intermediates.noindex/ALADDIN.build/Debug-iphonesimulator/ALADDIN.build/DerivedSources/x86_64 -Xcc -I/Users/sergejhlystov/Library/Developer/Xcode/DerivedData/ALADDIN-eahryzmutvtbyceygnlyjsmiiaha/Build/Intermediates.noindex/ALADDIN.build/Debug-iphonesimulator/ALADDIN.build/DerivedSources -Xcc -DDEBUG\=1 -module-name ALADDIN -target-sdk-version 15.2.0 -o /Users/sergejhlystov/Library/Developer/Xcode/DerivedData/ALADDIN-eahryzmutvtbyceygnlyjsmiiaha/Build/Intermediates.noindex/ALADDIN.build/Debug-iphonesimulator/ALADDIN.build/Objects-normal/x86_64/RecoveryCodeModal.o -o /Users/sergejhlystov/Library/Developer/Xcode/DerivedData/ALADDIN-eahryzmutvtbyceygnlyjsmiiaha/Build/Intermediates.noindex/ALADDIN.build/Debug-iphonesimulator/ALADDIN.build/Objects-normal/x86_64/SupportViewModel.o -o /Users/sergejhlystov/Library/Developer/Xcode/DerivedData/ALADDIN-eahryzmutvtbyceygnlyjsmiiaha/Build/Intermediates.noindex/ALADDIN.build/Debug-iphonesimulator/ALADDIN.build/Objects-normal/x86_64/MessageReactionsView.o -o /Users/sergejhlystov/Library/Developer/Xcode/DerivedData/ALADDIN-eahryzmutvtbyceygnlyjsmiiaha/Build/Intermediates.noindex/ALADDIN.build/Debug-iphonesimulator/ALADDIN.build/Objects-normal/x86_64/ChildInterfaceViewModel.o -o /Users/sergejhlystov/Library/Developer/Xcode/DerivedData/ALADDIN-eahryzmutvtbyceygnlyjsmiiaha/Build/Intermediates.noindex/ALADDIN.build/Debug-iphonesimulator/ALADDIN.build/Objects-normal/x86_64/12_NotificationsScreen.o -o /Users/sergejhlystov/Library/Developer/Xcode/DerivedData/ALADDIN-eahryzmutvtbyceygnlyjsmiiaha/Build/Intermediates.noindex/ALADDIN.build/Debug-iphonesimulator/ALADDIN.build/Objects-normal/x86_64/InputSanitizer.o -o /Users/sergejhlystov/Library/Developer/Xcode/DerivedData/ALADDIN-eahryzmutvtbyceygnlyjsmiiaha/Build/Intermediates.noindex/ALADDIN.build/Debug-iphonesimulator/ALADDIN.build/Objects-normal/x86_64/VoiceMessageBubble.o -o /Users/sergejhlystov/Library/Developer/Xcode/DerivedData/ALADDIN-eahryzmutvtbyceygnlyjsmiiaha/Build/Intermediates.noindex/ALADDIN.build/Debug-iphonesimulator/ALADDIN.build/Objects-normal/x86_64/ElderlyInterfaceViewModel.o -o /Users/sergejhlystov/Library/Developer/Xcode/DerivedData/ALADDIN-eahryzmutvtbyceygnlyjsmiiaha/Build/Intermediates.noindex/ALADDIN.build/Debug-iphonesimulator/ALADDIN.build/Objects-normal/x86_64/AnalyticsViewModel.o -o /Users/sergejhlystov/Library/Developer/Xcode/DerivedData/ALADDIN-eahryzmutvtbyceygnlyjsmiiaha/Build/Intermediates.noindex/ALADDIN.build/Debug-iphonesimulator/ALADDIN.build/Objects-normal/x86_64/CacheManager.o -o /Users/sergejhlystov/Library/Developer/Xcode/DerivedData/ALADDIN-eahryzmutvtbyceygnlyjsmiiaha/Build/Intermediates.noindex/ALADDIN.build/Debug-iphonesimulator/ALADDIN.build/Objects-normal/x86_64/SharedDataManager.o -o /Users/sergejhlystov/Library/Developer/Xcode/DerivedData/ALADDIN-eahryzmutvtbyceygnlyjsmiiaha/Build/Intermediates.noindex/ALADDIN.build/Debug-iphonesimulator/ALADDIN.build/Objects-normal/x86_64/ProtectionFeature.o -o /Users/sergejhlystov/Library/Developer/Xcode/DerivedData/ALADDIN-eahryzmutvtbyceygnlyjsmiiaha/Build/Intermediates.noindex/ALADDIN.build/Debug-iphonesimulator/ALADDIN.build/Objects-normal/x86_64/ProtectionLevelHistory.o -o /Users/sergejhlystov/Library/Developer/Xcode/DerivedData/ALADDIN-eahryzmutvtbyceygnlyjsmiiaha/Build/Intermediates.noindex/ALADDIN.build/Debug-iphonesimulator/ALADDIN.build/Objects-normal/x86_64/ComponentReportsModels.o -o /Users/sergejhlystov/Library/Developer/Xcode/DerivedData/ALADDIN-eahryzmutvtbyceygnlyjsmiiaha/Build/Intermediates.noindex/ALADDIN.build/Debug-iphonesimulator/ALADDIN.build/Objects-normal/x86_64/VoiceMessagePlayer.o -o /Users/sergejhlystov/Library/Developer/Xcode/DerivedData/ALADDIN-eahryzmutvtbyceygnlyjsmiiaha/Build/Intermediates.noindex/ALADDIN.build/Debug-iphonesimulator/ALADDIN.build/Objects-normal/x86_64/ComponentAnalytics.o -o /Users/sergejhlystov/Library/Developer/Xcode/DerivedData/ALADDIN-eahryzmutvtbyceygnlyjsmiiaha/Build/Intermediates.noindex/ALADDIN.build/Debug-iphonesimulator/ALADDIN.build/Objects-normal/x86_64/DarkWebScanExplanationView.o -o /Users/sergejhlystov/Library/Developer/Xcode/DerivedData/ALADDIN-eahryzmutvtbyceygnlyjsmiiaha/Build/Intermediates.noindex/ALADDIN.build/Debug-iphonesimulator/ALADDIN.build/Objects-normal/x86_64/NotificationsViewModel.o -o /Users/sergejhlystov/Library/Developer/Xcode/DerivedData/ALADDIN-eahryzmutvtbyceygnlyjsmiiaha/Build/Intermediates.noindex/ALADDIN.build/Debug-iphonesimulator/ALADDIN.build/Objects-normal/x86_64/06_AIAssistantScreen.o -o /Users/sergejhlystov/Library/Developer/Xcode/DerivedData/ALADDIN-eahryzmutvtbyceygnlyjsmiiaha/Build/Intermediates.noindex/ALADDIN.build/Debug-iphonesimulator/ALADDIN.build/Objects-normal/x86_64/AICategoriesModal.o -o /Users/sergejhlystov/Library/Developer/Xcode/DerivedData/ALADDIN-eahryzmutvtbyceygnlyjsmiiaha/Build/Intermediates.noindex/ALADDIN.build/Debug-iphonesimulator/ALADDIN.build/Objects-normal/x86_64/MalwareDetectionSettingsModal.o -o /Users/sergejhlystov/Library/Developer/Xcode/DerivedData/ALADDIN-eahryzmutvtbyceygnlyjsmiiaha/Build/Intermediates.noindex/ALADDIN.build/Debug-iphonesimulator/ALADDIN.build/Objects-normal/x86_64/RewardsQuickModal.o -o /Users/sergejhlystov/Library/Developer/Xcode/DerivedData/ALADDIN-eahryzmutvtbyceygnlyjsmiiaha/Build/Intermediates.noindex/ALADDIN.build/Debug-iphonesimulator/ALADDIN.build/Objects-normal/x86_64/ComplianceView.o -o /Users/sergejhlystov/Library/Developer/Xcode/DerivedData/ALADDIN-eahryzmutvtbyceygnlyjsmiiaha/Build/Intermediates.noindex/ALADDIN.build/Debug-iphonesimulator/ALADDIN.build/Objects-normal/x86_64/AdvancedProtectionSettingsScreen.o -o /Users/sergejhlystov/Library/Developer/Xcode/DerivedData/ALADDIN-eahryzmutvtbyceygnlyjsmiiaha/Build/Intermediates.noindex/ALADDIN.build/Debug-iphonesimulator/ALADDIN.build/Objects-normal/x86_64/FamilyChatOfflineManager.o -index-store-path /Users/sergejhlystov/Library/Developer/Xcode/DerivedData/ALADDIN-eahryzmutvtbyceygnlyjsmiiaha/Index/DataStore -index-system-modules

SwiftDriverJob-Compile normal x86_64 Compiling\ ProfileViewModel.swift,\ ConsentModal.swift,\ IncidentResponseSettingsModal.swift,\ ParentalControlViewModel.swift,\ OnboardingViewModel.swift,\ Colors.swift,\ SettingsAccordion.swift,\ ChildRewardsScreen.swift,\ ChildGoalEditorView.swift,\ RecoveryCodeStorageManager.swift,\ 21_ReferralScreen.swift,\ RetryManager.swift,\ AvatarSelector.swift,\ MotivationBanner.swift,\ DarkWebMonitoringViewModel.swift,\ Toast.swift,\ ALADDINNavigationBar.swift,\ DarkWebMonitoringModal.swift,\ 14_OnboardingScreen.swift,\ FamilyCreatedModal.swift,\ LocationManager.swift,\ CrashDetectionManager.swift,\ CrashDetectionAlertModal.swift,\ PaymentQRViewModel.swift,\ MediaMessageBubble.swift /Users/sergejhlystov/ALADDIN_NEW/ALADDIN_NEW/mobile_apps/ALADDIN_iOS/ViewModels/ProfileViewModel.swift /Users/sergejhlystov/ALADDIN_NEW/ALADDIN_NEW/mobile_apps/ALADDIN_iOS/Components/Modals/ConsentModal.swift /Users/sergejhlystov/ALADDIN_NEW/ALADDIN_NEW/mobile_apps/ALADDIN_iOS/Shared/Components/Modals/IncidentResponseSettingsModal.swift /Users/sergejhlystov/ALADDIN_NEW/ALADDIN_NEW/mobile_apps/ALADDIN_iOS/ViewModels/ParentalControlViewModel.swift /Users/sergejhlystov/ALADDIN_NEW/ALADDIN_NEW/mobile_apps/ALADDIN_iOS/ViewModels/OnboardingViewModel.swift /Users/sergejhlystov/ALADDIN_NEW/ALADDIN_NEW/mobile_apps/ALADDIN_iOS/Shared/Styles/Colors.swift /Users/sergejhlystov/ALADDIN_NEW/ALADDIN_NEW/mobile_apps/ALADDIN_iOS/Shared/Components/SettingsAccordion.swift /Users/sergejhlystov/ALADDIN_NEW/ALADDIN_NEW/mobile_apps/ALADDIN_iOS/Screens/ChildRewardsScreen.swift /Users/sergejhlystov/ALADDIN_NEW/ALADDIN_NEW/mobile_apps/ALADDIN_iOS/Screens/ChildGoalEditorView.swift /Users/sergejhlystov/ALADDIN_NEW/ALADDIN_NEW/mobile_apps/ALADDIN_iOS/Core/Security/RecoveryCodeStorageManager.swift /Users/sergejhlystov/ALADDIN_NEW/ALADDIN_NEW/mobile_apps/ALADDIN_iOS/Screens/21_ReferralScreen.swift /Users/sergejhlystov/ALADDIN_NEW/ALADDIN_NEW/mobile_apps/ALADDIN_iOS/Core/Network/RetryManager.swift /Users/sergejhlystov/ALADDIN_NEW/ALADDIN_NEW/mobile_apps/ALADDIN_iOS/Shared/Components/AvatarSelector.swift /Users/sergejhlystov/ALADDIN_NEW/ALADDIN_NEW/mobile_apps/ALADDIN_iOS/Components/MotivationBanner.swift /Users/sergejhlystov/ALADDIN_NEW/ALADDIN_NEW/mobile_apps/ALADDIN_iOS/ViewModels/DarkWebMonitoringViewModel.swift /Users/sergejhlystov/ALADDIN_NEW/ALADDIN_NEW/mobile_apps/ALADDIN_iOS/Shared/Components/Toast.swift /Users/sergejhlystov/ALADDIN_NEW/ALADDIN_NEW/mobile_apps/ALADDIN_iOS/Shared/Components/Navigation/ALADDINNavigationBar.swift /Users/sergejhlystov/ALADDIN_NEW/ALADDIN_NEW/mobile_apps/ALADDIN_iOS/Shared/Components/Modals/DarkWebMonitoringModal.swift /Users/sergejhlystov/ALADDIN_NEW/ALADDIN_NEW/mobile_apps/ALADDIN_iOS/Screens/14_OnboardingScreen.swift /Users/sergejhlystov/ALADDIN_NEW/ALADDIN_NEW/mobile_apps/ALADDIN_iOS/Components/Modals/FamilyCreatedModal.swift /Users/sergejhlystov/ALADDIN_NEW/ALADDIN_NEW/mobile_apps/ALADDIN_iOS/Core/Managers/LocationManager.swift /Users/sergejhlystov/ALADDIN_NEW/ALADDIN_NEW/mobile_apps/ALADDIN_iOS/Core/Managers/CrashDetectionManager.swift /Users/sergejhlystov/ALADDIN_NEW/ALADDIN_NEW/mobile_apps/ALADDIN_iOS/Shared/Components/Modals/CrashDetectionAlertModal.swift /Users/sergejhlystov/ALADDIN_NEW/ALADDIN_NEW/mobile_apps/ALADDIN_iOS/ViewModels/PaymentQRViewModel.swift /Users/sergejhlystov/ALADDIN_NEW/ALADDIN_NEW/mobile_apps/ALADDIN_iOS/Shared/Components/Chat/MediaMessageBubble.swift (in target 'ALADDIN' from project 'ALADDIN')
    cd /Users/sergejhlystov/ALADDIN_NEW/ALADDIN_NEW/mobile_apps/ALADDIN_iOS
    export DEVELOPER_DIR\=/Applications/Xcode.app/Contents/Developer
    export SDKROOT\=/Applications/Xcode.app/Contents/Developer/Platforms/iPhoneSimulator.platform/Developer/SDKs/iPhoneSimulator15.2.sdk
    builtin-swiftDriverJobExecution -- /Applications/Xcode.app/Contents/Developer/Toolchains/XcodeDefault.xctoolchain/usr/bin/swift-frontend -frontend -c -filelist /Users/sergejhlystov/Library/Developer/Xcode/DerivedData/ALADDIN-eahryzmutvtbyceygnlyjsmiiaha/Build/Intermediates.noindex/ALADDIN.build/Debug-iphonesimulator/ALADDIN.build/Objects-normal/x86_64/sources-1 -primary-file /Users/sergejhlystov/ALADDIN_NEW/ALADDIN_NEW/mobile_apps/ALADDIN_iOS/ViewModels/ProfileViewModel.swift -primary-file /Users/sergejhlystov/ALADDIN_NEW/ALADDIN_NEW/mobile_apps/ALADDIN_iOS/Components/Modals/ConsentModal.swift -primary-file /Users/sergejhlystov/ALADDIN_NEW/ALADDIN_NEW/mobile_apps/ALADDIN_iOS/Shared/Components/Modals/IncidentResponseSettingsModal.swift -primary-file /Users/sergejhlystov/ALADDIN_NEW/ALADDIN_NEW/mobile_apps/ALADDIN_iOS/ViewModels/ParentalControlViewModel.swift -primary-file /Users/sergejhlystov/ALADDIN_NEW/ALADDIN_NEW/mobile_apps/ALADDIN_iOS/ViewModels/OnboardingViewModel.swift -primary-file /Users/sergejhlystov/ALADDIN_NEW/ALADDIN_NEW/mobile_apps/ALADDIN_iOS/Shared/Styles/Colors.swift -primary-file /Users/sergejhlystov/ALADDIN_NEW/ALADDIN_NEW/mobile_apps/ALADDIN_iOS/Shared/Components/SettingsAccordion.swift -primary-file /Users/sergejhlystov/ALADDIN_NEW/ALADDIN_NEW/mobile_apps/ALADDIN_iOS/Screens/ChildRewardsScreen.swift -primary-file /Users/sergejhlystov/ALADDIN_NEW/ALADDIN_NEW/mobile_apps/ALADDIN_iOS/Screens/ChildGoalEditorView.swift -primary-file /Users/sergejhlystov/ALADDIN_NEW/ALADDIN_NEW/mobile_apps/ALADDIN_iOS/Core/Security/RecoveryCodeStorageManager.swift -primary-file /Users/sergejhlystov/ALADDIN_NEW/ALADDIN_NEW/mobile_apps/ALADDIN_iOS/Screens/21_ReferralScreen.swift -primary-file /Users/sergejhlystov/ALADDIN_NEW/ALADDIN_NEW/mobile_apps/ALADDIN_iOS/Core/Network/RetryManager.swift -primary-file /Users/sergejhlystov/ALADDIN_NEW/ALADDIN_NEW/mobile_apps/ALADDIN_iOS/Shared/Components/AvatarSelector.swift -primary-file /Users/sergejhlystov/ALADDIN_NEW/ALADDIN_NEW/mobile_apps/ALADDIN_iOS/Components/MotivationBanner.swift -primary-file /Users/sergejhlystov/ALADDIN_NEW/ALADDIN_NEW/mobile_apps/ALADDIN_iOS/ViewModels/DarkWebMonitoringViewModel.swift -primary-file /Users/sergejhlystov/ALADDIN_NEW/ALADDIN_NEW/mobile_apps/ALADDIN_iOS/Shared/Components/Toast.swift -primary-file /Users/sergejhlystov/ALADDIN_NEW/ALADDIN_NEW/mobile_apps/ALADDIN_iOS/Shared/Components/Navigation/ALADDINNavigationBar.swift -primary-file /Users/sergejhlystov/ALADDIN_NEW/ALADDIN_NEW/mobile_apps/ALADDIN_iOS/Shared/Components/Modals/DarkWebMonitoringModal.swift -primary-file /Users/sergejhlystov/ALADDIN_NEW/ALADDIN_NEW/mobile_apps/ALADDIN_iOS/Screens/14_OnboardingScreen.swift -primary-file /Users/sergejhlystov/ALADDIN_NEW/ALADDIN_NEW/mobile_apps/ALADDIN_iOS/Components/Modals/FamilyCreatedModal.swift -primary-file /Users/sergejhlystov/ALADDIN_NEW/ALADDIN_NEW/mobile_apps/ALADDIN_iOS/Core/Managers/LocationManager.swift -primary-file /Users/sergejhlystov/ALADDIN_NEW/ALADDIN_NEW/mobile_apps/ALADDIN_iOS/Core/Managers/CrashDetectionManager.swift -primary-file /Users/sergejhlystov/ALADDIN_NEW/ALADDIN_NEW/mobile_apps/ALADDIN_iOS/Shared/Components/Modals/CrashDetectionAlertModal.swift -primary-file /Users/sergejhlystov/ALADDIN_NEW/ALADDIN_NEW/mobile_apps/ALADDIN_iOS/ViewModels/PaymentQRViewModel.swift -primary-file /Users/sergejhlystov/ALADDIN_NEW/ALADDIN_NEW/mobile_apps/ALADDIN_iOS/Shared/Components/Chat/MediaMessageBubble.swift -supplementary-output-file-map /Users/sergejhlystov/Library/Developer/Xcode/DerivedData/ALADDIN-eahryzmutvtbyceygnlyjsmiiaha/Build/Intermediates.noindex/ALADDIN.build/Debug-iphonesimulator/ALADDIN.build/Objects-normal/x86_64/supplementaryOutputs-5 -target x86_64-apple-ios15.2-simulator -enable-objc-interop -sdk /Applications/Xcode.app/Contents/Developer/Platforms/iPhoneSimulator.platform/Developer/SDKs/iPhoneSimulator15.2.sdk -I /Users/sergejhlystov/Library/Developer/Xcode/DerivedData/ALADDIN-eahryzmutvtbyceygnlyjsmiiaha/Build/Products/Debug-iphonesimulator -F /Users/sergejhlystov/Library/Developer/Xcode/DerivedData/ALADDIN-eahryzmutvtbyceygnlyjsmiiaha/Build/Products/Debug-iphonesimulator -no-color-diagnostics -enable-testing -g -module-cache-path /Users/sergejhlystov/Library/Developer/Xcode/DerivedData/ModuleCache.noindex -emit-localized-strings -emit-localized-strings-path /Users/sergejhlystov/Library/Developer/Xcode/DerivedData/ALADDIN-eahryzmutvtbyceygnlyjsmiiaha/Build/Intermediates.noindex/ALADDIN.build/Debug-iphonesimulator/ALADDIN.build/Objects-normal/x86_64 -swift-version 5 -enforce-exclusivity\=checked -Onone -D DEBUG -serialize-debugging-options -Xcc -working-directory -Xcc /Users/sergejhlystov/ALADDIN_NEW/ALADDIN_NEW/mobile_apps/ALADDIN_iOS -resource-dir /Applications/Xcode.app/Contents/Developer/Toolchains/XcodeDefault.xctoolchain/usr/lib/swift -enable-anonymous-context-mangled-names -Xcc -I/Users/sergejhlystov/Library/Developer/Xcode/DerivedData/ALADDIN-eahryzmutvtbyceygnlyjsmiiaha/Build/Intermediates.noindex/ALADDIN.build/Debug-iphonesimulator/ALADDIN.build/swift-overrides.hmap -Xcc -iquote -Xcc /Users/sergejhlystov/Library/Developer/Xcode/DerivedData/ALADDIN-eahryzmutvtbyceygnlyjsmiiaha/Build/Intermediates.noindex/ALADDIN.build/Debug-iphonesimulator/ALADDIN.build/ALADDIN-generated-files.hmap -Xcc -I/Users/sergejhlystov/Library/Developer/Xcode/DerivedData/ALADDIN-eahryzmutvtbyceygnlyjsmiiaha/Build/Intermediates.noindex/ALADDIN.build/Debug-iphonesimulator/ALADDIN.build/ALADDIN-own-target-headers.hmap -Xcc -I/Users/sergejhlystov/Library/Developer/Xcode/DerivedData/ALADDIN-eahryzmutvtbyceygnlyjsmiiaha/Build/Intermediates.noindex/ALADDIN.build/Debug-iphonesimulator/ALADDIN.build/ALADDIN-all-target-headers.hmap -Xcc -iquote -Xcc /Users/sergejhlystov/Library/Developer/Xcode/DerivedData/ALADDIN-eahryzmutvtbyceygnlyjsmiiaha/Build/Intermediates.noindex/ALADDIN.build/Debug-iphonesimulator/ALADDIN.build/ALADDIN-project-headers.hmap -Xcc -I/Users/sergejhlystov/Library/Developer/Xcode/DerivedData/ALADDIN-eahryzmutvtbyceygnlyjsmiiaha/Build/Products/Debug-iphonesimulator/include -Xcc -I/Users/sergejhlystov/Library/Developer/Xcode/DerivedData/ALADDIN-eahryzmutvtbyceygnlyjsmiiaha/Build/Intermediates.noindex/ALADDIN.build/Debug-iphonesimulator/ALADDIN.build/DerivedSources-normal/x86_64 -Xcc -I/Users/sergejhlystov/Library/Developer/Xcode/DerivedData/ALADDIN-eahryzmutvtbyceygnlyjsmiiaha/Build/Intermediates.noindex/ALADDIN.build/Debug-iphonesimulator/ALADDIN.build/DerivedSources/x86_64 -Xcc -I/Users/sergejhlystov/Library/Developer/Xcode/DerivedData/ALADDIN-eahryzmutvtbyceygnlyjsmiiaha/Build/Intermediates.noindex/ALADDIN.build/Debug-iphonesimulator/ALADDIN.build/DerivedSources -Xcc -DDEBUG\=1 -module-name ALADDIN -target-sdk-version 15.2.0 -o /Users/sergejhlystov/Library/Developer/Xcode/DerivedData/ALADDIN-eahryzmutvtbyceygnlyjsmiiaha/Build/Intermediates.noindex/ALADDIN.build/Debug-iphonesimulator/ALADDIN.build/Objects-normal/x86_64/ProfileViewModel.o -o /Users/sergejhlystov/Library/Developer/Xcode/DerivedData/ALADDIN-eahryzmutvtbyceygnlyjsmiiaha/Build/Intermediates.noindex/ALADDIN.build/Debug-iphonesimulator/ALADDIN.build/Objects-normal/x86_64/ConsentModal.o -o /Users/sergejhlystov/Library/Developer/Xcode/DerivedData/ALADDIN-eahryzmutvtbyceygnlyjsmiiaha/Build/Intermediates.noindex/ALADDIN.build/Debug-iphonesimulator/ALADDIN.build/Objects-normal/x86_64/IncidentResponseSettingsModal.o -o /Users/sergejhlystov/Library/Developer/Xcode/DerivedData/ALADDIN-eahryzmutvtbyceygnlyjsmiiaha/Build/Intermediates.noindex/ALADDIN.build/Debug-iphonesimulator/ALADDIN.build/Objects-normal/x86_64/ParentalControlViewModel.o -o /Users/sergejhlystov/Library/Developer/Xcode/DerivedData/ALADDIN-eahryzmutvtbyceygnlyjsmiiaha/Build/Intermediates.noindex/ALADDIN.build/Debug-iphonesimulator/ALADDIN.build/Objects-normal/x86_64/OnboardingViewModel.o -o /Users/sergejhlystov/Library/Developer/Xcode/DerivedData/ALADDIN-eahryzmutvtbyceygnlyjsmiiaha/Build/Intermediates.noindex/ALADDIN.build/Debug-iphonesimulator/ALADDIN.build/Objects-normal/x86_64/Colors.o -o /Users/sergejhlystov/Library/Developer/Xcode/DerivedData/ALADDIN-eahryzmutvtbyceygnlyjsmiiaha/Build/Intermediates.noindex/ALADDIN.build/Debug-iphonesimulator/ALADDIN.build/Objects-normal/x86_64/SettingsAccordion.o -o /Users/sergejhlystov/Library/Developer/Xcode/DerivedData/ALADDIN-eahryzmutvtbyceygnlyjsmiiaha/Build/Intermediates.noindex/ALADDIN.build/Debug-iphonesimulator/ALADDIN.build/Objects-normal/x86_64/ChildRewardsScreen.o -o /Users/sergejhlystov/Library/Developer/Xcode/DerivedData/ALADDIN-eahryzmutvtbyceygnlyjsmiiaha/Build/Intermediates.noindex/ALADDIN.build/Debug-iphonesimulator/ALADDIN.build/Objects-normal/x86_64/ChildGoalEditorView.o -o /Users/sergejhlystov/Library/Developer/Xcode/DerivedData/ALADDIN-eahryzmutvtbyceygnlyjsmiiaha/Build/Intermediates.noindex/ALADDIN.build/Debug-iphonesimulator/ALADDIN.build/Objects-normal/x86_64/RecoveryCodeStorageManager.o -o /Users/sergejhlystov/Library/Developer/Xcode/DerivedData/ALADDIN-eahryzmutvtbyceygnlyjsmiiaha/Build/Intermediates.noindex/ALADDIN.build/Debug-iphonesimulator/ALADDIN.build/Objects-normal/x86_64/21_ReferralScreen.o -o /Users/sergejhlystov/Library/Developer/Xcode/DerivedData/ALADDIN-eahryzmutvtbyceygnlyjsmiiaha/Build/Intermediates.noindex/ALADDIN.build/Debug-iphonesimulator/ALADDIN.build/Objects-normal/x86_64/RetryManager.o -o /Users/sergejhlystov/Library/Developer/Xcode/DerivedData/ALADDIN-eahryzmutvtbyceygnlyjsmiiaha/Build/Intermediates.noindex/ALADDIN.build/Debug-iphonesimulator/ALADDIN.build/Objects-normal/x86_64/AvatarSelector.o -o /Users/sergejhlystov/Library/Developer/Xcode/DerivedData/ALADDIN-eahryzmutvtbyceygnlyjsmiiaha/Build/Intermediates.noindex/ALADDIN.build/Debug-iphonesimulator/ALADDIN.build/Objects-normal/x86_64/MotivationBanner.o -o /Users/sergejhlystov/Library/Developer/Xcode/DerivedData/ALADDIN-eahryzmutvtbyceygnlyjsmiiaha/Build/Intermediates.noindex/ALADDIN.build/Debug-iphonesimulator/ALADDIN.build/Objects-normal/x86_64/DarkWebMonitoringViewModel.o -o /Users/sergejhlystov/Library/Developer/Xcode/DerivedData/ALADDIN-eahryzmutvtbyceygnlyjsmiiaha/Build/Intermediates.noindex/ALADDIN.build/Debug-iphonesimulator/ALADDIN.build/Objects-normal/x86_64/Toast.o -o /Users/sergejhlystov/Library/Developer/Xcode/DerivedData/ALADDIN-eahryzmutvtbyceygnlyjsmiiaha/Build/Intermediates.noindex/ALADDIN.build/Debug-iphonesimulator/ALADDIN.build/Objects-normal/x86_64/ALADDINNavigationBar.o -o /Users/sergejhlystov/Library/Developer/Xcode/DerivedData/ALADDIN-eahryzmutvtbyceygnlyjsmiiaha/Build/Intermediates.noindex/ALADDIN.build/Debug-iphonesimulator/ALADDIN.build/Objects-normal/x86_64/DarkWebMonitoringModal.o -o /Users/sergejhlystov/Library/Developer/Xcode/DerivedData/ALADDIN-eahryzmutvtbyceygnlyjsmiiaha/Build/Intermediates.noindex/ALADDIN.build/Debug-iphonesimulator/ALADDIN.build/Objects-normal/x86_64/14_OnboardingScreen.o -o /Users/sergejhlystov/Library/Developer/Xcode/DerivedData/ALADDIN-eahryzmutvtbyceygnlyjsmiiaha/Build/Intermediates.noindex/ALADDIN.build/Debug-iphonesimulator/ALADDIN.build/Objects-normal/x86_64/FamilyCreatedModal.o -o /Users/sergejhlystov/Library/Developer/Xcode/DerivedData/ALADDIN-eahryzmutvtbyceygnlyjsmiiaha/Build/Intermediates.noindex/ALADDIN.build/Debug-iphonesimulator/ALADDIN.build/Objects-normal/x86_64/LocationManager.o -o /Users/sergejhlystov/Library/Developer/Xcode/DerivedData/ALADDIN-eahryzmutvtbyceygnlyjsmiiaha/Build/Intermediates.noindex/ALADDIN.build/Debug-iphonesimulator/ALADDIN.build/Objects-normal/x86_64/CrashDetectionManager.o -o /Users/sergejhlystov/Library/Developer/Xcode/DerivedData/ALADDIN-eahryzmutvtbyceygnlyjsmiiaha/Build/Intermediates.noindex/ALADDIN.build/Debug-iphonesimulator/ALADDIN.build/Objects-normal/x86_64/CrashDetectionAlertModal.o -o /Users/sergejhlystov/Library/Developer/Xcode/DerivedData/ALADDIN-eahryzmutvtbyceygnlyjsmiiaha/Build/Intermediates.noindex/ALADDIN.build/Debug-iphonesimulator/ALADDIN.build/Objects-normal/x86_64/PaymentQRViewModel.o -o /Users/sergejhlystov/Library/Developer/Xcode/DerivedData/ALADDIN-eahryzmutvtbyceygnlyjsmiiaha/Build/Intermediates.noindex/ALADDIN.build/Debug-iphonesimulator/ALADDIN.build/Objects-normal/x86_64/MediaMessageBubble.o -index-store-path /Users/sergejhlystov/Library/Developer/Xcode/DerivedData/ALADDIN-eahryzmutvtbyceygnlyjsmiiaha/Index/DataStore -index-system-modules
/Users/sergejhlystov/ALADDIN_NEW/ALADDIN_NEW/mobile_apps/ALADDIN_iOS/Core/Managers/CrashDetectionManager.swift:265:9: warning: no 'async' operations occur within 'await' expression
        await locationManager.requestAuthorization(always: true)
        ^
/Users/sergejhlystov/ALADDIN_NEW/ALADDIN_NEW/mobile_apps/ALADDIN_iOS/Core/Managers/CrashDetectionManager.swift:310:30: warning: result of call to 'stopCrashDetectionMonitoring()' is unused
        try await apiService.stopCrashDetectionMonitoring()
                             ^                           ~~
/Users/sergejhlystov/ALADDIN_NEW/ALADDIN_NEW/mobile_apps/ALADDIN_iOS/Core/Managers/CrashDetectionManager.swift:370:63: warning: variable 'self' was written to, but never read
            motionManager.startGyroUpdates(to: queue) { [weak self] (data, error) in
                                                              ^
/Users/sergejhlystov/ALADDIN_NEW/ALADDIN_NEW/mobile_apps/ALADDIN_iOS/Core/Managers/CrashDetectionManager.swift:516:38: warning: result of call to 'sendCrashDetectionData(accelerometer:gyroscope:speed:location:)' is unused
                try await apiService.sendCrashDetectionData(
                                     ^                     ~
/Users/sergejhlystov/ALADDIN_NEW/ALADDIN_NEW/mobile_apps/ALADDIN_iOS/Core/Managers/CrashDetectionManager.swift:570:34: warning: result of call to 'sendCrashDetectionData(accelerometer:gyroscope:speed:location:)' is unused
            try await apiService.sendCrashDetectionData(
                                 ^                     ~
/Users/sergejhlystov/ALADDIN_NEW/ALADDIN_NEW/mobile_apps/ALADDIN_iOS/Core/Managers/CrashDetectionManager.swift:579:38: warning: result of call to 'sendCrashAlert(latitude:longitude:severity:)' is unused
                try await apiService.sendCrashAlert(
                                     ^             ~

SwiftDriverJob-Compile normal x86_64 Compiling\ TariffManager.swift,\ ChildContentScreen.swift,\ AdditionalFeature.swift,\ DarkWebDataInputView.swift,\ StatItem.swift,\ FamilyMemberCard.swift,\ AddMoreMemberCard.swift,\ ChildRewardsSettingsModal.swift,\ APIModels.swift,\ NetworkProtectionManager.swift,\ UnicornPetView.swift,\ APIService.swift,\ NetworkProtectionViewModel.swift,\ 18_PrivacyPolicyScreen.swift,\ ComponentStatusService.swift,\ 10_TariffsScreen.swift,\ IdentityTheftViewModel.swift,\ 09_ElderlyInterfaceScreen.swift,\ 11_ProfileScreen.swift,\ NetworkManager.swift,\ 19_TermsOfServiceScreen.swift,\ AppConfig.swift,\ ParallelLoader.swift,\ FamilyViewModel.swift,\ AIAssistantViewModel.swift /Users/sergejhlystov/ALADDIN_NEW/ALADDIN_NEW/mobile_apps/ALADDIN_iOS/Core/Managers/TariffManager.swift /Users/sergejhlystov/ALADDIN_NEW/ALADDIN_NEW/mobile_apps/ALADDIN_iOS/Screens/ChildContentScreen.swift /Users/sergejhlystov/ALADDIN_NEW/ALADDIN_NEW/mobile_apps/ALADDIN_iOS/Shared/Models/AdditionalFeature.swift /Users/sergejhlystov/ALADDIN_NEW/ALADDIN_NEW/mobile_apps/ALADDIN_iOS/Shared/Components/Modals/DarkWebDataInputView.swift /Users/sergejhlystov/ALADDIN_NEW/ALADDIN_NEW/mobile_apps/ALADDIN_iOS/Shared/Components/StatItem.swift /Users/sergejhlystov/ALADDIN_NEW/ALADDIN_NEW/mobile_apps/ALADDIN_iOS/Shared/Components/Cards/FamilyMemberCard.swift /Users/sergejhlystov/ALADDIN_NEW/ALADDIN_NEW/mobile_apps/ALADDIN_iOS/Shared/Components/Cards/AddMoreMemberCard.swift /Users/sergejhlystov/ALADDIN_NEW/ALADDIN_NEW/mobile_apps/ALADDIN_iOS/Components/Modals/ChildRewardsSettingsModal.swift /Users/sergejhlystov/ALADDIN_NEW/ALADDIN_NEW/mobile_apps/ALADDIN_iOS/Core/Models/APIModels.swift /Users/sergejhlystov/ALADDIN_NEW/ALADDIN_NEW/mobile_apps/ALADDIN_iOS/Core/NetworkProtection/NetworkProtectionManager.swift /Users/sergejhlystov/ALADDIN_NEW/ALADDIN_NEW/mobile_apps/ALADDIN_iOS/Screens/UnicornPetView.swift /Users/sergejhlystov/ALADDIN_NEW/ALADDIN_NEW/mobile_apps/ALADDIN_iOS/Core/Network/APIService.swift /Users/sergejhlystov/ALADDIN_NEW/ALADDIN_NEW/mobile_apps/ALADDIN_iOS/ViewModels/NetworkProtectionViewModel.swift /Users/sergejhlystov/ALADDIN_NEW/ALADDIN_NEW/mobile_apps/ALADDIN_iOS/Screens/18_PrivacyPolicyScreen.swift /Users/sergejhlystov/ALADDIN_NEW/ALADDIN_NEW/mobile_apps/ALADDIN_iOS/Core/Services/ComponentStatusService.swift /Users/sergejhlystov/ALADDIN_NEW/ALADDIN_NEW/mobile_apps/ALADDIN_iOS/Screens/10_TariffsScreen.swift /Users/sergejhlystov/ALADDIN_NEW/ALADDIN_NEW/mobile_apps/ALADDIN_iOS/ViewModels/IdentityTheftViewModel.swift /Users/sergejhlystov/ALADDIN_NEW/ALADDIN_NEW/mobile_apps/ALADDIN_iOS/Screens/09_ElderlyInterfaceScreen.swift /Users/sergejhlystov/ALADDIN_NEW/ALADDIN_NEW/mobile_apps/ALADDIN_iOS/Screens/11_ProfileScreen.swift /Users/sergejhlystov/ALADDIN_NEW/ALADDIN_NEW/mobile_apps/ALADDIN_iOS/Core/Network/NetworkManager.swift /Users/sergejhlystov/ALADDIN_NEW/ALADDIN_NEW/mobile_apps/ALADDIN_iOS/Screens/19_TermsOfServiceScreen.swift /Users/sergejhlystov/ALADDIN_NEW/ALADDIN_NEW/mobile_apps/ALADDIN_iOS/Core/Config/AppConfig.swift /Users/sergejhlystov/ALADDIN_NEW/ALADDIN_NEW/mobile_apps/ALADDIN_iOS/Core/Utils/ParallelLoader.swift /Users/sergejhlystov/ALADDIN_NEW/ALADDIN_NEW/mobile_apps/ALADDIN_iOS/ViewModels/FamilyViewModel.swift /Users/sergejhlystov/ALADDIN_NEW/ALADDIN_NEW/mobile_apps/ALADDIN_iOS/ViewModels/AIAssistantViewModel.swift (in target 'ALADDIN' from project 'ALADDIN')
    cd /Users/sergejhlystov/ALADDIN_NEW/ALADDIN_NEW/mobile_apps/ALADDIN_iOS
    export DEVELOPER_DIR\=/Applications/Xcode.app/Contents/Developer
    export SDKROOT\=/Applications/Xcode.app/Contents/Developer/Platforms/iPhoneSimulator.platform/Developer/SDKs/iPhoneSimulator15.2.sdk
    builtin-swiftDriverJobExecution -- /Applications/Xcode.app/Contents/Developer/Toolchains/XcodeDefault.xctoolchain/usr/bin/swift-frontend -frontend -c -filelist /Users/sergejhlystov/Library/Developer/Xcode/DerivedData/ALADDIN-eahryzmutvtbyceygnlyjsmiiaha/Build/Intermediates.noindex/ALADDIN.build/Debug-iphonesimulator/ALADDIN.build/Objects-normal/x86_64/sources-1 -primary-file /Users/sergejhlystov/ALADDIN_NEW/ALADDIN_NEW/mobile_apps/ALADDIN_iOS/Core/Managers/TariffManager.swift -primary-file /Users/sergejhlystov/ALADDIN_NEW/ALADDIN_NEW/mobile_apps/ALADDIN_iOS/Screens/ChildContentScreen.swift -primary-file /Users/sergejhlystov/ALADDIN_NEW/ALADDIN_NEW/mobile_apps/ALADDIN_iOS/Shared/Models/AdditionalFeature.swift -primary-file /Users/sergejhlystov/ALADDIN_NEW/ALADDIN_NEW/mobile_apps/ALADDIN_iOS/Shared/Components/Modals/DarkWebDataInputView.swift -primary-file /Users/sergejhlystov/ALADDIN_NEW/ALADDIN_NEW/mobile_apps/ALADDIN_iOS/Shared/Components/StatItem.swift -primary-file /Users/sergejhlystov/ALADDIN_NEW/ALADDIN_NEW/mobile_apps/ALADDIN_iOS/Shared/Components/Cards/FamilyMemberCard.swift -primary-file /Users/sergejhlystov/ALADDIN_NEW/ALADDIN_NEW/mobile_apps/ALADDIN_iOS/Shared/Components/Cards/AddMoreMemberCard.swift -primary-file /Users/sergejhlystov/ALADDIN_NEW/ALADDIN_NEW/mobile_apps/ALADDIN_iOS/Components/Modals/ChildRewardsSettingsModal.swift -primary-file /Users/sergejhlystov/ALADDIN_NEW/ALADDIN_NEW/mobile_apps/ALADDIN_iOS/Core/Models/APIModels.swift -primary-file /Users/sergejhlystov/ALADDIN_NEW/ALADDIN_NEW/mobile_apps/ALADDIN_iOS/Core/NetworkProtection/NetworkProtectionManager.swift -primary-file /Users/sergejhlystov/ALADDIN_NEW/ALADDIN_NEW/mobile_apps/ALADDIN_iOS/Screens/UnicornPetView.swift -primary-file /Users/sergejhlystov/ALADDIN_NEW/ALADDIN_NEW/mobile_apps/ALADDIN_iOS/Core/Network/APIService.swift -primary-file /Users/sergejhlystov/ALADDIN_NEW/ALADDIN_NEW/mobile_apps/ALADDIN_iOS/ViewModels/NetworkProtectionViewModel.swift -primary-file /Users/sergejhlystov/ALADDIN_NEW/ALADDIN_NEW/mobile_apps/ALADDIN_iOS/Screens/18_PrivacyPolicyScreen.swift -primary-file /Users/sergejhlystov/ALADDIN_NEW/ALADDIN_NEW/mobile_apps/ALADDIN_iOS/Core/Services/ComponentStatusService.swift -primary-file /Users/sergejhlystov/ALADDIN_NEW/ALADDIN_NEW/mobile_apps/ALADDIN_iOS/Screens/10_TariffsScreen.swift -primary-file /Users/sergejhlystov/ALADDIN_NEW/ALADDIN_NEW/mobile_apps/ALADDIN_iOS/ViewModels/IdentityTheftViewModel.swift -primary-file /Users/sergejhlystov/ALADDIN_NEW/ALADDIN_NEW/mobile_apps/ALADDIN_iOS/Screens/09_ElderlyInterfaceScreen.swift -primary-file /Users/sergejhlystov/ALADDIN_NEW/ALADDIN_NEW/mobile_apps/ALADDIN_iOS/Screens/11_ProfileScreen.swift -primary-file /Users/sergejhlystov/ALADDIN_NEW/ALADDIN_NEW/mobile_apps/ALADDIN_iOS/Core/Network/NetworkManager.swift -primary-file /Users/sergejhlystov/ALADDIN_NEW/ALADDIN_NEW/mobile_apps/ALADDIN_iOS/Screens/19_TermsOfServiceScreen.swift -primary-file /Users/sergejhlystov/ALADDIN_NEW/ALADDIN_NEW/mobile_apps/ALADDIN_iOS/Core/Config/AppConfig.swift -primary-file /Users/sergejhlystov/ALADDIN_NEW/ALADDIN_NEW/mobile_apps/ALADDIN_iOS/Core/Utils/ParallelLoader.swift -primary-file /Users/sergejhlystov/ALADDIN_NEW/ALADDIN_NEW/mobile_apps/ALADDIN_iOS/ViewModels/FamilyViewModel.swift -primary-file /Users/sergejhlystov/ALADDIN_NEW/ALADDIN_NEW/mobile_apps/ALADDIN_iOS/ViewModels/AIAssistantViewModel.swift -supplementary-output-file-map /Users/sergejhlystov/Library/Developer/Xcode/DerivedData/ALADDIN-eahryzmutvtbyceygnlyjsmiiaha/Build/Intermediates.noindex/ALADDIN.build/Debug-iphonesimulator/ALADDIN.build/Objects-normal/x86_64/supplementaryOutputs-2 -target x86_64-apple-ios15.2-simulator -enable-objc-interop -sdk /Applications/Xcode.app/Contents/Developer/Platforms/iPhoneSimulator.platform/Developer/SDKs/iPhoneSimulator15.2.sdk -I /Users/sergejhlystov/Library/Developer/Xcode/DerivedData/ALADDIN-eahryzmutvtbyceygnlyjsmiiaha/Build/Products/Debug-iphonesimulator -F /Users/sergejhlystov/Library/Developer/Xcode/DerivedData/ALADDIN-eahryzmutvtbyceygnlyjsmiiaha/Build/Products/Debug-iphonesimulator -no-color-diagnostics -enable-testing -g -module-cache-path /Users/sergejhlystov/Library/Developer/Xcode/DerivedData/ModuleCache.noindex -emit-localized-strings -emit-localized-strings-path /Users/sergejhlystov/Library/Developer/Xcode/DerivedData/ALADDIN-eahryzmutvtbyceygnlyjsmiiaha/Build/Intermediates.noindex/ALADDIN.build/Debug-iphonesimulator/ALADDIN.build/Objects-normal/x86_64 -swift-version 5 -enforce-exclusivity\=checked -Onone -D DEBUG -serialize-debugging-options -Xcc -working-directory -Xcc /Users/sergejhlystov/ALADDIN_NEW/ALADDIN_NEW/mobile_apps/ALADDIN_iOS -resource-dir /Applications/Xcode.app/Contents/Developer/Toolchains/XcodeDefault.xctoolchain/usr/lib/swift -enable-anonymous-context-mangled-names -Xcc -I/Users/sergejhlystov/Library/Developer/Xcode/DerivedData/ALADDIN-eahryzmutvtbyceygnlyjsmiiaha/Build/Intermediates.noindex/ALADDIN.build/Debug-iphonesimulator/ALADDIN.build/swift-overrides.hmap -Xcc -iquote -Xcc /Users/sergejhlystov/Library/Developer/Xcode/DerivedData/ALADDIN-eahryzmutvtbyceygnlyjsmiiaha/Build/Intermediates.noindex/ALADDIN.build/Debug-iphonesimulator/ALADDIN.build/ALADDIN-generated-files.hmap -Xcc -I/Users/sergejhlystov/Library/Developer/Xcode/DerivedData/ALADDIN-eahryzmutvtbyceygnlyjsmiiaha/Build/Intermediates.noindex/ALADDIN.build/Debug-iphonesimulator/ALADDIN.build/ALADDIN-own-target-headers.hmap -Xcc -I/Users/sergejhlystov/Library/Developer/Xcode/DerivedData/ALADDIN-eahryzmutvtbyceygnlyjsmiiaha/Build/Intermediates.noindex/ALADDIN.build/Debug-iphonesimulator/ALADDIN.build/ALADDIN-all-target-headers.hmap -Xcc -iquote -Xcc /Users/sergejhlystov/Library/Developer/Xcode/DerivedData/ALADDIN-eahryzmutvtbyceygnlyjsmiiaha/Build/Intermediates.noindex/ALADDIN.build/Debug-iphonesimulator/ALADDIN.build/ALADDIN-project-headers.hmap -Xcc -I/Users/sergejhlystov/Library/Developer/Xcode/DerivedData/ALADDIN-eahryzmutvtbyceygnlyjsmiiaha/Build/Products/Debug-iphonesimulator/include -Xcc -I/Users/sergejhlystov/Library/Developer/Xcode/DerivedData/ALADDIN-eahryzmutvtbyceygnlyjsmiiaha/Build/Intermediates.noindex/ALADDIN.build/Debug-iphonesimulator/ALADDIN.build/DerivedSources-normal/x86_64 -Xcc -I/Users/sergejhlystov/Library/Developer/Xcode/DerivedData/ALADDIN-eahryzmutvtbyceygnlyjsmiiaha/Build/Intermediates.noindex/ALADDIN.build/Debug-iphonesimulator/ALADDIN.build/DerivedSources/x86_64 -Xcc -I/Users/sergejhlystov/Library/Developer/Xcode/DerivedData/ALADDIN-eahryzmutvtbyceygnlyjsmiiaha/Build/Intermediates.noindex/ALADDIN.build/Debug-iphonesimulator/ALADDIN.build/DerivedSources -Xcc -DDEBUG\=1 -module-name ALADDIN -target-sdk-version 15.2.0 -o /Users/sergejhlystov/Library/Developer/Xcode/DerivedData/ALADDIN-eahryzmutvtbyceygnlyjsmiiaha/Build/Intermediates.noindex/ALADDIN.build/Debug-iphonesimulator/ALADDIN.build/Objects-normal/x86_64/TariffManager.o -o /Users/sergejhlystov/Library/Developer/Xcode/DerivedData/ALADDIN-eahryzmutvtbyceygnlyjsmiiaha/Build/Intermediates.noindex/ALADDIN.build/Debug-iphonesimulator/ALADDIN.build/Objects-normal/x86_64/ChildContentScreen.o -o /Users/sergejhlystov/Library/Developer/Xcode/DerivedData/ALADDIN-eahryzmutvtbyceygnlyjsmiiaha/Build/Intermediates.noindex/ALADDIN.build/Debug-iphonesimulator/ALADDIN.build/Objects-normal/x86_64/AdditionalFeature.o -o /Users/sergejhlystov/Library/Developer/Xcode/DerivedData/ALADDIN-eahryzmutvtbyceygnlyjsmiiaha/Build/Intermediates.noindex/ALADDIN.build/Debug-iphonesimulator/ALADDIN.build/Objects-normal/x86_64/DarkWebDataInputView.o -o /Users/sergejhlystov/Library/Developer/Xcode/DerivedData/ALADDIN-eahryzmutvtbyceygnlyjsmiiaha/Build/Intermediates.noindex/ALADDIN.build/Debug-iphonesimulator/ALADDIN.build/Objects-normal/x86_64/StatItem.o -o /Users/sergejhlystov/Library/Developer/Xcode/DerivedData/ALADDIN-eahryzmutvtbyceygnlyjsmiiaha/Build/Intermediates.noindex/ALADDIN.build/Debug-iphonesimulator/ALADDIN.build/Objects-normal/x86_64/FamilyMemberCard.o -o /Users/sergejhlystov/Library/Developer/Xcode/DerivedData/ALADDIN-eahryzmutvtbyceygnlyjsmiiaha/Build/Intermediates.noindex/ALADDIN.build/Debug-iphonesimulator/ALADDIN.build/Objects-normal/x86_64/AddMoreMemberCard.o -o /Users/sergejhlystov/Library/Developer/Xcode/DerivedData/ALADDIN-eahryzmutvtbyceygnlyjsmiiaha/Build/Intermediates.noindex/ALADDIN.build/Debug-iphonesimulator/ALADDIN.build/Objects-normal/x86_64/ChildRewardsSettingsModal.o -o /Users/sergejhlystov/Library/Developer/Xcode/DerivedData/ALADDIN-eahryzmutvtbyceygnlyjsmiiaha/Build/Intermediates.noindex/ALADDIN.build/Debug-iphonesimulator/ALADDIN.build/Objects-normal/x86_64/APIModels.o -o /Users/sergejhlystov/Library/Developer/Xcode/DerivedData/ALADDIN-eahryzmutvtbyceygnlyjsmiiaha/Build/Intermediates.noindex/ALADDIN.build/Debug-iphonesimulator/ALADDIN.build/Objects-normal/x86_64/NetworkProtectionManager.o -o /Users/sergejhlystov/Library/Developer/Xcode/DerivedData/ALADDIN-eahryzmutvtbyceygnlyjsmiiaha/Build/Intermediates.noindex/ALADDIN.build/Debug-iphonesimulator/ALADDIN.build/Objects-normal/x86_64/UnicornPetView.o -o /Users/sergejhlystov/Library/Developer/Xcode/DerivedData/ALADDIN-eahryzmutvtbyceygnlyjsmiiaha/Build/Intermediates.noindex/ALADDIN.build/Debug-iphonesimulator/ALADDIN.build/Objects-normal/x86_64/APIService.o -o /Users/sergejhlystov/Library/Developer/Xcode/DerivedData/ALADDIN-eahryzmutvtbyceygnlyjsmiiaha/Build/Intermediates.noindex/ALADDIN.build/Debug-iphonesimulator/ALADDIN.build/Objects-normal/x86_64/NetworkProtectionViewModel.o -o /Users/sergejhlystov/Library/Developer/Xcode/DerivedData/ALADDIN-eahryzmutvtbyceygnlyjsmiiaha/Build/Intermediates.noindex/ALADDIN.build/Debug-iphonesimulator/ALADDIN.build/Objects-normal/x86_64/18_PrivacyPolicyScreen.o -o /Users/sergejhlystov/Library/Developer/Xcode/DerivedData/ALADDIN-eahryzmutvtbyceygnlyjsmiiaha/Build/Intermediates.noindex/ALADDIN.build/Debug-iphonesimulator/ALADDIN.build/Objects-normal/x86_64/ComponentStatusService.o -o /Users/sergejhlystov/Library/Developer/Xcode/DerivedData/ALADDIN-eahryzmutvtbyceygnlyjsmiiaha/Build/Intermediates.noindex/ALADDIN.build/Debug-iphonesimulator/ALADDIN.build/Objects-normal/x86_64/10_TariffsScreen.o -o /Users/sergejhlystov/Library/Developer/Xcode/DerivedData/ALADDIN-eahryzmutvtbyceygnlyjsmiiaha/Build/Intermediates.noindex/ALADDIN.build/Debug-iphonesimulator/ALADDIN.build/Objects-normal/x86_64/IdentityTheftViewModel.o -o /Users/sergejhlystov/Library/Developer/Xcode/DerivedData/ALADDIN-eahryzmutvtbyceygnlyjsmiiaha/Build/Intermediates.noindex/ALADDIN.build/Debug-iphonesimulator/ALADDIN.build/Objects-normal/x86_64/09_ElderlyInterfaceScreen.o -o /Users/sergejhlystov/Library/Developer/Xcode/DerivedData/ALADDIN-eahryzmutvtbyceygnlyjsmiiaha/Build/Intermediates.noindex/ALADDIN.build/Debug-iphonesimulator/ALADDIN.build/Objects-normal/x86_64/11_ProfileScreen.o -o /Users/sergejhlystov/Library/Developer/Xcode/DerivedData/ALADDIN-eahryzmutvtbyceygnlyjsmiiaha/Build/Intermediates.noindex/ALADDIN.build/Debug-iphonesimulator/ALADDIN.build/Objects-normal/x86_64/NetworkManager.o -o /Users/sergejhlystov/Library/Developer/Xcode/DerivedData/ALADDIN-eahryzmutvtbyceygnlyjsmiiaha/Build/Intermediates.noindex/ALADDIN.build/Debug-iphonesimulator/ALADDIN.build/Objects-normal/x86_64/19_TermsOfServiceScreen.o -o /Users/sergejhlystov/Library/Developer/Xcode/DerivedData/ALADDIN-eahryzmutvtbyceygnlyjsmiiaha/Build/Intermediates.noindex/ALADDIN.build/Debug-iphonesimulator/ALADDIN.build/Objects-normal/x86_64/AppConfig.o -o /Users/sergejhlystov/Library/Developer/Xcode/DerivedData/ALADDIN-eahryzmutvtbyceygnlyjsmiiaha/Build/Intermediates.noindex/ALADDIN.build/Debug-iphonesimulator/ALADDIN.build/Objects-normal/x86_64/ParallelLoader.o -o /Users/sergejhlystov/Library/Developer/Xcode/DerivedData/ALADDIN-eahryzmutvtbyceygnlyjsmiiaha/Build/Intermediates.noindex/ALADDIN.build/Debug-iphonesimulator/ALADDIN.build/Objects-normal/x86_64/FamilyViewModel.o -o /Users/sergejhlystov/Library/Developer/Xcode/DerivedData/ALADDIN-eahryzmutvtbyceygnlyjsmiiaha/Build/Intermediates.noindex/ALADDIN.build/Debug-iphonesimulator/ALADDIN.build/Objects-normal/x86_64/AIAssistantViewModel.o -index-store-path /Users/sergejhlystov/Library/Developer/Xcode/DerivedData/ALADDIN-eahryzmutvtbyceygnlyjsmiiaha/Index/DataStore -index-system-modules
/Users/sergejhlystov/ALADDIN_NEW/ALADDIN_NEW/mobile_apps/ALADDIN_iOS/Core/Network/APIService.swift:2134:35: warning: immutable value 'response' was never used; consider replacing with '_' or removing it
                case .success(let response):
                              ~~~~^~~~~~~~
                              _
/Users/sergejhlystov/ALADDIN_NEW/ALADDIN_NEW/mobile_apps/ALADDIN_iOS/Core/Network/APIService.swift:2218:35: warning: immutable value 'response' was never used; consider replacing with '_' or removing it
                case .success(let response):
                              ~~~~^~~~~~~~
                              _
/Users/sergejhlystov/ALADDIN_NEW/ALADDIN_NEW/mobile_apps/ALADDIN_iOS/Core/Network/APIService.swift:2123:21: warning: immutable property will not be decoded because it is declared with an initial value which cannot be overwritten
                let fields: [String]? = ["componentId", "isEnabled", "lastUpdate", "uptime"] // Только нужные поля
/Users/sergejhlystov/ALADDIN_NEW/ALADDIN_NEW/mobile_apps/ALADDIN_iOS/Core/Network/APIService.swift:2123:21: note: set the initial value via the initializer or explicitly define a CodingKeys enum including a 'fields' case to silence this warning
                let fields: [String]? = ["componentId", "isEnabled", "lastUpdate", "uptime"] // Только нужные поля
/Users/sergejhlystov/ALADDIN_NEW/ALADDIN_NEW/mobile_apps/ALADDIN_iOS/Core/Network/APIService.swift:2123:21: note: make the property mutable instead
                let fields: [String]? = ["componentId", "isEnabled", "lastUpdate", "uptime"] // Только нужные поля
/Users/sergejhlystov/ALADDIN_NEW/ALADDIN_NEW/mobile_apps/ALADDIN_iOS/Core/Network/NetworkManager.swift:1059:13: warning: immutable value 'statusCode' was never used; consider removing it
        let statusCode: Int
            ^
/Users/sergejhlystov/ALADDIN_NEW/ALADDIN_NEW/mobile_apps/ALADDIN_iOS/ViewModels/AIAssistantViewModel.swift:95:35: warning: immutable value 'error' was never used; consider replacing with '_' or removing it
                case .failure(let error):
                              ~~~~^~~~~
                              _

SwiftDriverJob-Compile normal x86_64 Compiling\ 22_DeviceDetailScreen.swift,\ WidgetConfigurationScreen.swift,\ FamilyChatWebSocket.swift,\ SecurityEducationScreen.swift,\ MetricsService.swift,\ ComponentStatus.swift,\ KeychainManager.swift,\ MemberStatsModalView.swift,\ ProtectionSettingsViewModel.swift,\ AddMemberOptionsModal.swift,\ InvitationCodeInputModal.swift,\ MessageActionsMenu.swift,\ Spacing.swift,\ RecoveryOptionsModal.swift,\ ComponentError.swift,\ ShareSheet.swift,\ TariffCard.swift,\ SettingsViewModel.swift,\ DrivingReportsModal.swift,\ VoiceRecordingView.swift,\ InfoRow.swift,\ 25_PaymentQRScreen.swift,\ RoleSelectionModal.swift,\ ProtectionLevelExplanationModal.swift,\ ProtectionLevelHistoryModal.swift /Users/sergejhlystov/ALADDIN_NEW/ALADDIN_NEW/mobile_apps/ALADDIN_iOS/Screens/22_DeviceDetailScreen.swift /Users/sergejhlystov/ALADDIN_NEW/ALADDIN_NEW/mobile_apps/ALADDIN_iOS/Screens/WidgetConfigurationScreen.swift /Users/sergejhlystov/ALADDIN_NEW/ALADDIN_NEW/mobile_apps/ALADDIN_iOS/Core/Network/FamilyChatWebSocket.swift /Users/sergejhlystov/ALADDIN_NEW/ALADDIN_NEW/mobile_apps/ALADDIN_iOS/Screens/SecurityEducationScreen.swift /Users/sergejhlystov/ALADDIN_NEW/ALADDIN_NEW/mobile_apps/ALADDIN_iOS/Core/Monitoring/MetricsService.swift /Users/sergejhlystov/ALADDIN_NEW/ALADDIN_NEW/mobile_apps/ALADDIN_iOS/Core/Models/ComponentStatus.swift /Users/sergejhlystov/ALADDIN_NEW/ALADDIN_NEW/mobile_apps/ALADDIN_iOS/Core/Security/KeychainManager.swift /Users/sergejhlystov/ALADDIN_NEW/ALADDIN_NEW/mobile_apps/ALADDIN_iOS/Shared/Components/Modals/MemberStatsModalView.swift /Users/sergejhlystov/ALADDIN_NEW/ALADDIN_NEW/mobile_apps/ALADDIN_iOS/ViewModels/ProtectionSettingsViewModel.swift /Users/sergejhlystov/ALADDIN_NEW/ALADDIN_NEW/mobile_apps/ALADDIN_iOS/Shared/Components/Modals/AddMemberOptionsModal.swift /Users/sergejhlystov/ALADDIN_NEW/ALADDIN_NEW/mobile_apps/ALADDIN_iOS/Shared/Components/Modals/InvitationCodeInputModal.swift /Users/sergejhlystov/ALADDIN_NEW/ALADDIN_NEW/mobile_apps/ALADDIN_iOS/Shared/Components/Chat/MessageActionsMenu.swift /Users/sergejhlystov/ALADDIN_NEW/ALADDIN_NEW/mobile_apps/ALADDIN_iOS/Shared/Styles/Spacing.swift /Users/sergejhlystov/ALADDIN_NEW/ALADDIN_NEW/mobile_apps/ALADDIN_iOS/Shared/Components/RecoveryOptionsModal.swift /Users/sergejhlystov/ALADDIN_NEW/ALADDIN_NEW/mobile_apps/ALADDIN_iOS/Core/Models/ComponentError.swift /Users/sergejhlystov/ALADDIN_NEW/ALADDIN_NEW/mobile_apps/ALADDIN_iOS/Shared/Components/ShareSheet.swift /Users/sergejhlystov/ALADDIN_NEW/ALADDIN_NEW/mobile_apps/ALADDIN_iOS/Shared/Models/TariffCard.swift /Users/sergejhlystov/ALADDIN_NEW/ALADDIN_NEW/mobile_apps/ALADDIN_iOS/ViewModels/SettingsViewModel.swift /Users/sergejhlystov/ALADDIN_NEW/ALADDIN_NEW/mobile_apps/ALADDIN_iOS/Shared/Components/Modals/DrivingReportsModal.swift /Users/sergejhlystov/ALADDIN_NEW/ALADDIN_NEW/mobile_apps/ALADDIN_iOS/Shared/Components/Chat/VoiceRecordingView.swift /Users/sergejhlystov/ALADDIN_NEW/ALADDIN_NEW/mobile_apps/ALADDIN_iOS/Shared/Components/InfoRow.swift /Users/sergejhlystov/ALADDIN_NEW/ALADDIN_NEW/mobile_apps/ALADDIN_iOS/Screens/25_PaymentQRScreen.swift /Users/sergejhlystov/ALADDIN_NEW/ALADDIN_NEW/mobile_apps/ALADDIN_iOS/Shared/Components/Modals/RoleSelectionModal.swift /Users/sergejhlystov/ALADDIN_NEW/ALADDIN_NEW/mobile_apps/ALADDIN_iOS/Shared/Components/Modals/ProtectionLevelExplanationModal.swift /Users/sergejhlystov/ALADDIN_NEW/ALADDIN_NEW/mobile_apps/ALADDIN_iOS/Shared/Components/Modals/ProtectionLevelHistoryModal.swift (in target 'ALADDIN' from project 'ALADDIN')
    cd /Users/sergejhlystov/ALADDIN_NEW/ALADDIN_NEW/mobile_apps/ALADDIN_iOS
    export DEVELOPER_DIR\=/Applications/Xcode.app/Contents/Developer
    export SDKROOT\=/Applications/Xcode.app/Contents/Developer/Platforms/iPhoneSimulator.platform/Developer/SDKs/iPhoneSimulator15.2.sdk
    builtin-swiftDriverJobExecution -- /Applications/Xcode.app/Contents/Developer/Toolchains/XcodeDefault.xctoolchain/usr/bin/swift-frontend -frontend -c -filelist /Users/sergejhlystov/Library/Developer/Xcode/DerivedData/ALADDIN-eahryzmutvtbyceygnlyjsmiiaha/Build/Intermediates.noindex/ALADDIN.build/Debug-iphonesimulator/ALADDIN.build/Objects-normal/x86_64/sources-1 -primary-file /Users/sergejhlystov/ALADDIN_NEW/ALADDIN_NEW/mobile_apps/ALADDIN_iOS/Screens/22_DeviceDetailScreen.swift -primary-file /Users/sergejhlystov/ALADDIN_NEW/ALADDIN_NEW/mobile_apps/ALADDIN_iOS/Screens/WidgetConfigurationScreen.swift -primary-file /Users/sergejhlystov/ALADDIN_NEW/ALADDIN_NEW/mobile_apps/ALADDIN_iOS/Core/Network/FamilyChatWebSocket.swift -primary-file /Users/sergejhlystov/ALADDIN_NEW/ALADDIN_NEW/mobile_apps/ALADDIN_iOS/Screens/SecurityEducationScreen.swift -primary-file /Users/sergejhlystov/ALADDIN_NEW/ALADDIN_NEW/mobile_apps/ALADDIN_iOS/Core/Monitoring/MetricsService.swift -primary-file /Users/sergejhlystov/ALADDIN_NEW/ALADDIN_NEW/mobile_apps/ALADDIN_iOS/Core/Models/ComponentStatus.swift -primary-file /Users/sergejhlystov/ALADDIN_NEW/ALADDIN_NEW/mobile_apps/ALADDIN_iOS/Core/Security/KeychainManager.swift -primary-file /Users/sergejhlystov/ALADDIN_NEW/ALADDIN_NEW/mobile_apps/ALADDIN_iOS/Shared/Components/Modals/MemberStatsModalView.swift -primary-file /Users/sergejhlystov/ALADDIN_NEW/ALADDIN_NEW/mobile_apps/ALADDIN_iOS/ViewModels/ProtectionSettingsViewModel.swift -primary-file /Users/sergejhlystov/ALADDIN_NEW/ALADDIN_NEW/mobile_apps/ALADDIN_iOS/Shared/Components/Modals/AddMemberOptionsModal.swift -primary-file /Users/sergejhlystov/ALADDIN_NEW/ALADDIN_NEW/mobile_apps/ALADDIN_iOS/Shared/Components/Modals/InvitationCodeInputModal.swift -primary-file /Users/sergejhlystov/ALADDIN_NEW/ALADDIN_NEW/mobile_apps/ALADDIN_iOS/Shared/Components/Chat/MessageActionsMenu.swift -primary-file /Users/sergejhlystov/ALADDIN_NEW/ALADDIN_NEW/mobile_apps/ALADDIN_iOS/Shared/Styles/Spacing.swift -primary-file /Users/sergejhlystov/ALADDIN_NEW/ALADDIN_NEW/mobile_apps/ALADDIN_iOS/Shared/Components/RecoveryOptionsModal.swift -primary-file /Users/sergejhlystov/ALADDIN_NEW/ALADDIN_NEW/mobile_apps/ALADDIN_iOS/Core/Models/ComponentError.swift -primary-file /Users/sergejhlystov/ALADDIN_NEW/ALADDIN_NEW/mobile_apps/ALADDIN_iOS/Shared/Components/ShareSheet.swift -primary-file /Users/sergejhlystov/ALADDIN_NEW/ALADDIN_NEW/mobile_apps/ALADDIN_iOS/Shared/Models/TariffCard.swift -primary-file /Users/sergejhlystov/ALADDIN_NEW/ALADDIN_NEW/mobile_apps/ALADDIN_iOS/ViewModels/SettingsViewModel.swift -primary-file /Users/sergejhlystov/ALADDIN_NEW/ALADDIN_NEW/mobile_apps/ALADDIN_iOS/Shared/Components/Modals/DrivingReportsModal.swift -primary-file /Users/sergejhlystov/ALADDIN_NEW/ALADDIN_NEW/mobile_apps/ALADDIN_iOS/Shared/Components/Chat/VoiceRecordingView.swift -primary-file /Users/sergejhlystov/ALADDIN_NEW/ALADDIN_NEW/mobile_apps/ALADDIN_iOS/Shared/Components/InfoRow.swift -primary-file /Users/sergejhlystov/ALADDIN_NEW/ALADDIN_NEW/mobile_apps/ALADDIN_iOS/Screens/25_PaymentQRScreen.swift -primary-file /Users/sergejhlystov/ALADDIN_NEW/ALADDIN_NEW/mobile_apps/ALADDIN_iOS/Shared/Components/Modals/RoleSelectionModal.swift -primary-file /Users/sergejhlystov/ALADDIN_NEW/ALADDIN_NEW/mobile_apps/ALADDIN_iOS/Shared/Components/Modals/ProtectionLevelExplanationModal.swift -primary-file /Users/sergejhlystov/ALADDIN_NEW/ALADDIN_NEW/mobile_apps/ALADDIN_iOS/Shared/Components/Modals/ProtectionLevelHistoryModal.swift -supplementary-output-file-map /Users/sergejhlystov/Library/Developer/Xcode/DerivedData/ALADDIN-eahryzmutvtbyceygnlyjsmiiaha/Build/Intermediates.noindex/ALADDIN.build/Debug-iphonesimulator/ALADDIN.build/Objects-normal/x86_64/supplementaryOutputs-3 -target x86_64-apple-ios15.2-simulator -enable-objc-interop -sdk /Applications/Xcode.app/Contents/Developer/Platforms/iPhoneSimulator.platform/Developer/SDKs/iPhoneSimulator15.2.sdk -I /Users/sergejhlystov/Library/Developer/Xcode/DerivedData/ALADDIN-eahryzmutvtbyceygnlyjsmiiaha/Build/Products/Debug-iphonesimulator -F /Users/sergejhlystov/Library/Developer/Xcode/DerivedData/ALADDIN-eahryzmutvtbyceygnlyjsmiiaha/Build/Products/Debug-iphonesimulator -no-color-diagnostics -enable-testing -g -module-cache-path /Users/sergejhlystov/Library/Developer/Xcode/DerivedData/ModuleCache.noindex -emit-localized-strings -emit-localized-strings-path /Users/sergejhlystov/Library/Developer/Xcode/DerivedData/ALADDIN-eahryzmutvtbyceygnlyjsmiiaha/Build/Intermediates.noindex/ALADDIN.build/Debug-iphonesimulator/ALADDIN.build/Objects-normal/x86_64 -swift-version 5 -enforce-exclusivity\=checked -Onone -D DEBUG -serialize-debugging-options -Xcc -working-directory -Xcc /Users/sergejhlystov/ALADDIN_NEW/ALADDIN_NEW/mobile_apps/ALADDIN_iOS -resource-dir /Applications/Xcode.app/Contents/Developer/Toolchains/XcodeDefault.xctoolchain/usr/lib/swift -enable-anonymous-context-mangled-names -Xcc -I/Users/sergejhlystov/Library/Developer/Xcode/DerivedData/ALADDIN-eahryzmutvtbyceygnlyjsmiiaha/Build/Intermediates.noindex/ALADDIN.build/Debug-iphonesimulator/ALADDIN.build/swift-overrides.hmap -Xcc -iquote -Xcc /Users/sergejhlystov/Library/Developer/Xcode/DerivedData/ALADDIN-eahryzmutvtbyceygnlyjsmiiaha/Build/Intermediates.noindex/ALADDIN.build/Debug-iphonesimulator/ALADDIN.build/ALADDIN-generated-files.hmap -Xcc -I/Users/sergejhlystov/Library/Developer/Xcode/DerivedData/ALADDIN-eahryzmutvtbyceygnlyjsmiiaha/Build/Intermediates.noindex/ALADDIN.build/Debug-iphonesimulator/ALADDIN.build/ALADDIN-own-target-headers.hmap -Xcc -I/Users/sergejhlystov/Library/Developer/Xcode/DerivedData/ALADDIN-eahryzmutvtbyceygnlyjsmiiaha/Build/Intermediates.noindex/ALADDIN.build/Debug-iphonesimulator/ALADDIN.build/ALADDIN-all-target-headers.hmap -Xcc -iquote -Xcc /Users/sergejhlystov/Library/Developer/Xcode/DerivedData/ALADDIN-eahryzmutvtbyceygnlyjsmiiaha/Build/Intermediates.noindex/ALADDIN.build/Debug-iphonesimulator/ALADDIN.build/ALADDIN-project-headers.hmap -Xcc -I/Users/sergejhlystov/Library/Developer/Xcode/DerivedData/ALADDIN-eahryzmutvtbyceygnlyjsmiiaha/Build/Products/Debug-iphonesimulator/include -Xcc -I/Users/sergejhlystov/Library/Developer/Xcode/DerivedData/ALADDIN-eahryzmutvtbyceygnlyjsmiiaha/Build/Intermediates.noindex/ALADDIN.build/Debug-iphonesimulator/ALADDIN.build/DerivedSources-normal/x86_64 -Xcc -I/Users/sergejhlystov/Library/Developer/Xcode/DerivedData/ALADDIN-eahryzmutvtbyceygnlyjsmiiaha/Build/Intermediates.noindex/ALADDIN.build/Debug-iphonesimulator/ALADDIN.build/DerivedSources/x86_64 -Xcc -I/Users/sergejhlystov/Library/Developer/Xcode/DerivedData/ALADDIN-eahryzmutvtbyceygnlyjsmiiaha/Build/Intermediates.noindex/ALADDIN.build/Debug-iphonesimulator/ALADDIN.build/DerivedSources -Xcc -DDEBUG\=1 -module-name ALADDIN -target-sdk-version 15.2.0 -o /Users/sergejhlystov/Library/Developer/Xcode/DerivedData/ALADDIN-eahryzmutvtbyceygnlyjsmiiaha/Build/Intermediates.noindex/ALADDIN.build/Debug-iphonesimulator/ALADDIN.build/Objects-normal/x86_64/22_DeviceDetailScreen.o -o /Users/sergejhlystov/Library/Developer/Xcode/DerivedData/ALADDIN-eahryzmutvtbyceygnlyjsmiiaha/Build/Intermediates.noindex/ALADDIN.build/Debug-iphonesimulator/ALADDIN.build/Objects-normal/x86_64/WidgetConfigurationScreen.o -o /Users/sergejhlystov/Library/Developer/Xcode/DerivedData/ALADDIN-eahryzmutvtbyceygnlyjsmiiaha/Build/Intermediates.noindex/ALADDIN.build/Debug-iphonesimulator/ALADDIN.build/Objects-normal/x86_64/FamilyChatWebSocket.o -o /Users/sergejhlystov/Library/Developer/Xcode/DerivedData/ALADDIN-eahryzmutvtbyceygnlyjsmiiaha/Build/Intermediates.noindex/ALADDIN.build/Debug-iphonesimulator/ALADDIN.build/Objects-normal/x86_64/SecurityEducationScreen.o -o /Users/sergejhlystov/Library/Developer/Xcode/DerivedData/ALADDIN-eahryzmutvtbyceygnlyjsmiiaha/Build/Intermediates.noindex/ALADDIN.build/Debug-iphonesimulator/ALADDIN.build/Objects-normal/x86_64/MetricsService.o -o /Users/sergejhlystov/Library/Developer/Xcode/DerivedData/ALADDIN-eahryzmutvtbyceygnlyjsmiiaha/Build/Intermediates.noindex/ALADDIN.build/Debug-iphonesimulator/ALADDIN.build/Objects-normal/x86_64/ComponentStatus.o -o /Users/sergejhlystov/Library/Developer/Xcode/DerivedData/ALADDIN-eahryzmutvtbyceygnlyjsmiiaha/Build/Intermediates.noindex/ALADDIN.build/Debug-iphonesimulator/ALADDIN.build/Objects-normal/x86_64/KeychainManager.o -o /Users/sergejhlystov/Library/Developer/Xcode/DerivedData/ALADDIN-eahryzmutvtbyceygnlyjsmiiaha/Build/Intermediates.noindex/ALADDIN.build/Debug-iphonesimulator/ALADDIN.build/Objects-normal/x86_64/MemberStatsModalView.o -o /Users/sergejhlystov/Library/Developer/Xcode/DerivedData/ALADDIN-eahryzmutvtbyceygnlyjsmiiaha/Build/Intermediates.noindex/ALADDIN.build/Debug-iphonesimulator/ALADDIN.build/Objects-normal/x86_64/ProtectionSettingsViewModel.o -o /Users/sergejhlystov/Library/Developer/Xcode/DerivedData/ALADDIN-eahryzmutvtbyceygnlyjsmiiaha/Build/Intermediates.noindex/ALADDIN.build/Debug-iphonesimulator/ALADDIN.build/Objects-normal/x86_64/AddMemberOptionsModal.o -o /Users/sergejhlystov/Library/Developer/Xcode/DerivedData/ALADDIN-eahryzmutvtbyceygnlyjsmiiaha/Build/Intermediates.noindex/ALADDIN.build/Debug-iphonesimulator/ALADDIN.build/Objects-normal/x86_64/InvitationCodeInputModal.o -o /Users/sergejhlystov/Library/Developer/Xcode/DerivedData/ALADDIN-eahryzmutvtbyceygnlyjsmiiaha/Build/Intermediates.noindex/ALADDIN.build/Debug-iphonesimulator/ALADDIN.build/Objects-normal/x86_64/MessageActionsMenu.o -o /Users/sergejhlystov/Library/Developer/Xcode/DerivedData/ALADDIN-eahryzmutvtbyceygnlyjsmiiaha/Build/Intermediates.noindex/ALADDIN.build/Debug-iphonesimulator/ALADDIN.build/Objects-normal/x86_64/Spacing.o -o /Users/sergejhlystov/Library/Developer/Xcode/DerivedData/ALADDIN-eahryzmutvtbyceygnlyjsmiiaha/Build/Intermediates.noindex/ALADDIN.build/Debug-iphonesimulator/ALADDIN.build/Objects-normal/x86_64/RecoveryOptionsModal.o -o /Users/sergejhlystov/Library/Developer/Xcode/DerivedData/ALADDIN-eahryzmutvtbyceygnlyjsmiiaha/Build/Intermediates.noindex/ALADDIN.build/Debug-iphonesimulator/ALADDIN.build/Objects-normal/x86_64/ComponentError.o -o /Users/sergejhlystov/Library/Developer/Xcode/DerivedData/ALADDIN-eahryzmutvtbyceygnlyjsmiiaha/Build/Intermediates.noindex/ALADDIN.build/Debug-iphonesimulator/ALADDIN.build/Objects-normal/x86_64/ShareSheet.o -o /Users/sergejhlystov/Library/Developer/Xcode/DerivedData/ALADDIN-eahryzmutvtbyceygnlyjsmiiaha/Build/Intermediates.noindex/ALADDIN.build/Debug-iphonesimulator/ALADDIN.build/Objects-normal/x86_64/TariffCard.o -o /Users/sergejhlystov/Library/Developer/Xcode/DerivedData/ALADDIN-eahryzmutvtbyceygnlyjsmiiaha/Build/Intermediates.noindex/ALADDIN.build/Debug-iphonesimulator/ALADDIN.build/Objects-normal/x86_64/SettingsViewModel.o -o /Users/sergejhlystov/Library/Developer/Xcode/DerivedData/ALADDIN-eahryzmutvtbyceygnlyjsmiiaha/Build/Intermediates.noindex/ALADDIN.build/Debug-iphonesimulator/ALADDIN.build/Objects-normal/x86_64/DrivingReportsModal.o -o /Users/sergejhlystov/Library/Developer/Xcode/DerivedData/ALADDIN-eahryzmutvtbyceygnlyjsmiiaha/Build/Intermediates.noindex/ALADDIN.build/Debug-iphonesimulator/ALADDIN.build/Objects-normal/x86_64/VoiceRecordingView.o -o /Users/sergejhlystov/Library/Developer/Xcode/DerivedData/ALADDIN-eahryzmutvtbyceygnlyjsmiiaha/Build/Intermediates.noindex/ALADDIN.build/Debug-iphonesimulator/ALADDIN.build/Objects-normal/x86_64/InfoRow.o -o /Users/sergejhlystov/Library/Developer/Xcode/DerivedData/ALADDIN-eahryzmutvtbyceygnlyjsmiiaha/Build/Intermediates.noindex/ALADDIN.build/Debug-iphonesimulator/ALADDIN.build/Objects-normal/x86_64/25_PaymentQRScreen.o -o /Users/sergejhlystov/Library/Developer/Xcode/DerivedData/ALADDIN-eahryzmutvtbyceygnlyjsmiiaha/Build/Intermediates.noindex/ALADDIN.build/Debug-iphonesimulator/ALADDIN.build/Objects-normal/x86_64/RoleSelectionModal.o -o /Users/sergejhlystov/Library/Developer/Xcode/DerivedData/ALADDIN-eahryzmutvtbyceygnlyjsmiiaha/Build/Intermediates.noindex/ALADDIN.build/Debug-iphonesimulator/ALADDIN.build/Objects-normal/x86_64/ProtectionLevelExplanationModal.o -o /Users/sergejhlystov/Library/Developer/Xcode/DerivedData/ALADDIN-eahryzmutvtbyceygnlyjsmiiaha/Build/Intermediates.noindex/ALADDIN.build/Debug-iphonesimulator/ALADDIN.build/Objects-normal/x86_64/ProtectionLevelHistoryModal.o -index-store-path /Users/sergejhlystov/Library/Developer/Xcode/DerivedData/ALADDIN-eahryzmutvtbyceygnlyjsmiiaha/Index/DataStore -index-system-modules
/Users/sergejhlystov/ALADDIN_NEW/ALADDIN_NEW/mobile_apps/ALADDIN_iOS/Screens/22_DeviceDetailScreen.swift:465:83: warning: left side of nil coalescing operator '??' has non-optional type 'String', so the right side is never used
                Text(localizationManager.localized("device_detail_threats_empty") ?? "Нет угроз")
/Users/sergejhlystov/ALADDIN_NEW/ALADDIN_NEW/mobile_apps/ALADDIN_iOS/Screens/22_DeviceDetailScreen.swift:514:86: warning: left side of nil coalescing operator '??' has non-optional type 'String', so the right side is never used
            let format = localizationManager.localized("device_detail_threat_count") ?? "Обнаружено: %d"
/Users/sergejhlystov/ALADDIN_NEW/ALADDIN_NEW/mobile_apps/ALADDIN_iOS/Screens/22_DeviceDetailScreen.swift:517:77: warning: left side of nil coalescing operator '??' has non-optional type 'String', so the right side is never used
        return localizationManager.localized("device_detail_threat_recent") ?? "Недавно"
/Users/sergejhlystov/ALADDIN_NEW/ALADDIN_NEW/mobile_apps/ALADDIN_iOS/Screens/22_DeviceDetailScreen.swift:534:46: warning: literal value is already handled by previous pattern; consider removing it
            case "medium", "средняя", "medium":
/Users/sergejhlystov/ALADDIN_NEW/ALADDIN_NEW/mobile_apps/ALADDIN_iOS/Screens/22_DeviceDetailScreen.swift:534:18: note: first occurrence of identical literal pattern is here
            case "medium", "средняя", "medium":
/Users/sergejhlystov/ALADDIN_NEW/ALADDIN_NEW/mobile_apps/ALADDIN_iOS/Core/Monitoring/MetricsService.swift:282:9: warning: immutable property will not be decoded because it is declared with an initial value which cannot be overwritten
    let type: String = "api_request"
        ^
/Users/sergejhlystov/ALADDIN_NEW/ALADDIN_NEW/mobile_apps/ALADDIN_iOS/Core/Monitoring/MetricsService.swift:282:9: note: set the initial value via the initializer or explicitly define a CodingKeys enum including a 'type' case to silence this warning
    let type: String = "api_request"
        ^
/Users/sergejhlystov/ALADDIN_NEW/ALADDIN_NEW/mobile_apps/ALADDIN_iOS/Core/Monitoring/MetricsService.swift:282:9: note: make the property mutable instead
    let type: String = "api_request"
    ~~~ ^
    var
/Users/sergejhlystov/ALADDIN_NEW/ALADDIN_NEW/mobile_apps/ALADDIN_iOS/Core/Monitoring/MetricsService.swift:341:9: warning: immutable property will not be decoded because it is declared with an initial value which cannot be overwritten
    let type: String = "error"
        ^
/Users/sergejhlystov/ALADDIN_NEW/ALADDIN_NEW/mobile_apps/ALADDIN_iOS/Core/Monitoring/MetricsService.swift:341:9: note: set the initial value via the initializer or explicitly define a CodingKeys enum including a 'type' case to silence this warning
    let type: String = "error"
        ^
/Users/sergejhlystov/ALADDIN_NEW/ALADDIN_NEW/mobile_apps/ALADDIN_iOS/Core/Monitoring/MetricsService.swift:341:9: note: make the property mutable instead
    let type: String = "error"
    ~~~ ^
    var
/Users/sergejhlystov/ALADDIN_NEW/ALADDIN_NEW/mobile_apps/ALADDIN_iOS/Core/Monitoring/MetricsService.swift:350:9: warning: immutable property will not be decoded because it is declared with an initial value which cannot be overwritten
    let type: String = "alert"
        ^
/Users/sergejhlystov/ALADDIN_NEW/ALADDIN_NEW/mobile_apps/ALADDIN_iOS/Core/Monitoring/MetricsService.swift:350:9: note: set the initial value via the initializer or explicitly define a CodingKeys enum including a 'type' case to silence this warning
    let type: String = "alert"
        ^
/Users/sergejhlystov/ALADDIN_NEW/ALADDIN_NEW/mobile_apps/ALADDIN_iOS/Core/Monitoring/MetricsService.swift:350:9: note: make the property mutable instead
    let type: String = "alert"
    ~~~ ^
    var
/Users/sergejhlystov/ALADDIN_NEW/ALADDIN_NEW/mobile_apps/ALADDIN_iOS/Core/Monitoring/MetricsService.swift:360:9: warning: immutable property will not be decoded because it is declared with an initial value which cannot be overwritten
    let type: String = "health"
        ^
/Users/sergejhlystov/ALADDIN_NEW/ALADDIN_NEW/mobile_apps/ALADDIN_iOS/Core/Monitoring/MetricsService.swift:360:9: note: set the initial value via the initializer or explicitly define a CodingKeys enum including a 'type' case to silence this warning
    let type: String = "health"
        ^
/Users/sergejhlystov/ALADDIN_NEW/ALADDIN_NEW/mobile_apps/ALADDIN_iOS/Core/Monitoring/MetricsService.swift:360:9: note: make the property mutable instead
    let type: String = "health"
    ~~~ ^
    var

SwiftDriverJob-Compile normal x86_64 Compiling\ DrivingReportsViewModel.swift,\ 08_ChildInterfaceScreen.swift,\ ContentView.swift,\ AppDelegate.swift,\ UserSelectorView.swift,\ VoiceControlView.swift,\ AgeGroupSelectionModal.swift,\ ActivationCodeViewModel.swift,\ MobileSecuritySettingsModal.swift,\ IdentityTheftModal.swift,\ PrivacyReportsViewModel.swift,\ TariffCardView.swift,\ ALADDINApp.swift,\ ContentBlockerManager.swift,\ PrivacyReportsModal.swift,\ FunctionStatus.swift,\ 26_ActivationCodeScreen.swift,\ MainViewModel.swift,\ TariffCardSections.swift,\ PositioningSystemPickerView.swift,\ FamilyContentBlockModal.swift,\ NetworkSecuritySettingsModal.swift,\ PrimaryButton.swift,\ SecurityFeatureRow.swift,\ NotificationSettingsScreen.swift /Users/sergejhlystov/ALADDIN_NEW/ALADDIN_NEW/mobile_apps/ALADDIN_iOS/ViewModels/DrivingReportsViewModel.swift /Users/sergejhlystov/ALADDIN_NEW/ALADDIN_NEW/mobile_apps/ALADDIN_iOS/Screens/08_ChildInterfaceScreen.swift /Users/sergejhlystov/ALADDIN_NEW/ALADDIN_NEW/mobile_apps/ALADDIN_iOS/ContentView.swift /Users/sergejhlystov/ALADDIN_NEW/ALADDIN_NEW/mobile_apps/ALADDIN_iOS/AppDelegate.swift /Users/sergejhlystov/ALADDIN_NEW/ALADDIN_NEW/mobile_apps/ALADDIN_iOS/Shared/Components/UserSelectorView.swift /Users/sergejhlystov/ALADDIN_NEW/ALADDIN_NEW/mobile_apps/ALADDIN_iOS/Screens/Views/VoiceControlView.swift /Users/sergejhlystov/ALADDIN_NEW/ALADDIN_NEW/mobile_apps/ALADDIN_iOS/Components/Modals/AgeGroupSelectionModal.swift /Users/sergejhlystov/ALADDIN_NEW/ALADDIN_NEW/mobile_apps/ALADDIN_iOS/ViewModels/ActivationCodeViewModel.swift /Users/sergejhlystov/ALADDIN_NEW/ALADDIN_NEW/mobile_apps/ALADDIN_iOS/Shared/Components/Modals/MobileSecuritySettingsModal.swift /Users/sergejhlystov/ALADDIN_NEW/ALADDIN_NEW/mobile_apps/ALADDIN_iOS/Shared/Components/Modals/IdentityTheftModal.swift /Users/sergejhlystov/ALADDIN_NEW/ALADDIN_NEW/mobile_apps/ALADDIN_iOS/ViewModels/PrivacyReportsViewModel.swift /Users/sergejhlystov/ALADDIN_NEW/ALADDIN_NEW/mobile_apps/ALADDIN_iOS/Components/TariffCardView.swift /Users/sergejhlystov/ALADDIN_NEW/ALADDIN_NEW/mobile_apps/ALADDIN_iOS/ALADDINApp.swift /Users/sergejhlystov/ALADDIN_NEW/ALADDIN_NEW/mobile_apps/ALADDIN_iOS/Core/ContentBlocker/ContentBlockerManager.swift /Users/sergejhlystov/ALADDIN_NEW/ALADDIN_NEW/mobile_apps/ALADDIN_iOS/Shared/Components/Modals/PrivacyReportsModal.swift /Users/sergejhlystov/ALADDIN_NEW/ALADDIN_NEW/mobile_apps/ALADDIN_iOS/Shared/Models/FunctionStatus.swift /Users/sergejhlystov/ALADDIN_NEW/ALADDIN_NEW/mobile_apps/ALADDIN_iOS/Screens/26_ActivationCodeScreen.swift /Users/sergejhlystov/ALADDIN_NEW/ALADDIN_NEW/mobile_apps/ALADDIN_iOS/ViewModels/MainViewModel.swift /Users/sergejhlystov/ALADDIN_NEW/ALADDIN_NEW/mobile_apps/ALADDIN_iOS/Components/TariffCardSections.swift /Users/sergejhlystov/ALADDIN_NEW/ALADDIN_NEW/mobile_apps/ALADDIN_iOS/Shared/Components/PositioningSystemPickerView.swift /Users/sergejhlystov/ALADDIN_NEW/ALADDIN_NEW/mobile_apps/ALADDIN_iOS/Components/Modals/FamilyContentBlockModal.swift /Users/sergejhlystov/ALADDIN_NEW/ALADDIN_NEW/mobile_apps/ALADDIN_iOS/Shared/Components/Modals/NetworkSecuritySettingsModal.swift /Users/sergejhlystov/ALADDIN_NEW/ALADDIN_NEW/mobile_apps/ALADDIN_iOS/Shared/Components/Buttons/PrimaryButton.swift /Users/sergejhlystov/ALADDIN_NEW/ALADDIN_NEW/mobile_apps/ALADDIN_iOS/Shared/Components/SecurityFeatureRow.swift /Users/sergejhlystov/ALADDIN_NEW/ALADDIN_NEW/mobile_apps/ALADDIN_iOS/Screens/NotificationSettingsScreen.swift (in target 'ALADDIN' from project 'ALADDIN')
    cd /Users/sergejhlystov/ALADDIN_NEW/ALADDIN_NEW/mobile_apps/ALADDIN_iOS
    export DEVELOPER_DIR\=/Applications/Xcode.app/Contents/Developer
    export SDKROOT\=/Applications/Xcode.app/Contents/Developer/Platforms/iPhoneSimulator.platform/Developer/SDKs/iPhoneSimulator15.2.sdk
    builtin-swiftDriverJobExecution -- /Applications/Xcode.app/Contents/Developer/Toolchains/XcodeDefault.xctoolchain/usr/bin/swift-frontend -frontend -c -filelist /Users/sergejhlystov/Library/Developer/Xcode/DerivedData/ALADDIN-eahryzmutvtbyceygnlyjsmiiaha/Build/Intermediates.noindex/ALADDIN.build/Debug-iphonesimulator/ALADDIN.build/Objects-normal/x86_64/sources-1 -primary-file /Users/sergejhlystov/ALADDIN_NEW/ALADDIN_NEW/mobile_apps/ALADDIN_iOS/ViewModels/DrivingReportsViewModel.swift -primary-file /Users/sergejhlystov/ALADDIN_NEW/ALADDIN_NEW/mobile_apps/ALADDIN_iOS/Screens/08_ChildInterfaceScreen.swift -primary-file /Users/sergejhlystov/ALADDIN_NEW/ALADDIN_NEW/mobile_apps/ALADDIN_iOS/ContentView.swift -primary-file /Users/sergejhlystov/ALADDIN_NEW/ALADDIN_NEW/mobile_apps/ALADDIN_iOS/AppDelegate.swift -primary-file /Users/sergejhlystov/ALADDIN_NEW/ALADDIN_NEW/mobile_apps/ALADDIN_iOS/Shared/Components/UserSelectorView.swift -primary-file /Users/sergejhlystov/ALADDIN_NEW/ALADDIN_NEW/mobile_apps/ALADDIN_iOS/Screens/Views/VoiceControlView.swift -primary-file /Users/sergejhlystov/ALADDIN_NEW/ALADDIN_NEW/mobile_apps/ALADDIN_iOS/Components/Modals/AgeGroupSelectionModal.swift -primary-file /Users/sergejhlystov/ALADDIN_NEW/ALADDIN_NEW/mobile_apps/ALADDIN_iOS/ViewModels/ActivationCodeViewModel.swift -primary-file /Users/sergejhlystov/ALADDIN_NEW/ALADDIN_NEW/mobile_apps/ALADDIN_iOS/Shared/Components/Modals/MobileSecuritySettingsModal.swift -primary-file /Users/sergejhlystov/ALADDIN_NEW/ALADDIN_NEW/mobile_apps/ALADDIN_iOS/Shared/Components/Modals/IdentityTheftModal.swift -primary-file /Users/sergejhlystov/ALADDIN_NEW/ALADDIN_NEW/mobile_apps/ALADDIN_iOS/ViewModels/PrivacyReportsViewModel.swift -primary-file /Users/sergejhlystov/ALADDIN_NEW/ALADDIN_NEW/mobile_apps/ALADDIN_iOS/Components/TariffCardView.swift -primary-file /Users/sergejhlystov/ALADDIN_NEW/ALADDIN_NEW/mobile_apps/ALADDIN_iOS/ALADDINApp.swift -primary-file /Users/sergejhlystov/ALADDIN_NEW/ALADDIN_NEW/mobile_apps/ALADDIN_iOS/Core/ContentBlocker/ContentBlockerManager.swift -primary-file /Users/sergejhlystov/ALADDIN_NEW/ALADDIN_NEW/mobile_apps/ALADDIN_iOS/Shared/Components/Modals/PrivacyReportsModal.swift -primary-file /Users/sergejhlystov/ALADDIN_NEW/ALADDIN_NEW/mobile_apps/ALADDIN_iOS/Shared/Models/FunctionStatus.swift -primary-file /Users/sergejhlystov/ALADDIN_NEW/ALADDIN_NEW/mobile_apps/ALADDIN_iOS/Screens/26_ActivationCodeScreen.swift -primary-file /Users/sergejhlystov/ALADDIN_NEW/ALADDIN_NEW/mobile_apps/ALADDIN_iOS/ViewModels/MainViewModel.swift -primary-file /Users/sergejhlystov/ALADDIN_NEW/ALADDIN_NEW/mobile_apps/ALADDIN_iOS/Components/TariffCardSections.swift -primary-file /Users/sergejhlystov/ALADDIN_NEW/ALADDIN_NEW/mobile_apps/ALADDIN_iOS/Shared/Components/PositioningSystemPickerView.swift -primary-file /Users/sergejhlystov/ALADDIN_NEW/ALADDIN_NEW/mobile_apps/ALADDIN_iOS/Components/Modals/FamilyContentBlockModal.swift -primary-file /Users/sergejhlystov/ALADDIN_NEW/ALADDIN_NEW/mobile_apps/ALADDIN_iOS/Shared/Components/Modals/NetworkSecuritySettingsModal.swift -primary-file /Users/sergejhlystov/ALADDIN_NEW/ALADDIN_NEW/mobile_apps/ALADDIN_iOS/Shared/Components/Buttons/PrimaryButton.swift -primary-file /Users/sergejhlystov/ALADDIN_NEW/ALADDIN_NEW/mobile_apps/ALADDIN_iOS/Shared/Components/SecurityFeatureRow.swift -primary-file /Users/sergejhlystov/ALADDIN_NEW/ALADDIN_NEW/mobile_apps/ALADDIN_iOS/Screens/NotificationSettingsScreen.swift -supplementary-output-file-map /Users/sergejhlystov/Library/Developer/Xcode/DerivedData/ALADDIN-eahryzmutvtbyceygnlyjsmiiaha/Build/Intermediates.noindex/ALADDIN.build/Debug-iphonesimulator/ALADDIN.build/Objects-normal/x86_64/supplementaryOutputs-1 -target x86_64-apple-ios15.2-simulator -enable-objc-interop -sdk /Applications/Xcode.app/Contents/Developer/Platforms/iPhoneSimulator.platform/Developer/SDKs/iPhoneSimulator15.2.sdk -I /Users/sergejhlystov/Library/Developer/Xcode/DerivedData/ALADDIN-eahryzmutvtbyceygnlyjsmiiaha/Build/Products/Debug-iphonesimulator -F /Users/sergejhlystov/Library/Developer/Xcode/DerivedData/ALADDIN-eahryzmutvtbyceygnlyjsmiiaha/Build/Products/Debug-iphonesimulator -no-color-diagnostics -enable-testing -g -module-cache-path /Users/sergejhlystov/Library/Developer/Xcode/DerivedData/ModuleCache.noindex -emit-localized-strings -emit-localized-strings-path /Users/sergejhlystov/Library/Developer/Xcode/DerivedData/ALADDIN-eahryzmutvtbyceygnlyjsmiiaha/Build/Intermediates.noindex/ALADDIN.build/Debug-iphonesimulator/ALADDIN.build/Objects-normal/x86_64 -swift-version 5 -enforce-exclusivity\=checked -Onone -D DEBUG -serialize-debugging-options -Xcc -working-directory -Xcc /Users/sergejhlystov/ALADDIN_NEW/ALADDIN_NEW/mobile_apps/ALADDIN_iOS -resource-dir /Applications/Xcode.app/Contents/Developer/Toolchains/XcodeDefault.xctoolchain/usr/lib/swift -enable-anonymous-context-mangled-names -Xcc -I/Users/sergejhlystov/Library/Developer/Xcode/DerivedData/ALADDIN-eahryzmutvtbyceygnlyjsmiiaha/Build/Intermediates.noindex/ALADDIN.build/Debug-iphonesimulator/ALADDIN.build/swift-overrides.hmap -Xcc -iquote -Xcc /Users/sergejhlystov/Library/Developer/Xcode/DerivedData/ALADDIN-eahryzmutvtbyceygnlyjsmiiaha/Build/Intermediates.noindex/ALADDIN.build/Debug-iphonesimulator/ALADDIN.build/ALADDIN-generated-files.hmap -Xcc -I/Users/sergejhlystov/Library/Developer/Xcode/DerivedData/ALADDIN-eahryzmutvtbyceygnlyjsmiiaha/Build/Intermediates.noindex/ALADDIN.build/Debug-iphonesimulator/ALADDIN.build/ALADDIN-own-target-headers.hmap -Xcc -I/Users/sergejhlystov/Library/Developer/Xcode/DerivedData/ALADDIN-eahryzmutvtbyceygnlyjsmiiaha/Build/Intermediates.noindex/ALADDIN.build/Debug-iphonesimulator/ALADDIN.build/ALADDIN-all-target-headers.hmap -Xcc -iquote -Xcc /Users/sergejhlystov/Library/Developer/Xcode/DerivedData/ALADDIN-eahryzmutvtbyceygnlyjsmiiaha/Build/Intermediates.noindex/ALADDIN.build/Debug-iphonesimulator/ALADDIN.build/ALADDIN-project-headers.hmap -Xcc -I/Users/sergejhlystov/Library/Developer/Xcode/DerivedData/ALADDIN-eahryzmutvtbyceygnlyjsmiiaha/Build/Products/Debug-iphonesimulator/include -Xcc -I/Users/sergejhlystov/Library/Developer/Xcode/DerivedData/ALADDIN-eahryzmutvtbyceygnlyjsmiiaha/Build/Intermediates.noindex/ALADDIN.build/Debug-iphonesimulator/ALADDIN.build/DerivedSources-normal/x86_64 -Xcc -I/Users/sergejhlystov/Library/Developer/Xcode/DerivedData/ALADDIN-eahryzmutvtbyceygnlyjsmiiaha/Build/Intermediates.noindex/ALADDIN.build/Debug-iphonesimulator/ALADDIN.build/DerivedSources/x86_64 -Xcc -I/Users/sergejhlystov/Library/Developer/Xcode/DerivedData/ALADDIN-eahryzmutvtbyceygnlyjsmiiaha/Build/Intermediates.noindex/ALADDIN.build/Debug-iphonesimulator/ALADDIN.build/DerivedSources -Xcc -DDEBUG\=1 -module-name ALADDIN -target-sdk-version 15.2.0 -o /Users/sergejhlystov/Library/Developer/Xcode/DerivedData/ALADDIN-eahryzmutvtbyceygnlyjsmiiaha/Build/Intermediates.noindex/ALADDIN.build/Debug-iphonesimulator/ALADDIN.build/Objects-normal/x86_64/DrivingReportsViewModel.o -o /Users/sergejhlystov/Library/Developer/Xcode/DerivedData/ALADDIN-eahryzmutvtbyceygnlyjsmiiaha/Build/Intermediates.noindex/ALADDIN.build/Debug-iphonesimulator/ALADDIN.build/Objects-normal/x86_64/08_ChildInterfaceScreen.o -o /Users/sergejhlystov/Library/Developer/Xcode/DerivedData/ALADDIN-eahryzmutvtbyceygnlyjsmiiaha/Build/Intermediates.noindex/ALADDIN.build/Debug-iphonesimulator/ALADDIN.build/Objects-normal/x86_64/ContentView.o -o /Users/sergejhlystov/Library/Developer/Xcode/DerivedData/ALADDIN-eahryzmutvtbyceygnlyjsmiiaha/Build/Intermediates.noindex/ALADDIN.build/Debug-iphonesimulator/ALADDIN.build/Objects-normal/x86_64/AppDelegate.o -o /Users/sergejhlystov/Library/Developer/Xcode/DerivedData/ALADDIN-eahryzmutvtbyceygnlyjsmiiaha/Build/Intermediates.noindex/ALADDIN.build/Debug-iphonesimulator/ALADDIN.build/Objects-normal/x86_64/UserSelectorView.o -o /Users/sergejhlystov/Library/Developer/Xcode/DerivedData/ALADDIN-eahryzmutvtbyceygnlyjsmiiaha/Build/Intermediates.noindex/ALADDIN.build/Debug-iphonesimulator/ALADDIN.build/Objects-normal/x86_64/VoiceControlView.o -o /Users/sergejhlystov/Library/Developer/Xcode/DerivedData/ALADDIN-eahryzmutvtbyceygnlyjsmiiaha/Build/Intermediates.noindex/ALADDIN.build/Debug-iphonesimulator/ALADDIN.build/Objects-normal/x86_64/AgeGroupSelectionModal.o -o /Users/sergejhlystov/Library/Developer/Xcode/DerivedData/ALADDIN-eahryzmutvtbyceygnlyjsmiiaha/Build/Intermediates.noindex/ALADDIN.build/Debug-iphonesimulator/ALADDIN.build/Objects-normal/x86_64/ActivationCodeViewModel.o -o /Users/sergejhlystov/Library/Developer/Xcode/DerivedData/ALADDIN-eahryzmutvtbyceygnlyjsmiiaha/Build/Intermediates.noindex/ALADDIN.build/Debug-iphonesimulator/ALADDIN.build/Objects-normal/x86_64/MobileSecuritySettingsModal.o -o /Users/sergejhlystov/Library/Developer/Xcode/DerivedData/ALADDIN-eahryzmutvtbyceygnlyjsmiiaha/Build/Intermediates.noindex/ALADDIN.build/Debug-iphonesimulator/ALADDIN.build/Objects-normal/x86_64/IdentityTheftModal.o -o /Users/sergejhlystov/Library/Developer/Xcode/DerivedData/ALADDIN-eahryzmutvtbyceygnlyjsmiiaha/Build/Intermediates.noindex/ALADDIN.build/Debug-iphonesimulator/ALADDIN.build/Objects-normal/x86_64/PrivacyReportsViewModel.o -o /Users/sergejhlystov/Library/Developer/Xcode/DerivedData/ALADDIN-eahryzmutvtbyceygnlyjsmiiaha/Build/Intermediates.noindex/ALADDIN.build/Debug-iphonesimulator/ALADDIN.build/Objects-normal/x86_64/TariffCardView.o -o /Users/sergejhlystov/Library/Developer/Xcode/DerivedData/ALADDIN-eahryzmutvtbyceygnlyjsmiiaha/Build/Intermediates.noindex/ALADDIN.build/Debug-iphonesimulator/ALADDIN.build/Objects-normal/x86_64/ALADDINApp.o -o /Users/sergejhlystov/Library/Developer/Xcode/DerivedData/ALADDIN-eahryzmutvtbyceygnlyjsmiiaha/Build/Intermediates.noindex/ALADDIN.build/Debug-iphonesimulator/ALADDIN.build/Objects-normal/x86_64/ContentBlockerManager.o -o /Users/sergejhlystov/Library/Developer/Xcode/DerivedData/ALADDIN-eahryzmutvtbyceygnlyjsmiiaha/Build/Intermediates.noindex/ALADDIN.build/Debug-iphonesimulator/ALADDIN.build/Objects-normal/x86_64/PrivacyReportsModal.o -o /Users/sergejhlystov/Library/Developer/Xcode/DerivedData/ALADDIN-eahryzmutvtbyceygnlyjsmiiaha/Build/Intermediates.noindex/ALADDIN.build/Debug-iphonesimulator/ALADDIN.build/Objects-normal/x86_64/FunctionStatus.o -o /Users/sergejhlystov/Library/Developer/Xcode/DerivedData/ALADDIN-eahryzmutvtbyceygnlyjsmiiaha/Build/Intermediates.noindex/ALADDIN.build/Debug-iphonesimulator/ALADDIN.build/Objects-normal/x86_64/26_ActivationCodeScreen.o -o /Users/sergejhlystov/Library/Developer/Xcode/DerivedData/ALADDIN-eahryzmutvtbyceygnlyjsmiiaha/Build/Intermediates.noindex/ALADDIN.build/Debug-iphonesimulator/ALADDIN.build/Objects-normal/x86_64/MainViewModel.o -o /Users/sergejhlystov/Library/Developer/Xcode/DerivedData/ALADDIN-eahryzmutvtbyceygnlyjsmiiaha/Build/Intermediates.noindex/ALADDIN.build/Debug-iphonesimulator/ALADDIN.build/Objects-normal/x86_64/TariffCardSections.o -o /Users/sergejhlystov/Library/Developer/Xcode/DerivedData/ALADDIN-eahryzmutvtbyceygnlyjsmiiaha/Build/Intermediates.noindex/ALADDIN.build/Debug-iphonesimulator/ALADDIN.build/Objects-normal/x86_64/PositioningSystemPickerView.o -o /Users/sergejhlystov/Library/Developer/Xcode/DerivedData/ALADDIN-eahryzmutvtbyceygnlyjsmiiaha/Build/Intermediates.noindex/ALADDIN.build/Debug-iphonesimulator/ALADDIN.build/Objects-normal/x86_64/FamilyContentBlockModal.o -o /Users/sergejhlystov/Library/Developer/Xcode/DerivedData/ALADDIN-eahryzmutvtbyceygnlyjsmiiaha/Build/Intermediates.noindex/ALADDIN.build/Debug-iphonesimulator/ALADDIN.build/Objects-normal/x86_64/NetworkSecuritySettingsModal.o -o /Users/sergejhlystov/Library/Developer/Xcode/DerivedData/ALADDIN-eahryzmutvtbyceygnlyjsmiiaha/Build/Intermediates.noindex/ALADDIN.build/Debug-iphonesimulator/ALADDIN.build/Objects-normal/x86_64/PrimaryButton.o -o /Users/sergejhlystov/Library/Developer/Xcode/DerivedData/ALADDIN-eahryzmutvtbyceygnlyjsmiiaha/Build/Intermediates.noindex/ALADDIN.build/Debug-iphonesimulator/ALADDIN.build/Objects-normal/x86_64/SecurityFeatureRow.o -o /Users/sergejhlystov/Library/Developer/Xcode/DerivedData/ALADDIN-eahryzmutvtbyceygnlyjsmiiaha/Build/Intermediates.noindex/ALADDIN.build/Debug-iphonesimulator/ALADDIN.build/Objects-normal/x86_64/NotificationSettingsScreen.o -index-store-path /Users/sergejhlystov/Library/Developer/Xcode/DerivedData/ALADDIN-eahryzmutvtbyceygnlyjsmiiaha/Index/DataStore -index-system-modules

SwiftDriver\ Compilation ALADDIN normal x86_64 com.apple.xcode.tools.swift.compiler (in target 'ALADDIN' from project 'ALADDIN')
    cd /Users/sergejhlystov/ALADDIN_NEW/ALADDIN_NEW/mobile_apps/ALADDIN_iOS
    export DEVELOPER_DIR\=/Applications/Xcode.app/Contents/Developer
    export SDKROOT\=/Applications/Xcode.app/Contents/Developer/Platforms/iPhoneSimulator.platform/Developer/SDKs/iPhoneSimulator15.2.sdk
    builtin-Swift-Compilation -- /Applications/Xcode.app/Contents/Developer/Toolchains/XcodeDefault.xctoolchain/usr/bin/swiftc -incremental -module-name ALADDIN -Onone -enable-batch-mode -enforce-exclusivity\=checked @/Users/sergejhlystov/Library/Developer/Xcode/DerivedData/ALADDIN-eahryzmutvtbyceygnlyjsmiiaha/Build/Intermediates.noindex/ALADDIN.build/Debug-iphonesimulator/ALADDIN.build/Objects-normal/x86_64/ALADDIN.SwiftFileList -DDEBUG -sdk /Applications/Xcode.app/Contents/Developer/Platforms/iPhoneSimulator.platform/Developer/SDKs/iPhoneSimulator15.2.sdk -target x86_64-apple-ios15.2-simulator -g -module-cache-path /Users/sergejhlystov/Library/Developer/Xcode/DerivedData/ModuleCache.noindex -Xfrontend -serialize-debugging-options -enable-testing -index-store-path /Users/sergejhlystov/Library/Developer/Xcode/DerivedData/ALADDIN-eahryzmutvtbyceygnlyjsmiiaha/Index/DataStore -swift-version 5 -I /Users/sergejhlystov/Library/Developer/Xcode/DerivedData/ALADDIN-eahryzmutvtbyceygnlyjsmiiaha/Build/Products/Debug-iphonesimulator -F /Users/sergejhlystov/Library/Developer/Xcode/DerivedData/ALADDIN-eahryzmutvtbyceygnlyjsmiiaha/Build/Products/Debug-iphonesimulator -emit-localized-strings -emit-localized-strings-path /Users/sergejhlystov/Library/Developer/Xcode/DerivedData/ALADDIN-eahryzmutvtbyceygnlyjsmiiaha/Build/Intermediates.noindex/ALADDIN.build/Debug-iphonesimulator/ALADDIN.build/Objects-normal/x86_64 -c -j8 -output-file-map /Users/sergejhlystov/Library/Developer/Xcode/DerivedData/ALADDIN-eahryzmutvtbyceygnlyjsmiiaha/Build/Intermediates.noindex/ALADDIN.build/Debug-iphonesimulator/ALADDIN.build/Objects-normal/x86_64/ALADDIN-OutputFileMap.json -save-temps -no-color-diagnostics -serialize-diagnostics -emit-dependencies -emit-module -emit-module-path /Users/sergejhlystov/Library/Developer/Xcode/DerivedData/ALADDIN-eahryzmutvtbyceygnlyjsmiiaha/Build/Intermediates.noindex/ALADDIN.build/Debug-iphonesimulator/ALADDIN.build/Objects-normal/x86_64/ALADDIN.swiftmodule -Xcc -I/Users/sergejhlystov/Library/Developer/Xcode/DerivedData/ALADDIN-eahryzmutvtbyceygnlyjsmiiaha/Build/Intermediates.noindex/ALADDIN.build/Debug-iphonesimulator/ALADDIN.build/swift-overrides.hmap -Xcc -iquote -Xcc /Users/sergejhlystov/Library/Developer/Xcode/DerivedData/ALADDIN-eahryzmutvtbyceygnlyjsmiiaha/Build/Intermediates.noindex/ALADDIN.build/Debug-iphonesimulator/ALADDIN.build/ALADDIN-generated-files.hmap -Xcc -I/Users/sergejhlystov/Library/Developer/Xcode/DerivedData/ALADDIN-eahryzmutvtbyceygnlyjsmiiaha/Build/Intermediates.noindex/ALADDIN.build/Debug-iphonesimulator/ALADDIN.build/ALADDIN-own-target-headers.hmap -Xcc -I/Users/sergejhlystov/Library/Developer/Xcode/DerivedData/ALADDIN-eahryzmutvtbyceygnlyjsmiiaha/Build/Intermediates.noindex/ALADDIN.build/Debug-iphonesimulator/ALADDIN.build/ALADDIN-all-target-headers.hmap -Xcc -iquote -Xcc /Users/sergejhlystov/Library/Developer/Xcode/DerivedData/ALADDIN-eahryzmutvtbyceygnlyjsmiiaha/Build/Intermediates.noindex/ALADDIN.build/Debug-iphonesimulator/ALADDIN.build/ALADDIN-project-headers.hmap -Xcc -I/Users/sergejhlystov/Library/Developer/Xcode/DerivedData/ALADDIN-eahryzmutvtbyceygnlyjsmiiaha/Build/Products/Debug-iphonesimulator/include -Xcc -I/Users/sergejhlystov/Library/Developer/Xcode/DerivedData/ALADDIN-eahryzmutvtbyceygnlyjsmiiaha/Build/Intermediates.noindex/ALADDIN.build/Debug-iphonesimulator/ALADDIN.build/DerivedSources-normal/x86_64 -Xcc -I/Users/sergejhlystov/Library/Developer/Xcode/DerivedData/ALADDIN-eahryzmutvtbyceygnlyjsmiiaha/Build/Intermediates.noindex/ALADDIN.build/Debug-iphonesimulator/ALADDIN.build/DerivedSources/x86_64 -Xcc -I/Users/sergejhlystov/Library/Developer/Xcode/DerivedData/ALADDIN-eahryzmutvtbyceygnlyjsmiiaha/Build/Intermediates.noindex/ALADDIN.build/Debug-iphonesimulator/ALADDIN.build/DerivedSources -Xcc -DDEBUG\=1 -emit-objc-header -emit-objc-header-path /Users/sergejhlystov/Library/Developer/Xcode/DerivedData/ALADDIN-eahryzmutvtbyceygnlyjsmiiaha/Build/Intermediates.noindex/ALADDIN.build/Debug-iphonesimulator/ALADDIN.build/Objects-normal/x86_64/ALADDIN-Swift.h -working-directory /Users/sergejhlystov/ALADDIN_NEW/ALADDIN_NEW/mobile_apps/ALADDIN_iOS -experimental-emit-module-separately

Ld /Users/sergejhlystov/Library/Developer/Xcode/DerivedData/ALADDIN-eahryzmutvtbyceygnlyjsmiiaha/Build/Products/Debug-iphonesimulator/ALADDIN.app/ALADDIN normal (in target 'ALADDIN' from project 'ALADDIN')
    cd /Users/sergejhlystov/ALADDIN_NEW/ALADDIN_NEW/mobile_apps/ALADDIN_iOS
    /Applications/Xcode.app/Contents/Developer/Toolchains/XcodeDefault.xctoolchain/usr/bin/clang -target x86_64-apple-ios15.2-simulator -isysroot /Applications/Xcode.app/Contents/Developer/Platforms/iPhoneSimulator.platform/Developer/SDKs/iPhoneSimulator15.2.sdk -L/Users/sergejhlystov/Library/Developer/Xcode/DerivedData/ALADDIN-eahryzmutvtbyceygnlyjsmiiaha/Build/Products/Debug-iphonesimulator -F/Users/sergejhlystov/Library/Developer/Xcode/DerivedData/ALADDIN-eahryzmutvtbyceygnlyjsmiiaha/Build/Products/Debug-iphonesimulator -filelist /Users/sergejhlystov/Library/Developer/Xcode/DerivedData/ALADDIN-eahryzmutvtbyceygnlyjsmiiaha/Build/Intermediates.noindex/ALADDIN.build/Debug-iphonesimulator/ALADDIN.build/Objects-normal/x86_64/ALADDIN.LinkFileList -Xlinker -rpath -Xlinker @executable_path/Frameworks -dead_strip -Xlinker -object_path_lto -Xlinker /Users/sergejhlystov/Library/Developer/Xcode/DerivedData/ALADDIN-eahryzmutvtbyceygnlyjsmiiaha/Build/Intermediates.noindex/ALADDIN.build/Debug-iphonesimulator/ALADDIN.build/Objects-normal/x86_64/ALADDIN_lto.o -Xlinker -export_dynamic -Xlinker -no_deduplicate -Xlinker -objc_abi_version -Xlinker 2 -fobjc-link-runtime -L/Applications/Xcode.app/Contents/Developer/Toolchains/XcodeDefault.xctoolchain/usr/lib/swift/iphonesimulator -L/usr/lib/swift -Xlinker -add_ast_path -Xlinker /Users/sergejhlystov/Library/Developer/Xcode/DerivedData/ALADDIN-eahryzmutvtbyceygnlyjsmiiaha/Build/Intermediates.noindex/ALADDIN.build/Debug-iphonesimulator/ALADDIN.build/Objects-normal/x86_64/ALADDIN.swiftmodule -Xlinker -sectcreate -Xlinker __TEXT -Xlinker __entitlements -Xlinker /Users/sergejhlystov/Library/Developer/Xcode/DerivedData/ALADDIN-eahryzmutvtbyceygnlyjsmiiaha/Build/Intermediates.noindex/ALADDIN.build/Debug-iphonesimulator/ALADDIN.build/ALADDIN.app-Simulated.xcent -Xlinker -no_adhoc_codesign -Xlinker -dependency_info -Xlinker /Users/sergejhlystov/Library/Developer/Xcode/DerivedData/ALADDIN-eahryzmutvtbyceygnlyjsmiiaha/Build/Intermediates.noindex/ALADDIN.build/Debug-iphonesimulator/ALADDIN.build/Objects-normal/x86_64/ALADDIN_dependency_info.dat -o /Users/sergejhlystov/Library/Developer/Xcode/DerivedData/ALADDIN-eahryzmutvtbyceygnlyjsmiiaha/Build/Products/Debug-iphonesimulator/ALADDIN.app/ALADDIN

CpResource /Users/sergejhlystov/ALADDIN_NEW/ALADDIN_NEW/mobile_apps/ALADDIN_iOS/ALADDIN/Certificates/aladdin_cert_backup.cer /Users/sergejhlystov/Library/Developer/Xcode/DerivedData/ALADDIN-eahryzmutvtbyceygnlyjsmiiaha/Build/Products/Debug-iphonesimulator/ALADDIN.app/aladdin_cert_backup.cer (in target 'ALADDIN' from project 'ALADDIN')
    cd /Users/sergejhlystov/ALADDIN_NEW/ALADDIN_NEW/mobile_apps/ALADDIN_iOS
    builtin-copy -exclude .DS_Store -exclude CVS -exclude .svn -exclude .git -exclude .hg -resolve-src-symlinks /Users/sergejhlystov/ALADDIN_NEW/ALADDIN_NEW/mobile_apps/ALADDIN_iOS/ALADDIN/Certificates/aladdin_cert_backup.cer /Users/sergejhlystov/Library/Developer/Xcode/DerivedData/ALADDIN-eahryzmutvtbyceygnlyjsmiiaha/Build/Products/Debug-iphonesimulator/ALADDIN.app

CpResource /Users/sergejhlystov/ALADDIN_NEW/ALADDIN_NEW/mobile_apps/ALADDIN_iOS/ALADDIN/Certificates/aladdin_cert.cer /Users/sergejhlystov/Library/Developer/Xcode/DerivedData/ALADDIN-eahryzmutvtbyceygnlyjsmiiaha/Build/Products/Debug-iphonesimulator/ALADDIN.app/aladdin_cert.cer (in target 'ALADDIN' from project 'ALADDIN')
    cd /Users/sergejhlystov/ALADDIN_NEW/ALADDIN_NEW/mobile_apps/ALADDIN_iOS
    builtin-copy -exclude .DS_Store -exclude CVS -exclude .svn -exclude .git -exclude .hg -resolve-src-symlinks /Users/sergejhlystov/ALADDIN_NEW/ALADDIN_NEW/mobile_apps/ALADDIN_iOS/ALADDIN/Certificates/aladdin_cert.cer /Users/sergejhlystov/Library/Developer/Xcode/DerivedData/ALADDIN-eahryzmutvtbyceygnlyjsmiiaha/Build/Products/Debug-iphonesimulator/ALADDIN.app

CompileAssetCatalog /Users/sergejhlystov/Library/Developer/Xcode/DerivedData/ALADDIN-eahryzmutvtbyceygnlyjsmiiaha/Build/Products/Debug-iphonesimulator/ALADDIN.app /Users/sergejhlystov/ALADDIN_NEW/ALADDIN_NEW/mobile_apps/ALADDIN_iOS/Preview\ Content/Preview\ Assets.xcassets /Users/sergejhlystov/ALADDIN_NEW/ALADDIN_NEW/mobile_apps/ALADDIN_iOS/Assets.xcassets (in target 'ALADDIN' from project 'ALADDIN')
    cd /Users/sergejhlystov/ALADDIN_NEW/ALADDIN_NEW/mobile_apps/ALADDIN_iOS
    /Applications/Xcode.app/Contents/Developer/usr/bin/actool --output-format human-readable-text --notices --warnings --export-dependency-info /Users/sergejhlystov/Library/Developer/Xcode/DerivedData/ALADDIN-eahryzmutvtbyceygnlyjsmiiaha/Build/Intermediates.noindex/ALADDIN.build/Debug-iphonesimulator/ALADDIN.build/assetcatalog_dependencies --output-partial-info-plist /Users/sergejhlystov/Library/Developer/Xcode/DerivedData/ALADDIN-eahryzmutvtbyceygnlyjsmiiaha/Build/Intermediates.noindex/ALADDIN.build/Debug-iphonesimulator/ALADDIN.build/assetcatalog_generated_info.plist --app-icon AppIcon --accent-color AccentColor --compress-pngs --enable-on-demand-resources YES --filter-for-device-model iPhone12,5 --filter-for-device-os-version 15.2 --development-region en --target-device iphone --minimum-deployment-target 15.2 --platform iphonesimulator --compile /Users/sergejhlystov/Library/Developer/Xcode/DerivedData/ALADDIN-eahryzmutvtbyceygnlyjsmiiaha/Build/Products/Debug-iphonesimulator/ALADDIN.app /Users/sergejhlystov/ALADDIN_NEW/ALADDIN_NEW/mobile_apps/ALADDIN_iOS/Preview\ Content/Preview\ Assets.xcassets /Users/sergejhlystov/ALADDIN_NEW/ALADDIN_NEW/mobile_apps/ALADDIN_iOS/Assets.xcassets
2026-02-13 00:00:39.392 ibtoold[67600:5610146] DEBUG: Added to environment: {
    TMPDIR = "/var/folders/rf/6rxcyql17sz57_02ng7jd7pr0000gn/T/7039B4E6-44B6-46FC-994B-83C3562EA0A9";
}
/* com.apple.actool.document.warnings */
/Users/sergejhlystov/ALADDIN_NEW/ALADDIN_NEW/mobile_apps/ALADDIN_iOS/Assets.xcassets:./AppIcon.appiconset/(null)[2d][ALADDIN_icon_1024.jpg]: warning: The app icon set "AppIcon" has an unassigned child.
/Users/sergejhlystov/ALADDIN_NEW/ALADDIN_NEW/mobile_apps/ALADDIN_iOS/Assets.xcassets:./AppIcon.appiconset/(null)[2d][ALADDIN_icon_1024.jpg]: warning: The app icon set "AppIcon" has an unassigned child.
/* com.apple.actool.compilation-results */
/Users/sergejhlystov/Library/Developer/Xcode/DerivedData/ALADDIN-eahryzmutvtbyceygnlyjsmiiaha/Build/Intermediates.noindex/ALADDIN.build/Debug-iphonesimulator/ALADDIN.build/assetcatalog_generated_info.plist
/Users/sergejhlystov/Library/Developer/Xcode/DerivedData/ALADDIN-eahryzmutvtbyceygnlyjsmiiaha/Build/Products/Debug-iphonesimulator/ALADDIN.app/AppIcon60x60@2x.png
/Users/sergejhlystov/Library/Developer/Xcode/DerivedData/ALADDIN-eahryzmutvtbyceygnlyjsmiiaha/Build/Products/Debug-iphonesimulator/ALADDIN.app/AppIcon76x76@2x~ipad.png
/Users/sergejhlystov/Library/Developer/Xcode/DerivedData/ALADDIN-eahryzmutvtbyceygnlyjsmiiaha/Build/Products/Debug-iphonesimulator/ALADDIN.app/Assets.car


ProcessInfoPlistFile /Users/sergejhlystov/Library/Developer/Xcode/DerivedData/ALADDIN-eahryzmutvtbyceygnlyjsmiiaha/Build/Products/Debug-iphonesimulator/ALADDIN.app/Info.plist /Users/sergejhlystov/ALADDIN_NEW/ALADDIN_NEW/mobile_apps/ALADDIN_iOS/Info.plist (in target 'ALADDIN' from project 'ALADDIN')
    cd /Users/sergejhlystov/ALADDIN_NEW/ALADDIN_NEW/mobile_apps/ALADDIN_iOS
    builtin-infoPlistUtility /Users/sergejhlystov/ALADDIN_NEW/ALADDIN_NEW/mobile_apps/ALADDIN_iOS/Info.plist -producttype com.apple.product-type.application -genpkginfo /Users/sergejhlystov/Library/Developer/Xcode/DerivedData/ALADDIN-eahryzmutvtbyceygnlyjsmiiaha/Build/Products/Debug-iphonesimulator/ALADDIN.app/PkgInfo -expandbuildsettings -format binary -platform iphonesimulator -additionalcontentfile /Users/sergejhlystov/Library/Developer/Xcode/DerivedData/ALADDIN-eahryzmutvtbyceygnlyjsmiiaha/Build/Intermediates.noindex/ALADDIN.build/Debug-iphonesimulator/ALADDIN.build/assetcatalog_generated_info.plist -o /Users/sergejhlystov/Library/Developer/Xcode/DerivedData/ALADDIN-eahryzmutvtbyceygnlyjsmiiaha/Build/Products/Debug-iphonesimulator/ALADDIN.app/Info.plist

PBXCp /Users/sergejhlystov/Library/Developer/Xcode/DerivedData/ALADDIN-eahryzmutvtbyceygnlyjsmiiaha/Build/Products/Debug-iphonesimulator/ALADDINContentBlocker.appex /Users/sergejhlystov/Library/Developer/Xcode/DerivedData/ALADDIN-eahryzmutvtbyceygnlyjsmiiaha/Build/Products/Debug-iphonesimulator/ALADDIN.app/PlugIns/ALADDINContentBlocker.appex (in target 'ALADDIN' from project 'ALADDIN')
    cd /Users/sergejhlystov/ALADDIN_NEW/ALADDIN_NEW/mobile_apps/ALADDIN_iOS
    builtin-copy -exclude .DS_Store -exclude CVS -exclude .svn -exclude .git -exclude .hg -exclude Headers -exclude PrivateHeaders -exclude Modules -exclude \*.tbd -resolve-src-symlinks /Users/sergejhlystov/Library/Developer/Xcode/DerivedData/ALADDIN-eahryzmutvtbyceygnlyjsmiiaha/Build/Products/Debug-iphonesimulator/ALADDINContentBlocker.appex /Users/sergejhlystov/Library/Developer/Xcode/DerivedData/ALADDIN-eahryzmutvtbyceygnlyjsmiiaha/Build/Products/Debug-iphonesimulator/ALADDIN.app/PlugIns

CopySwiftLibs /Users/sergejhlystov/Library/Developer/Xcode/DerivedData/ALADDIN-eahryzmutvtbyceygnlyjsmiiaha/Build/Products/Debug-iphonesimulator/ALADDIN.app (in target 'ALADDIN' from project 'ALADDIN')
    cd /Users/sergejhlystov/ALADDIN_NEW/ALADDIN_NEW/mobile_apps/ALADDIN_iOS
    export CODESIGN_ALLOCATE\=/Applications/Xcode.app/Contents/Developer/Toolchains/XcodeDefault.xctoolchain/usr/bin/codesign_allocate
    export DEVELOPER_DIR\=/Applications/Xcode.app/Contents/Developer
    export SDKROOT\=/Applications/Xcode.app/Contents/Developer/Platforms/iPhoneSimulator.platform/Developer/SDKs/iPhoneSimulator15.2.sdk
    builtin-swiftStdLibTool --copy --verbose --sign - --scan-executable /Users/sergejhlystov/Library/Developer/Xcode/DerivedData/ALADDIN-eahryzmutvtbyceygnlyjsmiiaha/Build/Products/Debug-iphonesimulator/ALADDIN.app/ALADDIN --scan-folder /Users/sergejhlystov/Library/Developer/Xcode/DerivedData/ALADDIN-eahryzmutvtbyceygnlyjsmiiaha/Build/Products/Debug-iphonesimulator/ALADDIN.app/Frameworks --scan-folder /Users/sergejhlystov/Library/Developer/Xcode/DerivedData/ALADDIN-eahryzmutvtbyceygnlyjsmiiaha/Build/Products/Debug-iphonesimulator/ALADDIN.app/PlugIns --platform iphonesimulator --toolchain /Applications/Xcode.app/Contents/Developer/Toolchains/XcodeDefault.xctoolchain --destination /Users/sergejhlystov/Library/Developer/Xcode/DerivedData/ALADDIN-eahryzmutvtbyceygnlyjsmiiaha/Build/Products/Debug-iphonesimulator/ALADDIN.app/Frameworks --strip-bitcode --strip-bitcode-tool /Applications/Xcode.app/Contents/Developer/Toolchains/XcodeDefault.xctoolchain/usr/bin/bitcode_strip --emit-dependency-info /Users/sergejhlystov/Library/Developer/Xcode/DerivedData/ALADDIN-eahryzmutvtbyceygnlyjsmiiaha/Build/Intermediates.noindex/ALADDIN.build/Debug-iphonesimulator/ALADDIN.build/SwiftStdLibToolInputDependencies.dep --filter-for-swift-os

CodeSign /Users/sergejhlystov/Library/Developer/Xcode/DerivedData/ALADDIN-eahryzmutvtbyceygnlyjsmiiaha/Build/Products/Debug-iphonesimulator/ALADDIN.app (in target 'ALADDIN' from project 'ALADDIN')
    cd /Users/sergejhlystov/ALADDIN_NEW/ALADDIN_NEW/mobile_apps/ALADDIN_iOS
    export CODESIGN_ALLOCATE\=/Applications/Xcode.app/Contents/Developer/Toolchains/XcodeDefault.xctoolchain/usr/bin/codesign_allocate
    
    Signing Identity:     "-"
    
    /usr/bin/codesign --force --sign - --entitlements /Users/sergejhlystov/Library/Developer/Xcode/DerivedData/ALADDIN-eahryzmutvtbyceygnlyjsmiiaha/Build/Intermediates.noindex/ALADDIN.build/Debug-iphonesimulator/ALADDIN.build/ALADDIN.app.xcent --timestamp\=none --generate-entitlement-der /Users/sergejhlystov/Library/Developer/Xcode/DerivedData/ALADDIN-eahryzmutvtbyceygnlyjsmiiaha/Build/Products/Debug-iphonesimulator/ALADDIN.app

ValidateEmbeddedBinary /Users/sergejhlystov/Library/Developer/Xcode/DerivedData/ALADDIN-eahryzmutvtbyceygnlyjsmiiaha/Build/Products/Debug-iphonesimulator/ALADDIN.app/PlugIns/ALADDINContentBlocker.appex (in target 'ALADDIN' from project 'ALADDIN')
    cd /Users/sergejhlystov/ALADDIN_NEW/ALADDIN_NEW/mobile_apps/ALADDIN_iOS
    /Applications/Xcode.app/Contents/Developer/usr/bin/embeddedBinaryValidationUtility /Users/sergejhlystov/Library/Developer/Xcode/DerivedData/ALADDIN-eahryzmutvtbyceygnlyjsmiiaha/Build/Products/Debug-iphonesimulator/ALADDIN.app/PlugIns/ALADDINContentBlocker.appex -signing-cert - -info-plist-path /Users/sergejhlystov/Library/Developer/Xcode/DerivedData/ALADDIN-eahryzmutvtbyceygnlyjsmiiaha/Build/Products/Debug-iphonesimulator/ALADDIN.app/Info.plist

RegisterExecutionPolicyException /Users/sergejhlystov/Library/Developer/Xcode/DerivedData/ALADDIN-eahryzmutvtbyceygnlyjsmiiaha/Build/Products/Debug-iphonesimulator/ALADDIN.app (in target 'ALADDIN' from project 'ALADDIN')
    cd /Users/sergejhlystov/ALADDIN_NEW/ALADDIN_NEW/mobile_apps/ALADDIN_iOS
    builtin-RegisterExecutionPolicyException /Users/sergejhlystov/Library/Developer/Xcode/DerivedData/ALADDIN-eahryzmutvtbyceygnlyjsmiiaha/Build/Products/Debug-iphonesimulator/ALADDIN.app

Touch /Users/sergejhlystov/Library/Developer/Xcode/DerivedData/ALADDIN-eahryzmutvtbyceygnlyjsmiiaha/Build/Products/Debug-iphonesimulator/ALADDIN.app (in target 'ALADDIN' from project 'ALADDIN')
    cd /Users/sergejhlystov/ALADDIN_NEW/ALADDIN_NEW/mobile_apps/ALADDIN_iOS
    /usr/bin/touch -c /Users/sergejhlystov/Library/Developer/Xcode/DerivedData/ALADDIN-eahryzmutvtbyceygnlyjsmiiaha/Build/Products/Debug-iphonesimulator/ALADDIN.app

** BUILD SUCCEEDED **

